CONNECTED(00000003)
>>> TLS 1.0, RecordHeader [length 0005]
    16 03 01 00 d6
>>> TLS 1.3, Handshake [length 00d6], ClientHello
    01 00 00 d2 03 03 88 c6 ce e6 d4 22 ab 0c 28 03
    8b e0 50 be 5a 14 14 cf 53 b7 1a b5 ad f9 4e b6
    54 8d b9 ca 98 97 20 d6 8c 05 e5 f8 49 df 7e ab
    d6 b1 25 fe ed 35 75 b6 da 55 b1 e6 f6 bd a5 31
    9c 81 a6 51 7b 72 fb 00 06 13 02 13 03 13 01 01
    00 00 83 00 0b 00 04 03 00 01 02 00 0a 00 06 00
    04 00 1d 11 ec 00 23 00 00 00 16 00 00 00 17 00
    00 00 0d 00 2a 00 28 09 05 09 06 09 04 04 03 05
    03 06 03 08 07 08 08 08 1a 08 1b 08 1c 08 09 08
    0a 08 0b 08 04 08 05 08 06 04 01 05 01 06 01 00
    2b 00 03 02 03 04 00 2d 00 02 01 01 00 33 00 26
    00 24 00 1d 00 20 d4 2c db c5 4a d9 28 6b c7 f7
    f4 e3 2a aa c2 06 91 a0 e5 c8 38 4f 8a f8 33 e0
    09 77 0d f5 93 28
<<< TLS 1.2, RecordHeader [length 0005]
    16 03 03 00 58
<<< TLS 1.3, Handshake [length 0058], ServerHello
    02 00 00 54 03 03 cf 21 ad 74 e5 9a 61 11 be 1d
    8c 02 1e 65 b8 91 c2 a2 11 16 7a bb 8c 5e 07 9e
    09 e2 c8 a8 33 9c 20 d6 8c 05 e5 f8 49 df 7e ab
    d6 b1 25 fe ed 35 75 b6 da 55 b1 e6 f6 bd a5 31
    9c 81 a6 51 7b 72 fb 13 02 00 00 0c 00 2b 00 02
    03 04 00 33 00 02 11 ec
>>> TLS 1.2, RecordHeader [length 0005]
    14 03 03 00 01
>>> TLS 1.3, ChangeCipherSpec [length 0001]
    01
>>> TLS 1.2, RecordHeader [length 0005]
    16 03 03 05 76
>>> TLS 1.3, Handshake [length 0576], ClientHello
    01 00 05 72 03 03 88 c6 ce e6 d4 22 ab 0c 28 03
    8b e0 50 be 5a 14 14 cf 53 b7 1a b5 ad f9 4e b6
    54 8d b9 ca 98 97 20 d6 8c 05 e5 f8 49 df 7e ab
    d6 b1 25 fe ed 35 75 b6 da 55 b1 e6 f6 bd a5 31
    9c 81 a6 51 7b 72 fb 00 06 13 02 13 03 13 01 01
    00 05 23 00 0b 00 04 03 00 01 02 00 0a 00 06 00
    04 00 1d 11 ec 00 23 00 00 00 16 00 00 00 17 00
    00 00 0d 00 2a 00 28 09 05 09 06 09 04 04 03 05
    03 06 03 08 07 08 08 08 1a 08 1b 08 1c 08 09 08
    0a 08 0b 08 04 08 05 08 06 04 01 05 01 06 01 00
    2b 00 03 02 03 04 00 2d 00 02 01 01 00 33 04 c6
    04 c4 11 ec 04 c0 f9 59 41 f2 33 0f aa c9 68 69
    c1 8b 21 04 90 3a 44 8d 99 82 0c f6 ab c3 df 17
    b2 d5 8c 1f fb ab 1f 37 66 a3 f2 d9 39 c0 96 7f
    05 a9 ae 71 a7 a5 24 d5 cf cf e0 5f 6b 24 ca d7
    93 33 2c 38 76 73 72 c6 d3 18 70 ba 04 c9 39 37
    03 bb 39 a3 ae 45 ac f6 5b 9d ac 37 75 63 60 c8
    06 82 0b 46 ea a1 e6 34 ba 99 e1 ab 35 35 36 68
    94 29 74 7c 2d 16 a5 a0 55 63 47 27 34 97 54 82
    7c c8 5c 69 db 86 c4 9b 53 60 07 81 38 7f 55 2b
    b1 90 3b 76 58 55 4d 23 0e 87 f4 bc 7f 19 31 7c
    e8 1e 25 d5 8f 87 22 25 56 56 40 bc 22 23 92 82
    9d 02 8a 4b 1e 82 47 04 dc 3e 3d f1 75 25 4a 9c
    ea 65 04 35 3c 6d 85 c3 87 c9 a4 0f 1f 05 8a bc
    e3 6e be 55 3b bc c8 14 aa 00 16 67 e6 a9 94 68
    16 f0 8c cd f5 11 8c 23 17 28 ff b2 4b ba f4 44
    1b 11 9d 36 42 b3 cf 71 22 73 6c 94 1d 70 5a e2
    c2 c6 50 b6 4f 40 59 5e 4c 1b 89 dd 5a 4c f2 ea
    24 ff e6 48 45 a2 23 51 76 87 ce 65 0c 99 45 1f
    74 b6 cf 88 b6 26 e1 94 b3 a2 c8 a8 f4 e1 26 e1
    88 b6 ae 35 cd 75 07 8b f7 8a 56 48 88 83 c2 fa
    bb 30 ab 8f dd 78 8a ab 8c 00 ae 43 20 7a b7 b6
    38 47 bf 95 d7 17 eb 75 11 55 a0 48 c4 25 77 9f
    76 2a 8f 30 b8 bc 9b 4e 44 46 63 a5 2b 84 db 6a
    0b 92 6b 38 e1 b6 c3 81 29 cd 75 e9 ba 8a ab 4b
    57 13 ce 9a 72 89 24 38 42 22 7c c8 bf 85 89 81
    48 53 a6 96 cb 27 24 34 26 b0 23 b1 fa 63 6d 36
    7b d6 c5 ae 89 b1 3a 5c 27 6f 66 45 bf ee 04 5a
    7e f5 51 0e b3 b7 58 06 cb 3b a4 97 c9 56 85 2f
    a9 6e 28 36 3c 0c f4 9f 26 cc 84 91 6b 60 fe 91
    ce 98 92 c5 0b 01 7f f6 d2 48 1d 25 ce dc 39 8c
    30 01 7d 11 31 2d a9 e3 af 45 81 97 c8 d7 34 e0
    95 90 1d d5 36 ea 3c 58 82 67 3d c7 48 c0 19 a3
    0d 98 63 48 1d 69 9e e8 b8 ba 3c d5 b2 77 c5 4c
    81 e3 01 f4 d3 32 3d 86 27 e8 7a 9a e7 f7 0a 86
    0c 9b 04 b5 24 fb 7c 16 b7 e7 99 3f d9 03 98 36
    67 02 a5 5d 1d ba c2 21 fa 41 05 5a 34 78 2c 6f
    f7 82 55 18 08 a6 49 d1 a3 42 e4 0f 4a fc 0c 4e
    16 6a b6 d8 77 62 1c 6e 70 e4 93 57 01 44 41 7c
    81 2e c2 1d 8b 35 ab 93 5b 7c e3 95 af 8e a0 43
    97 35 ba e6 71 c5 c5 0b bb 9d 26 9e fa a7 75 36
    75 b5 0a 3b 77 70 04 97 e2 ca 5b 76 d7 1b 45 98
    58 fc 01 43 eb ac 10 c2 0b a2 23 51 6a 19 11 8c
    d4 1c b0 08 10 3a 93 54 02 1f a8 c3 3f a4 b4 4d
    25 c6 44 58 37 d2 da 01 29 17 c4 9d c4 81 b0 44
    9f e8 bc b2 a0 20 8e 53 9a 9d b8 c6 69 4d 4b 2c
    25 71 2a 37 40 34 c1 46 0b a0 08 83 fb 4a 5b 2d
    55 ad 10 08 68 a6 20 31 08 a1 29 dd 04 85 b0 c5
    ac 5e 01 14 9d a7 67 f5 95 ac 7e f6 8d d3 fb 80
    13 56 1b 6b 75 b2 70 1b 66 60 50 b7 fc 1c 26 fa
    69 a6 8b 77 b0 57 e1 90 ad 28 42 77 ca 10 e5 18
    c7 aa 00 6d 18 22 ce 84 41 b2 34 a1 52 b2 6b 98
    9a 71 95 ab 52 bf d0 c4 77 ce 41 00 7b 80 b6 94
    59 bf 80 e8 2c 85 e6 32 38 35 93 06 d0 50 e0 b3
    52 9f b6 1b 1e d9 82 fe e4 70 e2 90 28 9c e1 31
    0f bb 2b 49 72 67 2f 0a 91 1b 5c 9e ae c6 c6 e4
    a1 aa ee 41 b2 a0 d2 9b ea 35 b2 5e c0 4d de 77
    b0 39 6b 25 70 c5 57 2a 15 6e f4 c4 86 e6 e7 3a
    ab 03 01 be ab c0 85 99 4a 57 83 66 6d e9 98 66
    e6 a7 66 39 1a 28 34 86 12 d7 0d b1 7b 0c f9 29
    99 d2 f2 46 76 71 99 41 b9 bc 37 6c 6c 4f 61 8d
    97 92 5c 00 b1 3f da f0 b2 3b b0 82 5d 88 09 c3
    60 6a 2e 33 3c d5 d7 06 c3 d3 81 d4 55 2e e9 23
    9f d2 36 44 e7 d6 9e 58 9b 6b 6d 05 87 e8 63 12
    f8 19 9e ef da b5 87 19 0a 44 03 cb 4a 20 1e 9f
    55 62 cd 9a a7 2c 9b 07 e8 08 0e 01 78 bb 11 b7
    7e e4 a2 2d 40 3c 67 3c b8 07 26 46 c4 5e b1 28
    b8 00 0f 9a bc 46 da c5 18 a7 99 70 0c 95 6c 81
    d2 5a fc 72 90 06 e8 a3 15 81 bf a4 11 aa 71 57
    49 12 e0 64 1f b9 c4 1e d2 46 af 21 0e e0 fa cd
    68 eb b6 10 45 8b fb ab a5 3e 5a 74 00 03 1d d8
    f0 b7 75 88 4b 21 0b 12 19 38 63 d5 91 5c 78 fb
    57 33 53 92 6d 58 42 48 f6 b9 e0 93 0b 6c 9b 1c
    0c 33 b9 5a 09 6d 73 39 8e be 1c 00 59 d1 d0 61
    6b 8d 5d 6a d9 07 02 1d 88 de 4c d0 06 82 7f e0
    a4 a5 f6 15 32 d2 00 76 f3 6e 52 7d dd f7 cf ca
    18 c1 fb cf 40 37 8c ce 10 83 f5 14 fd 96 97 aa
    b7 f4 98 3c a6 7f
<<< TLS 1.2, RecordHeader [length 0005]
    14 03 03 00 01
<<< TLS 1.3, ChangeCipherSpec [length 0001]
    01
<<< TLS 1.2, RecordHeader [length 0005]
    16 03 03 04 ba
<<< TLS 1.3, Handshake [length 04ba], ServerHello
    02 00 04 b6 03 03 2c d3 cb 67 44 ce 91 80 55 cc
    92 c5 27 31 e3 f5 af d9 cf b0 52 2a 62 a2 12 c0
    90 da f1 ce 33 54 20 d6 8c 05 e5 f8 49 df 7e ab
    d6 b1 25 fe ed 35 75 b6 da 55 b1 e6 f6 bd a5 31
    9c 81 a6 51 7b 72 fb 13 02 00 04 6e 00 2b 00 02
    03 04 00 33 04 64 11 ec 04 60 86 a2 06 f5 a4 6e
    bf 7b 70 3e d8 d0 33 bf 2d 83 3d 6f ee 8b 4d c2
    76 02 c6 68 9b ec 28 e2 f3 f6 82 a3 af 2c a0 40
    b5 ed 34 fa 1e 08 06 8f d0 19 b4 c9 bc d3 59 fa
    1c 8c 77 72 2d 14 9b 70 3a 04 3c db f3 22 96 87
    d6 87 ad 70 41 24 d3 22 2e 06 a9 72 e3 53 a1 ee
    6f fa 53 22 97 d2 bf 22 68 7f 5a 6e 58 86 35 b5
    d9 5d 2a 61 10 bc 25 d0 37 3f 2e 8b f4 c6 78 ba
    57 33 6c d9 f0 74 57 c3 6b cb a4 60 d8 a3 07 f3
    4e 64 53 88 24 f5 a0 3b 7a f1 8e 14 d5 41 46 9a
    06 d7 96 d1 79 d6 46 78 ad b0 6c fd 62 51 a0 19
    b3 83 11 7a c2 0a 89 0d 9b 6b 0c 3a a5 2d 59 ad
    96 aa 0f b8 b6 a3 11 64 55 a2 a3 e0 98 4a 36 5d
    85 e3 0c 21 52 94 7d 30 ab 04 08 47 33 82 0d a9
    d5 5c 67 d4 f2 c2 f9 4b c6 90 6d 56 c8 b2 a4 9d
    a5 4c 8d de 78 77 d8 58 08 d7 3b a7 82 3f 6c 55
    f0 cd 65 41 45 ee 68 1e 56 5e b1 fb 18 b6 88 cf
    66 81 8d e3 56 f0 8e 7e a1 94 9a 4f 5d 67 dd 66
    97 02 00 46 50 9f d5 cd ec 2b c0 0d da fc 66 db
    f0 ab 48 8e 0f 5d 14 95 ed 80 57 52 93 81 63 42
    97 ff 3b a5 ca 0d 03 f6 2f 12 91 d1 bd fc aa 10
    e6 c5 ca 2c f2 6f 94 09 61 d9 d7 8a c7 37 97 2c
    ea 1c eb 4d 0f 79 b1 26 95 81 48 e4 16 41 16 99
    c9 07 dd b3 db 75 6b 08 be be b3 c5 13 8d 41 d2
    73 ca 2b 61 6d 20 19 e6 79 a8 24 09 68 b1 cd 05
    9f f4 a0 b1 d5 9a e5 27 b9 da 63 be ab fc 31 5d
    38 47 6c c4 0f 5c 8f 9b 6e 4d 1d 44 db 19 d6 aa
    92 41 da e3 02 b5 14 76 7a a2 bb d4 e4 75 3a 6a
    c8 c6 26 52 74 ef c1 ec 03 5c 4d e9 1e b5 23 c5
    12 65 dc 23 e4 3a fe d9 b7 15 df b8 b5 88 af bb
    f4 e2 57 4b 14 b4 a5 21 31 cf 11 cc 13 0f 20 33
    22 cf 82 34 a1 14 c9 e5 f3 a1 90 0b b6 e4 8c 17
    d9 34 4f 58 5f c4 59 ef 22 13 5a 38 92 ea da ef
    9d 74 8b 7e 84 6e 44 fa 86 38 1c 7d 1c da 74 b6
    79 87 54 ab 16 92 7d 0e 66 21 7f 69 0e 81 ac e3
    44 95 0a 32 10 01 0b 50 e7 4c 54 6a a4 41 dd 65
    b9 01 54 8d a4 bc 7f c4 c9 23 5f a8 15 2f cb d2
    3c ea ef b8 af 21 cb c4 a6 89 74 bd 09 54 14 78
    b5 fb 87 f1 08 4e bb 9a 04 c3 e4 ec b5 13 8c 4a
    31 71 50 b8 b2 23 ef f2 0a b3 14 46 99 3c 93 73
    23 ad 5a 14 fe 36 f4 1e 66 f7 e6 24 35 41 e1 b9
    55 72 01 6d 1f cb 67 b0 d7 9b 9a 39 cf 24 f4 99
    a0 67 12 74 64 9f bb 42 82 e8 0a 46 37 77 c5 ee
    18 54 54 86 36 68 5b 78 45 af 6f 67 18 46 4e 7c
    31 74 72 1b db 66 a6 fb a9 f9 0a a9 ad 22 ca b3
    ef 0c 7d ae 3d 97 80 fc f7 51 c0 84 3b 51 3b c6
    ef cf 52 ed 27 18 47 aa 9a 8c a1 af 17 39 83 46
    28 f0 83 6c d9 60 f0 f0 54 11 20 6b 5b d8 4d fb
    e8 02 f8 d6 8b 23 c9 01 b8 8c 0d 90 bf 90 8a d5
    f7 7a 2b 05 8b 01 05 2b a1 be 2d b4 91 88 fa 21
    12 23 65 b3 49 b3 e6 b2 4c cb 7e 0f 3c 10 84 18
    47 84 59 a1 2e 59 00 e8 11 32 4a be c5 7f d7 43
    d8 ca ae 54 28 13 28 a8 b6 9f 4c 5a 92 51 6f 5c
    03 80 42 ca 6f 52 e9 99 a5 c0 fd d3 ee 38 4c b0
    18 df 16 af ab 7a a7 7a 9a 89 d3 41 10 4c 8a ee
    ff f8 e4 b4 ed a4 ed 1b 7c 5a b1 48 9f 39 2f e5
    88 97 8c 42 43 4f 17 a5 13 7e 2f d0 11 7c a7 ec
    24 b5 40 6e f0 16 cb 1a e8 4d 08 81 43 d1 82 ef
    1c 99 ac 79 06 96 90 3c ba 03 3f d9 43 f7 61 c2
    53 bc e5 4a f7 29 a6 c2 8d 6c bb f0 bb 35 6f 7f
    97 a6 f1 d6 13 2a 60 5c 4f cf e2 96 98 eb 0c 21
    d5 20 4f a5 8f ff e7 75 a0 fd c7 09 77 f5 2c 52
    0c 6a 05 0d 8d a1 53 34 73 7f bf b1 4b 46 8d 10
    f5 db 93 47 4a 6c 4b c4 8d a7 91 f2 f0 62 70 c7
    30 c3 8a a2 1f 05 40 42 58 a0 ad 82 18 5e 75 43
    9e 28 57 7d f2 6d b3 e4 7c f1 b5 f2 17 57 44 68
    44 cd 95 a8 46 55 c3 b2 97 e2 7e 9d 30 b6 c4 b9
    b3 24 96 ac ed 71 d3 fc 39 ac da f1 f6 11 0c 97
    84 79 24 29 47 4b da e9 47 13 e1 0a b6 a0 99 4f
    9f 27 29 14 82 b1 8a b2 03 10 a3 06 5d 99 5e 1f
    54 4e 36 70 54 0e 9b cb 2c 5a
<<< TLS 1.2, RecordHeader [length 0005]
    17 03 03 00 17
<<< TLS 1.3, InnerContent [length 0001]
    16
<<< TLS 1.3, Handshake [length 0006], EncryptedExtensions
    08 00 00 02 00 00
<<< TLS 1.2, RecordHeader [length 0005]
    17 03 03 03 47
<<< TLS 1.3, InnerContent [length 0001]
    16
<<< TLS 1.3, Handshake [length 0336], Certificate
    0b 00 03 32 00 00 03 2e 00 03 29 30 82 03 25 30
    82 02 0d a0 03 02 01 02 02 01 02 30 0d 06 09 2a
    86 48 86 f7 0d 01 01 0b 05 00 30 12 31 10 30 0e
    06 03 55 04 03 0c 07 52 6f 6f 74 20 43 41 30 20
    17 0d 31 36 30 31 31 34 32 32 32 39 34 36 5a 18
    0f 32 31 31 36 30 31 31 35 32 32 32 39 34 36 5a
    30 19 31 17 30 15 06 03 55 04 03 0c 0e 73 65 72
    76 65 72 2e 65 78 61 6d 70 6c 65 30 82 01 22 30
    0d 06 09 2a 86 48 86 f7 0d 01 01 01 05 00 03 82
    01 0f 00 30 82 01 0a 02 82 01 01 00 d5 5d 60 6a
    df fc 61 ee 48 aa 8c 11 48 43 a5 6d b6 52 5d aa
    98 49 b1 61 92 35 b1 fc 3a 04 25 0c 6d 79 ff b4
    d5 c9 e9 5c 1c 3b e0 ab b3 b8 7d a3 de 6d bd e0
    dd d7 5a bf 14 47 11 42 5e a6 82 d0 61 c1 7f dd
    13 46 e6 09 85 07 0e f2 d4 fc 1a 64 d2 0a ad 20
    ab 20 6b 96 f0 ad cc c4 19 53 55 dc 01 1d a4 b3
    ef 8a b4 49 53 5d 8a 05 1c f1 dc e1 44 bf c5 d7
    e2 77 19 57 5c 97 0b 75 ee 88 43 71 0f ca 6c c1
    b4 b2 50 a7 77 46 6c 58 0f 11 bf f1 76 24 5a ae
    39 42 b7 51 67 29 e1 d0 55 30 6f 17 e4 91 ea ad
    f8 28 c2 43 6f a2 64 a9 fb 9d 98 92 62 48 3e eb
    0d 4f 82 4a 8a ff 3f 72 ee 96 b5 ae a1 c1 98 ba
    ef 7d 90 75 6d ff 5a 52 9e ab f5 c0 7e d0 87 43
    db 85 07 07 0f 7d 38 7a fd d1 d3 ee 65 1d d3 ea
    39 6a 87 37 ee 4a d3 e0 0d 6e f5 70 ac c2 bd f1
    6e f3 92 95 5e a9 f0 a1 65 95 93 8d 02 03 01 00
    01 a3 7d 30 7b 30 1d 06 03 55 1d 0e 04 16 04 14
    c0 e7 84 bf e8 59 27 33 10 b0 52 4f 51 52 2f 06
    d6 c0 7a cd 30 1f 06 03 55 1d 23 04 18 30 16 80
    14 70 7f 2e ae 83 68 59 98 04 23 2a cd eb 3e 17
    cd 24 dd 01 49 30 09 06 03 55 1d 13 04 02 30 00
    30 13 06 03 55 1d 25 04 0c 30 0a 06 08 2b 06 01
    05 05 07 03 01 30 19 06 03 55 1d 11 04 12 30 10
    82 0e 73 65 72 76 65 72 2e 65 78 61 6d 70 6c 65
    30 0d 06 09 2a 86 48 86 f7 0d 01 01 0b 05 00 03
    82 01 01 00 7b d3 04 43 75 8a 0f 11 ae c4 fb d7
    a1 a2 9e fe 20 18 d5 f4 2f 31 88 46 b6 75 8c ee
    e5 9b 97 a6 b9 a3 cd 60 9a 46 c3 48 97 e5 97 68
    f7 5a 86 35 73 d9 69 9e f9 5f 74 b9 e6 94 13 01
    cb 6a dc e3 c4 04 e9 65 da 9c a4 8b 28 f3 f9 9a
    7f bf 97 1f 45 92 e5 05 b1 56 e6 0b f6 47 de 1e
    89 b6 2b e1 4d df 4a 7e 01 d3 23 dc 97 8c 47 fe
    5f c7 cc 98 46 0e c4 83 5b ca 8a f1 52 09 be 6b
    ec 3f 09 8b d0 93 02 bf e1 51 e7 d1 7e 34 56 19
    74 d0 ff 28 25 de b7 9f 56 52 91 7d 20 29 85 0a
    80 44 5f 71 32 25 71 0f c2 16 e2 5f 6b 1d 3f 32
    5b 0a 3c 74 1c b9 62 f1 ed 07 50 a3 6d b4 b4 31
    0a c0 53 44 6a 3a 88 84 8b 2d a9 b0 37 8e e6 18
    36 bd 9a 20 40 0f 01 92 8b 3d aa 61 e7 ae 2c ed
    36 cd 3a 07 86 74 3a 29 b3 d7 3a b4 00 a9 c2 f5
    92 78 0e e2 0f a3 fe bb be e0 06 53 84 59 1d 90
    69 e5 b6 f9 00 00
<<< TLS 1.2, RecordHeader [length 0005]
    17 03 03 01 19
<<< TLS 1.3, InnerContent [length 0001]
    16
<<< TLS 1.3, Handshake [length 0108], CertificateVerify
    0f 00 01 04 08 04 01 00 c6 5b 61 a3 6e 0c a5 ab
    92 c6 f0 02 80 49 ed f4 23 da d7 03 07 d7 0c c7
    5f 57 8b 37 73 f7 92 ec 8a 29 f7 bc ef bd 5d 99
    bb 72 61 21 28 d6 80 d4 fc dc 3c 37 f1 75 aa 25
    fc b5 fb a8 57 37 4b 54 19 a7 0e 08 c1 02 57 7c
    41 0c c9 52 b1 bd c9 5c e1 30 9e 19 68 70 3c 73
    f0 a7 71 38 51 70 e1 f5 8e 7e 94 fe eb e7 c0 d0
    57 8b 7e f9 7b e2 b6 98 c6 b9 a4 27 53 c8 f9 b2
    56 58 f7 dd e3 36 c0 d7 37 3d aa 61 23 a2 4e 99
    7c ff 08 fd b6 a9 ec 70 7f ae 01 8b f7 b6 b6 48
    8f 87 3b 37 17 f6 f5 fc e1 e8 56 27 b7 89 fb 97
    de 01 6e 52 1c 9e 52 9e 09 88 ed 9b 40 be a9 2d
    98 f2 0f 38 b5 43 e8 05 82 7a b8 ac 6d a7 3f 9a
    f1 cb a4 e1 f5 77 ad 45 6a dc 8a 8e 8b 9e 97 24
    62 1c 4d 1b 92 0c d5 9a 5f 93 df 6d e9 9b a6 c4
    e9 42 8c 1a 80 b7 82 97 a2 ba 91 7c c6 7c b3 15
    05 5f ea 71 f8 5c 2e 9a
<<< TLS 1.2, RecordHeader [length 0005]
    17 03 03 00 45
<<< TLS 1.3, InnerContent [length 0001]
    16
<<< TLS 1.3, Handshake [length 0034], Finished
    14 00 00 30 10 63 d1 e9 99 b0 a2 29 5b 2c 3a 49
    5e 92 4c 40 22 4a ec 62 88 81 39 78 26 42 96 92
    11 e8 10 05 5f 5d bb f9 64 f1 e9 35 21 d4 a4 20
    ca e3 3a fb
>>> TLS 1.2, RecordHeader [length 0005]
    17 03 03 00 45
>>> TLS 1.2, InnerContent [length 0001]
    16
>>> TLS 1.3, Handshake [length 0034], Finished
    14 00 00 30 96 48 cf 87 75 7b f6 29 e7 4f fc 5e
    8f 9a a9 3e 15 f4 7a b1 74 33 d4 53 69 aa 99 37
    15 51 c7 be 85 ea 40 be 1d 93 05 30 0f a7 96 f2
    7b 94 12 0d
---
Certificate chain
 0 s:CN=server.example
   i:CN=Root CA
   a:PKEY: RSA, 2048 (bit); sigalg: sha256WithRSAEncryption
   v:NotBefore: Jan 14 22:29:46 2016 GMT; NotAfter: Jan 15 22:29:46 2116 GMT
---
Server certificate
-----BEGIN CERTIFICATE-----
MIIDJTCCAg2gAwIBAgIBAjANBgkqhkiG9w0BAQsFADASMRAwDgYDVQQDDAdSb290
IENBMCAXDTE2MDExNDIyMjk0NloYDzIxMTYwMTE1MjIyOTQ2WjAZMRcwFQYDVQQD
DA5zZXJ2ZXIuZXhhbXBsZTCCASIwDQYJKoZIhvcNAQEBBQADggEPADCCAQoCggEB
ANVdYGrf/GHuSKqMEUhDpW22Ul2qmEmxYZI1sfw6BCUMbXn/tNXJ6VwcO+Crs7h9
o95tveDd11q/FEcRQl6mgtBhwX/dE0bmCYUHDvLU/Bpk0gqtIKsga5bwrczEGVNV
3AEdpLPvirRJU12KBRzx3OFEv8XX4ncZV1yXC3XuiENxD8pswbSyUKd3RmxYDxG/
8XYkWq45QrdRZynh0FUwbxfkkeqt+CjCQ2+iZKn7nZiSYkg+6w1PgkqK/z9y7pa1
rqHBmLrvfZB1bf9aUp6r9cB+0IdD24UHBw99OHr90dPuZR3T6jlqhzfuStPgDW71
cKzCvfFu85KVXqnwoWWVk40CAwEAAaN9MHswHQYDVR0OBBYEFMDnhL/oWSczELBS
T1FSLwbWwHrNMB8GA1UdIwQYMBaAFHB/Lq6DaFmYBCMqzes+F80k3QFJMAkGA1Ud
EwQCMAAwEwYDVR0lBAwwCgYIKwYBBQUHAwEwGQYDVR0RBBIwEIIOc2VydmVyLmV4
YW1wbGUwDQYJKoZIhvcNAQELBQADggEBAHvTBEN1ig8RrsT716Ginv4gGNX0LzGI
RrZ1jO7lm5emuaPNYJpGw0iX5Zdo91qGNXPZaZ75X3S55pQTActq3OPEBOll2pyk
iyjz+Zp/v5cfRZLlBbFW5gv2R94eibYr4U3fSn4B0yPcl4xH/l/HzJhGDsSDW8qK
8VIJvmvsPwmL0JMCv+FR59F+NFYZdND/KCXet59WUpF9ICmFCoBEX3EyJXEPwhbi
X2sdPzJbCjx0HLli8e0HUKNttLQxCsBTRGo6iISLLamwN47mGDa9miBADwGSiz2q
YeeuLO02zToHhnQ6KbPXOrQAqcL1kngO4g+j/ru+4AZThFkdkGnltvk=
-----END CERTIFICATE-----
subject=CN=server.example
issuer=CN=Root CA
---
No client certificate CA names sent
Peer signing digest: SHA256
Peer signature type: rsa_pss_rsae_sha256
Negotiated TLS1.3 group: X25519MLKEM768
---
SSL handshake has read 2546 bytes and written 1702 bytes
Verification error: unable to verify the first certificate
---
New, TLSv1.3, Cipher is TLS_AES_256_GCM_SHA384
Protocol: TLSv1.3
Server public key is 2048 bit
This TLS version forbids renegotiation.
Compression: NONE
Expansion: NONE
No ALPN negotiated
Early data was not sent
Verify return code: 21 (unable to verify the first certificate)
---
<<< TLS 1.2, RecordHeader [length 0005]
    17 03 03 00 fa
<<< TLS 1.3, InnerContent [length 0001]
    16
<<< TLS 1.3, Handshake [length 00e9], NewSessionTicket
    04 00 00 e5 00 00 1c 20 78 49 60 ca 08 00 00 00
    00 00 00 00 00 00 d0 2b d6 d7 c2 4e 26 0c 9a 34
    bd 6f ff ae 18 83 c7 42 35 04 ae 8e 79 49 5d db
    74 37 83 e1 d4 a4 5d ff 56 73 5d 34 ab 84 7a 5a
    02 29 97 db 4d ae 84 d5 26 a2 b2 33 15 51 16 5f
    6b 74 78 74 e6 00 63 94 38 15 44 1a 9b ad 2f ea
    d5 39 a5 20 1a ab b4 d2 dc a6 73 02 65 92 77 fb
    b0 18 ff df 3d c4 cb bb ec fa f9 47 5f 2d b3 ba
    66 d9 4f 8f 0f 82 a7 4d 90 1b cb 09 3d f0 82 45
    dc 1d 41 8a 4e 79 81 95 c2 e5 44 9c 98 dd cc a1
    51 ef a8 d4 0a 7a e3 08 b2 db 20 d7 57 4e ef 76
    93 99 2f 93 f6 3d d3 99 4a e8 47 58 c7 c6 1a d6
    4d 24 9c 17 6d 6a 19 9e 61 0f e1 f5 33 a6 ca 34
    31 98 92 71 98 e6 52 29 b5 f9 2e 8b ac 6d c1 f0
    d1 91 65 58 34 36 dc 00 00
---
Post-Handshake New Session Ticket arrived:
SSL-Session:
    Protocol  : TLSv1.3
    Cipher    : TLS_AES_256_GCM_SHA384
    Session-ID: 0DD49DACA9C14013DAABE2D0F91A5E4528A7721F4DE173157EFA808F93DB985A
    Session-ID-ctx: 
    Resumption PSK: FFE4D66C390B1EB5BF000DE984E8E31D0429A7F0C09E82A0C5C5C22D0962D82056794F29E2E8F8989D6DDCA11C6EA66E
    PSK identity: None
    PSK identity hint: None
    SRP username: None
    TLS session ticket lifetime hint: 7200 (seconds)
    TLS session ticket:
    0000 - 2b d6 d7 c2 4e 26 0c 9a-34 bd 6f ff ae 18 83 c7   +...N&..4.o.....
    0010 - 42 35 04 ae 8e 79 49 5d-db 74 37 83 e1 d4 a4 5d   B5...yI].t7....]
    0020 - ff 56 73 5d 34 ab 84 7a-5a 02 29 97 db 4d ae 84   .Vs]4..zZ.)..M..
    0030 - d5 26 a2 b2 33 15 51 16-5f 6b 74 78 74 e6 00 63   .&..3.Q._ktxt..c
    0040 - 94 38 15 44 1a 9b ad 2f-ea d5 39 a5 20 1a ab b4   .8.D.../..9. ...
    0050 - d2 dc a6 73 02 65 92 77-fb b0 18 ff df 3d c4 cb   ...s.e.w.....=..
    0060 - bb ec fa f9 47 5f 2d b3-ba 66 d9 4f 8f 0f 82 a7   ....G_-..f.O....
    0070 - 4d 90 1b cb 09 3d f0 82-45 dc 1d 41 8a 4e 79 81   M....=..E..A.Ny.
    0080 - 95 c2 e5 44 9c 98 dd cc-a1 51 ef a8 d4 0a 7a e3   ...D.....Q....z.
    0090 - 08 b2 db 20 d7 57 4e ef-76 93 99 2f 93 f6 3d d3   ... .WN.v../..=.
    00a0 - 99 4a e8 47 58 c7 c6 1a-d6 4d 24 9c 17 6d 6a 19   .J.GX....M$..mj.
    00b0 - 9e 61 0f e1 f5 33 a6 ca-34 31 98 92 71 98 e6 52   .a...3..41..q..R
    00c0 - 29 b5 f9 2e 8b ac 6d c1-f0 d1 91 65 58 34 36 dc   ).....m....eX46.

    Start Time: 1790579550
    Timeout   : 7200 (sec)
    Verify return code: 21 (unable to verify the first certificate)
    Extended master secret: no
    Max Early Data: 0
---
read R BLOCK
<<< TLS 1.2, RecordHeader [length 0005]
    17 03 03 00 fa
<<< TLS 1.3, InnerContent [length 0001]
    16
<<< TLS 1.3, Handshake [length 00e9], NewSessionTicket
    04 00 00 e5 00 00 1c 20 73 5f b5 cc 08 00 00 00
    00 00 00 00 01 00 d0 2b d6 d7 c2 4e 26 0c 9a 34
    bd 6f ff ae 18 83 c7 71 31 01 b1 5f 80 64 5b 4a
    fc 3e 34 d2 b4 ee e6 7b 63 9e 84 02 75 ae 1c 91
    ce 83 34 47 8c 22 2c a3 5f ae f2 5a df 69 29 c6
    db 12 7c 91 4b ad 99 a7 17 01 36 e1 a6 e5 f9 5a
    96 42 0e 85 33 75 1f 13 7a af 54 b8 3e 18 14 7b
    5b 3e a9 13 8a d8 86 24 e9 43 5c 94 3e c7 86 97
    19 15 ef b7 c5 b1 6d 32 ce e3 e8 c2 3d 75 e6 87
    8f bd 9d 0f 6d e1 bf e9 ae 95 3b d2 11 e6 78 78
    3f f4 3d 40 a2 68 54 ab 02 85 89 27 41 30 fb 29
    b8 a3 8a 35 bc d3 2e 22 bf bf 86 a0 c3 6e c2 7f
    58 8f 28 3c b5 7a ed fa c3 bf da e2 9c d9 95 c4
    d2 7d 39 b9 fc 9a 4b 91 99 2d 21 bb 32 fe 2d 87
    ee 1c 60 cd 1d b2 d7 00 00
---
Post-Handshake New Session Ticket arrived:
SSL-Session:
    Protocol  : TLSv1.3
    Cipher    : TLS_AES_256_GCM_SHA384
    Session-ID: 86183A85E85594A9021C4BAA8FDEBCF47C15F4AF20895B2FCC91D9F6E5C8BD6A
    Session-ID-ctx: 
    Resumption PSK: 93FCADCD0A4232EA985EA48F32D5AC010D981FBC7B49D8B6E6B7079DA2E600E509077954FFA9AE1890B53C69565B040B
    PSK identity: None
    PSK identity hint: None
    SRP username: None
    TLS session ticket lifetime hint: 7200 (seconds)
    TLS session ticket:
    0000 - 2b d6 d7 c2 4e 26 0c 9a-34 bd 6f ff ae 18 83 c7   +...N&..4.o.....
    0010 - 71 31 01 b1 5f 80 64 5b-4a fc 3e 34 d2 b4 ee e6   q1.._.d[J.>4....
    0020 - 7b 63 9e 84 02 75 ae 1c-91 ce 83 34 47 8c 22 2c   {c...u.....4G.",
    0030 - a3 5f ae f2 5a df 69 29-c6 db 12 7c 91 4b ad 99   ._..Z.i)...|.K..
    0040 - a7 17 01 36 e1 a6 e5 f9-5a 96 42 0e 85 33 75 1f   ...6....Z.B..3u.
    0050 - 13 7a af 54 b8 3e 18 14-7b 5b 3e a9 13 8a d8 86   .z.T.>..{[>.....
    0060 - 24 e9 43 5c 94 3e c7 86-97 19 15 ef b7 c5 b1 6d   $.C\.>.........m
    0070 - 32 ce e3 e8 c2 3d 75 e6-87 8f bd 9d 0f 6d e1 bf   2....=u......m..
    0080 - e9 ae 95 3b d2 11 e6 78-78 3f f4 3d 40 a2 68 54   ...;...xx?.=@.hT
    0090 - ab 02 85 89 27 41 30 fb-29 b8 a3 8a 35 bc d3 2e   ....'A0.)...5...
    00a0 - 22 bf bf 86 a0 c3 6e c2-7f 58 8f 28 3c b5 7a ed   ".....n..X.(<.z.
    00b0 - fa c3 bf da e2 9c d9 95-c4 d2 7d 39 b9 fc 9a 4b   ..........}9...K
    00c0 - 91 99 2d 21 bb 32 fe 2d-87 ee 1c 60 cd 1d b2 d7   ..-!.2.-...`....

    Start Time: 1790579550
    Timeout   : 7200 (sec)
    Verify return code: 21 (unable to verify the first certificate)
    Extended master secret: no
    Max Early Data: 0
---
read R BLOCK
>>> TLS 1.2, RecordHeader [length 0005]
    17 03 03 00 13
>>> TLS 1.2, InnerContent [length 0001]
    15
>>> TLS 1.3, Alert [length 0002], warning close_notify
    01 00
Connecting to 127.0.0.1
SSL_connect:before SSL initialization
SSL_connect:SSLv3/TLS write client hello
SSL_connect:SSLv3/TLS write client hello
SSL_connect:SSLv3/TLS read server hello
SSL_connect:SSLv3/TLS write change cipher spec
SSL_connect:SSLv3/TLS write client hello
SSL_connect:SSLv3/TLS write client hello
SSL_connect:SSLv3/TLS read server hello
Can't use SSL_get_servername
SSL_connect:TLSv1.3 read encrypted extensions
depth=0 CN=server.example
verify error:num=20:unable to get local issuer certificate
verify return:1
depth=0 CN=server.example
verify error:num=21:unable to verify the first certificate
verify return:1
depth=0 CN=server.example
verify return:1
SSL_connect:SSLv3/TLS read server certificate
SSL_connect:TLSv1.3 read server certificate verify
SSL_connect:SSLv3/TLS read finished
SSL_connect:SSLv3/TLS write finished
SSL_connect:SSL negotiation finished successfully
SSL_connect:SSL negotiation finished successfully
SSL_connect:SSLv3/TLS read server session ticket
SSL_connect:SSL negotiation finished successfully
SSL_connect:SSL negotiation finished successfully
SSL_connect:SSLv3/TLS read server session ticket
DONE
SSL3 alert write:warning:close notify
