CONNECTED(00000003)
>>> TLS 1.0, RecordHeader [length 0005]
    16 03 01 00 d6
>>> TLS 1.3, Handshake [length 00d6], ClientHello
    01 00 00 d2 03 03 71 84 e7 29 54 63 6a cf ac b4
    7c a2 0a 6d f0 5d 8d 7c 22 e9 d9 c5 c4 87 2a 5d
    b0 e1 24 34 ac 1b 20 e1 a5 b7 1e 69 e7 f2 d3 fd
    f2 df c4 19 8b 28 94 7e 65 bf 4e 8b 7b 5c 0c 63
    d6 94 b6 1f 1b fd 48 00 06 13 02 13 03 13 01 01
    00 00 83 00 0b 00 04 03 00 01 02 00 0a 00 06 00
    04 00 1d 11 ec 00 23 00 00 00 16 00 00 00 17 00
    00 00 0d 00 2a 00 28 09 05 09 06 09 04 04 03 05
    03 06 03 08 07 08 08 08 1a 08 1b 08 1c 08 09 08
    0a 08 0b 08 04 08 05 08 06 04 01 05 01 06 01 00
    2b 00 03 02 03 04 00 2d 00 02 01 01 00 33 00 26
    00 24 00 1d 00 20 fd 28 0c 7c 01 91 09 56 ae f8
    f6 9f 2e 00 54 9b 4e d4 3c 14 6f f3 15 f3 58 99
    6f 28 7d 6a 77 79
<<< TLS 1.2, RecordHeader [length 0005]
    16 03 03 00 58
<<< TLS 1.3, Handshake [length 0058], ServerHello
    02 00 00 54 03 03 cf 21 ad 74 e5 9a 61 11 be 1d
    8c 02 1e 65 b8 91 c2 a2 11 16 7a bb 8c 5e 07 9e
    09 e2 c8 a8 33 9c 20 e1 a5 b7 1e 69 e7 f2 d3 fd
    f2 df c4 19 8b 28 94 7e 65 bf 4e 8b 7b 5c 0c 63
    d6 94 b6 1f 1b fd 48 13 02 00 00 0c 00 2b 00 02
    03 04 00 33 00 02 11 ec
>>> TLS 1.2, RecordHeader [length 0005]
    14 03 03 00 01
>>> TLS 1.3, ChangeCipherSpec [length 0001]
    01
>>> TLS 1.2, RecordHeader [length 0005]
    16 03 03 05 76
>>> TLS 1.3, Handshake [length 0576], ClientHello
    01 00 05 72 03 03 71 84 e7 29 54 63 6a cf ac b4
    7c a2 0a 6d f0 5d 8d 7c 22 e9 d9 c5 c4 87 2a 5d
    b0 e1 24 34 ac 1b 20 e1 a5 b7 1e 69 e7 f2 d3 fd
    f2 df c4 19 8b 28 94 7e 65 bf 4e 8b 7b 5c 0c 63
    d6 94 b6 1f 1b fd 48 00 06 13 02 13 03 13 01 01
    00 05 23 00 0b 00 04 03 00 01 02 00 0a 00 06 00
    04 00 1d 11 ec 00 23 00 00 00 16 00 00 00 17 00
    00 00 0d 00 2a 00 28 09 05 09 06 09 04 04 03 05
    03 06 03 08 07 08 08 08 1a 08 1b 08 1c 08 09 08
    0a 08 0b 08 04 08 05 08 06 04 01 05 01 06 01 00
    2b 00 03 02 03 04 00 2d 00 02 01 01 00 33 04 c6
    04 c4 11 ec 04 c0 4a ca 1d 7d 65 77 f2 25 7e b9
    54 a1 a2 65 b4 ef d4 c7 c7 d4 1e 5c ab 37 82 70
    83 3a 93 6a fe 2c 8f f8 f3 1c 36 25 6a 58 c3 cf
    e5 f3 0e e8 ba 24 95 46 30 10 8a b7 f6 71 22 8d
    e8 59 5a 25 63 bb bb ac 7a e4 af aa b5 75 d2 37
    89 65 b3 86 b7 2b 10 dc 17 47 e8 31 38 78 c5 b4
    f4 70 36 db c0 57 2a d4 15 bf 64 23 b8 01 17 f2
    cb 07 67 59 5a 75 fb 25 0f 46 14 ee b1 93 3e a2
    42 f6 3b 28 d1 a8 b4 88 c4 25 75 21 2b b0 d5 8c
    f4 e3 bb 62 77 5b b9 81 1a 4f 72 44 54 62 cf af
    33 17 be e0 1e 3e 85 7e bb 20 aa 8c 17 8b 1d 9c
    3a f7 18 cd a3 f2 1f 79 53 bc b0 73 20 12 c9 30
    06 7a 32 69 25 9d 4d cc 59 45 c2 34 f2 e0 cf f8
    b9 93 1c 86 ae 1f f2 82 c7 b3 86 79 a1 c4 6b 56
    c2 57 c8 3c 0d 3b 2d c2 c3 28 cc 66 6f 51 b4 89
    1a 47 cf 31 0c 00 95 e3 3c 26 92 2d 3c f3 46 7c
    37 b7 96 d0 6e b1 a9 87 d5 56 93 d3 20 29 29 46
    7d 83 e4 c9 95 52 5c 70 90 27 96 78 0e 12 4a 2a
    c8 31 5b 97 21 95 08 24 3b 04 f4 72 e9 48 83 ae
    ca be b5 a6 c7 49 d9 9c 31 aa 7a 48 56 1d 9c 63
    c4 f5 3c 77 38 47 47 56 a5 83 14 5a 3a a7 47 b7
    c7 73 80 d3 1b c5 91 05 55 fa 79 09 04 23 b8 12
    c5 68 fb 71 b0 a9 30 10 cd 61 8b 93 87 42 db da
    62 ff d5 16 67 51 54 b5 50 b4 32 28 b1 dd 6a 5f
    79 e2 cd 64 e8 76 5c ab 60 31 d1 89 00 5a b6 da
    52 a0 41 32 83 61 15 7b 51 f2 74 7a 5b 95 d2 8a
    2e a1 c1 68 8a e3 40 42 46 6c 2c c7 5a 80 65 1a
    b6 52 36 48 84 ad ca 9a 4c b2 d8 59 e4 1a 2d 45
    e9 3f 0f 81 92 48 5c ab 03 0c b0 a7 37 8b f6 25
    1a 56 38 ac 37 35 97 16 97 17 92 c7 53 ce b0 63
    55 29 1a dc 30 2d c5 50 70 de 3c 97 aa 85 98 fd
    4b ac 6a 55 6c 00 ec 01 f3 bc 24 64 4b 31 21 52
    c6 a0 7c c2 2c fa bc 9e 19 51 8e cc 6c c1 a7 22
    79 4b 63 7a 51 55 24 b9 a8 50 90 b7 f8 03 69 d2
    cc 0b d2 02 7c 04 77 1c 9d 6a 83 98 39 4e 50 30
    1a dd b2 93 30 9b 74 8a 45 2a fd 41 2f 57 f5 01
    da a0 22 8e 06 09 9d 24 00 d3 cb 44 0a 47 28 e3
    e5 7b 10 f8 a4 c7 ac 6f dd 7b 61 14 21 65 1e ab
    99 28 fa 7e 71 15 6e 40 97 c1 25 69 a0 e4 31 16
    1b d9 79 ac e4 47 1d e6 c3 65 f4 4e 14 c8 c7 fb
    42 ab 9c 44 59 74 b5 bd 40 db 58 35 c8 56 b0 15
    31 47 b6 9e 1c 4c 9f 62 01 30 10 a2 a7 c2 37 12
    35 e6 9c 36 25 06 2b 9a 91 68 e6 cd c1 a7 3f fc
    7b b3 4a a6 60 7b 17 8e ab 3a 3f c1 c6 9e 48 fc
    0f 35 5b c6 4f 94 b9 ac 83 09 ea db 7e e1 7b 02
    8b 3c ae 21 5a 31 e4 14 cb b1 dc 3c 9d 2c 79 bd
    3b 38 a9 c4 ba 7c 74 76 80 aa bb e9 17 7f 56 6b
    63 60 44 a3 54 b6 4e 05 a6 1c c2 59 7f 17 f8 0e
    3d 01 46 c4 c8 0f 56 66 08 e5 33 15 e7 5b 84 b5
    e5 c1 1d 30 4f fb 08 62 5b 03 24 d6 cb 01 43 cb
    2e 94 79 26 85 18 09 8f 39 8f 97 29 ce e7 48 7a
    b1 43 98 8d 48 2b ae e1 70 ed 83 83 20 1b 48 fa
    fb b1 f0 f3 6a 58 c7 9f 5a a7 01 f5 68 02 0b 58
    72 ad 43 25 24 01 1b 6c 8c 69 26 71 37 70 d4 6a
    d8 51 cf 6e a2 b2 88 95 8e 3e 59 79 3e a3 79 65
    21 53 91 65 b5 c3 98 2d 64 44 83 99 97 18 14 90
    14 0c 80 2f 81 f7 b4 3c f0 c6 df b0 8f 6b d0 3e
    2d 64 c8 ad e5 7e 96 f0 59 3b d8 94 6d 49 36 8f
    42 68 f7 61 18 9c d7 a4 e5 c8 33 de 03 35 a0 e9
    5b 22 fa 25 17 89 77 46 e6 76 dc 8c 20 e8 a0 9e
    0f 14 26 65 40 95 cc 51 11 44 4b 45 15 37 36 6b
    fb b2 eb ea 90 b0 48 57 bf 9a 6c 04 d9 79 c4 4c
    7a 39 61 c6 9a b0 68 e9 e9 10 bd 5c 92 95 94 6d
    68 f8 8e 37 cb 33 96 01 38 35 da a6 7e 0a 15 8f
    9a 10 43 98 24 5b a0 94 9e 3a 63 b5 f6 3d 17 ca
    3d 8c 68 a2 cb c0 a3 50 f5 91 f4 69 9a 17 89 2b
    f9 7c 22 ff 06 4c 30 04 6e 05 a6 1c 5b 60 22 51
    74 77 53 d9 3e 7d 46 bf c2 46 85 ac 56 bb 96 66
    61 a4 83 10 c8 79 b0 04 da 0a ef a3 04 ac 0b 05
    4a e8 47 69 d6 39 2c 4c 27 6f 3b 21 35 cc 93 af
    22 5a 44 c2 65 9f 94 c0 d0 11 2b 7e 98 4c ed 75
    4d 25 13 b5 ae 19 0b 29 14 06 7b 9a c0 f0 96 7b
    ec c5 ca 6f 09 cf 91 a8 de ff f3 fa a9 22 c9 a1
    bb d6 25 cc ae 6c 38 8a 2b 4e 28 a9 3e 79 56 8c
    00 86 ae 0f 37 fb 24 25 e0 53 56 32 f9 69 e6 28
    e7 4f 9a 6c 61 19 d7 94 48 d5 2b e6 d9 18 4f 71
    95 62 16 d5 cb 05
<<< TLS 1.2, RecordHeader [length 0005]
    14 03 03 00 01
<<< TLS 1.3, ChangeCipherSpec [length 0001]
    01
<<< TLS 1.2, RecordHeader [length 0005]
    16 03 03 04 ba
<<< TLS 1.3, Handshake [length 04ba], ServerHello
    02 00 04 b6 03 03 4d f0 1e 06 dd d2 df dc 3b 5d
    90 ab 55 67 b3 62 fd 93 cc ba 6a ee e6 ec 71 8a
    8d 85 a6 fd 6a 1b 20 e1 a5 b7 1e 69 e7 f2 d3 fd
    f2 df c4 19 8b 28 94 7e 65 bf 4e 8b 7b 5c 0c 63
    d6 94 b6 1f 1b fd 48 13 02 00 04 6e 00 2b 00 02
    03 04 00 33 04 64 11 ec 04 60 ab cd cb 29 1d fb
    76 a3 a5 2d e5 28 34 b2 9c 9f eb 94 c8 e6 4b 7c
    d5 df 54 d1 37 a0 39 5d 26 d1 20 c8 e6 35 ba da
    a8 8f 0e 51 4f e2 a6 30 69 70 13 76 1b 85 39 68
    79 4d 35 9f 22 97 e2 01 76 f1 53 e3 02 38 4c 28
    86 87 e7 49 e2 e0 e2 a8 34 1b 60 9d 02 d9 3d a3
    89 bd a3 2f 7d 88 2d 93 41 9c 39 c5 19 f4 05 93
    17 66 af fc 54 ba da 80 37 cb 0c 74 e1 cf 45 16
    ad 68 3e 3c d9 ff 4d a6 06 bd 9d c4 76 01 2b 41
    ba b2 d1 bb 0d d0 3b 61 be db fc 48 c1 16 1c c8
    34 54 b1 d4 51 94 71 d2 f1 eb f1 27 d7 b0 9e 9d
    a8 47 34 e1 54 dc 4b ea 2b da 70 15 a7 7c 6a 5e
    96 73 75 27 ca 8b 55 f9 a7 e9 a3 a3 1b ac 90 ff
    84 ea fc 8a 8e ba 32 bd 59 64 1c cb cb c2 6b a8
    07 9f 8b a6 fb 2c f7 77 d3 f4 7e 5d 0f fb 3f 4d
    c2 8c fe 46 9c a1 c5 6d 55 9d fd 49 37 4c d9 d9
    80 84 61 ef 71 8d 32 23 f1 a8 b1 c6 9f 19 c0 06
    45 0a 13 74 80 9e b7 2c 23 0e dd e6 b7 2d 0d c5
    8c 25 b7 74 fa 22 b9 ee 30 29 c9 86 c8 bd ec 8c
    1d f0 a9 a2 fe 79 73 a3 5e 50 0b 82 65 5d 7d 08
    9c fd 2e 04 65 bc ec f4 ff c1 4a 1c fc 8a 37 05
    2f 44 18 9f 32 42 e8 b2 51 ab e3 67 2c 1e 20 00
    95 f1 3d 04 0e f1 5c 61 f8 84 14 ce b7 64 2e 34
    67 40 db d7 5a 8a 83 46 28 cb 9a 58 fa ac 5c f7
    b8 ed eb 57 67 79 60 6f 8b 99 e5 0a f9 b8 eb d3
    b1 0f e1 0e a6 85 69 12 a4 18 10 5f 7a 9b 37 b2
    7b 42 a6 c9 74 9b 37 28 f1 0e 39 30 59 15 7a 6b
    71 a4 10 3c b5 83 30 64 7b 83 a1 18 c0 e7 eb f8
    5f 4c 38 bf f4 d4 a4 2c ee 10 9c 4e 67 60 de 57
    5e c7 83 5d cd 13 11 f8 b8 26 e2 d6 c4 39 2d c9
    97 ad 87 b2 b8 ec 1f 3e bc 7a 48 3e 5f 8a ae 76
    8e a9 6b 23 50 78 88 63 5f 60 4e ec dc 4e 3e 86
    c4 66 08 c8 52 54 dd ea 49 0b 5e d1 41 77 d4 76
    01 e3 9f f5 6e 60 a9 35 5c e0 03 94 91 bd c5 cc
    2b cb 36 85 7d 31 b9 36 89 e9 44 5b 03 07 df ea
    8e 0e bf 9c 52 56 5e bb 2b 3a 25 f9 d0 e8 ec 15
    7c 01 96 4c 51 e2 97 e7 f5 97 ce 23 0c c6 36 11
    70 bc 44 cd 6d d0 b7 09 99 ef fb 18 55 a4 bc d9
    02 72 34 c2 a9 7c 0c d4 41 da d4 ea 64 de fb a1
    b1 5d c0 0d 23 64 35 64 eb eb 00 04 a5 05 c1 0c
    95 4e c7 8c 80 19 c8 54 8a a7 74 ef fb 2e b4 fd
    a5 bb 29 35 81 c8 ff 80 13 90 b9 a2 b9 f4 f2 8e
    b2 0e a0 14 65 5f ec d8 ea 1d 2b e8 07 9a 39 54
    af a1 6b 2e d9 c1 43 9d 2c 52 88 ae d6 cb 53 41
    d4 71 59 1f cc d7 e0 5d 88 c8 4b 68 fa 4c cc 29
    c0 7b 60 54 cb c1 85 8e 31 a3 c5 44 a7 7b a1 49
    c9 6f 75 09 17 df d6 3b 16 4c 39 30 35 6f e1 7a
    f1 fa b5 21 67 f7 ed 5a 67 e6 2d 82 17 d6 fb f8
    c2 b6 cd bd 1b 8a 71 50 1b d6 e6 e2 8d 32 ab 9c
    2e 21 7b f7 14 cc 66 ae 32 b9 9b 2f af 00 8c a4
    49 a7 c7 81 c9 9a c3 07 27 1c ae 70 54 95 e0 38
    a0 60 95 fe 00 3e 08 47 dd ce 74 54 99 a7 31 5b
    1b 12 1f 63 05 9a 18 fe e1 e3 ad 1e 2f 53 de ca
    31 11 86 a8 7f 96 5d 53 26 e6 0d de 60 79 54 50
    af c2 d3 ee 14 cb e6 98 02 0c 51 35 be 2c 38 60
    ae 8f b3 20 38 77 b7 7a 39 17 e6 ae 91 ac 0e a0
    21 73 fa 3e 3b 2a 2b f1 d9 f0 a9 9b ad 18 69 49
    f3 b0 bf d1 0c 9d 20 7a 65 b8 b1 49 cc da 95 c9
    2b b6 06 5e c8 eb da 75 22 64 82 cc 72 ce 3f f0
    c7 60 cf 64 ce 95 f5 63 26 c7 2d 90 d0 3d 86 36
    6f c2 ca 72 82 15 0b ef 37 56 7a 9e 4c 94 b9 8d
    03 82 7a e8 c7 fc 24 cf 49 8c 0c 77 78 56 65 09
    42 43 c9 b8 ad 5d 8a 06 01 91 1b 71 c5 b8 0d 2c
    54 6c 2c d5 2f b9 81 61 64 ad a0 57 3b 10 02 fe
    1a 39 a4 92 77 f7 1e f3 f2 67 8a c9 0b cb 6b cd
    be 8f d8 69 35 e7 fd b6 bd 04 0a 9a 72 a4 f5 87
    3a 04 22 9d 77 22 72 b1 f5 a4 14 d0 56 00 dd 41
    22 fd 7e 26 3c 5a 9b ed 27 2e ee b2 20 9e 8e fe
    29 7f c2 7c 32 46 0f d6 a4 83 cf 80 ea ce 44 9d
    cf ff 74 eb fb 8a 57 7a 2b 46 a8 0d 4d 1c fd b3
    e8 70 89 ec a5 08 2a f8 ce 0c
<<< TLS 1.2, RecordHeader [length 0005]
    17 03 03 00 17
<<< TLS 1.3, InnerContent [length 0001]
    16
<<< TLS 1.3, Handshake [length 0006], EncryptedExtensions
    08 00 00 02 00 00
<<< TLS 1.2, RecordHeader [length 0005]
    17 03 03 03 47
<<< TLS 1.3, InnerContent [length 0001]
    16
<<< TLS 1.3, Handshake [length 0336], Certificate
    0b 00 03 32 00 00 03 2e 00 03 29 30 82 03 25 30
    82 02 0d a0 03 02 01 02 02 01 02 30 0d 06 09 2a
    86 48 86 f7 0d 01 01 0b 05 00 30 12 31 10 30 0e
    06 03 55 04 03 0c 07 52 6f 6f 74 20 43 41 30 20
    17 0d 31 36 30 31 31 34 32 32 32 39 34 36 5a 18
    0f 32 31 31 36 30 31 31 35 32 32 32 39 34 36 5a
    30 19 31 17 30 15 06 03 55 04 03 0c 0e 73 65 72
    76 65 72 2e 65 78 61 6d 70 6c 65 30 82 01 22 30
    0d 06 09 2a 86 48 86 f7 0d 01 01 01 05 00 03 82
    01 0f 00 30 82 01 0a 02 82 01 01 00 d5 5d 60 6a
    df fc 61 ee 48 aa 8c 11 48 43 a5 6d b6 52 5d aa
    98 49 b1 61 92 35 b1 fc 3a 04 25 0c 6d 79 ff b4
    d5 c9 e9 5c 1c 3b e0 ab b3 b8 7d a3 de 6d bd e0
    dd d7 5a bf 14 47 11 42 5e a6 82 d0 61 c1 7f dd
    13 46 e6 09 85 07 0e f2 d4 fc 1a 64 d2 0a ad 20
    ab 20 6b 96 f0 ad cc c4 19 53 55 dc 01 1d a4 b3
    ef 8a b4 49 53 5d 8a 05 1c f1 dc e1 44 bf c5 d7
    e2 77 19 57 5c 97 0b 75 ee 88 43 71 0f ca 6c c1
    b4 b2 50 a7 77 46 6c 58 0f 11 bf f1 76 24 5a ae
    39 42 b7 51 67 29 e1 d0 55 30 6f 17 e4 91 ea ad
    f8 28 c2 43 6f a2 64 a9 fb 9d 98 92 62 48 3e eb
    0d 4f 82 4a 8a ff 3f 72 ee 96 b5 ae a1 c1 98 ba
    ef 7d 90 75 6d ff 5a 52 9e ab f5 c0 7e d0 87 43
    db 85 07 07 0f 7d 38 7a fd d1 d3 ee 65 1d d3 ea
    39 6a 87 37 ee 4a d3 e0 0d 6e f5 70 ac c2 bd f1
    6e f3 92 95 5e a9 f0 a1 65 95 93 8d 02 03 01 00
    01 a3 7d 30 7b 30 1d 06 03 55 1d 0e 04 16 04 14
    c0 e7 84 bf e8 59 27 33 10 b0 52 4f 51 52 2f 06
    d6 c0 7a cd 30 1f 06 03 55 1d 23 04 18 30 16 80
    14 70 7f 2e ae 83 68 59 98 04 23 2a cd eb 3e 17
    cd 24 dd 01 49 30 09 06 03 55 1d 13 04 02 30 00
    30 13 06 03 55 1d 25 04 0c 30 0a 06 08 2b 06 01
    05 05 07 03 01 30 19 06 03 55 1d 11 04 12 30 10
    82 0e 73 65 72 76 65 72 2e 65 78 61 6d 70 6c 65
    30 0d 06 09 2a 86 48 86 f7 0d 01 01 0b 05 00 03
    82 01 01 00 7b d3 04 43 75 8a 0f 11 ae c4 fb d7
    a1 a2 9e fe 20 18 d5 f4 2f 31 88 46 b6 75 8c ee
    e5 9b 97 a6 b9 a3 cd 60 9a 46 c3 48 97 e5 97 68
    f7 5a 86 35 73 d9 69 9e f9 5f 74 b9 e6 94 13 01
    cb 6a dc e3 c4 04 e9 65 da 9c a4 8b 28 f3 f9 9a
    7f bf 97 1f 45 92 e5 05 b1 56 e6 0b f6 47 de 1e
    89 b6 2b e1 4d df 4a 7e 01 d3 23 dc 97 8c 47 fe
    5f c7 cc 98 46 0e c4 83 5b ca 8a f1 52 09 be 6b
    ec 3f 09 8b d0 93 02 bf e1 51 e7 d1 7e 34 56 19
    74 d0 ff 28 25 de b7 9f 56 52 91 7d 20 29 85 0a
    80 44 5f 71 32 25 71 0f c2 16 e2 5f 6b 1d 3f 32
    5b 0a 3c 74 1c b9 62 f1 ed 07 50 a3 6d b4 b4 31
    0a c0 53 44 6a 3a 88 84 8b 2d a9 b0 37 8e e6 18
    36 bd 9a 20 40 0f 01 92 8b 3d aa 61 e7 ae 2c ed
    36 cd 3a 07 86 74 3a 29 b3 d7 3a b4 00 a9 c2 f5
    92 78 0e e2 0f a3 fe bb be e0 06 53 84 59 1d 90
    69 e5 b6 f9 00 00
<<< TLS 1.2, RecordHeader [length 0005]
    17 03 03 01 19
<<< TLS 1.3, InnerContent [length 0001]
    16
<<< TLS 1.3, Handshake [length 0108], CertificateVerify
    0f 00 01 04 08 04 01 00 55 98 09 21 0a 15 a3 31
    2c c9 6a f0 e2 9c bb 4e db a0 19 c2 45 c9 46 ef
    c3 0e 28 f5 31 0d 10 bd 49 97 86 fc ee 5a fc 09
    10 ac 54 82 f3 2e 14 42 5b 71 e2 49 6f f6 47 7c
    d9 3c ee 7c 42 46 0c 96 e2 c6 b2 78 d7 8d 5b 15
    25 e3 92 b8 49 eb 2e 13 b1 a4 8b ce 0b c3 49 c8
    96 06 f5 79 15 2c 24 42 8a d1 6b d1 d9 06 9e b0
    a5 ff d2 cf 0f 56 f3 46 9d 61 16 05 7c 5a e7 c8
    c1 bb 2e d2 31 ed e7 50 5e ae f3 c7 65 9d 66 c3
    07 f9 05 b5 6b d5 4e 0e 35 db 03 da 10 04 65 b4
    8f 32 54 6a d2 d1 00 66 5e 36 97 cf 22 d6 f0 51
    e9 a7 76 b2 b5 78 7f e8 39 c2 8e 66 9e c4 15 2c
    78 1d c0 9f bc ec 9f 7f ac 41 45 82 18 8d 27 13
    a6 7d bc 14 5b f2 10 cf 7a 11 79 5f e4 bc b7 78
    cd 60 d0 7d ff d3 a6 65 2b 0e 6b ff 3b a2 c1 d9
    c3 32 66 51 3d 53 e7 38 89 8d 6e 86 d3 c9 25 d3
    a3 03 8b 53 9e 7e 86 2d
<<< TLS 1.2, RecordHeader [length 0005]
    17 03 03 00 45
<<< TLS 1.3, InnerContent [length 0001]
    16
<<< TLS 1.3, Handshake [length 0034], Finished
    14 00 00 30 fd df 3e 89 44 fe 88 5f a6 1a 1d ec
    b9 69 52 c6 26 c6 e3 4f fa f5 86 12 f7 5b 69 b7
    d9 cf df b1 8f 2c 03 e8 bf e1 21 f3 bf 45 6d b0
    34 ae 5d 7e
>>> TLS 1.2, RecordHeader [length 0005]
    17 03 03 00 45
>>> TLS 1.2, InnerContent [length 0001]
    16
>>> TLS 1.3, Handshake [length 0034], Finished
    14 00 00 30 2e 2b 21 29 7b b3 e0 97 e3 d0 e3 c2
    19 53 8c 53 3f 6c da 2f 0c ba 3e 55 da 20 e1 ec
    5c e5 11 30 13 49 65 cf 37 76 d8 f9 a4 70 de 41
    f5 f8 3b 7f
---
Certificate chain
 0 s:CN=server.example
   i:CN=Root CA
   a:PKEY: RSA, 2048 (bit); sigalg: sha256WithRSAEncryption
   v:NotBefore: Jan 14 22:29:46 2016 GMT; NotAfter: Jan 15 22:29:46 2116 GMT
---
Server certificate
-----BEGIN CERTIFICATE-----
MIIDJTCCAg2gAwIBAgIBAjANBgkqhkiG9w0BAQsFADASMRAwDgYDVQQDDAdSb290
IENBMCAXDTE2MDExNDIyMjk0NloYDzIxMTYwMTE1MjIyOTQ2WjAZMRcwFQYDVQQD
DA5zZXJ2ZXIuZXhhbXBsZTCCASIwDQYJKoZIhvcNAQEBBQADggEPADCCAQoCggEB
ANVdYGrf/GHuSKqMEUhDpW22Ul2qmEmxYZI1sfw6BCUMbXn/tNXJ6VwcO+Crs7h9
o95tveDd11q/FEcRQl6mgtBhwX/dE0bmCYUHDvLU/Bpk0gqtIKsga5bwrczEGVNV
3AEdpLPvirRJU12KBRzx3OFEv8XX4ncZV1yXC3XuiENxD8pswbSyUKd3RmxYDxG/
8XYkWq45QrdRZynh0FUwbxfkkeqt+CjCQ2+iZKn7nZiSYkg+6w1PgkqK/z9y7pa1
rqHBmLrvfZB1bf9aUp6r9cB+0IdD24UHBw99OHr90dPuZR3T6jlqhzfuStPgDW71
cKzCvfFu85KVXqnwoWWVk40CAwEAAaN9MHswHQYDVR0OBBYEFMDnhL/oWSczELBS
T1FSLwbWwHrNMB8GA1UdIwQYMBaAFHB/Lq6DaFmYBCMqzes+F80k3QFJMAkGA1Ud
EwQCMAAwEwYDVR0lBAwwCgYIKwYBBQUHAwEwGQYDVR0RBBIwEIIOc2VydmVyLmV4
YW1wbGUwDQYJKoZIhvcNAQELBQADggEBAHvTBEN1ig8RrsT716Ginv4gGNX0LzGI
RrZ1jO7lm5emuaPNYJpGw0iX5Zdo91qGNXPZaZ75X3S55pQTActq3OPEBOll2pyk
iyjz+Zp/v5cfRZLlBbFW5gv2R94eibYr4U3fSn4B0yPcl4xH/l/HzJhGDsSDW8qK
8VIJvmvsPwmL0JMCv+FR59F+NFYZdND/KCXet59WUpF9ICmFCoBEX3EyJXEPwhbi
X2sdPzJbCjx0HLli8e0HUKNttLQxCsBTRGo6iISLLamwN47mGDa9miBADwGSiz2q
YeeuLO02zToHhnQ6KbPXOrQAqcL1kngO4g+j/ru+4AZThFkdkGnltvk=
-----END CERTIFICATE-----
subject=CN=server.example
issuer=CN=Root CA
---
No client certificate CA names sent
Peer signing digest: SHA256
Peer signature type: rsa_pss_rsae_sha256
Negotiated TLS1.3 group: X25519MLKEM768
---
SSL handshake has read 2546 bytes and written 1702 bytes
Verification error: unable to verify the first certificate
---
New, TLSv1.3, Cipher is TLS_AES_256_GCM_SHA384
Protocol: TLSv1.3
Server public key is 2048 bit
This TLS version forbids renegotiation.
Compression: NONE
Expansion: NONE
No ALPN negotiated
Early data was not sent
Verify return code: 21 (unable to verify the first certificate)
---
>>> TLS 1.2, RecordHeader [length 0005]
    17 03 03 00 13
>>> TLS 1.2, InnerContent [length 0001]
    15
>>> TLS 1.3, Alert [length 0002], warning close_notify
    01 00
Connecting to 127.0.0.1
SSL_connect:before SSL initialization
SSL_connect:SSLv3/TLS write client hello
SSL_connect:SSLv3/TLS write client hello
SSL_connect:SSLv3/TLS read server hello
SSL_connect:SSLv3/TLS write change cipher spec
SSL_connect:SSLv3/TLS write client hello
SSL_connect:SSLv3/TLS write client hello
SSL_connect:SSLv3/TLS read server hello
Can't use SSL_get_servername
SSL_connect:TLSv1.3 read encrypted extensions
depth=0 CN=server.example
verify error:num=20:unable to get local issuer certificate
verify return:1
depth=0 CN=server.example
verify error:num=21:unable to verify the first certificate
verify return:1
depth=0 CN=server.example
verify return:1
SSL_connect:SSLv3/TLS read server certificate
SSL_connect:TLSv1.3 read server certificate verify
SSL_connect:SSLv3/TLS read finished
SSL_connect:SSLv3/TLS write finished
DONE
SSL3 alert write:warning:close notify
