CONNECTED(00000003)
>>> TLS 1.0, RecordHeader [length 0005]
    16 03 01 00 d6
>>> TLS 1.3, Handshake [length 00d6], ClientHello
    01 00 00 d2 03 03 79 d7 15 1b ea 6c 18 84 34 7a
    b7 1f 22 e1 6a 13 b3 1a 00 4d 2c 4e 96 66 60 b7
    44 d6 71 e6 8b 56 20 d0 a2 55 68 88 93 a3 08 8b
    b7 01 6a 05 95 3e 0c 1d 46 82 d1 b2 9d d5 fa 5c
    fc ac 60 8a 24 4e 41 00 06 13 02 13 03 13 01 01
    00 00 83 00 0b 00 04 03 00 01 02 00 0a 00 06 00
    04 00 1d 11 ec 00 23 00 00 00 16 00 00 00 17 00
    00 00 0d 00 2a 00 28 09 05 09 06 09 04 04 03 05
    03 06 03 08 07 08 08 08 1a 08 1b 08 1c 08 09 08
    0a 08 0b 08 04 08 05 08 06 04 01 05 01 06 01 00
    2b 00 03 02 03 04 00 2d 00 02 01 01 00 33 00 26
    00 24 00 1d 00 20 d8 74 5e a5 d1 e7 16 b1 1f 84
    dd 6d ad e1 b1 3a 52 d9 14 3a ef 4d 7b 2b 77 ac
    18 52 ad d9 f8 09
<<< TLS 1.2, RecordHeader [length 0005]
    16 03 03 00 58
<<< TLS 1.3, Handshake [length 0058], ServerHello
    02 00 00 54 03 03 cf 21 ad 74 e5 9a 61 11 be 1d
    8c 02 1e 65 b8 91 c2 a2 11 16 7a bb 8c 5e 07 9e
    09 e2 c8 a8 33 9c 20 d0 a2 55 68 88 93 a3 08 8b
    b7 01 6a 05 95 3e 0c 1d 46 82 d1 b2 9d d5 fa 5c
    fc ac 60 8a 24 4e 41 13 02 00 00 0c 00 2b 00 02
    03 04 00 33 00 02 11 ec
>>> TLS 1.2, RecordHeader [length 0005]
    14 03 03 00 01
>>> TLS 1.3, ChangeCipherSpec [length 0001]
    01
>>> TLS 1.2, RecordHeader [length 0005]
    16 03 03 05 76
>>> TLS 1.3, Handshake [length 0576], ClientHello
    01 00 05 72 03 03 79 d7 15 1b ea 6c 18 84 34 7a
    b7 1f 22 e1 6a 13 b3 1a 00 4d 2c 4e 96 66 60 b7
    44 d6 71 e6 8b 56 20 d0 a2 55 68 88 93 a3 08 8b
    b7 01 6a 05 95 3e 0c 1d 46 82 d1 b2 9d d5 fa 5c
    fc ac 60 8a 24 4e 41 00 06 13 02 13 03 13 01 01
    00 05 23 00 0b 00 04 03 00 01 02 00 0a 00 06 00
    04 00 1d 11 ec 00 23 00 00 00 16 00 00 00 17 00
    00 00 0d 00 2a 00 28 09 05 09 06 09 04 04 03 05
    03 06 03 08 07 08 08 08 1a 08 1b 08 1c 08 09 08
    0a 08 0b 08 04 08 05 08 06 04 01 05 01 06 01 00
    2b 00 03 02 03 04 00 2d 00 02 01 01 00 33 04 c6
    04 c4 11 ec 04 c0 ad 4a 67 07 f2 34 fb 97 b7 ab
    01 7a 7e 0c b4 fd 76 25 87 12 49 59 66 93 be e3
    6c 17 04 c5 f1 64 a9 e1 6b 1b 7c 66 71 c5 f8 5e
    e6 87 06 03 79 9a f7 b1 79 90 a2 a4 ae b8 94 f9
    bb 77 e0 9c 12 12 f0 c3 d5 69 9a 5d b3 2b 6a 42
    79 99 5b cd 2e bc 27 e4 38 a6 9f ea 4e 31 c7 90
    6c c1 77 7f a9 45 3a e5 71 62 40 51 a0 13 22 8a
    7c 29 1b b9 30 ee 65 ac 30 08 76 48 ca b7 d8 38
    5c 85 89 05 1b ba 2f 3f 32 0b 56 90 c9 ea 86 41
    9f 40 ca 70 90 bd 0a e7 15 c6 2b bc 52 f4 91 85
    3a 45 4d ec 95 4c 3c 9f 4f 97 c0 c3 cb 7a 78 93
    6f a5 71 4d 08 cc 40 24 45 4e 7d c6 62 e7 81 32
    f3 e9 3e b5 d0 ab bd 74 12 e1 0b 27 04 c4 a1 b0
    f3 c3 50 72 bd c9 81 23 a1 53 5c 6f a5 96 4d 8a
    cb f8 c4 85 52 b4 71 fd 39 7b 1b f9 34 07 09 71
    f3 52 c4 58 19 2e 8c 39 ce c6 51 34 68 26 ad 03
    60 75 94 32 47 c9 21 c5 aa 30 bf 6a 8a b3 b2 26
    5c f4 ba 02 ee ab 89 2b ca 2a 3b 77 1f bd 41 69
    5d 34 a5 99 80 45 a3 fa 07 65 e6 7d e2 fc 46 c6
    82 83 d7 80 b6 00 63 37 5c e3 b4 f5 89 b0 f5 58
    a2 90 a8 78 8b 74 74 bb c5 8e c5 66 6a 8a 95 71
    dd 53 65 cc ec a9 e2 48 14 60 b0 8c 50 21 57 96
    8b 70 a3 cb 41 e9 d4 0a 90 0b 90 d6 2b 37 6f bc
    c9 03 76 a0 63 07 73 e1 a9 3f e3 c8 b9 98 82 1f
    9f 79 b3 9e 12 65 a2 f7 5e 35 5a 7f e9 07 00 ea
    f0 0b a2 2a 33 c1 57 38 52 53 33 ca 9c 1f ef 85
    47 f6 96 1c 6e a6 c3 87 3c 57 c9 34 54 68 8a 4c
    46 84 3c 75 44 20 be b0 17 70 da 69 7a fa 43 29
    c2 97 23 46 c9 8a 87 2c 54 f3 af 31 3a 76 e7 e5
    23 5a cb 17 2c 79 99 d7 a0 34 1d 6c 24 98 60 21
    be 59 00 4d f5 69 9e e4 4d 43 72 ba 1a 34 5e cd
    1a c3 41 f0 6a fc 48 cb 6a 68 c5 82 c1 6a ca b9
    1e e4 84 ca 66 23 b2 86 c0 6c 48 50 5a a4 53 2f
    ea a8 4d 4d 59 cd 6d 17 28 5b 2b 5d f8 01 c6 99
    33 bf 28 b2 32 e6 e1 3f 4f d1 4d 5b 0a 98 7a 85
    95 e9 3c 43 fc c3 61 5d c5 5d bb ab 30 58 a2 c5
    c9 e7 b3 fb 8b ba a9 08 2f 7d fa 18 5c 0b c1 b3
    7b b7 8c fa 13 c5 01 21 49 80 3e ce 8a 36 79 e1
    b4 2c 89 78 62 b9 38 75 54 39 45 73 6e 95 ba 4e
    37 d2 39 00 41 ce f7 b5 a7 34 4b 14 51 40 6f e2
    31 c8 09 38 af 19 93 5f 82 41 2a 06 2c 3b 9a b0
    14 42 44 56 e7 a5 2a 29 02 98 9e d5 93 f8 e9 bd
    c6 86 23 ad b1 41 0b 9a 26 99 2b ae c3 b2 5c ac
    b9 2f ea 63 7a 6c 19 23 80 8a 93 9b 7b a8 4e 93
    07 62 10 b6 d3 24 58 96 c9 10 62 a8 c2 74 1c ad
    e9 ca 88 87 57 35 7b 7c 35 6a 05 46 3f b9 af f9
    7b 19 56 86 26 54 02 28 e3 70 ba 32 82 45 74 07
    33 b0 16 c0 41 db 60 04 6c 94 21 59 b2 fa bb 10
    6c eb 10 6d cb 4b 31 3c 23 4f 41 74 8f 96 80 33
    ea 2e 6b 5c 32 6b b9 b3 fc b5 a0 f1 67 68 67 b5
    b9 1f 9a 1d cc 09 3e 82 55 99 22 77 0f bf 49 ab
    1e aa 43 7d 0b 97 19 b4 4e 62 6b a2 17 2c ab 03
    63 16 cc 66 41 d9 56 cf 56 f8 1e a0 04 8a 8d 03
    bb 2b 21 77 19 f5 bd 87 cc 0c 05 22 ba 5b d6 a3
    17 18 61 54 03 33 43 ec a5 4e 39 c4 68 cc 82 c6
    36 0e a6 93 0c c5 a1 52 97 72 a7 e4 e1 2e a1 30
    18 36 85 96 9f d0 cd b9 ba 44 64 17 b8 95 71 9c
    3f 70 92 2d 96 16 35 c6 33 1f a4 c1 f0 3b 15 d3
    a5 39 46 46 7a 1d 98 6c e1 16 84 cd 13 b1 00 98
    a5 7c 22 4e ff cc 93 7d b4 1b 66 a6 b3 e9 ea 49
    11 fa 71 2f 2b 99 55 13 83 9a c0 87 e7 ea 84 f4
    2b 42 77 8c 49 a6 31 2e 6b 83 b8 10 37 76 af 14
    bd 72 a7 47 4b 92 c7 83 f1 be e2 bc 43 0d aa 0a
    f4 20 8f 7a 88 71 3f 59 2f 82 c5 04 96 33 1a 9d
    55 55 71 67 7f d4 73 c8 a8 70 2f 0e 47 af 40 dc
    53 79 36 4a 0d bc 5a 7f 23 0e 99 c0 52 37 b9 57
    aa 98 69 11 f5 65 38 02 8b 79 10 51 c9 e9 48 7f
    66 18 e9 e8 3e 5d 87 56 01 f5 c6 1a 09 5c bb a5
    c4 6c 9c 2c 78 65 71 87 58 c1 e8 03 51 f0 22 2a
    bc b3 36 a4 1b 3e 85 d0 86 f7 d8 9b cd 50 28 4a
    c3 7d 95 17 2b b4 3c 17 18 92 50 a6 f5 13 c4 76
    62 68 53 a5 b0 52 64 b8 b5 93 3c 50 96 64 5a 16
    74 eb 96 64 c7 21 ad 54 c7 64 6a 05 ab ff 92 71
    55 2c ef 96 86 01 d2 f2 e0 cb 03 31 0d 82 2d 1f
    7a 16 b8 af 78 a4 a3 07 62 83 99 af e3 f9 c8 05
    9c ff 63 92 29 5e bb 92 37 a8 f6 56 af 07 ed 21
    fc 05 6e 99 ca 63
<<< TLS 1.2, RecordHeader [length 0005]
    14 03 03 00 01
<<< TLS 1.3, ChangeCipherSpec [length 0001]
    01
<<< TLS 1.2, RecordHeader [length 0005]
    16 03 03 04 ba
<<< TLS 1.3, Handshake [length 04ba], ServerHello
    02 00 04 b6 03 03 84 e3 8c 9b 21 39 a8 cf b7 ea
    a2 43 19 9c bf cd da cb a9 9c d3 62 a8 84 bd 92
    5a 82 bd 87 f1 a8 20 d0 a2 55 68 88 93 a3 08 8b
    b7 01 6a 05 95 3e 0c 1d 46 82 d1 b2 9d d5 fa 5c
    fc ac 60 8a 24 4e 41 13 02 00 04 6e 00 2b 00 02
    03 04 00 33 04 64 11 ec 04 60 19 99 ea 48 b0 84
    59 ca e2 a6 85 42 22 67 00 83 3a ec ac 3d 5b 0a
    4b 4f ff 81 d6 c9 24 95 86 69 ab d1 30 4a 34 d4
    56 91 d6 41 eb d5 d7 ad ac 74 91 06 ec 77 c6 7b
    61 04 96 bc f1 4b ea c9 f1 90 b7 9d 52 55 12 49
    eb d2 ec c4 b5 41 2d d5 62 d2 5a 6d 1f d6 9b c5
    bf f2 56 dd 6c 1e 27 79 e4 6b 3d 1e f5 91 5d 20
    1a 16 ac af 63 b2 9d 0b 18 5a f6 9e 67 f8 87 07
    9a 56 0e 58 b6 af 58 6e f0 6f 93 97 10 32 77 08
    08 c8 bf a5 78 a5 e2 b9 e1 f9 df 82 b0 c7 a4 f7
    52 33 08 1c 8a da df 95 d9 70 a2 73 e3 26 d0 24
    7a 80 17 a7 db a7 9a 97 87 fb 18 a7 56 d6 33 bc
    03 c9 3c ba 65 7a dd 79 8a cb f9 13 45 9f 44 14
    37 b6 9c 1e e0 76 23 dc 10 dd 54 7e e0 a5 57 2a
    ca 17 7b 38 8f 8c 70 6c cc 4f 32 8c fd 61 50 f1
    4f 4a 72 0a fc 25 00 37 8f e9 5f 29 7e 08 c5 28
    3d 66 56 fd a8 55 f1 15 32 4f 98 97 d8 a8 6e c0
    27 54 22 1d 3d ca 88 63 f8 55 42 69 6b e7 6e b3
    4a 2c dc ab 33 01 81 94 0a e9 60 31 08 83 f5 6d
    2e 73 50 92 fd 26 53 e6 c7 19 01 3a 25 42 3a 12
    bf d2 db e1 7e 22 cd 3e d7 b1 27 5c 9b 1e e1 85
    71 d0 b5 08 7b 0b c7 4f 4d 31 42 7d 3f 88 f1 13
    2f 35 9d cc a5 c0 e5 af 7a 9a bf 46 a1 f4 22 e8
    78 4a 65 7b 4a 61 f5 6a 35 10 4a 6b ee ee 54 e4
    5a b5 7c e5 d0 46 57 30 44 e0 8c 1f f2 f1 4f bd
    52 e6 b5 39 f7 0a 7b ee 61 52 42 94 3e e5 46 1e
    e9 f0 33 12 09 47 18 b7 aa 60 b0 59 15 64 f8 df
    a1 f0 c8 60 50 80 f2 21 d3 90 67 7b 8c d3 47 68
    07 c2 e7 13 b0 4c 72 b9 6d 7a 9a 7c 11 7e 20 67
    10 a0 bb bb b2 12 2d 24 87 4b 2f 84 25 f4 fa aa
    f4 66 19 42 d2 87 3c c7 3e d9 34 81 6a 85 b1 bd
    c8 5c dc bd 6d 0b 80 fa d5 3d 76 b4 b0 34 df 3a
    2a 47 35 d0 9e 84 fb c1 5b 07 be d9 ad 08 4d 6e
    1b 3d d2 35 c4 1f 30 c7 89 a7 7f 4f b8 da fa 46
    af 19 53 6b fd e3 24 80 97 51 ca af 7c cd 57 51
    8b 55 82 4b 1f fd d1 e7 ed ad b2 8e 01 a6 69 5b
    37 09 6b 8e 0b 1b 35 17 2a 2a aa cc 2e 96 ca 2b
    bf 27 7f a6 c1 3a a2 1d bb f1 7b 71 f1 ed c5 c8
    e4 d0 7f 45 b4 c8 5d 83 ad fb 35 6b bf 05 27 c5
    35 f0 8f b3 30 a2 87 fe 3a 9f 75 ec ac 7d a1 1d
    b4 fc ed c6 61 9c ee 3d b6 bb d7 c0 cf 71 31 dd
    ee 68 ee be c2 01 81 49 60 d9 ed 8f 64 73 89 d3
    e5 d2 55 64 8f 22 a0 e5 39 bd 83 b3 09 4f 03 99
    26 17 4c 9f 6d d0 05 ee 2e 98 bb 61 88 cc 2c 0b
    c4 34 0a e2 b4 a9 53 97 30 5b ad 3d 60 cf 55 a3
    a1 73 4e ff 3c 0d c1 32 a4 4f 60 ca 7c 08 24 02
    79 06 35 31 6b 7f 7f 28 53 c0 76 43 ca fa 25 95
    ff d6 95 75 11 c7 32 51 9f 33 08 3b 3e f0 f5 55
    2a 28 0f 0b db 81 f4 58 26 5c f9 c8 57 6b 8b 31
    cd cb e8 26 79 c3 52 34 e5 dd 2b b5 09 1a c0 4f
    b4 dc e6 cb 8d 4b 23 41 29 05 03 8f 09 4e 89 28
    ed 1f 09 c7 07 74 53 29 09 95 18 49 e7 b8 07 4e
    f2 aa f1 a1 ad 8c 9c 5c 2d 3e 79 83 00 1a 60 1b
    e0 65 06 8b 4a bf 21 62 30 30 0e 5e f2 b0 fc 31
    99 fd c3 a9 06 4c 43 79 23 d4 de 42 c9 30 b1 54
    f5 e0 31 85 b4 79 0b e6 30 70 10 00 72 2e 07 96
    48 60 05 0c f9 74 42 c0 89 96 02 9d 1e db bb 9e
    c5 37 72 cf dc b6 22 8d 7b a0 3d 5f b0 08 68 f8
    04 6e c0 e3 1e 0d dc 1f a3 de 90 f0 25 fc 4a 72
    f9 d7 9b ae 19 76 3a 7e c4 b3 ec da c1 c3 8c 34
    1d 41 6d aa ce 6c 07 f6 0c 40 76 21 53 b1 60 54
    68 48 7d f7 1b 69 fa c5 4c 2a ac 67 06 a9 f8 3f
    3a a9 cb d7 bd 6a 6e 2c bc 0e 0d 97 2e c3 20 fa
    17 79 b8 81 43 de 65 e1 5b 93 21 a8 a2 a4 a5 af
    24 22 57 b9 c8 0f 13 c8 a5 59 82 33 51 28 11 59
    64 0f 82 e5 35 52 6c 40 cc a8 73 c2 f0 9a 12 c3
    aa 53 83 1c 0c 93 e5 c5 27 00 f2 28 5f 34 d8 20
    47 b1 f6 32 02 62 9d 11 77 e1 b5 6a 7b 25 6b ae
    14 06 25 f5 64 4f b0 20 f8 03 0e b8 04 58 70 5a
    b4 fe 4b f1 da 3e c2 bf 88 38 54 5c 7f 12 d8 dd
    d8 5c bf 00 fe c2 a3 1e 98 07
<<< TLS 1.2, RecordHeader [length 0005]
    17 03 03 00 17
<<< TLS 1.3, InnerContent [length 0001]
    16
<<< TLS 1.3, Handshake [length 0006], EncryptedExtensions
    08 00 00 02 00 00
<<< TLS 1.2, RecordHeader [length 0005]
    17 03 03 03 47
<<< TLS 1.3, InnerContent [length 0001]
    16
<<< TLS 1.3, Handshake [length 0336], Certificate
    0b 00 03 32 00 00 03 2e 00 03 29 30 82 03 25 30
    82 02 0d a0 03 02 01 02 02 01 02 30 0d 06 09 2a
    86 48 86 f7 0d 01 01 0b 05 00 30 12 31 10 30 0e
    06 03 55 04 03 0c 07 52 6f 6f 74 20 43 41 30 20
    17 0d 31 36 30 31 31 34 32 32 32 39 34 36 5a 18
    0f 32 31 31 36 30 31 31 35 32 32 32 39 34 36 5a
    30 19 31 17 30 15 06 03 55 04 03 0c 0e 73 65 72
    76 65 72 2e 65 78 61 6d 70 6c 65 30 82 01 22 30
    0d 06 09 2a 86 48 86 f7 0d 01 01 01 05 00 03 82
    01 0f 00 30 82 01 0a 02 82 01 01 00 d5 5d 60 6a
    df fc 61 ee 48 aa 8c 11 48 43 a5 6d b6 52 5d aa
    98 49 b1 61 92 35 b1 fc 3a 04 25 0c 6d 79 ff b4
    d5 c9 e9 5c 1c 3b e0 ab b3 b8 7d a3 de 6d bd e0
    dd d7 5a bf 14 47 11 42 5e a6 82 d0 61 c1 7f dd
    13 46 e6 09 85 07 0e f2 d4 fc 1a 64 d2 0a ad 20
    ab 20 6b 96 f0 ad cc c4 19 53 55 dc 01 1d a4 b3
    ef 8a b4 49 53 5d 8a 05 1c f1 dc e1 44 bf c5 d7
    e2 77 19 57 5c 97 0b 75 ee 88 43 71 0f ca 6c c1
    b4 b2 50 a7 77 46 6c 58 0f 11 bf f1 76 24 5a ae
    39 42 b7 51 67 29 e1 d0 55 30 6f 17 e4 91 ea ad
    f8 28 c2 43 6f a2 64 a9 fb 9d 98 92 62 48 3e eb
    0d 4f 82 4a 8a ff 3f 72 ee 96 b5 ae a1 c1 98 ba
    ef 7d 90 75 6d ff 5a 52 9e ab f5 c0 7e d0 87 43
    db 85 07 07 0f 7d 38 7a fd d1 d3 ee 65 1d d3 ea
    39 6a 87 37 ee 4a d3 e0 0d 6e f5 70 ac c2 bd f1
    6e f3 92 95 5e a9 f0 a1 65 95 93 8d 02 03 01 00
    01 a3 7d 30 7b 30 1d 06 03 55 1d 0e 04 16 04 14
    c0 e7 84 bf e8 59 27 33 10 b0 52 4f 51 52 2f 06
    d6 c0 7a cd 30 1f 06 03 55 1d 23 04 18 30 16 80
    14 70 7f 2e ae 83 68 59 98 04 23 2a cd eb 3e 17
    cd 24 dd 01 49 30 09 06 03 55 1d 13 04 02 30 00
    30 13 06 03 55 1d 25 04 0c 30 0a 06 08 2b 06 01
    05 05 07 03 01 30 19 06 03 55 1d 11 04 12 30 10
    82 0e 73 65 72 76 65 72 2e 65 78 61 6d 70 6c 65
    30 0d 06 09 2a 86 48 86 f7 0d 01 01 0b 05 00 03
    82 01 01 00 7b d3 04 43 75 8a 0f 11 ae c4 fb d7
    a1 a2 9e fe 20 18 d5 f4 2f 31 88 46 b6 75 8c ee
    e5 9b 97 a6 b9 a3 cd 60 9a 46 c3 48 97 e5 97 68
    f7 5a 86 35 73 d9 69 9e f9 5f 74 b9 e6 94 13 01
    cb 6a dc e3 c4 04 e9 65 da 9c a4 8b 28 f3 f9 9a
    7f bf 97 1f 45 92 e5 05 b1 56 e6 0b f6 47 de 1e
    89 b6 2b e1 4d df 4a 7e 01 d3 23 dc 97 8c 47 fe
    5f c7 cc 98 46 0e c4 83 5b ca 8a f1 52 09 be 6b
    ec 3f 09 8b d0 93 02 bf e1 51 e7 d1 7e 34 56 19
    74 d0 ff 28 25 de b7 9f 56 52 91 7d 20 29 85 0a
    80 44 5f 71 32 25 71 0f c2 16 e2 5f 6b 1d 3f 32
    5b 0a 3c 74 1c b9 62 f1 ed 07 50 a3 6d b4 b4 31
    0a c0 53 44 6a 3a 88 84 8b 2d a9 b0 37 8e e6 18
    36 bd 9a 20 40 0f 01 92 8b 3d aa 61 e7 ae 2c ed
    36 cd 3a 07 86 74 3a 29 b3 d7 3a b4 00 a9 c2 f5
    92 78 0e e2 0f a3 fe bb be e0 06 53 84 59 1d 90
    69 e5 b6 f9 00 00
<<< TLS 1.2, RecordHeader [length 0005]
    17 03 03 01 19
<<< TLS 1.3, InnerContent [length 0001]
    16
<<< TLS 1.3, Handshake [length 0108], CertificateVerify
    0f 00 01 04 08 04 01 00 93 a1 56 53 6a e2 52 c0
    90 86 53 3b 10 81 62 3f 6b 7f 2b 94 33 0a e0 a3
    c1 67 9a 40 52 84 c9 12 fd 27 bf 5f 3f 49 12 db
    88 75 78 f4 b8 93 9c ad 37 96 91 c5 2a 6c 6b 91
    d3 8a 6a ea 39 16 d3 a8 94 e4 a3 b3 8d 81 ef e7
    f7 61 e8 56 40 05 30 51 98 a3 e7 ce f5 17 16 61
    2c 9e 20 f7 1f c1 bb 7f bc 0c 06 9b 2e 78 de 4c
    e9 24 57 52 26 b5 2e f8 87 8e b6 79 1c 87 c4 fe
    62 f3 04 27 af fe e0 eb 3a b3 cb 85 95 03 83 07
    f4 e3 2f 3d 2a 5b 3f 57 db 6d 0a 3a c5 66 a6 c9
    a8 1d 86 f1 f2 77 3a da 21 a1 e4 d8 f6 4f 98 42
    85 a9 68 ac c3 c7 19 5a 9e e6 a0 c7 16 17 62 56
    6a 73 e0 9f 62 be f6 02 3f a0 f0 bf f0 a8 78 07
    75 0c a1 54 08 2e 86 63 df 7b 4b 46 fe 83 30 b2
    7f 01 67 89 13 74 46 02 2f ff 1c 84 1b a4 50 89
    99 a1 03 9c 4f 92 f8 18 29 10 ed 2c 01 aa 3d ca
    05 41 2b 8e 68 00 01 92
<<< TLS 1.2, RecordHeader [length 0005]
    17 03 03 00 45
<<< TLS 1.3, InnerContent [length 0001]
    16
<<< TLS 1.3, Handshake [length 0034], Finished
    14 00 00 30 4b 89 2c 75 a5 83 b7 86 b1 cf da e0
    73 36 cc d9 7d 95 f9 ac 01 c8 46 c2 6e 36 4f 34
    54 b5 64 22 d6 f8 2f 7a 73 2b 3a ac 67 f1 66 d2
    06 9c f6 84
>>> TLS 1.2, RecordHeader [length 0005]
    17 03 03 00 45
>>> TLS 1.2, InnerContent [length 0001]
    16
>>> TLS 1.3, Handshake [length 0034], Finished
    14 00 00 30 2f a2 5b cd 9f 88 68 81 59 6d 24 5e
    44 97 ef a6 a1 b5 f7 23 0d 32 53 fa 74 24 4c 48
    2e f9 bc 9b bf dd 12 ec 9c 04 f3 19 f9 a6 99 7f
    e5 8c c6 a5
---
Certificate chain
 0 s:CN=server.example
   i:CN=Root CA
   a:PKEY: RSA, 2048 (bit); sigalg: sha256WithRSAEncryption
   v:NotBefore: Jan 14 22:29:46 2016 GMT; NotAfter: Jan 15 22:29:46 2116 GMT
---
Server certificate
-----BEGIN CERTIFICATE-----
MIIDJTCCAg2gAwIBAgIBAjANBgkqhkiG9w0BAQsFADASMRAwDgYDVQQDDAdSb290
IENBMCAXDTE2MDExNDIyMjk0NloYDzIxMTYwMTE1MjIyOTQ2WjAZMRcwFQYDVQQD
DA5zZXJ2ZXIuZXhhbXBsZTCCASIwDQYJKoZIhvcNAQEBBQADggEPADCCAQoCggEB
ANVdYGrf/GHuSKqMEUhDpW22Ul2qmEmxYZI1sfw6BCUMbXn/tNXJ6VwcO+Crs7h9
o95tveDd11q/FEcRQl6mgtBhwX/dE0bmCYUHDvLU/Bpk0gqtIKsga5bwrczEGVNV
3AEdpLPvirRJU12KBRzx3OFEv8XX4ncZV1yXC3XuiENxD8pswbSyUKd3RmxYDxG/
8XYkWq45QrdRZynh0FUwbxfkkeqt+CjCQ2+iZKn7nZiSYkg+6w1PgkqK/z9y7pa1
rqHBmLrvfZB1bf9aUp6r9cB+0IdD24UHBw99OHr90dPuZR3T6jlqhzfuStPgDW71
cKzCvfFu85KVXqnwoWWVk40CAwEAAaN9MHswHQYDVR0OBBYEFMDnhL/oWSczELBS
T1FSLwbWwHrNMB8GA1UdIwQYMBaAFHB/Lq6DaFmYBCMqzes+F80k3QFJMAkGA1Ud
EwQCMAAwEwYDVR0lBAwwCgYIKwYBBQUHAwEwGQYDVR0RBBIwEIIOc2VydmVyLmV4
YW1wbGUwDQYJKoZIhvcNAQELBQADggEBAHvTBEN1ig8RrsT716Ginv4gGNX0LzGI
RrZ1jO7lm5emuaPNYJpGw0iX5Zdo91qGNXPZaZ75X3S55pQTActq3OPEBOll2pyk
iyjz+Zp/v5cfRZLlBbFW5gv2R94eibYr4U3fSn4B0yPcl4xH/l/HzJhGDsSDW8qK
8VIJvmvsPwmL0JMCv+FR59F+NFYZdND/KCXet59WUpF9ICmFCoBEX3EyJXEPwhbi
X2sdPzJbCjx0HLli8e0HUKNttLQxCsBTRGo6iISLLamwN47mGDa9miBADwGSiz2q
YeeuLO02zToHhnQ6KbPXOrQAqcL1kngO4g+j/ru+4AZThFkdkGnltvk=
-----END CERTIFICATE-----
subject=CN=server.example
issuer=CN=Root CA
---
No client certificate CA names sent
Peer signing digest: SHA256
Peer signature type: rsa_pss_rsae_sha256
Negotiated TLS1.3 group: X25519MLKEM768
---
SSL handshake has read 2546 bytes and written 1702 bytes
Verification error: unable to verify the first certificate
---
New, TLSv1.3, Cipher is TLS_AES_256_GCM_SHA384
Protocol: TLSv1.3
Server public key is 2048 bit
This TLS version forbids renegotiation.
Compression: NONE
Expansion: NONE
No ALPN negotiated
Early data was not sent
Verify return code: 21 (unable to verify the first certificate)
---
>>> TLS 1.2, RecordHeader [length 0005]
    17 03 03 00 13
>>> TLS 1.2, InnerContent [length 0001]
    15
>>> TLS 1.3, Alert [length 0002], warning close_notify
    01 00
Connecting to 127.0.0.1
SSL_connect:before SSL initialization
SSL_connect:SSLv3/TLS write client hello
SSL_connect:SSLv3/TLS write client hello
SSL_connect:SSLv3/TLS read server hello
SSL_connect:SSLv3/TLS write change cipher spec
SSL_connect:SSLv3/TLS write client hello
SSL_connect:SSLv3/TLS write client hello
SSL_connect:SSLv3/TLS read server hello
Can't use SSL_get_servername
SSL_connect:TLSv1.3 read encrypted extensions
depth=0 CN=server.example
verify error:num=20:unable to get local issuer certificate
verify return:1
depth=0 CN=server.example
verify error:num=21:unable to verify the first certificate
verify return:1
depth=0 CN=server.example
verify return:1
SSL_connect:SSLv3/TLS read server certificate
SSL_connect:TLSv1.3 read server certificate verify
SSL_connect:SSLv3/TLS read finished
SSL_connect:SSLv3/TLS write finished
DONE
SSL3 alert write:warning:close notify
