CONNECTED(00000003)
>>> TLS 1.0, RecordHeader [length 0005]
    16 03 01 00 d6
>>> TLS 1.3, Handshake [length 00d6], ClientHello
    01 00 00 d2 03 03 95 12 eb 5d 5c 97 1c dd 6e c5
    39 8b 2a 99 aa 34 eb a6 db 16 54 76 88 b9 3f ea
    05 e7 2b 79 bb 66 20 16 33 3c a1 de 53 2d b5 1e
    70 98 ad 47 e6 6f 61 48 df 1b e8 94 00 ef df d8
    11 d5 a8 1d 1f a0 ab 00 06 13 02 13 03 13 01 01
    00 00 83 00 0b 00 04 03 00 01 02 00 0a 00 06 00
    04 00 1d 11 ec 00 23 00 00 00 16 00 00 00 17 00
    00 00 0d 00 2a 00 28 09 05 09 06 09 04 04 03 05
    03 06 03 08 07 08 08 08 1a 08 1b 08 1c 08 09 08
    0a 08 0b 08 04 08 05 08 06 04 01 05 01 06 01 00
    2b 00 03 02 03 04 00 2d 00 02 01 01 00 33 00 26
    00 24 00 1d 00 20 ea bd 4a e6 ee 3e 84 08 ef 67
    47 6a fa 41 70 8a 36 56 08 f9 2e cf d3 9f 0c 85
    25 54 0a 77 aa 18
<<< TLS 1.2, RecordHeader [length 0005]
    16 03 03 00 58
<<< TLS 1.3, Handshake [length 0058], ServerHello
    02 00 00 54 03 03 cf 21 ad 74 e5 9a 61 11 be 1d
    8c 02 1e 65 b8 91 c2 a2 11 16 7a bb 8c 5e 07 9e
    09 e2 c8 a8 33 9c 20 16 33 3c a1 de 53 2d b5 1e
    70 98 ad 47 e6 6f 61 48 df 1b e8 94 00 ef df d8
    11 d5 a8 1d 1f a0 ab 13 02 00 00 0c 00 2b 00 02
    03 04 00 33 00 02 11 ec
>>> TLS 1.2, RecordHeader [length 0005]
    14 03 03 00 01
>>> TLS 1.3, ChangeCipherSpec [length 0001]
    01
>>> TLS 1.2, RecordHeader [length 0005]
    16 03 03 05 76
>>> TLS 1.3, Handshake [length 0576], ClientHello
    01 00 05 72 03 03 95 12 eb 5d 5c 97 1c dd 6e c5
    39 8b 2a 99 aa 34 eb a6 db 16 54 76 88 b9 3f ea
    05 e7 2b 79 bb 66 20 16 33 3c a1 de 53 2d b5 1e
    70 98 ad 47 e6 6f 61 48 df 1b e8 94 00 ef df d8
    11 d5 a8 1d 1f a0 ab 00 06 13 02 13 03 13 01 01
    00 05 23 00 0b 00 04 03 00 01 02 00 0a 00 06 00
    04 00 1d 11 ec 00 23 00 00 00 16 00 00 00 17 00
    00 00 0d 00 2a 00 28 09 05 09 06 09 04 04 03 05
    03 06 03 08 07 08 08 08 1a 08 1b 08 1c 08 09 08
    0a 08 0b 08 04 08 05 08 06 04 01 05 01 06 01 00
    2b 00 03 02 03 04 00 2d 00 02 01 01 00 33 04 c6
    04 c4 11 ec 04 c0 da bb a6 4f e3 17 1a b2 55 10
    50 7d 13 58 18 88 4b 5e 26 31 0b b3 84 15 e7 38
    c4 d7 d5 89 e8 68 22 09 eb 45 fa 24 13 87 83 0b
    23 d4 b2 c5 21 87 b0 43 44 e1 63 bd 72 27 20 bd
    34 35 5d 74 11 47 37 6a 78 09 b6 79 46 ba d3 1c
    8e 64 52 35 f0 6c 43 12 76 23 da d2 ad b6 97 2b
    0f 1a aa 82 8c 07 d1 eb 45 a0 21 51 5c 20 bd b6
    69 9b b3 58 08 95 24 95 bf 4b b0 b2 81 38 de f5
    3c c1 18 1c 74 c5 67 68 44 87 67 8a 5e 08 b1 7f
    e6 51 96 ef db 43 88 4a 43 aa 10 0b 36 75 2b 45
    45 4b 6e e4 1a ff 61 9d 02 f2 67 07 99 bb 1e 32
    8d 6c 1a 61 e8 9c 45 38 27 94 c4 c0 8c 85 83 7b
    af 6b 6e 0a a9 c3 20 53 93 27 d8 67 3d 21 46 f8
    c5 16 3b 7c 05 c7 59 99 7b b9 3f 35 a2 93 1a 23
    c1 d2 b6 a1 a2 4a 0e c3 e4 3a 90 8a 2c 4a fb 3e
    20 84 01 5d 4c 7e b9 51 09 62 52 30 98 d8 68 05
    c8 0b 17 bb c5 00 7b 3d f1 d8 94 73 ba 72 5a 90
    6c 11 74 40 bd ca 80 e5 a7 19 73 74 5f 08 21 26
    70 e4 2f 4e ba 9c e0 ab b2 18 a3 34 64 db b0 28
    d3 99 e4 12 53 0a 45 7c e5 c6 c5 7d 43 b6 d9 d5
    b8 da 10 9e 93 47 a5 ba 0a 99 31 12 3a 4f c5 cd
    0f bc 7b a4 ac 89 cb eb 71 f1 eb 33 a6 a1 2b 93
    51 65 c5 36 7c b3 9b 0a 47 7a 00 2a b9 5d 01 a5
    27 7d 43 7a 11 e3 48 3b e3 4c ac f5 3c 16 3c c8
    98 02 c8 61 e1 98 90 48 17 a1 3b 09 12 25 a5 85
    86 45 f2 40 95 ff 9a 71 59 9b 80 30 c0 82 dc bb
    a7 9a b6 50 26 3b 52 ec 52 4a a3 9b b8 91 52 53
    44 62 a1 b8 e5 0a f1 46 52 4f 1b c7 8d c4 a1 b8
    85 7c 0a dc 8b 75 43 b0 6f 32 93 d0 a8 2b 09 02
    9d b4 5b 63 d0 7a 3a e9 25 a5 e2 d3 24 7d d0 0a
    01 20 7e 22 29 33 95 a8 98 5d b6 7c 4c b6 02 38
    71 3a 49 01 c9 a2 89 47 fe b7 18 5c 32 81 2f 39
    c0 c4 3c 45 5b 81 82 54 ba 63 a8 e9 9f 10 92 02
    d1 44 a6 6f b4 37 de 28 79 54 c7 85 27 22 98 9b
    ca 5d 07 f5 70 df 99 33 6c e8 5c 99 e6 a5 f6 61
    4c 65 61 58 d8 77 13 3f f0 5f b1 f3 61 cc 4a 41
    d9 15 68 aa 3a a6 16 33 7d 4c 57 48 6e cc b3 df
    ba 5d 6a 28 6a 0a e1 65 cd 2c 38 46 cc ad 09 14
    21 32 2b 41 a7 69 3d 16 0b 6d a7 14 7d ba f9 2b
    f3 dc 1e 92 6a 0e b5 4a 31 6e 05 01 6c 2a b1 c9
    35 41 ee 66 53 ec c0 9a f3 93 93 d3 72 76 01 65
    0c cd 31 81 5d c4 92 68 82 50 bd 1c 93 9e 67 a1
    48 90 4b d4 5b b1 e5 1c 3a aa 9b a5 06 13 5d bc
    0b b6 d4 43 60 0b a6 06 35 b5 93 4a 79 a5 74 b2
    9b 1c 6c b7 78 3c 5d 7a 40 53 4b f7 69 e0 b9 24
    fb 0b 04 b2 a7 63 8b 92 32 f8 45 6a 02 91 88 ad
    a0 70 15 fc a8 1f 75 9d c9 a4 82 38 db 3f e2 23
    7c 4b 6c 60 d3 64 ad 5f 84 cc b1 32 32 5c 8b 41
    98 99 62 53 52 77 cb 16 bd 63 a2 af 88 35 21 64
    f0 ba f8 24 4e 0a 15 64 cf 95 bc 03 8c 68 43 34
    c8 ef 26 a4 0d 16 b5 cd 5b c1 67 d1 b5 20 17 5b
    58 34 c9 c9 58 cb a8 52 7a 8a 06 6f bd 24 9a 73
    c7 35 f9 a8 5e 60 03 b6 5a 19 be 65 69 6b 7e d7
    3c 20 a1 80 96 1c 70 b7 35 b9 98 0a a2 3a 78 a2
    fa 79 6f 1c fa 93 a9 0c 9d 2b 9b 02 fc 15 9e ff
    76 9b 0f 04 a1 cd c8 89 e9 16 89 35 9c 16 0a 57
    04 c5 98 4d 94 f2 9f 52 ec 02 1f 50 ae b0 75 b6
    c1 72 bd 9c 93 1e ec 97 69 3a 64 5e 73 d7 42 da
    c3 7b 79 6a 86 d5 a4 88 e9 30 b7 fb 93 94 b1 73
    20 7f a3 3e c3 68 c0 d8 66 8b a9 8b 65 dd 43 3e
    aa aa cb 2b 88 74 39 23 4b a9 b9 96 49 ea c1 37
    97 21 b6 24 ac ff a4 14 c2 5b 7d a8 90 1b a1 6a
    79 4d 30 90 6a 03 1d ae 3a b9 0d e3 99 9b f2 14
    da 51 19 45 73 07 27 22 1d dc a4 ae 59 69 54 ae
    35 5e 97 66 2f 17 7a 28 35 86 c1 2c 72 25 62 74
    2c 9c 51 cf 49 4b a2 3f 84 5f a2 ca b8 4d 9a 39
    a1 f6 84 26 31 b1 01 c0 2e 95 b8 18 51 35 2b ea
    28 4e bc 00 aa 33 67 ad da 80 86 e4 30 50 c2 07
    20 ea 22 23 26 50 6c 14 9c c3 2f da bc a3 1a 38
    94 81 4f c6 37 08 8d 88 8f 8b 62 04 1b d8 81 78
    16 7e a2 43 94 54 22 aa f4 18 bd 37 0a 22 cd b2
    c5 17 06 66 a1 74 c2 10 a4 a4 aa 8b 84 ba f4 93
    c7 9c 50 b7 f7 47 83 9d 11 25 d2 d5 b6 5b 26 d6
    41 ba 8b 88 4e f9 9c 1b bf a7 b4 46 3e 60 cb 2f
    00 d0 03 b1 da 9e 00 64 9f 4e e8 b8 ef 80 6f 69
    da ab 88 68 d1 56 55 92 08 ce c8 61 be 3d 4c de
    27 7c fa f3 e4 08
<<< TLS 1.2, RecordHeader [length 0005]
    14 03 03 00 01
<<< TLS 1.3, ChangeCipherSpec [length 0001]
    01
<<< TLS 1.2, RecordHeader [length 0005]
    16 03 03 04 ba
<<< TLS 1.3, Handshake [length 04ba], ServerHello
    02 00 04 b6 03 03 13 cb 00 02 cb 43 92 d1 d9 dd
    55 16 a3 c1 43 4e 94 de 87 fe ce e6 d3 3f b0 04
    27 07 0d 56 3a 25 20 16 33 3c a1 de 53 2d b5 1e
    70 98 ad 47 e6 6f 61 48 df 1b e8 94 00 ef df d8
    11 d5 a8 1d 1f a0 ab 13 02 00 04 6e 00 2b 00 02
    03 04 00 33 04 64 11 ec 04 60 74 63 3e 3f 20 e9
    85 c5 f3 c0 8e f2 65 c4 46 e6 64 de 18 f0 9c 3b
    94 9a fe 8f 50 28 e6 6d cb a1 a9 af f3 9e 73 c3
    8a 4f ad 79 64 0b b6 22 66 ed 4b 9c b2 f2 80 9e
    2e d3 da 92 2b 3f d7 fe 90 0b 7e 63 d3 48 15 75
    2b 8f 64 ce ad 88 e7 1b d4 8e 20 9b 96 1f a2 31
    52 b4 d5 f1 ac 88 95 c5 b1 dc 59 30 cd c4 23 b8
    40 a5 fa 87 0d 9b c5 db fa 59 f1 28 a1 93 73 84
    65 73 92 4a 8e 17 98 e2 9b bc 83 5a 09 d0 0d 19
    af 1c b3 3b 59 4b 05 8d e8 47 c5 f6 a1 76 8f 12
    9b a4 d5 a9 0a 3d b4 e5 ed 19 31 12 7c c7 ce 02
    29 c6 20 5a 34 16 cc 23 0d e1 5f ad 44 c6 14 3b
    88 03 b7 b0 76 6c 2d ee 69 65 02 56 01 d3 69 83
    d5 3f 13 8f 66 28 fd be 1b 69 43 c8 b7 17 24 e9
    5e 89 1e 56 00 12 4e 93 f4 00 f8 29 bf fe 4d 5a
    47 f0 9d de 79 34 87 34 4f 76 5b 95 a3 bf 6b 41
    c1 db 9f 2b c8 ff 0b 61 19 41 a0 9b 39 58 0a 14
    47 5b ba 8a 24 9f 1e ba 6b c5 2d 7c 69 56 e5 34
    47 55 8d 58 bd f0 b9 c4 6e 15 26 f8 7d 7a 13 fa
    1a e9 48 ef 89 1b 2e 40 94 ea 9d 41 d4 6a 8c 5f
    13 dc 56 0b 7b dd 67 30 81 08 b7 96 80 fd a9 2f
    75 2c ad e8 52 a0 e3 f7 32 d6 53 ce b8 b1 5d 81
    51 1c 42 44 5e 62 36 74 c3 9e 00 96 9e 3a 0c ca
    19 4e a9 55 3c 03 d7 76 eb 22 37 62 ed 8d 67 06
    4c 6d 8f ef f2 e3 08 69 e6 34 f6 a9 92 93 3c 64
    c7 75 00 19 77 2f 21 9e 51 e1 2e 5f 5f d5 49 c9
    17 0f 02 af b7 4d 5a 70 84 de 2e a5 45 82 ed a0
    04 28 16 ca 93 ad dd 80 e6 fb 2a d7 5f 8c 3e 4e
    cd b0 1b 9d bb 74 d9 41 d4 81 a0 45 18 91 bb 2e
    8f a5 8c b5 63 e3 0f 48 f9 c8 7c 4a 7f 31 6c ae
    0a 39 e4 d3 74 ff 0f 7c 97 6a 54 b6 73 9c ae e4
    73 71 b7 69 47 9c e5 de 50 c4 16 3a bc 2f de d4
    1f 53 2d e8 0e 73 d0 6a e6 2f 29 b3 f2 18 2f f6
    9b b4 4e 6b fb cc 5c 1b 20 c2 e6 80 56 f7 28 68
    fe 52 d0 e0 38 96 cb c9 55 4b 90 3d e1 69 f5 7b
    88 cf bf 5a 70 ac 58 df 61 eb b3 42 b1 08 bd 0e
    d0 4f 28 19 a0 97 0d 21 a2 e2 14 6c 47 0d 32 e7
    4e 1b 71 52 bc 33 35 99 c2 3e 25 be cd 9a 9f 2b
    4c 82 d1 62 94 2d a2 d4 b9 30 5e 30 fd fe 2c b1
    f0 38 51 51 30 70 51 e8 65 b3 9e 82 d3 d0 85 73
    89 8f 56 f9 4a 4a 7d 0f b8 2d 80 74 57 cf 4f c6
    09 3b 60 c2 1e 6a 0a da fc fb 43 b4 af 17 61 8f
    fd b5 15 9b e6 57 6f 03 b0 59 c1 d8 b1 a9 a5 b7
    24 bd 5a 9c 3d 76 e7 50 4b d3 6a b5 bd 28 b3 1a
    62 ed 73 4d 76 c6 01 a1 bd b8 b2 85 08 06 7d 51
    68 2c e2 15 fe fc d7 77 a0 60 f8 d0 9a 73 0f 67
    ff 3d f6 46 f7 98 24 34 21 20 84 d7 30 ce 48 a3
    bd b7 69 fe 29 b3 e5 c7 18 01 75 bb d5 2f 98 e1
    a2 8f f2 8a a9 77 09 42 be db a6 ec f1 f1 f6 a8
    30 bf 7b 43 3f 33 9d fd 5a f3 2e a9 65 26 7e 0b
    0b 23 3c d0 be 40 85 e3 eb 40 26 bd 2c 1e 95 9c
    09 a2 13 be 0c 09 b2 89 86 8d e4 cb 80 a2 0a c4
    bf 5e b8 34 04 88 95 69 c1 f2 ad 5c 9b 56 a3 97
    6f 2b cc 47 fd 2e 44 f3 b8 84 5c 64 a0 96 17 87
    fc 4d 03 2f 5c 10 33 86 c9 f4 44 23 79 c2 88 e7
    8c 45 2c 78 f2 d3 12 77 74 0e 76 6e 2f 09 fd 62
    01 62 10 3f be e3 86 9f 0e 5d e9 8d 3e 94 d7 47
    77 f7 73 74 85 64 a7 e3 f3 ee aa 78 8f 74 cc db
    94 1d 27 f3 54 0a 1a c3 c9 c8 a7 8a ec ab 87 86
    21 3a a7 ed 3b 27 99 ac 37 19 af 0d 24 19 02 15
    f1 6a 65 dd b7 0f 2b 92 0b c1 c1 c6 64 4e 22 31
    05 a5 c9 b0 b0 08 ef 2f cc 1d fc d1 03 e4 3a 12
    f2 91 7a 64 4f 5a 39 93 3a d4 97 a5 53 21 d5 37
    f4 3d 15 77 a9 7f aa 2e f4 c6 58 9a c0 be 0a 1d
    18 4d 2e 30 3d 52 ca 23 33 53 9e eb b4 21 08 cd
    e4 6c 9d d6 d9 00 0f f1 48 f8 88 7c d0 a3 b9 86
    b8 b4 42 f3 ac b0 9e 7e 08 77 39 e6 0c 22 f4 ee
    60 4e a1 fa a8 60 69 90 07 2b 75 8c e7 34 51 0e
    54 82 fd ae bc 67 0a 9e a4 3f 03 84 9f 13 b9 fd
    55 cc d3 b8 29 74 00 74 8f 60 a2 6e 48 09 9d b1
    e8 a5 cd 21 b0 be ac 9f 5a 37
<<< TLS 1.2, RecordHeader [length 0005]
    17 03 03 00 17
<<< TLS 1.3, InnerContent [length 0001]
    16
<<< TLS 1.3, Handshake [length 0006], EncryptedExtensions
    08 00 00 02 00 00
<<< TLS 1.2, RecordHeader [length 0005]
    17 03 03 03 47
<<< TLS 1.3, InnerContent [length 0001]
    16
<<< TLS 1.3, Handshake [length 0336], Certificate
    0b 00 03 32 00 00 03 2e 00 03 29 30 82 03 25 30
    82 02 0d a0 03 02 01 02 02 01 02 30 0d 06 09 2a
    86 48 86 f7 0d 01 01 0b 05 00 30 12 31 10 30 0e
    06 03 55 04 03 0c 07 52 6f 6f 74 20 43 41 30 20
    17 0d 31 36 30 31 31 34 32 32 32 39 34 36 5a 18
    0f 32 31 31 36 30 31 31 35 32 32 32 39 34 36 5a
    30 19 31 17 30 15 06 03 55 04 03 0c 0e 73 65 72
    76 65 72 2e 65 78 61 6d 70 6c 65 30 82 01 22 30
    0d 06 09 2a 86 48 86 f7 0d 01 01 01 05 00 03 82
    01 0f 00 30 82 01 0a 02 82 01 01 00 d5 5d 60 6a
    df fc 61 ee 48 aa 8c 11 48 43 a5 6d b6 52 5d aa
    98 49 b1 61 92 35 b1 fc 3a 04 25 0c 6d 79 ff b4
    d5 c9 e9 5c 1c 3b e0 ab b3 b8 7d a3 de 6d bd e0
    dd d7 5a bf 14 47 11 42 5e a6 82 d0 61 c1 7f dd
    13 46 e6 09 85 07 0e f2 d4 fc 1a 64 d2 0a ad 20
    ab 20 6b 96 f0 ad cc c4 19 53 55 dc 01 1d a4 b3
    ef 8a b4 49 53 5d 8a 05 1c f1 dc e1 44 bf c5 d7
    e2 77 19 57 5c 97 0b 75 ee 88 43 71 0f ca 6c c1
    b4 b2 50 a7 77 46 6c 58 0f 11 bf f1 76 24 5a ae
    39 42 b7 51 67 29 e1 d0 55 30 6f 17 e4 91 ea ad
    f8 28 c2 43 6f a2 64 a9 fb 9d 98 92 62 48 3e eb
    0d 4f 82 4a 8a ff 3f 72 ee 96 b5 ae a1 c1 98 ba
    ef 7d 90 75 6d ff 5a 52 9e ab f5 c0 7e d0 87 43
    db 85 07 07 0f 7d 38 7a fd d1 d3 ee 65 1d d3 ea
    39 6a 87 37 ee 4a d3 e0 0d 6e f5 70 ac c2 bd f1
    6e f3 92 95 5e a9 f0 a1 65 95 93 8d 02 03 01 00
    01 a3 7d 30 7b 30 1d 06 03 55 1d 0e 04 16 04 14
    c0 e7 84 bf e8 59 27 33 10 b0 52 4f 51 52 2f 06
    d6 c0 7a cd 30 1f 06 03 55 1d 23 04 18 30 16 80
    14 70 7f 2e ae 83 68 59 98 04 23 2a cd eb 3e 17
    cd 24 dd 01 49 30 09 06 03 55 1d 13 04 02 30 00
    30 13 06 03 55 1d 25 04 0c 30 0a 06 08 2b 06 01
    05 05 07 03 01 30 19 06 03 55 1d 11 04 12 30 10
    82 0e 73 65 72 76 65 72 2e 65 78 61 6d 70 6c 65
    30 0d 06 09 2a 86 48 86 f7 0d 01 01 0b 05 00 03
    82 01 01 00 7b d3 04 43 75 8a 0f 11 ae c4 fb d7
    a1 a2 9e fe 20 18 d5 f4 2f 31 88 46 b6 75 8c ee
    e5 9b 97 a6 b9 a3 cd 60 9a 46 c3 48 97 e5 97 68
    f7 5a 86 35 73 d9 69 9e f9 5f 74 b9 e6 94 13 01
    cb 6a dc e3 c4 04 e9 65 da 9c a4 8b 28 f3 f9 9a
    7f bf 97 1f 45 92 e5 05 b1 56 e6 0b f6 47 de 1e
    89 b6 2b e1 4d df 4a 7e 01 d3 23 dc 97 8c 47 fe
    5f c7 cc 98 46 0e c4 83 5b ca 8a f1 52 09 be 6b
    ec 3f 09 8b d0 93 02 bf e1 51 e7 d1 7e 34 56 19
    74 d0 ff 28 25 de b7 9f 56 52 91 7d 20 29 85 0a
    80 44 5f 71 32 25 71 0f c2 16 e2 5f 6b 1d 3f 32
    5b 0a 3c 74 1c b9 62 f1 ed 07 50 a3 6d b4 b4 31
    0a c0 53 44 6a 3a 88 84 8b 2d a9 b0 37 8e e6 18
    36 bd 9a 20 40 0f 01 92 8b 3d aa 61 e7 ae 2c ed
    36 cd 3a 07 86 74 3a 29 b3 d7 3a b4 00 a9 c2 f5
    92 78 0e e2 0f a3 fe bb be e0 06 53 84 59 1d 90
    69 e5 b6 f9 00 00
<<< TLS 1.2, RecordHeader [length 0005]
    17 03 03 01 19
<<< TLS 1.3, InnerContent [length 0001]
    16
<<< TLS 1.3, Handshake [length 0108], CertificateVerify
    0f 00 01 04 08 04 01 00 9c d8 cc 5a 8c e8 a2 aa
    0d d5 25 c7 b1 4d b1 15 b3 05 48 1d 78 ce 13 c6
    07 95 6b a5 b5 fd 28 59 01 56 df 29 26 10 85 0f
    73 de d0 6d 61 8e e8 96 68 1a a9 f3 c1 e7 2b bd
    3a c9 3a 6d cd 77 6e 22 e4 9f 62 c2 fd 87 5f 60
    de a8 75 6f e6 93 50 aa 4b 69 14 41 e7 64 eb 52
    6a d5 5e 0a 16 15 94 b5 5b 25 2c f8 59 e5 51 63
    77 68 f2 ce 4a a6 88 d8 1c 8c 2d 78 f9 02 e6 65
    12 a9 c2 25 1e a0 05 61 88 6c 76 11 b8 11 05 5c
    f3 f5 47 f5 3e b9 61 32 f9 0a fc 8b 30 ae 13 75
    63 5e 88 76 98 92 4e bc 7d 98 20 9e 71 dc f7 49
    62 4c 52 bc 12 d9 a7 80 79 08 ac bc 7a f7 58 7a
    82 65 5c a7 02 72 11 0c e1 7a 94 08 2e 09 ff e9
    3d 00 a9 d5 e4 24 d8 f8 fc 4a 53 cd 9e 66 fe 27
    91 56 2c 17 c7 65 43 e4 b8 27 2b d8 05 0a 78 13
    fc ed 76 ca 2a 94 c5 78 44 20 20 38 02 d1 62 4a
    62 9c f9 49 88 2a 86 4c
<<< TLS 1.2, RecordHeader [length 0005]
    17 03 03 00 45
<<< TLS 1.3, InnerContent [length 0001]
    16
<<< TLS 1.3, Handshake [length 0034], Finished
    14 00 00 30 da 29 dc 1d a7 d1 4a 94 0e df aa 13
    dc 7a f7 03 6c 80 38 59 f2 f4 b5 97 55 b3 10 b1
    71 85 bd 3b 88 89 09 a8 e4 24 b1 56 40 67 8f 1d
    dd 08 d1 67
>>> TLS 1.2, RecordHeader [length 0005]
    17 03 03 00 45
>>> TLS 1.2, InnerContent [length 0001]
    16
>>> TLS 1.3, Handshake [length 0034], Finished
    14 00 00 30 2a 86 88 d6 8c 80 d1 eb 50 98 b3 f5
    c4 19 0f e5 8c f9 48 40 97 b2 4a fc d4 e7 f3 d6
    36 78 be c0 88 84 12 95 1c 12 78 be e5 8c a6 17
    b0 28 f2 f0
---
Certificate chain
 0 s:CN=server.example
   i:CN=Root CA
   a:PKEY: RSA, 2048 (bit); sigalg: sha256WithRSAEncryption
   v:NotBefore: Jan 14 22:29:46 2016 GMT; NotAfter: Jan 15 22:29:46 2116 GMT
---
Server certificate
-----BEGIN CERTIFICATE-----
MIIDJTCCAg2gAwIBAgIBAjANBgkqhkiG9w0BAQsFADASMRAwDgYDVQQDDAdSb290
IENBMCAXDTE2MDExNDIyMjk0NloYDzIxMTYwMTE1MjIyOTQ2WjAZMRcwFQYDVQQD
DA5zZXJ2ZXIuZXhhbXBsZTCCASIwDQYJKoZIhvcNAQEBBQADggEPADCCAQoCggEB
ANVdYGrf/GHuSKqMEUhDpW22Ul2qmEmxYZI1sfw6BCUMbXn/tNXJ6VwcO+Crs7h9
o95tveDd11q/FEcRQl6mgtBhwX/dE0bmCYUHDvLU/Bpk0gqtIKsga5bwrczEGVNV
3AEdpLPvirRJU12KBRzx3OFEv8XX4ncZV1yXC3XuiENxD8pswbSyUKd3RmxYDxG/
8XYkWq45QrdRZynh0FUwbxfkkeqt+CjCQ2+iZKn7nZiSYkg+6w1PgkqK/z9y7pa1
rqHBmLrvfZB1bf9aUp6r9cB+0IdD24UHBw99OHr90dPuZR3T6jlqhzfuStPgDW71
cKzCvfFu85KVXqnwoWWVk40CAwEAAaN9MHswHQYDVR0OBBYEFMDnhL/oWSczELBS
T1FSLwbWwHrNMB8GA1UdIwQYMBaAFHB/Lq6DaFmYBCMqzes+F80k3QFJMAkGA1Ud
EwQCMAAwEwYDVR0lBAwwCgYIKwYBBQUHAwEwGQYDVR0RBBIwEIIOc2VydmVyLmV4
YW1wbGUwDQYJKoZIhvcNAQELBQADggEBAHvTBEN1ig8RrsT716Ginv4gGNX0LzGI
RrZ1jO7lm5emuaPNYJpGw0iX5Zdo91qGNXPZaZ75X3S55pQTActq3OPEBOll2pyk
iyjz+Zp/v5cfRZLlBbFW5gv2R94eibYr4U3fSn4B0yPcl4xH/l/HzJhGDsSDW8qK
8VIJvmvsPwmL0JMCv+FR59F+NFYZdND/KCXet59WUpF9ICmFCoBEX3EyJXEPwhbi
X2sdPzJbCjx0HLli8e0HUKNttLQxCsBTRGo6iISLLamwN47mGDa9miBADwGSiz2q
YeeuLO02zToHhnQ6KbPXOrQAqcL1kngO4g+j/ru+4AZThFkdkGnltvk=
-----END CERTIFICATE-----
subject=CN=server.example
issuer=CN=Root CA
---
No client certificate CA names sent
Peer signing digest: SHA256
Peer signature type: rsa_pss_rsae_sha256
Negotiated TLS1.3 group: X25519MLKEM768
---
SSL handshake has read 2546 bytes and written 1702 bytes
Verification error: unable to verify the first certificate
---
New, TLSv1.3, Cipher is TLS_AES_256_GCM_SHA384
Protocol: TLSv1.3
Server public key is 2048 bit
This TLS version forbids renegotiation.
Compression: NONE
Expansion: NONE
No ALPN negotiated
Early data was not sent
Verify return code: 21 (unable to verify the first certificate)
---
>>> TLS 1.2, RecordHeader [length 0005]
    17 03 03 00 13
>>> TLS 1.2, InnerContent [length 0001]
    15
>>> TLS 1.3, Alert [length 0002], warning close_notify
    01 00
Connecting to 127.0.0.1
SSL_connect:before SSL initialization
SSL_connect:SSLv3/TLS write client hello
SSL_connect:SSLv3/TLS write client hello
SSL_connect:SSLv3/TLS read server hello
SSL_connect:SSLv3/TLS write change cipher spec
SSL_connect:SSLv3/TLS write client hello
SSL_connect:SSLv3/TLS write client hello
SSL_connect:SSLv3/TLS read server hello
Can't use SSL_get_servername
SSL_connect:TLSv1.3 read encrypted extensions
depth=0 CN=server.example
verify error:num=20:unable to get local issuer certificate
verify return:1
depth=0 CN=server.example
verify error:num=21:unable to verify the first certificate
verify return:1
depth=0 CN=server.example
verify return:1
SSL_connect:SSLv3/TLS read server certificate
SSL_connect:TLSv1.3 read server certificate verify
SSL_connect:SSLv3/TLS read finished
SSL_connect:SSLv3/TLS write finished
DONE
SSL3 alert write:warning:close notify
