CONNECTED(00000003)
>>> TLS 1.0, RecordHeader [length 0005]
    16 03 01 00 d6
>>> TLS 1.3, Handshake [length 00d6], ClientHello
    01 00 00 d2 03 03 ec ab c7 96 1b 07 00 14 ec 6f
    cf 0e 2c db f2 2d 72 ce 4e 30 2e 6f ce d1 00 5b
    fe 79 b8 91 8b 46 20 34 e4 0f 18 0d 48 f1 ec 2f
    b6 bf de 18 19 c8 f8 94 72 3f 83 2c c1 cd 4f d7
    0c 3d 56 b2 fe 0b b2 00 06 13 02 13 03 13 01 01
    00 00 83 00 0b 00 04 03 00 01 02 00 0a 00 06 00
    04 00 1d 11 ec 00 23 00 00 00 16 00 00 00 17 00
    00 00 0d 00 2a 00 28 09 05 09 06 09 04 04 03 05
    03 06 03 08 07 08 08 08 1a 08 1b 08 1c 08 09 08
    0a 08 0b 08 04 08 05 08 06 04 01 05 01 06 01 00
    2b 00 03 02 03 04 00 2d 00 02 01 01 00 33 00 26
    00 24 00 1d 00 20 b1 cf d2 0f cf 69 05 30 e3 d6
    42 de 99 54 30 10 d2 2b 6e 86 6b d8 e4 9d c6 4c
    b7 1f 04 05 29 1c
<<< TLS 1.2, RecordHeader [length 0005]
    16 03 03 00 58
<<< TLS 1.3, Handshake [length 0058], ServerHello
    02 00 00 54 03 03 cf 21 ad 74 e5 9a 61 11 be 1d
    8c 02 1e 65 b8 91 c2 a2 11 16 7a bb 8c 5e 07 9e
    09 e2 c8 a8 33 9c 20 34 e4 0f 18 0d 48 f1 ec 2f
    b6 bf de 18 19 c8 f8 94 72 3f 83 2c c1 cd 4f d7
    0c 3d 56 b2 fe 0b b2 13 02 00 00 0c 00 2b 00 02
    03 04 00 33 00 02 11 ec
>>> TLS 1.2, RecordHeader [length 0005]
    14 03 03 00 01
>>> TLS 1.3, ChangeCipherSpec [length 0001]
    01
>>> TLS 1.2, RecordHeader [length 0005]
    16 03 03 05 76
>>> TLS 1.3, Handshake [length 0576], ClientHello
    01 00 05 72 03 03 ec ab c7 96 1b 07 00 14 ec 6f
    cf 0e 2c db f2 2d 72 ce 4e 30 2e 6f ce d1 00 5b
    fe 79 b8 91 8b 46 20 34 e4 0f 18 0d 48 f1 ec 2f
    b6 bf de 18 19 c8 f8 94 72 3f 83 2c c1 cd 4f d7
    0c 3d 56 b2 fe 0b b2 00 06 13 02 13 03 13 01 01
    00 05 23 00 0b 00 04 03 00 01 02 00 0a 00 06 00
    04 00 1d 11 ec 00 23 00 00 00 16 00 00 00 17 00
    00 00 0d 00 2a 00 28 09 05 09 06 09 04 04 03 05
    03 06 03 08 07 08 08 08 1a 08 1b 08 1c 08 09 08
    0a 08 0b 08 04 08 05 08 06 04 01 05 01 06 01 00
    2b 00 03 02 03 04 00 2d 00 02 01 01 00 33 04 c6
    04 c4 11 ec 04 c0 80 17 37 1c 89 19 c0 45 c4 56
    89 63 77 94 25 52 dc 61 47 16 cd 81 05 75 7f 97
    5f de d4 a2 73 a1 1d 23 e1 8c bf 00 c1 90 fc ae
    00 f7 5b e6 b2 38 44 a6 c2 75 e1 8d 5c 90 4f 6a
    05 91 44 fb af 59 06 cd 6a 04 3f b9 aa 3e be 54
    3b 46 23 ab a3 f6 6e 36 06 a0 16 46 45 11 a2 2d
    4d 47 73 b8 34 a2 74 a9 7f cd 12 0d a3 ec 39 eb
    51 bd 5c e5 95 02 c3 58 12 45 6f 35 5b 5e cd 5a
    96 ba b8 35 13 80 af b9 46 bf b6 e4 61 39 84 6e
    07 72 64 8a c3 9b 49 44 2e f2 43 2e f5 65 02 82
    a1 35 15 a2 66 51 e0 06 c3 7c 12 05 6a a3 ba 64
    3c 02 da 01 7e 34 c6 4e 62 01 27 d8 c6 e7 c2 48
    21 f9 02 c0 b4 38 44 19 76 e3 04 2c e2 57 56 43
    23 75 86 88 83 8a 8a a1 bc ea 18 2a 6c 40 4d ea
    c3 2a 90 a3 1a ca ab 2f 40 1b 4b e6 51 49 a9 43
    15 c9 56 e3 eb 59 41 78 11 e2 90 aa fb 46 ab 1c
    b2 0c 7b 7a 1b f6 87 73 eb 50 72 18 40 c5 02 55
    9f f2 a8 32 74 06 24 c7 b3 03 07 f2 6b a2 07 2d
    7a 77 a4 95 f3 05 74 dc 08 f8 50 c0 ca 62 c5 4b
    ec 64 96 50 34 27 d2 b6 ef 87 55 03 d4 a2 23 61
    c3 ca ab 8b 8f 42 3b bf b3 2a db 0b 7c ff f2 21
    cf 8a 02 ff da c6 bf 24 95 5d 1a 61 75 d7 1e ad
    c3 98 91 b1 4e ba c3 2c 83 87 b5 79 e3 0d 8b 98
    66 7e 9a 99 34 8c 97 c8 57 0c dc 64 35 b3 63 08
    86 04 0a ff a1 ce 97 69 88 42 30 7f 36 09 cf da
    6a 50 0d 14 ae d0 b9 62 cc 46 17 89 b2 81 81 37
    b8 f9 63 8d 77 16 b8 3c b5 27 55 27 af 98 77 ca
    b8 66 9c ad a7 39 67 04 be 85 ba 7e 61 20 08 e7
    b3 8f 5e 09 90 82 b2 8f ee 13 95 87 c3 3f 4a 74
    78 45 b6 7e bf d2 7d b2 c3 49 e0 12 3e 4d a2 01
    7d 15 87 f7 52 a7 b9 ea 4d 5b f6 2a 93 15 74 c5
    62 a6 e7 d9 c7 a8 79 51 dc 5c c4 13 55 c6 b7 23
    66 d9 6a 66 7b 53 4f 3a b7 04 d9 81 ad 38 98 2a
    2a 95 1f 5d a7 58 ad ca 3b d3 3a ae 57 1b ab 13
    9b 69 d4 e4 4e a6 ac 8a 11 74 00 f7 68 29 1c f7
    79 a3 dc 14 15 18 cc fd c4 3e 0e 60 4f 32 91 be
    20 4c 5d fb 81 87 53 26 12 b3 26 89 76 04 33 e1
    84 5c 11 b6 93 a0 a4 6b 40 5c 69 34 a1 07 3a 80
    6f 08 b7 86 ac 56 a1 d2 92 ca 78 5a af 32 08 66
    84 11 9f 8e 98 93 ab ac bd cd 31 5a 2f f3 81 75
    ea 6f 14 f3 87 7a 39 8b ce b8 80 bb d4 55 3c d4
    73 75 e4 08 40 71 05 2b e2 bc c8 58 59 22 0a 68
    a3 67 4a 8a 80 32 e4 fc 46 95 99 c6 9a 3b 0e ad
    e9 19 d3 01 6b e5 da 5c b6 f9 30 d1 54 41 c6 3a
    b3 a7 2a c0 57 ea c6 c0 92 9e e8 07 91 58 5c c8
    60 15 4b 74 7b 5d 55 73 05 72 e1 75 52 2a ad 64
    39 cb 84 62 3a 60 2a a5 b6 d0 46 c7 31 7f e8 37
    47 33 d3 4b d1 11 ce 06 2c 84 c5 a0 a0 d8 c1 7c
    2d a6 75 84 28 be 0f c4 16 b5 07 84 85 d5 12 a9
    f3 97 fd 74 85 0f a4 79 81 15 67 ed 11 81 cd a2
    b1 4c f0 b8 af b7 2d d6 59 4c f1 63 0c e3 99 36
    3a aa 90 38 76 3c b8 90 87 8a 42 a4 73 8c 51 84
    3a b1 20 c0 47 4a 46 77 10 6b 60 cc 4c c3 6b 9b
    39 50 eb 26 cc a2 12 62 0b cb a2 90 14 f0 87 b9
    68 27 01 89 e9 0b 7c 23 45 aa e2 0d fd 23 b5 95
    f8 65 75 c2 2f 5c d0 65 74 43 86 fe a1 4b 4d da
    4c 02 4a 50 94 8a 34 f5 46 a8 fd 64 0b a7 5b b4
    d7 56 14 f5 39 20 74 20 c3 e2 94 16 c2 c1 10 e5
    96 91 da 21 3c cf 31 66 b3 84 34 df 6a bf 06 b3
    9b 8b c9 44 38 bc 8d ca 61 6a 12 60 b9 61 90 2a
    ea b6 1e 7c 44 cf 10 41 14 a0 13 14 bd 59 ab 5a
    e8 40 6f 2c 03 22 ea 23 f0 eb b7 20 7c a1 f1 b9
    35 4d 4b 40 ba 8c c3 70 59 86 47 01 49 ec bb 0f
    26 95 ab 62 c8 c5 d4 7c 12 2d 3b 64 10 ea 3a ee
    7c 08 cc a5 32 84 29 07 d1 38 a2 ab 21 8c 0b 37
    40 fc 17 20 57 b9 0b 69 c0 85 fd cc 8f e4 42 19
    8d b4 01 b4 a4 23 11 95 5e 33 77 0a 6d b7 88 70
    74 b7 15 23 38 b3 21 b6 67 e0 4c 75 01 0c dc b1
    0b be 5a 01 84 a5 76 93 0c 25 35 b5 15 85 19 4a
    d1 58 4a 0e 04 57 28 c0 22 1b 54 16 a6 6b 0e 0f
    e7 52 60 4b 03 18 8b 46 3b 94 77 a4 2c 2a 2d 3a
    50 ff 95 4c 22 78 25 a7 53 af c2 4b b7 3f 50 9f
    36 bc 31 90 f0 ae 65 18 18 14 e9 c9 b8 7b f4 4e
    d2 99 05 1d 7f 3c 82 a3 10 ad c6 7c ff bc 98 d1
    c2 a9 69 f2 ba 94 77 8b 02 e2 a0 56 54 ec 93 9a
    79 70 ba f6 11 5c 73 a3 4f 2e 0e 49 d4 88 d1 9d
    45 b3 60 68 45 57
<<< TLS 1.2, RecordHeader [length 0005]
    14 03 03 00 01
<<< TLS 1.3, ChangeCipherSpec [length 0001]
    01
<<< TLS 1.2, RecordHeader [length 0005]
    16 03 03 04 ba
<<< TLS 1.3, Handshake [length 04ba], ServerHello
    02 00 04 b6 03 03 a6 e6 c7 ee b9 ba 96 5d cb 8c
    ae 89 31 95 45 aa 1d b1 83 53 d5 84 16 ac b9 e0
    bc 5d d2 e3 c3 61 20 34 e4 0f 18 0d 48 f1 ec 2f
    b6 bf de 18 19 c8 f8 94 72 3f 83 2c c1 cd 4f d7
    0c 3d 56 b2 fe 0b b2 13 02 00 04 6e 00 2b 00 02
    03 04 00 33 04 64 11 ec 04 60 79 8d 2f 2d 92 e0
    52 05 65 12 93 79 4a 2a 7d 87 21 4b 81 10 85 3b
    73 ce 1a 60 be 72 89 49 7d cf f0 f8 dc 0b 6b 25
    a5 ed 2c de 6b 9a 47 69 09 8d 97 fa f9 75 80 bf
    fc aa 92 f6 a0 c9 86 f8 0b a2 7e de c9 2e da cd
    a5 0d cf 86 f0 50 df 3b 34 fc 44 ba 1e bf 8a 9c
    48 dd 4a 49 26 36 3f a9 98 8c f7 7f 90 bc 62 1b
    bf fb 7b 75 6c 1f 95 8a cd 00 c0 36 2b 00 37 a7
    2c cc b9 b4 89 0e f9 b9 6f 61 01 44 e6 85 ec b3
    d5 dd f0 3d bf 66 89 25 5b 5f 58 c0 fa e1 cd d0
    f0 2d fa da 41 f5 3d a3 9c bc 15 e6 13 9b 67 79
    ea e1 eb 54 82 f2 a3 5f a9 b7 95 15 05 cc 3a 26
    6e bd e8 5f df 3b 5d b3 4d 21 4a 40 28 5a fe 7e
    aa da 01 3e 91 c7 b6 0c ac 34 dd 4c 1c 22 73 f3
    ad 2f ab aa c6 b0 c2 1f 20 f5 44 71 aa e5 86 f1
    59 0d dd 37 84 e2 a1 61 e7 76 77 2c 16 c8 8e 8e
    cb 71 3f 68 ec e2 81 3b 02 af d2 1b fb aa f6 ce
    1d 30 16 20 5c f5 a6 19 14 d5 33 e5 86 9c 85 50
    d5 a6 dd 9b 97 e1 ad 72 99 e0 aa 40 ec d0 d0 e1
    fe 89 bf 92 65 8b c1 1e 0c fd 3c f7 12 18 d9 0b
    c6 66 fe b7 ae 94 8b 2e c6 ef 2a 1f 0a ff ad cd
    0d 73 74 f6 cd 9c 50 2b ab 4f 61 4f b1 96 7b 4f
    b7 46 48 b6 7c 41 69 cf 1a 10 63 33 9c 6e 8b fc
    a1 91 f0 52 80 23 ac ab f2 f4 0c c8 99 51 ec 0c
    46 25 b0 c8 a2 33 66 16 3a c7 12 3f 00 23 f9 98
    5d d6 57 8d e9 d3 75 24 ba 11 1a a2 b5 e2 31 6f
    e3 78 f3 e0 9d 78 be 47 70 99 ed e5 f3 ec 8e e7
    b3 73 f2 57 b5 2b c4 a2 a8 cf 8c 56 62 10 3b 4d
    9e 0a 37 f5 98 84 b8 fa a9 00 3b 7c 57 f4 90 b4
    69 f7 70 76 31 9f b3 aa a2 aa 8c d1 33 53 26 ff
    50 1c 6c cc 90 c4 f5 cf 4e 51 ff c0 c6 5f 1d e7
    ec 03 20 6a d9 97 9c 54 70 c2 41 bc e6 e8 91 35
    1a e4 49 b5 a4 a5 fd 42 9d 6b 46 fc 64 d0 d4 c0
    08 a4 94 3f e6 8a c7 c2 d3 f9 02 4d 2d 9c bc 82
    f4 2b 96 af 3f 62 69 fa 3b f4 20 89 0c 96 76 2f
    57 b9 83 98 b0 1f 27 c3 96 c9 e2 80 83 df f7 1b
    c6 91 a2 6e 87 39 7f 07 fc d2 51 8f 34 20 ec 09
    ab c1 ad e2 7d 0c 8a 7b 63 9f 74 b9 29 93 56 d4
    d1 29 06 92 05 80 77 12 f1 e2 09 ca 0d 42 4a 3c
    07 f1 7e 2d e5 05 99 3e 7d a3 49 f7 df 5a 84 bb
    28 4e 05 c9 4b a1 71 7d 2e d5 6d 75 f0 67 01 fa
    b1 79 e4 32 46 38 f9 2f 85 4f a7 6b 7d 8b 5d 84
    2d 8f 86 77 e0 18 c8 e0 b0 a8 dc 07 33 3a ce 79
    f8 d7 bc 00 a8 ae 2e 01 35 91 02 20 84 82 a2 a9
    e0 b4 84 eb 01 aa 2d 8b 70 b8 92 7f b9 ee d3 24
    64 b6 af c3 24 44 05 37 0f 4c c6 4c 9f 4e 71 71
    23 8c e2 cc 59 fc 6b 3f 28 a0 a9 f7 8f 57 fc 80
    f5 63 32 15 1b 89 95 cc 46 fd 54 26 0e e7 be c3
    47 a1 0c c5 65 8a 9d bd 77 b8 66 dc 3e 15 fc f2
    a4 c0 a4 32 66 c6 67 5f 9b 41 6e 6d 13 de 76 11
    fa 34 03 16 bc cb fe 9f 86 ab 41 65 bb 85 00 7e
    0f 40 6f fd 9f 8d a2 b7 82 09 86 03 f3 7a ba 46
    0d 5b 28 c5 46 52 99 fa 53 ea 6f ec 8a e7 c1 b8
    4d 83 34 cb 55 f3 f0 1d 07 9e 50 35 30 70 df 8f
    3b cb f5 60 cd 71 3f a5 41 77 70 3e cc 58 0f 59
    4a db 9d db e1 f3 cf 02 37 52 a1 62 d2 67 ef 07
    6b 20 4c 32 3a 68 88 3c 7f 8d 84 cb 3d 1e da da
    ff ed 03 e6 81 58 30 8a d6 d7 02 b7 0a a7 92 4f
    3d 15 aa 6f 80 a9 51 d1 ce 33 a6 0f b0 54 c9 79
    83 67 18 69 8f 61 9c e7 19 5b 77 d3 22 a7 4d 33
    1e a1 2a 06 82 61 2f 4b a0 8a 7a b3 b9 a5 3d bc
    b1 f7 2c 7e 42 66 43 6b fa 26 5c 76 66 4c 9c db
    22 96 2c 9a 01 f1 7a e4 e8 30 47 22 9c e9 85 5d
    4f c5 29 8f 44 c4 48 5a dd 98 e0 c1 5f cf 52 8d
    f4 a1 a8 99 fb 9a 32 7b 95 25 c7 43 ff a8 aa d4
    26 bc 82 00 94 f9 dd 39 82 3f 76 61 cb 52 76 32
    cb 73 82 26 19 71 cb 65 b3 54 63 64 8b 1b 9e f7
    5b 69 95 28 3b 86 51 bb 6d 70 7d 8d 39 78 36 40
    f5 ba 24 92 82 09 22 e4 06 a5 02 02 a3 f8 44 56
    eb f2 e6 81 75 11 b3 94 88 7a 66 dc 54 de d9 e5
    90 46 c2 2c 02 c1 49 3b e5 28
<<< TLS 1.2, RecordHeader [length 0005]
    17 03 03 00 17
<<< TLS 1.3, InnerContent [length 0001]
    16
<<< TLS 1.3, Handshake [length 0006], EncryptedExtensions
    08 00 00 02 00 00
<<< TLS 1.2, RecordHeader [length 0005]
    17 03 03 03 47
<<< TLS 1.3, InnerContent [length 0001]
    16
<<< TLS 1.3, Handshake [length 0336], Certificate
    0b 00 03 32 00 00 03 2e 00 03 29 30 82 03 25 30
    82 02 0d a0 03 02 01 02 02 01 02 30 0d 06 09 2a
    86 48 86 f7 0d 01 01 0b 05 00 30 12 31 10 30 0e
    06 03 55 04 03 0c 07 52 6f 6f 74 20 43 41 30 20
    17 0d 31 36 30 31 31 34 32 32 32 39 34 36 5a 18
    0f 32 31 31 36 30 31 31 35 32 32 32 39 34 36 5a
    30 19 31 17 30 15 06 03 55 04 03 0c 0e 73 65 72
    76 65 72 2e 65 78 61 6d 70 6c 65 30 82 01 22 30
    0d 06 09 2a 86 48 86 f7 0d 01 01 01 05 00 03 82
    01 0f 00 30 82 01 0a 02 82 01 01 00 d5 5d 60 6a
    df fc 61 ee 48 aa 8c 11 48 43 a5 6d b6 52 5d aa
    98 49 b1 61 92 35 b1 fc 3a 04 25 0c 6d 79 ff b4
    d5 c9 e9 5c 1c 3b e0 ab b3 b8 7d a3 de 6d bd e0
    dd d7 5a bf 14 47 11 42 5e a6 82 d0 61 c1 7f dd
    13 46 e6 09 85 07 0e f2 d4 fc 1a 64 d2 0a ad 20
    ab 20 6b 96 f0 ad cc c4 19 53 55 dc 01 1d a4 b3
    ef 8a b4 49 53 5d 8a 05 1c f1 dc e1 44 bf c5 d7
    e2 77 19 57 5c 97 0b 75 ee 88 43 71 0f ca 6c c1
    b4 b2 50 a7 77 46 6c 58 0f 11 bf f1 76 24 5a ae
    39 42 b7 51 67 29 e1 d0 55 30 6f 17 e4 91 ea ad
    f8 28 c2 43 6f a2 64 a9 fb 9d 98 92 62 48 3e eb
    0d 4f 82 4a 8a ff 3f 72 ee 96 b5 ae a1 c1 98 ba
    ef 7d 90 75 6d ff 5a 52 9e ab f5 c0 7e d0 87 43
    db 85 07 07 0f 7d 38 7a fd d1 d3 ee 65 1d d3 ea
    39 6a 87 37 ee 4a d3 e0 0d 6e f5 70 ac c2 bd f1
    6e f3 92 95 5e a9 f0 a1 65 95 93 8d 02 03 01 00
    01 a3 7d 30 7b 30 1d 06 03 55 1d 0e 04 16 04 14
    c0 e7 84 bf e8 59 27 33 10 b0 52 4f 51 52 2f 06
    d6 c0 7a cd 30 1f 06 03 55 1d 23 04 18 30 16 80
    14 70 7f 2e ae 83 68 59 98 04 23 2a cd eb 3e 17
    cd 24 dd 01 49 30 09 06 03 55 1d 13 04 02 30 00
    30 13 06 03 55 1d 25 04 0c 30 0a 06 08 2b 06 01
    05 05 07 03 01 30 19 06 03 55 1d 11 04 12 30 10
    82 0e 73 65 72 76 65 72 2e 65 78 61 6d 70 6c 65
    30 0d 06 09 2a 86 48 86 f7 0d 01 01 0b 05 00 03
    82 01 01 00 7b d3 04 43 75 8a 0f 11 ae c4 fb d7
    a1 a2 9e fe 20 18 d5 f4 2f 31 88 46 b6 75 8c ee
    e5 9b 97 a6 b9 a3 cd 60 9a 46 c3 48 97 e5 97 68
    f7 5a 86 35 73 d9 69 9e f9 5f 74 b9 e6 94 13 01
    cb 6a dc e3 c4 04 e9 65 da 9c a4 8b 28 f3 f9 9a
    7f bf 97 1f 45 92 e5 05 b1 56 e6 0b f6 47 de 1e
    89 b6 2b e1 4d df 4a 7e 01 d3 23 dc 97 8c 47 fe
    5f c7 cc 98 46 0e c4 83 5b ca 8a f1 52 09 be 6b
    ec 3f 09 8b d0 93 02 bf e1 51 e7 d1 7e 34 56 19
    74 d0 ff 28 25 de b7 9f 56 52 91 7d 20 29 85 0a
    80 44 5f 71 32 25 71 0f c2 16 e2 5f 6b 1d 3f 32
    5b 0a 3c 74 1c b9 62 f1 ed 07 50 a3 6d b4 b4 31
    0a c0 53 44 6a 3a 88 84 8b 2d a9 b0 37 8e e6 18
    36 bd 9a 20 40 0f 01 92 8b 3d aa 61 e7 ae 2c ed
    36 cd 3a 07 86 74 3a 29 b3 d7 3a b4 00 a9 c2 f5
    92 78 0e e2 0f a3 fe bb be e0 06 53 84 59 1d 90
    69 e5 b6 f9 00 00
<<< TLS 1.2, RecordHeader [length 0005]
    17 03 03 01 19
<<< TLS 1.3, InnerContent [length 0001]
    16
<<< TLS 1.3, Handshake [length 0108], CertificateVerify
    0f 00 01 04 08 04 01 00 61 1b b8 30 f8 fc 13 7b
    08 a4 ce 1b c5 93 b6 af 1e 45 4f d9 c1 07 ef c3
    25 e2 d0 94 e5 d4 f7 f4 e2 11 7e 3b 1b e4 60 3f
    3f e9 4b 7f 52 88 3f 6a 32 f9 08 8b ec a5 23 21
    47 f0 47 3c 47 6c fc 05 be 09 6b 8f e3 19 c4 e8
    26 10 6d e7 97 8d ff e5 2d 86 08 92 6e fb 7c 47
    86 54 47 0d 3f 7c a6 52 2c 58 5d ba c6 b1 77 60
    db ef ab e9 73 f4 ed c0 74 30 23 5a 87 25 80 5f
    3f f8 80 1c 40 10 ce c5 b0 13 fe 4f 5a 94 df 73
    90 af 59 50 1c 0d 59 2d 72 ec bc 71 79 99 76 c0
    07 f8 e4 02 9e 49 c3 80 dc 05 d2 95 bf 80 b7 e0
    d2 f9 75 27 b7 14 94 dd f8 4e 1c 67 00 75 f3 68
    41 31 f1 e7 a3 21 c6 eb fc 1c ef 14 3f 6f 22 9c
    e5 21 61 05 39 08 09 f6 43 e1 0e 64 f8 3c 96 cd
    bd 28 4b 92 ca 0b 71 0e f8 67 d4 6c 2d f7 ba 5b
    da 81 33 f6 fd 87 ed f5 4d 58 af 6e dd 16 dd 25
    d0 33 ef c4 bd 54 a5 94
<<< TLS 1.2, RecordHeader [length 0005]
    17 03 03 00 45
<<< TLS 1.3, InnerContent [length 0001]
    16
<<< TLS 1.3, Handshake [length 0034], Finished
    14 00 00 30 48 aa 75 2b 21 1c 8a 1d ef b5 86 aa
    47 15 2a b3 e3 7f 38 a0 4e 4c 59 a9 36 d3 18 b0
    48 1d ec da 41 8a 88 de b9 ca 1e cd 4e ab 2d b4
    f9 ca b8 41
>>> TLS 1.2, RecordHeader [length 0005]
    17 03 03 00 45
>>> TLS 1.2, InnerContent [length 0001]
    16
>>> TLS 1.3, Handshake [length 0034], Finished
    14 00 00 30 ad 3b b1 95 cd 49 2e 4e 34 33 1d ca
    f5 ea 91 57 94 6e dd 66 5a 5d b3 26 09 11 b7 ec
    4f cb 78 59 91 43 0b 65 e2 24 d6 c8 98 94 70 ff
    f6 99 ce b4
---
Certificate chain
 0 s:CN=server.example
   i:CN=Root CA
   a:PKEY: RSA, 2048 (bit); sigalg: sha256WithRSAEncryption
   v:NotBefore: Jan 14 22:29:46 2016 GMT; NotAfter: Jan 15 22:29:46 2116 GMT
---
Server certificate
-----BEGIN CERTIFICATE-----
MIIDJTCCAg2gAwIBAgIBAjANBgkqhkiG9w0BAQsFADASMRAwDgYDVQQDDAdSb290
IENBMCAXDTE2MDExNDIyMjk0NloYDzIxMTYwMTE1MjIyOTQ2WjAZMRcwFQYDVQQD
DA5zZXJ2ZXIuZXhhbXBsZTCCASIwDQYJKoZIhvcNAQEBBQADggEPADCCAQoCggEB
ANVdYGrf/GHuSKqMEUhDpW22Ul2qmEmxYZI1sfw6BCUMbXn/tNXJ6VwcO+Crs7h9
o95tveDd11q/FEcRQl6mgtBhwX/dE0bmCYUHDvLU/Bpk0gqtIKsga5bwrczEGVNV
3AEdpLPvirRJU12KBRzx3OFEv8XX4ncZV1yXC3XuiENxD8pswbSyUKd3RmxYDxG/
8XYkWq45QrdRZynh0FUwbxfkkeqt+CjCQ2+iZKn7nZiSYkg+6w1PgkqK/z9y7pa1
rqHBmLrvfZB1bf9aUp6r9cB+0IdD24UHBw99OHr90dPuZR3T6jlqhzfuStPgDW71
cKzCvfFu85KVXqnwoWWVk40CAwEAAaN9MHswHQYDVR0OBBYEFMDnhL/oWSczELBS
T1FSLwbWwHrNMB8GA1UdIwQYMBaAFHB/Lq6DaFmYBCMqzes+F80k3QFJMAkGA1Ud
EwQCMAAwEwYDVR0lBAwwCgYIKwYBBQUHAwEwGQYDVR0RBBIwEIIOc2VydmVyLmV4
YW1wbGUwDQYJKoZIhvcNAQELBQADggEBAHvTBEN1ig8RrsT716Ginv4gGNX0LzGI
RrZ1jO7lm5emuaPNYJpGw0iX5Zdo91qGNXPZaZ75X3S55pQTActq3OPEBOll2pyk
iyjz+Zp/v5cfRZLlBbFW5gv2R94eibYr4U3fSn4B0yPcl4xH/l/HzJhGDsSDW8qK
8VIJvmvsPwmL0JMCv+FR59F+NFYZdND/KCXet59WUpF9ICmFCoBEX3EyJXEPwhbi
X2sdPzJbCjx0HLli8e0HUKNttLQxCsBTRGo6iISLLamwN47mGDa9miBADwGSiz2q
YeeuLO02zToHhnQ6KbPXOrQAqcL1kngO4g+j/ru+4AZThFkdkGnltvk=
-----END CERTIFICATE-----
subject=CN=server.example
issuer=CN=Root CA
---
No client certificate CA names sent
Peer signing digest: SHA256
Peer signature type: rsa_pss_rsae_sha256
Negotiated TLS1.3 group: X25519MLKEM768
---
SSL handshake has read 2546 bytes and written 1702 bytes
Verification error: unable to verify the first certificate
---
New, TLSv1.3, Cipher is TLS_AES_256_GCM_SHA384
Protocol: TLSv1.3
Server public key is 2048 bit
This TLS version forbids renegotiation.
Compression: NONE
Expansion: NONE
No ALPN negotiated
Early data was not sent
Verify return code: 21 (unable to verify the first certificate)
---
>>> TLS 1.2, RecordHeader [length 0005]
    17 03 03 00 13
>>> TLS 1.2, InnerContent [length 0001]
    15
>>> TLS 1.3, Alert [length 0002], warning close_notify
    01 00
Connecting to 127.0.0.1
SSL_connect:before SSL initialization
SSL_connect:SSLv3/TLS write client hello
SSL_connect:SSLv3/TLS write client hello
SSL_connect:SSLv3/TLS read server hello
SSL_connect:SSLv3/TLS write change cipher spec
SSL_connect:SSLv3/TLS write client hello
SSL_connect:SSLv3/TLS write client hello
SSL_connect:SSLv3/TLS read server hello
Can't use SSL_get_servername
SSL_connect:TLSv1.3 read encrypted extensions
depth=0 CN=server.example
verify error:num=20:unable to get local issuer certificate
verify return:1
depth=0 CN=server.example
verify error:num=21:unable to verify the first certificate
verify return:1
depth=0 CN=server.example
verify return:1
SSL_connect:SSLv3/TLS read server certificate
SSL_connect:TLSv1.3 read server certificate verify
SSL_connect:SSLv3/TLS read finished
SSL_connect:SSLv3/TLS write finished
DONE
SSL3 alert write:warning:close notify
