CONNECTED(00000003)
>>> TLS 1.0, RecordHeader [length 0005]
    16 03 01 00 d6
>>> TLS 1.3, Handshake [length 00d6], ClientHello
    01 00 00 d2 03 03 12 04 34 3c 77 31 c3 c1 3e 27
    fc 5a 07 05 1f 0f fc 90 0e c1 97 5e 3e 15 7f b8
    df 3f 31 38 1e 24 20 0f 44 a8 23 73 7e c7 04 83
    e7 65 2c 46 a8 26 8e 2e c9 03 43 f9 b4 a5 39 14
    72 3c c7 a1 f1 e7 97 00 06 13 02 13 03 13 01 01
    00 00 83 00 0b 00 04 03 00 01 02 00 0a 00 06 00
    04 00 1d 11 ec 00 23 00 00 00 16 00 00 00 17 00
    00 00 0d 00 2a 00 28 09 05 09 06 09 04 04 03 05
    03 06 03 08 07 08 08 08 1a 08 1b 08 1c 08 09 08
    0a 08 0b 08 04 08 05 08 06 04 01 05 01 06 01 00
    2b 00 03 02 03 04 00 2d 00 02 01 01 00 33 00 26
    00 24 00 1d 00 20 60 8b ae a3 34 c3 57 dd 3f 18
    1b c2 8f 1c 70 fc d1 7c f7 c3 92 52 88 7c 95 8f
    9a c0 f6 6b b4 6f
<<< TLS 1.2, RecordHeader [length 0005]
    16 03 03 00 58
<<< TLS 1.3, Handshake [length 0058], ServerHello
    02 00 00 54 03 03 cf 21 ad 74 e5 9a 61 11 be 1d
    8c 02 1e 65 b8 91 c2 a2 11 16 7a bb 8c 5e 07 9e
    09 e2 c8 a8 33 9c 20 0f 44 a8 23 73 7e c7 04 83
    e7 65 2c 46 a8 26 8e 2e c9 03 43 f9 b4 a5 39 14
    72 3c c7 a1 f1 e7 97 13 02 00 00 0c 00 2b 00 02
    03 04 00 33 00 02 11 ec
>>> TLS 1.2, RecordHeader [length 0005]
    14 03 03 00 01
>>> TLS 1.3, ChangeCipherSpec [length 0001]
    01
>>> TLS 1.2, RecordHeader [length 0005]
    16 03 03 05 76
>>> TLS 1.3, Handshake [length 0576], ClientHello
    01 00 05 72 03 03 12 04 34 3c 77 31 c3 c1 3e 27
    fc 5a 07 05 1f 0f fc 90 0e c1 97 5e 3e 15 7f b8
    df 3f 31 38 1e 24 20 0f 44 a8 23 73 7e c7 04 83
    e7 65 2c 46 a8 26 8e 2e c9 03 43 f9 b4 a5 39 14
    72 3c c7 a1 f1 e7 97 00 06 13 02 13 03 13 01 01
    00 05 23 00 0b 00 04 03 00 01 02 00 0a 00 06 00
    04 00 1d 11 ec 00 23 00 00 00 16 00 00 00 17 00
    00 00 0d 00 2a 00 28 09 05 09 06 09 04 04 03 05
    03 06 03 08 07 08 08 08 1a 08 1b 08 1c 08 09 08
    0a 08 0b 08 04 08 05 08 06 04 01 05 01 06 01 00
    2b 00 03 02 03 04 00 2d 00 02 01 01 00 33 04 c6
    04 c4 11 ec 04 c0 a4 68 46 14 fa 82 c4 18 4c de
    db 84 f4 e2 29 19 49 b1 0d d6 4c 60 c6 9b 9a 9c
    81 ca 04 62 30 e5 8c 1c 41 ad 47 31 9b 06 94 27
    c4 c9 5e 1a 87 11 b2 a5 5f d8 61 68 d9 c1 c1 6c
    68 28 69 a4 7c 72 fc 39 f7 16 63 80 4a 01 a3 52
    70 17 65 5a 1c fb 3b 80 50 03 5b 32 19 6a 9b ba
    4b a1 be 33 9b b6 af e2 18 c8 61 12 09 e1 5a c3
    76 81 bb 41 2d 9f 74 51 ac f5 68 1a ca 2d 97 09
    85 17 d2 b3 67 41 59 c6 d5 b0 9a 85 24 ed 86 1b
    2a 35 86 e8 51 7c b5 ab 4d 5c 7a 79 9b 3b 64 16
    e5 3b 80 82 a2 3e 23 02 28 72 9e db b2 34 a0 a1
    34 b6 97 b7 51 19 22 e9 03 7b cd 6c 3b c9 82 a7
    b6 1b 17 08 96 98 e2 31 03 b1 a1 4b b9 99 22 51
    f0 43 75 56 99 28 49 be 23 c5 c9 b5 19 9e e5 64
    73 ba 3c 0f 89 49 22 c1 1b 04 c7 fc 6f 81 23 cd
    8f cb 68 36 26 a0 d2 a0 7a 34 c2 08 b8 a3 a3 ce
    c8 9a cc 72 14 db f7 4f c4 10 aa a0 b9 5c c4 57
    5b 19 eb 7b 0b 4b 44 55 3b b9 92 ea 8f a1 41 ce
    70 35 c8 58 c9 55 c1 f5 1b da 41 a6 c9 99 bd 08
    51 b9 e6 a6 8a e0 db 60 f7 02 bd a0 99 54 d7 01
    2e d5 18 72 6d 59 67 1b 49 c0 83 e9 6e 36 87 9e
    03 d0 7f ca 72 01 f3 15 42 00 47 3d 97 d7 68 be
    a8 84 02 f0 a8 c5 70 a8 5a 42 71 17 54 93 db ec
    1a c0 f9 63 fe 03 5b cf 70 88 e8 7c 29 81 27 3c
    8f e6 2e a8 dc a2 35 5c cb a0 7a 19 f7 b1 0f f8
    12 1e 09 40 56 96 d5 b6 77 3c 0b 42 c1 56 3c c5
    ab 15 ea ca 31 b5 a1 9d c6 0d d9 62 29 3a 54 37
    d5 7b 08 b0 05 9c 19 e6 05 8c 32 29 b6 e5 9d 6c
    7b 49 55 e1 92 ab 90 29 44 a9 14 ae 95 2b 00 cc
    a7 4b 72 bd c7 04 86 de b9 cd f2 28 be 44 b1 c9
    12 a8 ce a8 43 24 de c9 53 fe e6 1b 5f 42 72 db
    b1 39 0c 24 be 5a 4a 62 80 ea 6a 92 ca c6 a4 c7
    5f fa 24 21 dc e8 3d e1 e9 25 09 54 32 6d e4 81
    f6 6c 6c 38 c3 99 ae 6c 65 0f b9 27 04 04 42 d9
    60 bf 1a 2a 08 50 4b 57 ec 95 5f a7 c1 10 70 84
    9b 3a 87 cd 19 5b 5b 2f ec 79 2b c2 19 78 ec 42
    64 a4 42 c5 89 3c 01 47 b4 44 74 3d ca b8 7a 14
    7b 85 84 23 98 3a c4 aa 94 f8 5c 59 26 87 81 25
    cc 1f b6 88 42 f4 45 0d a7 c1 02 20 2f 1b f3 78
    de 05 09 10 a4 47 58 10 c4 0b 07 44 3c c5 98 bf
    9a 1c 56 33 a4 c5 21 94 25 22 1f f5 d3 97 d6 42
    18 41 3c 5a 51 1c 8a bc ac b2 73 64 6d dd 68 57
    20 97 85 e2 34 3e 6d f7 33 46 48 68 25 57 8d 4c
    99 a1 f9 c6 c5 bc ca a9 cf 94 44 84 31 b9 2a 72
    1b 25 98 63 75 0b 84 e1 06 37 a6 57 9c 92 26 4e
    05 c8 5a 41 38 0b 51 2c 6a d8 77 99 b1 29 63 2e
    87 66 a3 11 71 32 e1 b3 e2 44 c9 57 81 31 26 09
    64 81 93 5d 94 32 30 d9 f1 b8 2c 96 cd a1 ac 9d
    4a 5a 27 c7 33 b3 f8 dc 67 28 42 12 94 81 04 51
    1c 34 58 a1 c1 0a d6 0e b7 b1 be f9 08 1b 7c e5
    3f d6 6b 30 f6 ab 4d df 74 31 70 55 0d 5e d0 67
    5d 49 06 2e 02 91 cd d3 c2 17 62 40 69 f1 0b 57
    a5 a7 d1 38 58 ba d3 43 89 b3 c7 30 28 05 e7 d9
    44 2c 1c bd df 42 4c 39 2c 40 4c 30 6a f9 c7 89
    22 eb 32 9c 2c 73 2c 94 02 ca 74 b5 04 82 cc a9
    d0 75 40 67 1e 75 ab 7b 42 aa 8a ea 9b 1b 8a 16
    aa 8e f0 53 37 74 27 b5 12 27 b7 7b 5a 1d 41 66
    b7 e8 71 75 64 62 47 d1 30 46 75 98 8b f9 0d 52
    ec 88 4b 68 2c df 76 87 53 4b a3 cc ca 30 6f a4
    ce 91 77 03 2a 70 11 3e 59 21 be 82 4c 63 c5 17
    48 70 41 f3 9b c2 98 da a3 30 bb 37 39 87 ad 07
    8c ae f6 97 c2 e7 48 ba 92 a8 34 ea b4 ba 75 3a
    c5 71 68 a3 69 f2 25 93 21 1a 35 15 6d 8e 97 21
    ad 77 4e bc 50 65 b3 bc c7 79 19 50 d8 90 38 e5
    83 67 e5 c1 57 c3 a3 43 d5 ac 66 bc e9 1b 48 e4
    47 8b 96 07 80 32 aa 2d 73 90 ca 47 cf d2 0a 52
    9d 17 40 66 65 2c 6c 11 38 29 c7 97 52 54 80 13
    71 69 f2 d2 7f 38 8b 5a 32 28 3d 0e 47 0c 60 79
    60 aa f1 1c a7 14 54 6f 75 84 28 91 a9 6c cb 4f
    99 8a 8c 2a 47 27 dc d3 a2 33 a2 0d 1f d8 1e 2d
    f9 35 b7 11 5f aa a7 59 ba 94 91 18 97 69 e0 aa
    06 86 c1 9d 3f dc 43 46 98 68 68 b7 7a c3 37 c3
    e5 80 9c 20 d9 10 6b 4f 10 08 dd 7e 48 0f d6 75
    51 0d 5d 2b cd 02 31 32 da 72 e2 58 7f 44 2d ec
    83 bc 22 84 2b 75 fc b1 56 cd bf dc e8 54 ee 35
    0d da 02 08 cb f6 8d 85 30 e3 28 d0 42 65 b6 27
    59 d4 b4 12 07 55
<<< TLS 1.2, RecordHeader [length 0005]
    14 03 03 00 01
<<< TLS 1.3, ChangeCipherSpec [length 0001]
    01
<<< TLS 1.2, RecordHeader [length 0005]
    16 03 03 04 ba
<<< TLS 1.3, Handshake [length 04ba], ServerHello
    02 00 04 b6 03 03 53 f5 72 a7 52 64 44 84 b0 0e
    e2 5c 27 c6 0c 89 e1 eb 03 ed c2 6c c3 7f 1c 03
    38 ed 5a cf 89 65 20 0f 44 a8 23 73 7e c7 04 83
    e7 65 2c 46 a8 26 8e 2e c9 03 43 f9 b4 a5 39 14
    72 3c c7 a1 f1 e7 97 13 02 00 04 6e 00 2b 00 02
    03 04 00 33 04 64 11 ec 04 60 ca 88 eb 4c 8d 6f
    31 74 1c f6 98 4b c4 7e 66 7d d5 b3 17 e8 8b 8d
    ac 21 a3 e0 7b a8 94 c7 57 a5 ed d2 d8 0c 1f 0b
    20 ba a0 09 ad 31 5a 1f 90 50 ae 1e 7b 1d cb e5
    d5 88 31 42 02 95 9a b9 b2 6f 20 f6 1b 68 bb ad
    5c a9 4f 26 9f 7d e7 f4 41 d4 35 c9 df 50 53 15
    5b 14 03 61 16 d2 b0 6f b8 1d 05 ab cd 40 bf b6
    d6 1d e4 cc 74 25 c8 04 9c 78 e8 e4 9d 22 44 b1
    b1 66 ef 9a 55 48 c3 f7 9f e2 d8 87 c5 f6 1b ed
    96 7d ca 7e b3 0f ca cb d9 bb 96 db f8 0f 75 fe
    45 79 c2 fb 3c 00 3d fb 43 9a f8 63 95 ab ce d3
    2a 03 bb 14 4b b3 e6 00 8d a0 23 a6 0f 52 29 f3
    55 17 64 5b 1d 13 9d ab 4c 78 cc bc 77 f9 d1 d5
    09 47 f0 59 71 6c bb ab 1f 8b 6e 75 e4 ad 92 46
    75 d0 15 4e 62 a0 f5 01 7e e9 11 25 1f 28 87 2b
    e6 10 25 99 a0 cc d5 47 b0 80 6a b8 60 96 f5 c3
    88 02 a8 0f c5 a4 fe d7 47 88 f9 ce 26 34 ca b4
    02 39 e6 c3 aa db 8a f4 b7 ca 1c 36 75 90 9c b1
    17 9f 85 98 87 e1 c7 87 03 10 31 67 74 4f a8 45
    35 3d 97 87 d9 58 c2 02 b2 23 1f 02 10 9d 1a 8e
    72 cc 34 0f e1 57 9a 45 c9 61 63 c9 12 29 3c d4
    61 15 9b 12 19 f1 d3 a6 38 8c fd a4 fa f9 be 07
    b4 e0 43 2f 16 28 9b b6 29 c7 42 22 62 91 95 8d
    ac 35 82 7d b7 ea a9 4a 0c 0b da ae 52 88 3f b3
    41 c0 3f fe 0f d7 9f 7c 05 5c 3b ce 84 40 30 fc
    52 15 fa f2 74 1f e2 02 17 bc a6 9d dc 13 d0 16
    94 8d b5 3e 5c 1a 80 0f fb 84 76 4e a2 2b 8e 6e
    e2 ec 77 96 d3 04 08 c1 95 69 60 29 32 62 0b 6d
    54 80 7f 0b 1a f2 6b 60 6e cc 88 f6 28 9d 54 1b
    e0 e7 e2 09 6e fc 75 6c c1 27 f1 6d 5a db fc 6d
    86 4f 1c c9 24 24 e4 07 01 84 54 79 1f 14 96 f4
    1c d7 42 1e 9a 43 55 50 5e 93 9d 95 17 6d c0 c7
    71 19 9d e7 af 91 b2 cf 1b f7 f0 b5 f8 5e 1a 2b
    7a 38 33 43 f4 63 35 c3 6d 32 d0 42 5e fd db f2
    d9 93 24 9c d3 8a 75 74 5e aa b3 ef f6 0f 45 7b
    b5 25 ec d3 60 c4 23 68 7b eb 4f 68 06 89 a8 ec
    6d cd f6 d3 be 3d 1c 66 e2 e8 fa 7e 3c 55 12 08
    71 0b 70 58 fa 38 15 03 8b 61 31 95 e2 05 8b f5
    d6 2c 6f 43 78 45 fb 86 94 09 59 46 4e 3d 22 70
    37 88 d9 96 61 3e be ae 72 21 7a 61 f9 ec 9f 46
    29 32 04 88 f7 56 8c 7d 6b 24 af f4 c3 3c bd f4
    9b 6f 2b 8b 0e c3 05 f3 cb b5 04 1b a4 94 2c 5e
    ad 50 f7 ac d0 72 66 6e 34 ea bc e3 bb 56 44 f4
    78 d6 8d a8 b8 47 31 fa 43 24 12 86 03 32 b6 dd
    39 4b 8c c2 1b ae f1 ed d4 73 ff f7 87 38 8c 1c
    8c 04 2f d2 bc 4c 01 fa 7f d3 ad 93 9d 57 6d ec
    4e 58 37 63 1b 23 fa ae f8 7f 5b 67 ad 39 66 70
    b7 b1 12 b1 f2 69 c2 f9 d7 59 17 32 2e fa a5 5d
    9e b2 a5 1e aa 7e bb 5e 2d ba 36 85 11 96 4d a5
    df 48 33 ff 22 9e 09 05 41 8c d7 eb 76 1f a4 07
    49 3b dd a1 aa 8d 1a 47 85 e3 13 29 d4 11 59 5b
    0f 8d 4c d1 fb 0b 8a f4 d1 f7 59 dc 17 f5 a3 70
    16 70 4e 3c 8e b5 34 38 42 41 b5 58 fb a7 c3 29
    c0 6b d9 a5 ef cb f3 62 50 0e 99 ef 3d cb e5 c3
    c9 01 ac 20 7a 7e 7f a0 26 0d 44 1e f7 41 a3 b8
    a0 6e ec 56 36 d7 39 ad 0c bd 0d 3b 58 51 ac 77
    0f 34 db 59 d6 de 13 99 e7 08 ca ed aa c9 4e 41
    f2 a9 4a 5e 42 4c a3 5a 3a db ba 1d 76 6b 06 78
    ff 5e 07 0f 72 4c 26 d5 64 61 19 bd 27 b4 53 53
    90 27 54 e2 a0 0f be 77 af fa c2 0e 3a 89 99 0e
    cd ab a9 de 21 97 74 8a de e0 da 4f 2b 80 d9 66
    96 0b d4 43 80 af 55 8a de 79 79 dc f6 17 b6 dd
    a4 c5 ac e9 3c d3 e8 24 9b 41 90 f7 28 94 37 1d
    c0 50 d5 73 26 47 91 b8 82 2f 3f 36 1d 1d fc 03
    93 43 5c f4 16 4b 14 51 25 80 40 24 61 61 9b ee
    14 9b 4c 9b 77 9f c0 b3 c4 51 2f 7b d8 35 3c 4c
    da be 6d 2d aa a0 78 11 9f 74 32 a5 2d 26 40 49
    73 44 b0 78 cd 1f fc 35 dd 65 8a 54 ff cc 17 ff
    17 57 3e 58 86 dd 77 79 6e 0c 6b bf e1 f0 01 0a
    50 9a 50 1f 38 ee e9 ff 96 53 ba ac 9c e6 d8 11
    fc 1a a1 8a 50 53 22 87 73 0d
<<< TLS 1.2, RecordHeader [length 0005]
    17 03 03 00 17
<<< TLS 1.3, InnerContent [length 0001]
    16
<<< TLS 1.3, Handshake [length 0006], EncryptedExtensions
    08 00 00 02 00 00
<<< TLS 1.2, RecordHeader [length 0005]
    17 03 03 03 47
<<< TLS 1.3, InnerContent [length 0001]
    16
<<< TLS 1.3, Handshake [length 0336], Certificate
    0b 00 03 32 00 00 03 2e 00 03 29 30 82 03 25 30
    82 02 0d a0 03 02 01 02 02 01 02 30 0d 06 09 2a
    86 48 86 f7 0d 01 01 0b 05 00 30 12 31 10 30 0e
    06 03 55 04 03 0c 07 52 6f 6f 74 20 43 41 30 20
    17 0d 31 36 30 31 31 34 32 32 32 39 34 36 5a 18
    0f 32 31 31 36 30 31 31 35 32 32 32 39 34 36 5a
    30 19 31 17 30 15 06 03 55 04 03 0c 0e 73 65 72
    76 65 72 2e 65 78 61 6d 70 6c 65 30 82 01 22 30
    0d 06 09 2a 86 48 86 f7 0d 01 01 01 05 00 03 82
    01 0f 00 30 82 01 0a 02 82 01 01 00 d5 5d 60 6a
    df fc 61 ee 48 aa 8c 11 48 43 a5 6d b6 52 5d aa
    98 49 b1 61 92 35 b1 fc 3a 04 25 0c 6d 79 ff b4
    d5 c9 e9 5c 1c 3b e0 ab b3 b8 7d a3 de 6d bd e0
    dd d7 5a bf 14 47 11 42 5e a6 82 d0 61 c1 7f dd
    13 46 e6 09 85 07 0e f2 d4 fc 1a 64 d2 0a ad 20
    ab 20 6b 96 f0 ad cc c4 19 53 55 dc 01 1d a4 b3
    ef 8a b4 49 53 5d 8a 05 1c f1 dc e1 44 bf c5 d7
    e2 77 19 57 5c 97 0b 75 ee 88 43 71 0f ca 6c c1
    b4 b2 50 a7 77 46 6c 58 0f 11 bf f1 76 24 5a ae
    39 42 b7 51 67 29 e1 d0 55 30 6f 17 e4 91 ea ad
    f8 28 c2 43 6f a2 64 a9 fb 9d 98 92 62 48 3e eb
    0d 4f 82 4a 8a ff 3f 72 ee 96 b5 ae a1 c1 98 ba
    ef 7d 90 75 6d ff 5a 52 9e ab f5 c0 7e d0 87 43
    db 85 07 07 0f 7d 38 7a fd d1 d3 ee 65 1d d3 ea
    39 6a 87 37 ee 4a d3 e0 0d 6e f5 70 ac c2 bd f1
    6e f3 92 95 5e a9 f0 a1 65 95 93 8d 02 03 01 00
    01 a3 7d 30 7b 30 1d 06 03 55 1d 0e 04 16 04 14
    c0 e7 84 bf e8 59 27 33 10 b0 52 4f 51 52 2f 06
    d6 c0 7a cd 30 1f 06 03 55 1d 23 04 18 30 16 80
    14 70 7f 2e ae 83 68 59 98 04 23 2a cd eb 3e 17
    cd 24 dd 01 49 30 09 06 03 55 1d 13 04 02 30 00
    30 13 06 03 55 1d 25 04 0c 30 0a 06 08 2b 06 01
    05 05 07 03 01 30 19 06 03 55 1d 11 04 12 30 10
    82 0e 73 65 72 76 65 72 2e 65 78 61 6d 70 6c 65
    30 0d 06 09 2a 86 48 86 f7 0d 01 01 0b 05 00 03
    82 01 01 00 7b d3 04 43 75 8a 0f 11 ae c4 fb d7
    a1 a2 9e fe 20 18 d5 f4 2f 31 88 46 b6 75 8c ee
    e5 9b 97 a6 b9 a3 cd 60 9a 46 c3 48 97 e5 97 68
    f7 5a 86 35 73 d9 69 9e f9 5f 74 b9 e6 94 13 01
    cb 6a dc e3 c4 04 e9 65 da 9c a4 8b 28 f3 f9 9a
    7f bf 97 1f 45 92 e5 05 b1 56 e6 0b f6 47 de 1e
    89 b6 2b e1 4d df 4a 7e 01 d3 23 dc 97 8c 47 fe
    5f c7 cc 98 46 0e c4 83 5b ca 8a f1 52 09 be 6b
    ec 3f 09 8b d0 93 02 bf e1 51 e7 d1 7e 34 56 19
    74 d0 ff 28 25 de b7 9f 56 52 91 7d 20 29 85 0a
    80 44 5f 71 32 25 71 0f c2 16 e2 5f 6b 1d 3f 32
    5b 0a 3c 74 1c b9 62 f1 ed 07 50 a3 6d b4 b4 31
    0a c0 53 44 6a 3a 88 84 8b 2d a9 b0 37 8e e6 18
    36 bd 9a 20 40 0f 01 92 8b 3d aa 61 e7 ae 2c ed
    36 cd 3a 07 86 74 3a 29 b3 d7 3a b4 00 a9 c2 f5
    92 78 0e e2 0f a3 fe bb be e0 06 53 84 59 1d 90
    69 e5 b6 f9 00 00
<<< TLS 1.2, RecordHeader [length 0005]
    17 03 03 01 19
<<< TLS 1.3, InnerContent [length 0001]
    16
<<< TLS 1.3, Handshake [length 0108], CertificateVerify
    0f 00 01 04 08 04 01 00 41 82 f3 70 e6 77 81 5a
    1f ed 98 0c 7d ba 15 52 1e 54 e7 95 45 cf 50 f0
    1d 5d f2 f7 8f 96 9c e0 64 9c 4e 24 5a b4 97 ca
    92 2d 43 d1 66 f7 01 55 b6 da 99 5f 9e 1c 2d be
    42 d4 ed 6d f3 af 8c 37 91 0a 63 08 33 f0 c8 06
    be ca 0a 5f f0 fc 45 c0 d1 df 68 b3 35 5d df 57
    65 21 02 dc fa e8 2a 64 9a cf da dc f2 85 af 51
    5e 51 97 04 91 8c c0 a7 15 5d b5 a0 cc 00 81 68
    ea f8 26 54 15 9e 16 86 cc 7d df 77 1b f6 47 56
    09 52 b6 ab 83 1d 64 ad d6 a1 8f aa 2d 9c b8 4e
    dd 1e 0e be bd 15 4a 31 8d cc 2c fc 6a a0 0c 01
    a0 8e d5 2f f8 d4 5b 95 d8 6e d9 1e fe 06 cd 9e
    d2 6d 05 d9 63 87 de 39 f0 9d 55 72 2d 13 49 69
    e0 18 35 c3 3b d7 40 98 c4 7e 79 06 ca b5 fa 1d
    86 2d 3a 34 8a e9 ae 68 5f 54 86 41 47 31 49 f8
    2f 57 88 e4 d7 ef bf af 37 99 fa 8c 6b 00 c9 c1
    f0 2d fa 7e 21 66 22 80
<<< TLS 1.2, RecordHeader [length 0005]
    17 03 03 00 45
<<< TLS 1.3, InnerContent [length 0001]
    16
<<< TLS 1.3, Handshake [length 0034], Finished
    14 00 00 30 5b e1 7d 4f 75 90 0d cd 6a dc 6b b8
    91 85 69 fb 74 27 0d 96 7f 9a f7 95 dd 98 9a d8
    82 a9 97 e1 14 7f 0e 8d f0 9f bc eb 06 7c 79 40
    45 4d d7 53
>>> TLS 1.2, RecordHeader [length 0005]
    17 03 03 00 45
>>> TLS 1.2, InnerContent [length 0001]
    16
>>> TLS 1.3, Handshake [length 0034], Finished
    14 00 00 30 37 ae e0 7b b9 2c cf 3b 23 45 59 92
    18 fb 6a 48 a7 5d 05 95 7d df c2 76 35 d3 e6 a5
    36 a1 8f 60 60 67 a7 56 e7 4b 9f 08 28 2c e7 38
    17 ae 5a 73
---
Certificate chain
 0 s:CN=server.example
   i:CN=Root CA
   a:PKEY: RSA, 2048 (bit); sigalg: sha256WithRSAEncryption
   v:NotBefore: Jan 14 22:29:46 2016 GMT; NotAfter: Jan 15 22:29:46 2116 GMT
---
Server certificate
-----BEGIN CERTIFICATE-----
MIIDJTCCAg2gAwIBAgIBAjANBgkqhkiG9w0BAQsFADASMRAwDgYDVQQDDAdSb290
IENBMCAXDTE2MDExNDIyMjk0NloYDzIxMTYwMTE1MjIyOTQ2WjAZMRcwFQYDVQQD
DA5zZXJ2ZXIuZXhhbXBsZTCCASIwDQYJKoZIhvcNAQEBBQADggEPADCCAQoCggEB
ANVdYGrf/GHuSKqMEUhDpW22Ul2qmEmxYZI1sfw6BCUMbXn/tNXJ6VwcO+Crs7h9
o95tveDd11q/FEcRQl6mgtBhwX/dE0bmCYUHDvLU/Bpk0gqtIKsga5bwrczEGVNV
3AEdpLPvirRJU12KBRzx3OFEv8XX4ncZV1yXC3XuiENxD8pswbSyUKd3RmxYDxG/
8XYkWq45QrdRZynh0FUwbxfkkeqt+CjCQ2+iZKn7nZiSYkg+6w1PgkqK/z9y7pa1
rqHBmLrvfZB1bf9aUp6r9cB+0IdD24UHBw99OHr90dPuZR3T6jlqhzfuStPgDW71
cKzCvfFu85KVXqnwoWWVk40CAwEAAaN9MHswHQYDVR0OBBYEFMDnhL/oWSczELBS
T1FSLwbWwHrNMB8GA1UdIwQYMBaAFHB/Lq6DaFmYBCMqzes+F80k3QFJMAkGA1Ud
EwQCMAAwEwYDVR0lBAwwCgYIKwYBBQUHAwEwGQYDVR0RBBIwEIIOc2VydmVyLmV4
YW1wbGUwDQYJKoZIhvcNAQELBQADggEBAHvTBEN1ig8RrsT716Ginv4gGNX0LzGI
RrZ1jO7lm5emuaPNYJpGw0iX5Zdo91qGNXPZaZ75X3S55pQTActq3OPEBOll2pyk
iyjz+Zp/v5cfRZLlBbFW5gv2R94eibYr4U3fSn4B0yPcl4xH/l/HzJhGDsSDW8qK
8VIJvmvsPwmL0JMCv+FR59F+NFYZdND/KCXet59WUpF9ICmFCoBEX3EyJXEPwhbi
X2sdPzJbCjx0HLli8e0HUKNttLQxCsBTRGo6iISLLamwN47mGDa9miBADwGSiz2q
YeeuLO02zToHhnQ6KbPXOrQAqcL1kngO4g+j/ru+4AZThFkdkGnltvk=
-----END CERTIFICATE-----
subject=CN=server.example
issuer=CN=Root CA
---
No client certificate CA names sent
Peer signing digest: SHA256
Peer signature type: rsa_pss_rsae_sha256
Negotiated TLS1.3 group: X25519MLKEM768
---
SSL handshake has read 2546 bytes and written 1702 bytes
Verification error: unable to verify the first certificate
---
New, TLSv1.3, Cipher is TLS_AES_256_GCM_SHA384
Protocol: TLSv1.3
Server public key is 2048 bit
This TLS version forbids renegotiation.
Compression: NONE
Expansion: NONE
No ALPN negotiated
Early data was not sent
Verify return code: 21 (unable to verify the first certificate)
---
>>> TLS 1.2, RecordHeader [length 0005]
    17 03 03 00 13
>>> TLS 1.2, InnerContent [length 0001]
    15
>>> TLS 1.3, Alert [length 0002], warning close_notify
    01 00
Connecting to 127.0.0.1
SSL_connect:before SSL initialization
SSL_connect:SSLv3/TLS write client hello
SSL_connect:SSLv3/TLS write client hello
SSL_connect:SSLv3/TLS read server hello
SSL_connect:SSLv3/TLS write change cipher spec
SSL_connect:SSLv3/TLS write client hello
SSL_connect:SSLv3/TLS write client hello
SSL_connect:SSLv3/TLS read server hello
Can't use SSL_get_servername
SSL_connect:TLSv1.3 read encrypted extensions
depth=0 CN=server.example
verify error:num=20:unable to get local issuer certificate
verify return:1
depth=0 CN=server.example
verify error:num=21:unable to verify the first certificate
verify return:1
depth=0 CN=server.example
verify return:1
SSL_connect:SSLv3/TLS read server certificate
SSL_connect:TLSv1.3 read server certificate verify
SSL_connect:SSLv3/TLS read finished
SSL_connect:SSLv3/TLS write finished
DONE
SSL3 alert write:warning:close notify
