CONNECTED(00000003)
>>> TLS 1.0, RecordHeader [length 0005]
    16 03 01 00 d6
>>> TLS 1.3, Handshake [length 00d6], ClientHello
    01 00 00 d2 03 03 3c 83 66 7a 74 e5 84 9a 1d 63
    77 46 2e 32 73 68 ac c6 8a 7e 34 43 b6 cb 64 46
    e1 88 43 04 3a 6f 20 60 78 fb 5c c8 86 75 cd be
    66 90 99 17 24 de 4a 5e 9d 46 b3 55 9f eb 77 be
    af 79 40 14 85 4e 23 00 06 13 02 13 03 13 01 01
    00 00 83 00 0b 00 04 03 00 01 02 00 0a 00 06 00
    04 00 1d 11 ec 00 23 00 00 00 16 00 00 00 17 00
    00 00 0d 00 2a 00 28 09 05 09 06 09 04 04 03 05
    03 06 03 08 07 08 08 08 1a 08 1b 08 1c 08 09 08
    0a 08 0b 08 04 08 05 08 06 04 01 05 01 06 01 00
    2b 00 03 02 03 04 00 2d 00 02 01 01 00 33 00 26
    00 24 00 1d 00 20 00 36 c2 a8 9d d6 77 8a 7f dc
    a6 4e 0e 45 de 9e 95 7a b8 2a 1a 7c b2 43 14 05
    6c 4a 11 05 2c 41
<<< TLS 1.2, RecordHeader [length 0005]
    16 03 03 00 58
<<< TLS 1.3, Handshake [length 0058], ServerHello
    02 00 00 54 03 03 cf 21 ad 74 e5 9a 61 11 be 1d
    8c 02 1e 65 b8 91 c2 a2 11 16 7a bb 8c 5e 07 9e
    09 e2 c8 a8 33 9c 20 60 78 fb 5c c8 86 75 cd be
    66 90 99 17 24 de 4a 5e 9d 46 b3 55 9f eb 77 be
    af 79 40 14 85 4e 23 13 02 00 00 0c 00 2b 00 02
    03 04 00 33 00 02 11 ec
>>> TLS 1.2, RecordHeader [length 0005]
    14 03 03 00 01
>>> TLS 1.3, ChangeCipherSpec [length 0001]
    01
>>> TLS 1.2, RecordHeader [length 0005]
    16 03 03 05 76
>>> TLS 1.3, Handshake [length 0576], ClientHello
    01 00 05 72 03 03 3c 83 66 7a 74 e5 84 9a 1d 63
    77 46 2e 32 73 68 ac c6 8a 7e 34 43 b6 cb 64 46
    e1 88 43 04 3a 6f 20 60 78 fb 5c c8 86 75 cd be
    66 90 99 17 24 de 4a 5e 9d 46 b3 55 9f eb 77 be
    af 79 40 14 85 4e 23 00 06 13 02 13 03 13 01 01
    00 05 23 00 0b 00 04 03 00 01 02 00 0a 00 06 00
    04 00 1d 11 ec 00 23 00 00 00 16 00 00 00 17 00
    00 00 0d 00 2a 00 28 09 05 09 06 09 04 04 03 05
    03 06 03 08 07 08 08 08 1a 08 1b 08 1c 08 09 08
    0a 08 0b 08 04 08 05 08 06 04 01 05 01 06 01 00
    2b 00 03 02 03 04 00 2d 00 02 01 01 00 33 04 c6
    04 c4 11 ec 04 c0 70 b9 c4 11 c4 91 bf 1c bf ea
    21 29 43 0c 93 e7 75 26 c9 1b 52 83 58 24 d0 52
    48 ae 30 54 f3 c8 5e ba 3a 1f f4 8c b1 d1 9c 20
    5b 6b 78 35 2b bf 05 73 2e 81 00 04 8a e2 a9 90
    46 c3 15 4a 5a 1c c3 3c fe 61 64 5d 16 2b b4 80
    26 dc 3b c4 0d 79 09 e3 85 60 1f b0 52 7b 22 8a
    f3 e4 bb bb 80 6b 02 68 56 b9 48 6b 63 55 3a 37
    72 70 62 75 40 aa 41 32 78 45 c6 f0 17 a8 8a 62
    cc e0 d1 b5 b7 a4 cc 38 90 05 5c c0 6a fb 82 98
    fb 32 a2 be 23 c8 2e 01 60 de c8 5e 01 fb 9b 59
    68 87 37 2b c7 69 44 8f 3c c4 9b 23 70 31 05 15
    56 d8 b2 98 df 2b 31 1c 46 ca f6 04 66 c8 e8 3d
    48 32 52 51 57 ae 2e c7 b1 82 cb 06 60 52 c6 04
    fc 1e 11 fc 85 19 00 b2 81 61 59 92 86 0c e6 b7
    6f ce 72 34 76 a2 a0 ec d5 b9 1f c2 7d 05 49 22
    91 09 9e 7a 25 3c d6 07 02 18 a0 35 87 29 77 0f
    ba 2c 4b a0 a0 9c c7 8c 1c 50 cc c6 55 72 dd 63
    98 d7 10 88 2f 84 96 e6 a1 bf 10 a6 22 bc 80 22
    50 71 a1 f2 0b 27 97 6c 23 6d cb 7a 60 43 8e 28
    91 7a a4 38 3b 6a 46 4e 06 d9 48 13 ab 38 2d a4
    2e eb 02 16 ac 11 96 24 66 99 5d f5 4c bf ac 20
    bb fb 79 ff 69 6a f5 e1 27 bc f5 0f dc f4 77 44
    75 6f 11 5c 72 c0 57 8f b1 43 0c 3e 02 8e c2 eb
    c4 af 50 4a 21 81 7d 2f 53 2e 52 c2 81 93 fc 75
    73 ab 32 82 a1 46 78 0b 6a 2b 9b 87 d0 56 31 9b
    66 a5 14 d7 18 84 99 a0 79 5b 18 0b f5 13 08 b1
    2d 8e d2 0e cf f9 2e cf b2 97 1e d0 a8 9f 9c 1e
    3d e1 6c fc 8a 66 06 65 8f 8c c0 22 16 6c c3 e1
    e3 64 1d 29 bc 6c 61 71 81 e1 0a 07 e7 2a df 50
    85 09 47 96 b7 66 b7 d8 d4 43 51 63 6a 08 c2 9b
    be 9c aa 04 e8 76 ca 58 09 16 78 6e d2 90 30 ae
    d7 4d 0a d9 c6 38 e6 62 d4 40 3d ac 58 40 d3 f0
    61 1a d9 a0 54 6c 5e 02 e1 9a 31 15 7b 9b ec 79
    17 52 0a c1 60 0e d9 bc 46 a0 30 bf 4f 05 61 b6
    b6 35 40 56 4d 1e eb bb f7 da 3f 06 f8 56 fe e0
    29 4a 16 5a 67 e9 37 81 50 15 30 db af 09 f5 92
    9e 14 a7 a8 d7 67 a0 c7 37 7f 4b cd 01 4b 1f b5
    55 44 c7 c5 7f 51 bb 3b 90 0a 21 16 78 13 4d cc
    59 fa 62 65 9f c1 c6 d0 79 a0 3b fc cb cb e8 61
    75 7a c7 5e f5 96 27 06 70 7c 27 6d 9e 4b 36 41
    11 93 45 5a 13 84 36 26 1f 8c bc a6 16 7a 25 e6
    7c 98 e6 01 4a ec 11 f8 3a 2a 03 33 06 98 03 41
    15 d5 11 50 8a 7c 82 04 58 02 35 1a 3f e2 77 da
    e1 15 0c d2 c2 86 b1 2a 93 f0 a9 89 20 91 8a 70
    63 f1 f0 76 18 57 76 d1 2b cf 6a ab 60 32 79 c9
    ca 8c 7f 2a 3a 8e 9f 09 6c 91 d4 2e 61 45 8a 93
    aa 1e fa a5 7f c6 5b 3d e1 96 4d 8c d8 8d 84 98
    80 83 45 39 1f 40 7f 4c f4 b2 dd e5 17 20 f1 ac
    39 d5 39 98 e6 50 ba fa 82 15 b9 52 bd b3 ba 34
    ba 8d c0 d0 9a 32 04 69 a8 da 46 e7 b2 42 4f 94
    aa af 29 a1 b1 b5 3b 10 f3 c5 15 61 b3 2a 6b 61
    05 7a 30 c3 e9 2d f0 20 8c 30 a1 84 12 69 6a 18
    f1 47 a7 4a 7a 48 17 c1 a7 ea 2b cb b1 84 3b 52
    4b d5 46 c3 df bb ca c8 e9 46 52 06 26 62 f5 05
    0b b5 5f da 43 41 87 55 b9 ef a8 46 1b e6 63 e8
    90 83 e2 f9 62 02 a8 8d 0f 61 5f 10 ac 1f 16 12
    1f 00 2d 19 3b 62 86 88 1b 0e 7f 76 3a 7a fa 98
    1c 8b 41 49 bb 22 3d bc 53 c9 30 4c 7a b9 22 52
    74 01 9a e7 45 98 10 93 cd 74 b9 8d 8a ac 54 d9
    b7 a1 6b 69 0e 13 3d 0a 34 05 3e e6 38 e9 18 09
    e5 35 91 ee f6 20 d2 f7 c9 2a 83 c2 f9 66 08 55
    ba 51 a0 0c 7e 14 49 92 56 c1 10 8b 17 87 11 d8
    2b 1b d6 71 92 25 c2 b8 75 4b 67 a2 59 0b 8c b9
    10 e2 42 57 8b be 70 e9 81 3a 52 a1 1b ba 60 c7
    21 c3 71 b6 11 ff 7a bb 6b eb 4b 5c 5a 8c 23 d6
    c9 fe 73 cb 8a 0a ba 94 91 4e a9 84 44 90 61 30
    36 6b 8e 8f 95 43 b8 54 23 21 e2 83 01 06 56 3c
    a2 11 e4 f1 89 3f 45 2c f8 69 58 0a 36 65 fe ca
    91 3b 44 54 3f 00 30 06 7c a3 b2 06 54 e8 c5 1c
    43 c8 07 18 92 a3 80 96 65 fd 32 7d 45 9a 85 6f
    06 25 1d 2a 66 29 60 2c 2d 94 94 ce 71 18 32 7c
    74 b3 47 4d 90 e9 7e 1c 94 22 fc 79 1a 69 d9 96
    b4 68 05 17 79 b1 81 6e c8 da df 54 75 74 89 79
    36 6b ec ef 19 0f 3c 8e 1c 1a e1 6b 26 82 42 8f
    88 2e 0a fb 35 0b 5b 1b 80 c7 cc 85 c9 99 82 ec
    fa 02 d5 0b b9 bc c8 23 e1 11 37 34 c1 30 f1 ba
    cc 75 cc af 57 6f
<<< TLS 1.2, RecordHeader [length 0005]
    14 03 03 00 01
<<< TLS 1.3, ChangeCipherSpec [length 0001]
    01
<<< TLS 1.2, RecordHeader [length 0005]
    16 03 03 04 ba
<<< TLS 1.3, Handshake [length 04ba], ServerHello
    02 00 04 b6 03 03 01 c1 f1 0e d8 06 f4 f9 60 5d
    7f af 3f e7 f8 8c 8e 44 f6 d5 62 c7 53 19 b7 0e
    38 b6 b6 8b fa fa 20 60 78 fb 5c c8 86 75 cd be
    66 90 99 17 24 de 4a 5e 9d 46 b3 55 9f eb 77 be
    af 79 40 14 85 4e 23 13 02 00 04 6e 00 2b 00 02
    03 04 00 33 04 64 11 ec 04 60 71 e8 c1 63 61 8d
    f0 31 a5 a5 e0 49 fd b0 2f d6 b3 68 c1 bf bb 32
    27 48 23 b6 30 0a f8 45 e5 2d 00 5d d6 74 da 77
    24 c2 49 ab 29 34 67 9c b5 77 b4 7f d5 03 ad 96
    e0 96 f3 09 56 af 6a 47 89 47 fd ec d1 36 24 03
    28 03 be d0 f6 9c 7c c2 eb 3b 95 73 66 98 d7 18
    18 cf f1 29 e7 94 71 14 f5 9f 76 a4 b8 9e 8e 37
    f0 80 30 9a e0 2c d0 b1 2c e2 e1 7c 3b 7f c0 ae
    23 24 42 9f 46 c6 0c 45 e8 43 cd 8c 67 f4 ac 31
    f5 c1 7a e7 32 1b 3b 4a 82 da ef fb 7e 62 8f 9a
    09 e4 fd 1b ce 8d a3 f4 3a 3a 74 57 cd 55 ac 8f
    94 c9 b4 36 16 88 6d b9 3b 1a 22 c2 77 45 4f 94
    0e 44 5f 66 e1 51 61 a4 a5 91 0f fe b1 5f 99 eb
    99 ee f5 88 9a ef ba 6f 85 d7 2d 59 8a 68 35 3b
    12 ae 13 47 48 6e 9e 1c 6f ff 90 51 0f e4 fa fd
    a5 16 7a da f9 77 cb 6d 58 53 99 ed 22 14 56 aa
    a7 97 f9 3e 0b 03 23 c6 b6 69 99 d9 05 de 58 f5
    02 02 58 29 48 8d 46 e2 f3 f9 82 3f 14 90 57 02
    9c ca 61 25 27 84 24 ee b6 65 70 15 c2 d4 7e 07
    7b 59 1c ba 6b 03 60 44 74 86 04 5b 5e 6d fc e0
    3e 65 09 82 7f 07 c2 ed 17 fa 95 e5 c4 92 23 f5
    78 ef 09 49 2f b2 b3 40 3a c8 0a 90 34 ef 21 88
    aa d8 f7 77 8d 2a b0 1e ad 77 93 86 e4 56 6c 65
    39 e3 b4 1f bb 67 1d 77 f8 74 15 37 e4 0d 47 54
    85 a9 6f 09 b0 01 16 d8 51 26 cd b0 43 1c 61 fa
    68 06 d3 ed 27 1d c0 c6 21 21 7c b0 e4 ce 88 c6
    a1 6d 44 a0 0c a1 85 fe f4 7f 35 e5 5e b3 22 49
    b4 df fa eb 0c 24 ed 87 d3 fb ea b5 31 8f 79 7c
    ad a0 c8 25 f0 f0 a4 f3 fa fb 61 ec db 70 00 37
    af a4 dc 0b 89 36 51 95 d6 9a 05 b7 9b 3c b5 fc
    e7 63 37 7b da 39 b5 4f 8e 55 82 6b c9 01 76 d4
    25 6c 77 76 9c 12 d3 da bc 27 6a 6b db cf c0 67
    da 7e 4b 79 a4 65 d7 c0 ad 1d d3 22 ee 2b 6c 56
    44 36 cc 65 df c1 7c d9 9a 93 65 62 d6 24 73 4f
    d3 1b 39 9f ef 5f 13 4e 35 2e 02 85 b0 2e 34 3e
    2c fb 31 aa fe 04 5f 95 f7 91 29 1d 64 32 8b 39
    6f 50 63 6d 85 50 e6 b0 4d 45 1e 37 68 2c 3c 62
    16 4e cf 33 2f bb 2a 7f 20 e6 44 44 f8 67 53 c4
    de 98 d4 27 d5 45 f1 9b 2a 31 6b 40 e8 43 14 e4
    0b aa d3 aa 2e 15 cf f6 49 58 e2 d5 9e 4c 9a f9
    81 a4 23 e8 e5 30 c9 fd af 48 f8 f1 f8 96 a4 a0
    8d 80 7a d5 97 d9 7c 87 5b 44 d6 66 55 09 21 c1
    2a 6d 15 08 82 5f dc b0 00 12 16 cf 7f 81 98 98
    c7 98 93 12 9e be e1 84 ad 2c 07 54 aa 6e 3e e4
    61 37 19 7c b6 e1 3f ed 42 42 f2 cc a8 a5 3f 9d
    2b df bf b6 85 48 d3 4a d9 94 df 27 d4 45 b4 81
    68 c7 f6 9d 06 96 d2 60 bf 77 77 76 05 b6 63 e5
    39 09 0f 0a 56 b7 95 0a 8c 16 57 4f a1 c1 06 80
    78 4c 3a 50 f6 88 4f da e7 e0 46 28 91 d7 ce 81
    6a d1 22 b4 5b 41 73 ed 83 3c 59 67 16 dd e9 a3
    38 84 e9 50 ab f0 a8 ca 6c 71 b4 1d d6 da 79 43
    4b 67 85 a1 21 18 4f c4 7f 9b 18 55 eb b5 61 8f
    c9 6a 94 70 56 ad ec 95 ad 9b a4 c0 38 d6 65 fe
    23 e1 b7 d8 ef a1 89 cc 82 99 bc 6e d7 fb e0 e8
    c4 bb c7 09 7e 4a 76 28 2c 4e 48 c6 96 1b fa ee
    2c 06 4d c4 80 78 0a a3 66 6d 37 52 9e 4e a0 ee
    c3 f3 32 4f 77 b0 45 b8 ad 66 0e eb 8f f1 a7 3e
    80 eb 55 44 24 c8 08 6f aa 6d b4 55 1c 55 4d 94
    9c 12 38 bf f8 2a fe 61 3d 4e 28 c9 8d fe 6d 5b
    c1 6d ee 30 a9 e0 bc bd d2 96 29 2d a6 2d 39 2d
    e2 33 26 fd b2 09 fb c2 ca 78 09 1a 40 b0 9c 47
    66 d1 05 2c 13 1d d3 9b 56 7f 24 0f 2e fb 35 56
    ff 7d bb 8f d0 51 80 2f 54 24 b6 0d 6a 15 f1 37
    f2 b4 1e 65 17 6f fa a8 c6 2d 57 f0 b8 1a 45 b0
    0f 5c 0f 0e 81 04 5b 8f 88 e7 9e d2 e1 03 c3 dd
    0f 18 b3 33 03 f0 da fd b1 9e 9b c1 46 84 46 20
    6e f1 52 25 24 fd b6 38 c1 45 8a a7 00 4e 5b a5
    b7 6f 45 3b e2 c9 9f 8e 3f ac d0 29 2f 32 c7 68
    3c 24 a4 9d 35 10 c2 93 f8 73 86 46 46 86 98 dd
    eb 12 7c 33 38 06 53 80 70 40 02 b2 3f e8 57 2b
    d7 e5 47 ac d9 b3 b2 e8 7c 37
<<< TLS 1.2, RecordHeader [length 0005]
    17 03 03 00 17
<<< TLS 1.3, InnerContent [length 0001]
    16
<<< TLS 1.3, Handshake [length 0006], EncryptedExtensions
    08 00 00 02 00 00
<<< TLS 1.2, RecordHeader [length 0005]
    17 03 03 03 47
<<< TLS 1.3, InnerContent [length 0001]
    16
<<< TLS 1.3, Handshake [length 0336], Certificate
    0b 00 03 32 00 00 03 2e 00 03 29 30 82 03 25 30
    82 02 0d a0 03 02 01 02 02 01 02 30 0d 06 09 2a
    86 48 86 f7 0d 01 01 0b 05 00 30 12 31 10 30 0e
    06 03 55 04 03 0c 07 52 6f 6f 74 20 43 41 30 20
    17 0d 31 36 30 31 31 34 32 32 32 39 34 36 5a 18
    0f 32 31 31 36 30 31 31 35 32 32 32 39 34 36 5a
    30 19 31 17 30 15 06 03 55 04 03 0c 0e 73 65 72
    76 65 72 2e 65 78 61 6d 70 6c 65 30 82 01 22 30
    0d 06 09 2a 86 48 86 f7 0d 01 01 01 05 00 03 82
    01 0f 00 30 82 01 0a 02 82 01 01 00 d5 5d 60 6a
    df fc 61 ee 48 aa 8c 11 48 43 a5 6d b6 52 5d aa
    98 49 b1 61 92 35 b1 fc 3a 04 25 0c 6d 79 ff b4
    d5 c9 e9 5c 1c 3b e0 ab b3 b8 7d a3 de 6d bd e0
    dd d7 5a bf 14 47 11 42 5e a6 82 d0 61 c1 7f dd
    13 46 e6 09 85 07 0e f2 d4 fc 1a 64 d2 0a ad 20
    ab 20 6b 96 f0 ad cc c4 19 53 55 dc 01 1d a4 b3
    ef 8a b4 49 53 5d 8a 05 1c f1 dc e1 44 bf c5 d7
    e2 77 19 57 5c 97 0b 75 ee 88 43 71 0f ca 6c c1
    b4 b2 50 a7 77 46 6c 58 0f 11 bf f1 76 24 5a ae
    39 42 b7 51 67 29 e1 d0 55 30 6f 17 e4 91 ea ad
    f8 28 c2 43 6f a2 64 a9 fb 9d 98 92 62 48 3e eb
    0d 4f 82 4a 8a ff 3f 72 ee 96 b5 ae a1 c1 98 ba
    ef 7d 90 75 6d ff 5a 52 9e ab f5 c0 7e d0 87 43
    db 85 07 07 0f 7d 38 7a fd d1 d3 ee 65 1d d3 ea
    39 6a 87 37 ee 4a d3 e0 0d 6e f5 70 ac c2 bd f1
    6e f3 92 95 5e a9 f0 a1 65 95 93 8d 02 03 01 00
    01 a3 7d 30 7b 30 1d 06 03 55 1d 0e 04 16 04 14
    c0 e7 84 bf e8 59 27 33 10 b0 52 4f 51 52 2f 06
    d6 c0 7a cd 30 1f 06 03 55 1d 23 04 18 30 16 80
    14 70 7f 2e ae 83 68 59 98 04 23 2a cd eb 3e 17
    cd 24 dd 01 49 30 09 06 03 55 1d 13 04 02 30 00
    30 13 06 03 55 1d 25 04 0c 30 0a 06 08 2b 06 01
    05 05 07 03 01 30 19 06 03 55 1d 11 04 12 30 10
    82 0e 73 65 72 76 65 72 2e 65 78 61 6d 70 6c 65
    30 0d 06 09 2a 86 48 86 f7 0d 01 01 0b 05 00 03
    82 01 01 00 7b d3 04 43 75 8a 0f 11 ae c4 fb d7
    a1 a2 9e fe 20 18 d5 f4 2f 31 88 46 b6 75 8c ee
    e5 9b 97 a6 b9 a3 cd 60 9a 46 c3 48 97 e5 97 68
    f7 5a 86 35 73 d9 69 9e f9 5f 74 b9 e6 94 13 01
    cb 6a dc e3 c4 04 e9 65 da 9c a4 8b 28 f3 f9 9a
    7f bf 97 1f 45 92 e5 05 b1 56 e6 0b f6 47 de 1e
    89 b6 2b e1 4d df 4a 7e 01 d3 23 dc 97 8c 47 fe
    5f c7 cc 98 46 0e c4 83 5b ca 8a f1 52 09 be 6b
    ec 3f 09 8b d0 93 02 bf e1 51 e7 d1 7e 34 56 19
    74 d0 ff 28 25 de b7 9f 56 52 91 7d 20 29 85 0a
    80 44 5f 71 32 25 71 0f c2 16 e2 5f 6b 1d 3f 32
    5b 0a 3c 74 1c b9 62 f1 ed 07 50 a3 6d b4 b4 31
    0a c0 53 44 6a 3a 88 84 8b 2d a9 b0 37 8e e6 18
    36 bd 9a 20 40 0f 01 92 8b 3d aa 61 e7 ae 2c ed
    36 cd 3a 07 86 74 3a 29 b3 d7 3a b4 00 a9 c2 f5
    92 78 0e e2 0f a3 fe bb be e0 06 53 84 59 1d 90
    69 e5 b6 f9 00 00
<<< TLS 1.2, RecordHeader [length 0005]
    17 03 03 01 19
<<< TLS 1.3, InnerContent [length 0001]
    16
<<< TLS 1.3, Handshake [length 0108], CertificateVerify
    0f 00 01 04 08 04 01 00 28 ae a0 8f 9c 34 e1 f8
    47 80 85 86 1c 86 ea fa 86 11 0b 88 a0 32 8d 90
    67 0d fc 1d dc 43 99 2a f9 01 35 f7 d3 ea 1c 6f
    4a d1 12 f0 34 43 bd 3b af 6f d8 09 1b 5f cf 9c
    63 30 f6 3f fe 61 ef 70 27 db da 93 78 fd bd fe
    f1 52 d1 d2 ec 14 06 39 d1 df e6 35 32 ae 63 95
    79 1d d3 a2 0b 6f d7 1c 90 8a 30 53 2e d4 28 d8
    c3 c0 5b e2 1c ff 04 fc b3 59 20 35 00 0a 88 34
    00 ef e6 df 77 18 b5 3e cf da c5 0a 62 3b a9 ea
    10 f4 10 0a 66 6c 4c f1 bc e0 35 e4 78 80 87 4b
    47 15 2e dd 5f ce 86 96 3b 35 a5 54 cb 7f 58 fc
    fb 5b 5a e0 17 dc b4 6c 46 95 40 9a 81 fa 16 b0
    94 9a 5d 25 c0 b5 9f 4d bd 3e bc 0f fa da 0b 5d
    75 26 76 e4 ed c8 98 bb 12 00 fe 7e de 5d 46 91
    36 10 16 ab 89 3f 52 72 73 b3 f1 0d 34 63 62 d2
    05 ea 6d 66 16 2e ec 28 d1 6a 31 18 09 d5 89 b2
    6f 92 a0 57 a3 f7 f6 fc
<<< TLS 1.2, RecordHeader [length 0005]
    17 03 03 00 45
<<< TLS 1.3, InnerContent [length 0001]
    16
<<< TLS 1.3, Handshake [length 0034], Finished
    14 00 00 30 32 81 ec 55 06 46 ec ed 94 6a 6b db
    e6 f3 19 8d 15 d5 64 24 be 4b f6 3e f8 29 45 f8
    31 c0 41 20 28 45 f2 87 27 56 67 8e 0d 44 f5 a3
    f7 d4 a3 45
>>> TLS 1.2, RecordHeader [length 0005]
    17 03 03 00 45
>>> TLS 1.2, InnerContent [length 0001]
    16
>>> TLS 1.3, Handshake [length 0034], Finished
    14 00 00 30 ff b9 b4 14 7b ad ac d9 d6 a7 f9 a0
    d7 12 ba 9e 58 85 93 d3 3b 23 0c c7 e3 68 76 60
    5e a9 bd 36 29 17 a4 2f 9b cf 12 d5 74 7c 25 e5
    ed 68 47 bf
---
Certificate chain
 0 s:CN=server.example
   i:CN=Root CA
   a:PKEY: RSA, 2048 (bit); sigalg: sha256WithRSAEncryption
   v:NotBefore: Jan 14 22:29:46 2016 GMT; NotAfter: Jan 15 22:29:46 2116 GMT
---
Server certificate
-----BEGIN CERTIFICATE-----
MIIDJTCCAg2gAwIBAgIBAjANBgkqhkiG9w0BAQsFADASMRAwDgYDVQQDDAdSb290
IENBMCAXDTE2MDExNDIyMjk0NloYDzIxMTYwMTE1MjIyOTQ2WjAZMRcwFQYDVQQD
DA5zZXJ2ZXIuZXhhbXBsZTCCASIwDQYJKoZIhvcNAQEBBQADggEPADCCAQoCggEB
ANVdYGrf/GHuSKqMEUhDpW22Ul2qmEmxYZI1sfw6BCUMbXn/tNXJ6VwcO+Crs7h9
o95tveDd11q/FEcRQl6mgtBhwX/dE0bmCYUHDvLU/Bpk0gqtIKsga5bwrczEGVNV
3AEdpLPvirRJU12KBRzx3OFEv8XX4ncZV1yXC3XuiENxD8pswbSyUKd3RmxYDxG/
8XYkWq45QrdRZynh0FUwbxfkkeqt+CjCQ2+iZKn7nZiSYkg+6w1PgkqK/z9y7pa1
rqHBmLrvfZB1bf9aUp6r9cB+0IdD24UHBw99OHr90dPuZR3T6jlqhzfuStPgDW71
cKzCvfFu85KVXqnwoWWVk40CAwEAAaN9MHswHQYDVR0OBBYEFMDnhL/oWSczELBS
T1FSLwbWwHrNMB8GA1UdIwQYMBaAFHB/Lq6DaFmYBCMqzes+F80k3QFJMAkGA1Ud
EwQCMAAwEwYDVR0lBAwwCgYIKwYBBQUHAwEwGQYDVR0RBBIwEIIOc2VydmVyLmV4
YW1wbGUwDQYJKoZIhvcNAQELBQADggEBAHvTBEN1ig8RrsT716Ginv4gGNX0LzGI
RrZ1jO7lm5emuaPNYJpGw0iX5Zdo91qGNXPZaZ75X3S55pQTActq3OPEBOll2pyk
iyjz+Zp/v5cfRZLlBbFW5gv2R94eibYr4U3fSn4B0yPcl4xH/l/HzJhGDsSDW8qK
8VIJvmvsPwmL0JMCv+FR59F+NFYZdND/KCXet59WUpF9ICmFCoBEX3EyJXEPwhbi
X2sdPzJbCjx0HLli8e0HUKNttLQxCsBTRGo6iISLLamwN47mGDa9miBADwGSiz2q
YeeuLO02zToHhnQ6KbPXOrQAqcL1kngO4g+j/ru+4AZThFkdkGnltvk=
-----END CERTIFICATE-----
subject=CN=server.example
issuer=CN=Root CA
---
No client certificate CA names sent
Peer signing digest: SHA256
Peer signature type: rsa_pss_rsae_sha256
Negotiated TLS1.3 group: X25519MLKEM768
---
SSL handshake has read 2546 bytes and written 1702 bytes
Verification error: unable to verify the first certificate
---
New, TLSv1.3, Cipher is TLS_AES_256_GCM_SHA384
Protocol: TLSv1.3
Server public key is 2048 bit
This TLS version forbids renegotiation.
Compression: NONE
Expansion: NONE
No ALPN negotiated
Early data was not sent
Verify return code: 21 (unable to verify the first certificate)
---
>>> TLS 1.2, RecordHeader [length 0005]
    17 03 03 00 13
>>> TLS 1.2, InnerContent [length 0001]
    15
>>> TLS 1.3, Alert [length 0002], warning close_notify
    01 00
Connecting to 127.0.0.1
SSL_connect:before SSL initialization
SSL_connect:SSLv3/TLS write client hello
SSL_connect:SSLv3/TLS write client hello
SSL_connect:SSLv3/TLS read server hello
SSL_connect:SSLv3/TLS write change cipher spec
SSL_connect:SSLv3/TLS write client hello
SSL_connect:SSLv3/TLS write client hello
SSL_connect:SSLv3/TLS read server hello
Can't use SSL_get_servername
SSL_connect:TLSv1.3 read encrypted extensions
depth=0 CN=server.example
verify error:num=20:unable to get local issuer certificate
verify return:1
depth=0 CN=server.example
verify error:num=21:unable to verify the first certificate
verify return:1
depth=0 CN=server.example
verify return:1
SSL_connect:SSLv3/TLS read server certificate
SSL_connect:TLSv1.3 read server certificate verify
SSL_connect:SSLv3/TLS read finished
SSL_connect:SSLv3/TLS write finished
DONE
SSL3 alert write:warning:close notify
