CONNECTED(00000003)
>>> TLS 1.0, RecordHeader [length 0005]
    16 03 01 00 d6
>>> TLS 1.3, Handshake [length 00d6], ClientHello
    01 00 00 d2 03 03 fd 8d 7c 8d 81 69 28 7c 07 cf
    dc 77 b5 2f f2 ac 85 b1 07 b7 a7 61 d1 07 e6 8b
    eb 34 57 11 e6 5d 20 a0 a9 72 1f 3b c0 be f2 da
    ac 3e e2 58 e1 63 f2 97 33 ff c7 e5 4e 29 b5 e5
    30 92 97 c5 bd 16 82 00 06 13 02 13 03 13 01 01
    00 00 83 00 0b 00 04 03 00 01 02 00 0a 00 06 00
    04 00 1d 11 ec 00 23 00 00 00 16 00 00 00 17 00
    00 00 0d 00 2a 00 28 09 05 09 06 09 04 04 03 05
    03 06 03 08 07 08 08 08 1a 08 1b 08 1c 08 09 08
    0a 08 0b 08 04 08 05 08 06 04 01 05 01 06 01 00
    2b 00 03 02 03 04 00 2d 00 02 01 01 00 33 00 26
    00 24 00 1d 00 20 c3 44 c9 68 ad 12 b7 9b 02 31
    28 03 b5 e7 b0 8b 87 a5 43 c6 71 f6 e6 ed 25 d4
    2a c3 d3 c8 bf 19
<<< TLS 1.2, RecordHeader [length 0005]
    16 03 03 00 58
<<< TLS 1.3, Handshake [length 0058], ServerHello
    02 00 00 54 03 03 cf 21 ad 74 e5 9a 61 11 be 1d
    8c 02 1e 65 b8 91 c2 a2 11 16 7a bb 8c 5e 07 9e
    09 e2 c8 a8 33 9c 20 a0 a9 72 1f 3b c0 be f2 da
    ac 3e e2 58 e1 63 f2 97 33 ff c7 e5 4e 29 b5 e5
    30 92 97 c5 bd 16 82 13 02 00 00 0c 00 2b 00 02
    03 04 00 33 00 02 11 ec
>>> TLS 1.2, RecordHeader [length 0005]
    14 03 03 00 01
>>> TLS 1.3, ChangeCipherSpec [length 0001]
    01
>>> TLS 1.2, RecordHeader [length 0005]
    16 03 03 05 76
>>> TLS 1.3, Handshake [length 0576], ClientHello
    01 00 05 72 03 03 fd 8d 7c 8d 81 69 28 7c 07 cf
    dc 77 b5 2f f2 ac 85 b1 07 b7 a7 61 d1 07 e6 8b
    eb 34 57 11 e6 5d 20 a0 a9 72 1f 3b c0 be f2 da
    ac 3e e2 58 e1 63 f2 97 33 ff c7 e5 4e 29 b5 e5
    30 92 97 c5 bd 16 82 00 06 13 02 13 03 13 01 01
    00 05 23 00 0b 00 04 03 00 01 02 00 0a 00 06 00
    04 00 1d 11 ec 00 23 00 00 00 16 00 00 00 17 00
    00 00 0d 00 2a 00 28 09 05 09 06 09 04 04 03 05
    03 06 03 08 07 08 08 08 1a 08 1b 08 1c 08 09 08
    0a 08 0b 08 04 08 05 08 06 04 01 05 01 06 01 00
    2b 00 03 02 03 04 00 2d 00 02 01 01 00 33 04 c6
    04 c4 11 ec 04 c0 c9 4c 63 c9 87 20 6f 52 1f 91
    4c 60 f1 0c 0f 01 15 b7 8e 06 55 77 d7 2d 17 72
    c7 1a 65 18 c5 e4 a9 97 e0 af 5a 27 1b f4 98 83
    a4 99 cc ac 96 6f e8 a1 5e f5 30 67 b7 88 1a 68
    b8 cb a9 04 61 41 69 0d 4a 62 71 57 b4 75 87 c8
    bc c0 3a 4f 8f cb 01 c7 19 01 2d 01 b6 ba 03 3c
    57 e2 35 2d 69 17 2a 41 a7 12 86 58 db 7a 87 7f
    c8 09 9b 30 29 6f 7a 43 0f 23 64 e5 95 58 83 c6
    a5 e2 da 4c ee aa 96 97 f8 4e a8 a1 1a e8 c1 b7
    06 48 c7 d6 e8 97 8f 6c ad c1 f4 4e c9 16 49 75
    96 b2 0d 80 4e f6 29 42 0f 23 28 84 98 b8 2a 9a
    80 17 e7 5d 49 8a 57 a8 83 3c b7 0c 58 91 05 a4
    0d 4a 71 9c 2b 96 cb b1 a7 b8 21 8b 58 d9 aa fc
    10 7e 1a 90 6f 04 a4 82 03 11 85 33 c0 1b 09 fa
    17 51 06 5e 3d 24 cf 58 3c 3e 7b 51 4e dd 58 81
    9d d1 af 5b a7 5a cc 22 ca 1d 76 01 fd c2 3c a1
    17 76 18 87 a2 42 90 29 a9 a1 58 f2 26 80 0d 42
    c2 03 68 97 30 8c 2e c4 96 b7 d8 b9 15 73 b6 b1
    64 ab 42 90 c6 4f 04 2a b9 fb 9a 63 8f d3 3c 39
    36 22 9c 23 ad 5a 03 3c 73 33 65 1d e9 44 ff e9
    61 67 c9 c3 80 c2 31 50 19 b3 07 43 a5 fb ab b5
    f9 63 65 b4 32 5f a8 fa 66 2e d1 11 ad 95 64 81
    90 48 7d f5 15 c3 46 93 9f e1 ce a1 71 0f 6a b2
    9e f1 b9 be 3a ac 0f 46 79 61 60 21 1f 40 d2 b7
    ec 72 78 37 5a 5a c2 14 bb 43 83 4b 13 90 4b ae
    c5 83 41 d0 ce fb fc 43 be 64 ab 25 5a 33 b0 d4
    6a 1a a4 3a 8f 73 2b 50 02 ac 05 44 77 b7 c3 17
    f5 0c 88 69 35 b5 9d 7c b4 3b e8 a5 d0 cc 4c 56
    b0 15 49 49 a1 cc 79 ba ec a7 94 94 42 b0 11 dc
    83 2d a1 b6 67 34 05 d8 16 49 5b a6 36 a4 c3 5f
    9a f9 97 48 8b 13 d3 77 bc 23 b1 42 5a 65 1a 52
    28 a4 37 b2 25 76 2c b9 f7 63 46 88 70 b9 ba 5c
    b5 78 81 35 95 d0 49 f7 3c ba d8 02 a5 bb d7 02
    24 f3 a9 46 b2 31 1a 11 66 5c 10 0c 64 4b 85 2a
    86 2c b4 ba b0 95 28 69 98 24 5b 9a e1 11 94 e4
    24 6d 8b 63 36 b4 a2 e9 c0 58 17 c2 cf af e5 4b
    1c 93 48 f2 a2 65 de 64 2b 26 94 11 19 96 5f e0
    db 11 1a 75 1f 59 0b ab 07 a9 87 3c d4 1d 86 e0
    9a 4a 48 45 75 f1 7f d6 66 46 32 0c 9e 60 54 8d
    ea 12 95 97 16 2a 4e 56 99 f6 0a 41 8b f5 60 0d
    17 03 20 1b 54 77 4c 32 0d 51 c1 78 8a 30 2f a4
    89 ef 64 c2 ab 41 40 03 2a c6 94 44 19 91 b5 c3
    53 c1 7d 84 fc 45 45 5a 9c c6 69 81 18 fb 76 aa
    f2 9c bc 62 76 c6 c4 a9 9c d7 ad 5a 04 2f a7 14
    21 48 19 b6 88 a8 94 82 66 ce 33 71 4e 39 7b 68
    e1 01 53 3a d7 3c 61 57 09 ba f8 bc 32 06 a2 dd
    bc 90 ef c9 5d e8 77 71 f8 22 9e c2 b5 2b da 71
    32 c0 c9 36 87 e7 87 36 09 c6 52 54 49 dc 24 c0
    e9 20 46 8f b8 a4 38 fb 45 af 22 6e 20 36 36 d7
    bc 16 52 40 47 45 91 bd 07 97 41 af 67 c8 51 c6
    ab e1 b7 bf 70 dc 32 8d 9a c2 55 31 91 e6 13 46
    e1 23 0e 36 e9 a8 19 80 04 6c fb 9f 33 47 04 a4
    2a a9 f6 3b 1f ec 12 87 15 09 5f 1e 84 92 06 3c
    12 4e 33 9a 61 6b c4 63 02 c0 12 46 2a 5d 95 99
    fa d1 51 07 53 94 b9 5a 77 e3 aa 82 e7 bc 91 58
    67 00 a9 95 5f c7 2c 4e b5 5c 16 2d 02 02 e9 7a
    19 5d 50 29 07 68 90 4c 79 3a 37 26 77 ad e0 6a
    50 57 91 70 8b 06 b0 3b 65 01 db 33 b7 85 7a 1a
    a1 bb dd 13 2f 81 44 a6 20 00 08 2e 30 67 02 c0
    62 98 24 c4 f7 eb 97 98 db 3f 22 06 57 17 7b 13
    24 a2 6e d8 c7 21 8d 88 57 21 e2 69 93 e4 39 5e
    89 89 ec 71 1b 68 36 35 aa a6 6c 69 00 35 db 54
    71 c8 1a b3 c0 58 19 ed e6 aa 64 a3 7e a3 2b 9e
    51 cb 58 55 80 30 19 64 25 60 b0 88 80 8a 1d ab
    14 ac e7 7c a1 96 04 61 34 a3 08 24 b0 ca 31 86
    76 6b b9 79 3e 19 b2 53 46 a5 a6 08 53 db 40 44
    7e 50 5c 2a f5 2f ef 96 4f 37 00 af c1 56 c7 28
    53 60 1a 34 3c 79 03 6b e1 9c 58 ab 04 1b 61 0b
    63 01 73 30 67 08 87 4b a5 64 9c e0 76 05 7c 3e
    61 46 b9 88 cb 81 31 23 35 f3 b5 82 02 32 10 54
    00 76 32 80 c7 fd 47 00 cf 52 13 16 79 46 a2 c4
    57 be 79 2b c2 e8 04 57 43 2b b0 dc 73 04 90 75
    30 b6 73 ca f1 4c 85 68 c3 96 3f 4b 16 1a 7f 45
    99 2b f0 cc 19 e3 0c 83 ca 7c 7e 55 91 01 1b d2
    73 9f 69 92 49 80 d3 fa f1 91 55 85 d6 54 77 a1
    ad af c4 3e c8 d7 d9 5d 58 09 8d 7e 89 66 f1 bb
    fd 1b 3c 5a 54 1a
<<< TLS 1.2, RecordHeader [length 0005]
    14 03 03 00 01
<<< TLS 1.3, ChangeCipherSpec [length 0001]
    01
<<< TLS 1.2, RecordHeader [length 0005]
    16 03 03 04 ba
<<< TLS 1.3, Handshake [length 04ba], ServerHello
    02 00 04 b6 03 03 e8 cb 61 41 a7 05 74 be 17 99
    08 eb a6 11 6b 75 cb 06 e2 bb 83 2b 01 46 2d 34
    93 5e b9 9d e4 67 20 a0 a9 72 1f 3b c0 be f2 da
    ac 3e e2 58 e1 63 f2 97 33 ff c7 e5 4e 29 b5 e5
    30 92 97 c5 bd 16 82 13 02 00 04 6e 00 2b 00 02
    03 04 00 33 04 64 11 ec 04 60 fe a8 7e 53 73 6c
    24 ed 43 69 e0 d7 a6 27 bf 58 b1 31 b1 0f 23 87
    06 9e 2f 90 c4 4c c7 aa 35 91 a4 04 8b 76 b2 f6
    4c 19 9c 7b 8a 33 89 0c 3e 37 aa ed b4 29 38 6c
    5e c5 d4 7f 8f 85 50 0f 4a cd 79 d2 e3 8b db cd
    ea ba 49 92 16 d3 35 43 be 5b 29 f7 28 7a a0 75
    ee b4 f9 c0 2f c1 ec 11 7b 58 ca f4 6b 69 36 1a
    b8 e9 0c 4c 69 31 2c 63 8d 24 3b c7 c5 91 0f 06
    41 2b 57 cf 7b 48 06 4c 9e 08 89 b9 e9 de b3 66
    3d e9 5a 21 d1 6c d0 0d b9 df 4d 4f 92 66 6e 2a
    31 77 e1 c7 42 b2 6a 9d 9c 17 d2 24 64 69 58 d9
    e6 52 d2 41 df a1 d1 a3 e3 d7 bb 63 22 0a 5e 80
    f8 9e 39 ea 12 55 12 68 0f 73 2e 53 8f 81 14 c5
    a5 b2 03 f5 27 cb c5 4f ca eb f3 d7 77 fb 81 cf
    f4 d7 73 6d 51 fa 4e 48 f1 36 07 d3 02 f6 2d e1
    c8 83 46 61 49 e2 47 a3 12 da a7 5c df f1 7b 1a
    e9 33 bc 56 52 94 5a d9 08 ea 30 b3 56 fc 4e 5a
    56 90 8b 62 91 37 8e eb ad 98 ec 99 db 71 fc 5b
    23 55 28 89 7b ca 91 5a fc 2a 7d e3 36 36 80 4a
    bc a8 28 3a 2b 1c 0e 92 e8 87 a6 06 f0 4c 64 d8
    18 78 2a 66 77 e8 74 e8 c3 79 05 b3 db 09 73 46
    fb d0 f6 df b9 76 8d 8c 05 dd 95 73 b8 f8 24 ef
    95 3e 2b 7f 3c 6d 4d 4d 10 24 31 42 27 9d fe fd
    b5 01 1c e8 ca d2 1f 47 bd fb 1d e1 f7 95 43 1d
    66 8e 42 5d c9 79 29 7f 8c a0 01 11 2f 2d 66 c3
    19 01 aa 73 b2 f4 72 f8 28 4d fd d8 50 64 bd f3
    e5 74 1f b8 26 64 99 13 84 92 74 ad 4f ff 53 ca
    a8 39 86 8c b8 f5 79 8e 98 59 bc d1 7e 22 9d 67
    23 55 bb 26 73 b7 82 ae 31 c7 c9 c4 b4 6c 12 68
    c3 b9 aa 72 e3 ef d4 a6 b2 a8 6f eb 3c 32 7c f5
    c3 55 02 26 81 80 8c 2d 72 3f aa c9 ad 85 e3 08
    e6 91 59 0a f0 71 e2 7e d8 c9 74 ca a5 6c ac 47
    43 4b 03 11 17 d8 82 d4 36 83 84 f9 5e e7 4f d3
    70 21 6c b3 ce a4 54 ba 43 2a bf 83 cf 52 c3 1d
    de f6 0e af 38 23 55 c4 31 1f 79 0a ef 3d 73 4d
    f3 16 9c 39 97 73 6d 67 80 f8 98 a4 2b e9 62 fe
    2f 6b fa 3b 57 c6 52 52 77 5b 72 78 fe 92 a4 11
    4c 18 43 fb 2e ea 16 5b 54 e0 47 11 de 98 89 df
    f4 ea 1f 97 f9 31 71 42 68 55 49 dc 95 df f4 32
    e0 c6 ac 10 c9 3c 3e 94 19 4d c7 c4 77 90 05 26
    96 a4 6f 62 31 c7 da a3 5f 23 85 f6 cf d4 d0 ea
    df c9 10 fa 80 ae b1 36 22 9f 94 e5 bc 0b 58 d1
    d8 3b f4 cb 87 81 44 86 b5 7f cd ce d7 27 98 32
    76 88 dd 24 a8 3e 68 cf 99 fd 98 90 8d f7 07 63
    fa 4e 72 9f 63 ca ca 03 cd 61 34 88 dd b5 6c 8c
    86 83 e1 be 98 9f 99 8b f5 20 33 f8 2c 36 5a 8f
    59 2c d0 00 86 d4 0a 0b 6a d7 b9 80 0e ef d2 af
    86 9e 2b e1 b4 c1 5f 61 2d 31 e6 a8 e9 fd f8 d3
    fc 3c d3 13 73 42 37 67 b5 d4 60 14 a2 84 ed c8
    a6 5c 81 f0 a5 56 ab a5 86 19 a0 79 bd df e4 40
    fd 52 58 0a 1a 8d af 4a e1 39 86 b8 84 24 65 f8
    ce 7d 60 ad 24 65 4c 72 08 95 cd 04 9c 34 e8 eb
    bf 76 49 6c 91 49 b8 8c 61 69 fa 64 a3 86 bc f1
    29 5c 4d af 0c 5c 54 cb bb dd 4a 94 57 7d b2 e9
    27 d2 e6 5c cf f9 c7 01 40 6b b9 9f dc f0 0f b9
    95 e0 a0 e2 bc 35 09 00 8c 2c a3 60 32 b4 37 16
    93 5a 16 26 b0 cc ab 35 0d e1 08 65 85 1c 3e c8
    f5 ab bf 60 c2 5f f3 b7 b3 21 11 37 f1 6d 6a c8
    be 4f 4f bc 4c 10 d4 b2 44 57 ce f7 77 a0 e2 10
    fb ff 14 1c 6a c7 1b 62 e3 f8 44 26 3b b2 4b 2f
    2b b1 d1 0a 94 f9 de a5 7d 84 95 06 b9 9c 70 85
    1e c5 fc 35 22 b0 ff 37 04 3b 83 81 d9 58 bc 22
    4c b5 d8 98 32 11 dc 9b ac ef 31 5e 27 4e b9 4d
    67 e1 34 f0 db d6 18 a6 6b 72 47 e3 2e f9 0b 49
    e4 90 7c be ee af 28 8a 37 05 24 a2 f4 95 5d f0
    88 32 6e 69 af 95 65 25 eb 5a 7c 37 bd 1e 6e e8
    f7 1f 69 8f 34 f6 3c 80 76 eb 20 03 08 bb c2 2a
    39 68 06 09 ec 4c 6c 3b ae 39 dc a4 73 ca 2a 61
    91 8a b2 96 d4 33 8b f8 ec cc 74 de 50 69 ae c8
    0b 54 96 45 fa 11 fa f0 ab dd 03 e5 32 8f e4 66
    bf 1c 47 ae 52 3d 57 29 35 52
<<< TLS 1.2, RecordHeader [length 0005]
    17 03 03 00 17
<<< TLS 1.3, InnerContent [length 0001]
    16
<<< TLS 1.3, Handshake [length 0006], EncryptedExtensions
    08 00 00 02 00 00
<<< TLS 1.2, RecordHeader [length 0005]
    17 03 03 03 47
<<< TLS 1.3, InnerContent [length 0001]
    16
<<< TLS 1.3, Handshake [length 0336], Certificate
    0b 00 03 32 00 00 03 2e 00 03 29 30 82 03 25 30
    82 02 0d a0 03 02 01 02 02 01 02 30 0d 06 09 2a
    86 48 86 f7 0d 01 01 0b 05 00 30 12 31 10 30 0e
    06 03 55 04 03 0c 07 52 6f 6f 74 20 43 41 30 20
    17 0d 31 36 30 31 31 34 32 32 32 39 34 36 5a 18
    0f 32 31 31 36 30 31 31 35 32 32 32 39 34 36 5a
    30 19 31 17 30 15 06 03 55 04 03 0c 0e 73 65 72
    76 65 72 2e 65 78 61 6d 70 6c 65 30 82 01 22 30
    0d 06 09 2a 86 48 86 f7 0d 01 01 01 05 00 03 82
    01 0f 00 30 82 01 0a 02 82 01 01 00 d5 5d 60 6a
    df fc 61 ee 48 aa 8c 11 48 43 a5 6d b6 52 5d aa
    98 49 b1 61 92 35 b1 fc 3a 04 25 0c 6d 79 ff b4
    d5 c9 e9 5c 1c 3b e0 ab b3 b8 7d a3 de 6d bd e0
    dd d7 5a bf 14 47 11 42 5e a6 82 d0 61 c1 7f dd
    13 46 e6 09 85 07 0e f2 d4 fc 1a 64 d2 0a ad 20
    ab 20 6b 96 f0 ad cc c4 19 53 55 dc 01 1d a4 b3
    ef 8a b4 49 53 5d 8a 05 1c f1 dc e1 44 bf c5 d7
    e2 77 19 57 5c 97 0b 75 ee 88 43 71 0f ca 6c c1
    b4 b2 50 a7 77 46 6c 58 0f 11 bf f1 76 24 5a ae
    39 42 b7 51 67 29 e1 d0 55 30 6f 17 e4 91 ea ad
    f8 28 c2 43 6f a2 64 a9 fb 9d 98 92 62 48 3e eb
    0d 4f 82 4a 8a ff 3f 72 ee 96 b5 ae a1 c1 98 ba
    ef 7d 90 75 6d ff 5a 52 9e ab f5 c0 7e d0 87 43
    db 85 07 07 0f 7d 38 7a fd d1 d3 ee 65 1d d3 ea
    39 6a 87 37 ee 4a d3 e0 0d 6e f5 70 ac c2 bd f1
    6e f3 92 95 5e a9 f0 a1 65 95 93 8d 02 03 01 00
    01 a3 7d 30 7b 30 1d 06 03 55 1d 0e 04 16 04 14
    c0 e7 84 bf e8 59 27 33 10 b0 52 4f 51 52 2f 06
    d6 c0 7a cd 30 1f 06 03 55 1d 23 04 18 30 16 80
    14 70 7f 2e ae 83 68 59 98 04 23 2a cd eb 3e 17
    cd 24 dd 01 49 30 09 06 03 55 1d 13 04 02 30 00
    30 13 06 03 55 1d 25 04 0c 30 0a 06 08 2b 06 01
    05 05 07 03 01 30 19 06 03 55 1d 11 04 12 30 10
    82 0e 73 65 72 76 65 72 2e 65 78 61 6d 70 6c 65
    30 0d 06 09 2a 86 48 86 f7 0d 01 01 0b 05 00 03
    82 01 01 00 7b d3 04 43 75 8a 0f 11 ae c4 fb d7
    a1 a2 9e fe 20 18 d5 f4 2f 31 88 46 b6 75 8c ee
    e5 9b 97 a6 b9 a3 cd 60 9a 46 c3 48 97 e5 97 68
    f7 5a 86 35 73 d9 69 9e f9 5f 74 b9 e6 94 13 01
    cb 6a dc e3 c4 04 e9 65 da 9c a4 8b 28 f3 f9 9a
    7f bf 97 1f 45 92 e5 05 b1 56 e6 0b f6 47 de 1e
    89 b6 2b e1 4d df 4a 7e 01 d3 23 dc 97 8c 47 fe
    5f c7 cc 98 46 0e c4 83 5b ca 8a f1 52 09 be 6b
    ec 3f 09 8b d0 93 02 bf e1 51 e7 d1 7e 34 56 19
    74 d0 ff 28 25 de b7 9f 56 52 91 7d 20 29 85 0a
    80 44 5f 71 32 25 71 0f c2 16 e2 5f 6b 1d 3f 32
    5b 0a 3c 74 1c b9 62 f1 ed 07 50 a3 6d b4 b4 31
    0a c0 53 44 6a 3a 88 84 8b 2d a9 b0 37 8e e6 18
    36 bd 9a 20 40 0f 01 92 8b 3d aa 61 e7 ae 2c ed
    36 cd 3a 07 86 74 3a 29 b3 d7 3a b4 00 a9 c2 f5
    92 78 0e e2 0f a3 fe bb be e0 06 53 84 59 1d 90
    69 e5 b6 f9 00 00
<<< TLS 1.2, RecordHeader [length 0005]
    17 03 03 01 19
<<< TLS 1.3, InnerContent [length 0001]
    16
<<< TLS 1.3, Handshake [length 0108], CertificateVerify
    0f 00 01 04 08 04 01 00 c6 b4 93 3b 34 45 f0 fd
    8a 5b 11 96 33 87 32 18 f9 c6 0b 51 ff 87 71 98
    d6 c6 ce 26 e6 a3 c8 2d 31 d9 2a cb c1 4e 1f c2
    f4 e7 d9 f0 a2 7b 9d 99 88 2d 88 6f 53 e1 d0 77
    f6 d5 f8 e9 81 9b 9e 89 15 9e 31 3f 2a 07 24 03
    9a 7b f9 0f ef de 5d bb 95 b7 76 88 55 1d 54 06
    81 b3 cb 49 59 4b 1b 79 0e 91 ce 5c b7 ae ae c8
    c3 ed aa 7a e8 06 aa 73 38 58 63 47 06 86 47 c0
    ad b8 e1 98 a0 55 59 4b 07 a9 ca e8 02 e7 67 4d
    0c 68 e7 14 28 77 14 0e 61 cb 83 23 51 02 21 20
    86 8b 84 d9 81 90 21 e3 db 1a bb 2a 90 d4 7d 98
    4b 65 3c 4b b7 f9 9c be 7f b8 0b bd 1a 29 69 c9
    ea 19 d8 52 d0 33 e4 72 cd e8 f6 c2 5b 16 24 6b
    15 a4 0b ec 6b 1a b5 cd 66 4b 34 ee f3 95 a4 49
    e7 1a 83 e3 5c dc 18 ae 32 a5 29 1e 02 b3 57 7d
    38 35 5b 96 41 68 ed 09 de b6 c2 bd c9 dc 40 26
    67 6c ff 03 cd b7 d3 6d
<<< TLS 1.2, RecordHeader [length 0005]
    17 03 03 00 45
<<< TLS 1.3, InnerContent [length 0001]
    16
<<< TLS 1.3, Handshake [length 0034], Finished
    14 00 00 30 d8 74 46 5f d3 b8 b0 0b 5b a0 f7 e0
    d9 b6 8f fc 75 e2 1b 07 85 f3 b3 9d e1 cb ea e2
    ee 5c c2 d7 d2 ad 8d 4f 43 e3 04 ab d5 f5 9f a5
    9d 76 46 c3
>>> TLS 1.2, RecordHeader [length 0005]
    17 03 03 00 45
>>> TLS 1.2, InnerContent [length 0001]
    16
>>> TLS 1.3, Handshake [length 0034], Finished
    14 00 00 30 76 a4 ca f4 e5 36 43 1f 97 3b 6f 54
    cf ec 20 b7 65 71 80 31 33 75 85 c1 fc 55 4a 40
    33 f3 c7 6a 85 71 84 71 f1 78 dc 78 59 2a 49 69
    3c 5c 43 77
---
Certificate chain
 0 s:CN=server.example
   i:CN=Root CA
   a:PKEY: RSA, 2048 (bit); sigalg: sha256WithRSAEncryption
   v:NotBefore: Jan 14 22:29:46 2016 GMT; NotAfter: Jan 15 22:29:46 2116 GMT
---
Server certificate
-----BEGIN CERTIFICATE-----
MIIDJTCCAg2gAwIBAgIBAjANBgkqhkiG9w0BAQsFADASMRAwDgYDVQQDDAdSb290
IENBMCAXDTE2MDExNDIyMjk0NloYDzIxMTYwMTE1MjIyOTQ2WjAZMRcwFQYDVQQD
DA5zZXJ2ZXIuZXhhbXBsZTCCASIwDQYJKoZIhvcNAQEBBQADggEPADCCAQoCggEB
ANVdYGrf/GHuSKqMEUhDpW22Ul2qmEmxYZI1sfw6BCUMbXn/tNXJ6VwcO+Crs7h9
o95tveDd11q/FEcRQl6mgtBhwX/dE0bmCYUHDvLU/Bpk0gqtIKsga5bwrczEGVNV
3AEdpLPvirRJU12KBRzx3OFEv8XX4ncZV1yXC3XuiENxD8pswbSyUKd3RmxYDxG/
8XYkWq45QrdRZynh0FUwbxfkkeqt+CjCQ2+iZKn7nZiSYkg+6w1PgkqK/z9y7pa1
rqHBmLrvfZB1bf9aUp6r9cB+0IdD24UHBw99OHr90dPuZR3T6jlqhzfuStPgDW71
cKzCvfFu85KVXqnwoWWVk40CAwEAAaN9MHswHQYDVR0OBBYEFMDnhL/oWSczELBS
T1FSLwbWwHrNMB8GA1UdIwQYMBaAFHB/Lq6DaFmYBCMqzes+F80k3QFJMAkGA1Ud
EwQCMAAwEwYDVR0lBAwwCgYIKwYBBQUHAwEwGQYDVR0RBBIwEIIOc2VydmVyLmV4
YW1wbGUwDQYJKoZIhvcNAQELBQADggEBAHvTBEN1ig8RrsT716Ginv4gGNX0LzGI
RrZ1jO7lm5emuaPNYJpGw0iX5Zdo91qGNXPZaZ75X3S55pQTActq3OPEBOll2pyk
iyjz+Zp/v5cfRZLlBbFW5gv2R94eibYr4U3fSn4B0yPcl4xH/l/HzJhGDsSDW8qK
8VIJvmvsPwmL0JMCv+FR59F+NFYZdND/KCXet59WUpF9ICmFCoBEX3EyJXEPwhbi
X2sdPzJbCjx0HLli8e0HUKNttLQxCsBTRGo6iISLLamwN47mGDa9miBADwGSiz2q
YeeuLO02zToHhnQ6KbPXOrQAqcL1kngO4g+j/ru+4AZThFkdkGnltvk=
-----END CERTIFICATE-----
subject=CN=server.example
issuer=CN=Root CA
---
No client certificate CA names sent
Peer signing digest: SHA256
Peer signature type: rsa_pss_rsae_sha256
Negotiated TLS1.3 group: X25519MLKEM768
---
SSL handshake has read 2546 bytes and written 1702 bytes
Verification error: unable to verify the first certificate
---
New, TLSv1.3, Cipher is TLS_AES_256_GCM_SHA384
Protocol: TLSv1.3
Server public key is 2048 bit
This TLS version forbids renegotiation.
Compression: NONE
Expansion: NONE
No ALPN negotiated
Early data was not sent
Verify return code: 21 (unable to verify the first certificate)
---
>>> TLS 1.2, RecordHeader [length 0005]
    17 03 03 00 13
>>> TLS 1.2, InnerContent [length 0001]
    15
>>> TLS 1.3, Alert [length 0002], warning close_notify
    01 00
Connecting to 127.0.0.1
SSL_connect:before SSL initialization
SSL_connect:SSLv3/TLS write client hello
SSL_connect:SSLv3/TLS write client hello
SSL_connect:SSLv3/TLS read server hello
SSL_connect:SSLv3/TLS write change cipher spec
SSL_connect:SSLv3/TLS write client hello
SSL_connect:SSLv3/TLS write client hello
SSL_connect:SSLv3/TLS read server hello
Can't use SSL_get_servername
SSL_connect:TLSv1.3 read encrypted extensions
depth=0 CN=server.example
verify error:num=20:unable to get local issuer certificate
verify return:1
depth=0 CN=server.example
verify error:num=21:unable to verify the first certificate
verify return:1
depth=0 CN=server.example
verify return:1
SSL_connect:SSLv3/TLS read server certificate
SSL_connect:TLSv1.3 read server certificate verify
SSL_connect:SSLv3/TLS read finished
SSL_connect:SSLv3/TLS write finished
DONE
SSL3 alert write:warning:close notify
