CONNECTED(00000003)
>>> TLS 1.0, RecordHeader [length 0005]
    16 03 01 00 d6
>>> TLS 1.3, Handshake [length 00d6], ClientHello
    01 00 00 d2 03 03 a7 43 8c 94 97 7f 6c 89 28 52
    aa 5c bf 8e 7a b0 38 14 c9 10 58 84 fb 1b 3d f8
    1f 92 2d f3 30 66 20 1f 5c 48 e4 e0 82 97 a0 ff
    4a 8d c7 19 1a 70 ef f8 3c 0a 0e fb 44 8a 7e d8
    a2 df 50 5d 5f f9 f7 00 06 13 02 13 03 13 01 01
    00 00 83 00 0b 00 04 03 00 01 02 00 0a 00 06 00
    04 00 1d 11 ec 00 23 00 00 00 16 00 00 00 17 00
    00 00 0d 00 2a 00 28 09 05 09 06 09 04 04 03 05
    03 06 03 08 07 08 08 08 1a 08 1b 08 1c 08 09 08
    0a 08 0b 08 04 08 05 08 06 04 01 05 01 06 01 00
    2b 00 03 02 03 04 00 2d 00 02 01 01 00 33 00 26
    00 24 00 1d 00 20 da de 5a 9b 74 57 aa cb 65 d5
    38 c1 5d ca d1 ea 3d bd 88 3a 93 45 c9 c1 9b f5
    e0 df 75 a2 a7 78
<<< TLS 1.2, RecordHeader [length 0005]
    16 03 03 00 58
<<< TLS 1.3, Handshake [length 0058], ServerHello
    02 00 00 54 03 03 cf 21 ad 74 e5 9a 61 11 be 1d
    8c 02 1e 65 b8 91 c2 a2 11 16 7a bb 8c 5e 07 9e
    09 e2 c8 a8 33 9c 20 1f 5c 48 e4 e0 82 97 a0 ff
    4a 8d c7 19 1a 70 ef f8 3c 0a 0e fb 44 8a 7e d8
    a2 df 50 5d 5f f9 f7 13 02 00 00 0c 00 2b 00 02
    03 04 00 33 00 02 11 ec
>>> TLS 1.2, RecordHeader [length 0005]
    14 03 03 00 01
>>> TLS 1.3, ChangeCipherSpec [length 0001]
    01
>>> TLS 1.2, RecordHeader [length 0005]
    16 03 03 05 76
>>> TLS 1.3, Handshake [length 0576], ClientHello
    01 00 05 72 03 03 a7 43 8c 94 97 7f 6c 89 28 52
    aa 5c bf 8e 7a b0 38 14 c9 10 58 84 fb 1b 3d f8
    1f 92 2d f3 30 66 20 1f 5c 48 e4 e0 82 97 a0 ff
    4a 8d c7 19 1a 70 ef f8 3c 0a 0e fb 44 8a 7e d8
    a2 df 50 5d 5f f9 f7 00 06 13 02 13 03 13 01 01
    00 05 23 00 0b 00 04 03 00 01 02 00 0a 00 06 00
    04 00 1d 11 ec 00 23 00 00 00 16 00 00 00 17 00
    00 00 0d 00 2a 00 28 09 05 09 06 09 04 04 03 05
    03 06 03 08 07 08 08 08 1a 08 1b 08 1c 08 09 08
    0a 08 0b 08 04 08 05 08 06 04 01 05 01 06 01 00
    2b 00 03 02 03 04 00 2d 00 02 01 01 00 33 04 c6
    04 c4 11 ec 04 c0 d6 30 7f e4 46 9b 92 35 35 23
    e2 b9 76 c2 0b fd f3 8f 3e bb 92 6c 87 14 f7 21
    0d b3 81 5c 3b f7 0e 56 d2 31 14 86 c6 39 b2 c4
    7a 08 8c d9 30 05 b0 42 21 4b 46 81 6c 21 33 b5
    d6 3a 7e e2 be 96 5a ac f1 75 ce 85 dc 8c 7b fc
    3a ef 30 a9 ee f0 1b e1 99 4b 81 31 4b be 93 0e
    fa 33 1c ef e7 5d eb 07 67 42 3c 2a 8b b4 0a 86
    a7 88 32 c9 8a 3a 4c 41 36 a8 31 d1 7c 48 f4 da
    97 cf db 9e d0 c4 4a a3 47 60 53 85 88 51 88 3b
    df 33 b8 02 e0 6c 39 47 9f 64 f3 0c d4 7b b4 1b
    1b 2b 0a 9c 25 44 13 7a f5 f6 b9 39 eb 06 e4 87
    26 da 6b 55 87 09 29 89 f7 50 e4 34 50 ef 65 11
    6e d8 86 e6 c0 c3 31 23 37 5b 31 27 5e 05 0d 77
    cb c7 38 b8 96 95 90 97 79 ab ae 1e 92 1b bb aa
    bf 5a b4 b3 85 d0 b6 3e 19 aa 56 05 b9 48 4c 7d
    a1 c0 31 79 d0 43 3a 46 b4 03 a9 99 52 9c 68 de
    8c 3a b6 a0 ad ef 1a 9f 7f f4 05 60 54 16 cb d2
    02 ba d6 4a be b9 63 55 79 69 d7 d5 02 3e 30 0f
    52 82 af e5 69 45 0e 83 bd 07 52 b5 94 20 b4 bf
    c8 62 3e d8 1f 8e 63 34 04 19 7b 95 b6 7a 90 29
    11 4d eb 09 99 a5 55 7a 72 6d f4 b7 8b 5d 67 16
    d4 22 b8 88 38 1e 9f c8 74 dc 53 7d 0d e1 70 f1
    15 10 92 3c c0 fd b3 55 0b cc 72 fe 55 97 f8 f3
    08 27 71 1b c8 58 98 70 3c 19 19 98 39 bc 19 c2
    b8 57 59 65 18 48 79 83 7b be b9 c1 1b ac 6f 3a
    ab 12 ea d1 42 d6 6a 6a 03 f4 85 9e fc 6c 6b 8c
    9b 7c d2 57 d0 7a 8f 72 3a b9 e4 26 91 2d 77 75
    dd d9 9a 94 65 71 c4 42 00 66 37 07 40 61 9f 63
    6a 67 4e 52 8f a4 1b 2b 16 92 b6 10 b5 4c ec 6a
    02 d4 c1 c2 3c c1 a4 04 d4 a9 96 14 a9 e5 68 07
    72 db b6 f7 19 be 8e 39 7b 7c aa 4e 75 c9 c6 11
    55 66 c6 7c 01 89 3c 44 8c 38 3f dc 21 5d 57 54
    ca 58 ba 7d c2 f7 7c ae 7b 72 78 d4 a7 ef e2 8c
    0a db 51 26 10 9d db 99 c0 08 24 46 8a eb a1 6f
    70 11 0e 95 45 34 70 2c 17 e4 8e 38 24 21 0f 10
    2e 62 cb 40 24 5b 2e c9 28 6d 49 18 5e 6d d8 c0
    5f d9 4b 81 ba 4f c5 04 ce c4 26 0b 96 ec a5 10
    db 61 14 9b cb 67 61 09 39 66 22 2c d4 ad 62 d2
    81 8c 24 b4 e1 f7 64 a4 49 a7 d6 aa a4 ff b0 3b
    28 c9 3f 55 03 2b ac f7 b0 bb d5 cc a8 41 92 4d
    24 b1 a0 e9 bb 2e a3 7e 93 bb 44 79 2c 41 61 e7
    99 15 a5 c4 00 a0 c9 a8 16 7e 6b 6b 00 1d e6 33
    3c fb 76 90 70 67 60 77 55 4a d3 84 96 21 93 2a
    63 28 ba eb 1b 79 00 81 0f a5 6f 40 42 2e 0c b7
    03 71 d1 88 00 e9 2a 12 67 1f 92 6b c1 cd c8 80
    11 e7 a8 b9 24 5f 78 24 36 ea fc 2c 54 02 85 d3
    3b 40 c8 47 2d 13 04 3e be ca 53 f3 5b ca fc 51
    c7 0e a6 37 71 d3 11 98 2a ba ed 10 6d d2 d8 bc
    ce bc 68 9c 89 71 2b 77 b0 3a b5 0f 60 5b 8d 39
    a1 02 f7 23 36 e2 aa a1 6a 48 30 af 38 27 f8 cb
    2b f4 f1 a7 2f 46 a2 54 a4 76 ec aa 68 c7 1b 9e
    4c 04 51 2b d4 67 0f ac 69 18 48 bf 73 48 a6 90
    ac 0b 8c 80 ae 00 46 91 f8 16 0f d4 7c 76 65 90
    22 c7 8a 4d fb 23 88 7c 02 62 3f 3c be 1d 64 ab
    3e 1a 8f 82 5c b5 6d e2 3b 55 34 47 2d e2 3b eb
    5b 79 14 17 05 5c 7c 98 b1 cb 64 f3 a2 68 47 64
    13 b7 21 1b a6 fc ba 4d 69 b4 e2 03 47 e8 bb 4e
    da 1a b3 bb 86 a1 44 16 33 78 a4 46 f0 a8 9d cd
    93 8d 04 12 1f 89 6a 3e c9 dc 41 d3 f5 16 cd 75
    a9 d5 25 5b 9f dc 82 2e a6 b7 53 09 34 4d ca 74
    a8 73 0b 41 11 05 58 72 46 c2 29 0f 8f c7 1f cf
    fa 78 41 b5 a7 a1 58 15 8a ea c1 04 ca 2c 37 00
    92 e7 69 c1 05 7b c7 c2 58 92 cc 7b 52 a6 37 41
    55 fa 1d 68 03 2d 33 e2 5b e4 31 31 63 83 30 4b
    5c c8 85 55 19 06 23 0e 95 8b 21 15 59 5c 34 eb
    71 82 93 56 5b 59 41 8e 10 21 8c 28 5a ed 45 87
    1a 46 96 39 a3 44 1c 39 52 49 e1 78 6c 03 71 51
    99 21 3f c4 83 ee ac a8 49 86 03 5f ab 42 8a e9
    52 c2 dc 6d 31 44 54 18 79 94 5a c8 aa 43 68 b1
    81 ab 97 ad da 44 5f 72 a0 63 b5 11 0a 9c c6 0f
    59 a8 ea 1a 33 b8 77 38 a1 90 4e 4a db 29 66 0b
    d0 0a c3 6b f1 32 37 d5 c1 20 af cb 4d 9c 07 a9
    fd a0 ab e2 ea c0 e2 cc e8 c3 d5 c9 85 ef cc 67
    dc 03 59 0d 83 45 82 ac ec 7b 13 9a 1a 37 3a 6c
    98 43 32 6f 14 31 d5 7c de 2b 4b b8 a4 d5 49 4d
    3b a1 be 53 62 ee ca 39 7b 3d ba 83 99 a3 77 f8
    0d dc e9 a1 83 10
<<< TLS 1.2, RecordHeader [length 0005]
    14 03 03 00 01
<<< TLS 1.3, ChangeCipherSpec [length 0001]
    01
<<< TLS 1.2, RecordHeader [length 0005]
    16 03 03 04 ba
<<< TLS 1.3, Handshake [length 04ba], ServerHello
    02 00 04 b6 03 03 b8 e4 12 b9 67 04 49 13 f1 0d
    de 3e ae 93 e4 a1 32 a9 01 99 5a b9 1e ae d9 8a
    30 ec 2b 50 8d b0 20 1f 5c 48 e4 e0 82 97 a0 ff
    4a 8d c7 19 1a 70 ef f8 3c 0a 0e fb 44 8a 7e d8
    a2 df 50 5d 5f f9 f7 13 02 00 04 6e 00 2b 00 02
    03 04 00 33 04 64 11 ec 04 60 ba 78 e5 95 1e 52
    6f 3c 18 43 29 96 38 eb aa ad b5 da e2 c0 23 62
    3b 3e 7e de 28 2f 04 38 a3 58 52 a9 26 65 42 aa
    a8 ec d9 f5 d2 16 83 86 0a 9e fe aa df 76 0f c1
    05 96 58 90 9c 3e 12 7f 0a 6f 83 95 61 e4 0b a1
    b9 78 11 8f 8b 1a 2a 22 a7 c5 7c 6c 7e 24 9d 40
    24 f3 a9 15 f9 e3 6f 3a 45 39 1a c0 49 2a 1a ff
    4b ae f6 fe ce ff f5 77 83 95 9e a5 63 53 6c 40
    1e 34 52 63 06 fd bd 14 3a 50 0d 0e 75 87 60 b0
    bd 6b 6d 63 bd 76 8b 56 c4 0c 2e 46 7d 83 64 19
    93 52 9a 8f 1b 91 b7 9b 01 67 06 c0 f8 09 bb b4
    03 3b 67 08 72 95 31 3c 61 4f f4 fe a9 3b 94 4e
    1e 57 f0 bc 89 75 fc b4 f4 55 84 2e e2 57 85 9d
    68 47 e6 1b 9c 54 9b ac b2 20 7e 98 90 8e 27 23
    e5 98 c8 e1 97 26 eb f4 ad 07 19 69 e7 e0 71 23
    ed 5a e0 b5 08 ef 9e 43 71 9b e4 5d f0 f5 01 48
    8b b6 98 24 e9 da 8f 6d 51 09 36 63 e2 68 c9 ac
    e1 2f 10 55 a5 93 c6 c9 29 97 03 01 db 00 06 6d
    35 4a 58 77 99 7e 7c bb 9f e1 49 79 48 ba 78 87
    23 80 85 87 a8 4f 62 f9 03 51 f2 83 02 e0 db 6c
    41 25 6a 94 04 a8 2a 4e 73 60 82 09 07 8b 82 e1
    6a c3 b7 48 b1 9a 5c b6 87 37 fd cc 5f 7c ab bf
    34 cc d3 d9 1c c9 e9 1b c9 a1 4c 72 2d 16 fc bf
    66 6d d9 7d 07 43 80 a9 b2 24 a7 50 67 3e 21 5e
    58 20 23 83 09 b3 48 25 8d 0d 8d c3 82 a9 e7 5f
    e2 b6 81 bc 0f fc 96 ee 99 f8 28 b2 eb 43 d2 0f
    a7 bb 9f a9 a4 53 8b 12 1d 35 de 39 7b 93 e5 1d
    ef e9 cd da 02 0c 91 18 05 ea 83 fd e4 f6 2b 09
    81 51 fa 19 2e 04 a5 c9 dd dd ba 5f 1a a8 7f 84
    9e 5c ca 81 41 1c 75 0c d0 4f 26 3e c8 dd c4 60
    68 09 0e 5b 7f 29 29 3b a3 4b 2a 11 c4 fb ea 8c
    57 56 61 fd 3a 14 83 b1 ca c6 6d 0c 23 c3 04 a8
    62 19 be 43 03 f5 e2 a4 74 d7 12 90 d5 28 50 df
    4f e0 07 81 77 4e 26 c3 07 f9 a5 fd fc 45 8b eb
    aa 59 a3 91 f9 2e be 04 a4 92 d7 e9 7d b2 8c 16
    98 2c 00 66 64 e4 b7 b0 9a c4 3b 0f 87 73 0f 64
    1f 2b 07 c3 fa 19 a3 05 c9 89 84 79 d4 0e 27 4f
    d7 e8 2d cb 99 01 78 d6 19 21 c2 a2 da 16 f4 97
    50 39 0e 36 65 1e 9f ff 6e 8b 8b 64 46 6f 99 79
    58 2b d1 57 df c6 0b a9 4e da c8 5a be 1d 9f cb
    00 3e b8 f2 d8 15 33 57 b3 d1 2f b7 58 67 c2 d0
    6b 1e 35 82 a0 f9 64 91 85 ce 27 c2 2c 8d 4d 94
    4c 84 e8 17 32 59 2d 2f 59 56 b0 6a 86 9c 8e b3
    c2 26 7e 95 97 d7 13 86 ff 26 fc c0 3b 1a 02 f3
    5e c4 9b 21 83 1a 36 23 b6 0c 29 00 8a 34 4b da
    5d e1 b7 82 dd 02 5b 71 82 c4 b7 05 ee dd 8b b6
    a3 08 7d 09 e4 25 e2 a1 58 d9 71 07 d9 60 3c 9e
    11 60 41 8c 2a 3a ae 5c 80 a1 f2 06 bd d4 5b 1f
    b7 6a 63 97 17 39 aa df ef 0d b4 ed 68 b7 9d da
    32 67 44 1e ec ff ec e3 9e 21 a8 07 eb fe 85 3c
    70 a4 bb d1 1d f7 ac e9 97 ab ff e9 a9 c4 8d f9
    28 8e 26 9d 2a 79 4f 50 d2 b1 ce 55 db fd 24 fc
    50 b0 a2 3f ee 1a 6c c2 e1 b4 d0 cf 62 50 d6 7e
    9a ff 0b b7 97 d1 64 fc 8c aa 73 4c 1e 91 3b d1
    54 b6 54 40 3e cb d4 f4 bc 0e 89 9e e3 61 c2 a0
    8d 73 77 ba e2 ca ba c8 7d cd 08 2c 13 dc 30 68
    db 67 4e d6 88 07 ed 66 12 43 94 c3 9f fe 2e 91
    a6 5b 33 b4 4f 1a 14 42 2f 5a a1 cd e4 f3 eb c7
    9b c7 59 d7 48 d2 65 dd 68 88 a4 e0 44 44 7e 26
    1a bc 4e e8 59 07 b5 6e c3 2e 24 e5 c7 dd ad 19
    b9 ab 39 a3 22 a5 c3 7e c4 df 7c d3 28 01 29 47
    d3 d0 4e b7 47 7d ac 62 50 d7 d1 09 9e 5b 81 38
    b5 18 8f f9 aa 49 83 e8 45 e2 10 87 45 4a e9 b0
    b7 2d 91 5e 27 86 71 1c 45 29 49 2d d0 8e 6f 9a
    c9 07 f7 aa 31 8e b6 97 a2 8d 1d c8 8d e7 53 c6
    db 8e 83 48 4b d1 2d 5f a7 95 45 6a cf 25 d3 03
    61 66 b0 d1 16 87 2c b8 88 b0 cd f9 ee 87 a4 1c
    bd 56 0e dc b5 a2 41 b3 93 14 7a 08 2f 87 34 8f
    c4 22 7a cb 22 0d 59 80 71 6e f3 16 a4 4c ff 8b
    7f 2f 07 f4 6f 12 d9 a1 3d 3e e4 2e 3d 0e 77 24
    34 b0 b8 1e 1d f1 d0 4e 0e 21
<<< TLS 1.2, RecordHeader [length 0005]
    17 03 03 00 17
<<< TLS 1.3, InnerContent [length 0001]
    16
<<< TLS 1.3, Handshake [length 0006], EncryptedExtensions
    08 00 00 02 00 00
<<< TLS 1.2, RecordHeader [length 0005]
    17 03 03 03 47
<<< TLS 1.3, InnerContent [length 0001]
    16
<<< TLS 1.3, Handshake [length 0336], Certificate
    0b 00 03 32 00 00 03 2e 00 03 29 30 82 03 25 30
    82 02 0d a0 03 02 01 02 02 01 02 30 0d 06 09 2a
    86 48 86 f7 0d 01 01 0b 05 00 30 12 31 10 30 0e
    06 03 55 04 03 0c 07 52 6f 6f 74 20 43 41 30 20
    17 0d 31 36 30 31 31 34 32 32 32 39 34 36 5a 18
    0f 32 31 31 36 30 31 31 35 32 32 32 39 34 36 5a
    30 19 31 17 30 15 06 03 55 04 03 0c 0e 73 65 72
    76 65 72 2e 65 78 61 6d 70 6c 65 30 82 01 22 30
    0d 06 09 2a 86 48 86 f7 0d 01 01 01 05 00 03 82
    01 0f 00 30 82 01 0a 02 82 01 01 00 d5 5d 60 6a
    df fc 61 ee 48 aa 8c 11 48 43 a5 6d b6 52 5d aa
    98 49 b1 61 92 35 b1 fc 3a 04 25 0c 6d 79 ff b4
    d5 c9 e9 5c 1c 3b e0 ab b3 b8 7d a3 de 6d bd e0
    dd d7 5a bf 14 47 11 42 5e a6 82 d0 61 c1 7f dd
    13 46 e6 09 85 07 0e f2 d4 fc 1a 64 d2 0a ad 20
    ab 20 6b 96 f0 ad cc c4 19 53 55 dc 01 1d a4 b3
    ef 8a b4 49 53 5d 8a 05 1c f1 dc e1 44 bf c5 d7
    e2 77 19 57 5c 97 0b 75 ee 88 43 71 0f ca 6c c1
    b4 b2 50 a7 77 46 6c 58 0f 11 bf f1 76 24 5a ae
    39 42 b7 51 67 29 e1 d0 55 30 6f 17 e4 91 ea ad
    f8 28 c2 43 6f a2 64 a9 fb 9d 98 92 62 48 3e eb
    0d 4f 82 4a 8a ff 3f 72 ee 96 b5 ae a1 c1 98 ba
    ef 7d 90 75 6d ff 5a 52 9e ab f5 c0 7e d0 87 43
    db 85 07 07 0f 7d 38 7a fd d1 d3 ee 65 1d d3 ea
    39 6a 87 37 ee 4a d3 e0 0d 6e f5 70 ac c2 bd f1
    6e f3 92 95 5e a9 f0 a1 65 95 93 8d 02 03 01 00
    01 a3 7d 30 7b 30 1d 06 03 55 1d 0e 04 16 04 14
    c0 e7 84 bf e8 59 27 33 10 b0 52 4f 51 52 2f 06
    d6 c0 7a cd 30 1f 06 03 55 1d 23 04 18 30 16 80
    14 70 7f 2e ae 83 68 59 98 04 23 2a cd eb 3e 17
    cd 24 dd 01 49 30 09 06 03 55 1d 13 04 02 30 00
    30 13 06 03 55 1d 25 04 0c 30 0a 06 08 2b 06 01
    05 05 07 03 01 30 19 06 03 55 1d 11 04 12 30 10
    82 0e 73 65 72 76 65 72 2e 65 78 61 6d 70 6c 65
    30 0d 06 09 2a 86 48 86 f7 0d 01 01 0b 05 00 03
    82 01 01 00 7b d3 04 43 75 8a 0f 11 ae c4 fb d7
    a1 a2 9e fe 20 18 d5 f4 2f 31 88 46 b6 75 8c ee
    e5 9b 97 a6 b9 a3 cd 60 9a 46 c3 48 97 e5 97 68
    f7 5a 86 35 73 d9 69 9e f9 5f 74 b9 e6 94 13 01
    cb 6a dc e3 c4 04 e9 65 da 9c a4 8b 28 f3 f9 9a
    7f bf 97 1f 45 92 e5 05 b1 56 e6 0b f6 47 de 1e
    89 b6 2b e1 4d df 4a 7e 01 d3 23 dc 97 8c 47 fe
    5f c7 cc 98 46 0e c4 83 5b ca 8a f1 52 09 be 6b
    ec 3f 09 8b d0 93 02 bf e1 51 e7 d1 7e 34 56 19
    74 d0 ff 28 25 de b7 9f 56 52 91 7d 20 29 85 0a
    80 44 5f 71 32 25 71 0f c2 16 e2 5f 6b 1d 3f 32
    5b 0a 3c 74 1c b9 62 f1 ed 07 50 a3 6d b4 b4 31
    0a c0 53 44 6a 3a 88 84 8b 2d a9 b0 37 8e e6 18
    36 bd 9a 20 40 0f 01 92 8b 3d aa 61 e7 ae 2c ed
    36 cd 3a 07 86 74 3a 29 b3 d7 3a b4 00 a9 c2 f5
    92 78 0e e2 0f a3 fe bb be e0 06 53 84 59 1d 90
    69 e5 b6 f9 00 00
<<< TLS 1.2, RecordHeader [length 0005]
    17 03 03 01 19
<<< TLS 1.3, InnerContent [length 0001]
    16
<<< TLS 1.3, Handshake [length 0108], CertificateVerify
    0f 00 01 04 08 04 01 00 a3 9b a3 0b e9 50 fb f9
    13 5f 8f 72 33 54 5d bf 1a 4f 9a 89 08 33 dd 4e
    d2 d1 b0 e1 98 12 d9 30 68 a0 5b da 6a 00 15 4e
    5d d1 9a 92 a4 43 e4 5b 3e 49 4e b1 02 c1 aa b9
    06 b0 27 62 a5 f6 b0 e8 e0 f6 dc 2d 5f ab 4b cf
    64 29 84 7f ab d4 1b 0d 3c 90 20 b5 0c 90 58 2d
    82 f7 73 22 2f 03 e0 c5 08 b9 92 dd 28 d0 a9 1d
    51 be 2e 33 4a ff 75 b4 e9 90 ec 14 d1 e2 6d 16
    a8 2b 9c 7c 56 d8 20 fd 70 c5 14 06 89 b4 42 76
    72 2f 4b c5 af 8c a0 d7 74 00 3b 4f 46 ec 5e 93
    b6 0c 27 48 82 22 83 24 68 5a f0 89 0c 8b 87 0e
    38 5e 09 cc 1f 09 47 18 f6 d5 f5 73 1c ee 99 f7
    c2 8c 3c 4a 73 3d 26 52 a7 df 21 89 09 e4 31 2e
    d4 e1 06 2c 89 13 64 a2 90 bb 4a ae bf 21 de 1a
    98 0a d0 88 e8 fc f1 22 21 78 2d 15 c8 69 08 be
    0c 86 de 45 66 c6 74 98 03 41 51 6d ea f3 de 41
    e3 d5 82 98 0a 64 8e cd
<<< TLS 1.2, RecordHeader [length 0005]
    17 03 03 00 45
<<< TLS 1.3, InnerContent [length 0001]
    16
<<< TLS 1.3, Handshake [length 0034], Finished
    14 00 00 30 6a 66 5f 2f e9 1a 39 d7 86 7c f7 a5
    b4 8d ff c6 57 ff ba 44 c7 4b 92 3b bd 4e 3c 61
    5d 9c e3 2b 33 83 6b b6 9d 0b 21 8d 85 ce 27 3a
    79 39 ff 63
>>> TLS 1.2, RecordHeader [length 0005]
    17 03 03 00 45
>>> TLS 1.2, InnerContent [length 0001]
    16
>>> TLS 1.3, Handshake [length 0034], Finished
    14 00 00 30 aa 3c 03 28 51 6d 11 d8 6d b5 ed 99
    22 64 c6 d9 74 88 e5 2f fb 1e 19 60 8f 3b 75 3a
    b6 2d db b3 29 2b c0 49 7f c7 22 34 ca 6c a7 24
    a3 db c4 fc
---
Certificate chain
 0 s:CN=server.example
   i:CN=Root CA
   a:PKEY: RSA, 2048 (bit); sigalg: sha256WithRSAEncryption
   v:NotBefore: Jan 14 22:29:46 2016 GMT; NotAfter: Jan 15 22:29:46 2116 GMT
---
Server certificate
-----BEGIN CERTIFICATE-----
MIIDJTCCAg2gAwIBAgIBAjANBgkqhkiG9w0BAQsFADASMRAwDgYDVQQDDAdSb290
IENBMCAXDTE2MDExNDIyMjk0NloYDzIxMTYwMTE1MjIyOTQ2WjAZMRcwFQYDVQQD
DA5zZXJ2ZXIuZXhhbXBsZTCCASIwDQYJKoZIhvcNAQEBBQADggEPADCCAQoCggEB
ANVdYGrf/GHuSKqMEUhDpW22Ul2qmEmxYZI1sfw6BCUMbXn/tNXJ6VwcO+Crs7h9
o95tveDd11q/FEcRQl6mgtBhwX/dE0bmCYUHDvLU/Bpk0gqtIKsga5bwrczEGVNV
3AEdpLPvirRJU12KBRzx3OFEv8XX4ncZV1yXC3XuiENxD8pswbSyUKd3RmxYDxG/
8XYkWq45QrdRZynh0FUwbxfkkeqt+CjCQ2+iZKn7nZiSYkg+6w1PgkqK/z9y7pa1
rqHBmLrvfZB1bf9aUp6r9cB+0IdD24UHBw99OHr90dPuZR3T6jlqhzfuStPgDW71
cKzCvfFu85KVXqnwoWWVk40CAwEAAaN9MHswHQYDVR0OBBYEFMDnhL/oWSczELBS
T1FSLwbWwHrNMB8GA1UdIwQYMBaAFHB/Lq6DaFmYBCMqzes+F80k3QFJMAkGA1Ud
EwQCMAAwEwYDVR0lBAwwCgYIKwYBBQUHAwEwGQYDVR0RBBIwEIIOc2VydmVyLmV4
YW1wbGUwDQYJKoZIhvcNAQELBQADggEBAHvTBEN1ig8RrsT716Ginv4gGNX0LzGI
RrZ1jO7lm5emuaPNYJpGw0iX5Zdo91qGNXPZaZ75X3S55pQTActq3OPEBOll2pyk
iyjz+Zp/v5cfRZLlBbFW5gv2R94eibYr4U3fSn4B0yPcl4xH/l/HzJhGDsSDW8qK
8VIJvmvsPwmL0JMCv+FR59F+NFYZdND/KCXet59WUpF9ICmFCoBEX3EyJXEPwhbi
X2sdPzJbCjx0HLli8e0HUKNttLQxCsBTRGo6iISLLamwN47mGDa9miBADwGSiz2q
YeeuLO02zToHhnQ6KbPXOrQAqcL1kngO4g+j/ru+4AZThFkdkGnltvk=
-----END CERTIFICATE-----
subject=CN=server.example
issuer=CN=Root CA
---
No client certificate CA names sent
Peer signing digest: SHA256
Peer signature type: rsa_pss_rsae_sha256
Negotiated TLS1.3 group: X25519MLKEM768
---
SSL handshake has read 2546 bytes and written 1702 bytes
Verification error: unable to verify the first certificate
---
New, TLSv1.3, Cipher is TLS_AES_256_GCM_SHA384
Protocol: TLSv1.3
Server public key is 2048 bit
This TLS version forbids renegotiation.
Compression: NONE
Expansion: NONE
No ALPN negotiated
Early data was not sent
Verify return code: 21 (unable to verify the first certificate)
---
<<< TLS 1.2, RecordHeader [length 0005]
    17 03 03 00 fa
<<< TLS 1.3, InnerContent [length 0001]
    16
<<< TLS 1.3, Handshake [length 00e9], NewSessionTicket
    04 00 00 e5 00 00 1c 20 f7 f9 47 d1 08 00 00 00
    00 00 00 00 00 00 d0 45 90 05 35 52 69 e4 43 b0
    a9 58 4d d8 c6 11 73 01 cf d4 f1 b2 90 70 31 42
    5c 03 f9 aa 49 aa cf c7 49 79 6c b5 af 16 0d 64
    25 c6 7e 22 90 c1 a1 12 cf df cd 81 67 d6 62 9d
    21 59 83 94 86 d1 2d 9b a6 49 e9 de b9 6b a2 af
    9a ad 2f 8e e3 6a 02 15 77 12 09 6a 6c e3 b1 a8
    66 3a 56 f2 5e cb fa bf d9 87 b1 28 16 83 e9 b2
    34 d2 cd 38 d4 36 43 9e 4f 26 d0 9c 55 54 4f d8
    bb e1 7e a9 12 9a c3 77 f6 5a ca d5 ce 8c c0 17
    76 a5 bc 1a 7e 2d a8 cd f9 af eb 2c c1 c0 89 45
    6d 7c a4 ba 9c bf a9 55 3b 6b f9 44 55 6c 09 78
    bd d4 64 d7 9f e3 73 0e 27 a0 83 e0 e7 99 b0 be
    74 3b d3 3d 55 93 e9 4d 69 06 45 df 83 20 8a ea
    ef 42 22 99 97 27 ed 00 00
---
Post-Handshake New Session Ticket arrived:
SSL-Session:
    Protocol  : TLSv1.3
    Cipher    : TLS_AES_256_GCM_SHA384
    Session-ID: 0451D8B9F32F019A71E4499C4832400576EEFB941A4790CD17C3B7F24E9F8E6B
    Session-ID-ctx: 
    Resumption PSK: 7DF3D98470A9896932C12615848EB1136E40456D2DC8379C00C21E046009406B6C05F76C7A5DD7CF9B00D73826CECCFF
    PSK identity: None
    PSK identity hint: None
    SRP username: None
    TLS session ticket lifetime hint: 7200 (seconds)
    TLS session ticket:
    0000 - 45 90 05 35 52 69 e4 43-b0 a9 58 4d d8 c6 11 73   E..5Ri.C..XM...s
    0010 - 01 cf d4 f1 b2 90 70 31-42 5c 03 f9 aa 49 aa cf   ......p1B\...I..
    0020 - c7 49 79 6c b5 af 16 0d-64 25 c6 7e 22 90 c1 a1   .Iyl....d%.~"...
    0030 - 12 cf df cd 81 67 d6 62-9d 21 59 83 94 86 d1 2d   .....g.b.!Y....-
    0040 - 9b a6 49 e9 de b9 6b a2-af 9a ad 2f 8e e3 6a 02   ..I...k..../..j.
    0050 - 15 77 12 09 6a 6c e3 b1-a8 66 3a 56 f2 5e cb fa   .w..jl...f:V.^..
    0060 - bf d9 87 b1 28 16 83 e9-b2 34 d2 cd 38 d4 36 43   ....(....4..8.6C
    0070 - 9e 4f 26 d0 9c 55 54 4f-d8 bb e1 7e a9 12 9a c3   .O&..UTO...~....
    0080 - 77 f6 5a ca d5 ce 8c c0-17 76 a5 bc 1a 7e 2d a8   w.Z......v...~-.
    0090 - cd f9 af eb 2c c1 c0 89-45 6d 7c a4 ba 9c bf a9   ....,...Em|.....
    00a0 - 55 3b 6b f9 44 55 6c 09-78 bd d4 64 d7 9f e3 73   U;k.DUl.x..d...s
    00b0 - 0e 27 a0 83 e0 e7 99 b0-be 74 3b d3 3d 55 93 e9   .'.......t;.=U..
    00c0 - 4d 69 06 45 df 83 20 8a-ea ef 42 22 99 97 27 ed   Mi.E.. ...B"..'.

    Start Time: 1790579505
    Timeout   : 7200 (sec)
    Verify return code: 21 (unable to verify the first certificate)
    Extended master secret: no
    Max Early Data: 0
---
read R BLOCK
<<< TLS 1.2, RecordHeader [length 0005]
    17 03 03 00 fa
<<< TLS 1.3, InnerContent [length 0001]
    16
<<< TLS 1.3, Handshake [length 00e9], NewSessionTicket
    04 00 00 e5 00 00 1c 20 8c 94 57 e4 08 00 00 00
    00 00 00 00 01 00 d0 45 90 05 35 52 69 e4 43 b0
    a9 58 4d d8 c6 11 73 15 4f bc 9c 58 be 66 e0 66
    07 e7 37 15 03 10 04 b1 f6 2d 72 b6 a7 7f 37 55
    45 79 db a9 4f 7f d0 c8 4c e9 73 9f 5e 7f 68 fe
    42 49 92 8d 77 52 8e 9b 10 60 c2 17 a1 9b ba fa
    cd 7b e1 c5 38 50 32 a4 44 52 76 c7 80 35 eb b2
    8a d9 54 88 cb 97 64 ff dd 9a 57 e0 4d 2a e8 2f
    c4 21 65 86 ad d6 d5 7f fb cb 55 1d e8 5e 47 c9
    59 ea 74 b2 29 0f a1 ab de e4 f4 dc e9 da 5c 8a
    f6 7a cf 91 e6 98 94 11 28 85 a3 cf 17 c0 02 c5
    05 79 79 03 a5 f4 eb 15 9c c1 7a 25 96 02 a4 1c
    59 72 04 2f bd 77 ba 75 0e 64 17 c6 cf ee 5f 56
    59 61 94 8d f6 9d b4 47 b0 f7 e5 a6 38 d1 46 79
    00 f0 1d 98 49 0a 27 00 00
---
Post-Handshake New Session Ticket arrived:
SSL-Session:
    Protocol  : TLSv1.3
    Cipher    : TLS_AES_256_GCM_SHA384
    Session-ID: CD77FF782D4A6D55DFCBAB13F16D12305C495BC9570AEE11E47513F2F9070587
    Session-ID-ctx: 
    Resumption PSK: 2384B5B57CDF35D611E0070AC5C261401E693C98BE14617C858D806FBE510DB839F8012480BBDBC2C0212D0727B3998D
    PSK identity: None
    PSK identity hint: None
    SRP username: None
    TLS session ticket lifetime hint: 7200 (seconds)
    TLS session ticket:
    0000 - 45 90 05 35 52 69 e4 43-b0 a9 58 4d d8 c6 11 73   E..5Ri.C..XM...s
    0010 - 15 4f bc 9c 58 be 66 e0-66 07 e7 37 15 03 10 04   .O..X.f.f..7....
    0020 - b1 f6 2d 72 b6 a7 7f 37-55 45 79 db a9 4f 7f d0   ..-r...7UEy..O..
    0030 - c8 4c e9 73 9f 5e 7f 68-fe 42 49 92 8d 77 52 8e   .L.s.^.h.BI..wR.
    0040 - 9b 10 60 c2 17 a1 9b ba-fa cd 7b e1 c5 38 50 32   ..`.......{..8P2
    0050 - a4 44 52 76 c7 80 35 eb-b2 8a d9 54 88 cb 97 64   .DRv..5....T...d
    0060 - ff dd 9a 57 e0 4d 2a e8-2f c4 21 65 86 ad d6 d5   ...W.M*./.!e....
    0070 - 7f fb cb 55 1d e8 5e 47-c9 59 ea 74 b2 29 0f a1   ...U..^G.Y.t.)..
    0080 - ab de e4 f4 dc e9 da 5c-8a f6 7a cf 91 e6 98 94   .......\..z.....
    0090 - 11 28 85 a3 cf 17 c0 02-c5 05 79 79 03 a5 f4 eb   .(........yy....
    00a0 - 15 9c c1 7a 25 96 02 a4-1c 59 72 04 2f bd 77 ba   ...z%....Yr./.w.
    00b0 - 75 0e 64 17 c6 cf ee 5f-56 59 61 94 8d f6 9d b4   u.d...._VYa.....
    00c0 - 47 b0 f7 e5 a6 38 d1 46-79 00 f0 1d 98 49 0a 27   G....8.Fy....I.'

    Start Time: 1790579505
    Timeout   : 7200 (sec)
    Verify return code: 21 (unable to verify the first certificate)
    Extended master secret: no
    Max Early Data: 0
---
read R BLOCK
>>> TLS 1.2, RecordHeader [length 0005]
    17 03 03 00 13
>>> TLS 1.2, InnerContent [length 0001]
    15
>>> TLS 1.3, Alert [length 0002], warning close_notify
    01 00
Connecting to 127.0.0.1
SSL_connect:before SSL initialization
SSL_connect:SSLv3/TLS write client hello
SSL_connect:SSLv3/TLS write client hello
SSL_connect:SSLv3/TLS read server hello
SSL_connect:SSLv3/TLS write change cipher spec
SSL_connect:SSLv3/TLS write client hello
SSL_connect:SSLv3/TLS write client hello
SSL_connect:SSLv3/TLS read server hello
Can't use SSL_get_servername
SSL_connect:TLSv1.3 read encrypted extensions
depth=0 CN=server.example
verify error:num=20:unable to get local issuer certificate
verify return:1
depth=0 CN=server.example
verify error:num=21:unable to verify the first certificate
verify return:1
depth=0 CN=server.example
verify return:1
SSL_connect:SSLv3/TLS read server certificate
SSL_connect:TLSv1.3 read server certificate verify
SSL_connect:SSLv3/TLS read finished
SSL_connect:SSLv3/TLS write finished
SSL_connect:SSL negotiation finished successfully
SSL_connect:SSL negotiation finished successfully
SSL_connect:SSLv3/TLS read server session ticket
SSL_connect:SSL negotiation finished successfully
SSL_connect:SSL negotiation finished successfully
SSL_connect:SSLv3/TLS read server session ticket
DONE
SSL3 alert write:warning:close notify
