CONNECTED(00000003)
>>> TLS 1.0, RecordHeader [length 0005]
    16 03 01 00 d6
>>> TLS 1.3, Handshake [length 00d6], ClientHello
    01 00 00 d2 03 03 af 85 f2 4f b0 71 a2 fd 61 83
    e4 99 d0 17 7d c6 6f 96 a2 62 fe a2 fc 18 1c dc
    5a 7b a5 5e 0c aa 20 2e 08 b5 22 0d 59 53 1d 86
    97 16 9b b3 e6 7e 4e 6b da 73 c6 0e 7b 2d ba 49
    9a 28 ed cd 0f a2 f9 00 06 13 02 13 03 13 01 01
    00 00 83 00 0b 00 04 03 00 01 02 00 0a 00 06 00
    04 00 1d 11 ec 00 23 00 00 00 16 00 00 00 17 00
    00 00 0d 00 2a 00 28 09 05 09 06 09 04 04 03 05
    03 06 03 08 07 08 08 08 1a 08 1b 08 1c 08 09 08
    0a 08 0b 08 04 08 05 08 06 04 01 05 01 06 01 00
    2b 00 03 02 03 04 00 2d 00 02 01 01 00 33 00 26
    00 24 00 1d 00 20 2d 61 80 3f bc c7 9b 03 1a e4
    6a 34 19 11 6d 50 40 0d 41 b9 ca a6 f0 ca 9f 7d
    8d 30 d5 d2 23 0f
<<< TLS 1.2, RecordHeader [length 0005]
    16 03 03 00 58
<<< TLS 1.3, Handshake [length 0058], ServerHello
    02 00 00 54 03 03 cf 21 ad 74 e5 9a 61 11 be 1d
    8c 02 1e 65 b8 91 c2 a2 11 16 7a bb 8c 5e 07 9e
    09 e2 c8 a8 33 9c 20 2e 08 b5 22 0d 59 53 1d 86
    97 16 9b b3 e6 7e 4e 6b da 73 c6 0e 7b 2d ba 49
    9a 28 ed cd 0f a2 f9 13 02 00 00 0c 00 2b 00 02
    03 04 00 33 00 02 11 ec
>>> TLS 1.2, RecordHeader [length 0005]
    14 03 03 00 01
>>> TLS 1.3, ChangeCipherSpec [length 0001]
    01
>>> TLS 1.2, RecordHeader [length 0005]
    16 03 03 05 76
>>> TLS 1.3, Handshake [length 0576], ClientHello
    01 00 05 72 03 03 af 85 f2 4f b0 71 a2 fd 61 83
    e4 99 d0 17 7d c6 6f 96 a2 62 fe a2 fc 18 1c dc
    5a 7b a5 5e 0c aa 20 2e 08 b5 22 0d 59 53 1d 86
    97 16 9b b3 e6 7e 4e 6b da 73 c6 0e 7b 2d ba 49
    9a 28 ed cd 0f a2 f9 00 06 13 02 13 03 13 01 01
    00 05 23 00 0b 00 04 03 00 01 02 00 0a 00 06 00
    04 00 1d 11 ec 00 23 00 00 00 16 00 00 00 17 00
    00 00 0d 00 2a 00 28 09 05 09 06 09 04 04 03 05
    03 06 03 08 07 08 08 08 1a 08 1b 08 1c 08 09 08
    0a 08 0b 08 04 08 05 08 06 04 01 05 01 06 01 00
    2b 00 03 02 03 04 00 2d 00 02 01 01 00 33 04 c6
    04 c4 11 ec 04 c0 e3 96 5b 5c 44 8b 1e 50 13 db
    0b 2f fb 5c ad e4 97 29 84 fa b3 a2 10 19 f0 cc
    58 7c bc a0 61 87 c4 8e d6 8a 23 96 cb 0e c8 92
    df db c0 0f 3c 22 ce dc 82 c7 33 8a 92 d1 0f 8e
    c4 92 24 75 cf 43 ab 52 e4 17 05 31 61 6a 94 58
    9f 90 1c 7c fd e2 2f fd 52 b9 13 eb 86 c8 c7 b1
    2b 38 97 31 73 ce 2a 56 7e 88 06 cd d9 da ba 7f
    f6 02 91 93 33 59 80 8d fe 2b 3f 0e bb 40 ce 0b
    59 58 61 85 ef 60 37 24 f4 60 97 a4 03 b0 84 6a
    0f d9 36 5c b8 29 b3 67 1e b9 e5 05 14 3b 51 cd
    28 21 74 1a 75 7a d7 13 61 30 b4 9c c4 22 32 92
    cb 13 e9 7b ba 67 7b 0f d3 80 8a a1 67 7c 75 8a
    a9 9c 13 9d 98 30 7c a9 0d 3f 2a aa 39 4b 40 d7
    81 0d ab 10 bb 2b 59 19 de 8c 21 af 54 4c 13 75
    3c a2 06 67 af 37 be fa 71 38 f6 f3 6b e4 13 47
    3f 65 57 47 62 b7 45 53 1c 81 b0 5e 17 cb 68 0e
    2c 27 5f 83 b2 f8 92 bd ed 6b 1c fa 84 cf 3c 43
    af 46 75 04 aa 06 57 a1 36 12 30 12 6c 28 08 5e
    f9 27 c5 d0 f8 8d 8a 9b 41 cc f6 3c 2e 71 3f ac
    b8 8b 28 27 b0 a7 7c 1a d7 79 1b a5 57 11 b8 72
    4b 8b 59 b0 e4 92 1f 34 eb 26 66 2c 17 6b 94 26
    ff 15 a4 ed c1 4f cd 15 5a 5c 14 b9 36 a3 3c dd
    79 65 44 65 4d 35 24 2a 95 c1 9a c4 23 41 ef f7
    a6 dd d9 b8 a7 65 46 5f d4 4e a1 3b 01 ee 53 cc
    09 87 7d e4 43 c2 42 2a 63 51 bb 16 96 46 15 ce
    c1 1b cb 64 57 33 75 88 f9 10 cb a3 39 51 a6 c5
    28 3a 47 17 64 29 c3 8c 34 a4 1b c3 40 c3 29 ba
    28 14 96 88 f5 a1 15 f5 04 c2 fb ce 53 d1 32 34
    b4 09 c9 77 8c 57 39 3c e3 0c 79 69 14 8e 5d 52
    6d b2 aa 7e d4 39 ac 70 4c 39 dc 12 12 18 70 41
    de 71 6d 44 24 58 ec 1a ce 29 79 a2 44 e6 1c 94
    90 60 65 53 34 f2 a8 79 80 b3 cf cc f6 03 41 77
    58 da 82 1f 76 b3 14 f3 da ba b6 20 83 41 ca 17
    53 31 70 e5 fb a5 53 58 62 da 1b 69 fc 93 a6 35
    bb 71 26 d0 83 74 cc 08 68 c4 73 7b dc 0e 0d 27
    25 c2 66 15 3b e3 5f 24 11 0c dd ac 3c 85 00 11
    75 78 25 76 e1 b2 b8 b9 56 0f 54 1e 05 9b 81 f7
    7a a0 e0 40 16 83 92 20 83 36 82 0d 43 cd a7 ec
    75 c2 3c 53 12 61 b4 6f 72 44 fe 91 60 87 38 82
    d5 a2 42 b1 51 5d ee 02 4e 97 42 50 ff 42 36 9d
    85 a4 fd 81 71 d1 f0 01 47 84 89 6e db 32 9b a8
    9f 9f f7 4f 12 93 1d a3 68 8c b6 54 cf 6e e5 09
    a9 f1 23 71 52 22 fa a1 ae 63 45 3d 3e 05 77 8c
    52 b9 33 06 56 db b9 a4 ba 07 62 e1 02 c5 54 d8
    8a d6 88 76 3c 17 86 6d db b7 ea f0 2a 9e 90 ac
    43 b1 22 9d 58 65 ff fb b6 06 71 04 4b 38 ba 3a
    50 0a 00 10 73 61 0a 4b 43 71 78 00 a7 60 78 f5
    2a b5 69 a8 8d f8 91 b3 e1 c8 10 71 c1 ef bb 3e
    a3 ca 78 ed 40 65 33 22 0a 47 2a 7e d4 b7 c1 d9
    79 31 6d c7 67 82 cc 0e f6 e4 9e 19 61 5e 36 59
    1d ac 4a 6d 90 76 7f 95 08 a3 d5 ac be 5b 6b 2b
    42 9a 72 e2 99 4a ac cb 70 82 e1 35 c1 41 a6 16
    b5 c8 79 40 14 9a 5c 69 ac bc 76 cc 75 0a 77 33
    50 2b ec a9 55 59 a4 89 e2 44 d2 f3 4b 44 f4 bc
    b9 94 90 9d 9c cb da 76 9b 5d b2 a1 db a0 be 16
    79 40 8a f4 98 a3 d0 01 d0 8c 72 b1 15 a8 f1 a9
    2f c3 62 9d 90 82 6e b4 00 5a b2 18 38 dd db 95
    de 3c ac f3 2c b4 15 05 45 b0 54 51 bb 06 59 82
    01 04 1a 12 50 65 31 ab 6c 02 35 f5 76 1a 73 76
    87 31 76 74 76 5b 24 41 86 34 2e 25 aa e8 cb cd
    b7 41 96 3f 55 47 49 00 cd b1 e5 7c e7 3a 27 1e
    9a 76 cf 82 83 3b 55 b4 9b 0b 5c ec c5 11 96 61
    b5 70 7b a5 7f e1 48 3d 69 6f f9 6b 48 72 d7 63
    91 4a 79 33 78 65 f1 1a bb 50 e9 65 a6 5a 60 eb
    8a 4d 50 ca c5 52 32 07 07 49 12 26 c5 0b 96 94
    54 17 82 83 05 64 ca 75 47 a8 0e 46 15 8e f3 86
    37 38 17 50 aa b8 d0 55 59 bf 0c 46 e4 06 a5 c9
    c6 65 69 4b a9 4a 97 6d 1f 73 84 a6 a9 2a 00 08
    69 9a 11 8b 53 b6 8e b7 06 33 ac 55 69 94 75 b7
    58 01 44 65 c4 88 aa 62 44 20 d7 4f 5e 7a 43 e6
    a0 85 f9 65 0d 1b c1 79 64 44 12 d6 ea c3 6c f3
    a7 ca 0b 7f 0c 33 61 41 d6 13 a0 39 5b 21 e0 40
    7b c7 0f 58 16 27 0c eb bb a3 46 5c 6f 0b 65 29
    81 18 73 c4 5e 1f 91 77 eb 72 03 fa 20 c2 a5 65
    33 39 98 a1 33 40 ea a3 c2 eb a6 9d c9 2c 44 b9
    6d 4a f6 97 8f d5 08 26 2a ef d5 75 f7 c7 83 e6
    15 eb 77 3e a4 02
<<< TLS 1.2, RecordHeader [length 0005]
    14 03 03 00 01
<<< TLS 1.3, ChangeCipherSpec [length 0001]
    01
<<< TLS 1.2, RecordHeader [length 0005]
    16 03 03 04 ba
<<< TLS 1.3, Handshake [length 04ba], ServerHello
    02 00 04 b6 03 03 7a 05 6e d6 35 99 82 f3 01 63
    f9 44 34 5c 2b 16 ed b1 c4 8c ba 95 d6 fb 3d 74
    b3 8b 76 01 c3 b1 20 2e 08 b5 22 0d 59 53 1d 86
    97 16 9b b3 e6 7e 4e 6b da 73 c6 0e 7b 2d ba 49
    9a 28 ed cd 0f a2 f9 13 02 00 04 6e 00 2b 00 02
    03 04 00 33 04 64 11 ec 04 60 63 0b 32 62 84 1a
    e0 2a 8b 50 2d 59 5a 7d a2 4c 9a 8c 35 24 ed 05
    32 97 90 00 85 04 66 8c c7 83 7e 4f ab 8d 66 d8
    e9 e2 7b 46 38 1f 97 b0 02 c6 70 ff 9f 0a bf 33
    db f4 24 1d 99 12 9a 71 19 47 d6 ad d4 71 db 73
    7c 55 fe b8 72 8f b5 0b 1e 11 90 0c ba c8 7a 41
    17 cc 66 e2 13 67 b6 6a 44 36 37 ff 15 9b af 1e
    fe 85 db 2f 85 6a 3e 83 d4 4b 79 fd 9c c2 02 ab
    30 3b 7d d9 46 37 de d8 36 c3 67 27 84 32 79 e0
    47 55 d1 b5 ee c6 d0 df f0 80 46 91 3f 33 de d7
    e5 16 40 26 25 e8 7a e7 bb 98 c1 d5 1e 54 6e a7
    11 7e 2d 5c 93 5c 5b 4b c2 dd 62 76 34 f8 1d 44
    29 b2 7a f2 bd 11 16 0a 60 53 43 6f c6 14 f7 5c
    93 8d 10 21 8f fe a6 78 f0 89 36 93 bb a6 71 23
    81 36 a0 17 30 2b 96 7f 8d ef fc 52 82 b9 3e 0b
    6b c4 6e 7e b7 3a a9 12 68 bf 63 5c 7f e5 d5 4f
    eb eb 84 9b 28 cd 0a f0 1e 3e f4 f9 a0 49 4a 7a
    0c c7 c5 9a 62 95 99 7c dc 4b 19 70 f7 45 0c fd
    67 93 08 fa 47 a7 cf 5f 1e a8 c9 fc 73 e1 56 d6
    09 25 67 b6 f5 dd ce c6 4b e4 af d0 53 8a 53 89
    92 2d 3d fa c8 c4 20 b3 2e 06 96 cf 11 ec f0 31
    11 de cf b8 21 79 24 d6 ec ab c9 e4 d4 24 fb 72
    ad 63 66 b8 82 69 73 7d 95 80 f6 e4 b2 28 bb 57
    21 87 49 8d 06 e5 5a 7c 42 a2 79 e6 aa 27 85 42
    ed ef 8d 8e 9c c3 4f 08 f6 fe d9 ee 64 eb 70 e6
    73 9a 1b ee f7 72 69 0e 35 95 c3 05 84 41 c3 64
    70 5b 38 c5 09 ed c6 99 47 ef bc 5c cd f4 be c2
    f7 b3 ee 2d f6 ce 70 55 30 fc 9c 90 d1 a0 b1 b1
    38 a6 03 af 1c b1 e1 dc 43 cb 9d e9 cd 62 57 d3
    65 2c be ca 79 37 e7 5b 9e da 3a 47 6d 6b 51 5d
    49 11 51 2f df c7 1e 96 80 c8 25 48 88 4f 87 50
    88 d0 b6 72 e2 fb 1d 88 83 44 ca 35 c1 c2 db 8d
    7a 6d 90 b7 89 a7 e6 f7 33 17 6f 1f 8a c1 bd 26
    f6 26 dd 91 6a 70 4e 9e 15 4e 96 58 4b 97 55 74
    3d e0 29 20 75 e0 66 08 d5 5b 76 46 7f f2 50 2d
    5b 5f 27 51 33 ff 42 ee 34 84 7e de fe 81 b3 c6
    21 5d f3 bf b9 81 28 f2 3b fe 69 ef bf 1f 5b c0
    fe 73 2c 4e ac 03 39 24 95 b5 b7 8c ef db 6a 28
    84 d4 a6 ba 72 dd f2 b7 5e 6f 21 22 00 d9 8a 47
    a1 03 4c 98 a2 33 03 fe 5f 4c e4 84 60 d9 5a 1b
    58 b5 0e f1 fe 9c ad ab 48 4b fa 81 6f 34 32 d4
    7a 09 f1 89 68 4d 3c 8a e4 db 45 4e 72 d6 99 79
    5c 3c 5b e7 03 26 6f 42 79 e9 0e 70 5a 81 c9 11
    7f a1 22 e9 60 f1 b3 c5 29 2d 99 7e 81 90 77 87
    09 0e d6 7f 4b 3f 1b 5f 7f f8 54 e9 cb 74 2f cf
    62 89 6e 3f e3 ec 9b 4b 21 3a cd 36 1e 88 00 f5
    fd 19 70 15 f9 60 dd 63 e6 d0 4c 2a 8e f8 7e 95
    b5 82 de 40 1c fc e3 f1 6a fc 0b 19 31 53 b4 8d
    06 9d 84 e2 c4 d9 16 fa c0 eb 84 15 c9 12 05 30
    a4 3e 3b f0 49 07 9a f8 88 a4 62 d4 06 b8 37 7e
    69 5b 1f 33 ba 25 c5 82 a9 db 16 89 b3 a7 b3 af
    f2 d2 7b 97 62 5a 1f 2e b9 f4 30 18 ef 93 1f 64
    cc 4a 67 5e 16 1e 51 7e 0f 1c 05 0f 57 e8 4e bb
    e1 f5 61 60 93 ec d1 3f 9f a8 55 ef 97 4c fd ac
    85 d5 11 42 0e 5b 55 a9 92 53 c2 36 f2 10 1e ef
    6b bf 7b a8 32 a0 70 23 c3 5a 82 53 aa fb fd 9d
    38 10 c9 b6 b2 23 bf df e2 e3 25 5a 76 63 35 2f
    59 41 61 cc 21 d2 d6 12 f5 d8 ad 51 11 8f a8 1d
    b0 ef e8 b5 79 eb f1 dc 06 3a 36 b4 55 77 de c6
    6f f2 9b 2d 14 bf 26 1a d6 92 7f 33 d9 14 d7 dc
    97 70 8b 8a f2 ad f3 8a 72 be f2 b2 8b e2 e1 aa
    0c 27 9e e3 cc a6 a8 59 8d 2a 5f c2 6a 53 69 2e
    91 b0 6e 7a b7 61 ab 09 09 e4 c8 a9 95 b9 33 9c
    9d 04 40 2a 91 ef 12 27 bb 63 99 68 0b 9c 73 df
    55 f2 54 d6 91 6e 16 56 e6 47 3f 34 b6 31 e3 f4
    f4 0e e5 1e 55 77 30 cb d0 75 8a 72 29 46 bd 0b
    01 f5 a5 1a cd 97 34 4a 9f c6 0e 43 40 46 aa 85
    9c 02 fe 77 59 d8 d9 0f 63 56 fb a4 f0 3b db be
    f2 86 12 73 a4 86 f4 4e 6c 8e c4 db 04 e2 98 e4
    4e 8d c2 5d a8 a6 26 15 9d 83 65 6a 72 78 69 79
    ab 41 58 78 e6 18 2e b5 63 69
<<< TLS 1.2, RecordHeader [length 0005]
    17 03 03 00 17
<<< TLS 1.3, InnerContent [length 0001]
    16
<<< TLS 1.3, Handshake [length 0006], EncryptedExtensions
    08 00 00 02 00 00
<<< TLS 1.2, RecordHeader [length 0005]
    17 03 03 03 47
<<< TLS 1.3, InnerContent [length 0001]
    16
<<< TLS 1.3, Handshake [length 0336], Certificate
    0b 00 03 32 00 00 03 2e 00 03 29 30 82 03 25 30
    82 02 0d a0 03 02 01 02 02 01 02 30 0d 06 09 2a
    86 48 86 f7 0d 01 01 0b 05 00 30 12 31 10 30 0e
    06 03 55 04 03 0c 07 52 6f 6f 74 20 43 41 30 20
    17 0d 31 36 30 31 31 34 32 32 32 39 34 36 5a 18
    0f 32 31 31 36 30 31 31 35 32 32 32 39 34 36 5a
    30 19 31 17 30 15 06 03 55 04 03 0c 0e 73 65 72
    76 65 72 2e 65 78 61 6d 70 6c 65 30 82 01 22 30
    0d 06 09 2a 86 48 86 f7 0d 01 01 01 05 00 03 82
    01 0f 00 30 82 01 0a 02 82 01 01 00 d5 5d 60 6a
    df fc 61 ee 48 aa 8c 11 48 43 a5 6d b6 52 5d aa
    98 49 b1 61 92 35 b1 fc 3a 04 25 0c 6d 79 ff b4
    d5 c9 e9 5c 1c 3b e0 ab b3 b8 7d a3 de 6d bd e0
    dd d7 5a bf 14 47 11 42 5e a6 82 d0 61 c1 7f dd
    13 46 e6 09 85 07 0e f2 d4 fc 1a 64 d2 0a ad 20
    ab 20 6b 96 f0 ad cc c4 19 53 55 dc 01 1d a4 b3
    ef 8a b4 49 53 5d 8a 05 1c f1 dc e1 44 bf c5 d7
    e2 77 19 57 5c 97 0b 75 ee 88 43 71 0f ca 6c c1
    b4 b2 50 a7 77 46 6c 58 0f 11 bf f1 76 24 5a ae
    39 42 b7 51 67 29 e1 d0 55 30 6f 17 e4 91 ea ad
    f8 28 c2 43 6f a2 64 a9 fb 9d 98 92 62 48 3e eb
    0d 4f 82 4a 8a ff 3f 72 ee 96 b5 ae a1 c1 98 ba
    ef 7d 90 75 6d ff 5a 52 9e ab f5 c0 7e d0 87 43
    db 85 07 07 0f 7d 38 7a fd d1 d3 ee 65 1d d3 ea
    39 6a 87 37 ee 4a d3 e0 0d 6e f5 70 ac c2 bd f1
    6e f3 92 95 5e a9 f0 a1 65 95 93 8d 02 03 01 00
    01 a3 7d 30 7b 30 1d 06 03 55 1d 0e 04 16 04 14
    c0 e7 84 bf e8 59 27 33 10 b0 52 4f 51 52 2f 06
    d6 c0 7a cd 30 1f 06 03 55 1d 23 04 18 30 16 80
    14 70 7f 2e ae 83 68 59 98 04 23 2a cd eb 3e 17
    cd 24 dd 01 49 30 09 06 03 55 1d 13 04 02 30 00
    30 13 06 03 55 1d 25 04 0c 30 0a 06 08 2b 06 01
    05 05 07 03 01 30 19 06 03 55 1d 11 04 12 30 10
    82 0e 73 65 72 76 65 72 2e 65 78 61 6d 70 6c 65
    30 0d 06 09 2a 86 48 86 f7 0d 01 01 0b 05 00 03
    82 01 01 00 7b d3 04 43 75 8a 0f 11 ae c4 fb d7
    a1 a2 9e fe 20 18 d5 f4 2f 31 88 46 b6 75 8c ee
    e5 9b 97 a6 b9 a3 cd 60 9a 46 c3 48 97 e5 97 68
    f7 5a 86 35 73 d9 69 9e f9 5f 74 b9 e6 94 13 01
    cb 6a dc e3 c4 04 e9 65 da 9c a4 8b 28 f3 f9 9a
    7f bf 97 1f 45 92 e5 05 b1 56 e6 0b f6 47 de 1e
    89 b6 2b e1 4d df 4a 7e 01 d3 23 dc 97 8c 47 fe
    5f c7 cc 98 46 0e c4 83 5b ca 8a f1 52 09 be 6b
    ec 3f 09 8b d0 93 02 bf e1 51 e7 d1 7e 34 56 19
    74 d0 ff 28 25 de b7 9f 56 52 91 7d 20 29 85 0a
    80 44 5f 71 32 25 71 0f c2 16 e2 5f 6b 1d 3f 32
    5b 0a 3c 74 1c b9 62 f1 ed 07 50 a3 6d b4 b4 31
    0a c0 53 44 6a 3a 88 84 8b 2d a9 b0 37 8e e6 18
    36 bd 9a 20 40 0f 01 92 8b 3d aa 61 e7 ae 2c ed
    36 cd 3a 07 86 74 3a 29 b3 d7 3a b4 00 a9 c2 f5
    92 78 0e e2 0f a3 fe bb be e0 06 53 84 59 1d 90
    69 e5 b6 f9 00 00
<<< TLS 1.2, RecordHeader [length 0005]
    17 03 03 01 19
<<< TLS 1.3, InnerContent [length 0001]
    16
<<< TLS 1.3, Handshake [length 0108], CertificateVerify
    0f 00 01 04 08 04 01 00 79 53 b7 da f6 7f d6 b5
    bf 87 50 69 3f 8c b7 55 d9 32 ab c2 6b 90 7b 98
    6f 69 67 88 8d c3 e9 35 00 07 69 0f 8c 58 b6 fc
    06 dd 2b 90 a6 2f 16 f1 35 ed f6 47 7f 89 4d 43
    b6 d6 d0 bc b7 55 6a 76 b9 fe a3 20 9b 97 fd d1
    ec 47 dd 4b 83 97 95 91 3a 1c 52 08 ed 79 e9 81
    37 7d 5a dd c8 cb fc 37 5c b2 b5 9f 01 38 33 c4
    0b ad 15 bb 56 03 a2 3b 22 da 06 86 4e f5 43 57
    66 e6 8b bd 25 a6 a7 65 15 29 9b e5 2c 95 a8 2d
    c3 6b 20 1e 22 2d 66 d3 48 86 d0 57 df a3 1d 2c
    d5 2b 98 7b 82 75 73 aa 9d 2f 1a 30 a3 c9 5b 47
    87 4b be e9 5c b0 b0 3e 2b 2b 94 8c 51 de c1 e8
    20 ff b0 24 1d 21 64 b0 3a 3d 3f a5 46 1e aa 5f
    cc d1 4f 2e 35 0e 2d 45 b9 0e fe 50 4b 6c 60 e2
    04 f2 26 16 67 63 81 81 5e 2b ba 27 8a a3 a5 49
    46 f6 68 77 90 11 71 70 cb 39 5d c5 44 da 08 8c
    88 41 59 ce 11 2d d7 30
<<< TLS 1.2, RecordHeader [length 0005]
    17 03 03 00 45
<<< TLS 1.3, InnerContent [length 0001]
    16
<<< TLS 1.3, Handshake [length 0034], Finished
    14 00 00 30 43 c4 8f 21 29 14 d3 59 4e d5 22 38
    07 74 bc 25 90 cd ec 05 08 b0 3a 99 8c 90 6a 35
    4f 1b 62 0c 55 5d a8 c7 2f 75 66 73 57 d7 30 84
    25 77 35 23
>>> TLS 1.2, RecordHeader [length 0005]
    17 03 03 00 45
>>> TLS 1.2, InnerContent [length 0001]
    16
>>> TLS 1.3, Handshake [length 0034], Finished
    14 00 00 30 1f 68 15 8a 3e 1b ed 3f 7e 5b 3a e0
    1c 67 5f 79 42 dd f0 e4 1d ac 3f 98 32 b0 bd a4
    f6 dd b5 69 0f 7f 0c 42 09 f2 8b c8 ce 98 7d e8
    47 a5 d9 63
---
Certificate chain
 0 s:CN=server.example
   i:CN=Root CA
   a:PKEY: RSA, 2048 (bit); sigalg: sha256WithRSAEncryption
   v:NotBefore: Jan 14 22:29:46 2016 GMT; NotAfter: Jan 15 22:29:46 2116 GMT
---
Server certificate
-----BEGIN CERTIFICATE-----
MIIDJTCCAg2gAwIBAgIBAjANBgkqhkiG9w0BAQsFADASMRAwDgYDVQQDDAdSb290
IENBMCAXDTE2MDExNDIyMjk0NloYDzIxMTYwMTE1MjIyOTQ2WjAZMRcwFQYDVQQD
DA5zZXJ2ZXIuZXhhbXBsZTCCASIwDQYJKoZIhvcNAQEBBQADggEPADCCAQoCggEB
ANVdYGrf/GHuSKqMEUhDpW22Ul2qmEmxYZI1sfw6BCUMbXn/tNXJ6VwcO+Crs7h9
o95tveDd11q/FEcRQl6mgtBhwX/dE0bmCYUHDvLU/Bpk0gqtIKsga5bwrczEGVNV
3AEdpLPvirRJU12KBRzx3OFEv8XX4ncZV1yXC3XuiENxD8pswbSyUKd3RmxYDxG/
8XYkWq45QrdRZynh0FUwbxfkkeqt+CjCQ2+iZKn7nZiSYkg+6w1PgkqK/z9y7pa1
rqHBmLrvfZB1bf9aUp6r9cB+0IdD24UHBw99OHr90dPuZR3T6jlqhzfuStPgDW71
cKzCvfFu85KVXqnwoWWVk40CAwEAAaN9MHswHQYDVR0OBBYEFMDnhL/oWSczELBS
T1FSLwbWwHrNMB8GA1UdIwQYMBaAFHB/Lq6DaFmYBCMqzes+F80k3QFJMAkGA1Ud
EwQCMAAwEwYDVR0lBAwwCgYIKwYBBQUHAwEwGQYDVR0RBBIwEIIOc2VydmVyLmV4
YW1wbGUwDQYJKoZIhvcNAQELBQADggEBAHvTBEN1ig8RrsT716Ginv4gGNX0LzGI
RrZ1jO7lm5emuaPNYJpGw0iX5Zdo91qGNXPZaZ75X3S55pQTActq3OPEBOll2pyk
iyjz+Zp/v5cfRZLlBbFW5gv2R94eibYr4U3fSn4B0yPcl4xH/l/HzJhGDsSDW8qK
8VIJvmvsPwmL0JMCv+FR59F+NFYZdND/KCXet59WUpF9ICmFCoBEX3EyJXEPwhbi
X2sdPzJbCjx0HLli8e0HUKNttLQxCsBTRGo6iISLLamwN47mGDa9miBADwGSiz2q
YeeuLO02zToHhnQ6KbPXOrQAqcL1kngO4g+j/ru+4AZThFkdkGnltvk=
-----END CERTIFICATE-----
subject=CN=server.example
issuer=CN=Root CA
---
No client certificate CA names sent
Peer signing digest: SHA256
Peer signature type: rsa_pss_rsae_sha256
Negotiated TLS1.3 group: X25519MLKEM768
---
SSL handshake has read 2546 bytes and written 1702 bytes
Verification error: unable to verify the first certificate
---
New, TLSv1.3, Cipher is TLS_AES_256_GCM_SHA384
Protocol: TLSv1.3
Server public key is 2048 bit
This TLS version forbids renegotiation.
Compression: NONE
Expansion: NONE
No ALPN negotiated
Early data was not sent
Verify return code: 21 (unable to verify the first certificate)
---
>>> TLS 1.2, RecordHeader [length 0005]
    17 03 03 00 13
>>> TLS 1.2, InnerContent [length 0001]
    15
>>> TLS 1.3, Alert [length 0002], warning close_notify
    01 00
Connecting to 127.0.0.1
SSL_connect:before SSL initialization
SSL_connect:SSLv3/TLS write client hello
SSL_connect:SSLv3/TLS write client hello
SSL_connect:SSLv3/TLS read server hello
SSL_connect:SSLv3/TLS write change cipher spec
SSL_connect:SSLv3/TLS write client hello
SSL_connect:SSLv3/TLS write client hello
SSL_connect:SSLv3/TLS read server hello
Can't use SSL_get_servername
SSL_connect:TLSv1.3 read encrypted extensions
depth=0 CN=server.example
verify error:num=20:unable to get local issuer certificate
verify return:1
depth=0 CN=server.example
verify error:num=21:unable to verify the first certificate
verify return:1
depth=0 CN=server.example
verify return:1
SSL_connect:SSLv3/TLS read server certificate
SSL_connect:TLSv1.3 read server certificate verify
SSL_connect:SSLv3/TLS read finished
SSL_connect:SSLv3/TLS write finished
DONE
SSL3 alert write:warning:close notify
