CONNECTED(00000003)
>>> TLS 1.0, RecordHeader [length 0005]
    16 03 01 00 d6
>>> TLS 1.3, Handshake [length 00d6], ClientHello
    01 00 00 d2 03 03 25 9f 72 3a e6 96 d8 a6 ba 7e
    1b e1 15 08 77 a0 17 b1 66 c0 fa 3f 61 9d 4d 6b
    4e 14 8c 4c 22 a1 20 d5 f3 b0 8c 84 c4 63 3a 8d
    f8 83 30 8e 4b 41 79 59 ab b2 59 e7 61 64 2f 6d
    79 02 3c 75 81 81 83 00 06 13 02 13 03 13 01 01
    00 00 83 00 0b 00 04 03 00 01 02 00 0a 00 06 00
    04 00 1d 11 ec 00 23 00 00 00 16 00 00 00 17 00
    00 00 0d 00 2a 00 28 09 05 09 06 09 04 04 03 05
    03 06 03 08 07 08 08 08 1a 08 1b 08 1c 08 09 08
    0a 08 0b 08 04 08 05 08 06 04 01 05 01 06 01 00
    2b 00 03 02 03 04 00 2d 00 02 01 01 00 33 00 26
    00 24 00 1d 00 20 05 74 28 d4 38 88 f4 12 55 0d
    78 36 b6 cf ac 70 f5 ce 04 ab 31 e4 fe b9 1f 21
    42 6a 67 89 bd 08
<<< TLS 1.2, RecordHeader [length 0005]
    16 03 03 00 58
<<< TLS 1.3, Handshake [length 0058], ServerHello
    02 00 00 54 03 03 cf 21 ad 74 e5 9a 61 11 be 1d
    8c 02 1e 65 b8 91 c2 a2 11 16 7a bb 8c 5e 07 9e
    09 e2 c8 a8 33 9c 20 d5 f3 b0 8c 84 c4 63 3a 8d
    f8 83 30 8e 4b 41 79 59 ab b2 59 e7 61 64 2f 6d
    79 02 3c 75 81 81 83 13 02 00 00 0c 00 2b 00 02
    03 04 00 33 00 02 11 ec
>>> TLS 1.2, RecordHeader [length 0005]
    14 03 03 00 01
>>> TLS 1.3, ChangeCipherSpec [length 0001]
    01
>>> TLS 1.2, RecordHeader [length 0005]
    16 03 03 05 76
>>> TLS 1.3, Handshake [length 0576], ClientHello
    01 00 05 72 03 03 25 9f 72 3a e6 96 d8 a6 ba 7e
    1b e1 15 08 77 a0 17 b1 66 c0 fa 3f 61 9d 4d 6b
    4e 14 8c 4c 22 a1 20 d5 f3 b0 8c 84 c4 63 3a 8d
    f8 83 30 8e 4b 41 79 59 ab b2 59 e7 61 64 2f 6d
    79 02 3c 75 81 81 83 00 06 13 02 13 03 13 01 01
    00 05 23 00 0b 00 04 03 00 01 02 00 0a 00 06 00
    04 00 1d 11 ec 00 23 00 00 00 16 00 00 00 17 00
    00 00 0d 00 2a 00 28 09 05 09 06 09 04 04 03 05
    03 06 03 08 07 08 08 08 1a 08 1b 08 1c 08 09 08
    0a 08 0b 08 04 08 05 08 06 04 01 05 01 06 01 00
    2b 00 03 02 03 04 00 2d 00 02 01 01 00 33 04 c6
    04 c4 11 ec 04 c0 12 71 c5 d6 37 ba ac 3b aa e6
    2c 24 a5 a9 49 83 ea 19 ba da c6 19 c5 c9 88 2c
    26 a9 c6 6b c1 47 02 61 8a 64 ea 6c 75 d6 97 b7
    09 91 12 48 19 6a 59 cb 49 13 80 b8 aa a8 b0 4f
    b9 5b c1 70 b0 a0 42 72 bb 24 38 11 dc 95 0c e3
    5a 89 09 90 a6 a5 65 b1 d2 92 70 e4 35 78 5c 59
    db f3 87 0b 1a 61 00 aa 8a b7 3a ba 0a 58 2f 5e
    ba c5 ad f2 66 cf b7 52 83 28 36 01 cc aa c1 48
    b3 2e 88 ca fd 82 9d ce e9 ab e7 f1 75 15 bc cb
    4a 7b a3 6d 2c 35 53 a2 be d4 c1 89 e7 64 5b 4d
    06 92 49 82 b8 53 e4 15 b7 0b a7 b8 67 2d ba d7
    ba 3a e3 8e 3a d6 45 66 d1 65 31 14 0a 29 41 be
    77 e0 26 62 73 b7 6f c4 1c 14 66 30 91 43 c0 e6
    83 49 e1 f8 0b 2d d6 a6 76 01 46 94 95 50 62 54
    cd 7e 17 0a da e9 93 da d2 85 e4 b7 74 78 b6 4b
    10 11 6c 66 b8 1f ca 81 6e 08 17 18 d6 e3 c2 a4
    21 8a b8 0b 42 7e 0b 7b a5 d2 a1 2c 12 4f 89 e5
    aa 1f 67 ac 69 d8 31 08 64 a3 74 1c 3f 5d ab 47
    72 d0 4f 26 56 18 70 94 3c db f8 77 11 24 2d 25
    2a 1d 54 04 04 69 b8 cc 73 e3 ce 1b 86 88 bc 33
    c9 ba 60 99 d6 05 78 d6 90 1f 00 8b 8f 81 6a 3a
    a8 9b ae 7a b6 61 67 09 c0 61 84 1e af 30 26 49
    75 8f c0 55 b8 06 7c 4c 8c 71 c0 73 ea a3 c0 a6
    8e c6 e4 7d 17 50 27 14 5a 05 34 ea bb 7f 84 4d
    75 27 c3 19 35 00 86 fa 35 40 2c a4 63 f8 21 58
    b8 b5 cd 93 67 b5 48 04 f8 2b 87 c5 8a aa ea 19
    9e 7e c4 5e b1 91 a5 e7 05 9d a2 32 17 97 f1 88
    d8 38 24 b3 96 6f 98 ea 38 f1 f7 23 55 15 5d f1
    e3 5b 0e 7a 40 6b 70 80 de 80 8d c6 70 5a ec 2b
    6c 25 1b 66 3f d8 94 31 77 27 1e 3b 32 f0 68 9b
    12 54 24 ae 6c bd 0d b4 73 07 08 c7 e6 a1 96 de
    62 5f 24 fc 95 19 b0 9c e2 e6 10 e4 21 c5 2d 18
    b5 ba 37 8f fc 68 58 7f 69 0a ea a8 1b 66 03 b0
    49 e5 58 f9 fb 77 f9 a9 78 d2 42 66 09 40 4f 50
    0b a9 44 14 4a 3f 7c 22 dd 00 a9 64 a4 6b 57 26
    53 70 f2 c9 0a 45 af 11 49 84 03 a2 20 72 74 91
    83 a3 25 82 e1 53 24 cc 24 1a 81 73 e2 31 22 bd
    90 96 95 47 50 30 a4 cd d5 88 51 b1 15 3a 56 49
    7a 7c 74 52 50 00 26 f4 ba 91 3a 93 6c 50 48 b0
    30 49 42 a5 b4 91 f0 00 8f ca 89 6f 29 43 19 3d
    63 01 6e 7b 07 02 5c cf 64 6a ca fe d4 a6 4f c4
    5f 56 f1 16 6d 38 13 19 97 9e 6f 6c 80 25 2b 16
    9d d6 a2 4d 27 a7 ae 59 57 1f b0 5c 1b fa 06 f0
    a3 c2 20 c5 6f bd 77 24 00 66 4c c6 25 3b 18 a7
    32 79 c0 19 ed 6b 36 c7 b5 a5 00 86 79 45 d1 61
    44 91 8a 80 63 c7 ec 70 83 57 e3 3e c8 34 76 e4
    54 ca e7 4b ba 7e 04 03 e1 c3 6a c5 94 4b aa a3
    35 bd b8 7f 85 8a 4e cb 53 b0 80 14 1d a4 dc 51
    3c e0 72 f4 74 4b e0 b9 1c 9f cb 19 26 d9 54 49
    a9 73 e5 eb 5a 1d 99 a2 c0 0c ce ac 39 9d 37 46
    54 87 d9 a4 e0 d1 37 74 33 0e 5d 79 63 74 d7 9f
    f5 45 aa 47 a6 1f e8 d8 1a e7 94 11 36 e5 57 cd
    94 68 89 e1 44 21 77 3e 9e fb 78 81 18 65 74 69
    7a 78 24 4a c5 b6 23 3a 42 3c e8 ab 75 bf e9 75
    b4 c4 78 d2 a9 be 35 04 a6 7f 1a 7d 69 e1 c4 3b
    56 92 84 1a 36 21 33 0d 4b ec be 61 19 57 25 85
    8d e2 2c 29 43 48 73 c9 b9 25 47 22 a5 70 c6 8c
    17 99 11 16 5b 9d d9 87 b2 ae 8c 2b 72 f3 c7 54
    dc 22 dc d1 01 7a 90 20 e4 e9 51 fc 84 cb eb 35
    3d ed 19 00 d0 52 b0 7e 0b 5e cd 33 0e 4f 89 15
    51 5a a6 f6 eb 06 1e 0a 62 60 5b b1 45 d4 85 11
    db 5b bc 57 11 af 91 a9 8f 89 8d 3e f1 69 36 8b
    7b 73 c8 a9 44 18 1b 8f 08 83 c0 03 39 43 33 64
    72 35 91 78 37 80 36 0b ce 4d bb 92 ac 63 b8 da
    30 b3 92 d4 3e 5b a8 61 3c e0 4e 99 63 7a 89 e9
    88 56 6b 91 2b fc 04 63 e7 a8 ad 65 51 e4 e7 8c
    4e ab 5a 23 38 c8 7f 87 01 f5 32 37 69 30 be 8a
    fa 86 4c a5 45 b2 e0 80 7a 37 1f 75 92 87 3c b4
    69 b3 8c 47 f6 59 bc 7d 3b be 64 81 5d 9d 00 2a
    be a8 39 02 91 0b 5f 31 74 77 a3 8d 9a 16 4c d2
    78 af 98 f1 8c 9c a3 9f 08 e6 b0 b1 e8 68 bf fc
    4f ba c3 5f 43 e2 a1 9b ab 5c 81 76 7e a5 73 87
    cd 50 16 c1 06 c5 52 79 63 98 da cf 9c ed ee 21
    39 91 ec 14 40 11 8c 54 aa c9 08 a2 d0 cb 20 16
    b2 75 0d 94 63 4b e0 86 82 0e 85 fc 44 77 2a be
    28 44 40 5a 03 c6 4e 86 c4 2e 9a c3 55 6d 5d ec
    1d 10 ef db 12 6b
<<< TLS 1.2, RecordHeader [length 0005]
    14 03 03 00 01
<<< TLS 1.3, ChangeCipherSpec [length 0001]
    01
<<< TLS 1.2, RecordHeader [length 0005]
    16 03 03 04 ba
<<< TLS 1.3, Handshake [length 04ba], ServerHello
    02 00 04 b6 03 03 27 b3 ec b7 03 ae 90 45 77 a6
    d1 1c 5f b4 dd 07 9a 04 6c 43 65 af 3a 45 fd 2a
    ec e1 46 c2 d2 00 20 d5 f3 b0 8c 84 c4 63 3a 8d
    f8 83 30 8e 4b 41 79 59 ab b2 59 e7 61 64 2f 6d
    79 02 3c 75 81 81 83 13 02 00 04 6e 00 2b 00 02
    03 04 00 33 04 64 11 ec 04 60 c4 73 32 3a 46 24
    9c c8 1e 2c 50 b0 b2 33 3a cb 50 32 6c 95 56 f6
    b9 3f cf 6d 92 d3 c0 f8 18 33 c3 15 9f 57 4e 34
    4f 1d 4d 12 c9 c6 77 a2 66 22 c0 bb c3 cd 5b 46
    6a 3b 35 02 84 2b 8b 73 39 c2 16 78 e1 cd 3a 97
    e2 6c 6c f2 28 c4 a6 3a 77 f7 24 14 c0 9b 9a a4
    35 23 a8 bc 05 55 1c 7b 76 18 07 e6 a2 0a bf f2
    fe 0d 1c 7d d8 74 98 ef e4 b1 2f 22 27 4c 00 bd
    76 3c b1 66 f7 f3 d1 58 0b d7 10 e5 7f 53 ef 63
    b1 a6 6a 94 c2 6e 8e fb 4d 40 8c 3b fc 36 fc 0b
    5f 63 56 d1 1e aa bb 40 c4 64 cc 1f c9 54 4a 88
    50 ab b6 2d 79 c5 2e 8e f6 d9 35 66 0c 53 5c 75
    a8 b5 85 33 37 7b c8 34 ac ce bb 07 6d 54 fc ad
    9e 53 02 dc 43 8f e2 e7 99 35 65 4d d3 8e cf da
    8c d4 b1 9d d4 b0 00 b2 88 a2 66 df 16 b7 9e c6
    d1 46 7e bd 62 4f 93 7f d4 f0 c3 fe 14 3f 1c d7
    ec 2d 1c 4a 9e ad 11 ed e5 22 98 05 b9 66 ee cf
    fc b0 d8 ea 1d db 09 80 fb 86 a5 10 72 a4 cf 38
    dc 1b 70 49 08 35 b3 7d 57 34 e0 69 73 91 66 20
    83 a0 09 ba bc 30 35 22 39 a9 e8 95 02 fa 4a 7c
    0d db aa 58 9c b1 48 52 f4 23 de 9d 10 cc f8 fa
    6f 1b 55 5e a2 55 e5 ff d7 9d 1e 91 75 16 04 56
    4d 6c e7 a6 55 14 89 ee 32 64 22 11 e2 38 0d 6b
    f9 c9 60 43 ff 90 ab 3a 44 aa b2 9d 0f 0c b6 bb
    35 e1 a8 32 f1 30 e8 1d 16 a0 7a af d2 ef 89 16
    f2 2d 15 ba 68 e1 0d 77 bc 62 71 38 eb 3b 62 6b
    ab ad 3c 68 b9 07 ff 31 84 2f a6 de 64 84 da a4
    95 d0 84 b4 66 f0 55 2f d3 0e b4 e1 4e 04 6a fa
    b7 fa 7f a7 28 66 da 1e b1 5d eb 96 6c ee f6 3b
    f0 78 21 83 1f fe af a9 de c8 6b 71 2a a6 ec 50
    6b 4f 2a a4 54 2d 41 11 5c 95 43 a9 f4 b8 ca 16
    c7 63 04 08 9c b4 11 c5 1c 4d 49 e5 86 de bd c5
    d4 d9 ed 2c e2 79 90 a7 2b 79 ec 2e bb 0b ab 39
    ae 82 c4 d9 11 e8 b9 72 43 8c 40 13 22 1d ef ee
    bd 87 0d 79 58 e9 56 b0 a6 51 4e e3 15 4b 80 2d
    0d ec 12 2a 9a 40 c2 e7 a8 2e 0c de 2b 22 95 af
    ad ed 63 cb cd ee f9 35 d9 12 c8 b1 7e f2 5e 03
    d9 a7 df 2a de 28 51 9c 71 67 fb b7 5a a9 64 b2
    e7 0a 2b ab 41 4e 7e 57 3c 53 39 a4 b4 ad 2a a4
    9f a5 d5 7c ee f4 1f a0 67 a4 ea cd b6 6d 5c 12
    90 1b 7a 35 10 7e 96 e1 7f 95 53 09 5f d0 07 02
    1c da 2d 23 50 72 65 09 8d e5 34 da 03 64 f9 90
    e9 1a fa 22 92 40 ec 6f 89 28 24 e3 e9 f6 54 0b
    21 e2 eb 83 55 38 99 35 1c 1d 07 7d b6 17 79 10
    69 30 ff c9 e1 f1 02 b1 d9 48 21 68 96 13 cd 33
    ab 8d 33 4a f9 61 41 a2 7d 88 48 43 f1 71 46 1a
    2a 11 86 4f 75 ee e1 8c 99 9d ab 6a 9d 1a dd e3
    1e 67 f9 20 08 21 42 48 ce d9 fe 1d 53 b0 76 89
    38 f6 ab 51 a5 21 ab b2 47 50 07 b1 1f 29 30 ab
    5f 1c fd 30 9f b0 f4 34 3c 77 94 10 23 fd 9d 2e
    5c e9 c8 ce ba a7 9c 13 9c 05 2c 14 66 ae 87 15
    64 51 06 63 13 4d a4 fe 8a 67 c2 b1 d6 ca c0 6b
    81 9c e7 f0 1d 4e 97 c2 f3 47 94 17 59 1c 72 46
    2e 4f b0 bc 1e 8c ea 1b e6 d1 77 4f a6 63 59 95
    19 ad b8 21 e5 bc 2a 26 42 e9 90 24 c2 ee 6b 6c
    3a 84 ba 1c 91 ce 52 32 47 72 88 49 80 65 45 89
    f0 c3 54 b6 eb 4e a4 f9 78 66 71 35 5b 2d ad 37
    ae d8 5b 40 d6 c9 e2 da 16 20 9a bd 19 65 3d 5b
    8b 9d 43 d6 99 fc eb 2a 58 fe 03 6a f7 e3 45 5f
    45 95 53 3c 68 4a 42 cc 7b 43 d0 89 45 17 d2 f0
    06 90 25 bc a6 f8 70 9a d4 a4 6e ce 51 9a 58 d9
    d2 24 8a fd 79 ee 5d 25 bd cb a1 55 80 65 30 11
    cd ac e8 b1 9e f7 fc 59 fd 64 84 b2 d6 30 5d 68
    f1 c9 63 2d b6 22 0f 91 70 57 cf 92 f7 5e 4c 93
    f8 e3 a5 23 39 42 04 a1 31 2c 0a 46 71 38 02 38
    34 46 64 61 74 65 a2 49 38 a0 9c b1 8a 2f 2c 69
    ed 6c 57 87 e7 2d ad 87 43 d9 32 d5 aa 1f 37 69
    bc 64 3e 16 35 e4 79 a6 f9 5c 0a 02 35 c4 7d dc
    f4 a1 77 ba cb 57 a0 c5 72 09 ad 67 36 21 53 c6
    20 b9 21 84 56 09 98 e9 43 d9 d3 63 9a 13 d1 a7
    37 5d be 84 dd 1d 7a 3e b0 06
<<< TLS 1.2, RecordHeader [length 0005]
    17 03 03 00 17
<<< TLS 1.3, InnerContent [length 0001]
    16
<<< TLS 1.3, Handshake [length 0006], EncryptedExtensions
    08 00 00 02 00 00
<<< TLS 1.2, RecordHeader [length 0005]
    17 03 03 03 47
<<< TLS 1.3, InnerContent [length 0001]
    16
<<< TLS 1.3, Handshake [length 0336], Certificate
    0b 00 03 32 00 00 03 2e 00 03 29 30 82 03 25 30
    82 02 0d a0 03 02 01 02 02 01 02 30 0d 06 09 2a
    86 48 86 f7 0d 01 01 0b 05 00 30 12 31 10 30 0e
    06 03 55 04 03 0c 07 52 6f 6f 74 20 43 41 30 20
    17 0d 31 36 30 31 31 34 32 32 32 39 34 36 5a 18
    0f 32 31 31 36 30 31 31 35 32 32 32 39 34 36 5a
    30 19 31 17 30 15 06 03 55 04 03 0c 0e 73 65 72
    76 65 72 2e 65 78 61 6d 70 6c 65 30 82 01 22 30
    0d 06 09 2a 86 48 86 f7 0d 01 01 01 05 00 03 82
    01 0f 00 30 82 01 0a 02 82 01 01 00 d5 5d 60 6a
    df fc 61 ee 48 aa 8c 11 48 43 a5 6d b6 52 5d aa
    98 49 b1 61 92 35 b1 fc 3a 04 25 0c 6d 79 ff b4
    d5 c9 e9 5c 1c 3b e0 ab b3 b8 7d a3 de 6d bd e0
    dd d7 5a bf 14 47 11 42 5e a6 82 d0 61 c1 7f dd
    13 46 e6 09 85 07 0e f2 d4 fc 1a 64 d2 0a ad 20
    ab 20 6b 96 f0 ad cc c4 19 53 55 dc 01 1d a4 b3
    ef 8a b4 49 53 5d 8a 05 1c f1 dc e1 44 bf c5 d7
    e2 77 19 57 5c 97 0b 75 ee 88 43 71 0f ca 6c c1
    b4 b2 50 a7 77 46 6c 58 0f 11 bf f1 76 24 5a ae
    39 42 b7 51 67 29 e1 d0 55 30 6f 17 e4 91 ea ad
    f8 28 c2 43 6f a2 64 a9 fb 9d 98 92 62 48 3e eb
    0d 4f 82 4a 8a ff 3f 72 ee 96 b5 ae a1 c1 98 ba
    ef 7d 90 75 6d ff 5a 52 9e ab f5 c0 7e d0 87 43
    db 85 07 07 0f 7d 38 7a fd d1 d3 ee 65 1d d3 ea
    39 6a 87 37 ee 4a d3 e0 0d 6e f5 70 ac c2 bd f1
    6e f3 92 95 5e a9 f0 a1 65 95 93 8d 02 03 01 00
    01 a3 7d 30 7b 30 1d 06 03 55 1d 0e 04 16 04 14
    c0 e7 84 bf e8 59 27 33 10 b0 52 4f 51 52 2f 06
    d6 c0 7a cd 30 1f 06 03 55 1d 23 04 18 30 16 80
    14 70 7f 2e ae 83 68 59 98 04 23 2a cd eb 3e 17
    cd 24 dd 01 49 30 09 06 03 55 1d 13 04 02 30 00
    30 13 06 03 55 1d 25 04 0c 30 0a 06 08 2b 06 01
    05 05 07 03 01 30 19 06 03 55 1d 11 04 12 30 10
    82 0e 73 65 72 76 65 72 2e 65 78 61 6d 70 6c 65
    30 0d 06 09 2a 86 48 86 f7 0d 01 01 0b 05 00 03
    82 01 01 00 7b d3 04 43 75 8a 0f 11 ae c4 fb d7
    a1 a2 9e fe 20 18 d5 f4 2f 31 88 46 b6 75 8c ee
    e5 9b 97 a6 b9 a3 cd 60 9a 46 c3 48 97 e5 97 68
    f7 5a 86 35 73 d9 69 9e f9 5f 74 b9 e6 94 13 01
    cb 6a dc e3 c4 04 e9 65 da 9c a4 8b 28 f3 f9 9a
    7f bf 97 1f 45 92 e5 05 b1 56 e6 0b f6 47 de 1e
    89 b6 2b e1 4d df 4a 7e 01 d3 23 dc 97 8c 47 fe
    5f c7 cc 98 46 0e c4 83 5b ca 8a f1 52 09 be 6b
    ec 3f 09 8b d0 93 02 bf e1 51 e7 d1 7e 34 56 19
    74 d0 ff 28 25 de b7 9f 56 52 91 7d 20 29 85 0a
    80 44 5f 71 32 25 71 0f c2 16 e2 5f 6b 1d 3f 32
    5b 0a 3c 74 1c b9 62 f1 ed 07 50 a3 6d b4 b4 31
    0a c0 53 44 6a 3a 88 84 8b 2d a9 b0 37 8e e6 18
    36 bd 9a 20 40 0f 01 92 8b 3d aa 61 e7 ae 2c ed
    36 cd 3a 07 86 74 3a 29 b3 d7 3a b4 00 a9 c2 f5
    92 78 0e e2 0f a3 fe bb be e0 06 53 84 59 1d 90
    69 e5 b6 f9 00 00
<<< TLS 1.2, RecordHeader [length 0005]
    17 03 03 01 19
<<< TLS 1.3, InnerContent [length 0001]
    16
<<< TLS 1.3, Handshake [length 0108], CertificateVerify
    0f 00 01 04 08 04 01 00 05 1c c0 57 9d 37 64 8e
    29 dd 2a 0d 93 76 a3 9e dd df e9 7f 15 d2 ac 3c
    67 fb 65 09 9b e3 7a eb 61 df fa fb 78 13 c1 1d
    67 4d c9 8a da fa 36 bc e4 05 c9 b4 fc a3 eb 5f
    a9 19 4d 82 c0 f4 11 a9 02 a9 b9 2d 4d b5 2a 78
    a1 c6 10 20 81 08 17 db 18 9c a5 c8 d5 ea c9 17
    79 49 a2 45 8d 25 03 c3 da 47 e9 d7 17 5d fb 58
    4d 44 f2 19 79 8a f3 44 dd 66 6a 57 7e 06 bb c1
    42 74 5c 52 1e 66 ff 5e b6 ee 32 bf 41 d0 98 f2
    0f c8 4d 34 71 1b e6 02 9a 9a 9f fd 87 27 9e 80
    dd 89 a0 e3 43 04 e4 f5 96 20 20 9b 08 c1 76 22
    34 1e 86 07 7e 6b f5 2d 8b 37 da 4e e8 db 90 62
    39 f7 30 48 ee 6f e4 a7 ad c4 0e c7 07 63 3a 02
    cc 02 03 f2 77 bd 67 51 7c 76 a6 a0 e0 37 80 4a
    98 eb 95 6b a6 6a e9 1e 61 9a 88 6c d2 d7 60 0e
    75 c1 79 64 97 ea 13 38 6f 10 d1 f3 82 3c 2d a4
    40 7c a7 99 f1 2a 30 9e
<<< TLS 1.2, RecordHeader [length 0005]
    17 03 03 00 45
<<< TLS 1.3, InnerContent [length 0001]
    16
<<< TLS 1.3, Handshake [length 0034], Finished
    14 00 00 30 6d 02 72 fd 19 52 c3 b3 ca 56 68 f2
    50 fe 4e d3 c3 74 04 b0 8d 4e 04 50 24 ae 7c 05
    af c7 b4 a9 41 ac 5a 7d 03 60 73 79 fe d4 08 75
    47 9c 89 45
>>> TLS 1.2, RecordHeader [length 0005]
    17 03 03 00 45
>>> TLS 1.2, InnerContent [length 0001]
    16
>>> TLS 1.3, Handshake [length 0034], Finished
    14 00 00 30 d1 ba c3 6b e3 fd 21 97 73 82 00 c2
    d1 c7 3f 37 0d fc 99 19 54 79 aa d4 68 f0 49 3a
    f7 9a 9b 27 08 61 1a 2a cf c3 7b d6 47 d7 10 00
    e8 f8 a2 dd
---
Certificate chain
 0 s:CN=server.example
   i:CN=Root CA
   a:PKEY: RSA, 2048 (bit); sigalg: sha256WithRSAEncryption
   v:NotBefore: Jan 14 22:29:46 2016 GMT; NotAfter: Jan 15 22:29:46 2116 GMT
---
Server certificate
-----BEGIN CERTIFICATE-----
MIIDJTCCAg2gAwIBAgIBAjANBgkqhkiG9w0BAQsFADASMRAwDgYDVQQDDAdSb290
IENBMCAXDTE2MDExNDIyMjk0NloYDzIxMTYwMTE1MjIyOTQ2WjAZMRcwFQYDVQQD
DA5zZXJ2ZXIuZXhhbXBsZTCCASIwDQYJKoZIhvcNAQEBBQADggEPADCCAQoCggEB
ANVdYGrf/GHuSKqMEUhDpW22Ul2qmEmxYZI1sfw6BCUMbXn/tNXJ6VwcO+Crs7h9
o95tveDd11q/FEcRQl6mgtBhwX/dE0bmCYUHDvLU/Bpk0gqtIKsga5bwrczEGVNV
3AEdpLPvirRJU12KBRzx3OFEv8XX4ncZV1yXC3XuiENxD8pswbSyUKd3RmxYDxG/
8XYkWq45QrdRZynh0FUwbxfkkeqt+CjCQ2+iZKn7nZiSYkg+6w1PgkqK/z9y7pa1
rqHBmLrvfZB1bf9aUp6r9cB+0IdD24UHBw99OHr90dPuZR3T6jlqhzfuStPgDW71
cKzCvfFu85KVXqnwoWWVk40CAwEAAaN9MHswHQYDVR0OBBYEFMDnhL/oWSczELBS
T1FSLwbWwHrNMB8GA1UdIwQYMBaAFHB/Lq6DaFmYBCMqzes+F80k3QFJMAkGA1Ud
EwQCMAAwEwYDVR0lBAwwCgYIKwYBBQUHAwEwGQYDVR0RBBIwEIIOc2VydmVyLmV4
YW1wbGUwDQYJKoZIhvcNAQELBQADggEBAHvTBEN1ig8RrsT716Ginv4gGNX0LzGI
RrZ1jO7lm5emuaPNYJpGw0iX5Zdo91qGNXPZaZ75X3S55pQTActq3OPEBOll2pyk
iyjz+Zp/v5cfRZLlBbFW5gv2R94eibYr4U3fSn4B0yPcl4xH/l/HzJhGDsSDW8qK
8VIJvmvsPwmL0JMCv+FR59F+NFYZdND/KCXet59WUpF9ICmFCoBEX3EyJXEPwhbi
X2sdPzJbCjx0HLli8e0HUKNttLQxCsBTRGo6iISLLamwN47mGDa9miBADwGSiz2q
YeeuLO02zToHhnQ6KbPXOrQAqcL1kngO4g+j/ru+4AZThFkdkGnltvk=
-----END CERTIFICATE-----
subject=CN=server.example
issuer=CN=Root CA
---
No client certificate CA names sent
Peer signing digest: SHA256
Peer signature type: rsa_pss_rsae_sha256
Negotiated TLS1.3 group: X25519MLKEM768
---
SSL handshake has read 2546 bytes and written 1702 bytes
Verification error: unable to verify the first certificate
---
New, TLSv1.3, Cipher is TLS_AES_256_GCM_SHA384
Protocol: TLSv1.3
Server public key is 2048 bit
This TLS version forbids renegotiation.
Compression: NONE
Expansion: NONE
No ALPN negotiated
Early data was not sent
Verify return code: 21 (unable to verify the first certificate)
---
>>> TLS 1.2, RecordHeader [length 0005]
    17 03 03 00 13
>>> TLS 1.2, InnerContent [length 0001]
    15
>>> TLS 1.3, Alert [length 0002], warning close_notify
    01 00
Connecting to 127.0.0.1
SSL_connect:before SSL initialization
SSL_connect:SSLv3/TLS write client hello
SSL_connect:SSLv3/TLS write client hello
SSL_connect:SSLv3/TLS read server hello
SSL_connect:SSLv3/TLS write change cipher spec
SSL_connect:SSLv3/TLS write client hello
SSL_connect:SSLv3/TLS write client hello
SSL_connect:SSLv3/TLS read server hello
Can't use SSL_get_servername
SSL_connect:TLSv1.3 read encrypted extensions
depth=0 CN=server.example
verify error:num=20:unable to get local issuer certificate
verify return:1
depth=0 CN=server.example
verify error:num=21:unable to verify the first certificate
verify return:1
depth=0 CN=server.example
verify return:1
SSL_connect:SSLv3/TLS read server certificate
SSL_connect:TLSv1.3 read server certificate verify
SSL_connect:SSLv3/TLS read finished
SSL_connect:SSLv3/TLS write finished
DONE
SSL3 alert write:warning:close notify
