CONNECTED(00000003)
>>> TLS 1.0, RecordHeader [length 0005]
    16 03 01 00 d6
>>> TLS 1.3, Handshake [length 00d6], ClientHello
    01 00 00 d2 03 03 dc c1 d6 17 2a 06 5b 73 38 e5
    18 5b 0d 7d df 22 fe 19 ae 00 b9 e2 b9 b6 5c 3c
    1b 82 44 c0 22 14 20 21 50 b2 e5 97 fc 8d 2d 2f
    4d d1 e4 43 b9 e5 3d 34 e9 de 5a ae cb 72 7c 9b
    41 85 a0 eb 38 85 7e 00 06 13 02 13 03 13 01 01
    00 00 83 00 0b 00 04 03 00 01 02 00 0a 00 06 00
    04 00 1d 11 ec 00 23 00 00 00 16 00 00 00 17 00
    00 00 0d 00 2a 00 28 09 05 09 06 09 04 04 03 05
    03 06 03 08 07 08 08 08 1a 08 1b 08 1c 08 09 08
    0a 08 0b 08 04 08 05 08 06 04 01 05 01 06 01 00
    2b 00 03 02 03 04 00 2d 00 02 01 01 00 33 00 26
    00 24 00 1d 00 20 c3 1c 81 e5 95 62 fc 28 76 a1
    05 80 4c c3 a9 73 4d 02 ee 5a 1e f5 22 ba df e0
    16 3f a7 a5 fd 57
<<< TLS 1.2, RecordHeader [length 0005]
    16 03 03 00 58
<<< TLS 1.3, Handshake [length 0058], ServerHello
    02 00 00 54 03 03 cf 21 ad 74 e5 9a 61 11 be 1d
    8c 02 1e 65 b8 91 c2 a2 11 16 7a bb 8c 5e 07 9e
    09 e2 c8 a8 33 9c 20 21 50 b2 e5 97 fc 8d 2d 2f
    4d d1 e4 43 b9 e5 3d 34 e9 de 5a ae cb 72 7c 9b
    41 85 a0 eb 38 85 7e 13 02 00 00 0c 00 2b 00 02
    03 04 00 33 00 02 11 ec
>>> TLS 1.2, RecordHeader [length 0005]
    14 03 03 00 01
>>> TLS 1.3, ChangeCipherSpec [length 0001]
    01
>>> TLS 1.2, RecordHeader [length 0005]
    16 03 03 05 76
>>> TLS 1.3, Handshake [length 0576], ClientHello
    01 00 05 72 03 03 dc c1 d6 17 2a 06 5b 73 38 e5
    18 5b 0d 7d df 22 fe 19 ae 00 b9 e2 b9 b6 5c 3c
    1b 82 44 c0 22 14 20 21 50 b2 e5 97 fc 8d 2d 2f
    4d d1 e4 43 b9 e5 3d 34 e9 de 5a ae cb 72 7c 9b
    41 85 a0 eb 38 85 7e 00 06 13 02 13 03 13 01 01
    00 05 23 00 0b 00 04 03 00 01 02 00 0a 00 06 00
    04 00 1d 11 ec 00 23 00 00 00 16 00 00 00 17 00
    00 00 0d 00 2a 00 28 09 05 09 06 09 04 04 03 05
    03 06 03 08 07 08 08 08 1a 08 1b 08 1c 08 09 08
    0a 08 0b 08 04 08 05 08 06 04 01 05 01 06 01 00
    2b 00 03 02 03 04 00 2d 00 02 01 01 00 33 04 c6
    04 c4 11 ec 04 c0 59 80 4c eb 42 76 3a a4 b0 ae
    93 ac cc 6a 2b 20 f7 74 ac 6b 9b 47 75 92 bd 92
    7e c1 1b bc 8b 28 7b 30 d1 8d a3 db 5a 12 81 aa
    fb 26 90 50 61 78 fd 00 20 f7 f6 c4 b3 59 25 0d
    95 31 26 a9 5e 19 d8 77 83 52 b6 b5 30 59 6a 02
    7a 75 d9 6c 51 bc 43 02 87 63 68 9a 3e 23 e0 9c
    3f d7 7b e9 63 aa 02 2c 9d f3 93 57 85 6c 96 c0
    4b 9e cb b2 75 4f 73 64 1a 75 b7 a0 97 b5 83 d2
    bb 52 7b a3 1f 46 46 fe b7 79 bb a2 3d 8b a1 94
    8f 47 9e 9f 24 54 ad a2 4e 97 96 53 f7 c8 32 e8
    ca bf ad ea 0b 74 c7 af b8 95 6e 7a 8b 3f a7 f5
    9f 0a 40 87 0a ea af bc 1a 15 84 82 8b 2a 3a 40
    c1 88 3c 8b 31 cd 91 fa b0 2d fa cc 0b c0 90 f7
    13 80 4a 05 ba 8a d2 51 22 8c 7f 86 f5 bb 8c 7a
    5b e2 d6 c0 64 77 6c 5e 94 c7 22 f0 81 57 32 83
    89 43 a2 31 b6 6c 26 30 7f ee 69 cb 8c 25 5b d7
    3a 94 6a 64 4e 04 c1 6e 2b 14 ca 9a 36 73 e0 00
    d0 58 99 87 bb 34 70 7a a2 18 4e f9 9d d8 f7 93
    59 c1 85 c4 8a 59 ff b1 0e ff b0 4b 57 57 08 a6
    c2 a9 07 55 7c 3d 72 49 2b 23 a6 d8 76 3a f3 45
    48 63 67 79 9a 86 b6 7b f3 09 64 00 80 ce 29 80
    05 78 37 ff 07 5e 5b f4 73 07 67 23 6b 69 1c a6
    5b cd 1b 31 46 35 a1 56 62 d6 48 59 e4 85 d0 28
    49 22 7b 25 d2 96 a7 52 a1 0b fc ab 95 8d 02 12
    ca 2a b4 ec 90 bd 63 99 42 f2 09 cd a7 d5 11 42
    41 1b be 80 78 9d f2 51 21 b0 9b ef cb a2 9f 26
    2a 0d f5 76 f5 41 9b a0 f0 bf 37 f9 48 71 2a ad
    54 d6 97 f5 08 6a 72 03 14 f5 3c 0e 3f e7 00 22
    c3 8e a0 bb 08 ee 88 3a d2 db 8f 17 12 ca 12 88
    bc d0 b8 22 3a 6c c5 be aa 71 17 3a 9b bf 5c 9b
    50 18 3a 1c d4 ac 30 1c b0 26 c1 8b 2a 19 4f 94
    06 15 85 ca 92 b5 e7 c3 db 15 3d f9 cb 6a 1b 45
    20 79 87 96 e6 c2 86 d5 79 92 5b fb be 29 68 c6
    97 7b 25 2a 6a 59 5b 09 19 da 66 35 b7 3c 2a 3b
    49 a1 06 52 5b 16 3a 40 99 82 06 85 5b 56 32 79
    20 2b 34 5d 33 19 5e 3e 64 a2 72 68 67 39 b9 63
    0d 24 7a 48 33 58 cc b1 9e 25 e2 65 45 88 83 48
    50 22 06 50 48 00 e6 ab 9b e5 90 78 89 31 66 a4
    c1 41 00 3a 6d 1a 73 fa 98 4b cb dc 4d 2d 9c 7c
    62 81 99 53 80 a8 ec 4a b0 6b c3 81 3f d4 66 b0
    74 3d 84 45 8f e0 11 9c 40 46 b0 84 36 28 4d 07
    53 85 41 5b 95 a1 91 db 76 82 ab 37 4d f0 d4 5d
    4d c4 6a d0 9b 21 3a 94 6d 5e 8b 2c 18 86 78 77
    12 72 ae 11 5c 2c a9 ba e8 a7 8f 17 72 86 6e 33
    bc 50 62 ad f4 d5 47 b9 35 a9 cd 99 17 99 9c 92
    ef 93 84 0e e7 ae 4b 57 c3 02 38 73 a7 15 c4 b4
    90 3f f0 48 0a 7b 25 6d 54 1a 71 33 f9 0e 83 41
    4d f1 7b 0a 68 9b 06 23 e8 ba 88 bc b7 e8 fc 26
    6b 67 b3 e5 6c 6a 96 57 ce a9 d8 81 02 7c 15 68
    48 9d ac 49 1b e2 ac 7b 6d d9 c0 4b 20 40 14 01
    59 8c 47 7e b0 61 7d 5a d8 5a 45 c2 b2 0d 92 50
    61 39 6b 6c 10 36 24 ca 86 97 50 8f 73 ca 66 7e
    82 b5 1f 57 05 ea 26 9f e9 c3 ab 90 60 45 2d 91
    79 44 a6 16 06 68 30 e5 18 b7 b6 a1 11 7e e3 5d
    f4 31 8f c4 92 24 74 97 97 96 3a 36 41 68 34 9c
    82 c0 74 83 1e 93 6c 0f cb 2c 0b 7b e4 39 5e 60
    25 0e a9 66 ad c1 17 f5 20 a0 5d 31 2b 01 67 73
    6f 19 ad c5 27 1a 46 34 6f 8b ca a9 fe b9 2c d0
    43 01 1c 51 2f 58 26 99 7f 40 42 63 58 76 1b 88
    80 4c 10 62 d6 62 a9 36 96 65 56 08 65 19 09 0a
    c3 06 57 68 48 c3 3b 77 6a a7 76 a8 e4 94 85 65
    53 32 4c 9c 28 34 4a b5 0c 6a 31 55 52 47 da 18
    02 7c 7c 03 c3 a4 53 90 56 2d 5b e2 3a 07 d5 5e
    87 bc 6b a0 68 a5 c8 23 1f e5 3b 3f 64 31 c4 24
    5a 93 39 66 6f 15 73 28 60 94 be a3 69 aa 18 09
    74 5e cb 83 25 e2 5b 3b 7a 58 b1 29 ac de b2 32
    68 08 12 06 bc 45 ec f2 7e 75 9c 45 7a 50 a0 77
    d7 b0 32 11 b3 b6 80 cb 9e ac 11 05 dc 46 b9 e0
    3c c0 8a 16 7d 82 cb 9c a5 3b c0 37 2c 00 07 7c
    92 47 bb ea d4 b7 e7 64 c9 f5 d6 87 a7 e8 39 90
    66 10 e2 e4 07 a6 d7 24 8b 41 85 f1 1a 11 90 e3
    38 5c a3 b7 a6 72 8e c2 57 8f 57 9c cd e9 a4 c1
    f6 da 31 f9 51 96 55 3c ff 12 82 b4 80 52 eb 36
    f3 41 d1 92 e0 11 0e 82 fa d2 59 27 07 56 2d b2
    35 df bd 75 5c a8 f5 8f 78 63 32 ef 8e de 7a 0c
    14 b8 77 76 5e 71 f4 8b ed b8 87 00 4b 22 f7 b9
    67 8c a5 38 99 1f
<<< TLS 1.2, RecordHeader [length 0005]
    14 03 03 00 01
<<< TLS 1.3, ChangeCipherSpec [length 0001]
    01
<<< TLS 1.2, RecordHeader [length 0005]
    16 03 03 04 ba
<<< TLS 1.3, Handshake [length 04ba], ServerHello
    02 00 04 b6 03 03 a1 4a ba 7c f3 bf 45 ab 92 c3
    02 2e bf 5b 39 be 6d 54 0a 48 b2 5f d8 1d 82 cf
    f9 a4 bf ce 1b 05 20 21 50 b2 e5 97 fc 8d 2d 2f
    4d d1 e4 43 b9 e5 3d 34 e9 de 5a ae cb 72 7c 9b
    41 85 a0 eb 38 85 7e 13 02 00 04 6e 00 2b 00 02
    03 04 00 33 04 64 11 ec 04 60 e9 6b 26 a2 ba f0
    d7 4d af 22 c0 e5 c5 ae 64 a1 3e 08 42 e5 96 f2
    c0 54 36 33 58 67 9a 9e ff 08 36 ab 22 20 6d 46
    ef a3 b5 49 e4 b8 15 ac 1e 6b af ef 7a f8 cb 97
    f8 ce 97 27 d7 b0 52 d1 e0 5c 2b 1e 22 07 da c4
    be c7 c2 4e 5a 4d 9d c6 f0 0e f6 62 df 8c de bb
    db 19 92 a4 30 04 a3 c1 a2 4b 78 31 3f 3e 55 4a
    fd 73 49 d8 e0 78 b8 1d 9e 43 7a 78 d2 33 79 bc
    47 a4 1c ec 32 27 bc 85 b1 57 af b0 fe 95 b3 b5
    c6 d4 32 08 62 14 15 d0 d5 a7 26 0a 45 d9 32 59
    ab 44 75 3f 18 96 c4 12 f9 9d 25 44 80 3c a0 2c
    d7 10 60 2a 07 18 96 eb d5 22 cc 8d dd 67 05 9e
    a2 7d e4 3f ea de 78 ea c0 b4 c9 7e 73 90 f8 0d
    3a 78 9d eb a2 6d a0 69 46 42 81 f3 94 eb 27 fd
    ac 3a ca 93 8b 28 04 aa df 7d 04 84 61 57 fd 62
    bd 4c ad 71 d9 2e e5 89 91 05 3b 84 98 43 57 a0
    93 15 a6 5c 46 f0 13 d1 20 8d dc 08 37 7f 18 0d
    28 22 d7 b7 41 82 da 22 85 15 65 0b fa c4 2c 3d
    3e 99 05 fb 3f c0 a9 ca 0e 12 4c 48 b5 b5 cc fb
    54 72 64 86 a3 c5 82 0a 6f e3 b1 d6 a4 ef 1a 5d
    07 2c c8 43 7c 3e 1e 8b 49 e9 f9 82 f6 be 47 f8
    0f 0d e5 30 7e ca b2 6e 78 ed 30 64 bc e4 99 8f
    60 47 92 be 90 45 eb 2e 03 b3 89 cd c7 83 2f 8b
    99 07 3c 6b f2 f1 f9 d0 6d bf c7 9a 9a 2a 9d 3b
    a3 cd e3 40 80 61 39 63 a7 67 20 61 57 f0 f7 47
    19 56 f2 dd 84 d2 d1 d3 3e 1f aa 49 3d 60 27 87
    82 de 6c 53 02 2d f4 96 1f ad df 08 bc c2 4d 60
    05 c4 b5 96 dd f5 1e 78 49 d0 fc 52 94 8d f6 ee
    bc e8 12 49 49 1e ba b5 e1 76 aa e6 81 f0 e0 1e
    8f 89 04 da 3c d4 90 af ed a1 6f ce c4 bf c4 db
    02 36 2c e0 68 ff f0 d6 82 1a c2 e1 5c 93 80 f0
    2d 86 b7 34 b9 04 98 2b 76 73 a7 6c 82 63 e4 c9
    67 77 c1 77 33 98 0e 81 2e 5a 11 90 21 b1 3b d8
    39 82 fc 29 74 09 8a 42 36 86 cd f0 22 e0 b7 e8
    84 50 02 bf 64 ee b9 6f c5 da ee 69 ed 69 fb e8
    1e 2b 88 85 66 89 b7 ad 84 9b 5b 74 49 4d fc 3c
    ad ab 06 cc 4d 16 02 d2 bb 36 d2 6b f3 0b 38 d3
    53 2c 0c 80 a1 1d 6f 8f c6 70 1e 09 64 6b 8e f5
    07 ff 9d ef c2 70 26 a3 d9 68 fa 3a f0 74 d2 24
    67 9a c5 15 d7 1d 8c c7 f9 db 65 3d 16 22 f4 3e
    55 82 e4 1e 5d e1 ad d2 5d ad a7 32 b6 90 a4 35
    4e 54 31 88 9e 93 b9 84 3e 56 55 c2 ce e6 32 30
    87 48 a3 0d 18 51 d5 7e 30 be aa 4c 80 df 16 0b
    d4 40 11 86 a4 92 46 e0 b3 af 11 59 0d a5 cd 6c
    d1 ac cf 37 80 51 bc 7b 92 fa 81 2d 7d 25 e6 af
    30 e0 89 b2 a1 68 dd 81 18 7e 5a 22 20 78 14 60
    71 87 2d f5 d3 b0 fd 4b 65 71 da 9c 1d 8e a9 42
    9e 34 2e 07 8e b8 2a d0 29 f2 78 f6 9f d9 09 40
    50 c6 9a 54 0a 53 a0 87 8d d5 26 57 3a 2f bb 6a
    d1 5a 58 4a 4d a7 9d de 05 3c c9 79 42 c4 8d ab
    b6 70 71 49 cf b7 13 9c 4d 19 61 d5 27 ea fd 1d
    25 c5 aa 80 4b c4 92 96 39 d2 e5 12 7e 11 fa d3
    e8 70 d1 a4 02 b8 32 5b 14 21 8e 0f d1 40 18 b9
    51 8d 26 35 94 d4 58 e0 12 ee 7f 15 24 36 1f 4f
    be d7 a3 d4 50 d8 5d 27 91 7b df e5 2e 54 ac 9d
    5c e7 72 55 ca e5 58 66 59 36 da d9 3d 68 80 5c
    d3 b7 31 b1 bd 70 a9 5d a5 13 97 5b d3 b1 0c e2
    79 d0 71 98 0f 6f 9f a6 49 91 59 ea 7b f0 92 34
    15 4d 16 59 83 47 e6 f4 8f 8e a1 77 62 38 91 44
    3e c1 15 a2 23 1b e9 70 28 3d 96 36 1c cb 7c cb
    9f aa f3 07 8e 9e a8 7f 54 7b d3 9d 88 49 5f 2d
    f9 3d 26 e0 4d e6 6b 8b fd 0d 09 a1 26 49 b3 06
    b3 7e e6 a6 e3 5c ff 95 59 7a 9f ab 6a 4d 99 fc
    1c 93 1f 4d 63 00 7e 72 46 45 cd a6 30 0f 9a 0c
    aa f5 74 8e f7 9e 34 56 76 8e 3e d6 eb 63 17 20
    c7 df 84 73 37 ac 4f f2 d1 4a b1 52 ca b5 43 61
    59 92 22 79 0f bb 60 ec 1e 50 fd 47 66 9d c9 dd
    19 bd be 5c cd e1 cb fd da b2 45 df ed f0 da de
    9f 23 ea 1b 12 d8 c0 86 21 40 4a 79 f8 1a 32 1a
    fe 39 d0 25 79 0c 31 b8 13 c7 6d da c4 f6 8a 1c
    21 65 13 28 26 e6 b0 ab 38 5c
<<< TLS 1.2, RecordHeader [length 0005]
    17 03 03 00 17
<<< TLS 1.3, InnerContent [length 0001]
    16
<<< TLS 1.3, Handshake [length 0006], EncryptedExtensions
    08 00 00 02 00 00
<<< TLS 1.2, RecordHeader [length 0005]
    17 03 03 03 47
<<< TLS 1.3, InnerContent [length 0001]
    16
<<< TLS 1.3, Handshake [length 0336], Certificate
    0b 00 03 32 00 00 03 2e 00 03 29 30 82 03 25 30
    82 02 0d a0 03 02 01 02 02 01 02 30 0d 06 09 2a
    86 48 86 f7 0d 01 01 0b 05 00 30 12 31 10 30 0e
    06 03 55 04 03 0c 07 52 6f 6f 74 20 43 41 30 20
    17 0d 31 36 30 31 31 34 32 32 32 39 34 36 5a 18
    0f 32 31 31 36 30 31 31 35 32 32 32 39 34 36 5a
    30 19 31 17 30 15 06 03 55 04 03 0c 0e 73 65 72
    76 65 72 2e 65 78 61 6d 70 6c 65 30 82 01 22 30
    0d 06 09 2a 86 48 86 f7 0d 01 01 01 05 00 03 82
    01 0f 00 30 82 01 0a 02 82 01 01 00 d5 5d 60 6a
    df fc 61 ee 48 aa 8c 11 48 43 a5 6d b6 52 5d aa
    98 49 b1 61 92 35 b1 fc 3a 04 25 0c 6d 79 ff b4
    d5 c9 e9 5c 1c 3b e0 ab b3 b8 7d a3 de 6d bd e0
    dd d7 5a bf 14 47 11 42 5e a6 82 d0 61 c1 7f dd
    13 46 e6 09 85 07 0e f2 d4 fc 1a 64 d2 0a ad 20
    ab 20 6b 96 f0 ad cc c4 19 53 55 dc 01 1d a4 b3
    ef 8a b4 49 53 5d 8a 05 1c f1 dc e1 44 bf c5 d7
    e2 77 19 57 5c 97 0b 75 ee 88 43 71 0f ca 6c c1
    b4 b2 50 a7 77 46 6c 58 0f 11 bf f1 76 24 5a ae
    39 42 b7 51 67 29 e1 d0 55 30 6f 17 e4 91 ea ad
    f8 28 c2 43 6f a2 64 a9 fb 9d 98 92 62 48 3e eb
    0d 4f 82 4a 8a ff 3f 72 ee 96 b5 ae a1 c1 98 ba
    ef 7d 90 75 6d ff 5a 52 9e ab f5 c0 7e d0 87 43
    db 85 07 07 0f 7d 38 7a fd d1 d3 ee 65 1d d3 ea
    39 6a 87 37 ee 4a d3 e0 0d 6e f5 70 ac c2 bd f1
    6e f3 92 95 5e a9 f0 a1 65 95 93 8d 02 03 01 00
    01 a3 7d 30 7b 30 1d 06 03 55 1d 0e 04 16 04 14
    c0 e7 84 bf e8 59 27 33 10 b0 52 4f 51 52 2f 06
    d6 c0 7a cd 30 1f 06 03 55 1d 23 04 18 30 16 80
    14 70 7f 2e ae 83 68 59 98 04 23 2a cd eb 3e 17
    cd 24 dd 01 49 30 09 06 03 55 1d 13 04 02 30 00
    30 13 06 03 55 1d 25 04 0c 30 0a 06 08 2b 06 01
    05 05 07 03 01 30 19 06 03 55 1d 11 04 12 30 10
    82 0e 73 65 72 76 65 72 2e 65 78 61 6d 70 6c 65
    30 0d 06 09 2a 86 48 86 f7 0d 01 01 0b 05 00 03
    82 01 01 00 7b d3 04 43 75 8a 0f 11 ae c4 fb d7
    a1 a2 9e fe 20 18 d5 f4 2f 31 88 46 b6 75 8c ee
    e5 9b 97 a6 b9 a3 cd 60 9a 46 c3 48 97 e5 97 68
    f7 5a 86 35 73 d9 69 9e f9 5f 74 b9 e6 94 13 01
    cb 6a dc e3 c4 04 e9 65 da 9c a4 8b 28 f3 f9 9a
    7f bf 97 1f 45 92 e5 05 b1 56 e6 0b f6 47 de 1e
    89 b6 2b e1 4d df 4a 7e 01 d3 23 dc 97 8c 47 fe
    5f c7 cc 98 46 0e c4 83 5b ca 8a f1 52 09 be 6b
    ec 3f 09 8b d0 93 02 bf e1 51 e7 d1 7e 34 56 19
    74 d0 ff 28 25 de b7 9f 56 52 91 7d 20 29 85 0a
    80 44 5f 71 32 25 71 0f c2 16 e2 5f 6b 1d 3f 32
    5b 0a 3c 74 1c b9 62 f1 ed 07 50 a3 6d b4 b4 31
    0a c0 53 44 6a 3a 88 84 8b 2d a9 b0 37 8e e6 18
    36 bd 9a 20 40 0f 01 92 8b 3d aa 61 e7 ae 2c ed
    36 cd 3a 07 86 74 3a 29 b3 d7 3a b4 00 a9 c2 f5
    92 78 0e e2 0f a3 fe bb be e0 06 53 84 59 1d 90
    69 e5 b6 f9 00 00
<<< TLS 1.2, RecordHeader [length 0005]
    17 03 03 01 19
<<< TLS 1.3, InnerContent [length 0001]
    16
<<< TLS 1.3, Handshake [length 0108], CertificateVerify
    0f 00 01 04 08 04 01 00 cd 52 c7 42 73 d4 e5 ea
    21 8f dc 8c 71 a7 c1 5d 85 2d 33 c4 97 54 02 84
    ee d8 e6 00 c0 fe 7b 5c e2 44 e1 1d 8b c4 a3 b9
    9f 8b f0 e1 1f bc 84 77 b0 55 da 92 ca 80 c9 30
    be bd 10 4b e2 05 5f be be 6a d1 2d 41 3e 9d 17
    50 56 a7 69 bd b1 49 20 a4 3f 54 e0 6b 7e 64 80
    fa 06 5d 8c da 93 0b da a4 ae 0b ce 77 90 39 fe
    88 72 07 11 e9 af bd 29 4b 6e 54 76 40 10 29 7a
    7d c3 2a 33 de e5 02 e9 6c 59 c7 d4 6e 69 61 f0
    1d c4 82 5f 6a 6c 5b 65 52 94 67 b3 23 de 62 56
    8e 9a 83 c7 f1 8c 26 16 ed 77 ba 41 bd ce f5 af
    4b 31 e4 13 f3 e4 f6 e8 73 df f5 e3 2c 86 8a 37
    d7 95 09 3e ec ec e6 5f 36 a1 3c 37 b0 14 28 55
    7b a1 11 41 10 02 ac 18 91 5a 9e 03 d4 02 cd 86
    44 40 11 3e d8 1a f6 60 55 10 da b0 00 c8 be 43
    d5 a9 d8 19 77 ae 5f ca dd 21 e6 c7 6f 43 fd a0
    64 71 83 df da 76 b8 a9
<<< TLS 1.2, RecordHeader [length 0005]
    17 03 03 00 45
<<< TLS 1.3, InnerContent [length 0001]
    16
<<< TLS 1.3, Handshake [length 0034], Finished
    14 00 00 30 59 fc c0 a5 16 a4 61 ba 8f 17 e2 77
    db 0e b0 9e 75 3e 78 63 61 54 b0 a5 df 25 23 62
    b9 dc 67 93 60 6c f0 7c 73 6f f5 17 4a e7 b9 2e
    87 f5 5b 8f
>>> TLS 1.2, RecordHeader [length 0005]
    17 03 03 00 45
>>> TLS 1.2, InnerContent [length 0001]
    16
>>> TLS 1.3, Handshake [length 0034], Finished
    14 00 00 30 b7 d5 0f 7b 64 7d 2d 3c 25 80 4b d6
    a1 a0 a6 d6 c5 2e 67 e5 97 c3 7f 65 29 10 84 16
    42 92 94 d3 3c d6 94 fb 52 be 91 7b 33 f4 d1 c2
    70 48 e6 5b
---
Certificate chain
 0 s:CN=server.example
   i:CN=Root CA
   a:PKEY: RSA, 2048 (bit); sigalg: sha256WithRSAEncryption
   v:NotBefore: Jan 14 22:29:46 2016 GMT; NotAfter: Jan 15 22:29:46 2116 GMT
---
Server certificate
-----BEGIN CERTIFICATE-----
MIIDJTCCAg2gAwIBAgIBAjANBgkqhkiG9w0BAQsFADASMRAwDgYDVQQDDAdSb290
IENBMCAXDTE2MDExNDIyMjk0NloYDzIxMTYwMTE1MjIyOTQ2WjAZMRcwFQYDVQQD
DA5zZXJ2ZXIuZXhhbXBsZTCCASIwDQYJKoZIhvcNAQEBBQADggEPADCCAQoCggEB
ANVdYGrf/GHuSKqMEUhDpW22Ul2qmEmxYZI1sfw6BCUMbXn/tNXJ6VwcO+Crs7h9
o95tveDd11q/FEcRQl6mgtBhwX/dE0bmCYUHDvLU/Bpk0gqtIKsga5bwrczEGVNV
3AEdpLPvirRJU12KBRzx3OFEv8XX4ncZV1yXC3XuiENxD8pswbSyUKd3RmxYDxG/
8XYkWq45QrdRZynh0FUwbxfkkeqt+CjCQ2+iZKn7nZiSYkg+6w1PgkqK/z9y7pa1
rqHBmLrvfZB1bf9aUp6r9cB+0IdD24UHBw99OHr90dPuZR3T6jlqhzfuStPgDW71
cKzCvfFu85KVXqnwoWWVk40CAwEAAaN9MHswHQYDVR0OBBYEFMDnhL/oWSczELBS
T1FSLwbWwHrNMB8GA1UdIwQYMBaAFHB/Lq6DaFmYBCMqzes+F80k3QFJMAkGA1Ud
EwQCMAAwEwYDVR0lBAwwCgYIKwYBBQUHAwEwGQYDVR0RBBIwEIIOc2VydmVyLmV4
YW1wbGUwDQYJKoZIhvcNAQELBQADggEBAHvTBEN1ig8RrsT716Ginv4gGNX0LzGI
RrZ1jO7lm5emuaPNYJpGw0iX5Zdo91qGNXPZaZ75X3S55pQTActq3OPEBOll2pyk
iyjz+Zp/v5cfRZLlBbFW5gv2R94eibYr4U3fSn4B0yPcl4xH/l/HzJhGDsSDW8qK
8VIJvmvsPwmL0JMCv+FR59F+NFYZdND/KCXet59WUpF9ICmFCoBEX3EyJXEPwhbi
X2sdPzJbCjx0HLli8e0HUKNttLQxCsBTRGo6iISLLamwN47mGDa9miBADwGSiz2q
YeeuLO02zToHhnQ6KbPXOrQAqcL1kngO4g+j/ru+4AZThFkdkGnltvk=
-----END CERTIFICATE-----
subject=CN=server.example
issuer=CN=Root CA
---
No client certificate CA names sent
Peer signing digest: SHA256
Peer signature type: rsa_pss_rsae_sha256
Negotiated TLS1.3 group: X25519MLKEM768
---
SSL handshake has read 2546 bytes and written 1702 bytes
Verification error: unable to verify the first certificate
---
New, TLSv1.3, Cipher is TLS_AES_256_GCM_SHA384
Protocol: TLSv1.3
Server public key is 2048 bit
This TLS version forbids renegotiation.
Compression: NONE
Expansion: NONE
No ALPN negotiated
Early data was not sent
Verify return code: 21 (unable to verify the first certificate)
---
>>> TLS 1.2, RecordHeader [length 0005]
    17 03 03 00 13
>>> TLS 1.2, InnerContent [length 0001]
    15
>>> TLS 1.3, Alert [length 0002], warning close_notify
    01 00
Connecting to 127.0.0.1
SSL_connect:before SSL initialization
SSL_connect:SSLv3/TLS write client hello
SSL_connect:SSLv3/TLS write client hello
SSL_connect:SSLv3/TLS read server hello
SSL_connect:SSLv3/TLS write change cipher spec
SSL_connect:SSLv3/TLS write client hello
SSL_connect:SSLv3/TLS write client hello
SSL_connect:SSLv3/TLS read server hello
Can't use SSL_get_servername
SSL_connect:TLSv1.3 read encrypted extensions
depth=0 CN=server.example
verify error:num=20:unable to get local issuer certificate
verify return:1
depth=0 CN=server.example
verify error:num=21:unable to verify the first certificate
verify return:1
depth=0 CN=server.example
verify return:1
SSL_connect:SSLv3/TLS read server certificate
SSL_connect:TLSv1.3 read server certificate verify
SSL_connect:SSLv3/TLS read finished
SSL_connect:SSLv3/TLS write finished
DONE
SSL3 alert write:warning:close notify
