CONNECTED(00000003)
>>> TLS 1.0, RecordHeader [length 0005]
    16 03 01 00 d6
>>> TLS 1.3, Handshake [length 00d6], ClientHello
    01 00 00 d2 03 03 cf 75 e6 a4 d5 db bd ce b5 72
    b5 3b 86 d6 01 9c 2d 2f b5 cb 19 d7 0f e9 70 b6
    7e 06 1d 48 16 ec 20 43 ce 3a 73 db e3 24 ab f9
    67 d7 6a 42 8e 52 9e 15 67 5e 26 f3 62 ff e7 cb
    85 98 f9 7d f5 31 b0 00 06 13 02 13 03 13 01 01
    00 00 83 00 0b 00 04 03 00 01 02 00 0a 00 06 00
    04 00 1d 11 ec 00 23 00 00 00 16 00 00 00 17 00
    00 00 0d 00 2a 00 28 09 05 09 06 09 04 04 03 05
    03 06 03 08 07 08 08 08 1a 08 1b 08 1c 08 09 08
    0a 08 0b 08 04 08 05 08 06 04 01 05 01 06 01 00
    2b 00 03 02 03 04 00 2d 00 02 01 01 00 33 00 26
    00 24 00 1d 00 20 a8 49 48 97 ea 18 f9 24 ce 58
    9e 37 16 98 57 bf 64 e2 be 49 b7 5f db c8 03 58
    1a f7 33 27 12 2f
<<< TLS 1.2, RecordHeader [length 0005]
    16 03 03 00 58
<<< TLS 1.3, Handshake [length 0058], ServerHello
    02 00 00 54 03 03 cf 21 ad 74 e5 9a 61 11 be 1d
    8c 02 1e 65 b8 91 c2 a2 11 16 7a bb 8c 5e 07 9e
    09 e2 c8 a8 33 9c 20 43 ce 3a 73 db e3 24 ab f9
    67 d7 6a 42 8e 52 9e 15 67 5e 26 f3 62 ff e7 cb
    85 98 f9 7d f5 31 b0 13 02 00 00 0c 00 2b 00 02
    03 04 00 33 00 02 11 ec
>>> TLS 1.2, RecordHeader [length 0005]
    14 03 03 00 01
>>> TLS 1.3, ChangeCipherSpec [length 0001]
    01
>>> TLS 1.2, RecordHeader [length 0005]
    16 03 03 05 76
>>> TLS 1.3, Handshake [length 0576], ClientHello
    01 00 05 72 03 03 cf 75 e6 a4 d5 db bd ce b5 72
    b5 3b 86 d6 01 9c 2d 2f b5 cb 19 d7 0f e9 70 b6
    7e 06 1d 48 16 ec 20 43 ce 3a 73 db e3 24 ab f9
    67 d7 6a 42 8e 52 9e 15 67 5e 26 f3 62 ff e7 cb
    85 98 f9 7d f5 31 b0 00 06 13 02 13 03 13 01 01
    00 05 23 00 0b 00 04 03 00 01 02 00 0a 00 06 00
    04 00 1d 11 ec 00 23 00 00 00 16 00 00 00 17 00
    00 00 0d 00 2a 00 28 09 05 09 06 09 04 04 03 05
    03 06 03 08 07 08 08 08 1a 08 1b 08 1c 08 09 08
    0a 08 0b 08 04 08 05 08 06 04 01 05 01 06 01 00
    2b 00 03 02 03 04 00 2d 00 02 01 01 00 33 04 c6
    04 c4 11 ec 04 c0 07 d1 19 f6 b7 2a d9 4c 20 92
    f6 40 d6 7c b0 2a 7c 8f fe 44 86 c0 13 18 5b 16
    c8 9e da 1e fa 67 ad 50 d8 96 1a 77 3d f7 b3 19
    03 f0 b2 ce d7 02 81 62 23 8a 91 47 64 8a 07 17
    44 a1 86 72 4d 71 20 2d 82 b3 21 c5 78 6f 83 50
    91 b1 92 a1 10 c3 c0 07 4c 5e 04 30 81 e1 c4 8c
    ef b4 5d 4c 55 b8 8f 34 1d 38 f7 40 c4 68 37 f6
    97 65 f6 7a a0 bf 48 1a 4f 44 0d 95 f1 40 a6 97
    16 87 67 2c 1f c5 0b ec 11 7b ab d3 bf 4d 40 53
    d2 2a b8 91 aa 66 72 eb 5c 47 db 49 ed 89 10 b9
    97 aa 18 a6 94 8d a7 82 93 a9 62 a3 18 c6 9d 8c
    07 c2 88 8a 87 66 3c c4 51 05 d0 38 cf de a4 c0
    c7 fb 8d 28 f3 11 56 a2 c5 63 50 c4 b8 42 0c c7
    77 53 86 00 4a 55 d2 08 67 52 86 92 aa 74 f2 b5
    58 1f 59 40 7f a5 64 21 ca 3f d8 1c a0 3c e8 c6
    ee fb bb 48 2c 1e b4 01 12 8d a5 02 77 01 56 10
    47 1b 37 36 82 4e f7 a3 19 48 ba 00 c4 52 78 71
    97 ce 82 81 45 73 3c 90 94 59 79 65 4d 28 e8 20
    f6 59 2b 0d 32 a5 5a 3c 65 7e 0c 77 21 f2 75 c0
    db 5f 13 20 36 a3 53 09 05 30 85 45 db 9e 86 0a
    48 d8 02 4d cf 95 3d f8 94 71 cc 74 72 87 59 89
    5f 6b 9e af 83 0d 73 3b 20 cb 03 19 34 75 1a 44
    0a 3b 9f b5 a9 87 aa 18 5b aa 34 03 d5 6e 52 77
    c7 4b f2 76 e0 5b b9 ba 02 31 ae 07 57 13 a8 c0
    54 f3 63 ac c2 93 6c 05 7b 7b db 69 f5 f0 07 e8
    95 b5 8b 09 83 8a 4c 16 86 1b 55 95 17 1e c6 b6
    02 35 c5 56 22 e0 15 27 da 64 17 e2 95 65 7b 55
    7d b3 c3 41 c6 6c 31 1c 30 94 c6 5c 8e 37 68 b1
    0a 2e 58 da b8 f2 1b a3 7f b5 c4 56 aa 00 40 84
    50 55 a7 ce 4a ba 2d 25 53 2d 53 9c 33 67 13 9f
    1b 24 46 28 c6 02 a6 36 6b 9d 8a b4 99 81 6b 34
    8a 5b 62 88 86 c7 75 a4 39 15 70 2d 06 97 3d e1
    1f c2 b1 35 f4 e6 c9 34 f9 92 0b 6c 7b 21 43 0e
    2c 4a 93 c0 c6 91 aa a4 79 fa 58 95 39 9b 3b a5
    3a 12 f7 f7 5c 0b 1b 20 b6 91 bd 31 cc 4b 0c 98
    70 a6 79 bd 99 50 5d 49 b5 3f 9b 78 4b 55 bc 63
    80 b2 50 42 d2 0e 2d a8 52 59 5c 71 1c 1a c4 6b
    ba 46 88 22 bc 9b f9 ca 1b f4 89 de bc 63 5d fc
    1c de 02 23 55 b8 54 e8 98 09 c8 0b ba 32 a7 82
    aa a7 5b 8f 1a 4d 9d e3 bf bb 74 16 71 b5 0a 05
    ba 7a 95 59 b5 f9 16 8e 8d 1c 72 8a 81 c7 14 39
    a5 94 77 ad b7 97 4a b3 37 bb fb 4c 81 1a f0 80
    a5 3c 0a 4f c5 aa 9b ba 9d 4f ba b6 a9 fc 97 f8
    37 39 f5 d5 c1 00 f0 7c c5 bc 5b 7a bc 24 53 d6
    3a ad 66 44 f3 71 43 0c c0 a7 ca 42 a1 30 d7 3e
    00 12 49 7f 60 bd 9d 96 1e 84 69 6f 51 89 c3 03
    5a 57 a8 5a a3 9b 68 60 96 40 a3 16 20 3c c0 83
    4a b0 0b 95 88 63 3e b7 66 95 c6 07 7c 50 7b 92
    c4 94 23 6c 4b 8c 6e bb 64 30 69 2d 1d f0 1e 97
    36 8e 5a 44 ab 28 39 89 b2 98 bc 32 77 8e 14 c5
    17 cb 04 19 3b 06 c0 5e 28 0e 1f a5 0e 02 5c 5d
    89 05 3a af 51 36 3b 98 34 1d 84 0a f2 96 01 4e
    02 79 7d f8 90 ed 32 86 00 b6 69 6e 76 b8 b9 03
    c0 2b 17 90 aa 45 9b 2a 46 b0 d0 40 5e 9e 10 a7
    82 b0 75 6e 4b 99 bf 65 89 09 bb 94 17 4b 05 c7
    91 16 bc a0 70 93 76 56 52 52 13 d9 57 c6 cd 63
    94 e6 76 9e 33 e5 64 c1 f3 88 7a f0 68 5b 80 2d
    44 23 4f 19 36 51 d9 aa c9 fa 7a ae 3d 9a 49 c0
    51 96 af 13 04 8c 90 77 e1 19 55 5d ec 76 b7 95
    92 62 fc 14 05 36 17 43 50 7d 22 3a ab 72 f8 1f
    6f 18 46 9b 0a 0d 4a f2 54 8c 97 65 58 c3 cc c6
    b2 51 f7 a5 4a 3b 4a 36 5e 59 21 ee 53 9b f1 36
    83 ae b3 31 4c c6 14 47 37 49 ef d3 37 ab 2b ac
    f9 96 b2 21 c4 3f 88 c9 3d 1e 1a 18 7a 28 ac b8
    68 8c b5 c0 c9 ba 11 5c 9a 27 76 89 27 3c cb 21
    50 02 9b 00 71 bb 73 3f d1 03 09 aa c4 b1 68 9e
    20 d1 bf 6f 98 1b 91 8c 5e da 31 b3 8b 45 79 fb
    44 cb 10 f4 35 32 b4 09 c3 c7 98 03 bb 6e 49 b6
    14 98 16 c9 e3 53 c0 04 37 46 45 b3 8f 7e e1 37
    5b ba 23 76 cc af 42 e2 55 db a9 9a c8 d0 9d ec
    26 4a ff 43 ac e8 3c 63 b2 b4 8d a7 77 43 76 d6
    0f dc 50 1f b0 6a 6c 8c a7 14 b1 37 82 e9 73 7b
    98 20 3b af 29 06 2b 0b fe 3b da 0e c7 0f 31 7c
    26 63 53 0e 29 12 7a ba 6d 88 12 ad 81 f2 be a4
    5a ad e3 fa 9a 4e 1c 3d a3 4a a5 bc 50 18 9f f4
    d1 14 b4 d8 d7 62 08 f4 da 6c 20 33 d5 84 4b 85
    28 e1 76 e1 ed 2a
<<< TLS 1.2, RecordHeader [length 0005]
    14 03 03 00 01
<<< TLS 1.3, ChangeCipherSpec [length 0001]
    01
<<< TLS 1.2, RecordHeader [length 0005]
    16 03 03 04 ba
<<< TLS 1.3, Handshake [length 04ba], ServerHello
    02 00 04 b6 03 03 ab 3e 79 c9 68 e0 4f 07 77 3f
    9f 17 2a 0e 79 95 af 80 0a af 74 9b f7 de bd 2a
    04 0f da e7 5b 91 20 43 ce 3a 73 db e3 24 ab f9
    67 d7 6a 42 8e 52 9e 15 67 5e 26 f3 62 ff e7 cb
    85 98 f9 7d f5 31 b0 13 02 00 04 6e 00 2b 00 02
    03 04 00 33 04 64 11 ec 04 60 8a 1b bf fb 83 b0
    db 42 83 a4 32 ea 47 7d 20 39 ef ac 04 64 7c c5
    ca e9 5d f9 0e 1c b6 f3 d2 34 e7 68 c6 05 c1 ee
    6e f3 fb 33 85 58 35 56 26 d0 e5 d6 38 77 a0 2c
    69 ee 5b 24 7d 2f a5 5d 6c 05 5f b2 82 c0 5a f0
    7b e6 72 72 5a 12 5b ed 78 72 98 b1 26 44 02 6d
    e4 5a 02 92 c7 dc 7b d1 5e 6d ce bb dc 3d a0 1b
    a7 ba fa e4 15 16 fd 51 d2 ec 0e 4a 9f 07 9d cc
    e9 a1 a1 9a 5d 08 c1 bc 08 06 bc 0f fc 45 21 d9
    1a ee 51 44 1d 99 08 77 b3 5a d5 d7 af 27 c2 5c
    8f 62 fa d9 f0 c5 c5 95 aa d3 31 f4 72 9a cb 3e
    ff d9 ec a5 79 bd bb 38 c9 f4 b1 17 b6 15 ee 67
    a0 7e 99 60 99 30 8e a9 e9 a1 d7 36 48 b2 ef 66
    0c 96 07 d6 6e 80 60 f1 5c 52 47 b4 f6 29 80 55
    00 9a bb ea 26 95 c4 fd 33 6d a4 4a 76 7f db 43
    f1 bc 0b a7 28 ac 33 45 be fa b4 e7 85 87 ab a7
    96 dd f8 0a 86 39 66 e1 a8 13 4d cd b9 b3 7b 4e
    56 cf 7d 88 82 9e 67 55 6f d7 fc 59 b1 e3 fa 02
    3f 1c a2 7a 2a 59 0b c7 7a a2 00 e7 43 2a 9d cc
    54 df 6b 8b 94 d0 95 81 46 71 71 33 31 f9 8f aa
    bf 5b e7 f2 3d 46 a6 27 72 77 b9 ac 68 b6 79 85
    c1 5d d6 4f 8e ac d3 a9 11 88 68 fd b2 7d 1c e7
    a7 bc d5 bd 45 d8 0f b8 c0 5c 12 ed ac b3 19 36
    14 34 4b d8 c0 ae cc 2f 90 fc e8 9b 89 68 61 a9
    71 fa b5 bb a7 56 0c 87 f3 62 16 35 f3 81 67 4e
    fa 70 a4 c4 5b ca 70 07 fa 7c 57 8a f3 59 54 f7
    22 b1 f8 82 d4 1e ea a0 35 c0 b2 ef 1a 8b c4 92
    95 c0 e7 0d 53 73 1e 9f be cc 57 73 fb 3a 06 c2
    a3 a2 40 73 c3 21 02 0d a7 7f 3e 39 bf f9 82 fe
    8c 13 5f b3 82 48 f7 18 8b 46 11 a9 31 78 cb 2b
    b2 72 81 d6 6c e7 03 55 6b 0a 25 26 16 c0 3d ca
    d7 fd 3b 7d 03 5b 60 16 ce 88 31 27 6e 50 1f dd
    f5 2d 8a ce b2 a8 d6 c8 cd 7d 35 ac d3 fd f9 2f
    f2 12 87 97 ca de 45 36 cd fc a4 91 8b ff 42 26
    b1 11 66 69 bb 33 b4 03 3e 16 44 7e 7b d6 dc 5c
    03 e9 0a 1b a4 9a 01 cc 64 76 87 6c 4e c8 e5 64
    dd d8 92 0f 80 d6 c7 4b b6 b1 59 92 84 92 93 3b
    19 99 9e 7b 43 c9 b9 44 7e 68 06 e5 a8 cc 95 ee
    9e 7d 65 56 26 9b 1a b1 04 5e 47 26 e0 33 aa 9e
    4a f3 6a e0 88 ea ff d5 a3 01 ab f1 a7 e5 46 7d
    bd c9 15 78 bd 4b 4d f1 60 6b fd c8 2c 0a 9e b7
    2b 7f d6 c9 a7 57 c1 f7 65 e0 69 bb 98 e0 e2 fb
    d0 fc 7a fe a4 25 29 ff 44 6c 30 b0 8c 43 90 25
    ec 0e 51 d7 b6 de b8 17 25 56 32 9c 85 56 2f ee
    55 24 75 31 e2 86 ac bb 13 91 96 ef 1d 4b 37 0e
    3e 9d 3f 88 92 5a d1 7f f5 62 41 5e ad 37 e3 d5
    6b e9 19 28 c1 b0 25 f0 60 19 3d a6 de 14 5e 5c
    64 6f f2 b0 83 b1 91 17 c6 e4 d9 1e dc 1e bf ad
    02 82 28 e2 22 3c 29 a9 e8 c1 bb f9 b5 37 db 09
    c7 99 6a 1b 8e 0b 01 66 fa 28 98 6c c2 9d a5 16
    56 18 b8 ac 89 10 a2 0a cf 67 4b eb a1 77 c0 36
    83 38 92 90 0f 29 3a f6 1e 8c 8a d2 f8 01 23 32
    5e 85 e7 e6 57 c0 e2 ac 7b 45 ec a8 6e 3d 3e f9
    d9 e4 00 eb cb 10 fe ab e9 02 2b e1 29 a1 47 97
    6d 90 32 01 97 98 04 ef bd eb 33 9a fa 53 e7 5a
    af ee f4 81 14 fc 63 b6 37 10 5a ed 6c 6b 76 99
    d1 fd 6e 9a 0d c5 df f6 50 35 6c 5a c3 c2 0e 23
    4e 6f 21 83 4b b7 f6 39 4d 59 ae af bd cf c7 87
    5d ab 4a c2 c0 ee f9 c5 2c c6 21 6e 1b e8 87 10
    1a 3d 9d 72 f9 f6 b6 4b d2 67 a1 ed 93 dc 89 4d
    58 c5 19 8b 34 5b 47 15 37 6f 4c 49 8f ee 95 36
    73 d7 35 a9 82 23 ef 2a 50 22 02 90 6a 5f 69 7d
    86 46 a6 db fa 76 73 f4 e8 66 49 dc 74 b2 82 80
    ce 5d 53 9c 17 07 d5 4a 97 da 22 f2 94 f1 8c db
    cd 95 93 5f 62 97 1f 51 c7 29 20 e4 4a ac 46 85
    85 9b 1d d5 69 99 75 f8 a1 46 68 ed ae dd 5c 6d
    c0 3b 6a 5d 05 45 7e 65 ea f5 40 36 be cf 66 f9
    c1 83 4b 4f 12 32 f6 15 20 fe 20 16 66 99 8f c3
    0e 2e a9 37 57 5c 42 e9 cd bb 26 a4 80 01 fb d8
    0e 8c ee bb e5 4e da f6 a8 c8 98 17 01 b1 ff 14
    14 41 2d 87 9a 29 91 1a 91 4c
<<< TLS 1.2, RecordHeader [length 0005]
    17 03 03 00 17
<<< TLS 1.3, InnerContent [length 0001]
    16
<<< TLS 1.3, Handshake [length 0006], EncryptedExtensions
    08 00 00 02 00 00
<<< TLS 1.2, RecordHeader [length 0005]
    17 03 03 03 47
<<< TLS 1.3, InnerContent [length 0001]
    16
<<< TLS 1.3, Handshake [length 0336], Certificate
    0b 00 03 32 00 00 03 2e 00 03 29 30 82 03 25 30
    82 02 0d a0 03 02 01 02 02 01 02 30 0d 06 09 2a
    86 48 86 f7 0d 01 01 0b 05 00 30 12 31 10 30 0e
    06 03 55 04 03 0c 07 52 6f 6f 74 20 43 41 30 20
    17 0d 31 36 30 31 31 34 32 32 32 39 34 36 5a 18
    0f 32 31 31 36 30 31 31 35 32 32 32 39 34 36 5a
    30 19 31 17 30 15 06 03 55 04 03 0c 0e 73 65 72
    76 65 72 2e 65 78 61 6d 70 6c 65 30 82 01 22 30
    0d 06 09 2a 86 48 86 f7 0d 01 01 01 05 00 03 82
    01 0f 00 30 82 01 0a 02 82 01 01 00 d5 5d 60 6a
    df fc 61 ee 48 aa 8c 11 48 43 a5 6d b6 52 5d aa
    98 49 b1 61 92 35 b1 fc 3a 04 25 0c 6d 79 ff b4
    d5 c9 e9 5c 1c 3b e0 ab b3 b8 7d a3 de 6d bd e0
    dd d7 5a bf 14 47 11 42 5e a6 82 d0 61 c1 7f dd
    13 46 e6 09 85 07 0e f2 d4 fc 1a 64 d2 0a ad 20
    ab 20 6b 96 f0 ad cc c4 19 53 55 dc 01 1d a4 b3
    ef 8a b4 49 53 5d 8a 05 1c f1 dc e1 44 bf c5 d7
    e2 77 19 57 5c 97 0b 75 ee 88 43 71 0f ca 6c c1
    b4 b2 50 a7 77 46 6c 58 0f 11 bf f1 76 24 5a ae
    39 42 b7 51 67 29 e1 d0 55 30 6f 17 e4 91 ea ad
    f8 28 c2 43 6f a2 64 a9 fb 9d 98 92 62 48 3e eb
    0d 4f 82 4a 8a ff 3f 72 ee 96 b5 ae a1 c1 98 ba
    ef 7d 90 75 6d ff 5a 52 9e ab f5 c0 7e d0 87 43
    db 85 07 07 0f 7d 38 7a fd d1 d3 ee 65 1d d3 ea
    39 6a 87 37 ee 4a d3 e0 0d 6e f5 70 ac c2 bd f1
    6e f3 92 95 5e a9 f0 a1 65 95 93 8d 02 03 01 00
    01 a3 7d 30 7b 30 1d 06 03 55 1d 0e 04 16 04 14
    c0 e7 84 bf e8 59 27 33 10 b0 52 4f 51 52 2f 06
    d6 c0 7a cd 30 1f 06 03 55 1d 23 04 18 30 16 80
    14 70 7f 2e ae 83 68 59 98 04 23 2a cd eb 3e 17
    cd 24 dd 01 49 30 09 06 03 55 1d 13 04 02 30 00
    30 13 06 03 55 1d 25 04 0c 30 0a 06 08 2b 06 01
    05 05 07 03 01 30 19 06 03 55 1d 11 04 12 30 10
    82 0e 73 65 72 76 65 72 2e 65 78 61 6d 70 6c 65
    30 0d 06 09 2a 86 48 86 f7 0d 01 01 0b 05 00 03
    82 01 01 00 7b d3 04 43 75 8a 0f 11 ae c4 fb d7
    a1 a2 9e fe 20 18 d5 f4 2f 31 88 46 b6 75 8c ee
    e5 9b 97 a6 b9 a3 cd 60 9a 46 c3 48 97 e5 97 68
    f7 5a 86 35 73 d9 69 9e f9 5f 74 b9 e6 94 13 01
    cb 6a dc e3 c4 04 e9 65 da 9c a4 8b 28 f3 f9 9a
    7f bf 97 1f 45 92 e5 05 b1 56 e6 0b f6 47 de 1e
    89 b6 2b e1 4d df 4a 7e 01 d3 23 dc 97 8c 47 fe
    5f c7 cc 98 46 0e c4 83 5b ca 8a f1 52 09 be 6b
    ec 3f 09 8b d0 93 02 bf e1 51 e7 d1 7e 34 56 19
    74 d0 ff 28 25 de b7 9f 56 52 91 7d 20 29 85 0a
    80 44 5f 71 32 25 71 0f c2 16 e2 5f 6b 1d 3f 32
    5b 0a 3c 74 1c b9 62 f1 ed 07 50 a3 6d b4 b4 31
    0a c0 53 44 6a 3a 88 84 8b 2d a9 b0 37 8e e6 18
    36 bd 9a 20 40 0f 01 92 8b 3d aa 61 e7 ae 2c ed
    36 cd 3a 07 86 74 3a 29 b3 d7 3a b4 00 a9 c2 f5
    92 78 0e e2 0f a3 fe bb be e0 06 53 84 59 1d 90
    69 e5 b6 f9 00 00
<<< TLS 1.2, RecordHeader [length 0005]
    17 03 03 01 19
<<< TLS 1.3, InnerContent [length 0001]
    16
<<< TLS 1.3, Handshake [length 0108], CertificateVerify
    0f 00 01 04 08 04 01 00 84 3a 07 f9 3f 8e 58 40
    8e 08 cb 20 cf 56 72 61 61 ba 1c 88 88 72 55 cc
    b7 a7 4c 41 8d bc 64 79 39 d5 4b 62 04 a5 7f 56
    72 dd a2 d2 1b e0 79 03 59 55 3d 41 6b e8 94 a9
    99 9e 70 5a 41 2e 8c df 1c 76 91 ba 75 86 39 51
    37 aa fb b5 b5 df 08 e7 b9 60 b7 38 f3 56 e0 ab
    29 09 5c fb 9c 65 bb 58 d7 6c 55 d1 e0 19 5b 47
    9a 89 ba 57 96 c4 c1 33 f7 1c 70 57 a6 85 fe b9
    b4 bb 35 6b be a1 10 6f 6b a7 5d b4 fb c9 0a b4
    8c 2f 71 ef 60 1d 13 38 ab 73 9e bf 49 86 ed e4
    cb 12 85 8c b9 cb fc 34 2a f9 b5 c0 67 05 f9 8c
    1e 40 8d 12 72 2a 5d d7 c8 f1 b4 9a 8f e9 30 04
    b2 72 2f 92 51 5a c5 00 c1 dc 04 45 08 85 b7 b1
    8c f1 0e 37 db 45 9f 2f ef 1b 57 97 1e a5 dc 95
    fd 5c 93 3d c0 be 79 dd 15 65 86 61 a8 8b a6 d5
    69 fe 9a 38 03 7b ad 08 c2 46 ac 65 57 4e c4 a6
    65 c7 07 b4 42 35 48 89
<<< TLS 1.2, RecordHeader [length 0005]
    17 03 03 00 45
<<< TLS 1.3, InnerContent [length 0001]
    16
<<< TLS 1.3, Handshake [length 0034], Finished
    14 00 00 30 2e 3c df fe 76 ca 66 51 9e 56 32 48
    22 8a 1c 01 47 8e 65 37 96 00 92 29 2d b7 ab 05
    b1 2d f5 7e 4e 64 ef 09 5c d0 40 98 51 b5 5d e2
    d6 f7 c4 9a
>>> TLS 1.2, RecordHeader [length 0005]
    17 03 03 00 45
>>> TLS 1.2, InnerContent [length 0001]
    16
>>> TLS 1.3, Handshake [length 0034], Finished
    14 00 00 30 31 c7 1c fd 1b 90 1b a4 be 27 d5 94
    5f 11 3c bd 2f b2 a9 6d b4 49 84 f5 65 f8 02 d6
    c8 12 ff 2f 8d b6 30 89 47 ac 7d 13 23 7b 27 ac
    a9 04 dc 31
---
Certificate chain
 0 s:CN=server.example
   i:CN=Root CA
   a:PKEY: RSA, 2048 (bit); sigalg: sha256WithRSAEncryption
   v:NotBefore: Jan 14 22:29:46 2016 GMT; NotAfter: Jan 15 22:29:46 2116 GMT
---
Server certificate
-----BEGIN CERTIFICATE-----
MIIDJTCCAg2gAwIBAgIBAjANBgkqhkiG9w0BAQsFADASMRAwDgYDVQQDDAdSb290
IENBMCAXDTE2MDExNDIyMjk0NloYDzIxMTYwMTE1MjIyOTQ2WjAZMRcwFQYDVQQD
DA5zZXJ2ZXIuZXhhbXBsZTCCASIwDQYJKoZIhvcNAQEBBQADggEPADCCAQoCggEB
ANVdYGrf/GHuSKqMEUhDpW22Ul2qmEmxYZI1sfw6BCUMbXn/tNXJ6VwcO+Crs7h9
o95tveDd11q/FEcRQl6mgtBhwX/dE0bmCYUHDvLU/Bpk0gqtIKsga5bwrczEGVNV
3AEdpLPvirRJU12KBRzx3OFEv8XX4ncZV1yXC3XuiENxD8pswbSyUKd3RmxYDxG/
8XYkWq45QrdRZynh0FUwbxfkkeqt+CjCQ2+iZKn7nZiSYkg+6w1PgkqK/z9y7pa1
rqHBmLrvfZB1bf9aUp6r9cB+0IdD24UHBw99OHr90dPuZR3T6jlqhzfuStPgDW71
cKzCvfFu85KVXqnwoWWVk40CAwEAAaN9MHswHQYDVR0OBBYEFMDnhL/oWSczELBS
T1FSLwbWwHrNMB8GA1UdIwQYMBaAFHB/Lq6DaFmYBCMqzes+F80k3QFJMAkGA1Ud
EwQCMAAwEwYDVR0lBAwwCgYIKwYBBQUHAwEwGQYDVR0RBBIwEIIOc2VydmVyLmV4
YW1wbGUwDQYJKoZIhvcNAQELBQADggEBAHvTBEN1ig8RrsT716Ginv4gGNX0LzGI
RrZ1jO7lm5emuaPNYJpGw0iX5Zdo91qGNXPZaZ75X3S55pQTActq3OPEBOll2pyk
iyjz+Zp/v5cfRZLlBbFW5gv2R94eibYr4U3fSn4B0yPcl4xH/l/HzJhGDsSDW8qK
8VIJvmvsPwmL0JMCv+FR59F+NFYZdND/KCXet59WUpF9ICmFCoBEX3EyJXEPwhbi
X2sdPzJbCjx0HLli8e0HUKNttLQxCsBTRGo6iISLLamwN47mGDa9miBADwGSiz2q
YeeuLO02zToHhnQ6KbPXOrQAqcL1kngO4g+j/ru+4AZThFkdkGnltvk=
-----END CERTIFICATE-----
subject=CN=server.example
issuer=CN=Root CA
---
No client certificate CA names sent
Peer signing digest: SHA256
Peer signature type: rsa_pss_rsae_sha256
Negotiated TLS1.3 group: X25519MLKEM768
---
SSL handshake has read 2546 bytes and written 1702 bytes
Verification error: unable to verify the first certificate
---
New, TLSv1.3, Cipher is TLS_AES_256_GCM_SHA384
Protocol: TLSv1.3
Server public key is 2048 bit
This TLS version forbids renegotiation.
Compression: NONE
Expansion: NONE
No ALPN negotiated
Early data was not sent
Verify return code: 21 (unable to verify the first certificate)
---
>>> TLS 1.2, RecordHeader [length 0005]
    17 03 03 00 13
>>> TLS 1.2, InnerContent [length 0001]
    15
>>> TLS 1.3, Alert [length 0002], warning close_notify
    01 00
Connecting to 127.0.0.1
SSL_connect:before SSL initialization
SSL_connect:SSLv3/TLS write client hello
SSL_connect:SSLv3/TLS write client hello
SSL_connect:SSLv3/TLS read server hello
SSL_connect:SSLv3/TLS write change cipher spec
SSL_connect:SSLv3/TLS write client hello
SSL_connect:SSLv3/TLS write client hello
SSL_connect:SSLv3/TLS read server hello
Can't use SSL_get_servername
SSL_connect:TLSv1.3 read encrypted extensions
depth=0 CN=server.example
verify error:num=20:unable to get local issuer certificate
verify return:1
depth=0 CN=server.example
verify error:num=21:unable to verify the first certificate
verify return:1
depth=0 CN=server.example
verify return:1
SSL_connect:SSLv3/TLS read server certificate
SSL_connect:TLSv1.3 read server certificate verify
SSL_connect:SSLv3/TLS read finished
SSL_connect:SSLv3/TLS write finished
DONE
SSL3 alert write:warning:close notify
