CONNECTED(00000003)
>>> TLS 1.0, RecordHeader [length 0005]
    16 03 01 00 d6
>>> TLS 1.3, Handshake [length 00d6], ClientHello
    01 00 00 d2 03 03 34 50 95 4d 5f 9c f2 2b 88 a9
    24 27 37 3b f8 a4 c0 bf 5d 58 ed 7c ef ca 0a 06
    91 62 a4 6d 00 a1 20 b9 43 4f 93 90 40 95 56 56
    bc 6d 87 a6 7d a9 de 8b 37 af fc 59 a5 f8 3c 7e
    ea 7d b5 b1 ee 29 35 00 06 13 02 13 03 13 01 01
    00 00 83 00 0b 00 04 03 00 01 02 00 0a 00 06 00
    04 00 1d 11 ec 00 23 00 00 00 16 00 00 00 17 00
    00 00 0d 00 2a 00 28 09 05 09 06 09 04 04 03 05
    03 06 03 08 07 08 08 08 1a 08 1b 08 1c 08 09 08
    0a 08 0b 08 04 08 05 08 06 04 01 05 01 06 01 00
    2b 00 03 02 03 04 00 2d 00 02 01 01 00 33 00 26
    00 24 00 1d 00 20 c6 ab e7 b1 c7 ac 47 6f 9d 63
    6c f4 a8 4d 6f 36 f9 24 48 db 99 b2 50 78 7b 4b
    92 89 59 ff 09 55
<<< TLS 1.2, RecordHeader [length 0005]
    16 03 03 00 58
<<< TLS 1.3, Handshake [length 0058], ServerHello
    02 00 00 54 03 03 cf 21 ad 74 e5 9a 61 11 be 1d
    8c 02 1e 65 b8 91 c2 a2 11 16 7a bb 8c 5e 07 9e
    09 e2 c8 a8 33 9c 20 b9 43 4f 93 90 40 95 56 56
    bc 6d 87 a6 7d a9 de 8b 37 af fc 59 a5 f8 3c 7e
    ea 7d b5 b1 ee 29 35 13 02 00 00 0c 00 2b 00 02
    03 04 00 33 00 02 11 ec
>>> TLS 1.2, RecordHeader [length 0005]
    14 03 03 00 01
>>> TLS 1.3, ChangeCipherSpec [length 0001]
    01
>>> TLS 1.2, RecordHeader [length 0005]
    16 03 03 05 76
>>> TLS 1.3, Handshake [length 0576], ClientHello
    01 00 05 72 03 03 34 50 95 4d 5f 9c f2 2b 88 a9
    24 27 37 3b f8 a4 c0 bf 5d 58 ed 7c ef ca 0a 06
    91 62 a4 6d 00 a1 20 b9 43 4f 93 90 40 95 56 56
    bc 6d 87 a6 7d a9 de 8b 37 af fc 59 a5 f8 3c 7e
    ea 7d b5 b1 ee 29 35 00 06 13 02 13 03 13 01 01
    00 05 23 00 0b 00 04 03 00 01 02 00 0a 00 06 00
    04 00 1d 11 ec 00 23 00 00 00 16 00 00 00 17 00
    00 00 0d 00 2a 00 28 09 05 09 06 09 04 04 03 05
    03 06 03 08 07 08 08 08 1a 08 1b 08 1c 08 09 08
    0a 08 0b 08 04 08 05 08 06 04 01 05 01 06 01 00
    2b 00 03 02 03 04 00 2d 00 02 01 01 00 33 04 c6
    04 c4 11 ec 04 c0 aa e2 1a 51 22 1a 6b 91 4e 42
    17 6e 84 87 7b f1 75 39 6b 58 06 a0 5b 79 bb bb
    8f 45 fa 9f 66 ec 9e d3 51 74 6a 0c 97 98 57 2e
    d3 b7 3f a9 f8 23 d1 23 2e de 30 16 18 6c 28 f4
    fb ca 76 d2 61 09 1c 17 8a 02 13 31 4b b2 b3 24
    51 f4 94 24 60 e8 a8 c0 82 56 17 e1 94 73 81 7b
    57 34 cc 33 73 3c 39 a9 27 92 6a 26 5b 09 8f d2
    1b 04 3f 18 58 83 56 13 c2 1b 91 60 6b af f4 f1
    a1 b6 9c 3b 5e 3b a1 4d a8 32 79 b1 29 27 46 12
    41 8a 7a af f1 4b ce 78 a7 42 89 7b 9d aa 0c ec
    5c 0c 7a 86 cd d4 b0 a6 09 a8 4d a8 a5 52 36 09
    93 d4 70 47 9b 04 45 c3 52 33 c4 b9 65 ee 60 b0
    f3 f0 18 45 39 ad 17 68 0a e0 45 c6 eb 25 82 21
    a4 15 08 06 02 5e fb 9d 21 b2 8c 0a 6b 24 85 78
    80 9d b8 3d fb e4 44 45 ba 64 96 4a 9a 70 59 84
    84 18 1a 74 cc 59 e0 93 8b 82 cb ce 59 c9 15 7b
    56 7f a9 4a 68 6c 1a 8b db 75 77 6d 05 a5 d6 8b
    a3 89 d4 02 4d f6 14 0e c7 1a 43 ab 68 13 23 bb
    c1 0a 8b 16 87 4e 5a 03 ad f9 73 c6 02 82 aa 23
    59 cd 0a 5b 08 74 75 45 0f c3 b3 7b 09 91 b1 8b
    60 5f a1 3e 6d 40 8c c8 f3 93 d0 6a 90 ab a2 67
    fe 9a 91 59 29 0d cc 31 bf 58 8a 7d a2 a1 bd 01
    c0 69 40 ab 0b e0 80 bf a5 7c 7e 09 9c b7 ea f4
    c4 ab 73 5a e3 79 66 99 62 78 99 f2 a5 c0 44 5e
    a1 64 94 a3 72 04 b0 1a 5c 2a 62 23 87 83 97 37
    2a 91 63 31 65 22 30 83 1c 51 94 88 40 92 70 9b
    4e 2d 09 ad 59 b9 a0 df a2 02 e5 b2 7a 49 c1 61
    94 e5 a5 49 e8 77 0e 0c 1b 69 1c 9e df e7 06 85
    19 a2 94 e6 1e 45 55 be fe 76 51 01 1c 8d 29 0b
    73 8a b4 04 69 49 c2 7d 60 6b e5 67 12 c1 4a b3
    09 b5 0f b7 70 39 5e d8 c7 5f 00 ce 94 f0 3c a5
    e4 a8 ae 3a 87 de e7 1e a1 ec 6e 8d 0a 2a b5 34
    35 28 10 2f 3b f4 a4 1a 07 05 7c 04 10 53 a5 4b
    3e d0 32 51 80 b9 c2 4a 2e ca 88 2d 30 54 c5 27
    49 29 28 39 5d 74 69 52 a3 63 8a 90 fb 34 ad 61
    44 6d 50 5f 2d 29 9a 53 8a 29 f0 72 72 81 bb 9d
    ff c2 4b 28 36 6d 0d 02 be ed 66 a4 97 a7 b4 cb
    41 aa e5 09 10 24 cc 3c d5 c3 8e 28 25 0c 16 59
    68 21 f4 25 5b fb 94 bc 94 ad 1f 8a ce 86 1c 90
    62 16 63 05 bc 1b 2d a9 5a 77 89 4d 10 fc 05 b5
    1b 7d 54 71 84 d3 70 af e4 62 05 0c c7 84 ec 24
    83 d0 02 06 8e f3 33 9c d1 41 36 93 c5 42 f3 a7
    fe f4 cb 1f 86 29 c4 22 4b c6 fa 93 ee 3a 42 4e
    9c 46 e0 d5 89 78 3c 22 26 b8 c7 f4 ca bb 13 89
    b1 c0 eb a4 64 ca 26 ab f9 3c c0 88 ba 41 08 5c
    9f 8a 30 4f 13 44 4d e6 04 b2 3c 6b 2c 97 26 c0
    99 21 1e e0 ba 9b 42 5d 93 f2 b8 9e 41 62 bb 52
    c1 87 81 a9 cc 90 91 32 a2 8c 89 c2 ca 1f 97 a3
    a4 77 bc 37 61 3f f8 ab 05 a0 fa b8 d3 23 0d 97
    f0 98 e8 b7 79 a5 fa 6e e5 4c 98 3d f1 4c 21 02
    96 84 e8 8a 98 8a aa b1 cc 27 61 fb ab ee 4b 26
    d2 c1 0d e9 60 c0 d6 f2 05 fc 2a a4 af 04 58 3b
    28 92 15 95 45 42 4a 68 df 1a 28 ed f0 93 4b 0c
    4a 03 41 2e 6c 75 62 61 28 8b 37 24 76 fb 5a 42
    ec 96 1b 5e 65 51 20 1b ac 03 a0 56 1a c2 60 be
    91 58 db b3 08 e9 5b 65 4f 71 37 ca 05 3c 5a 32
    7c 05 f7 57 46 0c 9b 85 eb 51 b2 ba bb a0 2b 79
    ec 03 b4 84 47 91 3b 12 c5 e5 4c b8 77 f6 4f 7b
    c1 88 9e eb b4 96 c4 2a 95 b4 01 b9 3b 8b 6f 15
    50 e9 92 08 25 a8 aa cb 1c 6d 19 9c 67 5c 58 7c
    91 17 4c 9d c1 2d 25 45 36 ad f4 9d 27 6b 19 e8
    8b 97 cf 75 14 55 55 01 60 9c 78 b5 6b a2 c3 3c
    62 28 87 2a 74 2c 31 ae 64 73 fe f6 57 de 65 3b
    07 13 85 86 5a 59 83 30 04 b5 9c 05 bd 86 2f 3a
    ec 80 fb 47 77 5e 76 02 86 59 b6 ed 61 5a 25 fa
    bd b9 00 b0 fd 06 b3 18 0c ae 25 04 c3 6c 60 09
    02 1b 05 03 16 13 7c 22 a1 f4 b9 af 34 4a 49 17
    39 21 43 9a b5 6d 78 0e 2f 95 85 5c 71 b3 ec 15
    ce a1 fb ba 9a 2b 17 e9 59 b8 03 3a cd 9d d7 3e
    61 60 0c 48 c3 0e 9d 29 ac 7a 01 25 a7 fa 23 65
    fb 70 2c 33 36 b5 0c 22 fd 89 73 9d 0a c1 4d 59
    a0 cb 4c c8 48 e7 1b ee 60 53 69 eb 18 5c 5b b9
    14 a9 41 be 22 3e 22 fe 81 d3 b3 c9 65 f1 82 a3
    ba fd 02 c8 42 2b 27 97 30 5c 09 5c 9c 4c ed 13
    dd 28 b1 c3 9b 41 63 15 09 da 78 1d 1f 18 10 4f
    0f 3e e8 35 94 35 81 bd 72 d9 2a 47 3f ce a0 f0
    67 3c 8e 1e c4 12
<<< TLS 1.2, RecordHeader [length 0005]
    14 03 03 00 01
<<< TLS 1.3, ChangeCipherSpec [length 0001]
    01
<<< TLS 1.2, RecordHeader [length 0005]
    16 03 03 04 ba
<<< TLS 1.3, Handshake [length 04ba], ServerHello
    02 00 04 b6 03 03 8a b6 92 5f 75 c6 f7 9e b1 ea
    45 6f 7d d7 ef fe b2 e2 96 44 56 32 31 47 47 d9
    b4 33 a4 d5 86 b5 20 b9 43 4f 93 90 40 95 56 56
    bc 6d 87 a6 7d a9 de 8b 37 af fc 59 a5 f8 3c 7e
    ea 7d b5 b1 ee 29 35 13 02 00 04 6e 00 2b 00 02
    03 04 00 33 04 64 11 ec 04 60 35 f6 20 a6 36 86
    df fd f6 04 2f 6c aa d5 ba c5 ec e8 e1 8a ab 48
    81 96 16 a1 80 f7 70 be 9f fd 0d fa d3 f0 09 1e
    9a 2d 8e 08 67 fb 5e 36 df 7c 57 e4 71 80 f3 84
    09 c7 c5 17 4a 1f 10 fe 4d 14 af 65 38 6f d1 ba
    a0 f5 9e 85 a9 5a 28 e6 4d 29 b4 cf 94 2a 5c 7e
    5b 0c ef 5e b9 e4 6a dc 53 37 e4 97 32 c5 43 c1
    5d 4d 07 7b 9b ec 6a 41 3c 0f 2c e0 aa a9 e9 96
    52 e3 fe 23 bd 99 11 15 df 6c d5 5b 14 fa 38 f6
    53 af db a2 67 83 72 47 6f 3b 3f 51 4d df f1 68
    8a 97 84 23 21 fc 6d 7d f6 33 51 b4 7a 65 d5 e8
    63 a3 ea 34 ce 1b 18 5f 94 aa b8 66 f8 46 2a 33
    c3 d5 ab 1a 28 f8 42 8d b4 06 02 b0 a4 ff 09 b7
    50 50 8d b1 44 08 69 c3 1f ac 54 e0 f8 11 e7 2b
    35 b1 32 f8 b8 14 4b a3 73 2d 0a 89 31 2f 29 6e
    5a 58 ae 20 83 a8 c6 a6 3e 56 9f 7a 29 c2 d8 3a
    e8 ce d2 a7 7f af 3b 63 a0 34 8e 34 ae d2 0b 67
    a4 5a a8 3b 1d ea 04 09 c3 dc 98 f7 f4 88 98 ca
    20 4c c7 d7 ed c9 d3 f8 2a 97 af a2 aa aa 9f c9
    ab 9b bd 61 c4 20 91 b4 f5 e3 a7 a0 32 75 e9 d3
    8e 9d 12 65 2b 2c a0 aa b4 f9 31 84 3a ba dc fe
    48 a3 bf cc a1 bd ac 7a 23 8d ca 4a 27 1a f9 58
    29 b6 b5 86 50 7a 2b 02 a7 53 f2 13 a3 67 9b 1d
    ed 1b 0a d0 08 b9 44 05 03 97 24 f5 62 41 1b 01
    08 40 65 9e 89 dc 23 a7 72 9a 0e 2e 31 6a c3 62
    86 fc c8 51 6c 6b 13 f2 a0 d8 1b b1 66 3d 94 55
    62 c3 83 8a 81 4d 76 d3 5e e3 fb ad 29 2a 46 ae
    5c d2 f9 22 a2 13 67 9f 33 a1 79 ae 53 88 30 17
    c7 46 ce 67 9c ea 07 5e fe 8b 08 4c 28 57 86 e0
    9e c7 79 c6 9d c5 29 8b 0d 8d 76 60 31 e1 8c c5
    8e 8b 23 42 83 78 c3 91 6e fc 68 a6 cf 88 cf db
    1b 7f 34 0a c6 28 52 96 52 40 ae 4d ee 70 f6 ff
    46 53 5f d2 90 a5 48 c8 ba a8 f3 7f 4f e0 e7 93
    9a 8b 47 be 21 3a 0a 91 52 5c bc 72 04 a7 2d 61
    97 e6 fe 7b 66 03 26 a2 f9 e2 00 75 da 7e 7d 21
    6d a1 41 7e 0b 2a bb 7b 2e b6 4f 4b a1 b5 c7 9b
    6c 33 ac 91 de f5 7f 47 2a 0e 17 96 a0 be 2a 84
    61 45 7e 7f 44 cd df 94 1e 0f f8 5b 65 81 46 f0
    24 61 d0 4f 88 aa 08 82 13 ac 21 42 b3 4d ab 16
    c8 4d 8e 3a e4 21 c2 e6 81 12 3f d6 cd 34 1c dd
    25 a3 1b 4d 71 4b 6b 35 2c 67 0c 78 30 f5 ee 8b
    60 fb d4 c5 bf 5d c0 71 8c 8a e1 44 b3 b1 32 ba
    6a 7e 4d 23 d1 00 59 83 98 bb 28 4e 49 67 6f 1b
    f0 d9 cb 90 6f 45 46 97 1b 8e 1f 6b 17 83 38 bf
    9c 0e 5e 91 8f c5 a4 83 cd 74 2c f9 04 39 9a b0
    e0 f8 85 ff 66 62 27 e9 82 d8 74 92 c8 7c 68 82
    98 08 c5 3b 41 dc 4d 09 ed df 40 1d aa a1 f0 7d
    72 6b f3 04 35 cf a5 d8 6f 97 dd 23 3e c5 66 9f
    01 dd 38 65 07 1c 60 7d ba 6c 6f 24 dd 9c 52 39
    0e 04 10 58 6c 90 9b 91 7f 0c e1 56 3a 1f 72 3b
    93 d6 8b 2c eb 16 0b 5f e3 b7 7f 33 31 f2 f7 71
    ba 50 c3 b3 b3 89 c4 ae f2 ea 60 1e 94 73 b9 53
    57 46 c4 44 16 10 d1 be 9d 25 9d 02 2c b4 d2 71
    46 fd fa d4 81 bc 75 9c 49 5b 07 f5 2a 3a 92 df
    d3 62 35 19 7e 51 b5 67 d3 ee c7 2f bf 87 fd dd
    7f d7 2f 57 24 3e 30 5e 14 e3 e2 e1 69 c6 e3 6a
    01 99 2a e1 69 80 35 d7 69 64 e1 de 15 46 89 20
    af 11 4e 83 ec 7b 44 99 83 db 9c 5c 06 40 de 3d
    c4 7c 3e 62 ce b8 89 0b f1 c5 58 1a 07 ce dd 7b
    27 20 38 8b e4 08 58 a1 8f a4 6a 1d 85 6e 78 2d
    29 fe 8e ea 05 cf b2 ab 42 9a 75 03 8d cb be d9
    de f1 35 62 47 37 07 bc 75 3f 57 a1 44 e9 98 44
    e1 56 4d 97 93 69 30 91 ef 93 48 98 33 19 6b 55
    a0 2a c2 ca df 14 7c 99 ee b3 00 7c 9c 79 14 81
    d7 fa 92 a0 14 84 08 57 17 3b 4c d1 6e 84 27 ac
    9e da 3f 48 67 94 c3 06 ee 2b e6 38 a8 69 85 11
    d9 aa 53 b9 35 cc 13 81 c6 f9 88 66 b6 2e ab 20
    fe a5 15 54 5e 51 e1 70 6e 3c 2c 35 88 80 c4 37
    bd b0 8e 0d bd e2 62 09 18 2e 79 e5 23 b4 79 b6
    d2 25 1e 85 60 12 37 c6 f2 5b 89 79 29 9a 64 fa
    77 dc a1 58 e5 18 f8 f5 87 72
<<< TLS 1.2, RecordHeader [length 0005]
    17 03 03 00 17
<<< TLS 1.3, InnerContent [length 0001]
    16
<<< TLS 1.3, Handshake [length 0006], EncryptedExtensions
    08 00 00 02 00 00
<<< TLS 1.2, RecordHeader [length 0005]
    17 03 03 03 47
<<< TLS 1.3, InnerContent [length 0001]
    16
<<< TLS 1.3, Handshake [length 0336], Certificate
    0b 00 03 32 00 00 03 2e 00 03 29 30 82 03 25 30
    82 02 0d a0 03 02 01 02 02 01 02 30 0d 06 09 2a
    86 48 86 f7 0d 01 01 0b 05 00 30 12 31 10 30 0e
    06 03 55 04 03 0c 07 52 6f 6f 74 20 43 41 30 20
    17 0d 31 36 30 31 31 34 32 32 32 39 34 36 5a 18
    0f 32 31 31 36 30 31 31 35 32 32 32 39 34 36 5a
    30 19 31 17 30 15 06 03 55 04 03 0c 0e 73 65 72
    76 65 72 2e 65 78 61 6d 70 6c 65 30 82 01 22 30
    0d 06 09 2a 86 48 86 f7 0d 01 01 01 05 00 03 82
    01 0f 00 30 82 01 0a 02 82 01 01 00 d5 5d 60 6a
    df fc 61 ee 48 aa 8c 11 48 43 a5 6d b6 52 5d aa
    98 49 b1 61 92 35 b1 fc 3a 04 25 0c 6d 79 ff b4
    d5 c9 e9 5c 1c 3b e0 ab b3 b8 7d a3 de 6d bd e0
    dd d7 5a bf 14 47 11 42 5e a6 82 d0 61 c1 7f dd
    13 46 e6 09 85 07 0e f2 d4 fc 1a 64 d2 0a ad 20
    ab 20 6b 96 f0 ad cc c4 19 53 55 dc 01 1d a4 b3
    ef 8a b4 49 53 5d 8a 05 1c f1 dc e1 44 bf c5 d7
    e2 77 19 57 5c 97 0b 75 ee 88 43 71 0f ca 6c c1
    b4 b2 50 a7 77 46 6c 58 0f 11 bf f1 76 24 5a ae
    39 42 b7 51 67 29 e1 d0 55 30 6f 17 e4 91 ea ad
    f8 28 c2 43 6f a2 64 a9 fb 9d 98 92 62 48 3e eb
    0d 4f 82 4a 8a ff 3f 72 ee 96 b5 ae a1 c1 98 ba
    ef 7d 90 75 6d ff 5a 52 9e ab f5 c0 7e d0 87 43
    db 85 07 07 0f 7d 38 7a fd d1 d3 ee 65 1d d3 ea
    39 6a 87 37 ee 4a d3 e0 0d 6e f5 70 ac c2 bd f1
    6e f3 92 95 5e a9 f0 a1 65 95 93 8d 02 03 01 00
    01 a3 7d 30 7b 30 1d 06 03 55 1d 0e 04 16 04 14
    c0 e7 84 bf e8 59 27 33 10 b0 52 4f 51 52 2f 06
    d6 c0 7a cd 30 1f 06 03 55 1d 23 04 18 30 16 80
    14 70 7f 2e ae 83 68 59 98 04 23 2a cd eb 3e 17
    cd 24 dd 01 49 30 09 06 03 55 1d 13 04 02 30 00
    30 13 06 03 55 1d 25 04 0c 30 0a 06 08 2b 06 01
    05 05 07 03 01 30 19 06 03 55 1d 11 04 12 30 10
    82 0e 73 65 72 76 65 72 2e 65 78 61 6d 70 6c 65
    30 0d 06 09 2a 86 48 86 f7 0d 01 01 0b 05 00 03
    82 01 01 00 7b d3 04 43 75 8a 0f 11 ae c4 fb d7
    a1 a2 9e fe 20 18 d5 f4 2f 31 88 46 b6 75 8c ee
    e5 9b 97 a6 b9 a3 cd 60 9a 46 c3 48 97 e5 97 68
    f7 5a 86 35 73 d9 69 9e f9 5f 74 b9 e6 94 13 01
    cb 6a dc e3 c4 04 e9 65 da 9c a4 8b 28 f3 f9 9a
    7f bf 97 1f 45 92 e5 05 b1 56 e6 0b f6 47 de 1e
    89 b6 2b e1 4d df 4a 7e 01 d3 23 dc 97 8c 47 fe
    5f c7 cc 98 46 0e c4 83 5b ca 8a f1 52 09 be 6b
    ec 3f 09 8b d0 93 02 bf e1 51 e7 d1 7e 34 56 19
    74 d0 ff 28 25 de b7 9f 56 52 91 7d 20 29 85 0a
    80 44 5f 71 32 25 71 0f c2 16 e2 5f 6b 1d 3f 32
    5b 0a 3c 74 1c b9 62 f1 ed 07 50 a3 6d b4 b4 31
    0a c0 53 44 6a 3a 88 84 8b 2d a9 b0 37 8e e6 18
    36 bd 9a 20 40 0f 01 92 8b 3d aa 61 e7 ae 2c ed
    36 cd 3a 07 86 74 3a 29 b3 d7 3a b4 00 a9 c2 f5
    92 78 0e e2 0f a3 fe bb be e0 06 53 84 59 1d 90
    69 e5 b6 f9 00 00
<<< TLS 1.2, RecordHeader [length 0005]
    17 03 03 01 19
<<< TLS 1.3, InnerContent [length 0001]
    16
<<< TLS 1.3, Handshake [length 0108], CertificateVerify
    0f 00 01 04 08 04 01 00 49 1f 4a 34 87 c8 ed 9c
    bb 24 58 23 c2 94 30 64 48 03 87 33 72 4c e4 52
    28 b1 69 1c bf ac 16 42 cb e7 e1 3d 0f a8 c3 c3
    02 f4 3e 1c bd 74 42 1e 6b e0 3d e8 ea 07 84 8e
    6e d2 63 0e bd 2e 17 09 78 ad 7b d1 0c fe 95 36
    7c b7 11 3d c3 e1 c2 3c bc 89 3d c9 38 9a 8e 25
    47 d9 18 42 77 44 e1 08 31 f1 65 ee cc fc f9 da
    7f b6 d2 98 ce 84 16 8f 33 80 4f e9 32 d0 22 7a
    f9 aa e6 d5 04 88 59 ed 33 a1 74 5e 9e 28 35 c2
    e4 87 95 d9 de 83 3e 65 16 db f8 de 5c 5c d2 eb
    9d 2f 53 d3 90 07 64 8f 9b ac fe b3 a0 f0 ee 7d
    40 b9 bc af a5 93 78 5a 5b de eb 1c ef 5c 21 09
    0e d2 32 63 0a d8 92 38 3f 75 98 04 87 ec 49 95
    10 d3 b9 3a 2b c1 89 17 cc 32 b1 ad df 61 9c 7f
    7c fb ac 5e 3a c3 ac 96 2a b5 a1 43 66 50 86 c1
    bf ea a2 32 a4 37 a3 cf cd 1c 81 53 f8 38 1a cb
    e5 ae 74 3e f7 85 8a 68
<<< TLS 1.2, RecordHeader [length 0005]
    17 03 03 00 45
<<< TLS 1.3, InnerContent [length 0001]
    16
<<< TLS 1.3, Handshake [length 0034], Finished
    14 00 00 30 a0 98 2d 08 12 49 d7 49 29 16 cc 4c
    cf 10 d8 2e 29 09 1c f1 0e 67 61 be 83 cb 55 61
    c2 5e 4b c8 e2 7a c6 7e e8 35 64 6a 6a 1b 13 68
    72 a4 2d 55
>>> TLS 1.2, RecordHeader [length 0005]
    17 03 03 00 45
>>> TLS 1.2, InnerContent [length 0001]
    16
>>> TLS 1.3, Handshake [length 0034], Finished
    14 00 00 30 d3 ee 14 d1 51 48 f9 8a 71 86 d6 aa
    a5 25 88 7a 85 5b b9 20 f0 83 ef b0 75 93 1a 1b
    a7 da d0 57 18 42 bf 9f 9b ed 09 e0 17 b0 17 8e
    8b da 42 d0
---
Certificate chain
 0 s:CN=server.example
   i:CN=Root CA
   a:PKEY: RSA, 2048 (bit); sigalg: sha256WithRSAEncryption
   v:NotBefore: Jan 14 22:29:46 2016 GMT; NotAfter: Jan 15 22:29:46 2116 GMT
---
Server certificate
-----BEGIN CERTIFICATE-----
MIIDJTCCAg2gAwIBAgIBAjANBgkqhkiG9w0BAQsFADASMRAwDgYDVQQDDAdSb290
IENBMCAXDTE2MDExNDIyMjk0NloYDzIxMTYwMTE1MjIyOTQ2WjAZMRcwFQYDVQQD
DA5zZXJ2ZXIuZXhhbXBsZTCCASIwDQYJKoZIhvcNAQEBBQADggEPADCCAQoCggEB
ANVdYGrf/GHuSKqMEUhDpW22Ul2qmEmxYZI1sfw6BCUMbXn/tNXJ6VwcO+Crs7h9
o95tveDd11q/FEcRQl6mgtBhwX/dE0bmCYUHDvLU/Bpk0gqtIKsga5bwrczEGVNV
3AEdpLPvirRJU12KBRzx3OFEv8XX4ncZV1yXC3XuiENxD8pswbSyUKd3RmxYDxG/
8XYkWq45QrdRZynh0FUwbxfkkeqt+CjCQ2+iZKn7nZiSYkg+6w1PgkqK/z9y7pa1
rqHBmLrvfZB1bf9aUp6r9cB+0IdD24UHBw99OHr90dPuZR3T6jlqhzfuStPgDW71
cKzCvfFu85KVXqnwoWWVk40CAwEAAaN9MHswHQYDVR0OBBYEFMDnhL/oWSczELBS
T1FSLwbWwHrNMB8GA1UdIwQYMBaAFHB/Lq6DaFmYBCMqzes+F80k3QFJMAkGA1Ud
EwQCMAAwEwYDVR0lBAwwCgYIKwYBBQUHAwEwGQYDVR0RBBIwEIIOc2VydmVyLmV4
YW1wbGUwDQYJKoZIhvcNAQELBQADggEBAHvTBEN1ig8RrsT716Ginv4gGNX0LzGI
RrZ1jO7lm5emuaPNYJpGw0iX5Zdo91qGNXPZaZ75X3S55pQTActq3OPEBOll2pyk
iyjz+Zp/v5cfRZLlBbFW5gv2R94eibYr4U3fSn4B0yPcl4xH/l/HzJhGDsSDW8qK
8VIJvmvsPwmL0JMCv+FR59F+NFYZdND/KCXet59WUpF9ICmFCoBEX3EyJXEPwhbi
X2sdPzJbCjx0HLli8e0HUKNttLQxCsBTRGo6iISLLamwN47mGDa9miBADwGSiz2q
YeeuLO02zToHhnQ6KbPXOrQAqcL1kngO4g+j/ru+4AZThFkdkGnltvk=
-----END CERTIFICATE-----
subject=CN=server.example
issuer=CN=Root CA
---
No client certificate CA names sent
Peer signing digest: SHA256
Peer signature type: rsa_pss_rsae_sha256
Negotiated TLS1.3 group: X25519MLKEM768
---
SSL handshake has read 2546 bytes and written 1702 bytes
Verification error: unable to verify the first certificate
---
New, TLSv1.3, Cipher is TLS_AES_256_GCM_SHA384
Protocol: TLSv1.3
Server public key is 2048 bit
This TLS version forbids renegotiation.
Compression: NONE
Expansion: NONE
No ALPN negotiated
Early data was not sent
Verify return code: 21 (unable to verify the first certificate)
---
>>> TLS 1.2, RecordHeader [length 0005]
    17 03 03 00 13
>>> TLS 1.2, InnerContent [length 0001]
    15
>>> TLS 1.3, Alert [length 0002], warning close_notify
    01 00
Connecting to 127.0.0.1
SSL_connect:before SSL initialization
SSL_connect:SSLv3/TLS write client hello
SSL_connect:SSLv3/TLS write client hello
SSL_connect:SSLv3/TLS read server hello
SSL_connect:SSLv3/TLS write change cipher spec
SSL_connect:SSLv3/TLS write client hello
SSL_connect:SSLv3/TLS write client hello
SSL_connect:SSLv3/TLS read server hello
Can't use SSL_get_servername
SSL_connect:TLSv1.3 read encrypted extensions
depth=0 CN=server.example
verify error:num=20:unable to get local issuer certificate
verify return:1
depth=0 CN=server.example
verify error:num=21:unable to verify the first certificate
verify return:1
depth=0 CN=server.example
verify return:1
SSL_connect:SSLv3/TLS read server certificate
SSL_connect:TLSv1.3 read server certificate verify
SSL_connect:SSLv3/TLS read finished
SSL_connect:SSLv3/TLS write finished
DONE
SSL3 alert write:warning:close notify
