CONNECTED(00000003)
>>> TLS 1.0, RecordHeader [length 0005]
    16 03 01 00 d6
>>> TLS 1.3, Handshake [length 00d6], ClientHello
    01 00 00 d2 03 03 73 ef c9 4c 0c 2e 78 b0 66 4b
    9a f3 1a 30 fc f1 00 e5 11 e3 52 33 42 b1 11 52
    59 a9 35 8f f2 35 20 8c 2b 18 e4 0f 1e 3d 3c 99
    96 a1 6d e0 37 d3 86 b3 33 ea 63 cd 6f fb 3e ff
    ca 0b a5 4f d3 63 bb 00 06 13 02 13 03 13 01 01
    00 00 83 00 0b 00 04 03 00 01 02 00 0a 00 06 00
    04 00 1d 11 ec 00 23 00 00 00 16 00 00 00 17 00
    00 00 0d 00 2a 00 28 09 05 09 06 09 04 04 03 05
    03 06 03 08 07 08 08 08 1a 08 1b 08 1c 08 09 08
    0a 08 0b 08 04 08 05 08 06 04 01 05 01 06 01 00
    2b 00 03 02 03 04 00 2d 00 02 01 01 00 33 00 26
    00 24 00 1d 00 20 79 7f 93 a9 8f 33 d4 04 36 99
    ef aa 4a fa 30 00 21 29 3b f6 98 9a 76 2c 73 47
    33 f1 0a 47 42 7b
<<< TLS 1.2, RecordHeader [length 0005]
    16 03 03 00 58
<<< TLS 1.3, Handshake [length 0058], ServerHello
    02 00 00 54 03 03 cf 21 ad 74 e5 9a 61 11 be 1d
    8c 02 1e 65 b8 91 c2 a2 11 16 7a bb 8c 5e 07 9e
    09 e2 c8 a8 33 9c 20 8c 2b 18 e4 0f 1e 3d 3c 99
    96 a1 6d e0 37 d3 86 b3 33 ea 63 cd 6f fb 3e ff
    ca 0b a5 4f d3 63 bb 13 02 00 00 0c 00 2b 00 02
    03 04 00 33 00 02 11 ec
>>> TLS 1.2, RecordHeader [length 0005]
    14 03 03 00 01
>>> TLS 1.3, ChangeCipherSpec [length 0001]
    01
>>> TLS 1.2, RecordHeader [length 0005]
    16 03 03 05 76
>>> TLS 1.3, Handshake [length 0576], ClientHello
    01 00 05 72 03 03 73 ef c9 4c 0c 2e 78 b0 66 4b
    9a f3 1a 30 fc f1 00 e5 11 e3 52 33 42 b1 11 52
    59 a9 35 8f f2 35 20 8c 2b 18 e4 0f 1e 3d 3c 99
    96 a1 6d e0 37 d3 86 b3 33 ea 63 cd 6f fb 3e ff
    ca 0b a5 4f d3 63 bb 00 06 13 02 13 03 13 01 01
    00 05 23 00 0b 00 04 03 00 01 02 00 0a 00 06 00
    04 00 1d 11 ec 00 23 00 00 00 16 00 00 00 17 00
    00 00 0d 00 2a 00 28 09 05 09 06 09 04 04 03 05
    03 06 03 08 07 08 08 08 1a 08 1b 08 1c 08 09 08
    0a 08 0b 08 04 08 05 08 06 04 01 05 01 06 01 00
    2b 00 03 02 03 04 00 2d 00 02 01 01 00 33 04 c6
    04 c4 11 ec 04 c0 7e da 79 aa f1 1d 05 8a c1 5e
    e9 99 97 56 b4 8a 38 6e 8c b7 06 a6 17 4f 35 c8
    30 00 87 80 2a b6 c1 ed a8 ab 69 d0 8a b7 eb 14
    0c b3 70 8b d2 0e 04 85 70 8c 98 20 9d 53 12 07
    ac 3f ff 9c 6e f9 b9 3d c0 8c 4b 0f c9 44 3a f8
    c3 35 b4 2c 6f 71 02 d6 c5 63 6c 22 5f 3a 83 32
    25 72 6f f5 13 b7 c7 70 03 0e 1b 44 aa 30 6a 15
    f9 0a 01 2a c4 7a a2 42 9a 88 91 7c 5b 66 6a c6
    91 f3 8a 96 67 68 05 18 04 ad a6 b9 02 08 41 90
    c2 5b 9b 69 9a 42 74 c2 45 f1 28 4a 8d 47 10 75
    97 ab 1a 69 c1 e0 d7 8a 2c 00 91 10 d2 3c 6e 64
    af 28 c9 2a 0f b9 31 ca 3a 19 6e 47 9c 9c 56 b4
    42 76 51 26 ac 0a be e5 40 7f 88 03 ce f1 6a d6
    83 1c bb a8 44 13 a3 91 35 74 48 46 e9 43 5c 30
    b0 33 89 a4 1c 93 73 ff 46 70 c6 d1 31 6f 59 72
    50 d2 3b e7 20 b9 f9 77 c3 7a 3b 57 f9 2a 70 74
    f2 0b 44 26 29 61 ab bf 80 9a 7e 47 d1 b3 c6 1c
    4a 20 28 33 bb c3 84 5d 61 cf 56 26 b4 21 a7 55
    8f c9 3f 33 0b b7 a6 43 a1 da d8 41 b1 28 0b 77
    32 4b ca c8 92 a4 85 9c 50 78 9e fb 81 3c f9 89
    c5 19 f5 44 ec 25 32 77 9a 41 ac d7 39 b4 1b 0e
    d3 27 b5 1f 29 5e 53 08 85 b0 d6 ab 4d c4 14 50
    f5 5e d1 c3 2d 7e 04 68 97 85 34 a3 46 c1 5e 62
    25 ef e9 34 df 26 76 79 b0 97 ea 3a 92 f2 4b be
    2a f5 07 3e c9 0e fd 69 1d ed eb 0b 8b 4a b5 11
    8b 53 65 7a 0c 36 44 6e b8 e5 aa 60 22 31 2c 29
    84 fa 0b 4d 3a 1a 30 7e 33 56 8a 68 3e 0f a8 c1
    58 c6 b9 cb 72 ae 08 32 24 8f 9b cb a5 60 59 df
    69 5e 6c 42 3d 5e 6c 74 48 23 b2 93 5a 3e 3e 25
    63 61 89 6c 50 45 47 a1 34 71 55 da bf 92 ea 5a
    81 90 44 38 a4 17 4c 09 08 e1 e1 16 6a 15 53 c1
    19 0f b8 26 46 11 79 49 57 0b 4a 6e fb 86 9e 8b
    c9 5a 42 3e 54 49 af 23 04 32 01 21 0b ba da 28
    00 9b ca 0d 6a b8 ec 26 56 59 a4 b5 44 8a 93 22
    a7 68 3d 67 a5 c7 eb 9b 39 94 66 97 a8 68 b0 d5
    58 e2 a3 4d 73 60 b9 a1 e9 47 fd b7 a0 ae 6a c3
    f8 02 a1 b7 5b 42 c9 a4 5b 4c 20 4a 36 d4 8c 7f
    32 14 46 d7 71 97 8c 63 f0 0b 79 3c a9 a1 15 91
    ca 04 35 4a 54 e4 6c c4 3b b2 a4 9c 09 3d 30 94
    04 8c ad 15 23 75 2b 5a 9f 36 71 66 e7 e6 5d 5f
    79 1d 6c d9 95 1b f8 84 f9 15 04 6d 83 0a 9f e7
    08 27 24 23 a0 29 c8 b4 67 69 ff cc 59 4a 71 7e
    fc f8 64 0a 8a 58 c7 9a 76 cf aa 5b 10 70 6d 83
    3a 15 a1 81 65 35 6a 55 c5 5a bd f4 57 ba 6e f9
    9f e6 4c 6f a7 8b 90 70 f9 a5 95 49 83 2c 5a 54
    07 39 8d 6f 7c 46 16 d3 bf f1 b5 68 65 73 58 08
    46 96 03 a3 97 be 55 60 80 69 a2 41 cc c7 85 97
    96 90 80 9c ab 3b 65 bc e1 ab dc 9a b8 da 09 01
    96 20 16 c9 26 c4 05 05 3a 26 97 18 e3 38 1a 19
    a3 4c 9f 63 4a 7c 87 50 ea 9b ce 73 09 14 f0 63
    54 fa 55 77 33 72 4e 54 45 83 0c f7 78 7c 42 6b
    bd a0 04 ac 24 08 e8 92 41 34 70 93 67 92 3c 2c
    c9 29 01 f6 22 7a 10 58 83 61 90 ab c5 56 ce 66
    ba ec 90 5e 41 e6 0f e7 49 3b ee cc 86 49 28 94
    fe a2 50 36 49 ae a5 a2 32 8e 61 ac 7d 34 9e 42
    81 b9 86 d9 55 44 e7 27 5d 91 22 83 b2 a2 79 0a
    64 05 99 17 21 ab 0c c8 b0 5c 4c 23 86 00 cc ae
    73 07 a1 c7 59 b3 b4 28 79 44 b8 31 c3 04 40 6a
    b2 47 7f fc 97 46 4c 7a 02 7c aa 67 b9 15 17 13
    a7 b3 f3 4d 5b 2a 2c a1 f4 90 89 40 45 7b 38 c0
    5c 86 c5 91 8a 0b 22 29 87 eb 16 87 59 82 48 34
    85 b8 cc 86 0b 85 0a 91 a3 f2 5c 3a 14 21 4f 0b
    2d db ca 2e 4e 82 22 8b 09 36 27 c3 68 ff 2a 24
    88 c8 6c 2c 58 af 61 2c 5b 09 9b ab d7 65 93 8e
    27 66 b0 00 ca 79 e9 c0 41 d2 b2 8d c6 0e e2 dc
    c5 4c 0a 81 03 71 63 d9 68 27 fe a7 ca 38 d6 27
    8b c6 20 f6 8a 01 05 50 34 dc 51 ad e0 69 b3 96
    8a c1 52 f0 17 97 cb 56 b8 a7 52 52 c5 73 14 f2
    73 61 a0 c4 dc d0 08 4c eb a0 fd 45 12 de 65 cc
    46 f9 70 1c 1c 5b 68 c0 36 7f eb b7 fc 75 1a 53
    61 6e 74 29 9d 39 f3 0c 19 66 40 10 c1 3f 6e 31
    3c 8f ec 36 f6 f8 1e cc b6 bc e9 70 70 8d 04 10
    2f 03 3f bf 8b 9a e3 87 75 a8 80 3a 81 22 d9 be
    bb 06 08 21 c7 87 d1 ce 71 0f 1f 92 31 dd 12 04
    d5 84 b2 73 a4 60 61 a1 ed 21 1a 53 10 7c 4a 88
    3f b7 0b 5b 7c 92 e6 51 60 c8 45 62 a8 7d 26 ac
    0b db ca 8d 6e 27
<<< TLS 1.2, RecordHeader [length 0005]
    14 03 03 00 01
<<< TLS 1.3, ChangeCipherSpec [length 0001]
    01
<<< TLS 1.2, RecordHeader [length 0005]
    16 03 03 04 ba
<<< TLS 1.3, Handshake [length 04ba], ServerHello
    02 00 04 b6 03 03 f1 c8 2c f5 07 f0 61 99 9a 46
    79 f7 19 94 15 92 c5 a7 f8 89 47 82 d3 a7 34 bc
    36 3c f9 97 fa 14 20 8c 2b 18 e4 0f 1e 3d 3c 99
    96 a1 6d e0 37 d3 86 b3 33 ea 63 cd 6f fb 3e ff
    ca 0b a5 4f d3 63 bb 13 02 00 04 6e 00 2b 00 02
    03 04 00 33 04 64 11 ec 04 60 4b f2 c0 10 9c 52
    66 ea 0c 3c bd fd a8 1a e9 90 60 f7 70 22 fc 8e
    89 6d 23 5d a4 f8 46 33 25 54 0f 3f 75 1c cf d9
    0a 69 55 f5 fb 45 0e 29 03 0a 42 0c a4 f1 10 ed
    53 3e 94 78 ec f1 1b 3b 6c 07 7e 37 00 0a d6 c5
    7d a5 1a 8e f0 74 ae e7 b0 4e 26 e1 e2 97 d1 ce
    a4 cf 48 ac 7f e6 f2 4b 38 98 e2 d5 8e 76 1f 42
    f8 f2 8f 5f 32 5c 9f f0 e5 8f 13 73 59 b9 74 a3
    66 dc 93 8d 38 98 6a db 93 72 ea ad 0c 0b 51 ac
    f3 96 1b ea 2a b1 e1 c5 13 c5 6c 9b ca ed f0 6f
    04 fb 7f d1 c6 6b 7b b0 79 13 47 9c a2 ea 6c 87
    35 63 27 ff 69 36 35 ec 2d 3d 56 d8 61 08 49 97
    ab 40 29 00 cd 17 0e 7d 4f db ce 67 6b bb c7 ad
    2c 01 af 89 2d 09 89 e8 e2 26 9e 20 5b 37 f7 4f
    32 3b 89 35 00 eb 5c 09 a4 f9 a8 53 ac fe 78 38
    d4 b9 07 8a 19 2e 49 59 b8 eb 9a 93 3b 98 03 9e
    d6 c9 f7 76 e8 f2 fb 35 88 5a 21 1c 9f ca dd b3
    9c 84 18 9b 7e 1d 79 c4 40 e2 76 8d af d2 f0 40
    f9 71 49 22 ca b7 b6 63 72 d4 a0 d3 d0 e7 4f 2d
    3f 89 de 58 8f 84 68 d0 0f 84 93 46 51 ce 04 1f
    55 02 0e 25 18 8f dc f8 ae 84 bc 82 8d 1e 73 fa
    49 51 e0 c3 06 7b 43 e1 2a 62 6d 48 fe fd 06 1c
    0a 40 8b 69 26 8d b3 63 05 d6 74 7a 76 c0 f3 f4
    30 56 f4 54 0f 7d f6 90 0e 0b 87 94 37 b7 0c 36
    92 0f 39 6d 32 ad cf 31 3c 95 a1 ee cf 3a 92 fa
    ef 4b 8a ff fb b3 1d 69 31 6b e4 02 38 e9 83 8e
    4b 80 11 ce 56 be d2 8f 0a 69 44 1f 14 d0 ef 00
    e7 57 a3 5c ec c7 ca c4 d3 63 25 7a 4a b9 c1 b6
    e9 cd a9 db b0 ce d8 45 5b c5 10 ef 02 44 43 65
    33 d6 c2 18 4e 3c 1d 03 60 a2 70 fd 9e 09 da 81
    3a 3c f4 ce c6 dd ea 56 50 ae 83 d6 c6 ba fa 37
    16 2f 43 4e b4 23 b8 36 0a a2 76 91 94 0e 23 56
    9e e9 f0 df a9 21 71 ec 4c 50 9e 8c 06 4f 26 96
    ae 25 72 47 2a 3c 1a a5 7d 15 ae 55 b7 ab f0 13
    b7 3a 69 c9 97 13 58 63 15 c4 e0 f4 ab 1e 88 6c
    58 6c dd 2e f4 13 4f 31 84 85 a4 16 9d dc a3 91
    a4 4e 5d 5d 71 35 fa 4e 68 4c 25 07 84 0f 11 f1
    69 af 23 ce d4 96 b8 f8 00 fa 6e bc 27 82 ac 2b
    0f c0 6b ae 91 ed ca f9 44 99 06 90 37 da 3e 26
    c6 b5 e0 5e 0a 80 16 9a 23 a5 3d 27 02 cc 3d 95
    8f 32 f7 75 f5 54 f7 72 aa f4 72 3a 9e 20 c2 d8
    93 43 ce 60 ce fd 3d 1e e7 1b ec c6 e6 f3 0b d5
    be 1b a3 24 8f 6e 85 a8 f0 bf f0 6d 46 22 db a0
    34 c0 6e 59 e0 30 c2 10 23 21 a9 31 e0 8d ac 47
    b2 77 ef f4 77 01 99 97 64 bf 05 6b 97 5a 73 9b
    e2 cc 8d a2 50 5b 6f 06 2e 22 ac 91 cf 50 68 c2
    19 9a 3c 62 89 a9 05 da 2a b0 08 c6 d9 f4 ac 2e
    51 a0 2d 85 db f6 8c 3f 31 14 4e c7 37 bc e1 cc
    de 4d 5b 01 24 3b 72 8d 23 50 e8 66 cb ff 5e e7
    ad c8 9e 27 4a 76 00 b4 32 7c 32 cb cf 17 7f 61
    44 84 86 e1 0d 65 18 0c 76 bc 77 9a 1c dd cc 8a
    b3 11 13 5f b3 ed db 0e 16 54 f4 f1 62 12 01 e4
    33 f1 e7 87 ce a3 d9 ee d3 5e 40 e4 a6 9a 15 8f
    19 9c d1 84 a8 ee e4 19 6c d4 d2 2c 46 eb a8 29
    01 78 46 46 8a af 8f 63 ab b5 67 58 62 91 e3 41
    ef 3a 41 0b ec 0f b7 b3 74 11 38 15 af 3e 8b 9b
    c8 3a 82 1b fb 32 aa 1d d7 63 97 19 52 cd 82 9b
    13 4c ab cd 0b 2f 5e 0c af d5 b0 52 c4 66 d6 04
    1e 1e e4 aa bb b3 5c cc 7a ce 8c b6 22 77 88 c6
    1d d3 b9 76 6a cd aa f3 af 35 64 41 0e a8 17 c5
    ef bf 18 7c a6 26 d7 04 4e 08 2f dd dd 14 aa b6
    82 16 6e 39 43 a7 53 c1 ea 7b 0a 59 ba 9c 81 2d
    4b 55 14 92 b3 f5 4b c2 b9 d4 c7 be e9 22 c1 60
    fb 5b 23 9b f4 6e d3 6e 93 6a 1f ae 46 4b d6 58
    99 03 2d b4 62 e7 d0 a8 27 6e 56 22 ce eb 50 b6
    b5 81 16 69 e2 3d c2 67 63 72 9e 40 2a 5b ae 85
    4d a8 11 17 1c d1 04 3a 1c 6e 94 d8 d0 6d 5d 87
    1a f5 9d 80 3a 22 12 e7 da 98 7c 0e d0 af f0 63
    c5 ca 85 e5 81 74 16 af 0e b9 d1 ac 9d 5b 12 5e
    10 db 13 bf 48 06 4f 17 dd d4 b8 24 4a 06 0f 7b
    d0 99 7b fb 65 4b 1d 4f c1 51
<<< TLS 1.2, RecordHeader [length 0005]
    17 03 03 00 17
<<< TLS 1.3, InnerContent [length 0001]
    16
<<< TLS 1.3, Handshake [length 0006], EncryptedExtensions
    08 00 00 02 00 00
<<< TLS 1.2, RecordHeader [length 0005]
    17 03 03 03 47
<<< TLS 1.3, InnerContent [length 0001]
    16
<<< TLS 1.3, Handshake [length 0336], Certificate
    0b 00 03 32 00 00 03 2e 00 03 29 30 82 03 25 30
    82 02 0d a0 03 02 01 02 02 01 02 30 0d 06 09 2a
    86 48 86 f7 0d 01 01 0b 05 00 30 12 31 10 30 0e
    06 03 55 04 03 0c 07 52 6f 6f 74 20 43 41 30 20
    17 0d 31 36 30 31 31 34 32 32 32 39 34 36 5a 18
    0f 32 31 31 36 30 31 31 35 32 32 32 39 34 36 5a
    30 19 31 17 30 15 06 03 55 04 03 0c 0e 73 65 72
    76 65 72 2e 65 78 61 6d 70 6c 65 30 82 01 22 30
    0d 06 09 2a 86 48 86 f7 0d 01 01 01 05 00 03 82
    01 0f 00 30 82 01 0a 02 82 01 01 00 d5 5d 60 6a
    df fc 61 ee 48 aa 8c 11 48 43 a5 6d b6 52 5d aa
    98 49 b1 61 92 35 b1 fc 3a 04 25 0c 6d 79 ff b4
    d5 c9 e9 5c 1c 3b e0 ab b3 b8 7d a3 de 6d bd e0
    dd d7 5a bf 14 47 11 42 5e a6 82 d0 61 c1 7f dd
    13 46 e6 09 85 07 0e f2 d4 fc 1a 64 d2 0a ad 20
    ab 20 6b 96 f0 ad cc c4 19 53 55 dc 01 1d a4 b3
    ef 8a b4 49 53 5d 8a 05 1c f1 dc e1 44 bf c5 d7
    e2 77 19 57 5c 97 0b 75 ee 88 43 71 0f ca 6c c1
    b4 b2 50 a7 77 46 6c 58 0f 11 bf f1 76 24 5a ae
    39 42 b7 51 67 29 e1 d0 55 30 6f 17 e4 91 ea ad
    f8 28 c2 43 6f a2 64 a9 fb 9d 98 92 62 48 3e eb
    0d 4f 82 4a 8a ff 3f 72 ee 96 b5 ae a1 c1 98 ba
    ef 7d 90 75 6d ff 5a 52 9e ab f5 c0 7e d0 87 43
    db 85 07 07 0f 7d 38 7a fd d1 d3 ee 65 1d d3 ea
    39 6a 87 37 ee 4a d3 e0 0d 6e f5 70 ac c2 bd f1
    6e f3 92 95 5e a9 f0 a1 65 95 93 8d 02 03 01 00
    01 a3 7d 30 7b 30 1d 06 03 55 1d 0e 04 16 04 14
    c0 e7 84 bf e8 59 27 33 10 b0 52 4f 51 52 2f 06
    d6 c0 7a cd 30 1f 06 03 55 1d 23 04 18 30 16 80
    14 70 7f 2e ae 83 68 59 98 04 23 2a cd eb 3e 17
    cd 24 dd 01 49 30 09 06 03 55 1d 13 04 02 30 00
    30 13 06 03 55 1d 25 04 0c 30 0a 06 08 2b 06 01
    05 05 07 03 01 30 19 06 03 55 1d 11 04 12 30 10
    82 0e 73 65 72 76 65 72 2e 65 78 61 6d 70 6c 65
    30 0d 06 09 2a 86 48 86 f7 0d 01 01 0b 05 00 03
    82 01 01 00 7b d3 04 43 75 8a 0f 11 ae c4 fb d7
    a1 a2 9e fe 20 18 d5 f4 2f 31 88 46 b6 75 8c ee
    e5 9b 97 a6 b9 a3 cd 60 9a 46 c3 48 97 e5 97 68
    f7 5a 86 35 73 d9 69 9e f9 5f 74 b9 e6 94 13 01
    cb 6a dc e3 c4 04 e9 65 da 9c a4 8b 28 f3 f9 9a
    7f bf 97 1f 45 92 e5 05 b1 56 e6 0b f6 47 de 1e
    89 b6 2b e1 4d df 4a 7e 01 d3 23 dc 97 8c 47 fe
    5f c7 cc 98 46 0e c4 83 5b ca 8a f1 52 09 be 6b
    ec 3f 09 8b d0 93 02 bf e1 51 e7 d1 7e 34 56 19
    74 d0 ff 28 25 de b7 9f 56 52 91 7d 20 29 85 0a
    80 44 5f 71 32 25 71 0f c2 16 e2 5f 6b 1d 3f 32
    5b 0a 3c 74 1c b9 62 f1 ed 07 50 a3 6d b4 b4 31
    0a c0 53 44 6a 3a 88 84 8b 2d a9 b0 37 8e e6 18
    36 bd 9a 20 40 0f 01 92 8b 3d aa 61 e7 ae 2c ed
    36 cd 3a 07 86 74 3a 29 b3 d7 3a b4 00 a9 c2 f5
    92 78 0e e2 0f a3 fe bb be e0 06 53 84 59 1d 90
    69 e5 b6 f9 00 00
<<< TLS 1.2, RecordHeader [length 0005]
    17 03 03 01 19
<<< TLS 1.3, InnerContent [length 0001]
    16
<<< TLS 1.3, Handshake [length 0108], CertificateVerify
    0f 00 01 04 08 04 01 00 c7 91 b0 4f 5e 50 6e d8
    01 b2 14 d8 3a 49 d7 2f 6e 20 80 a9 b4 10 a7 f6
    95 96 ab 60 4e c3 a2 5b 05 33 3b 68 74 53 bc 83
    84 d2 4d 3f ab 31 8d cc dd 6a 51 7d c5 9a d5 b7
    1a 9e 97 a0 ef d2 72 18 15 65 53 d5 8c 18 ad da
    0f 0b 3c 24 e7 c1 09 6b 0e 59 3c 60 93 83 05 f5
    21 e8 64 01 dc d7 1d c0 d4 db 3b 90 0d 43 52 81
    39 e6 5a 5f bd 2a df 6e aa 45 7f 71 fe 23 cc 4b
    f8 79 d4 1d 98 7b c7 91 79 f8 34 5a 11 b3 5d 4d
    ae 0f b5 30 1f 69 5d c0 c9 ea d3 35 5a 53 9d ee
    9c 9d 9a d7 33 7b 99 6c 4a b5 af 1c 06 4f d0 78
    62 9e 67 1a e6 ed f4 e4 bb 96 db 1e 48 3e 93 ef
    93 e0 70 ae 58 a1 59 b9 e4 a6 3d 24 33 60 73 bb
    ec 5e 1c 96 9f 1e 8a 65 06 38 d0 e0 f0 80 d7 57
    81 76 c7 2c 9e a7 d0 37 7a 40 68 af 30 85 ab bd
    01 86 61 9e 87 12 9a 65 2d ae 4e 58 fd 33 1a 0f
    1e 42 f0 65 44 05 65 33
<<< TLS 1.2, RecordHeader [length 0005]
    17 03 03 00 45
<<< TLS 1.3, InnerContent [length 0001]
    16
<<< TLS 1.3, Handshake [length 0034], Finished
    14 00 00 30 f4 0b 35 bb ed ed e4 7d 24 00 14 d6
    21 8d bc c7 63 3e ab 2b e1 ae 92 48 cb 0b 39 a6
    47 38 cf e9 61 86 ac ce de 48 76 a4 d2 00 6a 15
    48 3f c3 07
>>> TLS 1.2, RecordHeader [length 0005]
    17 03 03 00 45
>>> TLS 1.2, InnerContent [length 0001]
    16
>>> TLS 1.3, Handshake [length 0034], Finished
    14 00 00 30 a3 94 fc 4e 2d 8b d1 10 8b 2f 8d 5f
    00 76 a0 9f 02 7d ae 21 9c 2e d9 26 1b c3 bf 4d
    9d 95 9c c5 e8 f7 67 85 e7 09 4f 74 a6 46 a7 b7
    7d 8f e5 b7
---
Certificate chain
 0 s:CN=server.example
   i:CN=Root CA
   a:PKEY: RSA, 2048 (bit); sigalg: sha256WithRSAEncryption
   v:NotBefore: Jan 14 22:29:46 2016 GMT; NotAfter: Jan 15 22:29:46 2116 GMT
---
Server certificate
-----BEGIN CERTIFICATE-----
MIIDJTCCAg2gAwIBAgIBAjANBgkqhkiG9w0BAQsFADASMRAwDgYDVQQDDAdSb290
IENBMCAXDTE2MDExNDIyMjk0NloYDzIxMTYwMTE1MjIyOTQ2WjAZMRcwFQYDVQQD
DA5zZXJ2ZXIuZXhhbXBsZTCCASIwDQYJKoZIhvcNAQEBBQADggEPADCCAQoCggEB
ANVdYGrf/GHuSKqMEUhDpW22Ul2qmEmxYZI1sfw6BCUMbXn/tNXJ6VwcO+Crs7h9
o95tveDd11q/FEcRQl6mgtBhwX/dE0bmCYUHDvLU/Bpk0gqtIKsga5bwrczEGVNV
3AEdpLPvirRJU12KBRzx3OFEv8XX4ncZV1yXC3XuiENxD8pswbSyUKd3RmxYDxG/
8XYkWq45QrdRZynh0FUwbxfkkeqt+CjCQ2+iZKn7nZiSYkg+6w1PgkqK/z9y7pa1
rqHBmLrvfZB1bf9aUp6r9cB+0IdD24UHBw99OHr90dPuZR3T6jlqhzfuStPgDW71
cKzCvfFu85KVXqnwoWWVk40CAwEAAaN9MHswHQYDVR0OBBYEFMDnhL/oWSczELBS
T1FSLwbWwHrNMB8GA1UdIwQYMBaAFHB/Lq6DaFmYBCMqzes+F80k3QFJMAkGA1Ud
EwQCMAAwEwYDVR0lBAwwCgYIKwYBBQUHAwEwGQYDVR0RBBIwEIIOc2VydmVyLmV4
YW1wbGUwDQYJKoZIhvcNAQELBQADggEBAHvTBEN1ig8RrsT716Ginv4gGNX0LzGI
RrZ1jO7lm5emuaPNYJpGw0iX5Zdo91qGNXPZaZ75X3S55pQTActq3OPEBOll2pyk
iyjz+Zp/v5cfRZLlBbFW5gv2R94eibYr4U3fSn4B0yPcl4xH/l/HzJhGDsSDW8qK
8VIJvmvsPwmL0JMCv+FR59F+NFYZdND/KCXet59WUpF9ICmFCoBEX3EyJXEPwhbi
X2sdPzJbCjx0HLli8e0HUKNttLQxCsBTRGo6iISLLamwN47mGDa9miBADwGSiz2q
YeeuLO02zToHhnQ6KbPXOrQAqcL1kngO4g+j/ru+4AZThFkdkGnltvk=
-----END CERTIFICATE-----
subject=CN=server.example
issuer=CN=Root CA
---
No client certificate CA names sent
Peer signing digest: SHA256
Peer signature type: rsa_pss_rsae_sha256
Negotiated TLS1.3 group: X25519MLKEM768
---
SSL handshake has read 2546 bytes and written 1702 bytes
Verification error: unable to verify the first certificate
---
New, TLSv1.3, Cipher is TLS_AES_256_GCM_SHA384
Protocol: TLSv1.3
Server public key is 2048 bit
This TLS version forbids renegotiation.
Compression: NONE
Expansion: NONE
No ALPN negotiated
Early data was not sent
Verify return code: 21 (unable to verify the first certificate)
---
>>> TLS 1.2, RecordHeader [length 0005]
    17 03 03 00 13
>>> TLS 1.2, InnerContent [length 0001]
    15
>>> TLS 1.3, Alert [length 0002], warning close_notify
    01 00
Connecting to 127.0.0.1
SSL_connect:before SSL initialization
SSL_connect:SSLv3/TLS write client hello
SSL_connect:SSLv3/TLS write client hello
SSL_connect:SSLv3/TLS read server hello
SSL_connect:SSLv3/TLS write change cipher spec
SSL_connect:SSLv3/TLS write client hello
SSL_connect:SSLv3/TLS write client hello
SSL_connect:SSLv3/TLS read server hello
Can't use SSL_get_servername
SSL_connect:TLSv1.3 read encrypted extensions
depth=0 CN=server.example
verify error:num=20:unable to get local issuer certificate
verify return:1
depth=0 CN=server.example
verify error:num=21:unable to verify the first certificate
verify return:1
depth=0 CN=server.example
verify return:1
SSL_connect:SSLv3/TLS read server certificate
SSL_connect:TLSv1.3 read server certificate verify
SSL_connect:SSLv3/TLS read finished
SSL_connect:SSLv3/TLS write finished
DONE
SSL3 alert write:warning:close notify
