CONNECTED(00000003)
>>> TLS 1.0, RecordHeader [length 0005]
    16 03 01 00 d6
>>> TLS 1.3, Handshake [length 00d6], ClientHello
    01 00 00 d2 03 03 bd f5 d3 a2 d4 93 e3 14 e5 10
    1f a4 7d 20 7a 15 87 85 da d8 58 a7 51 f2 52 9c
    bf 12 9b 7a 28 5c 20 90 02 68 b7 50 05 f9 73 bd
    eb 8e a0 e8 ce 64 e6 8a 09 db 90 13 e3 85 05 60
    01 cc dc fd 01 98 44 00 06 13 02 13 03 13 01 01
    00 00 83 00 0b 00 04 03 00 01 02 00 0a 00 06 00
    04 00 1d 11 ec 00 23 00 00 00 16 00 00 00 17 00
    00 00 0d 00 2a 00 28 09 05 09 06 09 04 04 03 05
    03 06 03 08 07 08 08 08 1a 08 1b 08 1c 08 09 08
    0a 08 0b 08 04 08 05 08 06 04 01 05 01 06 01 00
    2b 00 03 02 03 04 00 2d 00 02 01 01 00 33 00 26
    00 24 00 1d 00 20 7f ec 3a 25 51 08 41 b1 34 0f
    1d 8b 15 c6 82 2e 13 df 08 6a d6 9e 03 e1 b7 3f
    ce 11 56 81 c9 4e
<<< TLS 1.2, RecordHeader [length 0005]
    16 03 03 00 58
<<< TLS 1.3, Handshake [length 0058], ServerHello
    02 00 00 54 03 03 cf 21 ad 74 e5 9a 61 11 be 1d
    8c 02 1e 65 b8 91 c2 a2 11 16 7a bb 8c 5e 07 9e
    09 e2 c8 a8 33 9c 20 90 02 68 b7 50 05 f9 73 bd
    eb 8e a0 e8 ce 64 e6 8a 09 db 90 13 e3 85 05 60
    01 cc dc fd 01 98 44 13 02 00 00 0c 00 2b 00 02
    03 04 00 33 00 02 11 ec
>>> TLS 1.2, RecordHeader [length 0005]
    14 03 03 00 01
>>> TLS 1.3, ChangeCipherSpec [length 0001]
    01
>>> TLS 1.2, RecordHeader [length 0005]
    16 03 03 05 76
>>> TLS 1.3, Handshake [length 0576], ClientHello
    01 00 05 72 03 03 bd f5 d3 a2 d4 93 e3 14 e5 10
    1f a4 7d 20 7a 15 87 85 da d8 58 a7 51 f2 52 9c
    bf 12 9b 7a 28 5c 20 90 02 68 b7 50 05 f9 73 bd
    eb 8e a0 e8 ce 64 e6 8a 09 db 90 13 e3 85 05 60
    01 cc dc fd 01 98 44 00 06 13 02 13 03 13 01 01
    00 05 23 00 0b 00 04 03 00 01 02 00 0a 00 06 00
    04 00 1d 11 ec 00 23 00 00 00 16 00 00 00 17 00
    00 00 0d 00 2a 00 28 09 05 09 06 09 04 04 03 05
    03 06 03 08 07 08 08 08 1a 08 1b 08 1c 08 09 08
    0a 08 0b 08 04 08 05 08 06 04 01 05 01 06 01 00
    2b 00 03 02 03 04 00 2d 00 02 01 01 00 33 04 c6
    04 c4 11 ec 04 c0 59 ec a0 b6 ac 41 db e8 32 e5
    0c 13 9b 0c 34 8c f1 61 14 38 c1 d4 a9 22 1c 82
    73 63 77 68 c8 79 7f 8b e4 6f 52 31 26 1c 7a 1d
    3f 58 13 2c 3c 9f 0f c0 80 10 42 1c 90 f4 64 2d
    59 7e 96 81 3a 43 e7 27 12 b9 34 e0 f1 c8 1b 82
    01 d9 fc 21 40 e3 44 04 89 7f 92 11 0a 24 a0 8f
    b8 65 72 42 52 89 09 73 a0 19 40 a5 91 10 29 10
    05 5e 30 16 8f da 88 12 ea a9 1a fd c2 9b 7c 53
    b7 98 c2 24 a0 1a a6 e9 a4 15 66 51 1b 52 98 06
    4b 94 34 47 b6 04 3d fb 61 1d 74 3a 58 28 6e bd
    f5 63 d3 a3 59 51 e0 ca c7 9a 4c c0 04 c7 c5 47
    2c 62 ea 72 55 4a bf 65 10 5c 67 08 c9 01 13 86
    12 85 3c 0f 08 6a 89 ec 08 2a 61 66 fd 24 7f 83
    0a ce ad db bf f2 86 80 ea b5 31 cf 54 bc 4e 42
    96 08 28 2e cf 12 47 94 94 a1 27 26 0d ce ba c1
    69 d4 1d a3 b0 73 dd 83 0e 8a 1a 81 ab 14 95 eb
    db bd 99 24 48 84 6b 37 a0 24 6d 18 19 88 73 4c
    ab 06 53 62 29 a1 99 3c 44 62 40 37 68 48 40 c3
    42 8a 11 d4 71 6b 20 c7 0a 6f fc 37 1c 94 3e 53
    3c 4a 37 00 79 5a f2 78 17 f3 85 b5 7c 6e 6a 0a
    86 17 99 98 51 e0 5a 09 03 46 5b 04 7c 04 84 43
    51 97 b9 dd d4 05 bf ca 73 fc e9 7c 81 4b ae 14
    81 88 3c 3b 6b 48 1a b8 e5 57 88 7e 38 1a b2 89
    9a ff a2 95 83 2a a5 01 64 9a 5f 4b 84 bd db cd
    8a 99 2d b3 ec 57 40 70 c1 64 a5 ad 66 02 6e a0
    47 ac 26 48 44 5c c7 05 93 25 b2 29 21 87 a9 e9
    b6 8f 50 09 77 46 36 40 33 88 d6 8b 56 0d 69 2d
    e0 c6 0d f5 95 ad 22 07 0b e6 b1 38 f5 78 1d 4d
    f6 4a f2 9c c7 00 44 37 7a f0 99 67 41 a0 74 f6
    a2 ac ac 4c 47 24 7e 53 91 5f e3 22 b2 6d 12 4b
    be a1 70 e5 c3 89 e0 f3 a8 70 a0 45 79 73 1f 59
    c3 73 cf 30 8f 2f 42 6f 4c b6 5c 1d d9 b2 73 06
    72 ce 19 78 45 e7 82 e1 47 76 d6 06 55 62 c1 8b
    e2 56 9a 41 c5 96 a8 20 c6 3b 73 92 7f 51 8b ee
    ab 72 05 dc 4f 23 f9 0f 22 00 b9 7f fa 8c ed 2a
    0b 01 70 6c 83 8b b1 f6 d4 16 db 9a c2 08 ba cd
    bc db 93 3d 7c c6 a4 59 75 50 16 12 4d 43 1b 21
    23 c8 4d e8 c6 9e 96 2e 79 c7 63 2b fa 36 e6 d5
    77 71 eb 7f fd 29 c3 d7 45 8d c3 d3 1b d7 54 07
    99 7c 5a a7 84 14 58 78 c5 12 42 1a b1 81 1a b0
    33 12 6a 90 3f c6 b4 75 d8 b4 7f fb 9c 4a 06 7a
    37 34 b8 7f 57 eb c6 22 69 75 76 07 b9 29 b3 02
    88 16 49 2e 5a 90 ea a9 70 30 88 06 89 32 24 a8
    4a b2 ed 64 45 6d c1 50 6c b1 7f dc b4 96 c1 60
    a2 bb 08 2d 86 8c c2 f4 0c 43 d2 55 76 60 f5 a5
    05 e7 18 9c 12 02 42 7a 9b bb 5c 97 33 a2 15 f7
    20 7f 25 a2 38 38 2c 9c 73 31 2f 7e 66 1b b2 c5
    b9 68 21 a2 80 01 94 e4 61 74 d1 24 42 64 05 56
    24 60 09 14 69 30 63 67 8d 30 6b 9b 14 0c 84 85
    a5 b2 2e 29 88 ac e4 ba d5 11 47 11 10 8c f6 12
    c4 1a 19 04 07 99 ca 20 f9 06 8d e0 b6 de fb 8a
    4c 39 47 6b 74 ce 16 a4 08 29 28 3a b5 18 73 fb
    c6 a5 47 b9 56 34 21 52 3c 02 6c cf 48 4d 02 a3
    14 fe b6 2d 09 b2 3a fc 35 19 c6 f4 04 1a 10 7f
    77 bb 91 e1 33 be 9b 64 a5 1a da 6f c6 81 59 7f
    5c c7 e8 dc 6b 97 bc 9e cc 50 be fe e6 af 46 43
    1b 29 bc 5e 60 00 52 0b 65 7e 69 69 2c 11 bc 5a
    d4 e1 c8 95 57 84 0c 9a 05 b7 8c 85 85 12 3d 2a
    64 8b 6e 70 a4 13 05 c4 d8 a7 b6 11 56 70 e9 07
    a7 12 41 46 12 82 06 55 3a 9c 78 ab 4f 19 88 1c
    3f 80 66 6c 4c 09 3b 2b 4e 67 89 80 33 b3 4a aa
    d9 7e 3a 99 10 84 59 41 b5 60 ac 76 f7 72 11 04
    af 84 fc be 93 f1 a2 2c fa aa b4 49 c1 ef 23 98
    02 24 97 5f 21 12 e2 eb 61 fc 9a 80 fa fb 83 9b
    5a 6d b0 c8 c1 19 4b c0 95 11 c8 53 61 c9 f4 f9
    3d 04 0c 20 f3 6c 55 68 00 91 03 74 68 09 79 7f
    29 d2 a7 da d7 95 8b a9 24 7a 12 43 ab d0 b0 af
    eb 57 b7 2c 32 ad f2 8d f9 c3 07 86 73 c5 cd 03
    0e 09 e5 0d fa 58 89 46 82 6b c3 ea 27 06 cb 35
    c9 00 16 80 22 72 26 6b 13 a1 b2 28 1b 51 15 83
    ec 5b 9e 70 26 89 6a 7a 77 69 8f b4 c9 2d 01 d4
    c2 79 c3 28 3a 6a b3 5e 77 34 be a1 47 f8 9a cf
    73 97 44 19 51 14 03 ec fa e9 0d c4 81 53 dc 81
    73 de 76 69 ba f6 86 fa bd 88 b3 22 6d 9a 35 61
    41 35 fc 04 22 c0 51 52 4b bc 7e 14 8c 0b fe a3
    4a a4 9d b4 05 c6 c6 8b b2 bc 69 16 6d ac 82 e4
    7d eb 8e c4 bc 58
<<< TLS 1.2, RecordHeader [length 0005]
    14 03 03 00 01
<<< TLS 1.3, ChangeCipherSpec [length 0001]
    01
<<< TLS 1.2, RecordHeader [length 0005]
    16 03 03 04 ba
<<< TLS 1.3, Handshake [length 04ba], ServerHello
    02 00 04 b6 03 03 b0 f8 23 09 3b 2a ad 9e 26 8a
    f9 f6 e2 ce ea 42 68 54 77 79 5f 8d d5 a7 8a b4
    5d c6 55 6f 0d 07 20 90 02 68 b7 50 05 f9 73 bd
    eb 8e a0 e8 ce 64 e6 8a 09 db 90 13 e3 85 05 60
    01 cc dc fd 01 98 44 13 02 00 04 6e 00 2b 00 02
    03 04 00 33 04 64 11 ec 04 60 9e d3 90 4d 77 f5
    37 24 6b 4d 02 cc 09 76 a1 7e 28 55 46 3d f2 64
    1e 55 6b 17 1a f6 76 5a 99 f1 f6 1e dd 56 17 36
    5f 2b c5 2e af 38 9f 4b 5f a5 62 e7 94 b1 fd 20
    f4 0d be 61 fd b8 44 17 21 98 59 f3 00 6a 88 41
    c1 e4 ed ed 7e 36 3e 3c 63 96 b9 8b 0c ee c0 a2
    1f dd 9f 34 8d d6 88 80 cb 5e f2 77 10 d0 a8 ba
    0e a5 4e ee a3 fd e5 f0 c3 e1 18 50 a6 f7 c2 09
    dd 5b 19 a4 3f 12 f0 6f 5f 85 d2 62 42 5e 3a c4
    4d 17 db 31 7a 0d a9 61 06 1e 10 eb d5 1f 2d f4
    b5 7a ad de f2 48 64 e1 72 d1 3b 58 2c 27 63 0d
    4a e5 e1 30 ac 8d ec 58 85 b1 86 7c 3a ef b0 c1
    b2 ab ff f1 85 58 e1 6a 97 ed 94 59 db 81 27 2d
    e5 c3 be 78 0e 01 7b 67 3c 1b 96 18 a4 d3 a6 7c
    09 ed 04 f0 5a b9 a5 33 7f 36 ba 41 4b ef f8 b8
    6d b0 77 78 b4 15 90 d4 cf 49 ee eb 1b 7b 26 06
    ad 93 72 57 e7 b8 d8 d3 7c 2c b7 2c 2d c0 e2 3f
    5c 18 5f e8 77 5a 9b 98 89 84 50 7f 70 67 98 ea
    92 0d c9 e3 13 34 3d b6 d3 b5 a3 f1 2e 26 c3 72
    de 5f 54 cd c6 29 1b 52 7c a3 a7 6e 43 8f 89 ed
    59 9b b1 10 83 94 60 25 da 2e 30 ee 63 1d d5 2b
    45 68 2f 86 4f 1c e1 6a 76 78 d3 d2 b2 00 48 15
    4d 90 c5 7f 23 03 5a 5d cb 9e cc 9d 19 c4 a5 13
    0c 40 fc 85 1a e8 20 3a 27 0e 01 b6 5a d8 82 5a
    59 71 eb eb a7 ac 07 94 7c f8 87 e8 db b7 6e 9a
    39 ef 6f a3 70 11 1c 5d d2 15 a3 4f fa 58 9e e6
    cc 91 79 c6 8b ea b7 e7 cc d1 5f 8b 9d e7 1d d0
    93 fe 6b ed 05 7f 94 21 0c ec 8b f6 bb 13 27 c8
    df 0a aa f9 0d 72 d4 b8 f4 7e 94 dd 9e b2 2b 5d
    95 c7 bd 76 f9 a8 bb 02 62 7e e8 70 f2 6f 73 a4
    f6 ea 51 2a dc 1c 9d 80 2a 9d e5 6a 65 e4 40 01
    19 b0 cd dd ee b2 e9 5e e3 0e 4e 2d 0b 6b 85 a3
    02 13 db d1 71 7c e9 aa 92 f5 19 17 6e 00 8d 0b
    d8 be c7 28 5b 31 ce 0b 80 9d 65 35 27 95 cc fd
    c8 b7 f7 f9 ee 80 b5 b9 cc e1 5c c2 0e c8 f2 a1
    f0 6e b4 49 be d4 c0 b7 c8 cc 41 89 da 4e d1 c5
    cc f3 d7 ae 6d c7 68 43 0b 52 12 6d d6 ac c3 c6
    a7 d3 91 c8 72 a4 37 87 97 e8 4e ac 48 01 61 38
    43 19 90 42 2c 7a e1 11 01 6d 4a 5b 00 7e 7e 65
    77 74 88 71 ba 39 fb fc 2d 0b 77 3a 38 75 06 ba
    fc bd 42 bd 3d 81 64 55 d9 8a 33 17 78 9f 65 c0
    5e 4a dd 27 37 8b 0a 75 5d 8f 17 39 6c 8d de c2
    4d f7 dc 1c 87 e3 8f f1 a6 ba f8 a1 28 0f 83 de
    57 1e f8 e2 b4 df 28 74 ba 3d 29 84 cd 66 b3 2c
    57 44 35 3b 8a 29 0f c7 5f d1 85 da 27 84 ef a1
    df 95 b6 71 21 fd 50 92 90 a6 79 5a fc a4 5a 23
    7b a7 0d 0c 62 0a 3b 28 f3 c1 70 61 47 99 3b b6
    91 9e 3a 94 79 d3 53 02 1a 40 73 6c 5a 08 1f 1f
    52 70 a1 70 30 61 f9 d4 29 e3 d9 3f 4a e5 e0 43
    5c be ef 5a dc fe 3c 68 28 d5 d8 f6 f6 2b d3 c1
    64 13 44 67 4e be f4 f7 4c fb 18 cd 37 3c d3 e7
    04 22 f3 71 44 a9 5f c0 a7 86 3c 05 cd 0f c7 56
    8f bd 9e 9b 41 04 03 a2 4e dd bd 07 cd ec f7 56
    00 23 f6 fd 17 a1 27 63 62 3b a5 4c 4b f7 a7 d5
    a3 8d 26 56 b2 71 45 e3 7c 45 80 1e 7b e4 a1 f5
    8d e8 7e 0e 0b 3f 99 e7 36 ae 92 d6 20 7f ea 1a
    29 77 17 c2 a6 d2 1d f6 9f f2 dd 76 a2 ff ba b9
    81 69 80 73 af 81 ae 9a bb 94 5b 58 f2 39 df c7
    23 6e b7 dd 66 13 cd ed 2b 01 66 0b 9f aa d1 45
    7f 73 b0 08 94 fc f4 39 4c fc be 1b 26 bd ee 49
    f5 78 7b 60 f4 73 73 75 59 07 c4 f0 75 f4 64 91
    49 cb 58 50 29 db 0e 09 dd ef 5b 3c 7f 97 66 bc
    03 18 dc 81 54 f2 72 96 88 71 af ac 39 22 72 39
    6b 63 89 69 81 fe 0f a0 31 5f af 7e dd f4 e0 b4
    53 50 17 39 f8 94 60 1e 72 c8 66 fa 9f 51 98 80
    96 f7 10 05 1c 5d 91 86 a9 33 4d df 73 96 7a a7
    a7 cf 46 cd 98 38 43 e7 b6 78 b5 f3 a8 d8 89 41
    07 d2 ca 85 72 f1 2c 02 10 ff 71 1f 9a 27 8b 29
    66 34 b2 44 3f 97 29 6e 82 3f c1 7d 7d 72 b1 5b
    5b 42 73 b0 42 2c e7 72 59 6e dd 5e d4 f3 7d e4
    5c 0f 57 a8 77 3d 1f ad 2e 5c
<<< TLS 1.2, RecordHeader [length 0005]
    17 03 03 00 17
<<< TLS 1.3, InnerContent [length 0001]
    16
<<< TLS 1.3, Handshake [length 0006], EncryptedExtensions
    08 00 00 02 00 00
<<< TLS 1.2, RecordHeader [length 0005]
    17 03 03 03 47
<<< TLS 1.3, InnerContent [length 0001]
    16
<<< TLS 1.3, Handshake [length 0336], Certificate
    0b 00 03 32 00 00 03 2e 00 03 29 30 82 03 25 30
    82 02 0d a0 03 02 01 02 02 01 02 30 0d 06 09 2a
    86 48 86 f7 0d 01 01 0b 05 00 30 12 31 10 30 0e
    06 03 55 04 03 0c 07 52 6f 6f 74 20 43 41 30 20
    17 0d 31 36 30 31 31 34 32 32 32 39 34 36 5a 18
    0f 32 31 31 36 30 31 31 35 32 32 32 39 34 36 5a
    30 19 31 17 30 15 06 03 55 04 03 0c 0e 73 65 72
    76 65 72 2e 65 78 61 6d 70 6c 65 30 82 01 22 30
    0d 06 09 2a 86 48 86 f7 0d 01 01 01 05 00 03 82
    01 0f 00 30 82 01 0a 02 82 01 01 00 d5 5d 60 6a
    df fc 61 ee 48 aa 8c 11 48 43 a5 6d b6 52 5d aa
    98 49 b1 61 92 35 b1 fc 3a 04 25 0c 6d 79 ff b4
    d5 c9 e9 5c 1c 3b e0 ab b3 b8 7d a3 de 6d bd e0
    dd d7 5a bf 14 47 11 42 5e a6 82 d0 61 c1 7f dd
    13 46 e6 09 85 07 0e f2 d4 fc 1a 64 d2 0a ad 20
    ab 20 6b 96 f0 ad cc c4 19 53 55 dc 01 1d a4 b3
    ef 8a b4 49 53 5d 8a 05 1c f1 dc e1 44 bf c5 d7
    e2 77 19 57 5c 97 0b 75 ee 88 43 71 0f ca 6c c1
    b4 b2 50 a7 77 46 6c 58 0f 11 bf f1 76 24 5a ae
    39 42 b7 51 67 29 e1 d0 55 30 6f 17 e4 91 ea ad
    f8 28 c2 43 6f a2 64 a9 fb 9d 98 92 62 48 3e eb
    0d 4f 82 4a 8a ff 3f 72 ee 96 b5 ae a1 c1 98 ba
    ef 7d 90 75 6d ff 5a 52 9e ab f5 c0 7e d0 87 43
    db 85 07 07 0f 7d 38 7a fd d1 d3 ee 65 1d d3 ea
    39 6a 87 37 ee 4a d3 e0 0d 6e f5 70 ac c2 bd f1
    6e f3 92 95 5e a9 f0 a1 65 95 93 8d 02 03 01 00
    01 a3 7d 30 7b 30 1d 06 03 55 1d 0e 04 16 04 14
    c0 e7 84 bf e8 59 27 33 10 b0 52 4f 51 52 2f 06
    d6 c0 7a cd 30 1f 06 03 55 1d 23 04 18 30 16 80
    14 70 7f 2e ae 83 68 59 98 04 23 2a cd eb 3e 17
    cd 24 dd 01 49 30 09 06 03 55 1d 13 04 02 30 00
    30 13 06 03 55 1d 25 04 0c 30 0a 06 08 2b 06 01
    05 05 07 03 01 30 19 06 03 55 1d 11 04 12 30 10
    82 0e 73 65 72 76 65 72 2e 65 78 61 6d 70 6c 65
    30 0d 06 09 2a 86 48 86 f7 0d 01 01 0b 05 00 03
    82 01 01 00 7b d3 04 43 75 8a 0f 11 ae c4 fb d7
    a1 a2 9e fe 20 18 d5 f4 2f 31 88 46 b6 75 8c ee
    e5 9b 97 a6 b9 a3 cd 60 9a 46 c3 48 97 e5 97 68
    f7 5a 86 35 73 d9 69 9e f9 5f 74 b9 e6 94 13 01
    cb 6a dc e3 c4 04 e9 65 da 9c a4 8b 28 f3 f9 9a
    7f bf 97 1f 45 92 e5 05 b1 56 e6 0b f6 47 de 1e
    89 b6 2b e1 4d df 4a 7e 01 d3 23 dc 97 8c 47 fe
    5f c7 cc 98 46 0e c4 83 5b ca 8a f1 52 09 be 6b
    ec 3f 09 8b d0 93 02 bf e1 51 e7 d1 7e 34 56 19
    74 d0 ff 28 25 de b7 9f 56 52 91 7d 20 29 85 0a
    80 44 5f 71 32 25 71 0f c2 16 e2 5f 6b 1d 3f 32
    5b 0a 3c 74 1c b9 62 f1 ed 07 50 a3 6d b4 b4 31
    0a c0 53 44 6a 3a 88 84 8b 2d a9 b0 37 8e e6 18
    36 bd 9a 20 40 0f 01 92 8b 3d aa 61 e7 ae 2c ed
    36 cd 3a 07 86 74 3a 29 b3 d7 3a b4 00 a9 c2 f5
    92 78 0e e2 0f a3 fe bb be e0 06 53 84 59 1d 90
    69 e5 b6 f9 00 00
<<< TLS 1.2, RecordHeader [length 0005]
    17 03 03 01 19
<<< TLS 1.3, InnerContent [length 0001]
    16
<<< TLS 1.3, Handshake [length 0108], CertificateVerify
    0f 00 01 04 08 04 01 00 2c ec 41 9a 11 d7 37 76
    b1 60 c7 45 17 e6 43 19 29 bb 96 28 ab 11 2f fe
    28 6e 62 8e 66 dc 66 db c2 83 24 42 8e 7f 23 4d
    73 36 ed 42 d1 f5 4b a1 53 cb 7f 9e 7b 7a 3f 9e
    c6 9b 77 a8 6c ed 6d 23 22 14 0b 4f 6a a6 c8 52
    50 94 e0 14 d9 ef 0b 3e a5 81 29 dc 3d c9 89 c5
    47 3c f7 22 0e 97 56 51 a3 1f cf 52 dc bb cc dd
    32 40 00 ef fc 7a 4e 46 70 2c ec b3 7e 6d 15 cb
    1f fb 3b 5a b0 7c 75 c2 3d 43 86 09 fe ac ce a1
    27 df 88 de 87 6f 63 04 ba 06 b9 95 99 9a 84 4b
    de 7d ba 18 ff 79 4b 96 95 4d 93 46 d4 5d 6b 24
    bf a6 27 db 43 22 ee cb 0e 42 3e 43 bb d7 2c 0b
    50 a5 c6 99 14 8b 09 25 9f b2 ef 06 cd 19 c1 d4
    80 fc fc 9e 53 15 26 e1 57 8d d0 63 bf ca b8 08
    36 6f b9 a8 78 c1 6c 7f 9d e7 f0 24 40 0a d1 94
    2d 1a 16 12 10 aa 08 e9 63 6f e5 dd b3 ea 92 39
    e7 2b 5e 95 98 dd b7 e5
<<< TLS 1.2, RecordHeader [length 0005]
    17 03 03 00 45
<<< TLS 1.3, InnerContent [length 0001]
    16
<<< TLS 1.3, Handshake [length 0034], Finished
    14 00 00 30 bc ac a4 76 14 d7 b9 6b ab bb 7e 49
    d4 aa 9c 7b 2e 03 d1 30 36 7a c2 b6 99 8e 35 63
    c8 16 68 84 54 81 6a c8 ad 01 8a 02 b6 32 b1 93
    5a 16 b3 9e
>>> TLS 1.2, RecordHeader [length 0005]
    17 03 03 00 45
>>> TLS 1.2, InnerContent [length 0001]
    16
>>> TLS 1.3, Handshake [length 0034], Finished
    14 00 00 30 51 51 85 38 94 13 96 fa 40 96 13 23
    2b cf 5f 43 b8 5a e5 e9 cb 57 7b 8b d8 c9 55 23
    5e 6e c2 16 4c 35 5a cf 12 0e 58 c6 13 55 7d 5b
    5d ad f1 51
---
Certificate chain
 0 s:CN=server.example
   i:CN=Root CA
   a:PKEY: RSA, 2048 (bit); sigalg: sha256WithRSAEncryption
   v:NotBefore: Jan 14 22:29:46 2016 GMT; NotAfter: Jan 15 22:29:46 2116 GMT
---
Server certificate
-----BEGIN CERTIFICATE-----
MIIDJTCCAg2gAwIBAgIBAjANBgkqhkiG9w0BAQsFADASMRAwDgYDVQQDDAdSb290
IENBMCAXDTE2MDExNDIyMjk0NloYDzIxMTYwMTE1MjIyOTQ2WjAZMRcwFQYDVQQD
DA5zZXJ2ZXIuZXhhbXBsZTCCASIwDQYJKoZIhvcNAQEBBQADggEPADCCAQoCggEB
ANVdYGrf/GHuSKqMEUhDpW22Ul2qmEmxYZI1sfw6BCUMbXn/tNXJ6VwcO+Crs7h9
o95tveDd11q/FEcRQl6mgtBhwX/dE0bmCYUHDvLU/Bpk0gqtIKsga5bwrczEGVNV
3AEdpLPvirRJU12KBRzx3OFEv8XX4ncZV1yXC3XuiENxD8pswbSyUKd3RmxYDxG/
8XYkWq45QrdRZynh0FUwbxfkkeqt+CjCQ2+iZKn7nZiSYkg+6w1PgkqK/z9y7pa1
rqHBmLrvfZB1bf9aUp6r9cB+0IdD24UHBw99OHr90dPuZR3T6jlqhzfuStPgDW71
cKzCvfFu85KVXqnwoWWVk40CAwEAAaN9MHswHQYDVR0OBBYEFMDnhL/oWSczELBS
T1FSLwbWwHrNMB8GA1UdIwQYMBaAFHB/Lq6DaFmYBCMqzes+F80k3QFJMAkGA1Ud
EwQCMAAwEwYDVR0lBAwwCgYIKwYBBQUHAwEwGQYDVR0RBBIwEIIOc2VydmVyLmV4
YW1wbGUwDQYJKoZIhvcNAQELBQADggEBAHvTBEN1ig8RrsT716Ginv4gGNX0LzGI
RrZ1jO7lm5emuaPNYJpGw0iX5Zdo91qGNXPZaZ75X3S55pQTActq3OPEBOll2pyk
iyjz+Zp/v5cfRZLlBbFW5gv2R94eibYr4U3fSn4B0yPcl4xH/l/HzJhGDsSDW8qK
8VIJvmvsPwmL0JMCv+FR59F+NFYZdND/KCXet59WUpF9ICmFCoBEX3EyJXEPwhbi
X2sdPzJbCjx0HLli8e0HUKNttLQxCsBTRGo6iISLLamwN47mGDa9miBADwGSiz2q
YeeuLO02zToHhnQ6KbPXOrQAqcL1kngO4g+j/ru+4AZThFkdkGnltvk=
-----END CERTIFICATE-----
subject=CN=server.example
issuer=CN=Root CA
---
No client certificate CA names sent
Peer signing digest: SHA256
Peer signature type: rsa_pss_rsae_sha256
Negotiated TLS1.3 group: X25519MLKEM768
---
SSL handshake has read 2546 bytes and written 1702 bytes
Verification error: unable to verify the first certificate
---
New, TLSv1.3, Cipher is TLS_AES_256_GCM_SHA384
Protocol: TLSv1.3
Server public key is 2048 bit
This TLS version forbids renegotiation.
Compression: NONE
Expansion: NONE
No ALPN negotiated
Early data was not sent
Verify return code: 21 (unable to verify the first certificate)
---
>>> TLS 1.2, RecordHeader [length 0005]
    17 03 03 00 13
>>> TLS 1.2, InnerContent [length 0001]
    15
>>> TLS 1.3, Alert [length 0002], warning close_notify
    01 00
Connecting to 127.0.0.1
SSL_connect:before SSL initialization
SSL_connect:SSLv3/TLS write client hello
SSL_connect:SSLv3/TLS write client hello
SSL_connect:SSLv3/TLS read server hello
SSL_connect:SSLv3/TLS write change cipher spec
SSL_connect:SSLv3/TLS write client hello
SSL_connect:SSLv3/TLS write client hello
SSL_connect:SSLv3/TLS read server hello
Can't use SSL_get_servername
SSL_connect:TLSv1.3 read encrypted extensions
depth=0 CN=server.example
verify error:num=20:unable to get local issuer certificate
verify return:1
depth=0 CN=server.example
verify error:num=21:unable to verify the first certificate
verify return:1
depth=0 CN=server.example
verify return:1
SSL_connect:SSLv3/TLS read server certificate
SSL_connect:TLSv1.3 read server certificate verify
SSL_connect:SSLv3/TLS read finished
SSL_connect:SSLv3/TLS write finished
DONE
SSL3 alert write:warning:close notify
