CONNECTED(00000003)
>>> TLS 1.0, RecordHeader [length 0005]
    16 03 01 00 d6
>>> TLS 1.3, Handshake [length 00d6], ClientHello
    01 00 00 d2 03 03 c2 d2 73 ac 61 0d 91 24 15 0c
    7b 1d 0b 22 76 c5 e5 ad 80 c7 9d 50 46 e5 87 1a
    76 32 e9 e1 65 32 20 b4 75 13 52 90 44 b9 e9 e2
    4c 74 79 c3 bf e9 d6 df d5 d7 44 1e 72 52 57 41
    37 27 d5 ad d2 d9 7c 00 06 13 02 13 03 13 01 01
    00 00 83 00 0b 00 04 03 00 01 02 00 0a 00 06 00
    04 00 1d 11 ec 00 23 00 00 00 16 00 00 00 17 00
    00 00 0d 00 2a 00 28 09 05 09 06 09 04 04 03 05
    03 06 03 08 07 08 08 08 1a 08 1b 08 1c 08 09 08
    0a 08 0b 08 04 08 05 08 06 04 01 05 01 06 01 00
    2b 00 03 02 03 04 00 2d 00 02 01 01 00 33 00 26
    00 24 00 1d 00 20 e8 0b 29 35 70 81 46 1c 85 ee
    ef 6f 66 5d 7b 78 78 0b 32 6a 14 fa e9 fc 59 d1
    ad 25 11 a3 84 0b
<<< TLS 1.2, RecordHeader [length 0005]
    16 03 03 00 58
<<< TLS 1.3, Handshake [length 0058], ServerHello
    02 00 00 54 03 03 cf 21 ad 74 e5 9a 61 11 be 1d
    8c 02 1e 65 b8 91 c2 a2 11 16 7a bb 8c 5e 07 9e
    09 e2 c8 a8 33 9c 20 b4 75 13 52 90 44 b9 e9 e2
    4c 74 79 c3 bf e9 d6 df d5 d7 44 1e 72 52 57 41
    37 27 d5 ad d2 d9 7c 13 02 00 00 0c 00 2b 00 02
    03 04 00 33 00 02 11 ec
>>> TLS 1.2, RecordHeader [length 0005]
    14 03 03 00 01
>>> TLS 1.3, ChangeCipherSpec [length 0001]
    01
>>> TLS 1.2, RecordHeader [length 0005]
    16 03 03 05 76
>>> TLS 1.3, Handshake [length 0576], ClientHello
    01 00 05 72 03 03 c2 d2 73 ac 61 0d 91 24 15 0c
    7b 1d 0b 22 76 c5 e5 ad 80 c7 9d 50 46 e5 87 1a
    76 32 e9 e1 65 32 20 b4 75 13 52 90 44 b9 e9 e2
    4c 74 79 c3 bf e9 d6 df d5 d7 44 1e 72 52 57 41
    37 27 d5 ad d2 d9 7c 00 06 13 02 13 03 13 01 01
    00 05 23 00 0b 00 04 03 00 01 02 00 0a 00 06 00
    04 00 1d 11 ec 00 23 00 00 00 16 00 00 00 17 00
    00 00 0d 00 2a 00 28 09 05 09 06 09 04 04 03 05
    03 06 03 08 07 08 08 08 1a 08 1b 08 1c 08 09 08
    0a 08 0b 08 04 08 05 08 06 04 01 05 01 06 01 00
    2b 00 03 02 03 04 00 2d 00 02 01 01 00 33 04 c6
    04 c4 11 ec 04 c0 a1 26 91 6e 38 3f 24 28 95 40
    b3 ab c7 ba 3f d8 ca 6e 9d 06 53 ce da 80 b4 3b
    3c 09 3a cb ca 57 c5 65 01 83 b8 02 a5 a5 f8 6a
    7b f9 44 3d b1 43 f9 81 08 8a 96 a2 ff e8 4f f2
    29 77 45 2b 25 8b 1b 6c 4a 67 bf d2 cb 30 4c 77
    af aa 07 c5 15 01 9e 25 43 c8 83 fb 1e 4a b2 c5
    c3 e0 5e 9e d4 8d 3f f3 9e dd fb 58 38 01 77 01
    f2 9e 5e 31 65 5e a4 1f 7c 84 c8 9f c4 81 46 fa
    46 a2 f2 05 f4 b9 12 86 81 a5 ae 39 02 84 94 55
    12 81 59 e2 b8 1f 25 72 9c 57 4c 8b c7 c0 72 b4
    57 b8 5e 79 74 59 da 4b 8c 66 c7 ad c0 68 70 88
    0f 28 e8 b3 e1 65 32 24 d0 55 bb ca 52 f0 24 54
    51 c2 c3 73 43 3d 76 a3 9a 47 b5 27 1a c2 35 a1
    01 04 0c 90 09 e5 f7 2f 2c d9 af b0 ec ce 26 09
    3b 37 87 52 57 f6 48 3d 71 97 c2 67 ca 33 93 aa
    d1 b9 82 4f 32 78 cd 7b 4d f5 31 c2 67 51 be ac
    12 ca fa 02 8b fe a7 5d a8 6c a9 2d 91 41 cb f3
    07 a6 5b 2f 21 4a 6c 5c 87 5d f2 f7 70 35 2c 25
    c1 51 13 22 82 cf a2 20 9e ff 65 61 96 ba 89 59
    38 16 19 c1 55 47 bb 47 6c 39 ce 48 33 78 93 67
    8b 64 c2 ad 4d a4 85 8f 4b a0 fd 49 2c 5b f7 90
    0f 8c b1 d5 3c 7f 1f aa a2 d9 70 52 10 e9 87 50
    d4 b0 2d 0b 07 a6 49 4c a6 83 12 e5 e0 c2 c9 d3
    93 bb a9 84 0d 17 45 5b 69 27 00 10 39 95 54 c9
    e8 e8 bc a1 88 14 3e 79 c2 cb 81 9b 89 24 19 fb
    a8 57 c5 11 09 cc 88 3a 98 57 52 6b 24 6c c6 9b
    09 f1 c9 4e f7 09 05 22 ec 0a fc 67 57 d1 10 15
    d9 19 87 1a d0 96 70 ec 7f 9a e4 24 5e 98 81 fc
    f2 41 b7 68 7c 39 00 08 e8 34 9c 66 ac a4 5a 99
    59 a4 7a 4e 99 91 90 73 f2 0e d5 eb ce ef 44 2b
    00 11 0a c2 78 62 ef f4 83 e6 91 0e 0e 50 12 4a
    e0 7a ef 6a 75 17 b8 80 a9 72 9b 0e d3 5d ce 59
    17 4e ab 0e e0 14 08 cb e3 21 99 26 72 80 db 50
    38 44 ba c5 a3 46 e4 48 b3 ce e8 1b b4 b7 07 1c
    24 7e 49 e5 80 75 74 7b 73 b7 5d a1 3a 77 2b e1
    03 cd 66 61 55 0c 69 fd f4 2f 25 f2 aa 48 f8 97
    de 32 32 82 8c 2d e8 5c 7d bd 37 94 ce c8 2a 59
    f4 a9 d5 a7 19 83 70 4e 29 25 a5 af c9 36 f7 44
    79 e5 02 cc ce 7a 3a 10 e6 00 e9 9a 48 1e 78 c4
    f5 69 42 d8 0b 04 3b 9a 4e b3 e7 a6 74 51 50 37
    68 0e 29 81 0c 5e 55 98 cb 0c 4c 0b 1c 59 c3 ea
    7f 90 88 7b 5e a1 8f df e2 1f 4b 50 20 72 81 ac
    b1 42 57 0f eb 41 c8 1a 80 e5 e6 30 31 f4 7b 66
    19 59 32 16 19 2b 60 3c 81 db 9d 82 f4 c5 a9 07
    90 53 e2 69 08 55 82 57 31 81 7a a0 77 8f 34 39
    b6 78 19 c7 f2 26 3f 54 02 e9 ba be 9d 48 28 2e
    87 46 ad 19 c6 49 98 31 43 11 a7 b2 66 10 d3 5c
    13 ca c3 c3 6e 95 43 9c 11 08 0a 54 49 ab 0b 84
    37 f7 8e a4 ba 27 ec 51 69 43 68 33 ce 89 17 ea
    3a 87 bc ac 87 0e 38 36 d7 d8 a0 69 b4 6e e9 05
    07 54 94 59 a6 a6 7c c4 e5 61 1f 13 9e ad 38 6d
    33 95 3d 97 41 9e 91 3a cc c1 bc be 34 d4 c5 ee
    88 7c ec fa 63 b6 db 21 7c 20 0c e9 f5 09 1d 17
    82 20 d2 3a f8 d3 a5 47 87 75 d0 fb 3e 77 44 8f
    28 93 10 f4 48 cf 9c f2 85 76 64 bc da 16 61 7a
    38 c3 0c a2 50 f9 23 73 c2 fa 03 c7 98 5f 0c a3
    63 ad 04 36 66 63 0e d5 84 1b fc 33 b5 8e bb 69
    19 e5 77 a3 d2 1f 95 3a 74 69 d2 8a 44 d8 94 ec
    86 48 8e 79 29 69 bc 12 51 d6 52 c6 01 7e 69 b7
    57 9d b8 7c 91 18 39 f4 17 27 02 e8 54 b2 c6 7c
    0b b0 8e e4 98 13 6e b2 5c 71 b4 4e a9 70 5c 7c
    59 c6 12 51 37 6c 45 a8 ee f0 80 ec 3a 3f 28 ab
    c8 d3 80 2c 81 25 91 9e 51 97 3e 73 9e f1 a2 3b
    a5 b7 bb 3f a2 b0 98 d8 1d f6 29 0e 9d 9a 83 19
    73 80 d9 20 36 e8 91 58 e9 52 6a be 74 8d 2c a6
    ad d8 a1 6a 3e e3 07 ba c7 5a a0 d2 08 ec d5 4a
    78 6b 75 43 81 8c 09 07 ba 99 a2 26 55 b0 1e 9b
    01 b6 b1 44 3b 08 da 1f 57 68 bf 0f 6b 16 7b 25
    9f c1 d5 77 22 56 c8 9b 87 7a bc 53 70 fc 05 0a
    c5 13 5d c0 e4 7b ef e4 3a f3 14 ab d5 9c 3f ee
    43 60 93 8a 9a 24 43 ae 86 fc 49 07 aa a5 3f 43
    82 55 a7 4c fc 5c 1b 61 44 bd 6e eb 5f b0 3b 4d
    b9 45 0e 4f cc 94 57 3f 0f 10 06 c7 af 51 6c b3
    88 c8 8e c3 de b1 00 c9 01 a5 4d 4b c1 10 72 77
    0f de 4b 8c 7e f4 5d 05 7a b0 d0 b6 75 4e bd de
    70 a2 ed a1 dd 62 cd 4e df c0 3c 27 df 00 c5 99
    54 e1 a7 61 82 4d
<<< TLS 1.2, RecordHeader [length 0005]
    14 03 03 00 01
<<< TLS 1.3, ChangeCipherSpec [length 0001]
    01
<<< TLS 1.2, RecordHeader [length 0005]
    16 03 03 04 ba
<<< TLS 1.3, Handshake [length 04ba], ServerHello
    02 00 04 b6 03 03 85 cc 93 b0 78 bf 69 07 f1 02
    e0 70 27 d6 fa 4c 62 96 97 82 63 cd 3f 49 89 80
    d7 b5 51 33 c1 58 20 b4 75 13 52 90 44 b9 e9 e2
    4c 74 79 c3 bf e9 d6 df d5 d7 44 1e 72 52 57 41
    37 27 d5 ad d2 d9 7c 13 02 00 04 6e 00 2b 00 02
    03 04 00 33 04 64 11 ec 04 60 cb a1 93 22 6f d0
    56 99 a2 f7 ae 53 2d 90 1d 53 04 f1 ed be 7c be
    8a 34 25 c1 4d 33 3a df 1b 90 16 08 83 79 d3 1c
    f9 1d 80 26 a3 62 c0 3d ba b6 0f a6 85 db 87 9c
    46 69 46 8c a1 8c 3f 9b ba 03 68 66 84 f6 5e 4e
    97 b5 e2 2b d4 4f 8c 29 54 09 fc 6a 96 9c e2 fe
    b8 95 5b 70 63 2c bb b2 b8 0d af 8a ce a9 b3 d0
    82 c8 e9 8b c4 30 7f 61 87 35 45 e1 c0 5b e2 e6
    49 62 7e 28 d4 b0 39 73 5c 15 73 90 bb c6 82 cd
    84 99 9e 5d eb 87 ac 69 b8 2c 56 12 77 78 6b 1c
    fc 8c b1 fd e7 c9 40 d3 be 61 a6 18 40 3a 79 9b
    75 94 30 c6 59 fb 1a 34 af 73 95 b3 d6 d5 ac bb
    b1 10 1f d7 cf 79 da 52 98 94 b7 13 64 c8 56 13
    15 af 5e 54 50 48 da 4a e0 61 1b d9 3e f3 2e cf
    8b 15 60 89 e3 fb 70 64 0f 7d 3a 56 55 a3 f6 12
    e5 f9 cb ca b8 3a eb 88 a7 51 d1 a5 c1 58 d7 96
    66 19 45 e3 40 53 6b 0a fc cc 7c d5 25 cf 16 24
    9d 03 87 63 5b 84 1c 8b 41 61 c5 77 3e bf 88 3f
    f5 fe f0 8f 30 24 a1 3c d8 bf 2e 1e 4b 0a b1 e3
    c1 24 12 17 25 75 29 4e 89 1e 08 39 38 ed fc 8c
    ca 8b f7 4d 14 8a d8 10 6b 60 3b d2 bc a4 f5 d0
    54 e3 fb ba 4d 34 98 cf 57 35 e0 cf 8a 6d 5c d3
    d8 bd 76 99 96 c2 77 02 57 f5 74 25 ba 2f 8a 2b
    17 bc 5a bc 2c 90 84 90 f5 4b 5b 3c ac 02 25 61
    12 d8 fa b6 c4 be 8d 95 d2 cf f3 d7 bb 97 2e 9f
    78 ac 8d a1 fb 5f e8 33 7a 22 b8 9c 7b e7 c9 ee
    73 4a dc 47 e6 65 2f 17 88 44 ba 39 5f 00 ea 3f
    48 16 7d 08 7b a0 bb 60 b9 d1 ed ea 56 03 bb 7f
    58 ee 87 e0 c0 03 4f 30 7a 95 e6 be 5c 45 fc 33
    86 4e 74 2b 51 3c 33 bd 32 2a 0f 49 68 79 a7 4b
    ce 8f 96 83 ea fb 73 87 2a 65 00 49 83 b9 85 f9
    20 40 61 b9 c0 d3 67 5c de 93 19 86 8d f5 b2 8c
    8a 3f 8e 1c 6d 1f dd 7e 9d 0b 3d 76 1a 7a 7b c1
    de ee f8 d2 47 69 18 81 20 b4 88 84 fe 9c bd d0
    4c a6 86 3c 1f f9 33 f3 c4 89 c5 ca e6 b2 97 f1
    a5 0d cb 26 a3 2f 03 ac 79 cc 3c 6b 17 48 e9 12
    1c d2 bb f6 62 ea 0e 61 be 2a 98 a0 99 69 0c 9c
    4e 20 86 84 1c ea 1a 08 fe 8e 83 d9 4a f6 3b a2
    fe 63 cb 30 cf 94 b2 12 7b 32 81 c0 cc f6 b8 80
    47 b2 ff 1e b0 af 79 7d 32 f9 af 9d 67 b9 66 bc
    54 9c bf 6a 8a 17 1e 4d 8f 8b 12 02 b2 86 09 ac
    e5 94 dd 36 7a 53 4c 7b d4 e2 7e cf f0 6e db 6d
    e2 cc 77 17 8c cf b6 0f 85 f0 ae ec 74 dc bd e4
    38 51 7c 6e 82 dc 68 e5 04 d2 e9 7b 75 55 b2 6e
    3b 11 b0 7a 2e 92 ca 04 b4 a5 99 cc f2 ab ba 0d
    6d 2b 85 b0 49 53 f2 bd 9d f4 d0 14 69 0a 73 53
    a2 79 05 98 fd 35 5d c8 cf 8f 93 21 e8 f0 78 22
    cd 24 a9 ab fd 62 30 17 f1 2e 72 ea 6e 83 8f 54
    03 ea 25 93 67 03 42 22 b2 8d e2 53 e6 32 db 15
    66 24 1f 37 6e f1 4e 6f 6d cd 42 ec 96 2e 25 77
    79 b0 29 fd 83 56 20 33 f0 79 97 dd b9 f4 0b 4c
    6c be b2 3a 26 1c f0 7f f9 6e 24 d3 68 22 18 a9
    03 22 25 fd 1d d7 80 93 e3 f6 b3 81 77 7d 12 c0
    24 77 10 46 b2 d7 bf 65 a3 f2 d7 60 09 f9 5b ae
    35 66 00 cd 32 a6 88 a1 d9 05 61 b1 52 f5 0a e9
    a5 12 cb b9 96 e9 85 1a 14 00 e4 f5 e7 26 b7 ab
    eb df 8c 4e 23 cd c8 5a d8 b4 80 4d 3e b4 d8 7b
    34 4d 37 57 87 15 4e 42 4b f6 ff b8 39 ee 7b 11
    a8 28 05 df 59 d6 07 b3 08 b9 b9 d2 e4 00 db 95
    1d bd cd fe b8 e2 8a 87 2a a5 ee 6a 8e 56 cb 44
    4e 94 d8 d7 66 1e e3 ba 47 51 41 cb fe f3 f7 7a
    b8 48 d7 e3 e7 ba 03 47 eb 23 22 e7 91 0c 3a 3e
    b9 a8 e1 23 c5 dc 8b 7e 25 ac 14 26 f2 9e 7d a0
    22 b5 48 49 fd 29 6c 0b e1 a2 4b 2a 5a 74 db d6
    ad 6a e3 f1 ed bb e0 04 f0 28 f8 17 44 1f 3b 60
    0f 07 62 b3 87 0e 28 bf 12 06 1b 7a ec a2 1c 38
    78 7d 5a 73 9f dd c8 0a 6f d9 0a 62 3a 7f d5 35
    62 a2 0a 47 c6 22 2d 8a 14 2c 2c e5 9e 92 39 d5
    dc da 8c f4 56 6d 6a d3 67 34 48 25 37 3e b5 9a
    31 23 4b f3 7e 78 09 72 da 15 24 b8 e4 ba 3d 08
    1d 26 3a 3e 72 0e df 52 60 26
<<< TLS 1.2, RecordHeader [length 0005]
    17 03 03 00 17
<<< TLS 1.3, InnerContent [length 0001]
    16
<<< TLS 1.3, Handshake [length 0006], EncryptedExtensions
    08 00 00 02 00 00
<<< TLS 1.2, RecordHeader [length 0005]
    17 03 03 03 47
<<< TLS 1.3, InnerContent [length 0001]
    16
<<< TLS 1.3, Handshake [length 0336], Certificate
    0b 00 03 32 00 00 03 2e 00 03 29 30 82 03 25 30
    82 02 0d a0 03 02 01 02 02 01 02 30 0d 06 09 2a
    86 48 86 f7 0d 01 01 0b 05 00 30 12 31 10 30 0e
    06 03 55 04 03 0c 07 52 6f 6f 74 20 43 41 30 20
    17 0d 31 36 30 31 31 34 32 32 32 39 34 36 5a 18
    0f 32 31 31 36 30 31 31 35 32 32 32 39 34 36 5a
    30 19 31 17 30 15 06 03 55 04 03 0c 0e 73 65 72
    76 65 72 2e 65 78 61 6d 70 6c 65 30 82 01 22 30
    0d 06 09 2a 86 48 86 f7 0d 01 01 01 05 00 03 82
    01 0f 00 30 82 01 0a 02 82 01 01 00 d5 5d 60 6a
    df fc 61 ee 48 aa 8c 11 48 43 a5 6d b6 52 5d aa
    98 49 b1 61 92 35 b1 fc 3a 04 25 0c 6d 79 ff b4
    d5 c9 e9 5c 1c 3b e0 ab b3 b8 7d a3 de 6d bd e0
    dd d7 5a bf 14 47 11 42 5e a6 82 d0 61 c1 7f dd
    13 46 e6 09 85 07 0e f2 d4 fc 1a 64 d2 0a ad 20
    ab 20 6b 96 f0 ad cc c4 19 53 55 dc 01 1d a4 b3
    ef 8a b4 49 53 5d 8a 05 1c f1 dc e1 44 bf c5 d7
    e2 77 19 57 5c 97 0b 75 ee 88 43 71 0f ca 6c c1
    b4 b2 50 a7 77 46 6c 58 0f 11 bf f1 76 24 5a ae
    39 42 b7 51 67 29 e1 d0 55 30 6f 17 e4 91 ea ad
    f8 28 c2 43 6f a2 64 a9 fb 9d 98 92 62 48 3e eb
    0d 4f 82 4a 8a ff 3f 72 ee 96 b5 ae a1 c1 98 ba
    ef 7d 90 75 6d ff 5a 52 9e ab f5 c0 7e d0 87 43
    db 85 07 07 0f 7d 38 7a fd d1 d3 ee 65 1d d3 ea
    39 6a 87 37 ee 4a d3 e0 0d 6e f5 70 ac c2 bd f1
    6e f3 92 95 5e a9 f0 a1 65 95 93 8d 02 03 01 00
    01 a3 7d 30 7b 30 1d 06 03 55 1d 0e 04 16 04 14
    c0 e7 84 bf e8 59 27 33 10 b0 52 4f 51 52 2f 06
    d6 c0 7a cd 30 1f 06 03 55 1d 23 04 18 30 16 80
    14 70 7f 2e ae 83 68 59 98 04 23 2a cd eb 3e 17
    cd 24 dd 01 49 30 09 06 03 55 1d 13 04 02 30 00
    30 13 06 03 55 1d 25 04 0c 30 0a 06 08 2b 06 01
    05 05 07 03 01 30 19 06 03 55 1d 11 04 12 30 10
    82 0e 73 65 72 76 65 72 2e 65 78 61 6d 70 6c 65
    30 0d 06 09 2a 86 48 86 f7 0d 01 01 0b 05 00 03
    82 01 01 00 7b d3 04 43 75 8a 0f 11 ae c4 fb d7
    a1 a2 9e fe 20 18 d5 f4 2f 31 88 46 b6 75 8c ee
    e5 9b 97 a6 b9 a3 cd 60 9a 46 c3 48 97 e5 97 68
    f7 5a 86 35 73 d9 69 9e f9 5f 74 b9 e6 94 13 01
    cb 6a dc e3 c4 04 e9 65 da 9c a4 8b 28 f3 f9 9a
    7f bf 97 1f 45 92 e5 05 b1 56 e6 0b f6 47 de 1e
    89 b6 2b e1 4d df 4a 7e 01 d3 23 dc 97 8c 47 fe
    5f c7 cc 98 46 0e c4 83 5b ca 8a f1 52 09 be 6b
    ec 3f 09 8b d0 93 02 bf e1 51 e7 d1 7e 34 56 19
    74 d0 ff 28 25 de b7 9f 56 52 91 7d 20 29 85 0a
    80 44 5f 71 32 25 71 0f c2 16 e2 5f 6b 1d 3f 32
    5b 0a 3c 74 1c b9 62 f1 ed 07 50 a3 6d b4 b4 31
    0a c0 53 44 6a 3a 88 84 8b 2d a9 b0 37 8e e6 18
    36 bd 9a 20 40 0f 01 92 8b 3d aa 61 e7 ae 2c ed
    36 cd 3a 07 86 74 3a 29 b3 d7 3a b4 00 a9 c2 f5
    92 78 0e e2 0f a3 fe bb be e0 06 53 84 59 1d 90
    69 e5 b6 f9 00 00
<<< TLS 1.2, RecordHeader [length 0005]
    17 03 03 01 19
<<< TLS 1.3, InnerContent [length 0001]
    16
<<< TLS 1.3, Handshake [length 0108], CertificateVerify
    0f 00 01 04 08 04 01 00 ca 2b bf 1f a6 1b db cf
    e3 58 58 08 43 85 85 46 ed dc ec 70 c9 c8 f1 80
    e7 dc ce a9 70 56 70 07 1a 7b f3 39 6f 8b f5 52
    88 7e 31 e6 a6 68 e6 be 33 65 a9 da 39 0c aa 39
    30 0b 30 f6 76 4b b4 fb 5c e6 ff cd d3 2f fe 87
    0b e7 fe 0f cb 50 6c 86 37 46 fc 76 1a c2 8b 32
    b1 98 e4 86 d1 22 47 ab 4a 93 e7 d8 37 87 69 af
    48 84 65 a8 da dc 24 3f e0 a0 2b 2a ec ac da 28
    73 84 15 d0 91 1d 92 9e f5 0d c4 1a a0 27 70 93
    69 e5 ee 8e 61 fd 0b f9 49 36 13 69 6f ad e5 8d
    6c a9 10 21 02 10 b3 9a 37 fc 8e 25 23 2e 1b e9
    5f 82 0d d5 d2 71 02 7f 53 d7 98 ca 6b 9d 37 ea
    74 dd 6f ce d9 69 34 82 82 2f 06 51 9c b9 9b 37
    d4 f7 81 36 92 2f d8 85 b2 aa 7d 73 bc 96 8f 07
    50 56 05 09 5b 1d 03 76 61 8e e0 24 5a 8d 74 2a
    ec 2a 00 18 53 d7 1b ab 52 65 f6 b7 d4 48 3d ec
    11 5f 5d c1 fd 37 1f de
<<< TLS 1.2, RecordHeader [length 0005]
    17 03 03 00 45
<<< TLS 1.3, InnerContent [length 0001]
    16
<<< TLS 1.3, Handshake [length 0034], Finished
    14 00 00 30 ef e0 61 66 d0 98 0f d0 fe cb a7 50
    bb b8 2e 45 13 98 61 8e ba 8b f3 79 3d ee 1e ab
    38 b7 13 5a 0a d5 53 29 46 05 38 f3 96 1e 6c 60
    ec 1b 0f 8d
>>> TLS 1.2, RecordHeader [length 0005]
    17 03 03 00 45
>>> TLS 1.2, InnerContent [length 0001]
    16
>>> TLS 1.3, Handshake [length 0034], Finished
    14 00 00 30 28 62 16 5f ca 5d d2 5c e3 b6 ec 8b
    9f 83 62 40 a5 29 df 4d 1f 20 16 e3 46 9f 6a 6e
    44 2e c0 e6 36 27 a3 08 3c b6 f9 76 81 8c 5e d2
    b7 ec 5b 3e
---
Certificate chain
 0 s:CN=server.example
   i:CN=Root CA
   a:PKEY: RSA, 2048 (bit); sigalg: sha256WithRSAEncryption
   v:NotBefore: Jan 14 22:29:46 2016 GMT; NotAfter: Jan 15 22:29:46 2116 GMT
---
Server certificate
-----BEGIN CERTIFICATE-----
MIIDJTCCAg2gAwIBAgIBAjANBgkqhkiG9w0BAQsFADASMRAwDgYDVQQDDAdSb290
IENBMCAXDTE2MDExNDIyMjk0NloYDzIxMTYwMTE1MjIyOTQ2WjAZMRcwFQYDVQQD
DA5zZXJ2ZXIuZXhhbXBsZTCCASIwDQYJKoZIhvcNAQEBBQADggEPADCCAQoCggEB
ANVdYGrf/GHuSKqMEUhDpW22Ul2qmEmxYZI1sfw6BCUMbXn/tNXJ6VwcO+Crs7h9
o95tveDd11q/FEcRQl6mgtBhwX/dE0bmCYUHDvLU/Bpk0gqtIKsga5bwrczEGVNV
3AEdpLPvirRJU12KBRzx3OFEv8XX4ncZV1yXC3XuiENxD8pswbSyUKd3RmxYDxG/
8XYkWq45QrdRZynh0FUwbxfkkeqt+CjCQ2+iZKn7nZiSYkg+6w1PgkqK/z9y7pa1
rqHBmLrvfZB1bf9aUp6r9cB+0IdD24UHBw99OHr90dPuZR3T6jlqhzfuStPgDW71
cKzCvfFu85KVXqnwoWWVk40CAwEAAaN9MHswHQYDVR0OBBYEFMDnhL/oWSczELBS
T1FSLwbWwHrNMB8GA1UdIwQYMBaAFHB/Lq6DaFmYBCMqzes+F80k3QFJMAkGA1Ud
EwQCMAAwEwYDVR0lBAwwCgYIKwYBBQUHAwEwGQYDVR0RBBIwEIIOc2VydmVyLmV4
YW1wbGUwDQYJKoZIhvcNAQELBQADggEBAHvTBEN1ig8RrsT716Ginv4gGNX0LzGI
RrZ1jO7lm5emuaPNYJpGw0iX5Zdo91qGNXPZaZ75X3S55pQTActq3OPEBOll2pyk
iyjz+Zp/v5cfRZLlBbFW5gv2R94eibYr4U3fSn4B0yPcl4xH/l/HzJhGDsSDW8qK
8VIJvmvsPwmL0JMCv+FR59F+NFYZdND/KCXet59WUpF9ICmFCoBEX3EyJXEPwhbi
X2sdPzJbCjx0HLli8e0HUKNttLQxCsBTRGo6iISLLamwN47mGDa9miBADwGSiz2q
YeeuLO02zToHhnQ6KbPXOrQAqcL1kngO4g+j/ru+4AZThFkdkGnltvk=
-----END CERTIFICATE-----
subject=CN=server.example
issuer=CN=Root CA
---
No client certificate CA names sent
Peer signing digest: SHA256
Peer signature type: rsa_pss_rsae_sha256
Negotiated TLS1.3 group: X25519MLKEM768
---
SSL handshake has read 2546 bytes and written 1702 bytes
Verification error: unable to verify the first certificate
---
New, TLSv1.3, Cipher is TLS_AES_256_GCM_SHA384
Protocol: TLSv1.3
Server public key is 2048 bit
This TLS version forbids renegotiation.
Compression: NONE
Expansion: NONE
No ALPN negotiated
Early data was not sent
Verify return code: 21 (unable to verify the first certificate)
---
>>> TLS 1.2, RecordHeader [length 0005]
    17 03 03 00 13
>>> TLS 1.2, InnerContent [length 0001]
    15
>>> TLS 1.3, Alert [length 0002], warning close_notify
    01 00
Connecting to 127.0.0.1
SSL_connect:before SSL initialization
SSL_connect:SSLv3/TLS write client hello
SSL_connect:SSLv3/TLS write client hello
SSL_connect:SSLv3/TLS read server hello
SSL_connect:SSLv3/TLS write change cipher spec
SSL_connect:SSLv3/TLS write client hello
SSL_connect:SSLv3/TLS write client hello
SSL_connect:SSLv3/TLS read server hello
Can't use SSL_get_servername
SSL_connect:TLSv1.3 read encrypted extensions
depth=0 CN=server.example
verify error:num=20:unable to get local issuer certificate
verify return:1
depth=0 CN=server.example
verify error:num=21:unable to verify the first certificate
verify return:1
depth=0 CN=server.example
verify return:1
SSL_connect:SSLv3/TLS read server certificate
SSL_connect:TLSv1.3 read server certificate verify
SSL_connect:SSLv3/TLS read finished
SSL_connect:SSLv3/TLS write finished
DONE
SSL3 alert write:warning:close notify
