CONNECTED(00000003)
>>> TLS 1.0, RecordHeader [length 0005]
    16 03 01 00 d6
>>> TLS 1.3, Handshake [length 00d6], ClientHello
    01 00 00 d2 03 03 44 01 9d 3f d9 d7 19 4e f0 d3
    85 eb 52 d7 20 63 00 1d 84 06 4e 5a bb b8 af 8c
    22 43 32 64 d7 f8 20 81 52 27 a7 37 80 f5 b1 61
    a7 79 b4 68 df 40 3d 6d 6a d7 dd a3 c6 f5 1d a3
    3b 98 b1 24 99 c0 22 00 06 13 02 13 03 13 01 01
    00 00 83 00 0b 00 04 03 00 01 02 00 0a 00 06 00
    04 00 1d 11 ec 00 23 00 00 00 16 00 00 00 17 00
    00 00 0d 00 2a 00 28 09 05 09 06 09 04 04 03 05
    03 06 03 08 07 08 08 08 1a 08 1b 08 1c 08 09 08
    0a 08 0b 08 04 08 05 08 06 04 01 05 01 06 01 00
    2b 00 03 02 03 04 00 2d 00 02 01 01 00 33 00 26
    00 24 00 1d 00 20 43 a2 e2 f3 04 ea c1 38 8d 3c
    65 c2 10 f4 07 4b 45 27 ee de bf 2e 18 db b8 8d
    ca 36 a5 59 8d 49
<<< TLS 1.2, RecordHeader [length 0005]
    16 03 03 00 58
<<< TLS 1.3, Handshake [length 0058], ServerHello
    02 00 00 54 03 03 cf 21 ad 74 e5 9a 61 11 be 1d
    8c 02 1e 65 b8 91 c2 a2 11 16 7a bb 8c 5e 07 9e
    09 e2 c8 a8 33 9c 20 81 52 27 a7 37 80 f5 b1 61
    a7 79 b4 68 df 40 3d 6d 6a d7 dd a3 c6 f5 1d a3
    3b 98 b1 24 99 c0 22 13 02 00 00 0c 00 2b 00 02
    03 04 00 33 00 02 11 ec
>>> TLS 1.2, RecordHeader [length 0005]
    14 03 03 00 01
>>> TLS 1.3, ChangeCipherSpec [length 0001]
    01
>>> TLS 1.2, RecordHeader [length 0005]
    16 03 03 05 76
>>> TLS 1.3, Handshake [length 0576], ClientHello
    01 00 05 72 03 03 44 01 9d 3f d9 d7 19 4e f0 d3
    85 eb 52 d7 20 63 00 1d 84 06 4e 5a bb b8 af 8c
    22 43 32 64 d7 f8 20 81 52 27 a7 37 80 f5 b1 61
    a7 79 b4 68 df 40 3d 6d 6a d7 dd a3 c6 f5 1d a3
    3b 98 b1 24 99 c0 22 00 06 13 02 13 03 13 01 01
    00 05 23 00 0b 00 04 03 00 01 02 00 0a 00 06 00
    04 00 1d 11 ec 00 23 00 00 00 16 00 00 00 17 00
    00 00 0d 00 2a 00 28 09 05 09 06 09 04 04 03 05
    03 06 03 08 07 08 08 08 1a 08 1b 08 1c 08 09 08
    0a 08 0b 08 04 08 05 08 06 04 01 05 01 06 01 00
    2b 00 03 02 03 04 00 2d 00 02 01 01 00 33 04 c6
    04 c4 11 ec 04 c0 ce eb 34 0f 40 20 4e e7 27 f7
    a5 62 ec b3 9a 3b b2 7e fb f6 7f ba 41 a2 3b fa
    11 d8 1a 7c 60 ea 4a 2a fc 01 f7 1b 3d cc e5 43
    c0 63 71 7d 05 3f 77 d6 a3 1c 79 9c c2 93 91 04
    95 73 38 e1 ca 5b 8a ab 72 eb b6 9f 30 9f 7a 2c
    56 9a 10 47 96 2a 1c 91 91 81 ff 46 c5 43 f1 29
    82 09 87 08 0b 66 55 2b 8b 0a 83 32 fd b9 ac 9b
    a7 7e 51 5c 9c e4 e1 08 12 0a 79 aa d2 b1 d6 1a
    42 84 8a 83 33 9c 47 cd 36 78 6a c9 36 03 20 a8
    79 b7 93 78 4a 3d 6d 94 86 77 b1 84 ba f6 a8 1b
    f7 06 22 a1 c3 60 84 a3 20 0c 98 ff 76 73 d5 51
    c0 0b 94 cc b7 40 55 54 65 59 b0 e7 58 e6 43 9f
    a7 38 be a1 22 14 ac 1c c5 8c e8 b0 57 84 69 b8
    6a 3a 60 d0 9b 67 74 8e ba b0 27 56 17 c7 1d e8
    a8 cf 6c 81 2b 4b 3c ea 33 91 d0 15 bd fb d5 74
    eb f9 29 1f e6 2d f0 26 b3 93 4c 48 bb 15 43 b0
    c1 b8 5a 40 5e d9 57 a4 c8 7b 31 b3 08 56 d3 08
    27 8b c7 8e b8 6c 0f c9 34 99 9c d3 37 1b c2 10
    5b e7 8a 73 f7 8c 42 b4 8d ae 5b cc 84 89 46 84
    f7 20 5d 97 b2 d8 91 34 9a 92 c5 ac a8 3a 65 60
    08 6c 74 21 32 a5 49 94 59 66 b8 32 7d c7 6b 93
    00 bd 61 99 d9 73 36 20 86 c9 a7 11 61 73 02 79
    b6 23 78 85 9d 75 0b 62 2b 1c 09 ac ea 74 f7 ea
    ce 7b 7c 2d d9 e3 9b af e9 3a b7 11 6a 1d c9 18
    64 06 6c b7 06 ba 75 03 67 39 87 cb 56 17 c1 52
    51 89 0e 50 16 e8 f2 aa 23 59 9b 36 9c a6 cb b7
    1f dd 4c 80 78 98 97 66 71 ba 11 b5 ae be d2 44
    7c 99 b3 55 95 1b 2d 11 bc 3c 4b 2f e9 f0 3e 7a
    15 7c 60 59 4f 72 04 7a ac 36 80 60 07 22 7d 09
    b3 70 66 74 05 28 a7 96 12 c4 0f 22 a3 cb e7 aa
    7e bb 86 60 61 b9 54 17 c1 23 7b 6e bf 6b 6b d4
    62 b0 48 3c 3f 63 13 45 01 5a 9b e9 75 2d 2f 21
    4b 7f 99 c8 c6 e3 31 89 f2 36 ea 1c 20 25 f9 a7
    3c 80 4b b7 48 84 2d d7 cd bb d5 b2 b2 74 66 b4
    6a 36 f7 77 2e d1 0c 55 e9 75 9c 1b f6 3a 25 62
    c2 4f bb c5 6c 6b 60 1f 16 7f da 68 17 de 83 88
    65 20 11 d9 66 af d9 80 8a 98 b5 6d c3 d5 3f 9a
    b0 33 e2 8b 75 5d 33 83 2f f1 a1 bc ba 00 63 09
    5c 12 c2 78 63 62 4f 25 d2 25 0d 1b 43 87 d5 36
    dc 61 39 73 b7 99 e3 88 70 aa 9a b2 27 c1 13 27
    12 9d dd 3b 49 01 b1 5a a4 69 94 4a e2 ba 6d c0
    06 d4 97 05 14 a5 8d b9 96 59 aa e3 c5 5f 49 c6
    79 12 b6 5f 45 8c c2 75 3b 03 81 a8 5e d4 66 78
    83 a5 7a 37 23 68 67 76 fe c5 57 91 56 cf 11 9b
    b1 ce 13 72 6d ea 00 2c 84 0b 22 86 93 4d f4 a1
    2a 68 1f ce c5 bb c2 c4 7e 93 17 ad 72 94 60 1e
    2b 34 9d c1 93 81 12 3a 3f 5b 85 2b c1 9a 2e 42
    4a 3d cc c2 6b 78 c6 39 70 57 d6 82 32 8f 78 71
    e8 43 71 2a 63 1a e6 48 bd 9f 25 0c 3c d1 24 dc
    3c b7 4f 52 41 65 63 22 f4 9a 1a f6 cc b2 e4 b4
    14 34 75 74 27 c8 99 fd 28 c8 57 2b 24 d5 85 3e
    c0 89 30 7b 93 51 6c 8a 34 0e b0 19 84 b4 78 a1
    0b 91 fe 78 0d 5e 59 42 7f 96 91 3c 98 8b 4f d4
    aa c7 04 5c 92 49 6c d0 59 0c 8c 95 1d d8 3a 7a
    f5 b0 42 2f 73 4f 14 8b 52 19 36 89 09 6b 21 6b
    0c a5 a8 09 55 3e 82 aa 30 01 3e a4 c0 b3 c3 2b
    5c b7 98 43 47 c1 28 7d 84 17 b3 78 11 e2 cb 85
    a7 a1 af af 14 13 c4 75 33 10 a8 6f 5a ab cc f1
    64 2d d5 c2 6a b2 ec c8 9e 96 94 c2 43 cb 67 94
    3f d4 c0 78 d7 a0 53 00 f7 69 3b 74 8f 5b 18 a0
    c4 e9 0f 56 96 62 b0 13 3d 5e 54 b7 27 c5 1d 13
    48 8e 56 23 9c 4c a4 26 4b ea 5f ce 16 cb 6f 75
    9e 7e e1 c1 50 96 9b 00 dc 51 23 08 97 cd f2 b7
    e8 09 78 d9 81 bc e9 70 99 87 04 8a 3d e4 56 77
    ec 9c 82 3c 03 0b c7 89 d2 05 11 dc fb 07 58 e9
    a9 73 06 b4 1a a0 79 4d fb 14 70 12 b0 5d 6b a8
    9a 99 94 0a 18 a5 59 20 b3 f9 d6 c3 6e c9 71 87
    14 95 a2 8c 31 3b 20 5c a5 b9 17 8a 64 3c f9 f7
    63 39 71 27 cf 77 0f 9e d3 b0 37 a1 30 4c 81 5b
    d9 47 38 0b f1 98 50 35 ae dd 27 17 86 7b 2a b1
    2c 73 13 a3 88 1b 00 28 3d d2 5f d1 91 b7 9c 53
    5c e6 93 ba e9 48 05 5b c6 c5 4d 51 12 6d 38 54
    2c 92 c4 49 d3 99 b5 f0 50 cc 4a a6 f4 ab 65 b1
    6c c2 ed 85 54 b9 01 7d 3e a3 1c bc 51 bd e7 79
    11 00 fa fd 86 97 93 10 5c 46 68 49 8c 82 78 85
    1f e4 45 89 0b 54 5e c8 a9 03 6c e3 81 5d 52 e8
    18 9c fa dc 32 42
<<< TLS 1.2, RecordHeader [length 0005]
    14 03 03 00 01
<<< TLS 1.3, ChangeCipherSpec [length 0001]
    01
<<< TLS 1.2, RecordHeader [length 0005]
    16 03 03 04 ba
<<< TLS 1.3, Handshake [length 04ba], ServerHello
    02 00 04 b6 03 03 1e 7a af b3 b2 e0 72 57 77 ed
    86 e9 9d 2e 62 a4 46 dd 94 e8 00 c3 83 66 06 41
    c2 56 ed 7b 4f da 20 81 52 27 a7 37 80 f5 b1 61
    a7 79 b4 68 df 40 3d 6d 6a d7 dd a3 c6 f5 1d a3
    3b 98 b1 24 99 c0 22 13 02 00 04 6e 00 2b 00 02
    03 04 00 33 04 64 11 ec 04 60 e7 0b d2 6b de 33
    77 c6 7e 1c 83 35 47 77 50 51 b4 36 31 8c 6b 3b
    af ce c6 b5 49 86 98 c3 8e 54 2d e2 91 07 d7 f5
    46 83 83 d0 44 00 2e 0b 63 9b 8d c1 1f 0c 85 4e
    08 b7 76 85 05 6e bd d8 3b b2 ea b5 69 7a 54 b9
    64 85 31 50 e6 f2 b3 9a 63 36 ad 10 10 48 fb 67
    2f 03 ab 2f b0 6e fb b5 60 2d e9 0f 44 2a 2b 13
    bf ba 80 d4 6d 14 df 9c 8b 46 f5 a1 76 49 ca 20
    b3 af 34 a6 8a f0 15 cd 43 57 45 33 35 1a b6 22
    3a fc cc 42 6c 17 f3 21 4b 61 97 42 35 d1 15 80
    37 a6 e3 56 35 29 1b c4 59 7a 3f 94 06 44 83 50
    1a eb 9f 02 8c 57 b4 df 3f f1 84 34 c6 77 7d cf
    64 14 da 27 aa 03 4d 31 7a ab 77 f9 49 7d f3 48
    b0 94 00 3d b8 42 27 26 73 98 8c 05 96 bb 61 4f
    f4 67 2f 00 24 cc c2 bc e3 4d 1c ec c4 55 91 15
    66 c8 38 bf 09 58 fa bd 89 84 04 f9 3a 08 c9 a0
    34 6f 52 85 e3 c4 1a 96 02 8f 8c 9e 30 b7 e9 3e
    08 31 fe fc c7 aa 34 68 6d 0d e6 80 0f f9 22 80
    3a 72 f8 86 f5 d7 28 c3 fa 63 8d b3 6f 71 35 9d
    ea 67 18 d8 a5 2e 4e f8 f7 77 37 69 aa b1 2f 6e
    d8 77 22 45 be 27 2f 63 84 e7 54 b0 0d 37 69 bd
    5b 50 ab b9 3d 63 a6 21 11 89 03 e8 ee b9 4a 0a
    df 36 4b b4 a4 32 84 d8 68 ce 43 f1 12 2f 60 1b
    f0 f8 5c 31 c8 a2 10 9d 91 0b df d7 52 70 e8 da
    a8 3c 5a 18 db eb 45 a9 20 32 78 35 cb 95 a1 12
    ca 53 f6 7e dc 7e ba 2b 29 c9 ce fd 55 2d 14 e5
    66 39 bd 30 1c 08 0b 93 16 0f 7b e3 62 1b c0 ed
    0f 3c 9a ed 70 f2 0d fe a1 08 dd 60 0c b6 20 6b
    b5 db 8f cc 18 1f 5a d0 f4 e8 6a 5d 10 cc 9f 80
    63 e0 ee 6c 9d e9 95 98 3a ad e3 7d e7 4c 5d 9f
    bb 76 07 22 e9 cd 46 5b a1 a1 87 a3 57 4a 86 94
    28 e8 5e d4 a4 b9 a6 2a 27 a5 40 72 56 64 58 3b
    c0 99 96 07 88 fd b3 eb 71 71 f1 c0 56 fc 28 b9
    bb a8 f0 09 b9 87 80 da fd 1a b4 08 7f 11 4f 21
    be dd f8 e5 0a 8f 2e a1 92 4a e0 bc a3 03 b1 fd
    dc 00 11 46 36 c3 0e 3a 99 47 a8 74 c1 9c c1 46
    e2 bf 51 5a 56 e9 d4 5b 66 93 a8 c8 2e c0 98 0c
    c7 ff 87 c6 40 51 4a ad 4d 7f ef 31 c0 d2 67 e2
    33 74 ef 75 dd e0 43 45 5e d8 85 f5 70 62 86 03
    84 47 d5 3b e1 65 3b ff d3 77 3e 47 e1 72 e2 92
    49 20 ab 3c 6a 55 e6 ba 69 21 c9 7f 6b 1c d2 0e
    41 6d 4a 8c d7 e3 59 42 1c ee 4a 56 3f e8 36 c2
    ee 07 68 72 f0 d6 51 2f ad 28 5e 0e 3f 23 04 b1
    8d 90 4e fd 37 fe a4 4c 29 06 b4 f6 98 48 c7 10
    20 5b 34 93 0f 99 99 53 7b 0f 62 1c d3 da 8f e6
    a6 97 e9 78 d4 35 61 ed 1e 00 22 27 a3 ab 4b 88
    cd 30 16 91 3c 6f f6 9f 13 fc 25 7b db ad 37 9b
    71 eb f0 33 83 ca 2d 1b 0b f3 ae 14 6f 1e b4 86
    8f ac 7d 7b 0a 9f 08 60 a2 d5 97 0f ca 62 c2 f9
    d7 85 49 68 6c 31 62 27 94 23 12 e2 9b 9d 6a ea
    4b b6 fe 8b 4e e2 e7 d6 35 8d 55 87 5b 07 e5 ec
    35 b2 b2 b4 45 e2 af 3e fb 38 35 75 f6 cf f3 23
    91 79 aa 4d 43 cd 43 2f b9 28 b0 3c 0c d3 90 67
    da a4 7c 69 33 93 5f 1e 6a 37 19 74 5f ce 5e 4f
    25 e6 e1 ad c7 2d 45 b0 2d 7f 54 a7 85 ae 31 bb
    0d e5 26 c0 33 c9 4b 19 4d fd a5 9d 16 59 56 b8
    18 af 4d 2b 24 32 c9 32 c1 3d c7 6e de dc fe 23
    51 a1 bb 0f b1 cb 76 39 90 bb 06 ed 27 3e da 54
    22 d7 4f 18 c5 96 f3 b9 3c 06 29 c8 04 6c 91 36
    58 22 e9 af 5f ce f4 be 73 e2 cc 99 65 dc 4c f9
    e8 17 44 92 e0 a4 c1 b6 2d 12 00 e4 65 b1 df df
    52 ef c3 ff 96 7c 0c a8 ba af 50 b3 bd ae a7 63
    7f 86 83 e1 ad a6 51 ac 80 2d 42 40 82 28 74 57
    3a a6 21 76 26 b7 35 8b cb 98 93 ff e5 c9 86 8f
    68 7b 35 20 e9 37 1c 6d eb 9e 3d 77 56 3d f0 54
    53 f5 62 a0 54 22 16 85 01 ab 44 f3 88 a2 d9 4b
    f5 e0 81 26 98 0b 7d 12 21 74 fb 72 37 2f c8 38
    b9 ee 11 74 7a 26 f8 fb 43 e6 a0 a6 63 00 c9 f3
    94 5d 10 94 be 22 da 2a 6f cd 27 1c 59 34 29 58
    d7 17 6d 2b 4a 6b b4 e2 ae fa 35 a5 a8 71 28 51
    1b 97 69 52 c9 e3 1b 4c 44 63
<<< TLS 1.2, RecordHeader [length 0005]
    17 03 03 00 17
<<< TLS 1.3, InnerContent [length 0001]
    16
<<< TLS 1.3, Handshake [length 0006], EncryptedExtensions
    08 00 00 02 00 00
<<< TLS 1.2, RecordHeader [length 0005]
    17 03 03 03 47
<<< TLS 1.3, InnerContent [length 0001]
    16
<<< TLS 1.3, Handshake [length 0336], Certificate
    0b 00 03 32 00 00 03 2e 00 03 29 30 82 03 25 30
    82 02 0d a0 03 02 01 02 02 01 02 30 0d 06 09 2a
    86 48 86 f7 0d 01 01 0b 05 00 30 12 31 10 30 0e
    06 03 55 04 03 0c 07 52 6f 6f 74 20 43 41 30 20
    17 0d 31 36 30 31 31 34 32 32 32 39 34 36 5a 18
    0f 32 31 31 36 30 31 31 35 32 32 32 39 34 36 5a
    30 19 31 17 30 15 06 03 55 04 03 0c 0e 73 65 72
    76 65 72 2e 65 78 61 6d 70 6c 65 30 82 01 22 30
    0d 06 09 2a 86 48 86 f7 0d 01 01 01 05 00 03 82
    01 0f 00 30 82 01 0a 02 82 01 01 00 d5 5d 60 6a
    df fc 61 ee 48 aa 8c 11 48 43 a5 6d b6 52 5d aa
    98 49 b1 61 92 35 b1 fc 3a 04 25 0c 6d 79 ff b4
    d5 c9 e9 5c 1c 3b e0 ab b3 b8 7d a3 de 6d bd e0
    dd d7 5a bf 14 47 11 42 5e a6 82 d0 61 c1 7f dd
    13 46 e6 09 85 07 0e f2 d4 fc 1a 64 d2 0a ad 20
    ab 20 6b 96 f0 ad cc c4 19 53 55 dc 01 1d a4 b3
    ef 8a b4 49 53 5d 8a 05 1c f1 dc e1 44 bf c5 d7
    e2 77 19 57 5c 97 0b 75 ee 88 43 71 0f ca 6c c1
    b4 b2 50 a7 77 46 6c 58 0f 11 bf f1 76 24 5a ae
    39 42 b7 51 67 29 e1 d0 55 30 6f 17 e4 91 ea ad
    f8 28 c2 43 6f a2 64 a9 fb 9d 98 92 62 48 3e eb
    0d 4f 82 4a 8a ff 3f 72 ee 96 b5 ae a1 c1 98 ba
    ef 7d 90 75 6d ff 5a 52 9e ab f5 c0 7e d0 87 43
    db 85 07 07 0f 7d 38 7a fd d1 d3 ee 65 1d d3 ea
    39 6a 87 37 ee 4a d3 e0 0d 6e f5 70 ac c2 bd f1
    6e f3 92 95 5e a9 f0 a1 65 95 93 8d 02 03 01 00
    01 a3 7d 30 7b 30 1d 06 03 55 1d 0e 04 16 04 14
    c0 e7 84 bf e8 59 27 33 10 b0 52 4f 51 52 2f 06
    d6 c0 7a cd 30 1f 06 03 55 1d 23 04 18 30 16 80
    14 70 7f 2e ae 83 68 59 98 04 23 2a cd eb 3e 17
    cd 24 dd 01 49 30 09 06 03 55 1d 13 04 02 30 00
    30 13 06 03 55 1d 25 04 0c 30 0a 06 08 2b 06 01
    05 05 07 03 01 30 19 06 03 55 1d 11 04 12 30 10
    82 0e 73 65 72 76 65 72 2e 65 78 61 6d 70 6c 65
    30 0d 06 09 2a 86 48 86 f7 0d 01 01 0b 05 00 03
    82 01 01 00 7b d3 04 43 75 8a 0f 11 ae c4 fb d7
    a1 a2 9e fe 20 18 d5 f4 2f 31 88 46 b6 75 8c ee
    e5 9b 97 a6 b9 a3 cd 60 9a 46 c3 48 97 e5 97 68
    f7 5a 86 35 73 d9 69 9e f9 5f 74 b9 e6 94 13 01
    cb 6a dc e3 c4 04 e9 65 da 9c a4 8b 28 f3 f9 9a
    7f bf 97 1f 45 92 e5 05 b1 56 e6 0b f6 47 de 1e
    89 b6 2b e1 4d df 4a 7e 01 d3 23 dc 97 8c 47 fe
    5f c7 cc 98 46 0e c4 83 5b ca 8a f1 52 09 be 6b
    ec 3f 09 8b d0 93 02 bf e1 51 e7 d1 7e 34 56 19
    74 d0 ff 28 25 de b7 9f 56 52 91 7d 20 29 85 0a
    80 44 5f 71 32 25 71 0f c2 16 e2 5f 6b 1d 3f 32
    5b 0a 3c 74 1c b9 62 f1 ed 07 50 a3 6d b4 b4 31
    0a c0 53 44 6a 3a 88 84 8b 2d a9 b0 37 8e e6 18
    36 bd 9a 20 40 0f 01 92 8b 3d aa 61 e7 ae 2c ed
    36 cd 3a 07 86 74 3a 29 b3 d7 3a b4 00 a9 c2 f5
    92 78 0e e2 0f a3 fe bb be e0 06 53 84 59 1d 90
    69 e5 b6 f9 00 00
<<< TLS 1.2, RecordHeader [length 0005]
    17 03 03 01 19
<<< TLS 1.3, InnerContent [length 0001]
    16
<<< TLS 1.3, Handshake [length 0108], CertificateVerify
    0f 00 01 04 08 04 01 00 a0 f7 cf 2c 05 dd e5 d6
    dd cb b1 f7 d6 20 5b e8 54 3e 7a 0f e8 02 68 cb
    27 66 32 f9 ef c5 94 81 a2 cf 81 4b 14 f9 1b e0
    89 97 f8 f5 89 b6 43 22 a3 4d 9a 0f 0b 4a 7b 6a
    65 60 ce 5d d2 4c 6b 92 e3 6b 3a 95 df c6 98 b3
    ba eb 1e 0d 6f 0a c8 b1 60 2e b5 85 95 1d 49 ef
    6a 56 a9 11 80 ec 2f 09 12 55 4a 2d 38 5d 81 b0
    67 d4 cd 2f f3 f4 9b fb 97 b5 b0 bb db fb b7 ce
    e4 fd 10 a7 6c 2a b7 92 61 4e 71 09 c1 13 3a 9a
    b6 0b a6 d2 5b af 80 a3 b6 ff 3f 42 c0 08 d2 0a
    58 20 5e a6 c9 bd 15 15 03 0e f7 69 d2 37 c4 93
    03 fe 26 36 07 13 65 c6 6c 83 66 c5 f9 4d bb c9
    40 58 ec b0 d7 ed 6e f2 6f bb e9 87 40 03 dc 4e
    ba 20 5f 08 51 a6 45 ec 93 df 94 1c 05 77 c1 45
    9e 65 6d 7d 72 f7 60 3e ac a4 5e 4e b4 3e b6 9f
    00 0d 90 65 a1 25 92 e0 ab c9 4c 5f 8e 56 1c e3
    3e 23 dd bc 1c 9e 41 47
<<< TLS 1.2, RecordHeader [length 0005]
    17 03 03 00 45
<<< TLS 1.3, InnerContent [length 0001]
    16
<<< TLS 1.3, Handshake [length 0034], Finished
    14 00 00 30 f0 8b 0f 5c e2 d5 91 3a fe 8e 3f f7
    05 04 a9 ff 0d 68 c3 78 36 a8 e7 ca 7a fb 41 20
    94 54 b6 d1 91 1d d6 fe d7 38 44 e3 45 65 ef 43
    95 db 06 b6
>>> TLS 1.2, RecordHeader [length 0005]
    17 03 03 00 45
>>> TLS 1.2, InnerContent [length 0001]
    16
>>> TLS 1.3, Handshake [length 0034], Finished
    14 00 00 30 5e 59 0d 2c 6b 0b af 17 88 8c 06 e5
    e8 9a f8 ae 19 22 95 e1 65 ee 04 c7 0d c4 70 08
    4e 00 93 51 4d fd f1 30 2a c9 a4 71 e7 c4 6c b7
    8c 57 25 ab
---
Certificate chain
 0 s:CN=server.example
   i:CN=Root CA
   a:PKEY: RSA, 2048 (bit); sigalg: sha256WithRSAEncryption
   v:NotBefore: Jan 14 22:29:46 2016 GMT; NotAfter: Jan 15 22:29:46 2116 GMT
---
Server certificate
-----BEGIN CERTIFICATE-----
MIIDJTCCAg2gAwIBAgIBAjANBgkqhkiG9w0BAQsFADASMRAwDgYDVQQDDAdSb290
IENBMCAXDTE2MDExNDIyMjk0NloYDzIxMTYwMTE1MjIyOTQ2WjAZMRcwFQYDVQQD
DA5zZXJ2ZXIuZXhhbXBsZTCCASIwDQYJKoZIhvcNAQEBBQADggEPADCCAQoCggEB
ANVdYGrf/GHuSKqMEUhDpW22Ul2qmEmxYZI1sfw6BCUMbXn/tNXJ6VwcO+Crs7h9
o95tveDd11q/FEcRQl6mgtBhwX/dE0bmCYUHDvLU/Bpk0gqtIKsga5bwrczEGVNV
3AEdpLPvirRJU12KBRzx3OFEv8XX4ncZV1yXC3XuiENxD8pswbSyUKd3RmxYDxG/
8XYkWq45QrdRZynh0FUwbxfkkeqt+CjCQ2+iZKn7nZiSYkg+6w1PgkqK/z9y7pa1
rqHBmLrvfZB1bf9aUp6r9cB+0IdD24UHBw99OHr90dPuZR3T6jlqhzfuStPgDW71
cKzCvfFu85KVXqnwoWWVk40CAwEAAaN9MHswHQYDVR0OBBYEFMDnhL/oWSczELBS
T1FSLwbWwHrNMB8GA1UdIwQYMBaAFHB/Lq6DaFmYBCMqzes+F80k3QFJMAkGA1Ud
EwQCMAAwEwYDVR0lBAwwCgYIKwYBBQUHAwEwGQYDVR0RBBIwEIIOc2VydmVyLmV4
YW1wbGUwDQYJKoZIhvcNAQELBQADggEBAHvTBEN1ig8RrsT716Ginv4gGNX0LzGI
RrZ1jO7lm5emuaPNYJpGw0iX5Zdo91qGNXPZaZ75X3S55pQTActq3OPEBOll2pyk
iyjz+Zp/v5cfRZLlBbFW5gv2R94eibYr4U3fSn4B0yPcl4xH/l/HzJhGDsSDW8qK
8VIJvmvsPwmL0JMCv+FR59F+NFYZdND/KCXet59WUpF9ICmFCoBEX3EyJXEPwhbi
X2sdPzJbCjx0HLli8e0HUKNttLQxCsBTRGo6iISLLamwN47mGDa9miBADwGSiz2q
YeeuLO02zToHhnQ6KbPXOrQAqcL1kngO4g+j/ru+4AZThFkdkGnltvk=
-----END CERTIFICATE-----
subject=CN=server.example
issuer=CN=Root CA
---
No client certificate CA names sent
Peer signing digest: SHA256
Peer signature type: rsa_pss_rsae_sha256
Negotiated TLS1.3 group: X25519MLKEM768
---
SSL handshake has read 2546 bytes and written 1702 bytes
Verification error: unable to verify the first certificate
---
New, TLSv1.3, Cipher is TLS_AES_256_GCM_SHA384
Protocol: TLSv1.3
Server public key is 2048 bit
This TLS version forbids renegotiation.
Compression: NONE
Expansion: NONE
No ALPN negotiated
Early data was not sent
Verify return code: 21 (unable to verify the first certificate)
---
>>> TLS 1.2, RecordHeader [length 0005]
    17 03 03 00 13
>>> TLS 1.2, InnerContent [length 0001]
    15
>>> TLS 1.3, Alert [length 0002], warning close_notify
    01 00
Connecting to 127.0.0.1
SSL_connect:before SSL initialization
SSL_connect:SSLv3/TLS write client hello
SSL_connect:SSLv3/TLS write client hello
SSL_connect:SSLv3/TLS read server hello
SSL_connect:SSLv3/TLS write change cipher spec
SSL_connect:SSLv3/TLS write client hello
SSL_connect:SSLv3/TLS write client hello
SSL_connect:SSLv3/TLS read server hello
Can't use SSL_get_servername
SSL_connect:TLSv1.3 read encrypted extensions
depth=0 CN=server.example
verify error:num=20:unable to get local issuer certificate
verify return:1
depth=0 CN=server.example
verify error:num=21:unable to verify the first certificate
verify return:1
depth=0 CN=server.example
verify return:1
SSL_connect:SSLv3/TLS read server certificate
SSL_connect:TLSv1.3 read server certificate verify
SSL_connect:SSLv3/TLS read finished
SSL_connect:SSLv3/TLS write finished
DONE
SSL3 alert write:warning:close notify
