CONNECTED(00000003)
>>> TLS 1.0, RecordHeader [length 0005]
    16 03 01 00 d6
>>> TLS 1.3, Handshake [length 00d6], ClientHello
    01 00 00 d2 03 03 36 69 c6 f8 db 32 20 1a 57 37
    82 33 c9 1e c0 19 50 d8 40 85 c2 ae 54 bf dc e4
    2a 0b 53 a3 5e 6d 20 aa 40 50 c1 2c 61 4f c9 ba
    ae 00 7a e9 d8 82 ed 79 69 b2 01 41 7d b1 da 89
    9e d6 b0 81 4a ea a5 00 06 13 02 13 03 13 01 01
    00 00 83 00 0b 00 04 03 00 01 02 00 0a 00 06 00
    04 11 ec 00 1d 00 23 00 00 00 16 00 00 00 17 00
    00 00 0d 00 2a 00 28 09 05 09 06 09 04 04 03 05
    03 06 03 08 07 08 08 08 1a 08 1b 08 1c 08 09 08
    0a 08 0b 08 04 08 05 08 06 04 01 05 01 06 01 00
    2b 00 03 02 03 04 00 2d 00 02 01 01 00 33 00 26
    00 24 00 1d 00 20 7c 01 b7 89 6b 87 71 0f c3 55
    55 74 a1 94 15 21 70 09 ad e8 11 fe ef 4e d9 9d
    e9 eb 31 12 52 2b
<<< TLS 1.2, RecordHeader [length 0005]
    16 03 03 00 58
<<< TLS 1.3, Handshake [length 0058], ServerHello
    02 00 00 54 03 03 cf 21 ad 74 e5 9a 61 11 be 1d
    8c 02 1e 65 b8 91 c2 a2 11 16 7a bb 8c 5e 07 9e
    09 e2 c8 a8 33 9c 20 aa 40 50 c1 2c 61 4f c9 ba
    ae 00 7a e9 d8 82 ed 79 69 b2 01 41 7d b1 da 89
    9e d6 b0 81 4a ea a5 13 02 00 00 0c 00 2b 00 02
    03 04 00 33 00 02 11 ec
>>> TLS 1.2, RecordHeader [length 0005]
    14 03 03 00 01
>>> TLS 1.3, ChangeCipherSpec [length 0001]
    01
>>> TLS 1.2, RecordHeader [length 0005]
    16 03 03 05 76
>>> TLS 1.3, Handshake [length 0576], ClientHello
    01 00 05 72 03 03 36 69 c6 f8 db 32 20 1a 57 37
    82 33 c9 1e c0 19 50 d8 40 85 c2 ae 54 bf dc e4
    2a 0b 53 a3 5e 6d 20 aa 40 50 c1 2c 61 4f c9 ba
    ae 00 7a e9 d8 82 ed 79 69 b2 01 41 7d b1 da 89
    9e d6 b0 81 4a ea a5 00 06 13 02 13 03 13 01 01
    00 05 23 00 0b 00 04 03 00 01 02 00 0a 00 06 00
    04 11 ec 00 1d 00 23 00 00 00 16 00 00 00 17 00
    00 00 0d 00 2a 00 28 09 05 09 06 09 04 04 03 05
    03 06 03 08 07 08 08 08 1a 08 1b 08 1c 08 09 08
    0a 08 0b 08 04 08 05 08 06 04 01 05 01 06 01 00
    2b 00 03 02 03 04 00 2d 00 02 01 01 00 33 04 c6
    04 c4 11 ec 04 c0 bf 26 0c fe 67 21 f9 74 71 93
    83 39 98 20 8c a8 b2 1b 99 13 1e 69 28 31 d7 77
    30 b4 21 bd 61 db 4f 02 67 6a 8b 77 0e c4 26 84
    20 52 8c ef aa ab 7c bc 49 63 6c b5 78 e4 b8 bd
    cb 6d ed 6a 1e 82 22 43 ce 06 43 79 a4 5b 1c c4
    25 33 8a 9d 56 74 37 fa 12 35 1a 86 7c ff f0 8b
    6b ec 79 7f 83 ae 23 ea 28 bd f0 62 8e 33 21 de
    54 88 07 7b 08 63 56 a7 cd 39 bd 86 5b 21 ee d6
    81 31 cc 09 2c 57 22 43 b0 4f 60 36 09 06 ba 3a
    ae 12 b1 92 6c 4a 61 33 75 62 a2 31 69 f9 70 a3
    3a 68 2f 43 64 8c 97 70 55 95 67 07 4c 63 c7 2c
    97 7c aa ce bd cb 55 0f b1 9d ff 75 1e a2 6a a9
    8c e0 b5 f0 25 48 bb 7b 8b 08 f9 63 cc 9c b2 9c
    f1 c4 d2 5c a1 2b 09 32 70 e3 1c 4f 8b 8e 39 d2
    40 6f 78 a6 25 e0 68 e7 65 5e 10 9a b0 a8 11 01
    63 63 b0 0a a9 1b 9d 61 1f 95 a7 6d 9d a9 99 d1
    45 18 38 da 64 a4 9c 42 9a 60 9a 02 63 53 e5 90
    85 10 8b bf b2 6b 34 43 44 5d 5b 92 80 6a 65 9c
    18 6b 33 66 f4 77 c5 1a 82 4c e4 66 fd 81 c5 4c
    09 7a ee 54 0b ab 41 87 a7 2c 8a 7f 13 6e 9f 69
    43 d3 38 b2 4e 84 20 fa 99 64 50 69 65 d8 c8 24
    9c 13 50 00 06 28 0c b4 3a 06 7b ba 9f 76 69 59
    2b 15 23 a5 7e 8c e3 3a f1 3b 82 2a 96 96 a8 9c
    11 98 62 5c b1 74 0c 43 d5 24 e2 d9 92 45 52 1b
    cb 6b 16 a2 7a 75 46 01 46 00 b6 0a a6 58 56 88
    c2 c5 c2 e3 5b b4 46 4a b0 12 93 89 dc 70 41 fb
    1c 9e a8 ca 45 2c 52 db 62 2b 84 a5 7c 3d 14 74
    d0 23 a9 b5 e7 4d 24 79 73 e0 0c 8a 46 17 b9 e4
    d8 bb bc 43 23 17 d8 76 fd 71 28 a6 1c 84 91 6a
    12 e7 10 74 d5 ca 4b 91 c9 95 cb c6 29 ae 78 33
    fb 80 63 16 31 b8 5a 9b 08 78 fa 1e 07 95 93 8d
    12 28 da 5a 1f ec 13 71 36 36 16 e3 b5 8b d2 74
    89 15 db 65 51 f5 9e 05 34 08 ac 91 51 b1 f7 7f
    47 9c 7e 11 91 1e 18 96 b4 e5 42 67 44 b9 93 2f
    d7 0b be 08 a6 70 a8 1b 20 56 45 a2 b7 b9 51 d5
    32 4e e7 a1 19 d0 84 59 02 9b 93 f3 c1 81 00 61
    ae f6 15 6f 28 a9 b8 50 19 8f 68 c9 b3 5c 21 af
    ac b5 97 2b 71 36 ac b3 97 65 a7 ae e8 3c bd fa
    bf ca e4 93 ec 58 47 a0 66 97 de 07 96 97 3a 82
    71 5a 97 12 d2 2d 56 39 3a c4 99 87 fb d5 1d 76
    04 ce be 51 c6 af ab b0 f9 35 6c 74 c0 68 8f 79
    94 25 64 2b 95 49 9c 56 21 1a 42 78 85 d0 cb 8a
    e9 e9 16 a8 1b 3a c8 68 73 30 f5 87 ec e0 6b 26
    05 36 b5 d1 9e d6 bc 1d 4b 49 cf 24 90 50 09 17
    6f 0a e6 97 fc cc 0c e2 52 5a 38 6a 54 6c b7 ab
    94 e1 b6 34 12 91 78 14 82 14 f8 15 b9 1a 05 b3
    1c ce 95 f3 36 d1 c3 60 57 0b 2b 71 5a a0 73 d4
    5c 47 16 4a 9b f0 c6 ae 40 83 a4 86 c6 0c 77 46
    29 31 0a 30 00 99 98 0a 1d bb b6 b6 b1 34 93 88
    24 a5 f5 f6 60 59 46 1f 85 4b 19 e2 10 56 46 33
    76 ce 33 75 f3 d0 a6 19 24 2e 8d 69 27 20 91 a3
    1d c1 a4 e8 13 36 de d4 43 7d 7c 6f 38 0c 9d 7a
    44 3c 62 11 3a ff 56 b7 18 ab 3b 97 c5 62 bf 12
    35 6b bc 83 e2 7c 36 88 c8 78 d5 96 66 2f 48 0f
    d1 92 b6 aa 40 3c 3f c2 7f 9f 34 1a 8c 86 c1 7e
    b9 3f 77 43 c7 f7 10 83 5b 25 65 5d d4 35 31 e7
    c4 83 b6 37 83 a8 7e d9 77 bd 44 f8 86 2d c6 18
    c3 20 15 0e ab bc b8 b3 08 49 d1 44 fe 96 42 2d
    5b 62 f7 a2 58 a4 55 92 ac b7 90 82 78 b3 3c fc
    6d 0e 1b c0 3d 32 9f ba 85 54 0b 3c 2e cf 81 4f
    54 47 36 f1 d3 92 02 20 3f 47 d2 c0 7c 77 6d 4f
    62 3f 40 6a 57 16 5c 75 ca 11 93 d6 40 ac 07 f6
    ba e5 24 33 8b f5 5c 58 a0 48 ba 7b ad b2 2a 1e
    2a 31 37 e7 4b 20 e5 4c 00 f9 3b be 4d 65 93 87
    4c 7e fb 46 15 07 b1 06 bb f9 8b 71 d8 83 13 e2
    3d 8b eb 92 66 9b 0f 63 36 5b 0b 1c 1e bd b2 6b
    fc 3a 05 d6 48 5b 52 75 97 44 44 c7 f1 72 39 57
    da 5f dc 07 2d dd b1 25 13 f2 70 12 d7 1f df 3a
    77 bd 36 28 f2 91 ac f3 41 3b 72 f4 3e 01 b0 c6
    0d 56 67 e3 ec 83 2c 75 69 3b c5 b3 9b a9 87 55
    62 8d 58 4a 5e 6a d3 4b 3a 53 5b d5 d9 5a c0 08
    cc ec 86 03 a3 b3 98 b5 08 a6 1f a7 1a 2b 93 99
    92 8a ab 38 43 5c d9 96 e9 fa fe 7e 73 38 35 77
    d0 14 02 d3 c8 fc 6c 31 71 89 8b 44 f7 1d 95 8e
    0d 71 2a dc 27 0f b0 30 c2 03 1b 1c f9 b8 67 f3
    7a 21 db 1a e4 ad 00 ee 09 23 b7 55 70 55 76 4f
    8a 3f 60 6c 20 0d
<<< TLS 1.2, RecordHeader [length 0005]
    14 03 03 00 01
<<< TLS 1.3, ChangeCipherSpec [length 0001]
    01
<<< TLS 1.2, RecordHeader [length 0005]
    16 03 03 04 ba
<<< TLS 1.3, Handshake [length 04ba], ServerHello
    02 00 04 b6 03 03 50 04 d6 d2 bd eb a8 c8 bb fa
    f7 7e 1c ed 03 d7 18 52 a7 6c 4d 02 6a 34 3e 13
    ac 30 eb cb 6a c1 20 aa 40 50 c1 2c 61 4f c9 ba
    ae 00 7a e9 d8 82 ed 79 69 b2 01 41 7d b1 da 89
    9e d6 b0 81 4a ea a5 13 02 00 04 6e 00 2b 00 02
    03 04 00 33 04 64 11 ec 04 60 85 cc c4 13 9c 0a
    b6 a0 89 0a 23 b2 1f ce 2e 09 4d 5a ba e8 d7 fb
    35 b6 ec 9e 72 10 82 10 9a 50 a4 ee f7 c3 06 ec
    42 d1 d3 6a 0a 42 48 c5 57 a1 ec 09 f9 6c ba b8
    68 e1 17 d9 80 a6 d4 1d d8 e5 b3 33 1e 66 a9 ac
    cd 30 31 db 67 32 39 3a 8e fd b1 ec e9 b9 7d 10
    6a 01 7f 75 56 73 f2 f3 cb 5e 8d 56 90 09 cf fe
    44 9b cb 44 0d b5 ed cd e9 8d 95 92 a1 f1 2a 64
    a4 49 e8 2d 0d 2d 5d e9 31 b7 6e 48 c6 e4 f5 b9
    a6 ca e4 66 07 cd 20 3e c2 de 5b 88 50 ae a6 b8
    f1 25 d2 8e b0 dc 94 55 08 26 16 50 84 dd 34 4c
    ac 02 20 0a 16 c6 f8 8e 04 f8 ff 38 72 e1 34 00
    53 24 55 8f 25 d5 6e d5 aa 62 e8 bb bb 21 f3 df
    16 f1 a2 4f 26 bb 09 9a 77 e0 d8 50 eb 0a 47 d2
    b3 e3 76 fe 30 65 31 72 98 09 2f 11 6e 1f 6f 3b
    ab 6d e8 d1 74 bd 36 3c da 8a 93 a5 7f a6 a5 45
    70 09 36 be 18 be 42 c7 c7 10 91 bb bf ce 71 9b
    bb 67 71 4a 78 ba 34 ad f8 4c b1 9c 37 99 b1 b8
    78 ac 85 bc c3 09 73 ba d7 37 9e 10 94 78 6e fc
    e0 41 a4 5d 5d 99 e0 f5 b5 7f cd bf f5 b8 fc b5
    d2 0e 8c bf ac 23 59 92 2b 7f 9b 60 4d 34 8d 45
    c4 4c 9f 72 e5 2f 2c f2 2a e6 2f 09 43 e3 0f 45
    e4 ab d9 0c c4 53 b2 ee 30 5d f6 1d 5b 1e 46 c7
    48 61 15 19 15 72 f1 b3 6d 13 41 93 bf bb 42 1f
    e3 39 f6 ea b2 e9 9e 0b ea 37 6e 41 9b de e3 d8
    bb 09 95 d8 c7 46 a1 28 f7 ee c2 17 09 8d bf 5c
    02 fb 5b cf 68 94 a8 7b 9f 83 9d 3c 73 36 16 bd
    4d 9f a3 45 8e a0 4c 38 7d 34 a7 8d c9 a6 af ae
    59 a1 61 83 45 68 67 35 cd 86 c8 50 21 74 17 4e
    07 1f 13 4d 66 59 53 71 36 1e b1 cc 3f 85 f7 f3
    90 14 c3 a5 bd c2 ad 36 1f dd df cd dd c6 8e 98
    13 88 a7 f9 a8 f7 4c 9e 2d 31 d3 03 9c 43 da 9c
    3e 24 d1 15 c3 5f b6 ca b2 66 21 03 a1 d2 e1 d1
    09 22 05 d1 16 8e 45 1e e2 63 48 64 9c 97 13 dd
    b8 0e 67 65 fa ff 73 4c d4 e1 35 4f d5 b9 b1 45
    17 c6 91 66 ce c4 0c ae 0e a4 a1 d5 68 7a 19 ed
    4b f4 ad c1 df c5 13 ff d9 63 ae e6 ff 4b 85 0b
    9a 4f 33 c9 4c 02 0e c5 75 b5 6e c3 42 56 79 54
    16 15 cf 70 3f df aa 2b b5 f1 fe 25 7f c9 3a a9
    88 96 bc 9c 83 a7 26 5a 26 a2 a6 b6 08 e4 bd de
    e2 17 ea fe 83 c4 8b 54 4b cf c6 51 1f 1e c2 98
    1d f5 00 9d 16 3f e4 da 51 e5 f0 ec 8b 16 ee d3
    40 28 6f 4f a2 e7 c3 cd b0 27 7a 47 76 a8 08 8e
    fc f6 3d 6f 7a 8d 25 b0 c8 84 7d 2e 7d b2 90 2a
    cf 2c f8 e8 77 25 4d ea e4 01 e9 63 65 a3 a3 e4
    d8 98 4d 9c ba ad c6 44 a3 c6 ae 4c fc f7 bb 9f
    ed f8 f3 be eb 54 1a 02 86 7c 5e 40 b1 b1 63 12
    02 a6 e6 fc 78 9d 8a 86 4f 3a e7 4e e4 42 41 eb
    d4 f6 b0 a5 bd d0 c9 61 67 16 c6 ce e1 37 45 09
    34 67 8f 04 78 27 3a 27 bc 7a d1 a6 c8 ce 8f f6
    03 76 3e d6 a1 d7 f0 0e a7 74 60 1a e3 6e 31 17
    39 8e d6 e3 0b 11 01 61 63 45 96 c5 77 ee 37 34
    0f 81 04 a3 c7 18 0f 53 2d ae 5f c6 b7 39 ef 69
    f6 fc 4d 99 10 14 fc b2 13 94 de 47 11 81 eb 92
    27 24 46 9f 50 2e a1 df 51 0e bc e3 e6 95 3a 21
    c2 ac 34 a0 0e 2c 53 5f e7 b1 bb d0 8d d0 82 42
    a0 1b 4a 04 72 a5 0e eb c6 f1 85 0d 94 ec 9e 39
    8c a3 62 41 56 f3 0f bd 5a 56 bf 93 7b 9c 78 5d
    08 68 dc 3a dc d4 ac c5 6a 18 a5 82 61 54 4e 08
    7d 48 78 75 de 33 17 1b 89 30 5a 68 fb ac c7 9c
    15 fd 9d ac 79 5e 3d 87 f5 15 42 3a a8 17 d3 63
    f7 bd 5a 04 fd e3 35 43 20 8f 60 1d af dd 63 c6
    90 b6 4a 03 20 03 80 6e e3 f1 5d fb b0 ec 66 c8
    d6 2b 66 79 7d 5b ae 04 80 cf c9 c5 95 50 b3 6a
    ae 13 81 87 07 84 ad ba f7 2d f7 51 84 b4 21 b5
    f6 7b e1 12 08 6d a4 4f 6f ab 0e 4e 7d 58 df 4e
    31 d8 5a 11 83 53 77 09 d0 17 3b 54 c3 82 a8 86
    09 bf aa fe 6a 3e 98 64 71 07 e0 72 6b 19 e9 59
    07 cd f0 f6 f9 16 f3 99 78 c7 84 89 9b 9e 87 1d
    8c 2a 31 e9 06 81 56 ad e8 ba 92 c0 67 20 cf 4a
    90 aa a2 06 5a 9e 48 4c cf 23
<<< TLS 1.2, RecordHeader [length 0005]
    17 03 03 00 17
<<< TLS 1.3, InnerContent [length 0001]
    16
<<< TLS 1.3, Handshake [length 0006], EncryptedExtensions
    08 00 00 02 00 00
<<< TLS 1.2, RecordHeader [length 0005]
    17 03 03 03 47
<<< TLS 1.3, InnerContent [length 0001]
    16
<<< TLS 1.3, Handshake [length 0336], Certificate
    0b 00 03 32 00 00 03 2e 00 03 29 30 82 03 25 30
    82 02 0d a0 03 02 01 02 02 01 02 30 0d 06 09 2a
    86 48 86 f7 0d 01 01 0b 05 00 30 12 31 10 30 0e
    06 03 55 04 03 0c 07 52 6f 6f 74 20 43 41 30 20
    17 0d 31 36 30 31 31 34 32 32 32 39 34 36 5a 18
    0f 32 31 31 36 30 31 31 35 32 32 32 39 34 36 5a
    30 19 31 17 30 15 06 03 55 04 03 0c 0e 73 65 72
    76 65 72 2e 65 78 61 6d 70 6c 65 30 82 01 22 30
    0d 06 09 2a 86 48 86 f7 0d 01 01 01 05 00 03 82
    01 0f 00 30 82 01 0a 02 82 01 01 00 d5 5d 60 6a
    df fc 61 ee 48 aa 8c 11 48 43 a5 6d b6 52 5d aa
    98 49 b1 61 92 35 b1 fc 3a 04 25 0c 6d 79 ff b4
    d5 c9 e9 5c 1c 3b e0 ab b3 b8 7d a3 de 6d bd e0
    dd d7 5a bf 14 47 11 42 5e a6 82 d0 61 c1 7f dd
    13 46 e6 09 85 07 0e f2 d4 fc 1a 64 d2 0a ad 20
    ab 20 6b 96 f0 ad cc c4 19 53 55 dc 01 1d a4 b3
    ef 8a b4 49 53 5d 8a 05 1c f1 dc e1 44 bf c5 d7
    e2 77 19 57 5c 97 0b 75 ee 88 43 71 0f ca 6c c1
    b4 b2 50 a7 77 46 6c 58 0f 11 bf f1 76 24 5a ae
    39 42 b7 51 67 29 e1 d0 55 30 6f 17 e4 91 ea ad
    f8 28 c2 43 6f a2 64 a9 fb 9d 98 92 62 48 3e eb
    0d 4f 82 4a 8a ff 3f 72 ee 96 b5 ae a1 c1 98 ba
    ef 7d 90 75 6d ff 5a 52 9e ab f5 c0 7e d0 87 43
    db 85 07 07 0f 7d 38 7a fd d1 d3 ee 65 1d d3 ea
    39 6a 87 37 ee 4a d3 e0 0d 6e f5 70 ac c2 bd f1
    6e f3 92 95 5e a9 f0 a1 65 95 93 8d 02 03 01 00
    01 a3 7d 30 7b 30 1d 06 03 55 1d 0e 04 16 04 14
    c0 e7 84 bf e8 59 27 33 10 b0 52 4f 51 52 2f 06
    d6 c0 7a cd 30 1f 06 03 55 1d 23 04 18 30 16 80
    14 70 7f 2e ae 83 68 59 98 04 23 2a cd eb 3e 17
    cd 24 dd 01 49 30 09 06 03 55 1d 13 04 02 30 00
    30 13 06 03 55 1d 25 04 0c 30 0a 06 08 2b 06 01
    05 05 07 03 01 30 19 06 03 55 1d 11 04 12 30 10
    82 0e 73 65 72 76 65 72 2e 65 78 61 6d 70 6c 65
    30 0d 06 09 2a 86 48 86 f7 0d 01 01 0b 05 00 03
    82 01 01 00 7b d3 04 43 75 8a 0f 11 ae c4 fb d7
    a1 a2 9e fe 20 18 d5 f4 2f 31 88 46 b6 75 8c ee
    e5 9b 97 a6 b9 a3 cd 60 9a 46 c3 48 97 e5 97 68
    f7 5a 86 35 73 d9 69 9e f9 5f 74 b9 e6 94 13 01
    cb 6a dc e3 c4 04 e9 65 da 9c a4 8b 28 f3 f9 9a
    7f bf 97 1f 45 92 e5 05 b1 56 e6 0b f6 47 de 1e
    89 b6 2b e1 4d df 4a 7e 01 d3 23 dc 97 8c 47 fe
    5f c7 cc 98 46 0e c4 83 5b ca 8a f1 52 09 be 6b
    ec 3f 09 8b d0 93 02 bf e1 51 e7 d1 7e 34 56 19
    74 d0 ff 28 25 de b7 9f 56 52 91 7d 20 29 85 0a
    80 44 5f 71 32 25 71 0f c2 16 e2 5f 6b 1d 3f 32
    5b 0a 3c 74 1c b9 62 f1 ed 07 50 a3 6d b4 b4 31
    0a c0 53 44 6a 3a 88 84 8b 2d a9 b0 37 8e e6 18
    36 bd 9a 20 40 0f 01 92 8b 3d aa 61 e7 ae 2c ed
    36 cd 3a 07 86 74 3a 29 b3 d7 3a b4 00 a9 c2 f5
    92 78 0e e2 0f a3 fe bb be e0 06 53 84 59 1d 90
    69 e5 b6 f9 00 00
<<< TLS 1.2, RecordHeader [length 0005]
    17 03 03 01 19
<<< TLS 1.3, InnerContent [length 0001]
    16
<<< TLS 1.3, Handshake [length 0108], CertificateVerify
    0f 00 01 04 08 04 01 00 2c 15 ec 84 55 78 d0 7c
    f8 9b ba 0b 53 f6 5c 73 94 57 96 a8 ec 2c 0f 73
    8e fa ae 46 e0 6d 9c 1b 87 a4 3b 2d d1 e2 26 93
    d4 fc 64 17 da 06 02 52 bb 1f 82 51 11 09 2c 46
    e6 c3 70 68 f3 43 52 79 cf f2 e8 dd af d4 9a 1d
    ab be 74 21 83 56 1e 40 2d 70 2f 2e 71 3f e9 0c
    b2 ee 1e e8 2f fb 80 ce 44 df 34 f6 8f 1a 79 2d
    a7 d5 64 49 c3 df 22 69 95 e6 94 08 1e c7 87 2b
    4f 2f fd 7f 60 c0 37 82 91 81 85 c6 59 05 73 d5
    eb 7f 79 af 72 3d 1f 98 b8 e8 e2 7c 78 4d 63 91
    28 c2 5d c2 8a 07 49 73 91 3b b9 52 35 36 73 a9
    4f 74 ae fd 2e 6c 36 c3 1f 2f 23 79 9e c5 ef 61
    85 a4 7b e8 7a 77 a8 d1 9c c2 2e bb c8 7e 9b 41
    22 fd ec 62 e5 4d c4 ff 31 b6 30 1a 91 26 bb 00
    ff 4d 99 ca 74 73 f4 23 84 62 b2 48 c1 84 9c b4
    c3 44 30 9d 29 77 dc 4a 3b 34 cd b6 ec f3 90 a7
    29 6e 96 d1 ea 68 96 56
<<< TLS 1.2, RecordHeader [length 0005]
    17 03 03 00 45
<<< TLS 1.3, InnerContent [length 0001]
    16
<<< TLS 1.3, Handshake [length 0034], Finished
    14 00 00 30 ad 05 22 58 20 ab a0 0e 23 05 92 87
    51 1f 57 42 f2 f3 33 b0 bc 11 26 29 7b d2 76 7b
    f1 49 67 1a 34 11 7a e4 9f 79 38 90 bc f7 65 59
    49 3a 5c bd
>>> TLS 1.2, RecordHeader [length 0005]
    17 03 03 00 45
>>> TLS 1.2, InnerContent [length 0001]
    16
>>> TLS 1.3, Handshake [length 0034], Finished
    14 00 00 30 69 83 25 60 a0 07 2a 25 c4 f7 a7 f6
    88 18 72 4f 1e cb ae 2d d7 e1 d8 69 ff 29 1c 52
    32 d9 eb 2c 85 ba c9 22 0d 8f 18 27 6c 8b b1 f4
    5f e2 de c7
---
Certificate chain
 0 s:CN=server.example
   i:CN=Root CA
   a:PKEY: RSA, 2048 (bit); sigalg: sha256WithRSAEncryption
   v:NotBefore: Jan 14 22:29:46 2016 GMT; NotAfter: Jan 15 22:29:46 2116 GMT
---
Server certificate
-----BEGIN CERTIFICATE-----
MIIDJTCCAg2gAwIBAgIBAjANBgkqhkiG9w0BAQsFADASMRAwDgYDVQQDDAdSb290
IENBMCAXDTE2MDExNDIyMjk0NloYDzIxMTYwMTE1MjIyOTQ2WjAZMRcwFQYDVQQD
DA5zZXJ2ZXIuZXhhbXBsZTCCASIwDQYJKoZIhvcNAQEBBQADggEPADCCAQoCggEB
ANVdYGrf/GHuSKqMEUhDpW22Ul2qmEmxYZI1sfw6BCUMbXn/tNXJ6VwcO+Crs7h9
o95tveDd11q/FEcRQl6mgtBhwX/dE0bmCYUHDvLU/Bpk0gqtIKsga5bwrczEGVNV
3AEdpLPvirRJU12KBRzx3OFEv8XX4ncZV1yXC3XuiENxD8pswbSyUKd3RmxYDxG/
8XYkWq45QrdRZynh0FUwbxfkkeqt+CjCQ2+iZKn7nZiSYkg+6w1PgkqK/z9y7pa1
rqHBmLrvfZB1bf9aUp6r9cB+0IdD24UHBw99OHr90dPuZR3T6jlqhzfuStPgDW71
cKzCvfFu85KVXqnwoWWVk40CAwEAAaN9MHswHQYDVR0OBBYEFMDnhL/oWSczELBS
T1FSLwbWwHrNMB8GA1UdIwQYMBaAFHB/Lq6DaFmYBCMqzes+F80k3QFJMAkGA1Ud
EwQCMAAwEwYDVR0lBAwwCgYIKwYBBQUHAwEwGQYDVR0RBBIwEIIOc2VydmVyLmV4
YW1wbGUwDQYJKoZIhvcNAQELBQADggEBAHvTBEN1ig8RrsT716Ginv4gGNX0LzGI
RrZ1jO7lm5emuaPNYJpGw0iX5Zdo91qGNXPZaZ75X3S55pQTActq3OPEBOll2pyk
iyjz+Zp/v5cfRZLlBbFW5gv2R94eibYr4U3fSn4B0yPcl4xH/l/HzJhGDsSDW8qK
8VIJvmvsPwmL0JMCv+FR59F+NFYZdND/KCXet59WUpF9ICmFCoBEX3EyJXEPwhbi
X2sdPzJbCjx0HLli8e0HUKNttLQxCsBTRGo6iISLLamwN47mGDa9miBADwGSiz2q
YeeuLO02zToHhnQ6KbPXOrQAqcL1kngO4g+j/ru+4AZThFkdkGnltvk=
-----END CERTIFICATE-----
subject=CN=server.example
issuer=CN=Root CA
---
No client certificate CA names sent
Peer signing digest: SHA256
Peer signature type: rsa_pss_rsae_sha256
Negotiated TLS1.3 group: X25519MLKEM768
---
SSL handshake has read 2546 bytes and written 1702 bytes
Verification error: unable to verify the first certificate
---
New, TLSv1.3, Cipher is TLS_AES_256_GCM_SHA384
Protocol: TLSv1.3
Server public key is 2048 bit
This TLS version forbids renegotiation.
Compression: NONE
Expansion: NONE
No ALPN negotiated
Early data was not sent
Verify return code: 21 (unable to verify the first certificate)
---
>>> TLS 1.2, RecordHeader [length 0005]
    17 03 03 00 13
>>> TLS 1.2, InnerContent [length 0001]
    15
>>> TLS 1.3, Alert [length 0002], warning close_notify
    01 00
Connecting to 127.0.0.1
SSL_connect:before SSL initialization
SSL_connect:SSLv3/TLS write client hello
SSL_connect:SSLv3/TLS write client hello
SSL_connect:SSLv3/TLS read server hello
SSL_connect:SSLv3/TLS write change cipher spec
SSL_connect:SSLv3/TLS write client hello
SSL_connect:SSLv3/TLS write client hello
SSL_connect:SSLv3/TLS read server hello
Can't use SSL_get_servername
SSL_connect:TLSv1.3 read encrypted extensions
depth=0 CN=server.example
verify error:num=20:unable to get local issuer certificate
verify return:1
depth=0 CN=server.example
verify error:num=21:unable to verify the first certificate
verify return:1
depth=0 CN=server.example
verify return:1
SSL_connect:SSLv3/TLS read server certificate
SSL_connect:TLSv1.3 read server certificate verify
SSL_connect:SSLv3/TLS read finished
SSL_connect:SSLv3/TLS write finished
DONE
SSL3 alert write:warning:close notify
