CONNECTED(00000003)
>>> TLS 1.0, RecordHeader [length 0005]
    16 03 01 00 d6
>>> TLS 1.3, Handshake [length 00d6], ClientHello
    01 00 00 d2 03 03 64 c1 e9 c0 93 58 df a0 f7 ab
    2b e5 fe a2 17 b9 71 b7 f4 96 f9 68 bb cd 53 fc
    3a d6 09 cf 3a c3 20 08 7f 1a f6 78 03 14 0e 50
    c2 16 04 61 2a a0 09 74 5e 97 48 3d 16 39 70 ba
    60 c4 f5 ee b7 db 46 00 06 13 02 13 03 13 01 01
    00 00 83 00 0b 00 04 03 00 01 02 00 0a 00 06 00
    04 11 ec 00 1d 00 23 00 00 00 16 00 00 00 17 00
    00 00 0d 00 2a 00 28 09 05 09 06 09 04 04 03 05
    03 06 03 08 07 08 08 08 1a 08 1b 08 1c 08 09 08
    0a 08 0b 08 04 08 05 08 06 04 01 05 01 06 01 00
    2b 00 03 02 03 04 00 2d 00 02 01 01 00 33 00 26
    00 24 00 1d 00 20 29 b6 86 e1 5b 69 58 34 a1 30
    b6 e8 9a d6 85 c7 5d 67 7a 2b 42 6f 1b 56 9e ea
    2e 71 69 e2 7d 36
<<< TLS 1.2, RecordHeader [length 0005]
    16 03 03 00 58
<<< TLS 1.3, Handshake [length 0058], ServerHello
    02 00 00 54 03 03 cf 21 ad 74 e5 9a 61 11 be 1d
    8c 02 1e 65 b8 91 c2 a2 11 16 7a bb 8c 5e 07 9e
    09 e2 c8 a8 33 9c 20 08 7f 1a f6 78 03 14 0e 50
    c2 16 04 61 2a a0 09 74 5e 97 48 3d 16 39 70 ba
    60 c4 f5 ee b7 db 46 13 02 00 00 0c 00 2b 00 02
    03 04 00 33 00 02 11 ec
>>> TLS 1.2, RecordHeader [length 0005]
    14 03 03 00 01
>>> TLS 1.3, ChangeCipherSpec [length 0001]
    01
>>> TLS 1.2, RecordHeader [length 0005]
    16 03 03 05 76
>>> TLS 1.3, Handshake [length 0576], ClientHello
    01 00 05 72 03 03 64 c1 e9 c0 93 58 df a0 f7 ab
    2b e5 fe a2 17 b9 71 b7 f4 96 f9 68 bb cd 53 fc
    3a d6 09 cf 3a c3 20 08 7f 1a f6 78 03 14 0e 50
    c2 16 04 61 2a a0 09 74 5e 97 48 3d 16 39 70 ba
    60 c4 f5 ee b7 db 46 00 06 13 02 13 03 13 01 01
    00 05 23 00 0b 00 04 03 00 01 02 00 0a 00 06 00
    04 11 ec 00 1d 00 23 00 00 00 16 00 00 00 17 00
    00 00 0d 00 2a 00 28 09 05 09 06 09 04 04 03 05
    03 06 03 08 07 08 08 08 1a 08 1b 08 1c 08 09 08
    0a 08 0b 08 04 08 05 08 06 04 01 05 01 06 01 00
    2b 00 03 02 03 04 00 2d 00 02 01 01 00 33 04 c6
    04 c4 11 ec 04 c0 66 05 1e a3 66 cf e1 25 c5 ac
    49 1f 6f 13 a1 73 5b 03 3b a6 79 1f da 1c 4a 53
    4c 38 50 28 a5 40 23 e6 80 be 2f ca a0 fd 48 6c
    e8 1b 50 1f 30 03 24 c4 00 a3 fc 1a ed d5 86 30
    7c 18 d4 c7 14 ed 41 c8 56 fa c0 ab 85 38 f5 3b
    6c 87 27 21 94 40 c6 26 14 54 94 b3 c1 e6 31 75
    8b 79 5b 2a cc 6c 17 30 97 8d 75 c1 af 85 14 56
    e0 a5 84 43 45 bc 33 8f 78 02 c0 63 f1 36 ca 67
    4d 53 c4 7a f0 d9 18 56 aa 40 70 36 63 4b db 5a
    e0 d1 65 18 82 a5 eb f9 07 75 38 69 0a 2b 1c 1f
    57 18 52 35 b7 37 45 60 c4 c5 04 30 73 73 64 09
    5c a9 cb 40 ea 4c 6b eb 88 76 9a 3a c1 80 c1 13
    ad 28 1f 62 f5 4d c3 76 67 2d 29 7a 00 30 0c 9e
    20 bb e3 6a 9b 14 33 cb 51 e4 25 85 b5 53 e1 a9
    50 ab 73 4d 5f 52 85 89 20 3f 73 e0 01 70 f4 1b
    bc 7c 32 16 b1 b8 8f 7b 0c 2e 10 2f 4b d5 48 a7
    2b 07 bb a8 77 98 f2 96 f8 76 be a5 09 13 b1 33
    38 58 b0 c9 08 56 24 78 f6 16 9f e6 1d cb 35 22
    0a 89 a4 19 ea 0c dc 8a ac 66 b1 51 93 03 1b 08
    04 ae 13 72 0d 85 95 41 81 7c 6d 6d 72 63 27 b8
    6f 7f 91 31 29 b9 60 77 99 bf fc 70 cd f6 48 a2
    ff 66 43 f4 c8 49 f5 d4 31 e1 51 cf cb c4 45 13
    a1 83 2b e2 6f c4 03 6a 05 e2 0d 84 d7 4e ea e3
    25 74 96 57 fd 1c 60 44 b6 8e df 17 1c 75 e5 6e
    ae 10 99 ab 9b 36 43 85 56 0f 31 00 74 37 c0 78
    67 29 ea 5b 0b 7c 69 10 99 12 60 a0 6b 70 b4 aa
    9c 7d 8a 39 89 1c 9a 5f 5c 8c d6 c7 a3 79 55 b1
    d0 39 6b e5 a6 73 25 29 bd b5 96 91 93 39 ab 2f
    45 64 4a f5 6f b0 cc 6a 36 88 74 5e 19 26 58 06
    a9 07 87 c9 bc d7 04 68 25 c4 2f 36 92 83 3c a4
    a3 70 79 2c 69 61 39 b3 6d 09 63 43 f3 e8 0e 80
    83 9c 93 d0 87 e9 ca 54 da 04 9f e7 18 04 a4 a9
    9a e9 d7 ae bf f2 46 cf b3 1e eb c8 b7 f0 bc 25
    b8 6a 9a e5 17 22 c7 d7 6e f7 83 2a f5 77 ab dd
    90 be 13 f4 2c bb 01 34 b7 e8 5c 29 aa a5 a4 31
    2b 6c 43 2e 9c b8 49 51 66 2e d3 03 7a 6a c1 c9
    4d 92 8e be 32 b8 84 58 07 5a ab 96 d8 56 a3 c9
    95 b7 2a f0 88 0e c9 25 9e 15 c2 84 d7 48 d7 f3
    98 0d bb 91 bf 69 ac 8d 27 3a 3e 1a 06 8e ab c1
    3f 57 65 21 e7 99 49 65 5f 00 08 a7 4b 7c 3f 1b
    f3 60 b0 95 8a de 54 83 33 ab af 2a 43 62 83 31
    8a 96 32 3f f3 5a 2a 83 3c 24 4f c6 7f 54 10 25
    19 b5 95 42 c8 54 43 37 11 9b 16 31 6a aa 42 0a
    0b 01 4f 70 6b 03 30 61 25 e1 7f f3 82 01 95 76
    58 97 a9 44 77 22 b9 8c 43 96 23 1a 99 9e 6a 99
    27 71 5f af 77 44 76 93 11 9b cb 8f 61 a7 73 13
    03 76 22 95 5b be 36 67 a4 65 40 8e bb 7f 4c c2
    5a 46 93 30 58 a5 60 fc 14 3e 9c c4 32 84 02 47
    0e 0a 0d 67 f5 2b ea 90 9d 9a e5 a6 44 a0 2d b8
    e4 9d 85 28 51 5b 71 35 b4 8c 84 fa 22 48 6f 25
    72 33 db 0d 55 a9 20 fc 51 7f a7 ac 0c c5 d2 c7
    d1 71 a8 1e 6b 1f 3f e8 61 e2 1a a1 94 65 0a be
    a8 17 01 02 86 3b d2 7f de 31 c9 cf 20 ac 04 03
    b1 9e 43 33 d1 d5 a4 9d 51 5e d4 83 48 a8 12 47
    58 67 5d 11 f6 02 a4 e5 c2 df 9a a2 e6 41 53 e6
    9c bc 08 29 79 ce 96 9c 10 04 33 1b 42 0c ff db
    50 29 ea 77 e6 07 5f ef d3 22 a1 95 48 f9 a0 60
    c0 81 0f 9d 81 6d 7c 96 c2 1b 51 8f a9 c4 3b f9
    1c 32 f8 37 c2 31 b1 95 a4 55 48 9c b9 c2 80 8c
    79 8b 09 8b 52 81 10 05 dc 89 53 90 50 25 35 15
    45 f4 82 4b 97 81 4a 9b 47 b1 a8 07 78 01 3d 11
    2b b3 d5 2c 04 8e 92 c0 cd 52 91 3f 1a 97 ae d3
    cb be 14 91 48 a8 87 28 00 4f 8a 22 76 f4 e5 4a
    a5 61 19 2b 31 ad 30 b2 99 58 9a 64 c4 0a 09 de
    1a 10 b5 a0 5f 70 20 5a b7 f5 18 2d b4 31 af 58
    43 c0 29 85 d7 61 42 fd 60 a2 54 c8 b2 0b f3 25
    5b 0a 9f 55 81 97 51 2c 9e 8b 38 55 d6 66 9f 8c
    12 87 5c a3 7a 04 96 a0 90 67 53 d5 51 9e a8 26
    4a 87 c7 34 2b 67 4a ec f6 21 2a a6 28 62 36 a0
    16 09 5d 72 b4 3a 55 c6 2a fd f4 a5 ad 3a 1f 84
    37 c4 bb aa 49 14 c1 3d 03 ab 1d 0c dc 3f 5a 50
    5e 4e 0a 8c 65 41 4a d4 04 51 08 80 2f a8 6a b2
    cc 12 45 16 17 46 5b 87 ef 9f 56 6c de db 39 d4
    7d 28 75 ad ae 54 2f 4e a5 a6 ae a0 cc bf ea 74
    c4 d4 53 f2 f6 57 14 78 e3 ac 7e a6 96 3b 5d 3b
    8e cd f4 d8 68 3f 96 91 6e 29 78 ec 77 e9 1e 64
    22 2e f6 3f 05 09
<<< TLS 1.2, RecordHeader [length 0005]
    14 03 03 00 01
<<< TLS 1.3, ChangeCipherSpec [length 0001]
    01
<<< TLS 1.2, RecordHeader [length 0005]
    16 03 03 04 ba
<<< TLS 1.3, Handshake [length 04ba], ServerHello
    02 00 04 b6 03 03 29 3c 06 97 a0 ca 2f 85 1c e8
    59 8a 47 a8 37 77 a8 a9 b9 20 45 48 21 41 34 a5
    45 0d 86 0e 9c 7a 20 08 7f 1a f6 78 03 14 0e 50
    c2 16 04 61 2a a0 09 74 5e 97 48 3d 16 39 70 ba
    60 c4 f5 ee b7 db 46 13 02 00 04 6e 00 2b 00 02
    03 04 00 33 04 64 11 ec 04 60 ed f9 b3 2b 48 75
    69 31 14 df 2f 0f 45 9b 58 36 ee 95 93 5c a2 ef
    4d c0 6a a5 bd fd b5 79 e7 f1 6b 06 ca 9a 82 68
    c6 dd 7a 26 7f ec e6 bd e4 69 ae 05 bc 58 c0 f4
    5c df 6a 3b 0a 3f 0f 44 94 8d 43 a4 b2 3f 48 9f
    da 4b 3c 29 9b 2b db a4 ea 68 68 87 03 d7 0e 47
    5e 36 9a 59 ed a8 72 27 d7 aa ef 3a 47 7e 83 82
    d7 15 14 fe 73 ec 14 4f 6c e4 c1 21 3b 15 a9 79
    62 ab 44 0f ab 15 d4 26 7f 52 6a ae 50 02 b1 a6
    d3 8d 27 01 9f 76 48 b6 87 24 fe ce d8 b1 54 f5
    06 8f 48 34 96 dc 10 c5 57 4e 57 72 89 f6 7b b4
    a8 46 1f 36 e7 35 6d cc 30 f5 78 b4 32 ee ff cd
    58 63 63 cf 57 66 76 8a fe 83 50 fa d0 0e c2 ec
    47 3e 9e 43 2d 5e 89 aa 2d 7c e9 f8 2c 1f 4a 87
    be 9a 49 1f f9 03 90 d9 69 38 71 73 53 58 43 20
    68 fd e1 15 e5 c1 f1 b0 b5 d0 7b fc fb 8e e0 45
    80 ef d5 41 a3 0b 13 a8 16 49 2a 5b a5 ff 99 8a
    63 a0 8a ee d6 e8 6d d7 5b 99 f9 00 a8 5a d2 a8
    fd ca 85 f8 f0 67 7b 79 f4 ef 06 48 47 87 01 17
    89 c9 07 21 c3 4d 02 fb ab b9 a3 1b 90 5b 61 c9
    0e b9 c8 97 f0 c7 65 c1 97 f3 c2 f6 d4 cd 58 28
    47 2e 9f ee 9c 59 36 4a ba 63 11 68 5d f7 24 a9
    ce 75 7d af 76 ca 06 f8 b4 86 4b 92 be ad 73 5a
    96 ce 79 b4 2c 5b d8 13 9c 10 b7 2b 91 56 cc df
    a2 3a d5 51 c2 e4 a3 fe 02 49 db b1 c2 54 b1 f1
    16 00 d0 33 a1 6e 52 14 63 b9 fe 5a 91 98 cf bf
    0e 6b 55 26 79 1e c1 1e dd a9 84 e7 58 5d c4 ce
    bc 9f c6 2e 21 f7 28 db a3 8b e7 01 d0 b0 18 d8
    33 1e a6 37 4b d0 ec 47 5a c2 1a 90 5e b8 e6 46
    9a 50 0a dd 98 42 f3 6e dd d5 46 74 6e 0a e7 88
    46 5d 41 d9 a0 7e 9e 3d b3 51 5b 00 c7 2a b7 3a
    20 4c 5e 2a f1 b7 48 b2 81 dd a5 c1 8e 9b 8d 8c
    58 60 bb 7d 2c 71 6c 15 61 7a c2 61 ce 31 67 e6
    38 ee 32 fc f9 a3 46 17 cb d8 90 05 22 d4 2e 1d
    e8 39 3a 77 e9 6e c5 fc 1a c2 b6 ca 23 df b3 a2
    ef 67 40 5d f6 9f 2a 1e af 45 83 a2 27 8b f3 32
    b0 d9 05 b9 51 d6 d7 55 23 5b 7b 59 53 cc ed e5
    05 9a 84 b1 29 2c ff 66 9d 82 21 2f 23 78 59 af
    07 93 ab 08 7b 57 53 84 90 a7 59 87 c0 66 0d 50
    5a 3b 0d f2 50 6c 76 ae 7a ce ee d9 1b 9c 0b 28
    a6 5f 0c 5f 6c 6a 1b 60 18 a4 5d 57 d2 b2 e0 1d
    c9 e5 33 7d 79 0a 53 f4 7c de fe 82 a0 12 70 2e
    71 06 0e 97 92 0b 30 be dc 4a bf 62 40 a8 0b f4
    8d ca fb 48 0a 89 aa fe 40 ba 6d 6b b9 ee cb 75
    eb 87 79 18 ff c9 a9 7d 20 ee 79 d2 0d f7 a5 78
    62 7a 43 de 18 da c1 ec 3c 66 3f a3 85 44 08 52
    fc 61 c0 49 ae 53 73 75 7c 48 44 aa f1 ce ca 00
    84 d6 5c f4 0c d8 45 28 58 91 db 3b 3c b4 07 c9
    40 0d 1b 62 0e d7 49 91 15 fa bb e8 04 89 94 71
    4d e8 02 7f 08 c5 ec a7 99 52 8e 64 b6 74 3e 0b
    e2 b2 98 c1 bb 84 d4 3e 70 24 c1 53 81 c3 a3 5d
    e9 9f 82 f0 80 1f cc 7d 2f 6b 98 59 3e 88 59 53
    a8 a4 08 e2 fa 9e 43 20 6d 32 01 38 e7 0f 81 61
    f5 ce d2 00 77 b4 ee 90 04 ac 45 de da 98 5b 0c
    ce 36 81 f9 6f 7f a2 97 ca 67 56 08 30 53 45 da
    db 54 7d f8 86 42 7c ff 45 7d 52 63 4e 9c 96 19
    4e de cf b6 f5 d0 11 7a ae c5 b7 dc df b7 28 72
    01 3f 47 c4 b9 9d ae df 61 7c 48 9f 21 1a 36 66
    78 d3 f6 f5 f2 81 22 6b 00 89 86 f9 70 eb f0 e6
    da f4 be 9d 61 c9 2d dd c5 e0 8c 69 ef 73 91 1f
    0e 13 b8 f6 8e ae 8b 8b d9 38 95 e2 b8 e7 c1 2c
    02 21 ee 0d 46 25 11 4e 5a 48 27 f7 18 2e 45 9d
    e8 49 56 01 e4 9c d9 b9 f9 f3 ad f6 69 bf ae 1a
    3c c8 cc 15 56 95 e4 e2 bf df 5a 3f ea 48 65 6a
    2f a6 b3 11 03 af b7 a3 fd 45 b5 29 14 42 a0 b5
    4b 45 85 09 26 84 08 f5 97 56 45 4a 5a 1e 2a b3
    2f c4 24 23 97 87 3b 1d 53 11 37 35 43 fe 18 c6
    c5 e6 1d 0d 33 0c c8 a5 47 81 d7 57 b6 8b d3 06
    35 bf 8b 18 41 8f 42 d1 66 78 a8 b7 4f 8e f1 a5
    5c 72 4d 71 b3 ee 54 3e 2e ef d4 95 b8 18 bc 63
    bb 9c 34 11 58 41 1c 4e 87 3e
<<< TLS 1.2, RecordHeader [length 0005]
    17 03 03 00 17
<<< TLS 1.3, InnerContent [length 0001]
    16
<<< TLS 1.3, Handshake [length 0006], EncryptedExtensions
    08 00 00 02 00 00
<<< TLS 1.2, RecordHeader [length 0005]
    17 03 03 03 47
<<< TLS 1.3, InnerContent [length 0001]
    16
<<< TLS 1.3, Handshake [length 0336], Certificate
    0b 00 03 32 00 00 03 2e 00 03 29 30 82 03 25 30
    82 02 0d a0 03 02 01 02 02 01 02 30 0d 06 09 2a
    86 48 86 f7 0d 01 01 0b 05 00 30 12 31 10 30 0e
    06 03 55 04 03 0c 07 52 6f 6f 74 20 43 41 30 20
    17 0d 31 36 30 31 31 34 32 32 32 39 34 36 5a 18
    0f 32 31 31 36 30 31 31 35 32 32 32 39 34 36 5a
    30 19 31 17 30 15 06 03 55 04 03 0c 0e 73 65 72
    76 65 72 2e 65 78 61 6d 70 6c 65 30 82 01 22 30
    0d 06 09 2a 86 48 86 f7 0d 01 01 01 05 00 03 82
    01 0f 00 30 82 01 0a 02 82 01 01 00 d5 5d 60 6a
    df fc 61 ee 48 aa 8c 11 48 43 a5 6d b6 52 5d aa
    98 49 b1 61 92 35 b1 fc 3a 04 25 0c 6d 79 ff b4
    d5 c9 e9 5c 1c 3b e0 ab b3 b8 7d a3 de 6d bd e0
    dd d7 5a bf 14 47 11 42 5e a6 82 d0 61 c1 7f dd
    13 46 e6 09 85 07 0e f2 d4 fc 1a 64 d2 0a ad 20
    ab 20 6b 96 f0 ad cc c4 19 53 55 dc 01 1d a4 b3
    ef 8a b4 49 53 5d 8a 05 1c f1 dc e1 44 bf c5 d7
    e2 77 19 57 5c 97 0b 75 ee 88 43 71 0f ca 6c c1
    b4 b2 50 a7 77 46 6c 58 0f 11 bf f1 76 24 5a ae
    39 42 b7 51 67 29 e1 d0 55 30 6f 17 e4 91 ea ad
    f8 28 c2 43 6f a2 64 a9 fb 9d 98 92 62 48 3e eb
    0d 4f 82 4a 8a ff 3f 72 ee 96 b5 ae a1 c1 98 ba
    ef 7d 90 75 6d ff 5a 52 9e ab f5 c0 7e d0 87 43
    db 85 07 07 0f 7d 38 7a fd d1 d3 ee 65 1d d3 ea
    39 6a 87 37 ee 4a d3 e0 0d 6e f5 70 ac c2 bd f1
    6e f3 92 95 5e a9 f0 a1 65 95 93 8d 02 03 01 00
    01 a3 7d 30 7b 30 1d 06 03 55 1d 0e 04 16 04 14
    c0 e7 84 bf e8 59 27 33 10 b0 52 4f 51 52 2f 06
    d6 c0 7a cd 30 1f 06 03 55 1d 23 04 18 30 16 80
    14 70 7f 2e ae 83 68 59 98 04 23 2a cd eb 3e 17
    cd 24 dd 01 49 30 09 06 03 55 1d 13 04 02 30 00
    30 13 06 03 55 1d 25 04 0c 30 0a 06 08 2b 06 01
    05 05 07 03 01 30 19 06 03 55 1d 11 04 12 30 10
    82 0e 73 65 72 76 65 72 2e 65 78 61 6d 70 6c 65
    30 0d 06 09 2a 86 48 86 f7 0d 01 01 0b 05 00 03
    82 01 01 00 7b d3 04 43 75 8a 0f 11 ae c4 fb d7
    a1 a2 9e fe 20 18 d5 f4 2f 31 88 46 b6 75 8c ee
    e5 9b 97 a6 b9 a3 cd 60 9a 46 c3 48 97 e5 97 68
    f7 5a 86 35 73 d9 69 9e f9 5f 74 b9 e6 94 13 01
    cb 6a dc e3 c4 04 e9 65 da 9c a4 8b 28 f3 f9 9a
    7f bf 97 1f 45 92 e5 05 b1 56 e6 0b f6 47 de 1e
    89 b6 2b e1 4d df 4a 7e 01 d3 23 dc 97 8c 47 fe
    5f c7 cc 98 46 0e c4 83 5b ca 8a f1 52 09 be 6b
    ec 3f 09 8b d0 93 02 bf e1 51 e7 d1 7e 34 56 19
    74 d0 ff 28 25 de b7 9f 56 52 91 7d 20 29 85 0a
    80 44 5f 71 32 25 71 0f c2 16 e2 5f 6b 1d 3f 32
    5b 0a 3c 74 1c b9 62 f1 ed 07 50 a3 6d b4 b4 31
    0a c0 53 44 6a 3a 88 84 8b 2d a9 b0 37 8e e6 18
    36 bd 9a 20 40 0f 01 92 8b 3d aa 61 e7 ae 2c ed
    36 cd 3a 07 86 74 3a 29 b3 d7 3a b4 00 a9 c2 f5
    92 78 0e e2 0f a3 fe bb be e0 06 53 84 59 1d 90
    69 e5 b6 f9 00 00
<<< TLS 1.2, RecordHeader [length 0005]
    17 03 03 01 19
<<< TLS 1.3, InnerContent [length 0001]
    16
<<< TLS 1.3, Handshake [length 0108], CertificateVerify
    0f 00 01 04 08 04 01 00 73 8d 23 00 ac 16 f2 53
    2b 01 2b df 78 da 4b 19 28 d4 b9 d9 22 c3 2d 30
    79 0c 7d 26 f7 38 f6 bc a8 19 44 b2 fa f8 aa ea
    a8 41 b3 ca 28 77 28 1d 5d 08 7e a7 00 29 a9 fa
    60 be 80 df 99 d9 4c 6b 7f 9a 05 98 6d 45 1c f7
    3a 06 b9 50 9f 6b ec 7a 03 21 b5 eb 09 2a 7e 20
    08 ad cf 2b 41 d7 f9 80 85 6d 7f 86 2c e0 b0 30
    12 a7 14 bc 3b 16 4a a7 07 ee d7 da af 99 44 d8
    dc 2f e1 a0 06 9c cc 9b 71 06 5a be 49 2a 12 d2
    31 40 9f 5e 4a 71 5c dd 19 d2 53 18 ed 49 21 53
    fc 9c 75 9e 79 f6 49 41 2f aa ed d7 aa b4 45 20
    8a cd 5f a3 20 42 2c 33 e3 b2 99 f7 49 2e 7e 28
    ef 6e af f1 e9 69 b1 41 a3 8b f2 50 92 a6 82 a1
    8c 7a fb 41 6f a1 c3 9e 72 84 b9 8d 46 da 1d 79
    2f 6a 0d 31 0a 7e ff a9 b5 df d5 84 73 0e a5 ee
    07 8b cf 35 66 d3 30 c0 83 f5 02 10 78 f0 f2 e5
    fa 2b 4b bd a1 89 2b a7
<<< TLS 1.2, RecordHeader [length 0005]
    17 03 03 00 45
<<< TLS 1.3, InnerContent [length 0001]
    16
<<< TLS 1.3, Handshake [length 0034], Finished
    14 00 00 30 64 24 42 6d fb 8d f8 55 fc a1 ff cb
    b7 e3 65 dc 22 a0 26 d2 7b 56 7b 87 47 f4 a5 8c
    16 b6 bb b4 13 0a 2a 53 ba eb 7d ab 2d 5d 4d 49
    88 75 1f 46
>>> TLS 1.2, RecordHeader [length 0005]
    17 03 03 00 45
>>> TLS 1.2, InnerContent [length 0001]
    16
>>> TLS 1.3, Handshake [length 0034], Finished
    14 00 00 30 35 9f 76 13 f4 6e d2 48 1d dd 14 a1
    6e 24 8a d7 db 8e 01 65 aa 65 14 a2 e0 23 b0 9d
    a1 72 7b 9c 0b 1d db ee af d8 29 b0 e4 8e de c2
    5e 0a a8 32
---
Certificate chain
 0 s:CN=server.example
   i:CN=Root CA
   a:PKEY: RSA, 2048 (bit); sigalg: sha256WithRSAEncryption
   v:NotBefore: Jan 14 22:29:46 2016 GMT; NotAfter: Jan 15 22:29:46 2116 GMT
---
Server certificate
-----BEGIN CERTIFICATE-----
MIIDJTCCAg2gAwIBAgIBAjANBgkqhkiG9w0BAQsFADASMRAwDgYDVQQDDAdSb290
IENBMCAXDTE2MDExNDIyMjk0NloYDzIxMTYwMTE1MjIyOTQ2WjAZMRcwFQYDVQQD
DA5zZXJ2ZXIuZXhhbXBsZTCCASIwDQYJKoZIhvcNAQEBBQADggEPADCCAQoCggEB
ANVdYGrf/GHuSKqMEUhDpW22Ul2qmEmxYZI1sfw6BCUMbXn/tNXJ6VwcO+Crs7h9
o95tveDd11q/FEcRQl6mgtBhwX/dE0bmCYUHDvLU/Bpk0gqtIKsga5bwrczEGVNV
3AEdpLPvirRJU12KBRzx3OFEv8XX4ncZV1yXC3XuiENxD8pswbSyUKd3RmxYDxG/
8XYkWq45QrdRZynh0FUwbxfkkeqt+CjCQ2+iZKn7nZiSYkg+6w1PgkqK/z9y7pa1
rqHBmLrvfZB1bf9aUp6r9cB+0IdD24UHBw99OHr90dPuZR3T6jlqhzfuStPgDW71
cKzCvfFu85KVXqnwoWWVk40CAwEAAaN9MHswHQYDVR0OBBYEFMDnhL/oWSczELBS
T1FSLwbWwHrNMB8GA1UdIwQYMBaAFHB/Lq6DaFmYBCMqzes+F80k3QFJMAkGA1Ud
EwQCMAAwEwYDVR0lBAwwCgYIKwYBBQUHAwEwGQYDVR0RBBIwEIIOc2VydmVyLmV4
YW1wbGUwDQYJKoZIhvcNAQELBQADggEBAHvTBEN1ig8RrsT716Ginv4gGNX0LzGI
RrZ1jO7lm5emuaPNYJpGw0iX5Zdo91qGNXPZaZ75X3S55pQTActq3OPEBOll2pyk
iyjz+Zp/v5cfRZLlBbFW5gv2R94eibYr4U3fSn4B0yPcl4xH/l/HzJhGDsSDW8qK
8VIJvmvsPwmL0JMCv+FR59F+NFYZdND/KCXet59WUpF9ICmFCoBEX3EyJXEPwhbi
X2sdPzJbCjx0HLli8e0HUKNttLQxCsBTRGo6iISLLamwN47mGDa9miBADwGSiz2q
YeeuLO02zToHhnQ6KbPXOrQAqcL1kngO4g+j/ru+4AZThFkdkGnltvk=
-----END CERTIFICATE-----
subject=CN=server.example
issuer=CN=Root CA
---
No client certificate CA names sent
Peer signing digest: SHA256
Peer signature type: rsa_pss_rsae_sha256
Negotiated TLS1.3 group: X25519MLKEM768
---
SSL handshake has read 2546 bytes and written 1702 bytes
Verification error: unable to verify the first certificate
---
New, TLSv1.3, Cipher is TLS_AES_256_GCM_SHA384
Protocol: TLSv1.3
Server public key is 2048 bit
This TLS version forbids renegotiation.
Compression: NONE
Expansion: NONE
No ALPN negotiated
Early data was not sent
Verify return code: 21 (unable to verify the first certificate)
---
>>> TLS 1.2, RecordHeader [length 0005]
    17 03 03 00 13
>>> TLS 1.2, InnerContent [length 0001]
    15
>>> TLS 1.3, Alert [length 0002], warning close_notify
    01 00
Connecting to 127.0.0.1
SSL_connect:before SSL initialization
SSL_connect:SSLv3/TLS write client hello
SSL_connect:SSLv3/TLS write client hello
SSL_connect:SSLv3/TLS read server hello
SSL_connect:SSLv3/TLS write change cipher spec
SSL_connect:SSLv3/TLS write client hello
SSL_connect:SSLv3/TLS write client hello
SSL_connect:SSLv3/TLS read server hello
Can't use SSL_get_servername
SSL_connect:TLSv1.3 read encrypted extensions
depth=0 CN=server.example
verify error:num=20:unable to get local issuer certificate
verify return:1
depth=0 CN=server.example
verify error:num=21:unable to verify the first certificate
verify return:1
depth=0 CN=server.example
verify return:1
SSL_connect:SSLv3/TLS read server certificate
SSL_connect:TLSv1.3 read server certificate verify
SSL_connect:SSLv3/TLS read finished
SSL_connect:SSLv3/TLS write finished
DONE
SSL3 alert write:warning:close notify
