CONNECTED(00000003)
>>> TLS 1.0, RecordHeader [length 0005]
    16 03 01 00 d6
>>> TLS 1.3, Handshake [length 00d6], ClientHello
    01 00 00 d2 03 03 ff 84 1c 3e 82 d9 39 cc d8 e0
    cd a7 23 48 37 a8 39 3f 62 71 6d ad eb 66 03 84
    03 f3 61 08 d0 aa 20 fc 25 be 25 d2 34 5f bd ff
    62 c0 c8 2f de eb fe 1f 33 26 44 43 a5 1b 26 f8
    99 f2 57 16 ac 7e 8b 00 06 13 02 13 03 13 01 01
    00 00 83 00 0b 00 04 03 00 01 02 00 0a 00 06 00
    04 11 ec 00 1d 00 23 00 00 00 16 00 00 00 17 00
    00 00 0d 00 2a 00 28 09 05 09 06 09 04 04 03 05
    03 06 03 08 07 08 08 08 1a 08 1b 08 1c 08 09 08
    0a 08 0b 08 04 08 05 08 06 04 01 05 01 06 01 00
    2b 00 03 02 03 04 00 2d 00 02 01 01 00 33 00 26
    00 24 00 1d 00 20 be 93 04 98 be d4 4c 44 3a 82
    ae 10 c8 67 69 f0 d8 81 34 06 c4 6e ad 63 2d 71
    73 69 b0 be 0d 00
<<< TLS 1.2, RecordHeader [length 0005]
    16 03 03 00 58
<<< TLS 1.3, Handshake [length 0058], ServerHello
    02 00 00 54 03 03 cf 21 ad 74 e5 9a 61 11 be 1d
    8c 02 1e 65 b8 91 c2 a2 11 16 7a bb 8c 5e 07 9e
    09 e2 c8 a8 33 9c 20 fc 25 be 25 d2 34 5f bd ff
    62 c0 c8 2f de eb fe 1f 33 26 44 43 a5 1b 26 f8
    99 f2 57 16 ac 7e 8b 13 02 00 00 0c 00 2b 00 02
    03 04 00 33 00 02 11 ec
>>> TLS 1.2, RecordHeader [length 0005]
    14 03 03 00 01
>>> TLS 1.3, ChangeCipherSpec [length 0001]
    01
>>> TLS 1.2, RecordHeader [length 0005]
    16 03 03 05 76
>>> TLS 1.3, Handshake [length 0576], ClientHello
    01 00 05 72 03 03 ff 84 1c 3e 82 d9 39 cc d8 e0
    cd a7 23 48 37 a8 39 3f 62 71 6d ad eb 66 03 84
    03 f3 61 08 d0 aa 20 fc 25 be 25 d2 34 5f bd ff
    62 c0 c8 2f de eb fe 1f 33 26 44 43 a5 1b 26 f8
    99 f2 57 16 ac 7e 8b 00 06 13 02 13 03 13 01 01
    00 05 23 00 0b 00 04 03 00 01 02 00 0a 00 06 00
    04 11 ec 00 1d 00 23 00 00 00 16 00 00 00 17 00
    00 00 0d 00 2a 00 28 09 05 09 06 09 04 04 03 05
    03 06 03 08 07 08 08 08 1a 08 1b 08 1c 08 09 08
    0a 08 0b 08 04 08 05 08 06 04 01 05 01 06 01 00
    2b 00 03 02 03 04 00 2d 00 02 01 01 00 33 04 c6
    04 c4 11 ec 04 c0 0d 86 83 ac 63 4e 96 64 6b 82
    c7 26 f0 62 64 d1 79 39 9c 69 99 1a 00 8a 8a 14
    7e 4c 4c b9 57 9b 22 56 74 92 1a d2 a2 fc dc 6a
    53 40 ab 9f ca cc 12 48 1f 03 d7 2e 10 33 8e a5
    ab 28 8d aa a6 33 1a 24 eb 14 33 07 23 19 bd 10
    bc 98 96 92 5e 37 73 47 2c 48 99 02 bf 1f 6a 20
    79 50 00 39 56 81 30 eb 51 7f 14 ce e4 b6 0a 83
    87 50 96 02 58 7e 16 46 38 12 a9 48 aa 92 ed 14
    9c de 3b 11 ff 41 c7 16 89 ab f1 98 81 32 0a 64
    a3 a5 92 cb 5a 18 08 68 4e 17 50 21 c7 0b a7 d7
    89 b3 ca 6a 14 db 85 92 13 5c b1 de 25 cd 76 e0
    b1 13 5a 6d 98 e6 54 64 73 33 26 f2 b9 a7 35 a5
    c0 52 1d ee e9 0c d4 99 09 b1 c7 c9 45 e3 40 c0
    02 51 0d 21 a7 77 7c b6 87 9a 8c 4c 04 c6 9c c7
    4b a6 63 84 e3 1c c5 0d c4 20 00 66 06 7d f2 0f
    9b c8 48 17 12 6f b8 f9 00 97 aa 5e e4 f3 ce ec
    99 c8 bc 05 0e 21 da 27 2b a2 0d 77 06 10 1d 75
    a5 ea 64 ba 14 f6 a2 cb 3c 64 8f a3 a9 37 98 98
    ab c8 ae 4d 71 3c e3 12 82 84 90 78 32 5c 70 c6
    6b 5b 55 92 b8 26 17 42 ee 54 57 b1 e0 c8 b5 b2
    2f a9 78 11 a1 22 28 71 88 00 81 14 6a 56 c4 01
    fb d5 40 7c a7 2f f1 f8 06 72 90 4b 8a 50 45 e4
    d9 59 59 f7 8d 50 21 1a 68 b3 02 ab 49 bb 2c b6
    12 b7 19 6b 88 9c 33 11 08 9f e7 ac 93 79 53 2b
    9a 30 c7 78 08 89 a7 e5 c0 57 b0 00 23 b7 aa 14
    0c 6b 07 a6 62 08 a7 76 e3 b8 94 68 11 7d 50 f6
    3d da 7c 03 0b 8c b0 79 07 b0 b8 fa 96 9b 43 4b
    b9 08 71 a7 63 5f 59 12 1b 80 25 10 4d 20 99 87
    e9 9c 75 29 a9 74 84 8b 72 83 3a 8e 1c 74 99 b0
    4e 7b c6 39 bb 8a 03 98 f3 2d 4d c7 0e 21 68 74
    ce 3a 6d 3c 24 40 5a 48 8e 35 f8 95 37 bc 4d 3c
    c9 37 53 96 9d 05 43 a4 e9 4c 94 c6 f7 c1 9a c4
    28 64 03 2f ff 6a 13 48 e2 25 33 a4 55 a9 87 7a
    80 29 70 c5 33 c2 f1 48 45 9c b6 61 12 e3 88 25
    71 17 a1 e1 74 53 6b 66 08 53 6b 35 90 27 f8 47
    4c 14 a6 6a 88 c7 21 5b b2 3c 9b 10 c6 81 c3 5b
    af 15 7f 19 1a 5e d2 bc 7d 3e fa 19 1b f7 b3 1a
    05 8d e5 06 c8 cf fc cc d1 66 ce c3 e9 0e ca e2
    7a 6d d7 4e 5d 69 c6 40 a3 7e e1 5b 00 00 d3 95
    7e 84 31 af 83 2c 1e 86 72 d7 f0 91 8e b2 93 46
    d7 52 5f 4b 0f 58 ab 4a b9 8a 30 8e ac 5d 36 f5
    6d ab b2 8d 9e 48 95 e6 8b 7a 11 f7 73 a0 6a 94
    68 95 6f da bc 1d 70 4b 7a f8 a6 5c b4 d0 74 2d
    7a 31 0b 3c 97 a8 f9 9e b3 b5 1b 82 ec 8b ba dc
    5a 27 02 61 97 f5 b8 3f 71 53 cb 1c 17 f0 19 97
    e1 92 27 bf 97 29 1a e3 37 a5 e7 46 07 16 7e 36
    48 30 e3 03 6b 26 82 63 56 26 10 9f 4a 69 23 38
    31 6f 41 04 c6 4a 62 93 a9 21 a2 fb 2b 11 58 c8
    cf d8 ce a3 95 c4 9d dc c6 47 d1 18 35 30 32 c2
    c3 a2 75 1c 94 69 13 0e dc 2c 8b b5 13 05 53 26
    07 2c 42 7c 59 f5 82 c2 c9 c8 fb 0a 98 e6 1b 08
    58 c1 bc d6 01 a4 e2 b5 71 2d 83 b3 7c 4c 41 c8
    64 11 0e 70 c5 04 d1 26 0f a2 06 fd 60 8b 3f 83
    61 50 22 aa a8 38 b1 03 e8 46 06 02 31 cd 82 aa
    27 29 a2 16 f3 96 5a 6a c2 c9 56 ce 52 64 1f a2
    06 34 a0 56 85 f2 07 c5 25 6b b2 03 18 0d 9a 15
    44 45 b3 82 f8 b4 1a 7f 02 91 80 b2 c5 23 a9 5c
    21 a0 1d ff 1c ca 8e 05 2a c5 d1 66 73 cc b3 b0
    a3 25 d3 33 06 fb 44 38 a9 54 65 1c 3b 9e cd 27
    7d 0a 01 09 c6 5b 58 82 6b 24 35 20 8b dd 64 58
    97 75 b7 fd 68 4d b0 ac 2c 97 44 85 f5 4c 6e 19
    dc 8d db 2c 8d 67 13 ab f5 86 25 25 8b 6f 84 ab
    53 61 07 c8 35 6c 93 79 44 77 a7 ab 49 80 41 11
    fc 47 44 40 e6 3b d3 7a 73 74 c4 72 af cb 38 57
    39 6d 44 81 95 02 bc 2f fa 59 63 a2 50 c6 9f 96
    2c 36 c6 6d 8c 50 19 89 74 2f 2b 60 4b 02 18 83
    ae dc 25 49 0b 67 5e c6 71 49 35 22 bd a9 8c 7f
    39 30 51 88 19 96 b1 87 43 14 b6 8b 57 3e 2d 6b
    cf 50 89 6d 01 25 5c 53 26 1d dd 59 54 10 b7 a8
    46 da 7d 60 f3 17 00 e7 5f 16 83 ba d1 98 c1 2a
    a4 15 ae e7 75 ec 20 76 0f 29 94 a1 8a c8 60 86
    b3 a3 08 c8 92 02 4d bd f9 91 b0 a7 7d 19 c9 a2
    29 3c 6f 55 2a 5d e0 52 dd 58 40 b6 8e b6 77 c6
    68 05 cf 52 69 8d 13 39 5e ba 34 87 17 aa 9c d7
    c1 4a 1a 85 aa d1 e3 78 f7 d5 a4 e6 80 51 3b bf
    16 1c 4b 63 ad b7 d3 9a 5c e2 80 9b 6f 97 04 1f
    cd 3e 8b c1 c3 0b
<<< TLS 1.2, RecordHeader [length 0005]
    14 03 03 00 01
<<< TLS 1.3, ChangeCipherSpec [length 0001]
    01
<<< TLS 1.2, RecordHeader [length 0005]
    16 03 03 04 ba
<<< TLS 1.3, Handshake [length 04ba], ServerHello
    02 00 04 b6 03 03 36 f4 fa a3 f8 82 3b 25 c4 d6
    2a f6 ca c6 cb 9d 4f c1 31 4e e1 4c f4 cc ca 24
    fd 91 ef 90 1d 87 20 fc 25 be 25 d2 34 5f bd ff
    62 c0 c8 2f de eb fe 1f 33 26 44 43 a5 1b 26 f8
    99 f2 57 16 ac 7e 8b 13 02 00 04 6e 00 2b 00 02
    03 04 00 33 04 64 11 ec 04 60 79 4e cd 0a a2 b5
    36 8c 4d 82 b6 d5 11 b4 9b ea 50 eb 5a a7 e1 b3
    38 74 bc bd b8 f1 b5 82 05 9e 17 ff 79 ce 57 ab
    66 b4 b9 da f5 a5 95 80 18 21 ce da 6c dd a4 f4
    a9 eb 83 0b e8 f4 1a c2 49 a3 0d 86 3f ec 98 57
    23 de 63 7a 7b d6 c1 61 1e af 53 c1 b0 49 7a 6d
    b7 fa a0 24 57 75 4e c7 d6 79 36 e4 f3 20 8f 02
    98 af 57 0e 2f 60 14 ad a3 ea 7f 09 32 e3 5b e3
    ab bd fe 7b 16 6c af 84 1a 51 64 cc 0a 9e f4 82
    14 89 c4 9c 07 32 a6 62 b5 9b c7 49 de 32 38 d8
    ed dc be c0 68 48 4a d6 5d ef 15 b3 89 e7 4d b4
    4b 4f 8a c8 78 ee 9b 1b 80 79 bd 23 de 0d d0 01
    c8 90 50 25 0a 84 83 a9 f9 f6 b1 c8 fb c7 0e 42
    43 eb 23 2c e9 ea d3 05 9a fa 01 8d 11 4c 64 bb
    7f 0b 60 40 db 28 4c 7d 38 32 23 75 85 d2 f1 c7
    10 84 e9 a5 ad 3a 33 a3 e0 5e a0 2f 27 d9 fb 25
    28 3a 5e 4e e8 cb df 34 39 00 cf ad 46 91 22 05
    f3 33 2a e2 85 6c a7 f1 1b 00 46 16 67 43 6b cb
    d7 b0 32 29 45 3d 40 b1 df 83 38 65 05 cc 63 9e
    57 23 61 78 6a df 2a 90 6f e7 0c d2 d6 4a 09 fe
    f8 80 10 a4 ec 80 da 06 33 be df 01 b8 c0 c5 e3
    21 58 f3 1d 42 da 44 d0 dc 47 7f 0d 3c 83 8a 1e
    95 d7 b8 57 10 e1 47 a3 6e 4c 00 5a 16 43 c2 f2
    2b 3a 11 3b 1f 34 b4 cf 93 f0 f8 0c 23 34 73 10
    13 ac b0 71 ca 7a 9b 5f f1 73 7c 16 63 e0 90 01
    7d 6a a7 05 40 4b 83 a7 06 69 95 42 39 c9 b9 cd
    88 3b 26 29 c5 f4 f1 e8 e9 16 df 74 11 51 72 7d
    7b e4 44 fd 24 58 f5 c1 e1 aa e0 2b fa 76 25 c0
    da 1b e5 31 ec 52 be 93 ab be bf 3e a5 45 73 6e
    2e 55 43 81 9d 7e da d1 96 55 ea 4c 73 a7 6a 94
    db 3a e1 39 95 a5 d9 78 3b 74 a5 46 5c 9f 15 82
    26 30 e5 d0 74 72 17 d4 de cb a7 b4 c4 10 5f ed
    08 d1 da ab 54 55 09 4b f2 0c 77 4e 3d 47 b7 72
    16 22 a2 4a 9c cf 4a 61 f6 ed 22 77 9a 3d dc 74
    e4 aa 5a 7a 87 83 0a b8 4a 2f 75 c1 c3 17 fd 55
    2d 47 41 7d 9a 14 1f 7c 2d f1 d6 35 09 6d 86 1e
    7b 9c b7 e2 a7 ff c5 23 80 df c5 f7 c1 d2 70 f9
    cf 98 32 f6 8a c2 5c b9 a7 e7 be 1c 8e ab 4a 35
    5a 67 89 79 4a c2 af 95 17 f7 47 68 9f a7 24 49
    44 c5 8b ed 0b 71 69 f9 cf c5 74 92 25 d4 ce c5
    7a 41 a0 69 c4 47 eb 1d 92 0e 9d f3 69 a0 c3 53
    0d 90 22 6c 40 7d a6 da 28 81 0b 1f 5f 42 b8 11
    07 6f 26 bc 9c 39 99 90 37 e4 1c 95 bf 22 be 2e
    28 53 c8 47 ed 8c 29 eb c7 a5 bf 32 cc 41 a2 89
    5c 6d 85 87 22 d5 15 13 cf f9 01 6f 0b 2c 7e 49
    ba 98 73 57 49 11 36 d5 35 a9 9f 4e 91 89 bc 96
    52 3f cf 5a 83 34 2a 86 2b cf 9f ea 4c 92 71 f9
    ae f0 f7 0f 6b b0 eb 06 2c 5e cf f3 61 3d 7b 0e
    96 e9 8f 51 9b 0d 9b 28 4f 8c e4 24 b0 7c 35 2d
    16 ac f9 8d ce ca 26 2d a3 9a 79 85 a7 d0 88 27
    7c f9 90 33 fa 1e 58 93 b3 c3 01 8c 7a 3d cb fe
    b3 99 0d 81 cd 3c 99 3a 82 e0 5c 34 b8 04 68 5b
    fe ee 7e 26 f1 87 ad 7b e5 8f 3a 18 10 d9 48 de
    28 c7 f0 55 34 14 89 a0 9e cc 46 22 9e 9f 95 cf
    32 da e1 36 fa 62 15 4a 7f 8a 65 48 e5 45 be f1
    1a 5c 74 8e bd 35 ac 54 be 14 3d a9 73 72 89 70
    0f 30 05 b5 91 5e 5e 90 64 6c 6b d4 dc 10 b6 56
    56 16 e0 96 13 f2 33 3e 64 fe d5 71 99 e2 68 01
    3f 14 fe ce bd ea d7 9a 31 19 56 e8 b2 d0 80 36
    f2 08 f6 af 27 33 00 21 c6 1d 9c 3c 04 f2 34 72
    af 2f d5 aa 6c e6 7f 41 54 b7 03 fe bc a9 24 09
    a8 19 4b d5 62 4f 82 f7 30 7a e5 70 cc 66 9f c0
    f6 57 b1 b3 68 59 ca 7e 41 80 09 de 65 1a df ce
    60 87 d0 9a b6 75 6c bf b6 7e 53 68 41 b3 c7 5e
    e5 37 34 d7 4d 3a 36 2f 04 be ba fa 3b c3 be 86
    ed e6 05 ec f2 56 be 7a 6b e0 54 46 b1 d6 45 41
    30 d6 ec 7a 2b 68 d1 6f 0d db 99 23 36 9f e6 9f
    fa 16 69 35 82 06 c8 6d ef 8c 9e ce 02 21 b5 1d
    2b b3 56 f8 26 76 ee 5a e5 1d 42 a5 6b 95 56 71
    27 5e 8a 0b 63 59 11 4e 65 3a bd 65 00 bd 8d 55
    07 f4 fd b3 1f ea de 4a a8 07
<<< TLS 1.2, RecordHeader [length 0005]
    17 03 03 00 17
<<< TLS 1.3, InnerContent [length 0001]
    16
<<< TLS 1.3, Handshake [length 0006], EncryptedExtensions
    08 00 00 02 00 00
<<< TLS 1.2, RecordHeader [length 0005]
    17 03 03 03 47
<<< TLS 1.3, InnerContent [length 0001]
    16
<<< TLS 1.3, Handshake [length 0336], Certificate
    0b 00 03 32 00 00 03 2e 00 03 29 30 82 03 25 30
    82 02 0d a0 03 02 01 02 02 01 02 30 0d 06 09 2a
    86 48 86 f7 0d 01 01 0b 05 00 30 12 31 10 30 0e
    06 03 55 04 03 0c 07 52 6f 6f 74 20 43 41 30 20
    17 0d 31 36 30 31 31 34 32 32 32 39 34 36 5a 18
    0f 32 31 31 36 30 31 31 35 32 32 32 39 34 36 5a
    30 19 31 17 30 15 06 03 55 04 03 0c 0e 73 65 72
    76 65 72 2e 65 78 61 6d 70 6c 65 30 82 01 22 30
    0d 06 09 2a 86 48 86 f7 0d 01 01 01 05 00 03 82
    01 0f 00 30 82 01 0a 02 82 01 01 00 d5 5d 60 6a
    df fc 61 ee 48 aa 8c 11 48 43 a5 6d b6 52 5d aa
    98 49 b1 61 92 35 b1 fc 3a 04 25 0c 6d 79 ff b4
    d5 c9 e9 5c 1c 3b e0 ab b3 b8 7d a3 de 6d bd e0
    dd d7 5a bf 14 47 11 42 5e a6 82 d0 61 c1 7f dd
    13 46 e6 09 85 07 0e f2 d4 fc 1a 64 d2 0a ad 20
    ab 20 6b 96 f0 ad cc c4 19 53 55 dc 01 1d a4 b3
    ef 8a b4 49 53 5d 8a 05 1c f1 dc e1 44 bf c5 d7
    e2 77 19 57 5c 97 0b 75 ee 88 43 71 0f ca 6c c1
    b4 b2 50 a7 77 46 6c 58 0f 11 bf f1 76 24 5a ae
    39 42 b7 51 67 29 e1 d0 55 30 6f 17 e4 91 ea ad
    f8 28 c2 43 6f a2 64 a9 fb 9d 98 92 62 48 3e eb
    0d 4f 82 4a 8a ff 3f 72 ee 96 b5 ae a1 c1 98 ba
    ef 7d 90 75 6d ff 5a 52 9e ab f5 c0 7e d0 87 43
    db 85 07 07 0f 7d 38 7a fd d1 d3 ee 65 1d d3 ea
    39 6a 87 37 ee 4a d3 e0 0d 6e f5 70 ac c2 bd f1
    6e f3 92 95 5e a9 f0 a1 65 95 93 8d 02 03 01 00
    01 a3 7d 30 7b 30 1d 06 03 55 1d 0e 04 16 04 14
    c0 e7 84 bf e8 59 27 33 10 b0 52 4f 51 52 2f 06
    d6 c0 7a cd 30 1f 06 03 55 1d 23 04 18 30 16 80
    14 70 7f 2e ae 83 68 59 98 04 23 2a cd eb 3e 17
    cd 24 dd 01 49 30 09 06 03 55 1d 13 04 02 30 00
    30 13 06 03 55 1d 25 04 0c 30 0a 06 08 2b 06 01
    05 05 07 03 01 30 19 06 03 55 1d 11 04 12 30 10
    82 0e 73 65 72 76 65 72 2e 65 78 61 6d 70 6c 65
    30 0d 06 09 2a 86 48 86 f7 0d 01 01 0b 05 00 03
    82 01 01 00 7b d3 04 43 75 8a 0f 11 ae c4 fb d7
    a1 a2 9e fe 20 18 d5 f4 2f 31 88 46 b6 75 8c ee
    e5 9b 97 a6 b9 a3 cd 60 9a 46 c3 48 97 e5 97 68
    f7 5a 86 35 73 d9 69 9e f9 5f 74 b9 e6 94 13 01
    cb 6a dc e3 c4 04 e9 65 da 9c a4 8b 28 f3 f9 9a
    7f bf 97 1f 45 92 e5 05 b1 56 e6 0b f6 47 de 1e
    89 b6 2b e1 4d df 4a 7e 01 d3 23 dc 97 8c 47 fe
    5f c7 cc 98 46 0e c4 83 5b ca 8a f1 52 09 be 6b
    ec 3f 09 8b d0 93 02 bf e1 51 e7 d1 7e 34 56 19
    74 d0 ff 28 25 de b7 9f 56 52 91 7d 20 29 85 0a
    80 44 5f 71 32 25 71 0f c2 16 e2 5f 6b 1d 3f 32
    5b 0a 3c 74 1c b9 62 f1 ed 07 50 a3 6d b4 b4 31
    0a c0 53 44 6a 3a 88 84 8b 2d a9 b0 37 8e e6 18
    36 bd 9a 20 40 0f 01 92 8b 3d aa 61 e7 ae 2c ed
    36 cd 3a 07 86 74 3a 29 b3 d7 3a b4 00 a9 c2 f5
    92 78 0e e2 0f a3 fe bb be e0 06 53 84 59 1d 90
    69 e5 b6 f9 00 00
<<< TLS 1.2, RecordHeader [length 0005]
    17 03 03 01 19
<<< TLS 1.3, InnerContent [length 0001]
    16
<<< TLS 1.3, Handshake [length 0108], CertificateVerify
    0f 00 01 04 08 04 01 00 97 5c 12 f8 2d 38 1a 6e
    33 1b 23 b7 d7 19 cc e2 5d b6 0d c3 51 ba d1 b2
    cb bd 91 0c d0 04 71 53 ce c0 cf 98 8b f1 ad 52
    9e 0a 60 e1 3d 2c 57 c9 eb 5c dd f9 ad e4 7c b4
    4d 80 a2 85 2b 58 a1 75 7d d9 e6 86 a8 ab a3 e7
    c9 f8 33 9e d7 13 e2 03 d9 9f b6 ff ca 59 fd 57
    d8 c5 1a 6b eb 48 7c 65 3f 96 b8 50 49 ca 34 e2
    7c 43 1d 7a e1 4f 4d 20 b4 2f 6d 2f a7 fa 23 1c
    d5 d7 e7 22 8d d9 1a 21 fe 45 a1 4d ec d8 ed c0
    01 86 dc 61 f5 2a c7 49 8d d1 17 b9 fa c3 df d8
    f3 ea 86 b9 07 9a 36 cc 04 69 a0 f9 05 77 a2 89
    2e a7 be f0 6d 3d 1a 01 c4 5e 5c bb 07 d9 fe 2a
    50 0a cd 33 4f ec 8b f2 77 0a e0 4e 97 b3 19 85
    60 1c bf 35 76 d2 e4 f6 fc 05 aa be 72 99 4a 00
    80 b3 43 57 dd cb dc 9f 4e 40 7c 1d 89 1e c3 42
    e4 fe 56 28 95 2d 71 7d 23 0f 59 f0 fb e5 83 4f
    2c 24 95 88 5d cb e6 a1
<<< TLS 1.2, RecordHeader [length 0005]
    17 03 03 00 45
<<< TLS 1.3, InnerContent [length 0001]
    16
<<< TLS 1.3, Handshake [length 0034], Finished
    14 00 00 30 d4 75 bc 5b 57 58 76 30 0e b0 2f 05
    d1 5f 4e ed 14 85 7b 40 4e 50 85 65 4f d7 74 42
    a6 90 66 9e 3c 1e 5d 3a ea 5d b2 73 43 1e 23 ec
    f4 aa f0 ce
>>> TLS 1.2, RecordHeader [length 0005]
    17 03 03 00 45
>>> TLS 1.2, InnerContent [length 0001]
    16
>>> TLS 1.3, Handshake [length 0034], Finished
    14 00 00 30 22 ce 20 12 d8 24 b0 69 f9 01 7c 57
    2e 29 01 61 aa b5 39 5d 99 8e 5f 7c b9 c6 7f 33
    c6 9c 97 45 e5 3a 48 34 fd 93 03 36 15 60 d0 6e
    2c 93 ae bd
---
Certificate chain
 0 s:CN=server.example
   i:CN=Root CA
   a:PKEY: RSA, 2048 (bit); sigalg: sha256WithRSAEncryption
   v:NotBefore: Jan 14 22:29:46 2016 GMT; NotAfter: Jan 15 22:29:46 2116 GMT
---
Server certificate
-----BEGIN CERTIFICATE-----
MIIDJTCCAg2gAwIBAgIBAjANBgkqhkiG9w0BAQsFADASMRAwDgYDVQQDDAdSb290
IENBMCAXDTE2MDExNDIyMjk0NloYDzIxMTYwMTE1MjIyOTQ2WjAZMRcwFQYDVQQD
DA5zZXJ2ZXIuZXhhbXBsZTCCASIwDQYJKoZIhvcNAQEBBQADggEPADCCAQoCggEB
ANVdYGrf/GHuSKqMEUhDpW22Ul2qmEmxYZI1sfw6BCUMbXn/tNXJ6VwcO+Crs7h9
o95tveDd11q/FEcRQl6mgtBhwX/dE0bmCYUHDvLU/Bpk0gqtIKsga5bwrczEGVNV
3AEdpLPvirRJU12KBRzx3OFEv8XX4ncZV1yXC3XuiENxD8pswbSyUKd3RmxYDxG/
8XYkWq45QrdRZynh0FUwbxfkkeqt+CjCQ2+iZKn7nZiSYkg+6w1PgkqK/z9y7pa1
rqHBmLrvfZB1bf9aUp6r9cB+0IdD24UHBw99OHr90dPuZR3T6jlqhzfuStPgDW71
cKzCvfFu85KVXqnwoWWVk40CAwEAAaN9MHswHQYDVR0OBBYEFMDnhL/oWSczELBS
T1FSLwbWwHrNMB8GA1UdIwQYMBaAFHB/Lq6DaFmYBCMqzes+F80k3QFJMAkGA1Ud
EwQCMAAwEwYDVR0lBAwwCgYIKwYBBQUHAwEwGQYDVR0RBBIwEIIOc2VydmVyLmV4
YW1wbGUwDQYJKoZIhvcNAQELBQADggEBAHvTBEN1ig8RrsT716Ginv4gGNX0LzGI
RrZ1jO7lm5emuaPNYJpGw0iX5Zdo91qGNXPZaZ75X3S55pQTActq3OPEBOll2pyk
iyjz+Zp/v5cfRZLlBbFW5gv2R94eibYr4U3fSn4B0yPcl4xH/l/HzJhGDsSDW8qK
8VIJvmvsPwmL0JMCv+FR59F+NFYZdND/KCXet59WUpF9ICmFCoBEX3EyJXEPwhbi
X2sdPzJbCjx0HLli8e0HUKNttLQxCsBTRGo6iISLLamwN47mGDa9miBADwGSiz2q
YeeuLO02zToHhnQ6KbPXOrQAqcL1kngO4g+j/ru+4AZThFkdkGnltvk=
-----END CERTIFICATE-----
subject=CN=server.example
issuer=CN=Root CA
---
No client certificate CA names sent
Peer signing digest: SHA256
Peer signature type: rsa_pss_rsae_sha256
Negotiated TLS1.3 group: X25519MLKEM768
---
SSL handshake has read 2546 bytes and written 1702 bytes
Verification error: unable to verify the first certificate
---
New, TLSv1.3, Cipher is TLS_AES_256_GCM_SHA384
Protocol: TLSv1.3
Server public key is 2048 bit
This TLS version forbids renegotiation.
Compression: NONE
Expansion: NONE
No ALPN negotiated
Early data was not sent
Verify return code: 21 (unable to verify the first certificate)
---
>>> TLS 1.2, RecordHeader [length 0005]
    17 03 03 00 13
>>> TLS 1.2, InnerContent [length 0001]
    15
>>> TLS 1.3, Alert [length 0002], warning close_notify
    01 00
Connecting to 127.0.0.1
SSL_connect:before SSL initialization
SSL_connect:SSLv3/TLS write client hello
SSL_connect:SSLv3/TLS write client hello
SSL_connect:SSLv3/TLS read server hello
SSL_connect:SSLv3/TLS write change cipher spec
SSL_connect:SSLv3/TLS write client hello
SSL_connect:SSLv3/TLS write client hello
SSL_connect:SSLv3/TLS read server hello
Can't use SSL_get_servername
SSL_connect:TLSv1.3 read encrypted extensions
depth=0 CN=server.example
verify error:num=20:unable to get local issuer certificate
verify return:1
depth=0 CN=server.example
verify error:num=21:unable to verify the first certificate
verify return:1
depth=0 CN=server.example
verify return:1
SSL_connect:SSLv3/TLS read server certificate
SSL_connect:TLSv1.3 read server certificate verify
SSL_connect:SSLv3/TLS read finished
SSL_connect:SSLv3/TLS write finished
DONE
SSL3 alert write:warning:close notify
