CONNECTED(00000003)
>>> TLS 1.0, RecordHeader [length 0005]
    16 03 01 00 d6
>>> TLS 1.3, Handshake [length 00d6], ClientHello
    01 00 00 d2 03 03 1a 0a 56 04 12 5e f4 79 f3 17
    a4 ea 14 02 ac 07 bb 48 03 6c f1 53 27 b7 75 3f
    50 5a 98 ec f7 98 20 95 23 80 ac 6d b3 8c fb 36
    74 6b a7 f8 d6 0f 45 bf 92 c8 8a 98 f6 93 a7 f4
    57 66 0d 4b bb c3 43 00 06 13 02 13 03 13 01 01
    00 00 83 00 0b 00 04 03 00 01 02 00 0a 00 06 00
    04 11 ec 00 1d 00 23 00 00 00 16 00 00 00 17 00
    00 00 0d 00 2a 00 28 09 05 09 06 09 04 04 03 05
    03 06 03 08 07 08 08 08 1a 08 1b 08 1c 08 09 08
    0a 08 0b 08 04 08 05 08 06 04 01 05 01 06 01 00
    2b 00 03 02 03 04 00 2d 00 02 01 01 00 33 00 26
    00 24 00 1d 00 20 64 66 f3 bc a0 17 9f b8 36 ec
    cd b6 25 49 92 08 d8 ed d5 c9 6b 7a 8e d8 ea 89
    b2 c9 9c d8 5a 26
<<< TLS 1.2, RecordHeader [length 0005]
    16 03 03 00 58
<<< TLS 1.3, Handshake [length 0058], ServerHello
    02 00 00 54 03 03 cf 21 ad 74 e5 9a 61 11 be 1d
    8c 02 1e 65 b8 91 c2 a2 11 16 7a bb 8c 5e 07 9e
    09 e2 c8 a8 33 9c 20 95 23 80 ac 6d b3 8c fb 36
    74 6b a7 f8 d6 0f 45 bf 92 c8 8a 98 f6 93 a7 f4
    57 66 0d 4b bb c3 43 13 02 00 00 0c 00 2b 00 02
    03 04 00 33 00 02 11 ec
>>> TLS 1.2, RecordHeader [length 0005]
    14 03 03 00 01
>>> TLS 1.3, ChangeCipherSpec [length 0001]
    01
>>> TLS 1.2, RecordHeader [length 0005]
    16 03 03 05 76
>>> TLS 1.3, Handshake [length 0576], ClientHello
    01 00 05 72 03 03 1a 0a 56 04 12 5e f4 79 f3 17
    a4 ea 14 02 ac 07 bb 48 03 6c f1 53 27 b7 75 3f
    50 5a 98 ec f7 98 20 95 23 80 ac 6d b3 8c fb 36
    74 6b a7 f8 d6 0f 45 bf 92 c8 8a 98 f6 93 a7 f4
    57 66 0d 4b bb c3 43 00 06 13 02 13 03 13 01 01
    00 05 23 00 0b 00 04 03 00 01 02 00 0a 00 06 00
    04 11 ec 00 1d 00 23 00 00 00 16 00 00 00 17 00
    00 00 0d 00 2a 00 28 09 05 09 06 09 04 04 03 05
    03 06 03 08 07 08 08 08 1a 08 1b 08 1c 08 09 08
    0a 08 0b 08 04 08 05 08 06 04 01 05 01 06 01 00
    2b 00 03 02 03 04 00 2d 00 02 01 01 00 33 04 c6
    04 c4 11 ec 04 c0 e6 a6 38 4c 4b 70 df 01 89 eb
    45 0b 63 b8 0a ae 41 19 b8 1b a8 1d 67 6a a6 b9
    8e a8 c2 ac d9 c5 77 b8 57 33 eb 37 1d 57 23 84
    99 bb a3 32 8c 62 a2 3a 51 35 34 6d 3c 64 80 a5
    80 c1 5a bc 10 b3 b0 67 68 89 8a d9 c2 77 b5 45
    7e 6d 60 58 f3 46 a6 8b b6 53 66 c3 b1 16 f8 96
    8d ec 0c 5b 56 26 71 5a b7 d4 41 4e b6 97 5e f5
    21 7f 4e 64 1b 3d 55 52 55 e0 91 c8 83 0b 16 7b
    64 6d 9c 94 7f 5b 63 80 4a 8c e6 fc 67 5b 58 60
    4c e9 38 57 64 01 2b 6a 9c 58 eb 2d b6 a2 1a 2a
    25 a0 34 3b 03 6a 79 58 4d c1 37 a1 94 55 de 44
    bc 0e 77 29 91 b6 a1 f4 f1 70 7a 95 05 0d d0 5b
    bf 42 43 6b 56 0c 40 3b 00 f5 18 80 9e 97 b2 8c
    0c aa 0d bb 7d df ec 95 4d 68 47 e5 2b 49 37 80
    8c 9a 12 40 ce 93 45 31 ac 0d 06 9b bb e8 f5 6c
    fa c1 1e 35 58 c0 a2 e0 ca 2a 85 72 2c 45 85 ad
    7c 60 52 b4 0a 9e 84 87 1b ec 72 6b 0a 03 ad f0
    8b de b0 a8 0b 12 2f f3 e9 92 43 b0 32 46 c3 10
    86 19 1f 0b c6 a6 7f 6b bb c9 a4 60 2f 61 ab b1
    95 7f 47 a9 ac cb 17 b2 5a 5c 41 b4 99 70 e7 db
    ba a9 74 7f 10 54 1c 5f 92 0e 4c cc 11 93 61 30
    b9 5b b7 fc 51 6b 7a cb 01 73 b6 80 76 a5 52 34
    62 11 d7 77 cc dd 5c 24 b9 d9 37 1a 35 55 8b 59
    29 51 c8 52 c2 8c 31 44 20 b6 cc e2 9f 21 ec 73
    3a 7b b1 6f 04 cd 83 c0 21 a4 63 4f b0 27 4f 22
    7c b9 06 99 84 86 64 08 dc 83 2d 4c 16 45 b0 84
    00 9d 08 41 ec 47 83 30 d2 4e 40 f7 89 a1 42 79
    c3 c9 bd ba c0 3a 2b 80 2d 80 46 cd 80 42 c1 b0
    f1 15 16 83 b2 64 8a 0f 79 fb b1 25 18 74 7d 7b
    74 53 18 c3 31 c8 07 b5 02 32 44 63 b6 bd f6 c8
    18 69 23 a0 7a 85 8f 10 28 70 62 84 3b 34 5b f9
    6c 1b 31 48 8b 29 25 0c bb b0 26 bb 72 5e a1 98
    7d bb 1a 98 db f1 3f af 8a 19 ca 84 64 68 22 ce
    60 83 26 1a bc c3 37 a1 bd b3 4b 6c 94 b9 a7 66
    46 b1 70 c6 a7 1b e9 a6 f0 11 68 4b 74 7a 1c 44
    13 eb 56 3a 5e 46 8d 46 e6 b8 65 89 01 49 d1 ac
    f3 5c 2a 50 f0 41 2d 55 16 81 31 ca aa f3 af 1e
    da 99 6b 7a cb 1f a7 7a 5b 46 ad 33 ab 99 f8 f2
    32 14 a4 b7 bd bc 7c fd dc cf 45 ea 7f 74 44 66
    6c d1 7e 57 e5 6a 66 55 77 2f db 91 f5 0a 40 16
    51 8b e8 9b 07 de d3 7b 46 7c b6 49 66 04 64 67
    b8 28 ac 39 a8 52 76 4e 07 76 af c7 33 25 d4 40
    3e d3 a2 a1 76 12 23 76 55 51 96 89 c3 66 59 d3
    36 9b 51 89 67 ce 99 1a 69 3a a1 eb 82 16 96 8a
    ca da 25 65 d5 b4 61 49 83 4c 1f 7c 82 a6 95 2b
    d8 e0 66 69 2b 85 bd f1 ab 10 81 0f e9 fc 3c f0
    15 1a ab 76 6a 83 92 27 01 a1 75 9d a8 b1 f4 e8
    2e bb 0c 8d 2a e7 47 0b c8 6a a3 ac c6 4f d1 7c
    e9 2a b6 c6 75 41 d4 d5 64 65 4c 8d c4 06 b2 21
    80 05 14 30 7c 64 ec c3 f4 ba c4 0e b6 71 b5 99
    4d 8e a4 87 b5 53 27 21 ac 6d 41 26 c8 d8 00 10
    b3 c6 5c 80 c9 64 e9 48 97 0e 26 66 ad 08 8c 57
    36 0d f9 1b 32 82 43 83 8e b1 3c d5 c4 79 e9 c7
    38 5b 6c a1 32 da 55 29 6a bc 54 d3 68 0c a7 05
    23 67 70 77 72 4b c1 ea 06 d1 42 08 3e b3 82 8d
    c2 5b b2 85 b6 f3 54 7e d8 dc 9f cf 87 2a 87 b6
    a0 bd 1c 7f 2f 2c 88 b2 68 78 7f 38 58 f8 95 c4
    4b 12 25 55 f7 40 f6 c6 52 f8 70 71 89 33 8e 2a
    6b 15 53 a9 4c 52 84 10 8a 71 9c 39 81 8d 32 fb
    05 e6 dc 01 a8 03 a8 46 58 09 1b e1 ae 9f 75 35
    0c 68 7e 9e 5a 0b c6 e5 5d 47 15 9a c4 8a 12 37
    83 c7 db e8 07 6d d4 5f d0 c0 69 ac 48 ab 87 24
    25 98 b3 63 1c 4b 35 ca 93 9c fa e8 3b ae a1 4e
    f6 1a 02 18 69 64 1d c8 ae 08 cb 60 60 32 0d 98
    79 46 13 c5 9d 06 c6 c6 ad c3 43 4c d0 82 2c ac
    67 35 64 86 a8 61 54 f8 77 1e 30 aa 33 6d 65 9b
    e7 ca 70 5b eb 57 ce 75 a3 7b 93 20 e5 01 c1 5b
    ca 39 ac 57 aa 7d 0c 75 b6 55 77 73 3b c5 ff a2
    9c dd aa 36 cd e8 87 30 11 a5 88 78 a3 ae 19 97
    6f a2 65 12 f9 05 d0 13 98 62 f6 7c 44 c4 48 92
    83 33 2c f4 63 c6 b9 23 6f 91 be 88 57 aa b8 54
    97 cf d9 cb 54 44 7e fb ac 84 ca e0 45 22 d2 6b
    b8 69 01 4c 86 7d e3 86 17 2b 4c b2 e1 0f b1 ec
    bf d7 20 b4 f9 07 ec c6 ea a0 be e7 93 4f b1 7b
    b8 f9 86 42 e5 a8 47 81 db f5 ec 7f 29 0e 82 88
    f3 08 b6 0d 53 2a 5b 0e da 33 ef 7f 27 e6 4b 09
    ee 67 1f 65 c6 7f
<<< TLS 1.2, RecordHeader [length 0005]
    14 03 03 00 01
<<< TLS 1.3, ChangeCipherSpec [length 0001]
    01
<<< TLS 1.2, RecordHeader [length 0005]
    16 03 03 04 ba
<<< TLS 1.3, Handshake [length 04ba], ServerHello
    02 00 04 b6 03 03 78 3c b4 5a 79 04 ba 40 bd 33
    56 3e fc 13 73 99 a8 15 53 7c 3d 67 2c aa 88 8a
    02 41 ae 38 db 99 20 95 23 80 ac 6d b3 8c fb 36
    74 6b a7 f8 d6 0f 45 bf 92 c8 8a 98 f6 93 a7 f4
    57 66 0d 4b bb c3 43 13 02 00 04 6e 00 2b 00 02
    03 04 00 33 04 64 11 ec 04 60 d7 db 0b da fc a6
    a6 44 b1 8b 05 66 94 b6 8a 75 c5 6d bf 91 49 09
    37 42 e5 d1 6f 23 f1 07 69 ea 92 e7 34 b9 c2 cb
    44 46 a4 4e 89 2c 1a 22 ad 03 06 80 15 47 98 1c
    6b 58 14 dd 36 8f bb 83 fb f3 c0 e7 c7 e3 17 26
    49 63 b8 ad 3f aa 66 a2 99 b1 af fa 4d af 37 b4
    c5 52 0f f4 0e 95 52 9e 44 c2 84 7a 94 62 cc 60
    ee cf a6 5b 73 46 26 9a 82 0b 99 f7 d2 97 d8 19
    a5 d0 4f 00 c9 9d f0 bb 3a fb 39 a8 51 6e dc 72
    d9 33 36 00 ca 5c 73 e0 a9 90 77 51 97 c2 ca 80
    15 7d ee 78 36 7c e6 31 31 31 b4 73 40 12 a4 1c
    f0 6d 86 b5 aa c7 a5 ba 8b e3 bd cb cf 65 7a 77
    cb 5e 12 bb f0 87 c7 37 af 47 31 54 07 99 7c f8
    ba 0c 04 e2 5c e1 59 79 22 20 af 1c 9d ac be e3
    0e 58 d8 f2 89 5a f7 46 f3 2c a4 b2 ba 09 52 e3
    7a dc 56 a6 1e 5f 09 d5 5e 7b 86 e1 0d 3f 9d 76
    c0 eb 01 76 0f 33 cc c0 f3 11 07 b4 3e 6e 24 5a
    6c d1 0e 2d f9 7f 10 b1 8c 3e 5b 65 f1 97 32 33
    a3 1c ab 8d 9b 35 cc df 29 91 ed 74 bc 5f 4a 1e
    78 4f 0f 55 da 19 9f 33 68 54 13 2b a0 08 e1 46
    e6 c4 06 19 cd ba 3d 34 d8 c7 d8 bc 6f f8 c5 7f
    57 9f 4b ab 00 fc 73 68 dc 0b e6 34 34 81 2e c0
    67 26 a0 14 0c 0f 86 8a 00 d3 c3 62 2f c4 61 bb
    41 3d 91 c9 64 8d c2 74 f7 f7 fa f8 99 73 98 e0
    fe b1 7c 66 a1 4e fa a6 27 cd b6 5b b0 29 02 98
    70 2e f5 12 71 69 46 45 f1 84 ba 00 71 c2 46 63
    2b 94 c7 70 74 3e 28 5b 89 02 c8 46 64 4c fd 03
    74 36 21 c8 f3 59 a0 fb b2 17 a4 0c db 7c 3d 49
    c8 2f 93 43 99 fa 87 66 83 15 90 0c d3 fd 11 e7
    9e 19 48 12 22 e2 3d f9 61 66 6f 9a 32 9a d5 6e
    45 93 89 4e fd a1 60 a1 be 13 bd 24 06 33 30 52
    80 fe 68 32 b9 9e 20 74 f7 23 58 c8 e2 57 4c e0
    b7 0d 2c 29 56 10 69 18 1d e2 3d 7b 72 a2 09 de
    43 11 a9 6d 30 f7 ec d6 4f 52 f4 ee 6f 23 5d 8b
    bd 22 79 85 c1 ce cb 39 78 99 eb c1 22 92 ab 52
    e6 84 8c ba db 40 8e 30 90 a9 b6 c4 af 0a 86 dc
    ab 0e f4 bc 43 02 fe de 05 bd 81 6c df 42 14 32
    9a bb f1 ee b1 25 1a 57 94 c3 11 e3 c2 51 ba 24
    b5 ba 3f 5b 28 dc f6 47 b6 d5 77 54 fe 49 20 85
    da 16 15 29 69 e3 a7 2e 42 9d 01 c9 2c e4 66 3c
    c2 d9 0f d5 39 08 55 29 89 83 23 ac a7 21 c0 be
    49 aa 4f 0a 94 83 c7 98 1a 14 c2 2f 9f 68 3f a0
    c8 c4 72 22 50 e3 24 18 c2 91 b7 86 04 38 60 1d
    b1 a2 1b b9 34 57 b8 e8 c2 4c 7f aa 52 33 c9 7d
    33 9b 96 03 86 67 d7 e8 76 44 93 be 4b a0 87 26
    5b cf 67 dc d4 5a ee c5 0a df dd 51 da 58 43 1e
    b3 cf 7c 3c 6b 96 01 30 d7 a6 35 7d 48 7c 06 64
    34 31 74 35 88 33 78 37 73 0e a4 83 44 ed 34 86
    75 65 17 90 a9 b5 23 37 cb 79 89 6d ac b8 fc 33
    61 2a 14 73 f3 24 4d cb 9d 73 d3 28 b9 31 32 7e
    09 4c 45 2f 2b 73 cd 8f 01 fb 40 8c 0c a2 fa 0f
    c2 4e 31 a6 32 eb da d2 c8 e5 87 08 d1 d1 d5 20
    e7 f8 83 85 f4 7b 25 67 c3 ca 88 26 91 6d 04 21
    bb 0b 7e 78 c8 f6 e2 58 ce 94 c7 e5 05 8a e6 65
    af 7e c2 97 94 dd 1f 49 7a cc f8 e1 13 f0 94 eb
    25 0d 8a 19 1f 3a 3a 3e c1 fc 20 ed 34 84 2d 42
    76 d6 97 8f f5 89 54 c7 e5 13 55 d5 7f 39 2b f4
    f4 3f cb c5 3d 69 da 49 6f 19 d7 7c 0f cc f6 c1
    58 47 2c 52 a2 c5 9c 13 9f 0b db 37 2c c9 30 52
    ea 45 be 63 e0 87 30 3b 31 ba 1f 13 15 6e 92 2f
    0b 77 4c 32 70 fe 78 5d a9 5b 44 5c 67 f8 44 9e
    c1 d2 a0 a8 f9 08 32 bd 22 d8 f6 b6 58 6c a5 20
    82 18 2f 36 35 7e a1 e9 a2 5b 10 6e 0c c9 70 52
    44 bd 70 b6 79 01 08 f4 9a 2f ac d5 f2 ca 59 23
    a2 4a 25 2c a0 d8 84 ef 6f 33 8c 62 4e fb 34 44
    c3 cb 51 a2 97 24 bb 2e 83 a4 7c ac 26 c2 0a 51
    f8 e5 8a 2a da 0f 8d b0 f2 26 1c 31 ff cb 87 31
    f4 84 9e 60 e0 0e 52 18 f5 c5 23 44 e5 32 ae 23
    7c 12 88 99 a7 66 05 32 cc 52 92 2c 26 3e 3c 8c
    a4 fc 26 6f b5 f5 cb df a8 cc 5e 69 0a d1 71 43
    34 0f cd 9b de 1b ec 87 6a 72
<<< TLS 1.2, RecordHeader [length 0005]
    17 03 03 00 17
<<< TLS 1.3, InnerContent [length 0001]
    16
<<< TLS 1.3, Handshake [length 0006], EncryptedExtensions
    08 00 00 02 00 00
<<< TLS 1.2, RecordHeader [length 0005]
    17 03 03 03 47
<<< TLS 1.3, InnerContent [length 0001]
    16
<<< TLS 1.3, Handshake [length 0336], Certificate
    0b 00 03 32 00 00 03 2e 00 03 29 30 82 03 25 30
    82 02 0d a0 03 02 01 02 02 01 02 30 0d 06 09 2a
    86 48 86 f7 0d 01 01 0b 05 00 30 12 31 10 30 0e
    06 03 55 04 03 0c 07 52 6f 6f 74 20 43 41 30 20
    17 0d 31 36 30 31 31 34 32 32 32 39 34 36 5a 18
    0f 32 31 31 36 30 31 31 35 32 32 32 39 34 36 5a
    30 19 31 17 30 15 06 03 55 04 03 0c 0e 73 65 72
    76 65 72 2e 65 78 61 6d 70 6c 65 30 82 01 22 30
    0d 06 09 2a 86 48 86 f7 0d 01 01 01 05 00 03 82
    01 0f 00 30 82 01 0a 02 82 01 01 00 d5 5d 60 6a
    df fc 61 ee 48 aa 8c 11 48 43 a5 6d b6 52 5d aa
    98 49 b1 61 92 35 b1 fc 3a 04 25 0c 6d 79 ff b4
    d5 c9 e9 5c 1c 3b e0 ab b3 b8 7d a3 de 6d bd e0
    dd d7 5a bf 14 47 11 42 5e a6 82 d0 61 c1 7f dd
    13 46 e6 09 85 07 0e f2 d4 fc 1a 64 d2 0a ad 20
    ab 20 6b 96 f0 ad cc c4 19 53 55 dc 01 1d a4 b3
    ef 8a b4 49 53 5d 8a 05 1c f1 dc e1 44 bf c5 d7
    e2 77 19 57 5c 97 0b 75 ee 88 43 71 0f ca 6c c1
    b4 b2 50 a7 77 46 6c 58 0f 11 bf f1 76 24 5a ae
    39 42 b7 51 67 29 e1 d0 55 30 6f 17 e4 91 ea ad
    f8 28 c2 43 6f a2 64 a9 fb 9d 98 92 62 48 3e eb
    0d 4f 82 4a 8a ff 3f 72 ee 96 b5 ae a1 c1 98 ba
    ef 7d 90 75 6d ff 5a 52 9e ab f5 c0 7e d0 87 43
    db 85 07 07 0f 7d 38 7a fd d1 d3 ee 65 1d d3 ea
    39 6a 87 37 ee 4a d3 e0 0d 6e f5 70 ac c2 bd f1
    6e f3 92 95 5e a9 f0 a1 65 95 93 8d 02 03 01 00
    01 a3 7d 30 7b 30 1d 06 03 55 1d 0e 04 16 04 14
    c0 e7 84 bf e8 59 27 33 10 b0 52 4f 51 52 2f 06
    d6 c0 7a cd 30 1f 06 03 55 1d 23 04 18 30 16 80
    14 70 7f 2e ae 83 68 59 98 04 23 2a cd eb 3e 17
    cd 24 dd 01 49 30 09 06 03 55 1d 13 04 02 30 00
    30 13 06 03 55 1d 25 04 0c 30 0a 06 08 2b 06 01
    05 05 07 03 01 30 19 06 03 55 1d 11 04 12 30 10
    82 0e 73 65 72 76 65 72 2e 65 78 61 6d 70 6c 65
    30 0d 06 09 2a 86 48 86 f7 0d 01 01 0b 05 00 03
    82 01 01 00 7b d3 04 43 75 8a 0f 11 ae c4 fb d7
    a1 a2 9e fe 20 18 d5 f4 2f 31 88 46 b6 75 8c ee
    e5 9b 97 a6 b9 a3 cd 60 9a 46 c3 48 97 e5 97 68
    f7 5a 86 35 73 d9 69 9e f9 5f 74 b9 e6 94 13 01
    cb 6a dc e3 c4 04 e9 65 da 9c a4 8b 28 f3 f9 9a
    7f bf 97 1f 45 92 e5 05 b1 56 e6 0b f6 47 de 1e
    89 b6 2b e1 4d df 4a 7e 01 d3 23 dc 97 8c 47 fe
    5f c7 cc 98 46 0e c4 83 5b ca 8a f1 52 09 be 6b
    ec 3f 09 8b d0 93 02 bf e1 51 e7 d1 7e 34 56 19
    74 d0 ff 28 25 de b7 9f 56 52 91 7d 20 29 85 0a
    80 44 5f 71 32 25 71 0f c2 16 e2 5f 6b 1d 3f 32
    5b 0a 3c 74 1c b9 62 f1 ed 07 50 a3 6d b4 b4 31
    0a c0 53 44 6a 3a 88 84 8b 2d a9 b0 37 8e e6 18
    36 bd 9a 20 40 0f 01 92 8b 3d aa 61 e7 ae 2c ed
    36 cd 3a 07 86 74 3a 29 b3 d7 3a b4 00 a9 c2 f5
    92 78 0e e2 0f a3 fe bb be e0 06 53 84 59 1d 90
    69 e5 b6 f9 00 00
<<< TLS 1.2, RecordHeader [length 0005]
    17 03 03 01 19
<<< TLS 1.3, InnerContent [length 0001]
    16
<<< TLS 1.3, Handshake [length 0108], CertificateVerify
    0f 00 01 04 08 04 01 00 76 b2 10 ae 05 fe 1f 74
    c2 d2 b9 93 48 a4 6d ed a2 7c 67 ca 8f 95 24 d4
    0d 41 93 45 5d 33 65 36 e4 45 a8 f5 fc 3b c7 ff
    7f 34 e5 20 f6 18 b9 4d a6 bf 7d 0b db fa 86 3a
    b4 a5 19 b8 05 d9 29 e7 48 b7 1e 52 53 f4 2a 91
    45 ae b0 26 1b d2 5c 0d 17 93 ca a8 90 bb e4 9c
    a6 98 be 28 14 63 67 63 a1 9d 6c 0f d5 05 40 ec
    e9 31 21 c5 f7 de 47 46 6a 91 d5 27 8f 79 ba 98
    67 0e 64 4e 28 8e 8b 61 d8 f0 6d 45 79 02 a5 7f
    ed d4 cd b5 05 32 c7 dd 56 d2 31 4f 98 d8 02 fe
    47 1d 41 e6 40 6f 3e 49 25 f6 2e 94 af 51 ed 95
    72 87 e4 b7 44 f0 06 41 71 a7 05 69 a6 7f ca c7
    60 0b 54 b8 a5 10 57 4e 75 ec 83 7c 7e ae 4a a5
    50 ff 8b ec b6 6c f6 7b 75 17 59 08 79 d2 61 fc
    03 f4 ff 5b cd c1 ea 07 9c b3 83 07 ce 0d 24 cf
    89 9e 22 1b 62 e7 c1 e8 da bc cc 35 92 6e a8 30
    a6 3d 20 90 ab 6d a6 ab
<<< TLS 1.2, RecordHeader [length 0005]
    17 03 03 00 45
<<< TLS 1.3, InnerContent [length 0001]
    16
<<< TLS 1.3, Handshake [length 0034], Finished
    14 00 00 30 ba 98 43 c1 97 68 69 41 29 4f 8d da
    9f eb 18 f9 41 2b 27 c5 1d 81 49 0a c4 0a 16 3a
    8a cc 4d de 44 bc c7 99 08 6e 0f ee ac 58 7e 68
    c4 6c 55 73
>>> TLS 1.2, RecordHeader [length 0005]
    17 03 03 00 45
>>> TLS 1.2, InnerContent [length 0001]
    16
>>> TLS 1.3, Handshake [length 0034], Finished
    14 00 00 30 0e 88 db 58 96 31 35 c6 9e da c8 a2
    92 88 80 d5 d2 88 cd dc 4f 0b 7f 90 97 e4 56 69
    2e 00 2a fb 6a 2f 82 ba e9 3b ad 50 66 a4 35 74
    cc d9 26 14
---
Certificate chain
 0 s:CN=server.example
   i:CN=Root CA
   a:PKEY: RSA, 2048 (bit); sigalg: sha256WithRSAEncryption
   v:NotBefore: Jan 14 22:29:46 2016 GMT; NotAfter: Jan 15 22:29:46 2116 GMT
---
Server certificate
-----BEGIN CERTIFICATE-----
MIIDJTCCAg2gAwIBAgIBAjANBgkqhkiG9w0BAQsFADASMRAwDgYDVQQDDAdSb290
IENBMCAXDTE2MDExNDIyMjk0NloYDzIxMTYwMTE1MjIyOTQ2WjAZMRcwFQYDVQQD
DA5zZXJ2ZXIuZXhhbXBsZTCCASIwDQYJKoZIhvcNAQEBBQADggEPADCCAQoCggEB
ANVdYGrf/GHuSKqMEUhDpW22Ul2qmEmxYZI1sfw6BCUMbXn/tNXJ6VwcO+Crs7h9
o95tveDd11q/FEcRQl6mgtBhwX/dE0bmCYUHDvLU/Bpk0gqtIKsga5bwrczEGVNV
3AEdpLPvirRJU12KBRzx3OFEv8XX4ncZV1yXC3XuiENxD8pswbSyUKd3RmxYDxG/
8XYkWq45QrdRZynh0FUwbxfkkeqt+CjCQ2+iZKn7nZiSYkg+6w1PgkqK/z9y7pa1
rqHBmLrvfZB1bf9aUp6r9cB+0IdD24UHBw99OHr90dPuZR3T6jlqhzfuStPgDW71
cKzCvfFu85KVXqnwoWWVk40CAwEAAaN9MHswHQYDVR0OBBYEFMDnhL/oWSczELBS
T1FSLwbWwHrNMB8GA1UdIwQYMBaAFHB/Lq6DaFmYBCMqzes+F80k3QFJMAkGA1Ud
EwQCMAAwEwYDVR0lBAwwCgYIKwYBBQUHAwEwGQYDVR0RBBIwEIIOc2VydmVyLmV4
YW1wbGUwDQYJKoZIhvcNAQELBQADggEBAHvTBEN1ig8RrsT716Ginv4gGNX0LzGI
RrZ1jO7lm5emuaPNYJpGw0iX5Zdo91qGNXPZaZ75X3S55pQTActq3OPEBOll2pyk
iyjz+Zp/v5cfRZLlBbFW5gv2R94eibYr4U3fSn4B0yPcl4xH/l/HzJhGDsSDW8qK
8VIJvmvsPwmL0JMCv+FR59F+NFYZdND/KCXet59WUpF9ICmFCoBEX3EyJXEPwhbi
X2sdPzJbCjx0HLli8e0HUKNttLQxCsBTRGo6iISLLamwN47mGDa9miBADwGSiz2q
YeeuLO02zToHhnQ6KbPXOrQAqcL1kngO4g+j/ru+4AZThFkdkGnltvk=
-----END CERTIFICATE-----
subject=CN=server.example
issuer=CN=Root CA
---
No client certificate CA names sent
Peer signing digest: SHA256
Peer signature type: rsa_pss_rsae_sha256
Negotiated TLS1.3 group: X25519MLKEM768
---
SSL handshake has read 2546 bytes and written 1702 bytes
Verification error: unable to verify the first certificate
---
New, TLSv1.3, Cipher is TLS_AES_256_GCM_SHA384
Protocol: TLSv1.3
Server public key is 2048 bit
This TLS version forbids renegotiation.
Compression: NONE
Expansion: NONE
No ALPN negotiated
Early data was not sent
Verify return code: 21 (unable to verify the first certificate)
---
>>> TLS 1.2, RecordHeader [length 0005]
    17 03 03 00 13
>>> TLS 1.2, InnerContent [length 0001]
    15
>>> TLS 1.3, Alert [length 0002], warning close_notify
    01 00
Connecting to 127.0.0.1
SSL_connect:before SSL initialization
SSL_connect:SSLv3/TLS write client hello
SSL_connect:SSLv3/TLS write client hello
SSL_connect:SSLv3/TLS read server hello
SSL_connect:SSLv3/TLS write change cipher spec
SSL_connect:SSLv3/TLS write client hello
SSL_connect:SSLv3/TLS write client hello
SSL_connect:SSLv3/TLS read server hello
Can't use SSL_get_servername
SSL_connect:TLSv1.3 read encrypted extensions
depth=0 CN=server.example
verify error:num=20:unable to get local issuer certificate
verify return:1
depth=0 CN=server.example
verify error:num=21:unable to verify the first certificate
verify return:1
depth=0 CN=server.example
verify return:1
SSL_connect:SSLv3/TLS read server certificate
SSL_connect:TLSv1.3 read server certificate verify
SSL_connect:SSLv3/TLS read finished
SSL_connect:SSLv3/TLS write finished
DONE
SSL3 alert write:warning:close notify
