CONNECTED(00000003)
>>> TLS 1.0, RecordHeader [length 0005]
    16 03 01 00 d6
>>> TLS 1.3, Handshake [length 00d6], ClientHello
    01 00 00 d2 03 03 ee da df 2e 10 a1 2a b2 98 4c
    b2 5d 4a 46 9c 06 35 a6 b2 b3 f7 0a fa 41 6c 80
    4a d1 e6 cc a5 9d 20 c7 ac 8d 27 6e 9d 36 6e 9f
    88 a0 4e de 53 f2 69 38 54 56 e9 b5 54 4b 11 87
    ee d2 4a e0 39 38 6e 00 06 13 02 13 03 13 01 01
    00 00 83 00 0b 00 04 03 00 01 02 00 0a 00 06 00
    04 11 ec 00 1d 00 23 00 00 00 16 00 00 00 17 00
    00 00 0d 00 2a 00 28 09 05 09 06 09 04 04 03 05
    03 06 03 08 07 08 08 08 1a 08 1b 08 1c 08 09 08
    0a 08 0b 08 04 08 05 08 06 04 01 05 01 06 01 00
    2b 00 03 02 03 04 00 2d 00 02 01 01 00 33 00 26
    00 24 00 1d 00 20 81 d5 42 c7 81 d8 dd e3 f6 c9
    68 40 1e b5 e9 b3 91 1b 4b 33 3f 91 76 2c 29 38
    27 e6 f8 cf 0e 04
<<< TLS 1.2, RecordHeader [length 0005]
    16 03 03 00 58
<<< TLS 1.3, Handshake [length 0058], ServerHello
    02 00 00 54 03 03 cf 21 ad 74 e5 9a 61 11 be 1d
    8c 02 1e 65 b8 91 c2 a2 11 16 7a bb 8c 5e 07 9e
    09 e2 c8 a8 33 9c 20 c7 ac 8d 27 6e 9d 36 6e 9f
    88 a0 4e de 53 f2 69 38 54 56 e9 b5 54 4b 11 87
    ee d2 4a e0 39 38 6e 13 02 00 00 0c 00 2b 00 02
    03 04 00 33 00 02 11 ec
>>> TLS 1.2, RecordHeader [length 0005]
    14 03 03 00 01
>>> TLS 1.3, ChangeCipherSpec [length 0001]
    01
>>> TLS 1.2, RecordHeader [length 0005]
    16 03 03 05 76
>>> TLS 1.3, Handshake [length 0576], ClientHello
    01 00 05 72 03 03 ee da df 2e 10 a1 2a b2 98 4c
    b2 5d 4a 46 9c 06 35 a6 b2 b3 f7 0a fa 41 6c 80
    4a d1 e6 cc a5 9d 20 c7 ac 8d 27 6e 9d 36 6e 9f
    88 a0 4e de 53 f2 69 38 54 56 e9 b5 54 4b 11 87
    ee d2 4a e0 39 38 6e 00 06 13 02 13 03 13 01 01
    00 05 23 00 0b 00 04 03 00 01 02 00 0a 00 06 00
    04 11 ec 00 1d 00 23 00 00 00 16 00 00 00 17 00
    00 00 0d 00 2a 00 28 09 05 09 06 09 04 04 03 05
    03 06 03 08 07 08 08 08 1a 08 1b 08 1c 08 09 08
    0a 08 0b 08 04 08 05 08 06 04 01 05 01 06 01 00
    2b 00 03 02 03 04 00 2d 00 02 01 01 00 33 04 c6
    04 c4 11 ec 04 c0 d2 74 85 22 04 13 58 d2 46 db
    a9 55 d9 24 94 67 0a 02 5e 75 c1 cd 88 21 18 83
    8f f1 37 11 e5 8a 4a 36 8b 85 4a 60 08 da 39 c5
    4f 6c be b3 38 5a 90 c6 87 8a 9b ac c9 4c 66 b1
    17 1f 96 e7 7c 91 64 29 70 5c b8 be ca a3 01 b1
    21 19 1b 09 13 e6 62 b2 b3 2d 14 43 69 46 d6 9b
    54 a4 b7 a8 90 30 da 2b 17 53 76 cc 82 41 83 0f
    b1 cf 3d 35 5c 56 74 93 2b 47 5f ce d7 63 46 05
    84 94 b9 66 08 c4 cd 36 a5 2d a5 5c 55 7e c1 34
    f3 57 2a fc f9 26 46 28 35 32 9c 18 ad e7 25 bb
    01 a7 ed 69 be 34 0b 0b 8b 78 44 2b d6 a4 09 52
    cc b6 63 99 41 b9 43 4d f4 66 5c 7a 12 41 c4 9c
    2b fc 32 03 cc 78 8c 03 06 9a d8 a4 cf f2 cf 7f
    ec 4b fa 69 3f 2c fb a4 58 66 a0 dd e2 75 51 10
    5c 66 31 04 ae 2a 9b 7c 7b 4f ac 60 a4 7c 84 96
    ce 3b b7 e7 71 c9 57 2c 91 7b 57 0c 03 96 a3 9e
    61 52 fc 73 cc 11 88 8d ae 65 22 e9 04 5a f5 38
    41 f1 a4 52 94 a3 39 b4 d7 3e 22 45 35 78 0b b0
    72 ea 0d f2 29 8a 6c 5a c9 3a 61 26 d4 73 73 15
    61 a7 b7 c0 67 5f 99 c7 ce cb 02 51 3c 63 cb b4
    c9 04 86 89 2d 7a ba 31 15 79 e9 b7 7c 1b a7 19
    c7 20 4b 3f 48 60 fb d8 3e 6a 10 bd 19 85 14 b0
    c2 12 f0 85 71 4c 57 9d 3d 4c c8 83 ab 96 cd e3
    03 9f 6b 4c 34 20 39 2d 95 5a 2d 35 1d 1a 90 53
    f8 89 b1 6e 90 7f 77 5a c1 63 96 95 a7 c6 46 51
    cb 29 33 21 3e 0e cc 92 67 b4 b9 0c 12 c9 e9 a6
    77 49 c0 c9 f8 2c 28 7a fc ce 70 c6 cd 3c 4b 36
    e6 c1 4f 51 a3 60 25 d3 20 80 15 5b 5b fa 16 73
    8a 8c 93 ac 03 45 50 49 38 e7 bf 6b f8 96 a5 b8
    51 ea 10 ae c0 58 1d ee 96 14 1f a9 49 92 89 2f
    52 7a ad f3 a9 83 e3 4c 1e bb 7b 06 9f a6 0f 28
    48 38 61 96 b1 2a 95 9a f5 77 9f 8e 80 a6 16 e9
    5b 91 c2 82 43 8a a2 5c 82 43 57 52 05 30 bc be
    11 25 4f b6 41 a7 39 2b ce 24 c0 06 75 fb a7 74
    50 a5 11 92 9f 62 f4 8f a0 0a 7c 88 c8 46 62 72
    a2 ea 73 78 73 a0 10 60 64 88 12 da cd 4c e7 c8
    f5 6c 7d 77 75 22 73 28 b4 f8 ec 13 d3 82 9c c9
    5b 3d eb 98 9c ee d4 7b 79 23 a0 c2 9b 2b 90 a5
    9b 35 e5 38 0f 18 90 52 01 94 95 ca 18 f1 d2 c2
    28 69 20 4a c3 a8 b2 91 07 77 14 b5 a0 0b 7f 80
    59 08 3e 14 05 8d c2 85 9a 48 49 18 68 a7 9f 23
    09 f1 c9 bd a7 72 4b 80 c8 35 21 7b 04 be a9 aa
    a0 34 5d cd 92 4e fd ec 9f eb 47 c9 e9 25 46 e2
    39 a9 f3 44 81 df 84 a2 c6 72 77 33 41 07 be f5
    5e f5 f8 8a ff 2b 78 93 d6 90 f7 50 8d 8b e3 40
    15 e2 b5 c2 14 54 11 a1 a0 a9 c1 c9 72 5a 35 ce
    e2 5f 61 f3 a2 c4 e5 5b c4 7a 47 e6 d4 38 f5 a9
    41 b1 27 62 c0 ba 38 4f 63 57 78 19 2c 8d 31 a3
    d1 53 2f 49 37 59 f7 a8 8c 28 38 ab b4 38 40 23
    a8 42 12 78 99 8a da b9 41 93 7b 6a 8b a3 48 b2
    c0 3b 28 c6 2f 6c a4 6f 91 3a d3 13 a7 74 f7 50
    41 9b c8 60 08 b5 0f 71 99 14 c0 40 7d 50 6d 8b
    e4 60 c5 2c 8b e9 f0 96 a8 d2 94 fd c8 36 e5 01
    87 7d 00 d0 95 93 17 85 37 7e 0a 75 77 22 4b 14
    58 c9 75 06 95 99 f7 7a cc b8 b0 91 b2 74 0c 6c
    86 4d 23 19 2b 42 55 28 c2 b8 b9 9f bc 61 0b a0
    3f 01 6a 38 36 7a c1 b6 22 9b 01 27 64 e3 64 36
    ba d4 cc ab 5c ab f4 17 52 cf 32 1d bd 88 cd f1
    30 3a 8d f9 47 01 19 2f b2 e8 71 98 8b c5 a0 08
    3c d7 34 74 ed d4 c8 02 c2 0a 09 64 be 53 15 12
    da e6 b5 1f 25 24 a9 cb a9 27 61 b9 a3 59 21 6e
    e9 99 6a bb a0 8f e1 1f e8 56 19 60 85 01 8c 8c
    18 3c 14 41 2c 90 85 51 02 6b 0d 69 9c af 8a 1c
    a3 95 c3 89 88 7e d7 b5 a3 70 e9 bd 65 43 87 84
    79 4a c6 54 c2 5a 71 b5 a5 02 b5 8d 06 1f 23 f7
    81 64 96 97 48 c8 68 4a 94 6d 66 44 66 bf 79 b4
    13 82 c1 28 89 5a 83 60 28 0e 34 2a 08 d2 87 2c
    e4 8f d6 f8 ab cd 52 a9 59 62 26 f0 75 20 ba 48
    6c 28 a1 0e ee 01 5c 73 82 58 11 aa ad b7 06 0e
    7f 6a 0b ae 25 c7 ae 3c c9 3f d0 9c ef 4b 1e 31
    bb 22 c4 ba 87 68 e7 cb c2 57 0d 4e a0 9d f8 36
    59 06 1a 34 bb c3 25 f6 5b bd 08 04 b7 c3 36 58
    8f 74 6a bc 3c 3d 68 18 84 23 25 d1 01 47 14 c2
    08 07 99 14 47 7a e7 7f ce f3 df f2 c0 a1 fb 4e
    f7 85 51 8f 21 2f 7c f8 95 9e ae 57 52 59 4d 3c
    a5 bb de 09 ba 3a 61 98 29 10 13 dd fa 9c 65 82
    4b b8 bc 79 25 7f
<<< TLS 1.2, RecordHeader [length 0005]
    14 03 03 00 01
<<< TLS 1.3, ChangeCipherSpec [length 0001]
    01
<<< TLS 1.2, RecordHeader [length 0005]
    16 03 03 04 ba
<<< TLS 1.3, Handshake [length 04ba], ServerHello
    02 00 04 b6 03 03 71 26 0e 36 81 fd 14 b4 50 36
    9e d4 15 e8 79 06 6c cd e8 f9 f1 b8 af 9d 08 dc
    e4 a7 6f a6 74 ed 20 c7 ac 8d 27 6e 9d 36 6e 9f
    88 a0 4e de 53 f2 69 38 54 56 e9 b5 54 4b 11 87
    ee d2 4a e0 39 38 6e 13 02 00 04 6e 00 2b 00 02
    03 04 00 33 04 64 11 ec 04 60 d3 09 61 a5 0d c1
    69 9d fd 7a 1e 59 ae 72 69 eb 32 38 2f 04 1b da
    7e 65 28 83 d2 7b a9 03 f5 0a f7 fa b4 b6 7e 90
    a3 69 d3 60 ec 59 1a f4 46 84 a0 b4 f5 7b 4a 0f
    53 27 6f 52 31 fc 9a f2 30 17 5a 84 c9 1e 9f 1c
    8d c2 9f 7e 4f eb 14 9a 6e 5f cc bb 2e 42 9b 69
    fc d6 38 ea 0e 1d 3b d6 c2 98 61 ce e9 95 5c 5e
    9e 2a 77 d3 e7 e7 27 e1 9b 3f f8 b5 ac 40 6a 1c
    4c 1e 80 83 66 60 8c ad 74 f6 56 2e 33 08 20 f1
    04 f3 a2 c1 a4 7e 12 da 61 14 99 45 06 45 e6 9c
    77 40 34 f5 24 bb 86 17 a1 7c 53 fc 0b dd 45 8c
    5a d3 a0 4c 35 e0 43 25 a9 8c c5 71 8b 61 af fc
    8c 70 fc e4 88 4c 59 33 ed ef 02 10 09 63 2e 6d
    62 53 ed 71 2d 68 60 24 1d 9e 1d 9f ea b3 a9 f1
    1b 07 a6 d3 81 52 f4 d0 b6 9b 41 e3 0b 1d 4b 86
    50 33 5c fc ab a0 e8 9a 63 8f 1d d2 7e ed a0 19
    f6 f5 2c ff 82 e9 71 5e 09 a5 59 23 89 a2 1f c0
    59 73 c9 05 e4 63 38 87 86 ec d0 88 93 f3 e6 4a
    3e 1a 6d a9 0f 9e b9 72 0b 02 20 d3 2e d5 de f8
    30 8b ba 6c d9 53 af aa 05 59 ab b0 01 d5 72 5d
    ce 50 4d 22 8c da 6d 7c 9a 41 e4 7c a1 a6 b8 f1
    14 7b b1 d4 2c 93 1b 5c d6 01 e9 62 45 75 39 58
    26 44 de d7 a9 5f 2a 95 a5 8c 41 32 41 ea 76 78
    4f 13 1c 41 9d ec 1c f6 06 01 d5 b9 7e 21 1c 25
    7e 22 40 3d 95 e1 37 25 16 12 a8 68 1e 1b d2 f5
    27 f8 0c 6a 64 1b 0e 1d d3 c7 9d b8 a4 95 95 19
    87 62 2b d1 0d 3a 34 97 f1 80 10 37 5f aa 3a 87
    fa 1e ea 8b 16 cc 43 a4 d8 26 33 f3 e8 b2 ea fe
    a7 00 3e 36 c5 e9 c2 ba be 9d 54 a5 73 13 9d a6
    e4 74 90 36 4a 4c cb eb e1 01 97 91 7b 46 36 00
    09 89 75 7e 65 04 6a c0 ca 16 6f f7 f3 3d 90 4b
    01 e4 14 d5 89 24 40 66 c2 ff 6f 3f 55 88 e5 37
    d0 ef 3e 02 9c 00 f0 09 69 c0 d3 07 45 e6 13 95
    36 88 14 f4 c5 0a 30 7a ed 8e a2 7a d5 9b df f2
    67 3e c4 f8 32 68 d3 9b f2 c0 12 8f c6 48 13 6e
    59 fd 72 ae 10 30 b1 56 17 ea 2f 2d 98 5b 4b e4
    c1 8b cc 77 44 bf fd 44 c0 ca 97 5d ba 53 b4 5a
    16 e6 01 ca 79 a2 74 36 d5 d5 98 c0 c9 1d 11 71
    ac cb 11 6e b6 3f 4e 95 10 4f d0 a6 87 01 a2 42
    d1 43 95 f5 e4 cd 8a a3 f2 e1 9f 39 bd ad 2a a0
    79 3e 19 66 ed 7a 90 fb ab a8 4f c7 df c6 de 4b
    93 af 43 86 89 60 1c 4d ec 24 03 1d 80 78 fc 0e
    c0 48 31 09 f2 be 1c 2a 2b 2b 4c 1f ed 5a b3 5d
    69 1c 85 dd c2 ae 5e 42 c1 4c c1 0e 36 60 c8 0c
    a5 b7 d5 05 54 cc 7b 26 23 a6 8b 38 41 9a fe b7
    c2 2a 91 ff 9f 72 5f 62 54 82 14 e2 37 c0 4e 65
    3a 3d b8 80 fb 38 80 75 88 53 4e 85 5f 29 bd f6
    c4 e9 a8 14 5e 08 69 1f 61 70 32 44 be 5d a4 cb
    97 27 49 b1 14 f8 ed ef 65 58 80 2a f3 11 f1 cb
    2f bf 5c 4b 3c 8f da bf ab 3f 5d 1b b4 6e 4f 60
    96 c0 9d 7b 01 8b 63 e8 27 40 ad a2 32 2f b1 0d
    2c 39 c6 8e de e2 b9 15 a6 90 e1 fd 82 92 5c c9
    46 3f e4 4f 02 b8 5d cc e5 cf 4e 58 5f f3 ed ed
    b9 ce 06 e1 8d 10 93 f9 29 7c 31 d5 cb 77 38 db
    f4 ef f1 d7 c5 ac 70 3d fb b0 8e 6b 9a d8 58 c9
    08 1a f1 90 10 3d 72 39 b5 4d d5 35 e8 85 4e e2
    af 77 77 1c f1 ec 6b f3 ff 17 76 ff 35 7e c5 2e
    72 36 0b d7 fe 17 cb b3 4a 43 30 1e 3b d4 47 57
    3a e6 ab 3a 4b 3b a0 d0 e9 81 b7 69 14 20 9d 12
    54 c5 59 4e 2b e9 9f ac c4 a0 fa e9 e0 9e d4 c7
    43 31 a3 b9 3e 12 06 fa 1b e4 67 a0 d1 a7 29 e1
    4c a1 e9 e4 93 39 8f a3 7e 46 a9 d3 4d d5 f6 52
    50 70 76 92 a5 5e d1 f5 be d3 54 fb ae 6e db c9
    cb 0f b6 a6 75 25 fa 9b a3 4d 55 c8 8a a9 da 81
    18 39 48 13 8f 28 24 38 6a ff aa 3e 9f cd 1a f4
    08 ed ff 88 11 08 49 a0 0d f8 ad f6 1f e7 b7 57
    76 c4 80 6c d4 c6 58 4b 9f 8a 4d 64 fb 63 0f 6d
    3d 5a 69 d5 ea a4 a5 83 fe 47 ad 8a b7 e7 a5 bc
    a0 6d 6d 7d 51 72 f2 f7 e7 de 42 ff ad 59 59 94
    89 e8 d7 ab 36 82 7c 01 35 20 2a bb 2a 7b 79 a6
    d1 26 a8 b7 a9 ce 44 99 69 62
<<< TLS 1.2, RecordHeader [length 0005]
    17 03 03 00 17
<<< TLS 1.3, InnerContent [length 0001]
    16
<<< TLS 1.3, Handshake [length 0006], EncryptedExtensions
    08 00 00 02 00 00
<<< TLS 1.2, RecordHeader [length 0005]
    17 03 03 03 47
<<< TLS 1.3, InnerContent [length 0001]
    16
<<< TLS 1.3, Handshake [length 0336], Certificate
    0b 00 03 32 00 00 03 2e 00 03 29 30 82 03 25 30
    82 02 0d a0 03 02 01 02 02 01 02 30 0d 06 09 2a
    86 48 86 f7 0d 01 01 0b 05 00 30 12 31 10 30 0e
    06 03 55 04 03 0c 07 52 6f 6f 74 20 43 41 30 20
    17 0d 31 36 30 31 31 34 32 32 32 39 34 36 5a 18
    0f 32 31 31 36 30 31 31 35 32 32 32 39 34 36 5a
    30 19 31 17 30 15 06 03 55 04 03 0c 0e 73 65 72
    76 65 72 2e 65 78 61 6d 70 6c 65 30 82 01 22 30
    0d 06 09 2a 86 48 86 f7 0d 01 01 01 05 00 03 82
    01 0f 00 30 82 01 0a 02 82 01 01 00 d5 5d 60 6a
    df fc 61 ee 48 aa 8c 11 48 43 a5 6d b6 52 5d aa
    98 49 b1 61 92 35 b1 fc 3a 04 25 0c 6d 79 ff b4
    d5 c9 e9 5c 1c 3b e0 ab b3 b8 7d a3 de 6d bd e0
    dd d7 5a bf 14 47 11 42 5e a6 82 d0 61 c1 7f dd
    13 46 e6 09 85 07 0e f2 d4 fc 1a 64 d2 0a ad 20
    ab 20 6b 96 f0 ad cc c4 19 53 55 dc 01 1d a4 b3
    ef 8a b4 49 53 5d 8a 05 1c f1 dc e1 44 bf c5 d7
    e2 77 19 57 5c 97 0b 75 ee 88 43 71 0f ca 6c c1
    b4 b2 50 a7 77 46 6c 58 0f 11 bf f1 76 24 5a ae
    39 42 b7 51 67 29 e1 d0 55 30 6f 17 e4 91 ea ad
    f8 28 c2 43 6f a2 64 a9 fb 9d 98 92 62 48 3e eb
    0d 4f 82 4a 8a ff 3f 72 ee 96 b5 ae a1 c1 98 ba
    ef 7d 90 75 6d ff 5a 52 9e ab f5 c0 7e d0 87 43
    db 85 07 07 0f 7d 38 7a fd d1 d3 ee 65 1d d3 ea
    39 6a 87 37 ee 4a d3 e0 0d 6e f5 70 ac c2 bd f1
    6e f3 92 95 5e a9 f0 a1 65 95 93 8d 02 03 01 00
    01 a3 7d 30 7b 30 1d 06 03 55 1d 0e 04 16 04 14
    c0 e7 84 bf e8 59 27 33 10 b0 52 4f 51 52 2f 06
    d6 c0 7a cd 30 1f 06 03 55 1d 23 04 18 30 16 80
    14 70 7f 2e ae 83 68 59 98 04 23 2a cd eb 3e 17
    cd 24 dd 01 49 30 09 06 03 55 1d 13 04 02 30 00
    30 13 06 03 55 1d 25 04 0c 30 0a 06 08 2b 06 01
    05 05 07 03 01 30 19 06 03 55 1d 11 04 12 30 10
    82 0e 73 65 72 76 65 72 2e 65 78 61 6d 70 6c 65
    30 0d 06 09 2a 86 48 86 f7 0d 01 01 0b 05 00 03
    82 01 01 00 7b d3 04 43 75 8a 0f 11 ae c4 fb d7
    a1 a2 9e fe 20 18 d5 f4 2f 31 88 46 b6 75 8c ee
    e5 9b 97 a6 b9 a3 cd 60 9a 46 c3 48 97 e5 97 68
    f7 5a 86 35 73 d9 69 9e f9 5f 74 b9 e6 94 13 01
    cb 6a dc e3 c4 04 e9 65 da 9c a4 8b 28 f3 f9 9a
    7f bf 97 1f 45 92 e5 05 b1 56 e6 0b f6 47 de 1e
    89 b6 2b e1 4d df 4a 7e 01 d3 23 dc 97 8c 47 fe
    5f c7 cc 98 46 0e c4 83 5b ca 8a f1 52 09 be 6b
    ec 3f 09 8b d0 93 02 bf e1 51 e7 d1 7e 34 56 19
    74 d0 ff 28 25 de b7 9f 56 52 91 7d 20 29 85 0a
    80 44 5f 71 32 25 71 0f c2 16 e2 5f 6b 1d 3f 32
    5b 0a 3c 74 1c b9 62 f1 ed 07 50 a3 6d b4 b4 31
    0a c0 53 44 6a 3a 88 84 8b 2d a9 b0 37 8e e6 18
    36 bd 9a 20 40 0f 01 92 8b 3d aa 61 e7 ae 2c ed
    36 cd 3a 07 86 74 3a 29 b3 d7 3a b4 00 a9 c2 f5
    92 78 0e e2 0f a3 fe bb be e0 06 53 84 59 1d 90
    69 e5 b6 f9 00 00
<<< TLS 1.2, RecordHeader [length 0005]
    17 03 03 01 19
<<< TLS 1.3, InnerContent [length 0001]
    16
<<< TLS 1.3, Handshake [length 0108], CertificateVerify
    0f 00 01 04 08 04 01 00 d4 e4 0e ac 41 14 8e 36
    8c f6 b2 7d d6 02 eb 21 be 46 ff 40 ad c3 8a e5
    5b 8b 3d cd 97 5b 20 d2 a3 04 18 07 40 e5 42 a8
    4a 55 f4 72 dd c4 9f 33 83 f7 ee 02 8c 04 5b e3
    a2 23 49 f8 92 6b 87 5b ae d0 f7 af 95 12 0e 6a
    c5 71 cd 78 ba 85 de 55 07 09 c7 b6 4d 7b 9d 18
    ac 3d 87 f3 c5 ce 4f dc 79 5b ba 8e a3 e1 6e d5
    0d 07 6f 14 0e 2d 0e 05 3c a1 ec 42 42 7d d2 75
    49 cf f1 9d 45 8f 65 94 b1 6d f6 4c 3f 53 4c ae
    0d 13 87 37 c8 c5 2e 8c 0e 9d 72 38 35 b6 ed ff
    1a 31 bf 7d 0e ec e7 af 55 f7 b6 bb 1d 6e 8e aa
    0e 34 c8 66 32 33 0b 69 fa 5e 09 d5 4f 94 e7 f3
    34 d8 80 86 05 71 4f 4c 21 64 7c e6 eb 54 e9 ec
    61 7b 01 38 56 c7 46 40 b5 10 4a 71 f8 14 1d b7
    90 d9 a5 24 00 a7 9e f1 07 b3 d9 01 5e 95 ad c1
    11 58 02 bd e9 74 95 e4 d9 d8 cd 6b b8 01 0a 13
    a0 1b b9 32 14 d1 33 f4
<<< TLS 1.2, RecordHeader [length 0005]
    17 03 03 00 45
<<< TLS 1.3, InnerContent [length 0001]
    16
<<< TLS 1.3, Handshake [length 0034], Finished
    14 00 00 30 ac 97 3a c3 60 62 c8 46 ed 1b a6 2c
    85 82 47 43 89 3b 3a 0b 7c 81 bb 10 fe 91 b0 91
    2f 39 60 13 aa b5 ce db c0 de 9c 36 19 e7 57 05
    8c 60 66 34
>>> TLS 1.2, RecordHeader [length 0005]
    17 03 03 00 45
>>> TLS 1.2, InnerContent [length 0001]
    16
>>> TLS 1.3, Handshake [length 0034], Finished
    14 00 00 30 be c1 9a 50 97 98 60 e5 97 1e cd 94
    b9 bc 2c d9 c4 06 20 1a cd 7a 13 56 4f 7f 2c 08
    ed f4 30 eb 80 7c f9 c0 57 ad 1c 3f b8 95 a3 15
    7e b8 87 71
---
Certificate chain
 0 s:CN=server.example
   i:CN=Root CA
   a:PKEY: RSA, 2048 (bit); sigalg: sha256WithRSAEncryption
   v:NotBefore: Jan 14 22:29:46 2016 GMT; NotAfter: Jan 15 22:29:46 2116 GMT
---
Server certificate
-----BEGIN CERTIFICATE-----
MIIDJTCCAg2gAwIBAgIBAjANBgkqhkiG9w0BAQsFADASMRAwDgYDVQQDDAdSb290
IENBMCAXDTE2MDExNDIyMjk0NloYDzIxMTYwMTE1MjIyOTQ2WjAZMRcwFQYDVQQD
DA5zZXJ2ZXIuZXhhbXBsZTCCASIwDQYJKoZIhvcNAQEBBQADggEPADCCAQoCggEB
ANVdYGrf/GHuSKqMEUhDpW22Ul2qmEmxYZI1sfw6BCUMbXn/tNXJ6VwcO+Crs7h9
o95tveDd11q/FEcRQl6mgtBhwX/dE0bmCYUHDvLU/Bpk0gqtIKsga5bwrczEGVNV
3AEdpLPvirRJU12KBRzx3OFEv8XX4ncZV1yXC3XuiENxD8pswbSyUKd3RmxYDxG/
8XYkWq45QrdRZynh0FUwbxfkkeqt+CjCQ2+iZKn7nZiSYkg+6w1PgkqK/z9y7pa1
rqHBmLrvfZB1bf9aUp6r9cB+0IdD24UHBw99OHr90dPuZR3T6jlqhzfuStPgDW71
cKzCvfFu85KVXqnwoWWVk40CAwEAAaN9MHswHQYDVR0OBBYEFMDnhL/oWSczELBS
T1FSLwbWwHrNMB8GA1UdIwQYMBaAFHB/Lq6DaFmYBCMqzes+F80k3QFJMAkGA1Ud
EwQCMAAwEwYDVR0lBAwwCgYIKwYBBQUHAwEwGQYDVR0RBBIwEIIOc2VydmVyLmV4
YW1wbGUwDQYJKoZIhvcNAQELBQADggEBAHvTBEN1ig8RrsT716Ginv4gGNX0LzGI
RrZ1jO7lm5emuaPNYJpGw0iX5Zdo91qGNXPZaZ75X3S55pQTActq3OPEBOll2pyk
iyjz+Zp/v5cfRZLlBbFW5gv2R94eibYr4U3fSn4B0yPcl4xH/l/HzJhGDsSDW8qK
8VIJvmvsPwmL0JMCv+FR59F+NFYZdND/KCXet59WUpF9ICmFCoBEX3EyJXEPwhbi
X2sdPzJbCjx0HLli8e0HUKNttLQxCsBTRGo6iISLLamwN47mGDa9miBADwGSiz2q
YeeuLO02zToHhnQ6KbPXOrQAqcL1kngO4g+j/ru+4AZThFkdkGnltvk=
-----END CERTIFICATE-----
subject=CN=server.example
issuer=CN=Root CA
---
No client certificate CA names sent
Peer signing digest: SHA256
Peer signature type: rsa_pss_rsae_sha256
Negotiated TLS1.3 group: X25519MLKEM768
---
SSL handshake has read 2546 bytes and written 1702 bytes
Verification error: unable to verify the first certificate
---
New, TLSv1.3, Cipher is TLS_AES_256_GCM_SHA384
Protocol: TLSv1.3
Server public key is 2048 bit
This TLS version forbids renegotiation.
Compression: NONE
Expansion: NONE
No ALPN negotiated
Early data was not sent
Verify return code: 21 (unable to verify the first certificate)
---
<<< TLS 1.2, RecordHeader [length 0005]
    17 03 03 00 fa
<<< TLS 1.3, InnerContent [length 0001]
    16
<<< TLS 1.3, Handshake [length 00e9], NewSessionTicket
    04 00 00 e5 00 00 1c 20 91 12 94 e4 08 00 00 00
    00 00 00 00 00 00 d0 71 10 bb 2b 5a b0 7f 06 e7
    9d 83 73 a9 60 91 49 9d 94 85 8e ee 2a a3 25 f3
    5f 1d aa 34 b5 2b 9a 30 c2 c4 e7 c1 c4 77 29 0e
    2c 4a 3c a1 d0 6a d1 22 af 8a ba 1d 0d 9b 53 42
    12 b6 e0 62 61 ea b1 68 1e 10 ed 3b f4 3f 87 b2
    de a8 35 21 19 ff 6f 75 d3 f3 9d 88 89 7c 58 d8
    0a 31 7b 1b ba d0 d8 f5 d0 ca 05 d2 18 da b0 fc
    2e 08 25 2f 4e 02 ac 36 03 a4 93 d6 d2 5d 6b 03
    b8 45 9b ff 9d 18 b2 44 c9 fa 7e 97 c9 5b 7d 4b
    ec ed 9b f0 78 9e 82 7c 24 df f8 e5 ae 40 c3 43
    0b 22 bc 81 d5 93 85 3d 35 af 96 3f 4e c3 cc c0
    9b 09 84 b8 f7 6f 69 f5 06 ef 6d 03 69 dc 9b df
    61 67 89 1d 22 88 04 bf 08 83 0a 34 f1 0f ea bf
    8f a1 99 2c 5c 98 df 00 00
---
Post-Handshake New Session Ticket arrived:
SSL-Session:
    Protocol  : TLSv1.3
    Cipher    : TLS_AES_256_GCM_SHA384
    Session-ID: 7BFFAEFB06A70745CBD0FC57CBB798CC1FF490F2199D9FD93E251597323CE2A6
    Session-ID-ctx: 
    Resumption PSK: B197E5DA5CDCEBF5BFB110937FDFF08E0D97F6A7F8C115471141650F4E6AC8873A7C3473ECDDE8E84F332184BA9563AF
    PSK identity: None
    PSK identity hint: None
    SRP username: None
    TLS session ticket lifetime hint: 7200 (seconds)
    TLS session ticket:
    0000 - 71 10 bb 2b 5a b0 7f 06-e7 9d 83 73 a9 60 91 49   q..+Z......s.`.I
    0010 - 9d 94 85 8e ee 2a a3 25-f3 5f 1d aa 34 b5 2b 9a   .....*.%._..4.+.
    0020 - 30 c2 c4 e7 c1 c4 77 29-0e 2c 4a 3c a1 d0 6a d1   0.....w).,J<..j.
    0030 - 22 af 8a ba 1d 0d 9b 53-42 12 b6 e0 62 61 ea b1   "......SB...ba..
    0040 - 68 1e 10 ed 3b f4 3f 87-b2 de a8 35 21 19 ff 6f   h...;.?....5!..o
    0050 - 75 d3 f3 9d 88 89 7c 58-d8 0a 31 7b 1b ba d0 d8   u.....|X..1{....
    0060 - f5 d0 ca 05 d2 18 da b0-fc 2e 08 25 2f 4e 02 ac   ...........%/N..
    0070 - 36 03 a4 93 d6 d2 5d 6b-03 b8 45 9b ff 9d 18 b2   6.....]k..E.....
    0080 - 44 c9 fa 7e 97 c9 5b 7d-4b ec ed 9b f0 78 9e 82   D..~..[}K....x..
    0090 - 7c 24 df f8 e5 ae 40 c3-43 0b 22 bc 81 d5 93 85   |$....@.C.".....
    00a0 - 3d 35 af 96 3f 4e c3 cc-c0 9b 09 84 b8 f7 6f 69   =5..?N........oi
    00b0 - f5 06 ef 6d 03 69 dc 9b-df 61 67 89 1d 22 88 04   ...m.i...ag.."..
    00c0 - bf 08 83 0a 34 f1 0f ea-bf 8f a1 99 2c 5c 98 df   ....4.......,\..

    Start Time: 1790647766
    Timeout   : 7200 (sec)
    Verify return code: 21 (unable to verify the first certificate)
    Extended master secret: no
    Max Early Data: 0
---
read R BLOCK
<<< TLS 1.2, RecordHeader [length 0005]
    17 03 03 00 fa
<<< TLS 1.3, InnerContent [length 0001]
    16
<<< TLS 1.3, Handshake [length 00e9], NewSessionTicket
    04 00 00 e5 00 00 1c 20 a1 d6 d5 20 08 00 00 00
    00 00 00 00 01 00 d0 71 10 bb 2b 5a b0 7f 06 e7
    9d 83 73 a9 60 91 49 83 38 64 ec 70 7c d6 9b d8
    a2 a7 bf 0c e0 67 3f 7c f3 66 44 03 df af 2b 58
    29 61 6e 4c 35 e1 5e 5b 54 d5 09 8c 00 42 e4 41
    d7 85 85 e6 85 02 d6 67 f4 53 05 c3 81 ac 4b 9c
    e1 f5 83 2c 5a 99 0f 23 74 d7 0e f8 2f b1 16 e9
    4c 32 76 1c 89 13 be fd 84 ab 17 08 12 65 31 5d
    ff e3 dc dd ce ff 8c 99 f5 33 9b 81 54 b8 33 b1
    c4 34 33 7e f4 d4 43 88 23 22 ad 9f 94 e7 84 ca
    31 bb 42 8a 91 37 33 94 88 c7 3a e7 ec 19 40 5d
    d4 e9 bd 77 da 3e 61 7e ff 7d 6f 95 1a c3 cd f2
    18 50 b1 8c 35 7c fe 37 2b 41 62 31 f4 b8 01 e7
    04 1e 68 d5 50 5e e2 98 3b 23 f2 96 cf 57 84 7d
    7a 30 94 77 60 55 6e 00 00
---
Post-Handshake New Session Ticket arrived:
SSL-Session:
    Protocol  : TLSv1.3
    Cipher    : TLS_AES_256_GCM_SHA384
    Session-ID: 411C4C76A50195CEABE68736730E5BE97D2197CB464468F1D0574B3AA81C480A
    Session-ID-ctx: 
    Resumption PSK: 18157C88B0DF8CC1299F9EC0A10789D4B333CCB610A7DB242884DEAE21DEC18854ABA3EBF71A61C1451E6D4A66393BE0
    PSK identity: None
    PSK identity hint: None
    SRP username: None
    TLS session ticket lifetime hint: 7200 (seconds)
    TLS session ticket:
    0000 - 71 10 bb 2b 5a b0 7f 06-e7 9d 83 73 a9 60 91 49   q..+Z......s.`.I
    0010 - 83 38 64 ec 70 7c d6 9b-d8 a2 a7 bf 0c e0 67 3f   .8d.p|........g?
    0020 - 7c f3 66 44 03 df af 2b-58 29 61 6e 4c 35 e1 5e   |.fD...+X)anL5.^
    0030 - 5b 54 d5 09 8c 00 42 e4-41 d7 85 85 e6 85 02 d6   [T....B.A.......
    0040 - 67 f4 53 05 c3 81 ac 4b-9c e1 f5 83 2c 5a 99 0f   g.S....K....,Z..
    0050 - 23 74 d7 0e f8 2f b1 16-e9 4c 32 76 1c 89 13 be   #t.../...L2v....
    0060 - fd 84 ab 17 08 12 65 31-5d ff e3 dc dd ce ff 8c   ......e1].......
    0070 - 99 f5 33 9b 81 54 b8 33-b1 c4 34 33 7e f4 d4 43   ..3..T.3..43~..C
    0080 - 88 23 22 ad 9f 94 e7 84-ca 31 bb 42 8a 91 37 33   .#"......1.B..73
    0090 - 94 88 c7 3a e7 ec 19 40-5d d4 e9 bd 77 da 3e 61   ...:...@]...w.>a
    00a0 - 7e ff 7d 6f 95 1a c3 cd-f2 18 50 b1 8c 35 7c fe   ~.}o......P..5|.
    00b0 - 37 2b 41 62 31 f4 b8 01-e7 04 1e 68 d5 50 5e e2   7+Ab1......h.P^.
    00c0 - 98 3b 23 f2 96 cf 57 84-7d 7a 30 94 77 60 55 6e   .;#...W.}z0.w`Un

    Start Time: 1790647766
    Timeout   : 7200 (sec)
    Verify return code: 21 (unable to verify the first certificate)
    Extended master secret: no
    Max Early Data: 0
---
read R BLOCK
>>> TLS 1.2, RecordHeader [length 0005]
    17 03 03 00 13
>>> TLS 1.2, InnerContent [length 0001]
    15
>>> TLS 1.3, Alert [length 0002], warning close_notify
    01 00
Connecting to 127.0.0.1
SSL_connect:before SSL initialization
SSL_connect:SSLv3/TLS write client hello
SSL_connect:SSLv3/TLS write client hello
SSL_connect:SSLv3/TLS read server hello
SSL_connect:SSLv3/TLS write change cipher spec
SSL_connect:SSLv3/TLS write client hello
SSL_connect:SSLv3/TLS write client hello
SSL_connect:SSLv3/TLS read server hello
Can't use SSL_get_servername
SSL_connect:TLSv1.3 read encrypted extensions
depth=0 CN=server.example
verify error:num=20:unable to get local issuer certificate
verify return:1
depth=0 CN=server.example
verify error:num=21:unable to verify the first certificate
verify return:1
depth=0 CN=server.example
verify return:1
SSL_connect:SSLv3/TLS read server certificate
SSL_connect:TLSv1.3 read server certificate verify
SSL_connect:SSLv3/TLS read finished
SSL_connect:SSLv3/TLS write finished
SSL_connect:SSL negotiation finished successfully
SSL_connect:SSL negotiation finished successfully
SSL_connect:SSLv3/TLS read server session ticket
SSL_connect:SSL negotiation finished successfully
SSL_connect:SSL negotiation finished successfully
SSL_connect:SSLv3/TLS read server session ticket
DONE
SSL3 alert write:warning:close notify
