CONNECTED(00000003)
>>> TLS 1.0, RecordHeader [length 0005]
    16 03 01 00 d6
>>> TLS 1.3, Handshake [length 00d6], ClientHello
    01 00 00 d2 03 03 67 d7 a1 50 57 83 0c 22 67 82
    33 30 25 6f a0 a2 7c 5b 27 a3 aa 82 33 67 52 12
    60 7a a1 59 06 0e 20 09 5e a5 35 00 66 a3 16 98
    e7 1e 4b c3 ee 5a 91 8e 9a f5 88 09 64 71 f2 e1
    49 f5 23 95 21 2a ca 00 06 13 02 13 03 13 01 01
    00 00 83 00 0b 00 04 03 00 01 02 00 0a 00 06 00
    04 11 ec 00 1d 00 23 00 00 00 16 00 00 00 17 00
    00 00 0d 00 2a 00 28 09 05 09 06 09 04 04 03 05
    03 06 03 08 07 08 08 08 1a 08 1b 08 1c 08 09 08
    0a 08 0b 08 04 08 05 08 06 04 01 05 01 06 01 00
    2b 00 03 02 03 04 00 2d 00 02 01 01 00 33 00 26
    00 24 00 1d 00 20 c9 41 a0 a8 e5 1d 3b 2c 24 0f
    64 b4 c9 af 06 d4 0b af 96 be a3 ba e3 6f 22 ed
    b1 e1 30 4a 87 39
<<< TLS 1.2, RecordHeader [length 0005]
    16 03 03 00 58
<<< TLS 1.3, Handshake [length 0058], ServerHello
    02 00 00 54 03 03 cf 21 ad 74 e5 9a 61 11 be 1d
    8c 02 1e 65 b8 91 c2 a2 11 16 7a bb 8c 5e 07 9e
    09 e2 c8 a8 33 9c 20 09 5e a5 35 00 66 a3 16 98
    e7 1e 4b c3 ee 5a 91 8e 9a f5 88 09 64 71 f2 e1
    49 f5 23 95 21 2a ca 13 02 00 00 0c 00 2b 00 02
    03 04 00 33 00 02 11 ec
>>> TLS 1.2, RecordHeader [length 0005]
    14 03 03 00 01
>>> TLS 1.3, ChangeCipherSpec [length 0001]
    01
>>> TLS 1.2, RecordHeader [length 0005]
    16 03 03 05 76
>>> TLS 1.3, Handshake [length 0576], ClientHello
    01 00 05 72 03 03 67 d7 a1 50 57 83 0c 22 67 82
    33 30 25 6f a0 a2 7c 5b 27 a3 aa 82 33 67 52 12
    60 7a a1 59 06 0e 20 09 5e a5 35 00 66 a3 16 98
    e7 1e 4b c3 ee 5a 91 8e 9a f5 88 09 64 71 f2 e1
    49 f5 23 95 21 2a ca 00 06 13 02 13 03 13 01 01
    00 05 23 00 0b 00 04 03 00 01 02 00 0a 00 06 00
    04 11 ec 00 1d 00 23 00 00 00 16 00 00 00 17 00
    00 00 0d 00 2a 00 28 09 05 09 06 09 04 04 03 05
    03 06 03 08 07 08 08 08 1a 08 1b 08 1c 08 09 08
    0a 08 0b 08 04 08 05 08 06 04 01 05 01 06 01 00
    2b 00 03 02 03 04 00 2d 00 02 01 01 00 33 04 c6
    04 c4 11 ec 04 c0 01 05 22 6e d0 1a bf 44 00 5c
    b4 98 05 27 0d 71 a7 81 72 95 ab 64 e2 c2 4c 7c
    1b a7 2b a0 83 21 6c 98 e5 99 89 5c 49 76 0a 1e
    af b7 27 5c 77 9f c1 e1 49 0c 3c b8 ed a0 1f dd
    56 9b a7 54 34 ec 74 ae c6 aa 05 19 29 90 e4 67
    44 d7 75 65 33 bc bb ad 0c 96 74 c9 07 8e b9 c8
    f4 83 84 56 c3 13 9f b9 0f 62 89 37 25 d0 07 18
    70 9d 6b 9a 42 41 da 1d a1 c0 12 1e 18 97 bc 14
    15 85 45 86 63 81 58 93 50 0a 29 92 36 fa a6 06
    04 d0 9e 2a f4 1f f7 c6 39 c2 31 6f 70 36 45 c2
    96 99 b7 7b 7a 7c 03 24 86 80 4e e7 9b 76 ec 68
    7e 2a 06 34 86 c0 a2 bc 27 04 2c 30 64 80 cb a8
    fd 62 59 40 8c 1a 10 f9 a7 9f e0 79 5b d8 14 f6
    cb 24 eb 0b 04 26 24 1c fe 6b 11 22 20 0e 0a c4
    b1 dc 24 46 2f 02 4c 47 31 aa 42 35 28 45 6b 9b
    4a b7 06 42 08 25 9f b7 35 8f 35 35 99 a2 b9 e1
    70 46 ff fa 16 28 5b 5d 04 2c be 55 e8 ba 41 08
    7a 16 70 54 f4 d0 08 7c d6 77 4d cc 73 9c 21 82
    88 db 01 db 13 47 69 23 8b d9 12 36 4c 26 20 0b
    ec 98 c4 9c 0a 99 c5 c6 57 36 30 a7 5c 6b 65 0b
    2b 57 c9 25 c3 3c 77 11 9a 0d 5e 42 0a e5 78 74
    53 b5 25 d9 e6 3c 88 f0 2c cd 8c 3d c9 ab 76 0a
    79 b0 2b 2b 85 a1 72 57 5b 8a c1 8c 36 8c e4 79
    71 37 90 4a 8d 17 7f 2d b7 ab b9 21 2d 90 d6 54
    f9 4a 52 2a b2 60 8b b1 1c 48 a9 85 71 18 76 34
    58 b1 5c d0 b2 96 39 9e ae 24 63 be 79 5b be 13
    92 ed 13 8f 90 e3 a5 6e 85 bf 4b 80 bd 65 15 14
    86 72 94 5c a1 62 b8 07 c0 44 78 92 18 a1 2d ae
    c3 a2 03 b7 bf 6e c1 c3 c0 bc 7e 8f f5 47 33 52
    29 f2 19 b2 d3 eb 53 04 82 a5 38 e5 8d 4f a3 91
    be 78 5f 0e e0 11 0e 4c a0 67 91 ca 0f c5 a6 35
    e3 1f 4c 7b ad 9d 14 51 e0 10 6c fa 1b bb fe 83
    25 33 c5 b4 2a 27 cc b4 20 98 fc a1 2a 1a 59 0e
    96 28 a3 cf 9b 31 a3 76 c9 44 1c 03 3b f9 5d ef
    41 50 48 f6 99 c2 55 1f f1 34 3f e5 a7 2a 06 4a
    29 45 35 97 90 ec ba 51 48 17 79 00 60 8f 99 36
    a6 49 5b 5b bb 9a e6 c6 70 4d e0 45 42 2c 73 f9
    00 4f 3a 07 40 eb 93 2c 3e b1 26 e3 6b 17 1e b0
    cc 1c 03 71 ed 73 9f de c9 ad a7 7b 0f 13 a2 71
    5b f7 68 05 c0 7c be f4 5f 61 e0 4d dc 45 5f b2
    2a 24 75 48 75 6a ea 5c af cc 8c c8 c0 6e c1 b0
    12 15 ea 28 2c 39 89 70 c5 c0 be f3 3e 8d da 51
    5d f9 59 06 92 6d e9 f3 ca fc 89 7e 1d 8c 8c 45
    06 60 d2 85 5d ad 5c 4a 4e 7c c2 d1 52 20 52 fc
    42 30 26 cf 23 a1 1c 8e 94 67 51 0a 1d e5 98 4d
    b9 06 35 44 21 51 69 31 75 87 17 c3 c3 99 a4 63
    c2 9a d7 82 67 f7 d1 73 45 a5 7c f0 f5 a5 9f e8
    38 f6 15 9f 3b 21 cf 46 46 7c 42 dc 1e 1f db 0f
    22 e8 96 0d 77 3a 8b c7 a3 61 e7 1e 1a ec 88 28
    35 9c aa c0 ac db d1 ad 68 e3 ab 35 09 46 a8 b3
    56 1d 57 61 94 b7 01 fd 51 2d e5 a6 14 91 5c 26
    07 a1 63 9e 97 2c be 95 5f 36 8b 51 95 78 2f 20
    0b 82 63 76 7f 40 a5 19 2b 76 a2 1b e7 3e 51 64
    2a 24 67 0a 7b c8 a8 62 d4 03 bb 43 7a 1e c4 ae
    75 08 30 f0 59 30 a9 90 1a e9 5a 31 6b 88 b0 b5
    68 8a 87 e8 6b d3 83 0d 47 17 ca 34 f7 94 8c 11
    9e b0 23 96 8b 58 98 ba 63 c7 1a 84 4d d0 90 71
    b0 92 27 43 a4 8a 05 39 53 2d 13 78 36 22 59 f1
    57 2f c6 85 83 17 d7 87 19 da ca b6 c6 4d b7 37
    20 d6 86 ce bf 70 1f 91 da 89 ee c6 bd 0e 0a 6a
    82 40 91 e0 64 cf 45 db a4 70 76 3b c4 c1 92 de
    05 75 bd 1b 24 bf 96 bb 06 23 ae 0d 67 07 d5 b9
    25 ed c6 af 01 91 bb 21 17 64 d5 54 4c 46 25 49
    14 97 ac 10 f7 23 84 66 4a fb 06 1c 63 8a 3a 53
    41 60 4c 66 bd 2f 76 a2 36 06 9c 49 f8 0a 7e 0c
    60 14 1c 97 03 b9 5b 5f 0c 49 dd d7 be 4d cb 79
    88 00 03 78 a9 81 75 81 4c 6a 13 be 24 72 0b e9
    29 c9 bd b8 6b 12 b8 20 b8 d2 06 b9 87 6f 6c 01
    68 6e f4 ce 17 59 bd 6c 84 94 bd f3 16 22 e3 66
    1d 45 22 78 89 01 a8 24 9a 57 63 67 e9 8a cb 44
    85 4a 4c bc 30 13 d1 39 8c 86 7c 9e 03 21 ce 5a
    3b 8d db 3b c3 46 27 63 07 68 c0 85 11 f4 31 7f
    3f 6c b3 d3 5b 85 3c 5c 9d e3 0f 5f 5b 4b 6b 64
    58 53 1c 12 20 60 d7 a3 33 8f 96 a0 6d b7 d0 28
    b1 4f ca d7 be e7 5a 37 c1 3a 39 05 5b 05 60 89
    89 82 cb 3a e9 ee 4e f0 a1 ed 2b fb 42 1e 9d f0
    6e f5 4a 0d 9c 59
<<< TLS 1.2, RecordHeader [length 0005]
    14 03 03 00 01
<<< TLS 1.3, ChangeCipherSpec [length 0001]
    01
<<< TLS 1.2, RecordHeader [length 0005]
    16 03 03 04 ba
<<< TLS 1.3, Handshake [length 04ba], ServerHello
    02 00 04 b6 03 03 e0 14 99 be 36 9d b4 34 79 40
    00 34 b8 76 bc d1 e3 2e be 34 db 05 a0 1f 78 00
    03 76 51 24 fb 16 20 09 5e a5 35 00 66 a3 16 98
    e7 1e 4b c3 ee 5a 91 8e 9a f5 88 09 64 71 f2 e1
    49 f5 23 95 21 2a ca 13 02 00 04 6e 00 2b 00 02
    03 04 00 33 04 64 11 ec 04 60 12 02 4f f3 b0 88
    f4 94 5e 21 d5 bb a9 ab 83 49 63 34 31 98 d5 9f
    4c 98 18 97 57 d6 4b 29 f2 c4 16 04 5d 88 37 41
    85 47 3a 4a 25 4e b0 29 39 1d b3 e3 6e e8 dc e8
    8e 14 be ad 0c ff 68 de 4e 21 46 d7 be 86 4e 48
    ba 27 d2 0c e0 9a 42 27 30 cf d7 94 51 88 6d 93
    3a aa 27 88 47 3f 0c 79 dc af 6c 52 1f 6d c7 b2
    2b d8 23 a0 e7 94 7d 00 bc 4b 2a 55 53 ac d1 65
    e8 4a 82 53 5b 4a 2c ee c2 2f 10 6c ff fd 23 9c
    61 de 51 a1 02 00 ae bb 91 1f 1a a5 a9 5d 31 19
    25 ce be 6b b4 29 c6 4a f6 9d 74 82 60 72 29 23
    0b 14 46 6e 6a 18 71 ad 61 98 a5 f6 66 a2 40 ae
    93 d7 77 d3 ca 15 fb 0e d4 ae 47 24 30 95 c3 8e
    a1 3e a7 9b 5a ae 0c 1c 2f 59 c6 8f f4 0d 1d 48
    a0 d3 dc 9d 37 d3 9d 64 4e 5d 22 64 5f fb 6e 10
    e7 30 18 b8 94 75 8b 8e c7 10 a6 78 92 89 0d cd
    c4 44 22 6d 8a b7 72 7c 88 8d 39 13 91 e9 30 06
    64 d8 16 c1 ff b6 58 d7 74 78 64 6f 55 7f 4a a0
    cf 7c 88 5e 38 0d f1 64 8d 5d 33 47 8a 65 fb 8f
    1c 9e ac 59 17 27 bb c2 43 d3 9d 17 ad af 15 b3
    10 3c 67 84 44 7c 22 56 f9 6a ab 4f 1e cb bc 84
    e8 b3 db 74 a9 f2 fa 2a 68 2e 2f b4 62 eb a9 24
    9d 18 3a 32 da 38 4f fb e7 dd 23 ac f1 3e 8d 91
    7a 21 0f 4e 1c a9 40 3d 81 f3 1e 93 23 62 31 3c
    66 99 c8 e9 70 0a 9d e9 00 6c 27 c4 b2 e8 4c 6a
    98 d9 5e 72 c1 16 fa 89 72 91 7a d8 80 d1 98 37
    31 e6 70 6d be 65 1e d3 f4 cd 4c 53 e2 53 83 d6
    ce 8e bc 19 32 61 a5 03 f9 2f f2 48 1c 38 fb 05
    2d fc 8c f2 2c f4 eb 8b bb 49 f2 35 a8 b7 47 30
    2d c1 40 db 46 b9 30 8a 68 8a 9a 3b 74 60 e5 7c
    d0 c3 0b 68 d6 64 e2 20 fc 29 82 2d c8 7a 1a 70
    ea 30 f3 f5 d4 c8 56 5d fb 35 2b 11 60 a4 fa c0
    16 4b 05 74 97 9f df 52 1a e6 e1 cf 4e 20 7c b2
    42 81 c3 65 e9 e5 9d 09 fd e6 d3 3a 6d 8f e1 56
    e8 20 ce 8d 04 f6 60 43 e5 98 32 38 7b ff 35 37
    c2 43 3e c3 70 8b fe c0 cf a3 44 d9 dd 72 66 5b
    a1 67 52 57 46 8c 81 f7 9d 5e 72 03 41 38 81 fc
    a2 3e 60 7c d0 b6 fb ab 6d 92 82 a9 d6 3e 38 5e
    21 53 26 00 38 b6 f0 47 ce 24 a1 e1 d3 16 51 7a
    4b 16 31 64 6a 77 24 c0 8a 6b 46 a0 0d 8b a7 b0
    ee ef cb d8 e5 8e f7 2c 2e 77 9a 1b 17 99 99 49
    10 2d 1b d6 7e 9f 47 79 b8 74 d4 14 a9 e7 e4 c1
    33 57 ea d5 c9 a5 bd ac 61 8c bf 7a 30 55 39 20
    93 a2 6f de 0c 11 d2 58 da a9 4f c3 02 25 31 b4
    ba 92 22 32 a6 b1 02 c9 4d 63 0f 44 58 97 2e 64
    a6 00 59 e2 41 a9 3d cb b5 ff a1 1c 8a 8d 86 33
    aa 51 0b df 4b fd ff 8b ef ff 61 26 7c 47 99 af
    f2 c0 ef 3d c1 f9 01 c6 b6 c0 e2 c7 6d 2e 02 54
    7b 02 17 8a 5d 3a 64 25 55 fe 90 d2 e3 e7 6a 07
    19 22 2f aa 0e de 60 af 55 a3 8b 71 4d fa 68 58
    3b d3 10 26 12 59 f8 22 f4 0d 9e 02 91 69 42 ef
    f8 65 f5 9e 81 36 44 e3 ae d2 d3 dd 93 1b db b1
    30 62 43 35 c6 08 c4 1f 0a 38 7c 46 b7 c8 e5 a1
    35 cd 10 4f 0b 5e b8 97 00 1c 45 2c d5 9d b7 f5
    46 3f af bc 5f bc e5 ee da ca 14 e9 ed f8 7f db
    c9 2c 90 a3 e0 d7 31 5e 1a 8b ba 1e d3 40 8d 32
    fa 3e cb 9c bf cd c4 e7 e1 1b 13 73 48 92 15 e3
    4e 90 04 cf 0f b3 4e fe f7 fb 59 13 c5 94 d6 6a
    63 59 81 ed eb 3e 09 a0 be 24 9a 1e c5 fd 8f 5d
    14 26 93 b6 9c a5 8e 23 12 47 29 00 e9 41 f8 5c
    98 fa 11 94 2b 23 f5 dc b0 50 54 86 65 2f e3 4f
    62 b2 0e 77 b7 01 75 65 7e 2c 65 2f 37 35 70 29
    67 13 34 cb 50 6f 52 c4 2a 33 cb 80 b1 d2 4e 76
    15 f2 ff a3 2f be 2f 32 4b 55 9b 26 71 98 16 78
    8b 8a 57 24 a4 2a f7 6e b4 9c ff e3 cf dd 05 75
    43 d9 21 cd 99 5b 86 a5 96 67 ff 24 3e 68 e4 e0
    19 0b df af 5e 1c 00 51 fc ab a9 28 42 90 0c 0d
    56 9f 88 dc 6b c2 54 5a 09 cb 36 24 3c 69 e9 a6
    68 5a 88 d3 6e d8 6f 03 f5 08 3d 2f 23 03 f0 17
    61 e8 15 9e cb 4f b5 95 0f 13 0f ea 69 d7 f7 58
    01 1f 12 d4 15 3f f4 a6 05 36
<<< TLS 1.2, RecordHeader [length 0005]
    17 03 03 00 17
<<< TLS 1.3, InnerContent [length 0001]
    16
<<< TLS 1.3, Handshake [length 0006], EncryptedExtensions
    08 00 00 02 00 00
<<< TLS 1.2, RecordHeader [length 0005]
    17 03 03 03 47
<<< TLS 1.3, InnerContent [length 0001]
    16
<<< TLS 1.3, Handshake [length 0336], Certificate
    0b 00 03 32 00 00 03 2e 00 03 29 30 82 03 25 30
    82 02 0d a0 03 02 01 02 02 01 02 30 0d 06 09 2a
    86 48 86 f7 0d 01 01 0b 05 00 30 12 31 10 30 0e
    06 03 55 04 03 0c 07 52 6f 6f 74 20 43 41 30 20
    17 0d 31 36 30 31 31 34 32 32 32 39 34 36 5a 18
    0f 32 31 31 36 30 31 31 35 32 32 32 39 34 36 5a
    30 19 31 17 30 15 06 03 55 04 03 0c 0e 73 65 72
    76 65 72 2e 65 78 61 6d 70 6c 65 30 82 01 22 30
    0d 06 09 2a 86 48 86 f7 0d 01 01 01 05 00 03 82
    01 0f 00 30 82 01 0a 02 82 01 01 00 d5 5d 60 6a
    df fc 61 ee 48 aa 8c 11 48 43 a5 6d b6 52 5d aa
    98 49 b1 61 92 35 b1 fc 3a 04 25 0c 6d 79 ff b4
    d5 c9 e9 5c 1c 3b e0 ab b3 b8 7d a3 de 6d bd e0
    dd d7 5a bf 14 47 11 42 5e a6 82 d0 61 c1 7f dd
    13 46 e6 09 85 07 0e f2 d4 fc 1a 64 d2 0a ad 20
    ab 20 6b 96 f0 ad cc c4 19 53 55 dc 01 1d a4 b3
    ef 8a b4 49 53 5d 8a 05 1c f1 dc e1 44 bf c5 d7
    e2 77 19 57 5c 97 0b 75 ee 88 43 71 0f ca 6c c1
    b4 b2 50 a7 77 46 6c 58 0f 11 bf f1 76 24 5a ae
    39 42 b7 51 67 29 e1 d0 55 30 6f 17 e4 91 ea ad
    f8 28 c2 43 6f a2 64 a9 fb 9d 98 92 62 48 3e eb
    0d 4f 82 4a 8a ff 3f 72 ee 96 b5 ae a1 c1 98 ba
    ef 7d 90 75 6d ff 5a 52 9e ab f5 c0 7e d0 87 43
    db 85 07 07 0f 7d 38 7a fd d1 d3 ee 65 1d d3 ea
    39 6a 87 37 ee 4a d3 e0 0d 6e f5 70 ac c2 bd f1
    6e f3 92 95 5e a9 f0 a1 65 95 93 8d 02 03 01 00
    01 a3 7d 30 7b 30 1d 06 03 55 1d 0e 04 16 04 14
    c0 e7 84 bf e8 59 27 33 10 b0 52 4f 51 52 2f 06
    d6 c0 7a cd 30 1f 06 03 55 1d 23 04 18 30 16 80
    14 70 7f 2e ae 83 68 59 98 04 23 2a cd eb 3e 17
    cd 24 dd 01 49 30 09 06 03 55 1d 13 04 02 30 00
    30 13 06 03 55 1d 25 04 0c 30 0a 06 08 2b 06 01
    05 05 07 03 01 30 19 06 03 55 1d 11 04 12 30 10
    82 0e 73 65 72 76 65 72 2e 65 78 61 6d 70 6c 65
    30 0d 06 09 2a 86 48 86 f7 0d 01 01 0b 05 00 03
    82 01 01 00 7b d3 04 43 75 8a 0f 11 ae c4 fb d7
    a1 a2 9e fe 20 18 d5 f4 2f 31 88 46 b6 75 8c ee
    e5 9b 97 a6 b9 a3 cd 60 9a 46 c3 48 97 e5 97 68
    f7 5a 86 35 73 d9 69 9e f9 5f 74 b9 e6 94 13 01
    cb 6a dc e3 c4 04 e9 65 da 9c a4 8b 28 f3 f9 9a
    7f bf 97 1f 45 92 e5 05 b1 56 e6 0b f6 47 de 1e
    89 b6 2b e1 4d df 4a 7e 01 d3 23 dc 97 8c 47 fe
    5f c7 cc 98 46 0e c4 83 5b ca 8a f1 52 09 be 6b
    ec 3f 09 8b d0 93 02 bf e1 51 e7 d1 7e 34 56 19
    74 d0 ff 28 25 de b7 9f 56 52 91 7d 20 29 85 0a
    80 44 5f 71 32 25 71 0f c2 16 e2 5f 6b 1d 3f 32
    5b 0a 3c 74 1c b9 62 f1 ed 07 50 a3 6d b4 b4 31
    0a c0 53 44 6a 3a 88 84 8b 2d a9 b0 37 8e e6 18
    36 bd 9a 20 40 0f 01 92 8b 3d aa 61 e7 ae 2c ed
    36 cd 3a 07 86 74 3a 29 b3 d7 3a b4 00 a9 c2 f5
    92 78 0e e2 0f a3 fe bb be e0 06 53 84 59 1d 90
    69 e5 b6 f9 00 00
<<< TLS 1.2, RecordHeader [length 0005]
    17 03 03 01 19
<<< TLS 1.3, InnerContent [length 0001]
    16
<<< TLS 1.3, Handshake [length 0108], CertificateVerify
    0f 00 01 04 08 04 01 00 97 fc 74 52 37 e9 17 9d
    03 ff 32 40 6c 51 cc d2 ed c3 fd 5d ea 45 29 ed
    02 5d 18 af f6 01 d2 c7 66 94 38 94 5d 63 d2 19
    b6 e9 d4 9c a7 48 d5 e4 2d 10 4f 06 3c 69 49 90
    90 0b f9 fa fe 3f 2e 3b 21 e7 d9 ab 39 0e 99 2b
    f5 df 59 fa 84 b6 72 00 09 6f df ab 12 9d 9d d7
    e3 2c 50 1f e8 93 4b c0 14 55 24 eb df 73 c8 14
    48 3a 8e 6a 57 b8 66 ba 07 a8 4d 3c 25 7b d4 0b
    48 58 1b 15 26 1e 8d 16 4f ff 80 5b 8a 73 10 0f
    f6 41 d0 c3 83 f5 e9 b7 0d ab a7 1e e4 76 aa 8c
    36 fb 7e 28 87 60 17 55 1f 3f 5a 76 7e 3d eb 2e
    14 13 1d 26 8e 92 fd 6f e0 35 2a 1d 6c 6c 5d 45
    33 27 63 84 59 0a 38 0a 31 b9 65 e3 6a 4d 98 40
    07 d2 00 2c 73 b2 b3 1a 3a ff 88 1a 4e cb 17 bb
    b1 2a 41 a8 fe 9d 14 48 c2 99 7f 68 90 74 5d 43
    b2 05 01 8b 6b fd d0 1f f4 33 d7 f6 a7 53 46 cc
    53 55 50 04 1d 53 fc 47
<<< TLS 1.2, RecordHeader [length 0005]
    17 03 03 00 45
<<< TLS 1.3, InnerContent [length 0001]
    16
<<< TLS 1.3, Handshake [length 0034], Finished
    14 00 00 30 60 67 13 86 ae 36 80 2c 41 1b dd 37
    25 41 87 8b 98 71 ac e0 34 88 14 a5 32 4f 4e a9
    ea 1a 42 7f 97 66 49 df 90 0c 18 a8 a6 55 71 40
    eb 71 43 9f
>>> TLS 1.2, RecordHeader [length 0005]
    17 03 03 00 45
>>> TLS 1.2, InnerContent [length 0001]
    16
>>> TLS 1.3, Handshake [length 0034], Finished
    14 00 00 30 09 eb ec a3 af 37 b8 3c b7 b7 9f b6
    f9 da b4 14 b6 c1 20 2d 04 94 2b 94 bd 25 9b c2
    48 77 d8 98 5e bb 6a 3a 64 3a 69 d4 3f 84 cb d3
    92 2b ac d8
---
Certificate chain
 0 s:CN=server.example
   i:CN=Root CA
   a:PKEY: RSA, 2048 (bit); sigalg: sha256WithRSAEncryption
   v:NotBefore: Jan 14 22:29:46 2016 GMT; NotAfter: Jan 15 22:29:46 2116 GMT
---
Server certificate
-----BEGIN CERTIFICATE-----
MIIDJTCCAg2gAwIBAgIBAjANBgkqhkiG9w0BAQsFADASMRAwDgYDVQQDDAdSb290
IENBMCAXDTE2MDExNDIyMjk0NloYDzIxMTYwMTE1MjIyOTQ2WjAZMRcwFQYDVQQD
DA5zZXJ2ZXIuZXhhbXBsZTCCASIwDQYJKoZIhvcNAQEBBQADggEPADCCAQoCggEB
ANVdYGrf/GHuSKqMEUhDpW22Ul2qmEmxYZI1sfw6BCUMbXn/tNXJ6VwcO+Crs7h9
o95tveDd11q/FEcRQl6mgtBhwX/dE0bmCYUHDvLU/Bpk0gqtIKsga5bwrczEGVNV
3AEdpLPvirRJU12KBRzx3OFEv8XX4ncZV1yXC3XuiENxD8pswbSyUKd3RmxYDxG/
8XYkWq45QrdRZynh0FUwbxfkkeqt+CjCQ2+iZKn7nZiSYkg+6w1PgkqK/z9y7pa1
rqHBmLrvfZB1bf9aUp6r9cB+0IdD24UHBw99OHr90dPuZR3T6jlqhzfuStPgDW71
cKzCvfFu85KVXqnwoWWVk40CAwEAAaN9MHswHQYDVR0OBBYEFMDnhL/oWSczELBS
T1FSLwbWwHrNMB8GA1UdIwQYMBaAFHB/Lq6DaFmYBCMqzes+F80k3QFJMAkGA1Ud
EwQCMAAwEwYDVR0lBAwwCgYIKwYBBQUHAwEwGQYDVR0RBBIwEIIOc2VydmVyLmV4
YW1wbGUwDQYJKoZIhvcNAQELBQADggEBAHvTBEN1ig8RrsT716Ginv4gGNX0LzGI
RrZ1jO7lm5emuaPNYJpGw0iX5Zdo91qGNXPZaZ75X3S55pQTActq3OPEBOll2pyk
iyjz+Zp/v5cfRZLlBbFW5gv2R94eibYr4U3fSn4B0yPcl4xH/l/HzJhGDsSDW8qK
8VIJvmvsPwmL0JMCv+FR59F+NFYZdND/KCXet59WUpF9ICmFCoBEX3EyJXEPwhbi
X2sdPzJbCjx0HLli8e0HUKNttLQxCsBTRGo6iISLLamwN47mGDa9miBADwGSiz2q
YeeuLO02zToHhnQ6KbPXOrQAqcL1kngO4g+j/ru+4AZThFkdkGnltvk=
-----END CERTIFICATE-----
subject=CN=server.example
issuer=CN=Root CA
---
No client certificate CA names sent
Peer signing digest: SHA256
Peer signature type: rsa_pss_rsae_sha256
Negotiated TLS1.3 group: X25519MLKEM768
---
SSL handshake has read 2546 bytes and written 1702 bytes
Verification error: unable to verify the first certificate
---
New, TLSv1.3, Cipher is TLS_AES_256_GCM_SHA384
Protocol: TLSv1.3
Server public key is 2048 bit
This TLS version forbids renegotiation.
Compression: NONE
Expansion: NONE
No ALPN negotiated
Early data was not sent
Verify return code: 21 (unable to verify the first certificate)
---
>>> TLS 1.2, RecordHeader [length 0005]
    17 03 03 00 13
>>> TLS 1.2, InnerContent [length 0001]
    15
>>> TLS 1.3, Alert [length 0002], warning close_notify
    01 00
Connecting to 127.0.0.1
SSL_connect:before SSL initialization
SSL_connect:SSLv3/TLS write client hello
SSL_connect:SSLv3/TLS write client hello
SSL_connect:SSLv3/TLS read server hello
SSL_connect:SSLv3/TLS write change cipher spec
SSL_connect:SSLv3/TLS write client hello
SSL_connect:SSLv3/TLS write client hello
SSL_connect:SSLv3/TLS read server hello
Can't use SSL_get_servername
SSL_connect:TLSv1.3 read encrypted extensions
depth=0 CN=server.example
verify error:num=20:unable to get local issuer certificate
verify return:1
depth=0 CN=server.example
verify error:num=21:unable to verify the first certificate
verify return:1
depth=0 CN=server.example
verify return:1
SSL_connect:SSLv3/TLS read server certificate
SSL_connect:TLSv1.3 read server certificate verify
SSL_connect:SSLv3/TLS read finished
SSL_connect:SSLv3/TLS write finished
DONE
SSL3 alert write:warning:close notify
