CONNECTED(00000003)
>>> TLS 1.0, RecordHeader [length 0005]
    16 03 01 00 d6
>>> TLS 1.3, Handshake [length 00d6], ClientHello
    01 00 00 d2 03 03 ac 3a 2a 83 11 ab ff bb ee d6
    44 83 d2 c9 9c 9f 48 ac ff ec 9e 1c a7 ce dc 52
    ef 52 7d 9c 02 3c 20 61 81 0b ae 6f 23 7f ef ad
    33 ce d8 46 87 65 3a 9c 0e 78 36 95 d8 26 e6 f5
    40 d3 9c a1 fd 6b 38 00 06 13 02 13 03 13 01 01
    00 00 83 00 0b 00 04 03 00 01 02 00 0a 00 06 00
    04 11 ec 00 1d 00 23 00 00 00 16 00 00 00 17 00
    00 00 0d 00 2a 00 28 09 05 09 06 09 04 04 03 05
    03 06 03 08 07 08 08 08 1a 08 1b 08 1c 08 09 08
    0a 08 0b 08 04 08 05 08 06 04 01 05 01 06 01 00
    2b 00 03 02 03 04 00 2d 00 02 01 01 00 33 00 26
    00 24 00 1d 00 20 8a 7c a8 e7 f2 5e a6 b1 c9 d7
    5f eb 75 f7 1f 4f 88 18 83 7b 3b a5 34 f2 d1 ae
    fb 5e d0 64 30 07
<<< TLS 1.2, RecordHeader [length 0005]
    16 03 03 00 58
<<< TLS 1.3, Handshake [length 0058], ServerHello
    02 00 00 54 03 03 cf 21 ad 74 e5 9a 61 11 be 1d
    8c 02 1e 65 b8 91 c2 a2 11 16 7a bb 8c 5e 07 9e
    09 e2 c8 a8 33 9c 20 61 81 0b ae 6f 23 7f ef ad
    33 ce d8 46 87 65 3a 9c 0e 78 36 95 d8 26 e6 f5
    40 d3 9c a1 fd 6b 38 13 02 00 00 0c 00 2b 00 02
    03 04 00 33 00 02 11 ec
>>> TLS 1.2, RecordHeader [length 0005]
    14 03 03 00 01
>>> TLS 1.3, ChangeCipherSpec [length 0001]
    01
>>> TLS 1.2, RecordHeader [length 0005]
    16 03 03 05 76
>>> TLS 1.3, Handshake [length 0576], ClientHello
    01 00 05 72 03 03 ac 3a 2a 83 11 ab ff bb ee d6
    44 83 d2 c9 9c 9f 48 ac ff ec 9e 1c a7 ce dc 52
    ef 52 7d 9c 02 3c 20 61 81 0b ae 6f 23 7f ef ad
    33 ce d8 46 87 65 3a 9c 0e 78 36 95 d8 26 e6 f5
    40 d3 9c a1 fd 6b 38 00 06 13 02 13 03 13 01 01
    00 05 23 00 0b 00 04 03 00 01 02 00 0a 00 06 00
    04 11 ec 00 1d 00 23 00 00 00 16 00 00 00 17 00
    00 00 0d 00 2a 00 28 09 05 09 06 09 04 04 03 05
    03 06 03 08 07 08 08 08 1a 08 1b 08 1c 08 09 08
    0a 08 0b 08 04 08 05 08 06 04 01 05 01 06 01 00
    2b 00 03 02 03 04 00 2d 00 02 01 01 00 33 04 c6
    04 c4 11 ec 04 c0 b2 c8 65 8e 9c 64 99 d0 c2 45
    63 63 4a f4 6c 4f a2 60 28 14 51 df 9a 5c 67 9b
    08 72 e7 87 a9 55 8c 46 9c 48 33 70 bf 38 b1 30
    28 c4 95 70 19 36 5f db 73 a2 b0 09 18 9b b7 c6
    e2 20 94 a0 15 2c 7c c4 7d 39 91 9c e1 7d 39 74
    74 f6 f0 5e 3d 9c ae 58 6a 46 17 c9 87 47 dc 81
    7d f1 84 ab da 4d 31 e9 1f 12 2a be 0f c3 af f5
    d0 12 e8 53 8b 43 45 8d b1 9a 6e 6b c9 b9 eb 21
    14 5e 24 87 83 07 3c 5d 55 12 e7 1b b7 ec 1a 8b
    5d 19 35 bc 02 21 6d fc 50 f8 64 5b 89 d2 81 7b
    39 a4 2d cb ad cb 43 04 b5 1c c3 e0 fa 57 a2 f9
    47 ee 91 43 8e c3 24 97 45 50 67 fc b6 95 a6 0d
    06 51 1c 69 79 5f 8f f4 9e 3b a7 1d 73 b6 22 97
    55 6f d3 01 78 f8 63 0e b1 a2 be 7d 60 61 8f 3c
    1f c8 9a ba cb 89 9f 03 f8 73 ee 16 75 66 02 68
    4a 7b 37 a5 ca ce a0 d3 1c f8 1c 84 19 1b 7a d3
    25 92 b8 ea 49 4f a3 78 00 b4 b7 2e 69 af 3e 30
    a1 e1 2b 66 a1 44 90 c1 69 98 9c f3 3b c9 45 ba
    9a 37 0f 8e 17 36 c1 66 31 6b cb 0b 5f 96 64 34
    6a 5f 87 d9 bf 4f 19 27 12 57 4f ce 8c 45 6a 9a
    7d 11 47 3e 27 96 1d 31 21 64 98 9b 57 32 1b 1e
    72 62 3b 19 26 5a de 15 90 dd a5 ca 69 c5 6f 34
    6c 39 61 28 83 a5 e0 be b6 d4 05 f9 f3 bc b8 07
    42 f9 fb 9a be 39 3f 2e 73 23 4d 05 2c b2 93 c2
    f9 9a 9a 89 94 b6 00 fb 01 2a 0a 72 25 52 34 cc
    55 3f bc 53 aa 24 55 36 78 79 86 de 76 40 5c 68
    57 80 55 36 c8 29 38 14 ba 8a c4 56 bc 3e 38 40
    3b 84 b6 12 71 20 ad d4 63 97 41 44 de 14 55 d3
    87 1d 3d 97 99 e4 16 48 72 76 a1 13 11 be 7f 9a
    4c 1b ac 92 8f 73 34 9a 5b cc 02 78 a1 a7 c3 1a
    be ac 73 6e f5 8b d8 78 1e 55 b2 b1 da 06 75 a2
    d7 1e af 48 57 d3 65 be 83 65 09 02 9c 87 b1 53
    82 8e b2 b3 d2 bb 56 d6 c6 44 84 c2 06 57 76 14
    9f 0c 6a f6 f1 11 86 36 30 98 a3 0f 5b 8a 20 c7
    e9 03 15 83 bf 2f 26 34 65 d0 52 4f 31 75 86 c9
    29 ba 8a 4e 0e 7c b7 70 64 c3 44 e4 7c c1 41 94
    ca 37 2e 37 bc 6a e7 a7 6e 44 43 6c 6f 23 3e b0
    db c7 78 dc 8e 6b a9 9d 6b 61 52 9a 5b 26 78 19
    4c 10 9b 39 25 e7 23 9e dc 57 13 eb 10 ff a8 14
    77 10 ba ec 8c 6b fd a5 27 cc e1 21 0a 72 94 95
    e9 35 80 d3 3d 44 00 c2 73 55 3d b1 08 5c 3b 0c
    06 81 04 9d 47 a2 30 22 bc 44 3d f1 b3 1e 35 44
    d6 22 cf 07 96 a4 a8 a1 9d f2 59 44 a0 a6 3d 68
    6b b9 1b a7 5b aa 54 7b 33 24 9e 13 54 b2 67 38
    0c f0 c0 a3 86 91 0a 8b 14 99 84 30 06 f6 71 8c
    33 56 59 43 f3 51 c5 aa 10 3b 34 5e 41 86 66 6a
    b0 96 04 73 62 dd 3a cf d1 80 b4 52 b7 94 0c 26
    0e d1 b8 af d9 5a 44 1b b5 6d b5 f1 8a 94 aa 57
    2e 26 3e 5c 41 95 6d 11 79 cd 83 14 d5 20 87 e6
    23 23 db 38 90 fe 82 53 c8 0a 3c 27 3c 31 d2 48
    29 51 6a 82 6c 98 45 04 1b 40 67 20 59 4e 87 34
    94 a1 9a ff 47 8b 4b 91 04 48 17 a8 2b 94 cc 26
    83 3e 30 65 3d 4a e9 54 f9 c3 4b 87 a1 98 9e 0c
    97 48 6a af c4 ac 56 92 2b 88 90 db 8c ba 55 08
    d3 89 b2 1b a6 8e 3d 26 b1 76 68 b0 75 26 59 80
    26 12 8f 16 aa c4 e4 38 eb 77 94 0b 71 4a ef 61
    8b 86 77 35 93 21 70 68 92 96 9f 04 a3 c7 48 49
    45 e7 1f 08 2c cc 9a 28 9c a2 8a 85 ea 21 69 ab
    b6 2f 40 76 c1 e3 65 be 65 41 4d b0 39 36 cb 8b
    12 9d 73 65 60 fc bc b0 16 19 c8 96 91 5d cb 47
    54 24 70 d1 62 cc 9b 60 76 92 20 0b 63 91 15 4c
    9b 30 0c b7 6a 76 24 7b ef d1 45 ab b0 51 e4 3a
    0f f2 b1 74 50 39 4f 55 69 7f 66 f5 2c bb fc a4
    7f d9 86 bb c7 1c 54 f2 70 fc 31 81 39 65 ce 14
    29 5d 9f 13 75 18 0a 1e 0c 56 07 c0 b0 ad ef ea
    bc 35 50 06 8c 74 aa fa e0 60 46 bc 40 fb 71 ae
    73 03 71 95 a7 ce d6 5a 63 e5 d2 61 54 3c 4f 00
    24 4c 45 79 b8 56 c5 71 4f 8b 62 67 81 48 e4 02
    22 88 f7 27 a9 05 b0 ae 18 65 1b 0b 1c 36 fc bd
    f5 f3 4c 85 61 40 63 a8 0a 45 ca 12 6e 4c 8d 79
    ac 43 11 13 2e b3 e9 8d 44 59 a7 68 11 b2 19 7c
    c8 2c 21 c3 1f 41 8e cf cc 52 9b ec 5c cc d9 38
    05 31 80 3a 9c 86 4d e6 2d ac 64 10 c1 7d 5b d3
    53 8f 08 ee 38 4b 79 f1 01 ba 34 58 0e 08 ab 96
    69 2f 59 46 d3 39 45 cf 61 4e 5f 76 ab 93 85 99
    75 14 de e5 5a ec 13 11 58 1b 37 a2 2f 89 6c c5
    3b 50 03 a2 96 6a
<<< TLS 1.2, RecordHeader [length 0005]
    14 03 03 00 01
<<< TLS 1.3, ChangeCipherSpec [length 0001]
    01
<<< TLS 1.2, RecordHeader [length 0005]
    16 03 03 04 ba
<<< TLS 1.3, Handshake [length 04ba], ServerHello
    02 00 04 b6 03 03 44 a6 d7 89 4a 9f b5 69 da 61
    74 8c a2 37 e9 c4 82 0d c0 9a 32 49 e5 4d 96 46
    78 c0 8e 0b 88 4c 20 61 81 0b ae 6f 23 7f ef ad
    33 ce d8 46 87 65 3a 9c 0e 78 36 95 d8 26 e6 f5
    40 d3 9c a1 fd 6b 38 13 02 00 04 6e 00 2b 00 02
    03 04 00 33 04 64 11 ec 04 60 99 c9 d1 f7 eb 5a
    c6 d6 8f e5 ab d7 44 ce 9c 2c 86 f7 87 66 80 02
    86 bd fa ff be 18 d4 00 22 7f 9f e9 bd 4c 4a 88
    33 ae 5d 13 6b 40 d6 0c b7 88 2e 34 b5 9c 2d 67
    11 3b 8a 25 63 36 bd 41 69 49 33 40 2d 06 59 cb
    72 ec 18 2a 81 49 62 ef f6 b4 db 59 8f ef 71 c8
    d0 f5 47 2a f9 18 17 bd 85 15 2b 9b 40 e3 24 23
    51 9c 5a 29 74 e9 96 b2 ac 87 95 4d a9 f2 e4 70
    95 cc e0 4d c6 26 2f 0b b2 a8 82 c6 56 0b 35 07
    a8 c0 6e 34 83 ff b2 b5 e8 58 ba 17 af 4e a6 ef
    c4 91 86 bb e3 48 2e 1c e6 f6 39 de 47 25 f5 29
    bd 14 20 5c 73 c7 f4 1a a5 83 a6 db 20 31 dc a0
    2a 70 7a 13 20 48 dd 93 a0 37 63 74 10 2f fe 3c
    3d 32 c3 b2 45 df 07 01 51 e7 52 66 38 b3 1b cc
    ab 5c 1e c4 42 b3 bd 09 16 a6 b2 d1 34 ba d3 d1
    0e 53 55 22 73 99 dd 7f 63 15 68 a1 d7 37 7a c0
    cd ce d7 c9 17 02 bb db 3b f0 94 99 35 5a ad be
    97 c5 b9 4b 6d 52 ca c0 dd 3b b5 f6 39 f6 bb 0c
    e4 88 d9 62 79 81 17 96 c1 68 c0 b3 06 48 53 8f
    35 7e 78 40 ec eb e7 31 8f fc aa 11 a5 b0 c5 7c
    21 38 d3 58 d0 79 8c d8 4c 01 ae fc 55 30 95 48
    a4 77 73 de 0c 7e a0 d5 49 df fa 34 9b 50 e0 23
    85 19 2d 6e 05 51 4b 3a 8e 11 42 7e 71 e4 64 80
    4f ef ea 0b a5 85 08 7f a1 7e 55 5c 89 aa 0f d6
    fb e4 e5 83 cf bf 1c 61 bf 2c 5a c0 ad 63 37 c5
    66 17 a2 db c1 58 1b a3 02 df 85 8b 59 a9 4d 8e
    e1 e5 a6 a8 59 d9 f8 95 08 00 5f 96 6a ee 25 a9
    90 ea b7 83 69 b0 07 db 25 c5 62 02 91 94 a3 a8
    fc 7d b1 19 b9 35 da 48 be dd 0a c0 7a dd dd 89
    e5 ef ac 0b 37 e2 41 59 c1 58 81 05 61 4c 99 71
    a6 7c c0 f9 5b ee 12 61 74 71 86 44 e8 c2 25 32
    2c a0 60 d5 78 c4 d8 79 2a 0a 6c 43 c0 65 c0 9e
    12 fa 8a 24 7c dc f3 36 6e e0 21 00 d4 0b 84 b7
    69 7d c8 7a 32 bc 8c 0b 98 70 b0 85 48 d8 4c 2f
    a4 d1 f8 e9 a5 6c 64 e2 82 fb 49 15 a5 e9 ea fa
    fd b5 56 b0 60 1e 00 b8 55 c5 f6 4d 11 6e 79 de
    9a 50 e7 b4 92 77 2e 61 b1 e5 f8 de 65 d5 fe dc
    99 0f a0 f0 73 54 d8 89 7b 0e 54 68 58 13 dc f2
    39 97 b4 04 31 a7 91 95 c3 43 f8 eb 29 01 b2 42
    7c 8b ef ba 30 3a 78 82 be df 1c 7d 86 25 ab 10
    af 0a bf fc 1c 7b ef 2a 01 a9 d7 d2 1c 3f cd 89
    3f 7c 7f f9 d7 3a 07 22 ab df fc 2f c4 f1 d7 aa
    5b 10 0c 91 c1 8f b3 d7 57 1b 5f cb 76 b3 9c 25
    93 ab 07 64 9e 72 c7 81 f8 46 cd 60 58 40 27 18
    4d 2e a8 de 45 00 31 c0 8c 2c 3f 1d aa 9f 43 dc
    b0 b3 ba 18 10 54 71 7e 3d bd 4a 74 b2 a8 1d 3d
    9c 5c 4d 80 8d 1c b4 4b 15 bf da 97 45 c4 af cd
    27 d3 02 3f 33 78 31 a5 81 f3 fd 11 a0 a6 1e 66
    e2 2d 6b 01 40 d2 a2 2c 96 5f 9c ae 98 9b 0b 65
    be b8 25 4e 1c 07 f7 25 a8 40 3d e8 b3 5b b1 e8
    47 9f 59 00 d8 68 73 b5 dc 08 d9 d6 ab 7b f5 d3
    a2 26 33 33 3e 8a f1 8f f5 98 05 61 06 6e 53 e3
    8f 2b 0a 25 27 f3 b7 e9 f7 b9 94 89 ce bb ae e8
    1c b7 27 51 54 be c8 3d 48 79 61 32 67 df 90 c7
    c4 3a e2 90 c2 aa 9d 87 43 5b fb 5f 77 a2 69 50
    82 97 b2 53 35 c3 3f 57 1c 8f e4 95 82 8e d0 3b
    e7 b9 87 b6 4d f5 44 e0 5c 53 2f de 9f 6c b1 db
    f5 53 2f e4 b5 87 fd 68 24 eb 87 f1 78 a4 88 8d
    37 f1 1c 34 4b c6 e8 14 de b8 94 c4 0a ae db 70
    25 0b 2d 35 b7 f7 50 0e 5d c1 ae 03 32 52 5e fe
    42 b3 14 ef 1e fb ed dd ea b2 81 72 6f f6 18 00
    e1 cc e0 80 67 43 6e 03 ff cc c5 5b d4 cb 10 51
    48 52 62 90 72 2e 61 b5 a4 ec 76 57 50 c3 dd b3
    1c fe ee 54 ca ef 3f e0 f2 61 c2 4d 45 ae 86 06
    31 50 0e 46 4c 34 80 e6 a0 6a 89 57 14 61 7c e5
    c3 53 56 d1 82 58 b2 52 58 51 3c 5e dd 7f 05 a0
    5a f8 1d aa 49 68 06 65 18 d2 e6 ad d4 fd 2b 6e
    9d ab 99 00 c6 d0 dd df 4a de 0a 3e ac 2b 34 10
    79 44 c6 c7 f0 66 d8 34 3d 9a 74 08 6b 3a d2 49
    4a a3 b1 83 ec 10 4e 31 ca 19 49 c9 f0 d6 ff 6f
    70 da bf 4c 84 99 2f ce 2f 2d
<<< TLS 1.2, RecordHeader [length 0005]
    17 03 03 00 17
<<< TLS 1.3, InnerContent [length 0001]
    16
<<< TLS 1.3, Handshake [length 0006], EncryptedExtensions
    08 00 00 02 00 00
<<< TLS 1.2, RecordHeader [length 0005]
    17 03 03 03 47
<<< TLS 1.3, InnerContent [length 0001]
    16
<<< TLS 1.3, Handshake [length 0336], Certificate
    0b 00 03 32 00 00 03 2e 00 03 29 30 82 03 25 30
    82 02 0d a0 03 02 01 02 02 01 02 30 0d 06 09 2a
    86 48 86 f7 0d 01 01 0b 05 00 30 12 31 10 30 0e
    06 03 55 04 03 0c 07 52 6f 6f 74 20 43 41 30 20
    17 0d 31 36 30 31 31 34 32 32 32 39 34 36 5a 18
    0f 32 31 31 36 30 31 31 35 32 32 32 39 34 36 5a
    30 19 31 17 30 15 06 03 55 04 03 0c 0e 73 65 72
    76 65 72 2e 65 78 61 6d 70 6c 65 30 82 01 22 30
    0d 06 09 2a 86 48 86 f7 0d 01 01 01 05 00 03 82
    01 0f 00 30 82 01 0a 02 82 01 01 00 d5 5d 60 6a
    df fc 61 ee 48 aa 8c 11 48 43 a5 6d b6 52 5d aa
    98 49 b1 61 92 35 b1 fc 3a 04 25 0c 6d 79 ff b4
    d5 c9 e9 5c 1c 3b e0 ab b3 b8 7d a3 de 6d bd e0
    dd d7 5a bf 14 47 11 42 5e a6 82 d0 61 c1 7f dd
    13 46 e6 09 85 07 0e f2 d4 fc 1a 64 d2 0a ad 20
    ab 20 6b 96 f0 ad cc c4 19 53 55 dc 01 1d a4 b3
    ef 8a b4 49 53 5d 8a 05 1c f1 dc e1 44 bf c5 d7
    e2 77 19 57 5c 97 0b 75 ee 88 43 71 0f ca 6c c1
    b4 b2 50 a7 77 46 6c 58 0f 11 bf f1 76 24 5a ae
    39 42 b7 51 67 29 e1 d0 55 30 6f 17 e4 91 ea ad
    f8 28 c2 43 6f a2 64 a9 fb 9d 98 92 62 48 3e eb
    0d 4f 82 4a 8a ff 3f 72 ee 96 b5 ae a1 c1 98 ba
    ef 7d 90 75 6d ff 5a 52 9e ab f5 c0 7e d0 87 43
    db 85 07 07 0f 7d 38 7a fd d1 d3 ee 65 1d d3 ea
    39 6a 87 37 ee 4a d3 e0 0d 6e f5 70 ac c2 bd f1
    6e f3 92 95 5e a9 f0 a1 65 95 93 8d 02 03 01 00
    01 a3 7d 30 7b 30 1d 06 03 55 1d 0e 04 16 04 14
    c0 e7 84 bf e8 59 27 33 10 b0 52 4f 51 52 2f 06
    d6 c0 7a cd 30 1f 06 03 55 1d 23 04 18 30 16 80
    14 70 7f 2e ae 83 68 59 98 04 23 2a cd eb 3e 17
    cd 24 dd 01 49 30 09 06 03 55 1d 13 04 02 30 00
    30 13 06 03 55 1d 25 04 0c 30 0a 06 08 2b 06 01
    05 05 07 03 01 30 19 06 03 55 1d 11 04 12 30 10
    82 0e 73 65 72 76 65 72 2e 65 78 61 6d 70 6c 65
    30 0d 06 09 2a 86 48 86 f7 0d 01 01 0b 05 00 03
    82 01 01 00 7b d3 04 43 75 8a 0f 11 ae c4 fb d7
    a1 a2 9e fe 20 18 d5 f4 2f 31 88 46 b6 75 8c ee
    e5 9b 97 a6 b9 a3 cd 60 9a 46 c3 48 97 e5 97 68
    f7 5a 86 35 73 d9 69 9e f9 5f 74 b9 e6 94 13 01
    cb 6a dc e3 c4 04 e9 65 da 9c a4 8b 28 f3 f9 9a
    7f bf 97 1f 45 92 e5 05 b1 56 e6 0b f6 47 de 1e
    89 b6 2b e1 4d df 4a 7e 01 d3 23 dc 97 8c 47 fe
    5f c7 cc 98 46 0e c4 83 5b ca 8a f1 52 09 be 6b
    ec 3f 09 8b d0 93 02 bf e1 51 e7 d1 7e 34 56 19
    74 d0 ff 28 25 de b7 9f 56 52 91 7d 20 29 85 0a
    80 44 5f 71 32 25 71 0f c2 16 e2 5f 6b 1d 3f 32
    5b 0a 3c 74 1c b9 62 f1 ed 07 50 a3 6d b4 b4 31
    0a c0 53 44 6a 3a 88 84 8b 2d a9 b0 37 8e e6 18
    36 bd 9a 20 40 0f 01 92 8b 3d aa 61 e7 ae 2c ed
    36 cd 3a 07 86 74 3a 29 b3 d7 3a b4 00 a9 c2 f5
    92 78 0e e2 0f a3 fe bb be e0 06 53 84 59 1d 90
    69 e5 b6 f9 00 00
<<< TLS 1.2, RecordHeader [length 0005]
    17 03 03 01 19
<<< TLS 1.3, InnerContent [length 0001]
    16
<<< TLS 1.3, Handshake [length 0108], CertificateVerify
    0f 00 01 04 08 04 01 00 6c 3d a3 ba e9 a9 24 ad
    61 8e c5 02 a1 ec 58 9f 76 a5 46 75 eb a4 82 55
    16 b3 33 6c 90 c1 32 d8 e1 23 3f 1b 92 18 98 52
    b0 3c 8d cd 14 64 cf d3 7f 28 99 97 8a 2a 05 d3
    55 9a d8 18 ab 18 bc 68 6c 5d a6 8b df 42 e7 a1
    85 28 25 e9 d9 1e 55 36 35 ca 8e 46 d3 3e c1 8d
    45 35 96 d5 1f 3e fd 98 e1 88 39 72 78 c4 ee 5e
    30 17 b8 a5 5f 49 12 41 79 ec 1c a1 50 9c eb c8
    e9 b9 e3 91 93 43 0d 0f b9 89 6f 90 75 29 eb 34
    38 06 f7 8d d1 a9 21 21 bc cf ee 4f 4d 1e e1 91
    9a a8 51 e0 e8 f5 26 4a 5e 58 e1 0a cf 8d b4 3d
    e4 e8 04 03 2e 76 57 59 e5 52 64 ae 1c 31 97 94
    e0 ce 43 c8 3f d1 6f f4 68 72 b2 78 36 21 de 26
    2c ce c2 1e 1b 9b 81 a8 00 59 22 49 73 27 ac 0f
    96 d7 e1 e0 ef dd 7a bc 0c d4 58 e7 9d a8 0e b5
    0c 59 c4 6d 06 be 80 22 cc 9d 5b b3 38 05 ee 33
    19 7a 7e 2f e0 86 54 2a
<<< TLS 1.2, RecordHeader [length 0005]
    17 03 03 00 45
<<< TLS 1.3, InnerContent [length 0001]
    16
<<< TLS 1.3, Handshake [length 0034], Finished
    14 00 00 30 47 19 2d e4 25 25 c2 54 6d 12 fc c6
    82 01 74 6a 9e 3f 50 31 c6 fb 83 06 6e 76 d5 72
    19 ef c4 33 5a 5a a0 50 1a d0 bf eb d7 8f c5 6b
    1b a6 1d 21
>>> TLS 1.2, RecordHeader [length 0005]
    17 03 03 00 45
>>> TLS 1.2, InnerContent [length 0001]
    16
>>> TLS 1.3, Handshake [length 0034], Finished
    14 00 00 30 ea 14 f1 a0 99 60 6f 6a aa cc c2 44
    60 9f a5 5e cf 1f 40 4d 15 48 d6 8a 86 1e dc 90
    a5 b7 4b 7b 4c 07 84 7b b5 40 00 ca cd 32 b8 ee
    7e c6 6d 58
---
Certificate chain
 0 s:CN=server.example
   i:CN=Root CA
   a:PKEY: RSA, 2048 (bit); sigalg: sha256WithRSAEncryption
   v:NotBefore: Jan 14 22:29:46 2016 GMT; NotAfter: Jan 15 22:29:46 2116 GMT
---
Server certificate
-----BEGIN CERTIFICATE-----
MIIDJTCCAg2gAwIBAgIBAjANBgkqhkiG9w0BAQsFADASMRAwDgYDVQQDDAdSb290
IENBMCAXDTE2MDExNDIyMjk0NloYDzIxMTYwMTE1MjIyOTQ2WjAZMRcwFQYDVQQD
DA5zZXJ2ZXIuZXhhbXBsZTCCASIwDQYJKoZIhvcNAQEBBQADggEPADCCAQoCggEB
ANVdYGrf/GHuSKqMEUhDpW22Ul2qmEmxYZI1sfw6BCUMbXn/tNXJ6VwcO+Crs7h9
o95tveDd11q/FEcRQl6mgtBhwX/dE0bmCYUHDvLU/Bpk0gqtIKsga5bwrczEGVNV
3AEdpLPvirRJU12KBRzx3OFEv8XX4ncZV1yXC3XuiENxD8pswbSyUKd3RmxYDxG/
8XYkWq45QrdRZynh0FUwbxfkkeqt+CjCQ2+iZKn7nZiSYkg+6w1PgkqK/z9y7pa1
rqHBmLrvfZB1bf9aUp6r9cB+0IdD24UHBw99OHr90dPuZR3T6jlqhzfuStPgDW71
cKzCvfFu85KVXqnwoWWVk40CAwEAAaN9MHswHQYDVR0OBBYEFMDnhL/oWSczELBS
T1FSLwbWwHrNMB8GA1UdIwQYMBaAFHB/Lq6DaFmYBCMqzes+F80k3QFJMAkGA1Ud
EwQCMAAwEwYDVR0lBAwwCgYIKwYBBQUHAwEwGQYDVR0RBBIwEIIOc2VydmVyLmV4
YW1wbGUwDQYJKoZIhvcNAQELBQADggEBAHvTBEN1ig8RrsT716Ginv4gGNX0LzGI
RrZ1jO7lm5emuaPNYJpGw0iX5Zdo91qGNXPZaZ75X3S55pQTActq3OPEBOll2pyk
iyjz+Zp/v5cfRZLlBbFW5gv2R94eibYr4U3fSn4B0yPcl4xH/l/HzJhGDsSDW8qK
8VIJvmvsPwmL0JMCv+FR59F+NFYZdND/KCXet59WUpF9ICmFCoBEX3EyJXEPwhbi
X2sdPzJbCjx0HLli8e0HUKNttLQxCsBTRGo6iISLLamwN47mGDa9miBADwGSiz2q
YeeuLO02zToHhnQ6KbPXOrQAqcL1kngO4g+j/ru+4AZThFkdkGnltvk=
-----END CERTIFICATE-----
subject=CN=server.example
issuer=CN=Root CA
---
No client certificate CA names sent
Peer signing digest: SHA256
Peer signature type: rsa_pss_rsae_sha256
Negotiated TLS1.3 group: X25519MLKEM768
---
SSL handshake has read 2546 bytes and written 1702 bytes
Verification error: unable to verify the first certificate
---
New, TLSv1.3, Cipher is TLS_AES_256_GCM_SHA384
Protocol: TLSv1.3
Server public key is 2048 bit
This TLS version forbids renegotiation.
Compression: NONE
Expansion: NONE
No ALPN negotiated
Early data was not sent
Verify return code: 21 (unable to verify the first certificate)
---
>>> TLS 1.2, RecordHeader [length 0005]
    17 03 03 00 13
>>> TLS 1.2, InnerContent [length 0001]
    15
>>> TLS 1.3, Alert [length 0002], warning close_notify
    01 00
Connecting to 127.0.0.1
SSL_connect:before SSL initialization
SSL_connect:SSLv3/TLS write client hello
SSL_connect:SSLv3/TLS write client hello
SSL_connect:SSLv3/TLS read server hello
SSL_connect:SSLv3/TLS write change cipher spec
SSL_connect:SSLv3/TLS write client hello
SSL_connect:SSLv3/TLS write client hello
SSL_connect:SSLv3/TLS read server hello
Can't use SSL_get_servername
SSL_connect:TLSv1.3 read encrypted extensions
depth=0 CN=server.example
verify error:num=20:unable to get local issuer certificate
verify return:1
depth=0 CN=server.example
verify error:num=21:unable to verify the first certificate
verify return:1
depth=0 CN=server.example
verify return:1
SSL_connect:SSLv3/TLS read server certificate
SSL_connect:TLSv1.3 read server certificate verify
SSL_connect:SSLv3/TLS read finished
SSL_connect:SSLv3/TLS write finished
DONE
SSL3 alert write:warning:close notify
