CONNECTED(00000003)
>>> TLS 1.0, RecordHeader [length 0005]
    16 03 01 00 d6
>>> TLS 1.3, Handshake [length 00d6], ClientHello
    01 00 00 d2 03 03 9e 9c 3a 19 27 9a ad 56 56 53
    07 6c a5 f6 46 04 2f 3e 73 37 e6 fd 7a 0e 3b 03
    8d b8 4e 1b 75 f7 20 86 82 5a da 70 58 64 09 7b
    60 9e fb 3b 33 f8 99 85 20 32 cd 9e 20 f9 79 22
    47 9c c1 fa 2d 64 a8 00 06 13 02 13 03 13 01 01
    00 00 83 00 0b 00 04 03 00 01 02 00 0a 00 06 00
    04 11 ec 00 1d 00 23 00 00 00 16 00 00 00 17 00
    00 00 0d 00 2a 00 28 09 05 09 06 09 04 04 03 05
    03 06 03 08 07 08 08 08 1a 08 1b 08 1c 08 09 08
    0a 08 0b 08 04 08 05 08 06 04 01 05 01 06 01 00
    2b 00 03 02 03 04 00 2d 00 02 01 01 00 33 00 26
    00 24 00 1d 00 20 68 9d 21 70 5a b9 c0 0b b7 5c
    9b a1 0a b3 87 8d bd e4 c0 49 19 5c 31 40 e4 6d
    b9 92 2e 91 af 09
<<< TLS 1.2, RecordHeader [length 0005]
    16 03 03 00 58
<<< TLS 1.3, Handshake [length 0058], ServerHello
    02 00 00 54 03 03 cf 21 ad 74 e5 9a 61 11 be 1d
    8c 02 1e 65 b8 91 c2 a2 11 16 7a bb 8c 5e 07 9e
    09 e2 c8 a8 33 9c 20 86 82 5a da 70 58 64 09 7b
    60 9e fb 3b 33 f8 99 85 20 32 cd 9e 20 f9 79 22
    47 9c c1 fa 2d 64 a8 13 02 00 00 0c 00 2b 00 02
    03 04 00 33 00 02 11 ec
>>> TLS 1.2, RecordHeader [length 0005]
    14 03 03 00 01
>>> TLS 1.3, ChangeCipherSpec [length 0001]
    01
>>> TLS 1.2, RecordHeader [length 0005]
    16 03 03 05 76
>>> TLS 1.3, Handshake [length 0576], ClientHello
    01 00 05 72 03 03 9e 9c 3a 19 27 9a ad 56 56 53
    07 6c a5 f6 46 04 2f 3e 73 37 e6 fd 7a 0e 3b 03
    8d b8 4e 1b 75 f7 20 86 82 5a da 70 58 64 09 7b
    60 9e fb 3b 33 f8 99 85 20 32 cd 9e 20 f9 79 22
    47 9c c1 fa 2d 64 a8 00 06 13 02 13 03 13 01 01
    00 05 23 00 0b 00 04 03 00 01 02 00 0a 00 06 00
    04 11 ec 00 1d 00 23 00 00 00 16 00 00 00 17 00
    00 00 0d 00 2a 00 28 09 05 09 06 09 04 04 03 05
    03 06 03 08 07 08 08 08 1a 08 1b 08 1c 08 09 08
    0a 08 0b 08 04 08 05 08 06 04 01 05 01 06 01 00
    2b 00 03 02 03 04 00 2d 00 02 01 01 00 33 04 c6
    04 c4 11 ec 04 c0 44 78 84 f9 e0 45 5e ac c5 e2
    2c 4d 30 f0 7f 9f 77 c6 fd f7 77 01 91 33 0a 26
    99 32 42 29 14 c0 2c d0 49 b5 58 6c c8 1e e5 72
    6a d0 47 f9 f9 75 3d b8 4d 90 91 aa b7 ab 5f 61
    68 14 5f a3 a4 22 b1 49 f1 94 78 46 63 b2 03 54
    93 69 f8 a0 cc 82 2a 57 52 a1 c6 c7 3c 5a 68 26
    fe 79 31 ff 66 a3 e3 fa 6b cc 18 b0 35 ba 9b 78
    d1 b0 57 0b 3f b0 ec b3 04 ac 23 35 44 5d ac 0a
    ab 52 71 83 7b ca 84 00 95 b9 8f 70 1b 1a d8 15
    9a 81 4f 2b f0 90 b5 55 5f 5d 77 98 6e a0 0c 75
    89 47 7c 08 ae 9b 2a 10 e0 71 24 09 b6 79 35 8a
    bf 01 6c 6b 3e 5b 72 ca 1c 6a 57 a3 cd 51 09 bb
    b3 b3 79 e1 86 63 19 f5 1f 39 17 a9 43 20 17 15
    70 8d 0a e7 75 15 e3 b9 a8 3b be 9a 08 cc fb 23
    9c 6f d7 19 ce f4 9a 25 57 8b c2 99 ba 1f c4 ab
    78 93 6d 5c b7 57 e2 f2 17 9e 91 2a 2c 6b 8b 5f
    53 b0 79 09 67 6b 02 83 47 2a 83 6c 08 01 dd 44
    c0 5d a4 45 32 76 25 b2 91 7f 24 f4 8e 9b 39 bc
    03 ba 31 06 37 97 49 25 29 38 9b 5d c5 76 09 d1
    a4 55 e7 7c a6 55 f7 a2 77 06 6c f0 b9 be cc 38
    b4 32 e2 cb 00 aa 9f 94 10 24 d9 da 64 64 a0 23
    95 d5 83 07 17 72 c7 d1 62 74 97 8a 47 75 33 d4
    6b 73 f5 87 67 23 82 09 a8 22 99 b0 1a 3a c5 59
    59 10 8b 07 f9 1a 05 c0 06 48 ac 75 09 c6 d7 b0
    23 74 7e b9 47 46 aa 8a 17 6a d4 a8 81 d7 5e f6
    5b 1a 36 32 2f c1 d1 aa be c0 13 12 91 a1 69 d4
    33 67 92 24 85 03 38 2c 53 c9 6b 68 9f a1 5c 4b
    52 42 c1 49 e9 ab 1c 90 b1 ef 9c ca b9 62 1c 90
    49 65 25 31 6a 9d 3c 3d 19 2c a5 e3 15 c3 4a 06
    6e 6b ab 15 96 50 4c cd 77 72 f1 f1 b3 53 98 73
    34 21 ad df 72 7b 45 57 03 9c 50 a2 0c 38 c9 01
    94 c8 84 6b 88 95 61 70 f5 bb b9 5c 5a 29 49 4b
    a2 1e a6 55 62 f5 00 bc db 13 0a 53 7f df ba 04
    4d 78 bd 48 31 1b ac 6a 47 0c 06 6c 1e 83 93 33
    f3 6a d2 f1 10 ea 88 0e fd 76 9c 7a e5 1d 37 8b
    29 db 61 28 85 f7 42 81 ea 06 80 07 44 46 30 97
    be 93 8d 84 f8 cc 19 30 7f bd 48 18 f0 06 cc 1a
    d4 29 fe 49 0c d9 6b 53 e4 db 90 16 62 c0 fd fb
    7c d8 2b 4e d0 40 77 90 e0 af f6 33 05 f8 86 8d
    32 98 11 2a 95 b4 ba 86 20 cb 11 62 bd bb 75 d0
    68 74 2a a7 3f b8 63 6e ae a5 71 b0 c4 a9 9c 74
    c1 80 38 a9 c2 e8 56 22 e4 97 d3 a8 62 43 d8 8f
    12 64 65 ab 46 3a 0a 28 11 8e 6c 1c c4 69 94 b3
    3c 23 3c b6 c3 dd 3a a2 93 aa ad 6f 87 b6 8f d5
    ab 5e 5a 61 d9 e4 92 c6 38 4f 26 cc 48 0b 0a 6d
    24 14 42 61 12 26 77 16 8e fa 6c 95 c5 09 18 3b
    fc 8a f5 c2 ab e2 92 c0 a5 14 19 94 27 15 94 46
    bb 40 90 8b e5 05 8a 19 57 77 d4 07 84 dd 27 1a
    18 c2 64 ee 34 0b fe f0 72 d4 00 a3 19 65 52 eb
    b2 bd 52 21 3a 19 03 ac 8d 3b 24 0e 53 22 c4 30
    b8 66 00 65 bb 99 32 44 31 a9 48 33 47 1f db 5e
    9f bc 9c 24 e9 86 76 76 76 fa 06 82 ba eb ad 19
    79 74 b0 54 68 b4 37 69 6c 93 7b 19 f3 ad 3b 42
    99 dc 3c 01 3a c3 0f 91 f5 a3 b5 96 16 ff 8a b0
    7b 2b 90 5e 8c 7d 04 02 05 3b fa 5d 15 95 08 61
    47 93 3b 1b 1c a2 48 c3 0a 29 5f 32 7a ab d4 ca
    69 df a4 8b 94 e2 c9 9c 66 5a f8 d0 93 68 54 ad
    af 98 5f 22 26 4d 6a 15 1c aa 1b 76 a3 e0 34 f6
    10 87 26 e3 21 b1 63 49 13 fc 3c d5 f4 2f 0b 28
    b4 33 fb 82 15 29 90 ad b4 3f df 79 ca 97 7b 9b
    da c6 20 b9 2b 19 c0 f7 2a cd 46 ce a4 4c 0e 0f
    e1 a1 77 88 b5 c2 3c bc 5f 19 74 c6 a9 8b 70 00
    8b a7 b1 65 da 48 1b b1 89 8f aa 18 b1 29 d8 45
    2a 05 44 29 26 2d 0e 79 b1 38 c0 61 c4 a3 00 0a
    c3 b2 a9 74 1e 81 30 91 67 c3 c0 bb a0 2f 28 67
    45 2b 2a b4 3a 86 5f 2d 09 ab 47 11 a8 55 b5 75
    20 d8 27 e5 79 17 b4 4c b0 14 f4 b8 fa b8 51 ef
    b3 87 82 21 bd ed 76 c4 fc 26 01 4b 41 92 a7 11
    01 69 3b c6 34 dc b5 98 3c 7a 2f c2 54 ac a1 45
    cb 36 1e 5a 13 24 6b 38 44 80 c0 57 b1 d5 31 76
    75 b6 f7 fb 11 64 64 3e 00 81 14 dd 61 2f b9 f2
    b4 f4 fa 2c 9f 29 96 cc e7 2c a3 e0 53 70 d8 10
    23 c7 67 0d b5 70 ae 4a b7 b2 6a 03 27 8a 54 ad
    e3 98 a5 d2 2c 11 fc d8 b6 e4 4a 5d f8 ea 9d 39
    68 37 6a a2 91 c7 90 f4 76 3b ef 8a b5 7a 06 e1
    c1 91 80 63 42 b2 0a 47 3c 28 3f f7 4f 65 ad 1b
    1f e3 d0 79 2b 76
<<< TLS 1.2, RecordHeader [length 0005]
    14 03 03 00 01
<<< TLS 1.3, ChangeCipherSpec [length 0001]
    01
<<< TLS 1.2, RecordHeader [length 0005]
    16 03 03 04 ba
<<< TLS 1.3, Handshake [length 04ba], ServerHello
    02 00 04 b6 03 03 16 d8 2a 3e 34 e1 11 fb 8d 94
    af 0c 2a cd e8 bc 3b 59 d4 56 de 70 6b 3c 45 19
    b9 5d ff 69 37 28 20 86 82 5a da 70 58 64 09 7b
    60 9e fb 3b 33 f8 99 85 20 32 cd 9e 20 f9 79 22
    47 9c c1 fa 2d 64 a8 13 02 00 04 6e 00 2b 00 02
    03 04 00 33 04 64 11 ec 04 60 ab a2 df fb 4f c6
    63 df 95 8a 3b 6c bb 20 fd 93 39 5d 87 fe 65 fc
    2d 6b d9 96 9d d7 df 13 32 f0 37 34 2c 23 e5 53
    55 21 f9 bc ff 9a 13 24 fd b8 fa 13 0d b5 b5 d3
    ba fe f3 1a a1 02 d5 3e b3 77 a8 83 93 58 bb ed
    3b 92 47 39 c3 f9 c8 37 76 8f 19 df 84 20 36 21
    0e 4a be 2e 08 0b 3f 96 63 17 fb 11 15 df 26 ad
    f4 75 7b 56 20 59 0c d7 a4 b6 34 70 a8 b9 7e 82
    d9 a9 51 d6 60 c3 06 b7 50 6a c3 ea 3f 4b 59 ee
    94 7a 57 55 05 24 ad 9b cc 7e 60 41 e4 ab 16 48
    af 6b 1f f3 e9 bd 74 c6 41 7b c1 c5 ae cc 21 6d
    67 cd da af 11 64 85 77 a7 ba b1 de 02 6a 39 fd
    0d c5 57 90 36 68 71 fa 01 42 29 bd cf f2 9f 15
    54 27 cb 32 19 b7 95 6d 08 47 42 06 b9 09 80 e5
    db f1 c0 bc e8 bd 30 92 92 a3 c8 a3 d9 c6 77 7f
    db 52 29 1c 50 dd a3 ef fb 0f 80 aa 76 46 f6 98
    02 aa 51 33 55 45 34 06 09 1b 22 66 04 a2 43 c6
    8f 4a 33 56 1c d0 99 e0 15 79 64 f9 71 eb b2 d6
    2e 8d 98 ce 45 1c 87 91 51 46 5d 8b 04 a4 7b b5
    aa fd 3d ad ed b3 87 72 54 1f 8c b1 59 5a 5b 0f
    7c fc 80 7a 3d 12 94 9b 3f 97 a9 57 84 b2 2e b1
    cb 59 8c a1 c5 d9 45 49 2e 6c fa df c0 d8 0f 99
    b7 8f f9 72 59 59 e5 51 a6 75 44 1d fc fe e7 b1
    7b 45 13 67 b9 75 22 84 a6 2b a0 cf ca 6f 8c 98
    34 b0 7b 4a 64 e4 e2 8d 0c 71 dc 8e f9 e3 f5 01
    35 c6 c1 af 07 88 92 87 e2 a6 02 8c ab c4 15 18
    f5 83 21 97 f6 c9 2f e1 dc 97 e8 25 ff 98 60 4e
    17 e7 1b d4 ad 5e eb 64 59 2d 5e 2a 71 5c 1a 83
    40 4e d2 4b a1 37 a8 8f b6 25 90 f4 e4 b1 d1 87
    76 02 72 0f 51 d9 f3 62 a1 f6 a2 c2 68 1f ec a2
    e3 f9 0e 68 b2 b7 9e d9 8c 28 8e 52 3a 64 07 ea
    5b 43 f8 a7 58 be 24 27 cc 90 09 e6 f9 e1 6a 77
    7f ce 28 e0 9f 7c 5a a9 81 0e 0c bd 0b 65 91 a7
    96 c1 e8 bf ec 96 f9 f0 e4 c6 23 e0 63 bb 70 a9
    c6 a6 b8 c2 2a 9a 0d a5 c1 c0 d0 41 a0 02 4b fd
    49 6c 67 75 33 12 5d cc 55 d3 45 6a a0 00 ff 07
    13 d1 2e 8a ef c7 a2 c8 06 a3 46 78 77 64 f6 bb
    6f ba a3 0b 5f 4e 3d 29 46 c2 4d 45 c9 6a 05 66
    b9 f2 68 58 9b 99 29 7d 89 87 0d 6d 97 58 66 fe
    47 98 b5 07 40 93 37 d9 00 27 93 29 8b 28 63 ee
    ee da 77 b8 ee 67 c2 2a c6 11 e2 59 0d 58 2a 68
    41 ea d9 55 9f bd 60 07 99 15 da cf 27 4e 84 b7
    69 64 12 44 eb 99 a5 86 36 22 15 7b 32 f7 b0 4d
    50 b2 82 45 a7 f1 39 c5 5d 76 34 c7 48 b0 04 c4
    cb 88 5a 26 1b 84 de 09 ad c1 38 f5 c6 5f f7 33
    8a 0f c5 12 1f 92 df 9c c7 ca c1 2d cd 24 4b 0b
    d4 41 c6 7e 29 82 d0 cd 43 e6 1a 96 5c 53 e5 94
    13 d5 cf f9 c5 bd c8 9a 83 56 9a 36 1b 33 fe 8f
    96 91 57 00 b4 2a 21 de b9 b8 99 04 e7 24 4b 69
    e6 47 1c df e0 89 76 63 b6 34 f2 b7 b6 f2 db 30
    3e 54 09 58 27 2a 25 46 1b 40 9b 26 52 bf 3a 7f
    fd 1b 59 73 5b 9d aa 40 cb 66 e3 cc 6d 8b 01 7e
    9d 62 9b 45 c5 21 05 c1 f0 43 f3 f5 39 c6 e7 9f
    a3 ae 30 b8 40 ca d0 2c 3a 59 2c 11 c0 fe d9 3a
    21 24 28 cf 02 50 00 c4 9a 41 91 ac 78 18 85 b0
    2b 05 0c 77 97 58 ce e8 6f fa c0 60 3b b4 b9 47
    4f 37 77 d6 58 2a d4 b6 4e 16 85 ac 5e 7e 5d 33
    b8 0c a4 09 c3 00 7d 4b 87 ac 42 77 ad c8 be 63
    23 ec ac d3 93 06 f2 32 e1 74 c6 e1 b0 95 33 d0
    38 cb 69 a6 d9 a2 da 2b 52 e3 d3 81 06 79 1c b1
    8e 40 a8 a3 bc dc 81 e2 54 3d b7 87 ab ee f6 59
    57 7f fb 17 cd 0d 38 b8 34 34 bc f6 5d dd 61 f1
    9a 00 1c f1 a3 6a 55 19 a3 45 3c 66 37 02 47 66
    18 f2 69 0f 52 9a e9 db 67 c4 39 34 cf eb 57 fa
    32 b1 52 de a3 84 89 f6 34 f9 63 93 19 0f d1 c0
    2b 3a 50 47 24 f4 85 1e 2d 52 f6 82 15 f8 5a a5
    17 63 42 5e eb 6a 93 02 36 1f 2b 02 36 28 f5 ec
    b8 04 ac 86 ac a5 f0 a8 fb 13 73 a4 0a 36 ab a7
    f7 f4 10 14 ce 6e d8 c8 08 50 80 27 e6 d2 f8 bf
    0e af f6 a8 68 22 5b 0d e5 78 4f 5f b2 c1 ae ae
    5c 26 26 ea b2 35 8d 7f c7 56
<<< TLS 1.2, RecordHeader [length 0005]
    17 03 03 00 17
<<< TLS 1.3, InnerContent [length 0001]
    16
<<< TLS 1.3, Handshake [length 0006], EncryptedExtensions
    08 00 00 02 00 00
<<< TLS 1.2, RecordHeader [length 0005]
    17 03 03 03 47
<<< TLS 1.3, InnerContent [length 0001]
    16
<<< TLS 1.3, Handshake [length 0336], Certificate
    0b 00 03 32 00 00 03 2e 00 03 29 30 82 03 25 30
    82 02 0d a0 03 02 01 02 02 01 02 30 0d 06 09 2a
    86 48 86 f7 0d 01 01 0b 05 00 30 12 31 10 30 0e
    06 03 55 04 03 0c 07 52 6f 6f 74 20 43 41 30 20
    17 0d 31 36 30 31 31 34 32 32 32 39 34 36 5a 18
    0f 32 31 31 36 30 31 31 35 32 32 32 39 34 36 5a
    30 19 31 17 30 15 06 03 55 04 03 0c 0e 73 65 72
    76 65 72 2e 65 78 61 6d 70 6c 65 30 82 01 22 30
    0d 06 09 2a 86 48 86 f7 0d 01 01 01 05 00 03 82
    01 0f 00 30 82 01 0a 02 82 01 01 00 d5 5d 60 6a
    df fc 61 ee 48 aa 8c 11 48 43 a5 6d b6 52 5d aa
    98 49 b1 61 92 35 b1 fc 3a 04 25 0c 6d 79 ff b4
    d5 c9 e9 5c 1c 3b e0 ab b3 b8 7d a3 de 6d bd e0
    dd d7 5a bf 14 47 11 42 5e a6 82 d0 61 c1 7f dd
    13 46 e6 09 85 07 0e f2 d4 fc 1a 64 d2 0a ad 20
    ab 20 6b 96 f0 ad cc c4 19 53 55 dc 01 1d a4 b3
    ef 8a b4 49 53 5d 8a 05 1c f1 dc e1 44 bf c5 d7
    e2 77 19 57 5c 97 0b 75 ee 88 43 71 0f ca 6c c1
    b4 b2 50 a7 77 46 6c 58 0f 11 bf f1 76 24 5a ae
    39 42 b7 51 67 29 e1 d0 55 30 6f 17 e4 91 ea ad
    f8 28 c2 43 6f a2 64 a9 fb 9d 98 92 62 48 3e eb
    0d 4f 82 4a 8a ff 3f 72 ee 96 b5 ae a1 c1 98 ba
    ef 7d 90 75 6d ff 5a 52 9e ab f5 c0 7e d0 87 43
    db 85 07 07 0f 7d 38 7a fd d1 d3 ee 65 1d d3 ea
    39 6a 87 37 ee 4a d3 e0 0d 6e f5 70 ac c2 bd f1
    6e f3 92 95 5e a9 f0 a1 65 95 93 8d 02 03 01 00
    01 a3 7d 30 7b 30 1d 06 03 55 1d 0e 04 16 04 14
    c0 e7 84 bf e8 59 27 33 10 b0 52 4f 51 52 2f 06
    d6 c0 7a cd 30 1f 06 03 55 1d 23 04 18 30 16 80
    14 70 7f 2e ae 83 68 59 98 04 23 2a cd eb 3e 17
    cd 24 dd 01 49 30 09 06 03 55 1d 13 04 02 30 00
    30 13 06 03 55 1d 25 04 0c 30 0a 06 08 2b 06 01
    05 05 07 03 01 30 19 06 03 55 1d 11 04 12 30 10
    82 0e 73 65 72 76 65 72 2e 65 78 61 6d 70 6c 65
    30 0d 06 09 2a 86 48 86 f7 0d 01 01 0b 05 00 03
    82 01 01 00 7b d3 04 43 75 8a 0f 11 ae c4 fb d7
    a1 a2 9e fe 20 18 d5 f4 2f 31 88 46 b6 75 8c ee
    e5 9b 97 a6 b9 a3 cd 60 9a 46 c3 48 97 e5 97 68
    f7 5a 86 35 73 d9 69 9e f9 5f 74 b9 e6 94 13 01
    cb 6a dc e3 c4 04 e9 65 da 9c a4 8b 28 f3 f9 9a
    7f bf 97 1f 45 92 e5 05 b1 56 e6 0b f6 47 de 1e
    89 b6 2b e1 4d df 4a 7e 01 d3 23 dc 97 8c 47 fe
    5f c7 cc 98 46 0e c4 83 5b ca 8a f1 52 09 be 6b
    ec 3f 09 8b d0 93 02 bf e1 51 e7 d1 7e 34 56 19
    74 d0 ff 28 25 de b7 9f 56 52 91 7d 20 29 85 0a
    80 44 5f 71 32 25 71 0f c2 16 e2 5f 6b 1d 3f 32
    5b 0a 3c 74 1c b9 62 f1 ed 07 50 a3 6d b4 b4 31
    0a c0 53 44 6a 3a 88 84 8b 2d a9 b0 37 8e e6 18
    36 bd 9a 20 40 0f 01 92 8b 3d aa 61 e7 ae 2c ed
    36 cd 3a 07 86 74 3a 29 b3 d7 3a b4 00 a9 c2 f5
    92 78 0e e2 0f a3 fe bb be e0 06 53 84 59 1d 90
    69 e5 b6 f9 00 00
<<< TLS 1.2, RecordHeader [length 0005]
    17 03 03 01 19
<<< TLS 1.3, InnerContent [length 0001]
    16
<<< TLS 1.3, Handshake [length 0108], CertificateVerify
    0f 00 01 04 08 04 01 00 3a 2d e2 c5 be 33 8f 1c
    37 42 0f 57 a9 dc d1 09 35 14 cc 99 b3 db 48 74
    b0 6a 62 83 7a 78 d4 da 56 40 e5 58 bb 83 fd b3
    e7 32 a4 ab 4f 82 97 04 2b bb 8c 50 5f 65 0d c0
    4f 71 1e eb 2c 77 37 47 67 dc 9f aa cc f9 81 af
    28 df 1e 74 3c ed 2e fc 5b de 23 0a c7 91 4c cc
    4a 95 92 78 1c fc f2 15 27 25 54 b6 f2 9a 2c 10
    c1 d6 9d 25 33 a7 d4 0f fd 0b 41 36 1e a1 cf f8
    db ed f9 2c 9d d4 5c de b5 df 37 ec d5 a9 a3 b8
    c2 75 a0 aa 72 d7 f4 ee 8f 97 3d fa 9b a3 b6 6b
    0c a5 8c 9e 51 40 da 2c 2a 86 75 70 1a 75 7f 3d
    64 54 dd fe fb 8a 27 31 fc 03 73 68 e5 f7 dd fd
    33 72 b8 94 db 0a 9a 61 e1 ed 83 5f 00 ac 02 ac
    88 93 ea d4 1e ae 7a 00 42 52 7f 99 70 24 35 e8
    d8 6a e6 21 93 00 29 bf 07 85 1e 12 65 03 f3 b8
    30 6a 28 5b ef 83 e4 99 e1 74 ee 18 86 22 d8 ad
    2d 75 c8 df 67 b2 16 b6
<<< TLS 1.2, RecordHeader [length 0005]
    17 03 03 00 45
<<< TLS 1.3, InnerContent [length 0001]
    16
<<< TLS 1.3, Handshake [length 0034], Finished
    14 00 00 30 92 c4 11 f1 42 d5 52 32 4b b2 24 98
    56 8b 90 44 29 74 92 7a 3a 4c 0e 29 a5 9a 9a f3
    d8 f5 2f 18 64 08 e9 41 32 bb 4c a3 25 53 7d 39
    a8 57 09 47
>>> TLS 1.2, RecordHeader [length 0005]
    17 03 03 00 45
>>> TLS 1.2, InnerContent [length 0001]
    16
>>> TLS 1.3, Handshake [length 0034], Finished
    14 00 00 30 1a 53 72 93 40 f9 3d b8 42 5c 83 31
    f4 71 52 56 77 6e 62 4d 56 92 56 f9 4a 4a 15 b9
    34 39 52 6c 28 2c 1c 68 9f be 91 dc 9c 2e a2 64
    61 ba 3b 62
---
Certificate chain
 0 s:CN=server.example
   i:CN=Root CA
   a:PKEY: RSA, 2048 (bit); sigalg: sha256WithRSAEncryption
   v:NotBefore: Jan 14 22:29:46 2016 GMT; NotAfter: Jan 15 22:29:46 2116 GMT
---
Server certificate
-----BEGIN CERTIFICATE-----
MIIDJTCCAg2gAwIBAgIBAjANBgkqhkiG9w0BAQsFADASMRAwDgYDVQQDDAdSb290
IENBMCAXDTE2MDExNDIyMjk0NloYDzIxMTYwMTE1MjIyOTQ2WjAZMRcwFQYDVQQD
DA5zZXJ2ZXIuZXhhbXBsZTCCASIwDQYJKoZIhvcNAQEBBQADggEPADCCAQoCggEB
ANVdYGrf/GHuSKqMEUhDpW22Ul2qmEmxYZI1sfw6BCUMbXn/tNXJ6VwcO+Crs7h9
o95tveDd11q/FEcRQl6mgtBhwX/dE0bmCYUHDvLU/Bpk0gqtIKsga5bwrczEGVNV
3AEdpLPvirRJU12KBRzx3OFEv8XX4ncZV1yXC3XuiENxD8pswbSyUKd3RmxYDxG/
8XYkWq45QrdRZynh0FUwbxfkkeqt+CjCQ2+iZKn7nZiSYkg+6w1PgkqK/z9y7pa1
rqHBmLrvfZB1bf9aUp6r9cB+0IdD24UHBw99OHr90dPuZR3T6jlqhzfuStPgDW71
cKzCvfFu85KVXqnwoWWVk40CAwEAAaN9MHswHQYDVR0OBBYEFMDnhL/oWSczELBS
T1FSLwbWwHrNMB8GA1UdIwQYMBaAFHB/Lq6DaFmYBCMqzes+F80k3QFJMAkGA1Ud
EwQCMAAwEwYDVR0lBAwwCgYIKwYBBQUHAwEwGQYDVR0RBBIwEIIOc2VydmVyLmV4
YW1wbGUwDQYJKoZIhvcNAQELBQADggEBAHvTBEN1ig8RrsT716Ginv4gGNX0LzGI
RrZ1jO7lm5emuaPNYJpGw0iX5Zdo91qGNXPZaZ75X3S55pQTActq3OPEBOll2pyk
iyjz+Zp/v5cfRZLlBbFW5gv2R94eibYr4U3fSn4B0yPcl4xH/l/HzJhGDsSDW8qK
8VIJvmvsPwmL0JMCv+FR59F+NFYZdND/KCXet59WUpF9ICmFCoBEX3EyJXEPwhbi
X2sdPzJbCjx0HLli8e0HUKNttLQxCsBTRGo6iISLLamwN47mGDa9miBADwGSiz2q
YeeuLO02zToHhnQ6KbPXOrQAqcL1kngO4g+j/ru+4AZThFkdkGnltvk=
-----END CERTIFICATE-----
subject=CN=server.example
issuer=CN=Root CA
---
No client certificate CA names sent
Peer signing digest: SHA256
Peer signature type: rsa_pss_rsae_sha256
Negotiated TLS1.3 group: X25519MLKEM768
---
SSL handshake has read 2546 bytes and written 1702 bytes
Verification error: unable to verify the first certificate
---
New, TLSv1.3, Cipher is TLS_AES_256_GCM_SHA384
Protocol: TLSv1.3
Server public key is 2048 bit
This TLS version forbids renegotiation.
Compression: NONE
Expansion: NONE
No ALPN negotiated
Early data was not sent
Verify return code: 21 (unable to verify the first certificate)
---
>>> TLS 1.2, RecordHeader [length 0005]
    17 03 03 00 13
>>> TLS 1.2, InnerContent [length 0001]
    15
>>> TLS 1.3, Alert [length 0002], warning close_notify
    01 00
Connecting to 127.0.0.1
SSL_connect:before SSL initialization
SSL_connect:SSLv3/TLS write client hello
SSL_connect:SSLv3/TLS write client hello
SSL_connect:SSLv3/TLS read server hello
SSL_connect:SSLv3/TLS write change cipher spec
SSL_connect:SSLv3/TLS write client hello
SSL_connect:SSLv3/TLS write client hello
SSL_connect:SSLv3/TLS read server hello
Can't use SSL_get_servername
SSL_connect:TLSv1.3 read encrypted extensions
depth=0 CN=server.example
verify error:num=20:unable to get local issuer certificate
verify return:1
depth=0 CN=server.example
verify error:num=21:unable to verify the first certificate
verify return:1
depth=0 CN=server.example
verify return:1
SSL_connect:SSLv3/TLS read server certificate
SSL_connect:TLSv1.3 read server certificate verify
SSL_connect:SSLv3/TLS read finished
SSL_connect:SSLv3/TLS write finished
DONE
SSL3 alert write:warning:close notify
