CONNECTED(00000003)
>>> TLS 1.0, RecordHeader [length 0005]
    16 03 01 00 d6
>>> TLS 1.3, Handshake [length 00d6], ClientHello
    01 00 00 d2 03 03 61 a9 b8 8d 44 10 48 70 34 0a
    53 05 19 b9 11 30 3b 44 fe b0 54 c8 82 28 dc 85
    3e dc 48 1a d0 9a 20 1d 61 53 ce 9c 87 16 a2 b3
    8d 77 6c 40 df 3d ac 03 9c ea 3b 2e 9e 30 3f 5c
    22 d2 20 73 f3 a8 46 00 06 13 02 13 03 13 01 01
    00 00 83 00 0b 00 04 03 00 01 02 00 0a 00 06 00
    04 00 1d 11 ec 00 23 00 00 00 16 00 00 00 17 00
    00 00 0d 00 2a 00 28 09 05 09 06 09 04 04 03 05
    03 06 03 08 07 08 08 08 1a 08 1b 08 1c 08 09 08
    0a 08 0b 08 04 08 05 08 06 04 01 05 01 06 01 00
    2b 00 03 02 03 04 00 2d 00 02 01 01 00 33 00 26
    00 24 00 1d 00 20 fc 70 46 12 f2 0b 9c 2a aa 5d
    07 df 7e 79 85 84 d8 de 6f eb 54 47 4c 0b 43 e0
    5d dd d3 1d 92 5a
<<< TLS 1.2, RecordHeader [length 0005]
    16 03 03 00 58
<<< TLS 1.3, Handshake [length 0058], ServerHello
    02 00 00 54 03 03 cf 21 ad 74 e5 9a 61 11 be 1d
    8c 02 1e 65 b8 91 c2 a2 11 16 7a bb 8c 5e 07 9e
    09 e2 c8 a8 33 9c 20 1d 61 53 ce 9c 87 16 a2 b3
    8d 77 6c 40 df 3d ac 03 9c ea 3b 2e 9e 30 3f 5c
    22 d2 20 73 f3 a8 46 13 02 00 00 0c 00 2b 00 02
    03 04 00 33 00 02 11 ec
>>> TLS 1.2, RecordHeader [length 0005]
    14 03 03 00 01
>>> TLS 1.3, ChangeCipherSpec [length 0001]
    01
>>> TLS 1.2, RecordHeader [length 0005]
    16 03 03 05 76
>>> TLS 1.3, Handshake [length 0576], ClientHello
    01 00 05 72 03 03 61 a9 b8 8d 44 10 48 70 34 0a
    53 05 19 b9 11 30 3b 44 fe b0 54 c8 82 28 dc 85
    3e dc 48 1a d0 9a 20 1d 61 53 ce 9c 87 16 a2 b3
    8d 77 6c 40 df 3d ac 03 9c ea 3b 2e 9e 30 3f 5c
    22 d2 20 73 f3 a8 46 00 06 13 02 13 03 13 01 01
    00 05 23 00 0b 00 04 03 00 01 02 00 0a 00 06 00
    04 00 1d 11 ec 00 23 00 00 00 16 00 00 00 17 00
    00 00 0d 00 2a 00 28 09 05 09 06 09 04 04 03 05
    03 06 03 08 07 08 08 08 1a 08 1b 08 1c 08 09 08
    0a 08 0b 08 04 08 05 08 06 04 01 05 01 06 01 00
    2b 00 03 02 03 04 00 2d 00 02 01 01 00 33 04 c6
    04 c4 11 ec 04 c0 16 f5 c4 98 3a 8f 81 86 99 46
    04 7f 23 31 1b af 67 c6 9f 5a 85 d3 51 14 b6 82
    ca 51 40 0f ab 74 a2 44 91 0f 01 6c 48 3a 82 15
    a3 d7 14 5d 3a 95 d3 3b 33 11 62 6b 96 32 37 77
    92 25 80 d7 93 65 85 1a 0e 4b 71 30 f0 7a fb 21
    7b 61 b3 08 b0 41 cf 94 c0 3b 37 17 ae 5f 37 7b
    2a 91 5d f9 87 1f c0 12 93 4f c9 bf 04 1c 75 64
    a5 30 1d 5b bf ea a8 89 27 61 3b ff 8a b5 f5 c0
    08 5c ba 05 96 fa b6 aa 29 18 62 a7 12 c9 ab cd
    30 a6 61 45 b7 83 49 b0 b4 40 aa b3 9e 03 a5 44
    09 97 12 24 33 d8 23 47 06 9c 35 cf c6 04 e9 fb
    9a 32 c3 3b 0a 74 bc 26 e1 a4 85 61 9c b0 c6 64
    dc 61 c7 ba 50 82 7c a5 8a 16 da 44 2b f2 00 a2
    d5 3e f0 68 20 c5 59 6d 25 a8 15 ce 10 1f 30 30
    b1 6e 7b 27 4f b5 73 28 18 37 7b a6 a8 ef fb 25
    db 91 6e 20 96 ce 09 29 73 cd 29 92 09 b8 20 ec
    97 c6 02 22 86 18 b6 9a c8 84 59 8d 16 27 99 c5
    b6 74 88 a6 c7 a3 67 14 56 85 b6 85 0d 19 e3 9e
    1c e3 93 ae ea 73 da f9 30 1d 6c 96 7a 16 4b fa
    c5 8c 0c 62 88 2f 6b 1b 67 4c 48 6e e1 c2 9e d6
    12 1e 9a 7a 10 16 31 7e 9b 50 3d 47 cc a4 36 59
    6f 07 35 c9 58 6b eb c4 9f 5f 50 ba a3 a7 6c 35
    59 12 dc cb 6f b2 d4 75 1b 26 66 83 83 90 2e a0
    38 b3 bc c7 af b9 18 b4 62 5f f8 c3 30 89 69 bb
    22 fc ad ef 44 b4 1e cb 1d d7 9c 85 c9 49 ab 27
    66 67 65 31 cf e4 98 53 41 27 3b 46 c6 07 39 a0
    3d fd 5c 8c cc b8 bd c2 d3 50 7d eb 0b dc 91 24
    f1 88 56 2a d8 51 5c cb 93 ce b6 72 c4 6b 43 8c
    89 b1 ed 91 42 3a e6 0b af 82 31 73 66 08 71 3c
    21 49 27 45 bc d8 6b 67 10 53 0a 1c 4e ac 8c a6
    cd a5 8c 23 d2 4b 96 a1 2a 71 da c6 8f 68 68 f1
    eb 3c 9e bb cc 2a 82 7c 37 ca 58 98 08 90 b7 87
    b1 5a 7b 83 c5 b4 45 90 31 01 2f db 51 38 4c c5
    a7 c3 ad 48 6b 12 fe c3 67 87 fc ad ff 15 48 68
    a0 3e 72 71 22 7c 14 01 ec b9 be 7d 79 37 ff a0
    94 87 c0 8d c3 a4 79 e6 47 4f 95 c0 02 a2 b0 3e
    f8 12 99 26 62 1d ae 66 80 13 80 15 e0 d9 b6 f2
    f6 7f 46 72 0c fb 79 76 a8 60 ad 05 e4 4d 54 e1
    b1 c8 68 ac cd 5c 29 76 85 6e 3a d5 0b be 74 9b
    dd 08 aa 9a e8 3b 7c 40 3e fc 36 46 13 b3 20 8f
    18 65 db c8 24 db bb 22 f1 1a b9 46 30 6d fa ab
    5f 76 c4 68 e6 d9 05 55 da 37 09 17 b3 e8 29 64
    16 ba c0 ef 12 b9 f0 29 c3 9b 03 bf 97 7c 90 5a
    79 bd 25 56 7d c4 4a 44 5f b8 1e 39 e5 01 5b 10
    7f a4 5a 0c 72 58 55 98 c1 cc 1e 15 28 5a b7 62
    52 1b 8e d4 13 b5 31 47 9d ea cc 7d bc 04 5d 26
    73 aa 63 f2 85 f3 b2 5a 23 b6 3a 0f 95 10 f4 07
    c8 6e 68 bc 55 60 77 b7 37 83 29 59 2c 81 52 69
    ce ac 8d ca 0c 51 27 fc 9e 50 75 0e ba b4 86 a4
    b7 83 8d 41 c1 c4 d9 1e a9 a6 59 49 9b 55 4a 6b
    93 9d c2 60 fa f5 22 90 3c 7f bd 00 98 9a 62 20
    ad 92 5d bb 0b 86 4e e1 ad 3c 12 9f e6 d8 b9 e8
    c6 63 4f 03 55 07 b6 95 2e 5a 96 80 ec 15 fd 62
    0f 89 58 80 c4 4c af e7 54 96 17 41 49 71 62 8c
    a3 57 8f 4b 50 bd 16 f7 c6 f5 58 38 04 84 26 70
    d6 75 e4 c1 19 50 c9 bc 13 fa 96 72 b2 91 4e 52
    01 86 b2 9f 89 d2 93 fe 02 6d 2b 66 a9 89 76 91
    02 86 1a 8b c9 04 34 26 57 c8 a5 49 98 52 a3 2f
    b0 47 ed 16 b5 de a8 3e c5 c8 ad 50 53 88 25 34
    45 c7 19 03 53 58 72 16 ec 1d ef e1 bc 24 c7 3b
    64 f6 13 29 00 6b 81 72 4c 7d 61 1b 90 70 2b ce
    d6 80 b5 f6 a2 9b c3 2d a8 f6 94 b7 d7 64 f3 b3
    8f cd f0 19 55 a2 95 6b a6 7b 28 79 86 6c 53 1c
    46 d9 61 17 15 5e f5 a7 0d 8c 4c 19 8f 2a 30 9f
    21 b2 10 2a cd 07 8a 1c 24 d2 5f 1b 02 99 e6 60
    bc 72 6c 1b 40 ac 88 b4 13 b3 44 9c 73 a8 a8 cf
    22 d1 1d c9 e9 04 c9 46 b4 ae 81 48 cd b2 ba e2
    43 8b ed 3a 52 b9 54 c5 47 e9 70 bf a2 03 62 7a
    32 9d a0 54 3b e0 8a 28 f1 70 23 cb 37 d2 f0 03
    dc 8c 54 47 91 cb 21 79 4e 2c 0a 15 da c3 37 06
    c5 25 cf 26 a1 42 fb bc 62 56 a9 18 44 19 46 69
    bf a4 59 2d 47 a7 33 d2 31 46 99 84 ab e2 1c 3f
    3d f5 5b a8 87 2c e7 6a a9 8d 4a ec c7 e6 40 fc
    9e 95 88 51 7e 0d 35 7b c7 bb 65 0e b9 44 dc 2e
    15 4f 26 25 1c 26 e6 9c 6c 56 3c f9 f5 65 da 32
    36 58 88 ef 0e 41 47 ad a0 a7 af ab e7 8b 63 f6
    43 dd dd 83 6e 41
<<< TLS 1.2, RecordHeader [length 0005]
    14 03 03 00 01
<<< TLS 1.3, ChangeCipherSpec [length 0001]
    01
<<< TLS 1.2, RecordHeader [length 0005]
    16 03 03 04 ba
<<< TLS 1.3, Handshake [length 04ba], ServerHello
    02 00 04 b6 03 03 57 cc 33 f1 af a7 0d d1 94 d0
    cd 52 2d cc b1 c4 60 d1 aa dc ea 30 14 f6 67 83
    0c 3c e8 0e 28 48 20 1d 61 53 ce 9c 87 16 a2 b3
    8d 77 6c 40 df 3d ac 03 9c ea 3b 2e 9e 30 3f 5c
    22 d2 20 73 f3 a8 46 13 02 00 04 6e 00 2b 00 02
    03 04 00 33 04 64 11 ec 04 60 2c aa 99 19 f2 cc
    e0 c2 be e7 05 ad 55 90 ce 48 14 6a aa 2f cb ae
    66 99 18 24 6f 3f 89 e9 72 70 f6 17 c4 5c fb 05
    7d ff 12 b5 cc b5 a3 e9 68 b4 1a 75 8d 1e 99 0f
    28 f6 5e cb c2 04 bb ab ce 53 5d 00 e8 06 15 67
    b4 c2 e8 a7 74 d9 dd 49 bd be 1c cf f1 f3 e0 86
    f1 2c ea 43 f8 a1 68 c1 f5 cc 9d c2 61 e8 55 b5
    35 b3 60 d8 ca c1 7d c5 24 e1 19 69 99 9f 1a ee
    d5 b4 30 52 2b ab b7 da 17 d8 42 ca e2 4f 62 20
    2f fd ee 50 25 8e aa 67 95 3a ff 1d c7 4a 0e f5
    18 32 6c c1 5f 27 57 55 41 9d bf 64 cb 9f 38 59
    51 2d 99 6a 77 0b 11 09 92 1c 91 c5 31 60 42 f9
    53 cc 8e 3f df 84 e0 c7 c5 92 0a 87 15 b2 67 19
    40 5b f9 e5 1a 0a ee 5e 31 38 28 e2 35 8a 48 00
    54 76 da a5 ed 72 c2 37 7b 0d 26 f8 23 4e eb ef
    fd 52 4a cc 62 35 26 e5 c8 b4 81 c4 6d 9e e1 50
    d8 10 b1 d8 f4 1c c4 74 86 45 eb da 13 f9 35 f5
    f5 3e 9f 1e 40 53 52 fe 4a 3b 43 fb ae da 6a 0a
    67 f4 f4 77 bc d0 51 dd 7a ce 5f 37 f3 b5 68 38
    2f 6a 0f 89 ee 54 ab 01 51 e6 a9 bd 0e 88 ac 38
    2a 19 f1 2d 11 fe 26 80 f0 b7 a9 1a f1 76 68 cb
    42 77 f4 ea df 2d a1 31 08 0c 1b 3f ab 41 db d5
    56 55 3f 9c e9 a0 c6 f2 75 00 b7 5b 25 4f 57 af
    1e 78 ae 0c fe db 4b cd 96 c2 1f ac 12 15 dc 4b
    33 92 e3 1b 4c 6a ef 71 a3 63 cf 97 2f b7 34 08
    52 7a 4a f3 de 2b 97 8d 42 2e 9f 9a 4d 96 ff 4b
    e6 fd f7 d4 b6 4f 86 52 e5 f9 93 a8 bf f0 2c 80
    e1 26 0b 5b b0 7a ec d3 dd 3f e6 43 9b ed d9 8c
    bf f4 b8 28 ff e6 03 d4 90 a1 27 73 e6 70 4f cc
    be f8 28 28 38 61 4b 03 b3 29 5b a6 1b e2 ab 7c
    52 9e 6d 46 f6 22 b3 cd 5c b9 c2 7c bd 38 23 1c
    be bc 18 8a 79 92 05 dd fb d3 e6 d3 da a7 8b 13
    e5 d7 96 a8 dd ee 27 de 79 b1 3f 87 dc ea a5 ff
    99 45 51 2d 90 17 1b 9f 91 9d 0f fc 00 b0 d9 51
    0c 19 69 f0 44 cf 37 0f 69 de 44 46 6f c1 a5 21
    c3 e6 09 24 c4 90 c3 94 52 32 f9 7d a4 08 d3 d9
    02 d4 4a e9 35 7a ae c7 1e 98 7d 16 40 97 73 fa
    f6 94 c2 73 2f fe 11 4e 7a b3 e2 bd f6 5b 5b 2a
    a8 67 6f a2 2e c2 e4 e4 a7 e9 6e 77 e3 2a 5f ea
    38 96 7e 16 88 cf a0 5d 55 bf 6a 82 df 19 8d e4
    c0 2d dc 88 eb 15 89 f2 77 b5 df 3e 8f fe e7 aa
    6a 8b c1 5b e4 54 f0 1d 53 2e e7 27 75 26 5f 7a
    37 dc d4 78 7a 1b 51 1c cf 99 72 e3 1b 4a db 04
    b6 d8 60 b4 c9 09 55 15 53 df 4c 8e 9c e3 21 60
    2a d2 df 9d 1b eb 2f 1a 2a 7b c8 18 b3 be e2 42
    48 39 db fa 49 fe 79 ea d9 30 ab fc 66 d9 6a e2
    07 af 2d 9e 21 54 c3 d5 bc c0 94 8d 8a 3e 38 e0
    f8 fc 20 45 2b 78 c1 da 2b 9b ab 9e 9f a1 26 1a
    9d f2 b1 6a 5a 50 2b 24 0f a9 5c 3b 2f 6c f6 ba
    b6 cc 4f 99 63 94 51 76 49 7a 06 f0 b7 8d 5b 2e
    a8 39 d3 f5 ca e7 a4 29 cc c0 4c 41 76 ad a9 8a
    e4 36 1e 74 d1 8a 94 24 76 4a 5b 3e cf 72 05 e5
    1d b0 e2 e1 b8 c0 83 34 a4 42 d7 4e 93 66 2c 0e
    da cd 17 3f 84 56 77 d1 75 70 b8 b0 90 eb cb 36
    18 7e 92 37 f4 30 18 81 1c cf e8 cb ad 09 87 d6
    98 61 56 17 91 8e eb 1b e2 57 6e df f4 1a 43 13
    ef 60 f3 34 65 ca 95 2a 0d fb 00 e6 ea a8 ce 65
    22 c8 c8 80 44 5e d0 bf a1 e6 e9 0f f7 c0 39 02
    91 13 17 17 5d cb 9c 9d 19 84 85 19 22 a5 9f 9a
    21 0c 5b c6 57 c8 4e 20 98 63 21 df 9a f7 26 39
    d7 3c f4 b6 33 6e d3 d7 ca d0 06 0e 23 e7 9d a5
    34 9b f7 ca 5c cb ba a2 b7 5e 87 94 a4 e9 6a 7f
    44 05 7c 37 0d 9b 49 bc ef 71 ae 40 15 c2 72 3c
    19 c4 2e df 72 b4 14 3c fb b8 48 12 a7 4e d1 64
    ea 55 92 72 f6 19 eb 68 d4 79 6e 88 79 0e d0 13
    90 37 88 a7 88 0b 24 e3 69 44 e5 e7 31 57 fc dc
    9d f7 3f 1e 76 1f 1c c8 b9 e2 da 3b 0d 15 01 ad
    f7 05 32 9f 56 82 96 e4 32 5f c1 4f 8c a0 3d 12
    bc ef a6 1a 89 18 e3 9f 49 43 9a cf 42 46 30 59
    3a 59 b8 21 a2 e8 4c 8a e0 f8 da 36 0b 19 c1 36
    c2 40 29 2a 5b 75 78 59 22 1d
<<< TLS 1.2, RecordHeader [length 0005]
    17 03 03 00 17
<<< TLS 1.3, InnerContent [length 0001]
    16
<<< TLS 1.3, Handshake [length 0006], EncryptedExtensions
    08 00 00 02 00 00
<<< TLS 1.2, RecordHeader [length 0005]
    17 03 03 03 47
<<< TLS 1.3, InnerContent [length 0001]
    16
<<< TLS 1.3, Handshake [length 0336], Certificate
    0b 00 03 32 00 00 03 2e 00 03 29 30 82 03 25 30
    82 02 0d a0 03 02 01 02 02 01 02 30 0d 06 09 2a
    86 48 86 f7 0d 01 01 0b 05 00 30 12 31 10 30 0e
    06 03 55 04 03 0c 07 52 6f 6f 74 20 43 41 30 20
    17 0d 31 36 30 31 31 34 32 32 32 39 34 36 5a 18
    0f 32 31 31 36 30 31 31 35 32 32 32 39 34 36 5a
    30 19 31 17 30 15 06 03 55 04 03 0c 0e 73 65 72
    76 65 72 2e 65 78 61 6d 70 6c 65 30 82 01 22 30
    0d 06 09 2a 86 48 86 f7 0d 01 01 01 05 00 03 82
    01 0f 00 30 82 01 0a 02 82 01 01 00 d5 5d 60 6a
    df fc 61 ee 48 aa 8c 11 48 43 a5 6d b6 52 5d aa
    98 49 b1 61 92 35 b1 fc 3a 04 25 0c 6d 79 ff b4
    d5 c9 e9 5c 1c 3b e0 ab b3 b8 7d a3 de 6d bd e0
    dd d7 5a bf 14 47 11 42 5e a6 82 d0 61 c1 7f dd
    13 46 e6 09 85 07 0e f2 d4 fc 1a 64 d2 0a ad 20
    ab 20 6b 96 f0 ad cc c4 19 53 55 dc 01 1d a4 b3
    ef 8a b4 49 53 5d 8a 05 1c f1 dc e1 44 bf c5 d7
    e2 77 19 57 5c 97 0b 75 ee 88 43 71 0f ca 6c c1
    b4 b2 50 a7 77 46 6c 58 0f 11 bf f1 76 24 5a ae
    39 42 b7 51 67 29 e1 d0 55 30 6f 17 e4 91 ea ad
    f8 28 c2 43 6f a2 64 a9 fb 9d 98 92 62 48 3e eb
    0d 4f 82 4a 8a ff 3f 72 ee 96 b5 ae a1 c1 98 ba
    ef 7d 90 75 6d ff 5a 52 9e ab f5 c0 7e d0 87 43
    db 85 07 07 0f 7d 38 7a fd d1 d3 ee 65 1d d3 ea
    39 6a 87 37 ee 4a d3 e0 0d 6e f5 70 ac c2 bd f1
    6e f3 92 95 5e a9 f0 a1 65 95 93 8d 02 03 01 00
    01 a3 7d 30 7b 30 1d 06 03 55 1d 0e 04 16 04 14
    c0 e7 84 bf e8 59 27 33 10 b0 52 4f 51 52 2f 06
    d6 c0 7a cd 30 1f 06 03 55 1d 23 04 18 30 16 80
    14 70 7f 2e ae 83 68 59 98 04 23 2a cd eb 3e 17
    cd 24 dd 01 49 30 09 06 03 55 1d 13 04 02 30 00
    30 13 06 03 55 1d 25 04 0c 30 0a 06 08 2b 06 01
    05 05 07 03 01 30 19 06 03 55 1d 11 04 12 30 10
    82 0e 73 65 72 76 65 72 2e 65 78 61 6d 70 6c 65
    30 0d 06 09 2a 86 48 86 f7 0d 01 01 0b 05 00 03
    82 01 01 00 7b d3 04 43 75 8a 0f 11 ae c4 fb d7
    a1 a2 9e fe 20 18 d5 f4 2f 31 88 46 b6 75 8c ee
    e5 9b 97 a6 b9 a3 cd 60 9a 46 c3 48 97 e5 97 68
    f7 5a 86 35 73 d9 69 9e f9 5f 74 b9 e6 94 13 01
    cb 6a dc e3 c4 04 e9 65 da 9c a4 8b 28 f3 f9 9a
    7f bf 97 1f 45 92 e5 05 b1 56 e6 0b f6 47 de 1e
    89 b6 2b e1 4d df 4a 7e 01 d3 23 dc 97 8c 47 fe
    5f c7 cc 98 46 0e c4 83 5b ca 8a f1 52 09 be 6b
    ec 3f 09 8b d0 93 02 bf e1 51 e7 d1 7e 34 56 19
    74 d0 ff 28 25 de b7 9f 56 52 91 7d 20 29 85 0a
    80 44 5f 71 32 25 71 0f c2 16 e2 5f 6b 1d 3f 32
    5b 0a 3c 74 1c b9 62 f1 ed 07 50 a3 6d b4 b4 31
    0a c0 53 44 6a 3a 88 84 8b 2d a9 b0 37 8e e6 18
    36 bd 9a 20 40 0f 01 92 8b 3d aa 61 e7 ae 2c ed
    36 cd 3a 07 86 74 3a 29 b3 d7 3a b4 00 a9 c2 f5
    92 78 0e e2 0f a3 fe bb be e0 06 53 84 59 1d 90
    69 e5 b6 f9 00 00
<<< TLS 1.2, RecordHeader [length 0005]
    17 03 03 01 19
<<< TLS 1.3, InnerContent [length 0001]
    16
<<< TLS 1.3, Handshake [length 0108], CertificateVerify
    0f 00 01 04 08 04 01 00 4c 87 33 44 15 8e 65 6f
    a9 8c fc 14 ba 18 b2 1d 93 91 3b 88 ee cd ea c8
    e4 47 6a d0 5b 3d ad b9 7b 2e 79 3e eb f5 f6 e4
    af 12 ff bd 18 09 3d c1 40 6b 7f 4d 7c 18 70 5d
    36 22 6b 38 d0 4e bd 65 f3 25 e2 8b 0c 71 15 bc
    2f 44 0f 5e 8d 34 20 e7 66 33 e5 6a 66 8c f8 7d
    30 08 cc 45 86 82 e6 51 8a ee 1d dd ac d1 99 5c
    b3 b7 d4 2e fc 36 df 66 af 7e fc 37 8f 34 0a fa
    cc c1 cf 71 53 c2 9c bc 06 59 a1 b9 21 af 87 1c
    8d f5 7b 20 f7 87 95 b6 d9 69 3b 5f 3c da fa c9
    9b c7 54 23 af 0b 01 63 4e 9b 80 ef 98 33 bb eb
    6e d3 bb 3a e6 95 e1 99 39 aa d9 8b d4 69 c3 5e
    35 39 27 e9 f6 58 d7 a0 d5 4f a8 92 fe 67 9e cd
    e7 31 68 db a7 b6 96 c2 77 af 06 f5 d2 76 8b 06
    e4 70 2f 35 a5 fb 17 43 12 23 d0 ba 7c c0 8c 7b
    da e0 f8 68 b2 0f 9a e5 23 fb 2d a2 fc fa ab 59
    13 f2 48 c0 80 c9 c5 ea
<<< TLS 1.2, RecordHeader [length 0005]
    17 03 03 00 45
<<< TLS 1.3, InnerContent [length 0001]
    16
<<< TLS 1.3, Handshake [length 0034], Finished
    14 00 00 30 c2 fc e2 e0 9d d8 c1 87 b8 43 a2 48
    1c 84 56 7f 86 43 83 d6 58 60 37 98 23 75 19 fc
    97 6f c7 a1 80 c7 6a 8b bd 2b 92 5e 08 58 bb c7
    8e e0 82 9c
>>> TLS 1.2, RecordHeader [length 0005]
    17 03 03 00 45
>>> TLS 1.2, InnerContent [length 0001]
    16
>>> TLS 1.3, Handshake [length 0034], Finished
    14 00 00 30 8c e8 b2 10 9b 28 1e f5 e9 c0 dd 02
    da c9 82 5b a0 3c 36 7d 16 06 3d 74 a8 b2 1c 95
    b7 af 50 1e 55 3a 6b fa a8 43 6b 59 78 72 61 21
    ef 96 f0 ab
---
Certificate chain
 0 s:CN=server.example
   i:CN=Root CA
   a:PKEY: RSA, 2048 (bit); sigalg: sha256WithRSAEncryption
   v:NotBefore: Jan 14 22:29:46 2016 GMT; NotAfter: Jan 15 22:29:46 2116 GMT
---
Server certificate
-----BEGIN CERTIFICATE-----
MIIDJTCCAg2gAwIBAgIBAjANBgkqhkiG9w0BAQsFADASMRAwDgYDVQQDDAdSb290
IENBMCAXDTE2MDExNDIyMjk0NloYDzIxMTYwMTE1MjIyOTQ2WjAZMRcwFQYDVQQD
DA5zZXJ2ZXIuZXhhbXBsZTCCASIwDQYJKoZIhvcNAQEBBQADggEPADCCAQoCggEB
ANVdYGrf/GHuSKqMEUhDpW22Ul2qmEmxYZI1sfw6BCUMbXn/tNXJ6VwcO+Crs7h9
o95tveDd11q/FEcRQl6mgtBhwX/dE0bmCYUHDvLU/Bpk0gqtIKsga5bwrczEGVNV
3AEdpLPvirRJU12KBRzx3OFEv8XX4ncZV1yXC3XuiENxD8pswbSyUKd3RmxYDxG/
8XYkWq45QrdRZynh0FUwbxfkkeqt+CjCQ2+iZKn7nZiSYkg+6w1PgkqK/z9y7pa1
rqHBmLrvfZB1bf9aUp6r9cB+0IdD24UHBw99OHr90dPuZR3T6jlqhzfuStPgDW71
cKzCvfFu85KVXqnwoWWVk40CAwEAAaN9MHswHQYDVR0OBBYEFMDnhL/oWSczELBS
T1FSLwbWwHrNMB8GA1UdIwQYMBaAFHB/Lq6DaFmYBCMqzes+F80k3QFJMAkGA1Ud
EwQCMAAwEwYDVR0lBAwwCgYIKwYBBQUHAwEwGQYDVR0RBBIwEIIOc2VydmVyLmV4
YW1wbGUwDQYJKoZIhvcNAQELBQADggEBAHvTBEN1ig8RrsT716Ginv4gGNX0LzGI
RrZ1jO7lm5emuaPNYJpGw0iX5Zdo91qGNXPZaZ75X3S55pQTActq3OPEBOll2pyk
iyjz+Zp/v5cfRZLlBbFW5gv2R94eibYr4U3fSn4B0yPcl4xH/l/HzJhGDsSDW8qK
8VIJvmvsPwmL0JMCv+FR59F+NFYZdND/KCXet59WUpF9ICmFCoBEX3EyJXEPwhbi
X2sdPzJbCjx0HLli8e0HUKNttLQxCsBTRGo6iISLLamwN47mGDa9miBADwGSiz2q
YeeuLO02zToHhnQ6KbPXOrQAqcL1kngO4g+j/ru+4AZThFkdkGnltvk=
-----END CERTIFICATE-----
subject=CN=server.example
issuer=CN=Root CA
---
No client certificate CA names sent
Peer signing digest: SHA256
Peer signature type: rsa_pss_rsae_sha256
Negotiated TLS1.3 group: X25519MLKEM768
---
SSL handshake has read 2546 bytes and written 1702 bytes
Verification error: unable to verify the first certificate
---
New, TLSv1.3, Cipher is TLS_AES_256_GCM_SHA384
Protocol: TLSv1.3
Server public key is 2048 bit
This TLS version forbids renegotiation.
Compression: NONE
Expansion: NONE
No ALPN negotiated
Early data was not sent
Verify return code: 21 (unable to verify the first certificate)
---
<<< TLS 1.2, RecordHeader [length 0005]
    17 03 03 00 fa
<<< TLS 1.3, InnerContent [length 0001]
    16
<<< TLS 1.3, Handshake [length 00e9], NewSessionTicket
    04 00 00 e5 00 00 1c 20 5e 0e e1 0d 08 00 00 00
    00 00 00 00 00 00 d0 69 53 48 62 f2 bf 70 76 59
    5d 04 37 02 9c be ef 4f c2 37 c7 7a b4 69 ef af
    83 12 00 58 e8 4a b0 d5 c9 6c be 40 51 25 6d 42
    8c 13 cc 74 6a 4b 6b 49 5f ef 71 dd a8 13 5c 4e
    4b 2d 11 09 cc 2a f4 fc 15 dc 11 f6 37 8b 6b 4f
    1f 36 f8 d2 a5 94 f7 fa b3 b4 d6 62 8d eb 94 78
    8c 94 53 93 40 a6 98 cb fe 95 a6 e1 e5 30 55 cc
    aa 97 3e 10 a2 3c a9 89 be 55 00 a4 16 d7 aa 59
    48 04 74 16 dc 17 70 e9 c2 7f c1 aa 73 f3 90 8c
    07 4e 9b 52 05 2a 53 6c f5 e7 d0 c1 24 ab 80 5b
    b8 8a be b9 55 29 83 f4 28 37 2b b4 bc 67 96 c0
    2e ec d1 5c d0 d3 6c bc 59 f9 07 c9 6c 8c 43 9f
    71 34 c3 e1 39 34 84 c0 8a 3a c0 2c 42 d6 e2 ca
    42 84 8c 1e ab 4e 47 00 00
---
Post-Handshake New Session Ticket arrived:
SSL-Session:
    Protocol  : TLSv1.3
    Cipher    : TLS_AES_256_GCM_SHA384
    Session-ID: 0262EDE46126097F9232D32C5100A3CEE7D2334942BD7CF0712D821CBAC18485
    Session-ID-ctx: 
    Resumption PSK: EE39B0878B5302E622D3D3E391CB683C34B967C9563B8D9E557409A85EC975D69E0CF69056FE422F6E256458D54DD87B
    PSK identity: None
    PSK identity hint: None
    SRP username: None
    TLS session ticket lifetime hint: 7200 (seconds)
    TLS session ticket:
    0000 - 69 53 48 62 f2 bf 70 76-59 5d 04 37 02 9c be ef   iSHb..pvY].7....
    0010 - 4f c2 37 c7 7a b4 69 ef-af 83 12 00 58 e8 4a b0   O.7.z.i.....X.J.
    0020 - d5 c9 6c be 40 51 25 6d-42 8c 13 cc 74 6a 4b 6b   ..l.@Q%mB...tjKk
    0030 - 49 5f ef 71 dd a8 13 5c-4e 4b 2d 11 09 cc 2a f4   I_.q...\NK-...*.
    0040 - fc 15 dc 11 f6 37 8b 6b-4f 1f 36 f8 d2 a5 94 f7   .....7.kO.6.....
    0050 - fa b3 b4 d6 62 8d eb 94-78 8c 94 53 93 40 a6 98   ....b...x..S.@..
    0060 - cb fe 95 a6 e1 e5 30 55-cc aa 97 3e 10 a2 3c a9   ......0U...>..<.
    0070 - 89 be 55 00 a4 16 d7 aa-59 48 04 74 16 dc 17 70   ..U.....YH.t...p
    0080 - e9 c2 7f c1 aa 73 f3 90-8c 07 4e 9b 52 05 2a 53   .....s....N.R.*S
    0090 - 6c f5 e7 d0 c1 24 ab 80-5b b8 8a be b9 55 29 83   l....$..[....U).
    00a0 - f4 28 37 2b b4 bc 67 96-c0 2e ec d1 5c d0 d3 6c   .(7+..g.....\..l
    00b0 - bc 59 f9 07 c9 6c 8c 43-9f 71 34 c3 e1 39 34 84   .Y...l.C.q4..94.
    00c0 - c0 8a 3a c0 2c 42 d6 e2-ca 42 84 8c 1e ab 4e 47   ..:.,B...B....NG

    Start Time: 1790579689
    Timeout   : 7200 (sec)
    Verify return code: 21 (unable to verify the first certificate)
    Extended master secret: no
    Max Early Data: 0
---
read R BLOCK
<<< TLS 1.2, RecordHeader [length 0005]
    17 03 03 00 fa
<<< TLS 1.3, InnerContent [length 0001]
    16
<<< TLS 1.3, Handshake [length 00e9], NewSessionTicket
    04 00 00 e5 00 00 1c 20 62 93 8e a9 08 00 00 00
    00 00 00 00 01 00 d0 69 53 48 62 f2 bf 70 76 59
    5d 04 37 02 9c be ef 79 34 c8 74 8f 29 ce 09 1d
    11 c3 e8 3d 84 c4 96 29 02 7d 42 5c 64 21 ae 8a
    23 a4 0f 5c 86 0d 60 c7 ad 6d 8e 8d 85 a7 05 68
    c3 65 d8 8b f7 7b 4f b3 07 c4 13 72 18 fe 40 39
    04 e4 92 4f eb d4 4e 47 b8 75 f4 f0 96 2c 95 68
    11 09 e3 d9 09 94 4e fc dc e7 03 a4 3b 81 37 2a
    0f 08 c1 18 bc 0c 1a 0f 59 ba 20 7d 8d 85 58 f7
    12 1f ca 37 d8 d1 64 41 27 97 e5 7b ac 34 0c b7
    50 a4 a3 31 dd af 65 c1 a5 17 81 d9 c4 78 ef 61
    c8 77 17 11 a4 b0 d3 f0 35 47 96 e9 49 84 70 31
    ab 53 54 10 22 3b 4e b8 fe 84 1c 19 57 67 b3 da
    e1 eb 64 d5 5e 10 00 53 07 36 fd 95 3c 6b d8 e8
    27 ea 96 9b 17 26 be 00 00
---
Post-Handshake New Session Ticket arrived:
SSL-Session:
    Protocol  : TLSv1.3
    Cipher    : TLS_AES_256_GCM_SHA384
    Session-ID: E8F62F60D2C6BFD8B75384647720B8DD11EB4ED87E64F465EB90520CEBF4AF6F
    Session-ID-ctx: 
    Resumption PSK: DBF9C560878909BC388A454BA55A87CC2612E2E8356422786EF5CB8C9D071C8C062EC74D2651DB891B41D254F13D79D6
    PSK identity: None
    PSK identity hint: None
    SRP username: None
    TLS session ticket lifetime hint: 7200 (seconds)
    TLS session ticket:
    0000 - 69 53 48 62 f2 bf 70 76-59 5d 04 37 02 9c be ef   iSHb..pvY].7....
    0010 - 79 34 c8 74 8f 29 ce 09-1d 11 c3 e8 3d 84 c4 96   y4.t.)......=...
    0020 - 29 02 7d 42 5c 64 21 ae-8a 23 a4 0f 5c 86 0d 60   ).}B\d!..#..\..`
    0030 - c7 ad 6d 8e 8d 85 a7 05-68 c3 65 d8 8b f7 7b 4f   ..m.....h.e...{O
    0040 - b3 07 c4 13 72 18 fe 40-39 04 e4 92 4f eb d4 4e   ....r..@9...O..N
    0050 - 47 b8 75 f4 f0 96 2c 95-68 11 09 e3 d9 09 94 4e   G.u...,.h......N
    0060 - fc dc e7 03 a4 3b 81 37-2a 0f 08 c1 18 bc 0c 1a   .....;.7*.......
    0070 - 0f 59 ba 20 7d 8d 85 58-f7 12 1f ca 37 d8 d1 64   .Y. }..X....7..d
    0080 - 41 27 97 e5 7b ac 34 0c-b7 50 a4 a3 31 dd af 65   A'..{.4..P..1..e
    0090 - c1 a5 17 81 d9 c4 78 ef-61 c8 77 17 11 a4 b0 d3   ......x.a.w.....
    00a0 - f0 35 47 96 e9 49 84 70-31 ab 53 54 10 22 3b 4e   .5G..I.p1.ST.";N
    00b0 - b8 fe 84 1c 19 57 67 b3-da e1 eb 64 d5 5e 10 00   .....Wg....d.^..
    00c0 - 53 07 36 fd 95 3c 6b d8-e8 27 ea 96 9b 17 26 be   S.6..<k..'....&.

    Start Time: 1790579689
    Timeout   : 7200 (sec)
    Verify return code: 21 (unable to verify the first certificate)
    Extended master secret: no
    Max Early Data: 0
---
read R BLOCK
>>> TLS 1.2, RecordHeader [length 0005]
    17 03 03 00 13
>>> TLS 1.2, InnerContent [length 0001]
    15
>>> TLS 1.3, Alert [length 0002], warning close_notify
    01 00
Connecting to 127.0.0.1
SSL_connect:before SSL initialization
SSL_connect:SSLv3/TLS write client hello
SSL_connect:SSLv3/TLS write client hello
SSL_connect:SSLv3/TLS read server hello
SSL_connect:SSLv3/TLS write change cipher spec
SSL_connect:SSLv3/TLS write client hello
SSL_connect:SSLv3/TLS write client hello
SSL_connect:SSLv3/TLS read server hello
Can't use SSL_get_servername
SSL_connect:TLSv1.3 read encrypted extensions
depth=0 CN=server.example
verify error:num=20:unable to get local issuer certificate
verify return:1
depth=0 CN=server.example
verify error:num=21:unable to verify the first certificate
verify return:1
depth=0 CN=server.example
verify return:1
SSL_connect:SSLv3/TLS read server certificate
SSL_connect:TLSv1.3 read server certificate verify
SSL_connect:SSLv3/TLS read finished
SSL_connect:SSLv3/TLS write finished
SSL_connect:SSL negotiation finished successfully
SSL_connect:SSL negotiation finished successfully
SSL_connect:SSLv3/TLS read server session ticket
SSL_connect:SSL negotiation finished successfully
SSL_connect:SSL negotiation finished successfully
SSL_connect:SSLv3/TLS read server session ticket
DONE
SSL3 alert write:warning:close notify
