CONNECTED(00000003)
>>> TLS 1.0, RecordHeader [length 0005]
    16 03 01 00 d6
>>> TLS 1.3, Handshake [length 00d6], ClientHello
    01 00 00 d2 03 03 89 98 e5 e4 b8 82 0c cc b3 f0
    fc ae 13 19 3c 2d 7c f2 e2 c3 7a 73 b9 8d f1 40
    e7 57 c8 6c 6e fc 20 9c 3b a1 2a a7 fe a0 b6 a9
    52 38 0d 3a dd b7 88 3b a1 c1 f7 a7 2b be cd b2
    fd 82 4e 5d ab 19 7a 00 06 13 02 13 03 13 01 01
    00 00 83 00 0b 00 04 03 00 01 02 00 0a 00 06 00
    04 00 1d 11 ec 00 23 00 00 00 16 00 00 00 17 00
    00 00 0d 00 2a 00 28 09 05 09 06 09 04 04 03 05
    03 06 03 08 07 08 08 08 1a 08 1b 08 1c 08 09 08
    0a 08 0b 08 04 08 05 08 06 04 01 05 01 06 01 00
    2b 00 03 02 03 04 00 2d 00 02 01 01 00 33 00 26
    00 24 00 1d 00 20 e2 05 4d 9e e6 53 01 bf 9a 9a
    ed dc 3c ec 05 8f a6 aa b3 a0 3f 7e 3d 6c a3 be
    06 c8 c3 2f 66 60
<<< TLS 1.2, RecordHeader [length 0005]
    16 03 03 00 58
<<< TLS 1.3, Handshake [length 0058], ServerHello
    02 00 00 54 03 03 cf 21 ad 74 e5 9a 61 11 be 1d
    8c 02 1e 65 b8 91 c2 a2 11 16 7a bb 8c 5e 07 9e
    09 e2 c8 a8 33 9c 20 9c 3b a1 2a a7 fe a0 b6 a9
    52 38 0d 3a dd b7 88 3b a1 c1 f7 a7 2b be cd b2
    fd 82 4e 5d ab 19 7a 13 02 00 00 0c 00 2b 00 02
    03 04 00 33 00 02 11 ec
>>> TLS 1.2, RecordHeader [length 0005]
    14 03 03 00 01
>>> TLS 1.3, ChangeCipherSpec [length 0001]
    01
>>> TLS 1.2, RecordHeader [length 0005]
    16 03 03 05 76
>>> TLS 1.3, Handshake [length 0576], ClientHello
    01 00 05 72 03 03 89 98 e5 e4 b8 82 0c cc b3 f0
    fc ae 13 19 3c 2d 7c f2 e2 c3 7a 73 b9 8d f1 40
    e7 57 c8 6c 6e fc 20 9c 3b a1 2a a7 fe a0 b6 a9
    52 38 0d 3a dd b7 88 3b a1 c1 f7 a7 2b be cd b2
    fd 82 4e 5d ab 19 7a 00 06 13 02 13 03 13 01 01
    00 05 23 00 0b 00 04 03 00 01 02 00 0a 00 06 00
    04 00 1d 11 ec 00 23 00 00 00 16 00 00 00 17 00
    00 00 0d 00 2a 00 28 09 05 09 06 09 04 04 03 05
    03 06 03 08 07 08 08 08 1a 08 1b 08 1c 08 09 08
    0a 08 0b 08 04 08 05 08 06 04 01 05 01 06 01 00
    2b 00 03 02 03 04 00 2d 00 02 01 01 00 33 04 c6
    04 c4 11 ec 04 c0 39 24 11 aa 52 cb 0a 72 82 54
    e3 54 c8 d7 77 b1 77 3e 64 16 cd 47 16 c0 97 ba
    13 b4 c6 b4 3c c7 ad 6c 62 10 bf 10 a8 e6 02 b2
    f6 a4 0a 8b c0 bc 5c a6 6a 09 62 09 5c 31 bb 2b
    4c 48 6e d2 b0 45 e4 94 38 16 5e 95 a0 4c ff d1
    9a bf 6a 9a f3 50 34 74 f9 9e 6c e7 ab 36 4a 85
    b5 22 75 ab 10 be d7 ba 1b 2f c1 90 ee bc 61 01
    65 73 a4 31 29 e1 81 6a 09 05 35 24 2b cf 95 b1
    75 24 7b 99 54 e1 6f fe 48 af af f8 88 eb 9b b6
    18 b5 15 d4 17 a5 6e 29 a5 4a 29 87 f5 f2 8d b2
    11 1b 79 a7 c1 ec a4 69 7b ea 19 49 87 a3 af 2a
    ba 5d b4 08 09 f8 1d a4 92 8b c7 31 0f 79 8c 96
    18 a3 c0 95 f8 32 b2 65 4c c0 e2 1c 00 5a 3a 1b
    65 07 d2 21 35 f2 87 6b e9 8c 50 c3 38 a5 e5 d0
    aa c6 bb 7c 9f 2a a1 e5 d7 1d 8b 3c 68 b5 f0 ce
    45 8a 00 50 16 b9 aa 22 40 f6 64 97 f6 f3 b5 d4
    f6 03 32 c9 b1 b6 e6 a4 2c f6 4d d8 f1 10 51 85
    5b 87 b9 bd 20 18 64 2b a9 ce e0 5b 3d 55 cc b5
    73 74 13 37 04 89 53 35 bc 99 b4 02 41 92 15 02
    0a 43 56 d5 88 ae 6c c4 47 36 4e 1a a8 6a f7 35
    17 2f 68 23 58 aa 17 52 17 62 e0 82 2b 12 b3 21
    74 4a 83 49 c1 ac ba d0 88 9e 64 a1 f9 53 3d 7e
    e0 89 91 a2 31 14 dc 9a 5e f8 30 b4 e7 25 11 c2
    7f 89 fc a0 b1 72 3c a7 fa cc 67 5c bc 65 ca 18
    88 ba 52 49 a9 91 df c3 60 38 15 bf a5 ea 2f 41
    d8 75 b9 56 4e 01 b8 3e eb b7 15 7f 06 00 41 a5
    14 44 7c 3d ad d4 76 af d1 a8 0b 37 92 51 b8 2b
    b1 3a 26 67 47 07 30 3a 2a 54 18 68 9b b7 c5 fd
    16 1c 7c 98 10 1b 9a 22 81 31 01 cb 31 a8 c8 0b
    ac 8c 10 4b 0d ca 47 90 aa 59 9c a1 15 4d 94 90
    e7 6a 64 c7 bc 66 c6 8b 79 df 66 94 20 d6 1e ab
    01 c0 55 00 9f 13 80 44 fc 76 89 16 38 61 58 e4
    1a ea c5 ba c0 79 b4 0f 83 8e ab 39 ce e0 38 ab
    93 c1 ac 3c 87 65 1d a6 a4 60 fa 13 a1 cc 7c b4
    85 a2 8a c4 96 68 cc 54 7a 35 83 ba d6 9a 17 a6
    10 6f 41 12 b3 f8 8f 6e bc 2a 38 4b b6 48 f7 0c
    c2 e6 19 8f 09 77 ab 40 47 f7 d0 0d 91 a3 52 9b
    21 46 d7 42 ce d6 9b ac 1c f2 bb 9f a4 66 5c 02
    19 f6 a5 37 8b 95 6d 5c 64 bd 2f 94 aa c7 05 98
    53 33 22 7e 79 89 75 31 ce ae 46 8b 18 73 99 1b
    f3 56 96 c0 ae e0 c8 b7 e5 35 ac 20 93 89 93 4a
    2d 01 17 ae 0a c0 0f fd a7 78 78 00 7a 1d c4 5f
    f1 07 8e 8a a6 ab 7e 42 48 e0 9a a8 67 d8 88 d2
    70 44 f6 d7 09 8c b7 ae d3 29 4f ed f0 65 86 e9
    35 5d f4 a0 34 33 cb 70 71 77 a3 a4 ab 43 75 12
    cb 55 b2 8d aa c0 ca f3 bc 51 74 1a 30 42 ae dd
    e4 61 6c 83 04 6c e4 20 42 3b 69 9f f2 85 19 f5
    3c 1c d8 65 95 c2 c2 91 52 9f d7 a3 ba 52 33 7c
    56 c3 58 cb b8 42 33 03 77 14 28 23 d3 7c 50 00
    85 65 16 4c 15 fa 1a a8 6d f0 a0 9d e1 9d ff 43
    b3 b1 04 ad 39 9a 4f 5d 42 89 ab d5 bf c7 f1 c4
    b4 5b 8d 95 c0 b5 71 3c 43 ee 0c 56 43 36 61 89
    15 b7 7f 28 76 a3 c0 a5 74 c0 b4 22 e6 9f c7 34
    be 9e 61 10 d1 90 85 a9 67 52 06 e1 b4 5d 80 5c
    ab f5 3e 27 b1 6e 58 5a bf 9a dc a9 50 7c 6d 24
    13 46 59 5c 62 01 45 ca 2f 7c 42 f8 b2 7c 5d 88
    cf e4 97 b9 23 e8 9b b9 b2 97 8e b5 76 ea 6a 5b
    cb 53 57 6f 5a 8a 9f 23 2f 00 6c 41 0c f6 9a 11
    28 af 2e 0b 13 70 00 79 5f 6b 9a f3 60 3d 5e 63
    b8 0d cc 48 5e fa 35 6c 13 9b b2 80 92 0b 5c 2f
    c7 b7 c2 68 b0 20 b8 52 b0 ee 62 c2 d3 ba 12 58
    d2 55 01 d2 7b 90 a3 7d bb 74 b0 fa 80 95 f0 98
    c2 d8 f5 0e 4b ab c6 ae e3 5e 46 07 a3 5f 34 64
    20 58 25 ca 43 c8 bb 4c 8f bf 4a ab 7f 87 83 68
    7c 44 47 12 6e 8a 5a 0e 7d eb ca f2 a1 25 ab c9
    c0 7a 24 01 59 22 71 a1 96 98 85 6a 29 32 24 8d
    40 47 65 46 4b 8f bf d2 84 01 a4 2e 18 89 5c fc
    41 c4 96 eb c5 d8 73 b1 75 5c 9c ad 04 b4 1a d9
    8e e4 85 a9 26 5c 3d a3 86 51 1f 07 94 0c fc 3a
    c9 b1 4e ee c7 70 26 35 8b e1 aa 04 44 f1 51 42
    80 60 6c f4 3d 36 38 71 b7 99 c4 6d 9c 6c bb c9
    3a a0 34 48 b3 70 ba fc 09 85 2e 89 29 bb d2 35
    25 62 c0 6e cc 14 4e 6c 80 48 b7 d2 56 9e 68 cb
    36 6f 3f 34 2a 29 c4 24 e8 66 eb 5f be 5c ed 0a
    35 3c 2d 67 1b 1d db d1 d7 b9 a4 09 a4 f6 39 3b
    fb e2 e7 dd 1a af ad f7 05 eb 1a c9 92 2a c7 34
    6e 14 de 70 6b 3c
<<< TLS 1.2, RecordHeader [length 0005]
    14 03 03 00 01
<<< TLS 1.3, ChangeCipherSpec [length 0001]
    01
<<< TLS 1.2, RecordHeader [length 0005]
    16 03 03 04 ba
<<< TLS 1.3, Handshake [length 04ba], ServerHello
    02 00 04 b6 03 03 e5 7c 68 4c cb 1a 72 69 40 7c
    ed 71 7b 8c fc 84 01 a5 83 7a 28 70 f9 2b a4 bb
    63 63 3e 5a 15 38 20 9c 3b a1 2a a7 fe a0 b6 a9
    52 38 0d 3a dd b7 88 3b a1 c1 f7 a7 2b be cd b2
    fd 82 4e 5d ab 19 7a 13 02 00 04 6e 00 2b 00 02
    03 04 00 33 04 64 11 ec 04 60 ab e6 db d5 42 0b
    eb 22 ed ed 56 74 b4 68 62 f9 dc 76 2c 12 62 8f
    5d 2a cd b2 d6 43 2a 89 76 70 f3 99 85 8f d2 01
    55 98 3c 38 de 13 60 cd 65 7b 2a 29 51 ea ae 71
    4d cb b8 34 54 0e a1 be 42 a7 87 7c 11 f0 65 6d
    3e fb 17 4f 11 59 29 af 81 de 2c 0a 70 eb c4 e2
    8c e7 21 3a e9 ea 26 20 c0 30 34 63 4c 43 d1 f4
    55 1e 1f 00 2c 8f a5 89 48 a1 f9 7c 2f e0 7c 95
    2f 75 eb da ad f6 cd 5b 13 f2 5c 1d 54 7b 1c 99
    46 e1 1e 37 cd bf 4f 2c 8b 34 9c 58 42 4d 72 2b
    c1 29 b8 20 a3 76 a4 02 63 41 ad 9e 46 a7 57 4c
    f6 a0 2a 7c b3 88 29 3c 42 10 ca 2f 0c 00 4b f5
    74 43 07 1b 9b 48 36 0e e6 92 a4 94 a8 86 c6 7d
    39 5d 15 45 5d 49 7e 13 cb df a1 b5 39 f8 80 0b
    55 c3 31 b3 97 3b fb 79 09 a7 eb b3 1f c6 59 96
    7e a0 14 50 3a 91 eb 23 0a df 2c 0e 09 54 ff 90
    e7 66 81 a4 8d 96 d8 2d f2 7b f4 a1 b5 1f 96 aa
    08 ec 20 4a b3 78 68 ff e7 8d d6 53 50 69 0b a7
    b9 1c 9c 55 e1 c6 44 f9 e7 73 7a 94 bb d3 fa 09
    2e f3 cc 35 bb 26 38 6e 3a d6 7c 86 2b 5f b5 3f
    2f 9b 44 f8 7a 52 ac 6a 3c 08 79 73 67 4c 1f 2a
    4d 9e b7 42 31 a0 bd 3f 85 8c f5 bd 8c d8 09 b6
    94 7a bb 9f ef 36 d5 6a 98 14 93 d3 03 25 4c 00
    e5 c1 49 f6 ce d0 ec 04 6e b9 57 1b a6 9d 70 77
    15 f6 83 24 a9 93 1d 7a aa d3 77 f2 c4 7d 98 ce
    4a 56 14 08 a7 5e 19 29 b3 c9 13 65 b2 ad cc fe
    0e 23 10 44 47 ed 48 61 57 4d 67 79 cc ed 8a 63
    4a 37 be ed 07 a8 fb ce 66 e0 44 c2 62 26 c8 d7
    0d fa 16 f8 8e 62 6f b6 6b 56 ad 17 ce 02 ee 68
    a0 13 5e d6 4a c6 42 1a 1d 58 c9 51 7c c2 a3 92
    68 c6 55 88 df 9f d4 20 bc a3 83 cc aa a1 3d 39
    f5 22 59 f1 71 04 33 b0 72 3b 06 e3 da d5 90 e5
    68 1d 38 2a f8 99 3c 38 22 86 21 39 02 cd 61 87
    d8 14 9f be 0d 54 4e d5 9b b0 34 81 70 d9 0d b9
    08 8f 8a b7 26 b0 c6 0d db d7 ef 89 0f fc fc 49
    90 c1 eb 80 de 08 26 0d c1 44 3c 13 ae 6a b0 c8
    1e 63 49 eb 99 8e e7 05 79 a4 01 e3 c7 49 39 91
    16 d1 e6 4b 7a 41 bc 80 88 d4 72 47 e0 94 7d a4
    fa b3 4e 4e dc 4c 3f 29 f1 62 ff a0 34 cd 4a 08
    64 f5 af 4d 19 91 a9 a9 54 47 a1 a1 42 9a 19 ba
    2c ee 6f 72 53 55 4e 8d 18 ee 4e 24 89 6c db 50
    08 11 e6 00 d1 84 4a 7e d5 e0 c5 02 8a ec 63 c3
    20 0d c0 dc 39 00 4a dd 59 27 0b 95 e6 1f 7f f5
    ac e4 6c fe 55 12 cd 55 40 c1 bf ef b3 67 b4 fe
    83 82 19 0f 9e 0b ca 1e 88 cd 83 11 d6 ff db ed
    82 31 1d c4 83 11 f7 21 37 91 aa 50 2d b4 2e 42
    66 ee 53 ab a3 8e ad ef 99 47 6b 2d e0 3a a1 c5
    a3 1d e7 6d ed e3 64 0f 39 42 67 1a 84 e4 f1 8b
    15 26 ae 64 4d 8a 64 18 17 13 35 7d a4 e6 6e 4f
    b9 9a f4 df dc 4a 0c 97 e9 df 0f 05 66 14 87 20
    f6 6d 40 a5 0c a1 96 22 3e c1 97 98 46 5a e8 4e
    d8 eb d1 7b 8c 06 f8 b3 89 60 1a 5e 9d c0 e9 e7
    ba d4 c0 b7 b0 b9 e7 1e 6d 90 cb 8b 9c 10 18 9c
    a6 61 1f f0 5b 1a f8 22 ab c7 e9 78 4b 78 49 c1
    74 14 dc fb 79 26 1b f0 7b 87 ca 8e ae 8b b1 11
    34 95 5c fc d7 12 14 6f 89 c0 f3 63 3d 9f df fe
    47 f6 0a 9e d9 8d aa fe 0e 85 34 17 6d b3 db 65
    5f b1 89 1e 14 0e f3 64 b0 72 37 3b af 4f 7f 53
    6e e6 0e 56 d2 db 3b 8e 26 36 14 60 b5 9b ac e6
    f8 36 c4 e0 2b f6 8e cb ea a0 4f e2 52 f5 79 8e
    6d 4f 78 f5 be 5a 0a e1 2e 07 e3 85 8b 96 d5 78
    73 ab 8f 2e 38 fd e5 f1 cf 4c b9 7c 3a 2d 60 9d
    bf 59 63 9d ab ef 37 6a ee fa 8d fa 84 6a 7e b7
    af 3e bd 49 e1 af 8f d6 f5 58 69 c6 28 94 22 44
    0f a4 0a a1 d6 63 21 31 ed 15 d5 c8 33 22 7b e0
    c5 4a d6 e3 10 92 92 3d d5 65 cc 17 52 11 08 e7
    77 34 fa 3f a6 17 e2 7f ce ad a6 29 58 3f 8c 6a
    87 ab 81 63 25 a6 7a ca 99 2f e7 12 07 03 ea 90
    41 4c 4e d5 84 83 b3 77 53 a0 e9 e1 5b 94 94 b5
    75 bc ad a6 9e 8b 6d 5e e4 da 11 78 ce 15 15 1f
    3c fc 9f 50 ae be f4 4f 87 2c
<<< TLS 1.2, RecordHeader [length 0005]
    17 03 03 00 17
<<< TLS 1.3, InnerContent [length 0001]
    16
<<< TLS 1.3, Handshake [length 0006], EncryptedExtensions
    08 00 00 02 00 00
<<< TLS 1.2, RecordHeader [length 0005]
    17 03 03 03 47
<<< TLS 1.3, InnerContent [length 0001]
    16
<<< TLS 1.3, Handshake [length 0336], Certificate
    0b 00 03 32 00 00 03 2e 00 03 29 30 82 03 25 30
    82 02 0d a0 03 02 01 02 02 01 02 30 0d 06 09 2a
    86 48 86 f7 0d 01 01 0b 05 00 30 12 31 10 30 0e
    06 03 55 04 03 0c 07 52 6f 6f 74 20 43 41 30 20
    17 0d 31 36 30 31 31 34 32 32 32 39 34 36 5a 18
    0f 32 31 31 36 30 31 31 35 32 32 32 39 34 36 5a
    30 19 31 17 30 15 06 03 55 04 03 0c 0e 73 65 72
    76 65 72 2e 65 78 61 6d 70 6c 65 30 82 01 22 30
    0d 06 09 2a 86 48 86 f7 0d 01 01 01 05 00 03 82
    01 0f 00 30 82 01 0a 02 82 01 01 00 d5 5d 60 6a
    df fc 61 ee 48 aa 8c 11 48 43 a5 6d b6 52 5d aa
    98 49 b1 61 92 35 b1 fc 3a 04 25 0c 6d 79 ff b4
    d5 c9 e9 5c 1c 3b e0 ab b3 b8 7d a3 de 6d bd e0
    dd d7 5a bf 14 47 11 42 5e a6 82 d0 61 c1 7f dd
    13 46 e6 09 85 07 0e f2 d4 fc 1a 64 d2 0a ad 20
    ab 20 6b 96 f0 ad cc c4 19 53 55 dc 01 1d a4 b3
    ef 8a b4 49 53 5d 8a 05 1c f1 dc e1 44 bf c5 d7
    e2 77 19 57 5c 97 0b 75 ee 88 43 71 0f ca 6c c1
    b4 b2 50 a7 77 46 6c 58 0f 11 bf f1 76 24 5a ae
    39 42 b7 51 67 29 e1 d0 55 30 6f 17 e4 91 ea ad
    f8 28 c2 43 6f a2 64 a9 fb 9d 98 92 62 48 3e eb
    0d 4f 82 4a 8a ff 3f 72 ee 96 b5 ae a1 c1 98 ba
    ef 7d 90 75 6d ff 5a 52 9e ab f5 c0 7e d0 87 43
    db 85 07 07 0f 7d 38 7a fd d1 d3 ee 65 1d d3 ea
    39 6a 87 37 ee 4a d3 e0 0d 6e f5 70 ac c2 bd f1
    6e f3 92 95 5e a9 f0 a1 65 95 93 8d 02 03 01 00
    01 a3 7d 30 7b 30 1d 06 03 55 1d 0e 04 16 04 14
    c0 e7 84 bf e8 59 27 33 10 b0 52 4f 51 52 2f 06
    d6 c0 7a cd 30 1f 06 03 55 1d 23 04 18 30 16 80
    14 70 7f 2e ae 83 68 59 98 04 23 2a cd eb 3e 17
    cd 24 dd 01 49 30 09 06 03 55 1d 13 04 02 30 00
    30 13 06 03 55 1d 25 04 0c 30 0a 06 08 2b 06 01
    05 05 07 03 01 30 19 06 03 55 1d 11 04 12 30 10
    82 0e 73 65 72 76 65 72 2e 65 78 61 6d 70 6c 65
    30 0d 06 09 2a 86 48 86 f7 0d 01 01 0b 05 00 03
    82 01 01 00 7b d3 04 43 75 8a 0f 11 ae c4 fb d7
    a1 a2 9e fe 20 18 d5 f4 2f 31 88 46 b6 75 8c ee
    e5 9b 97 a6 b9 a3 cd 60 9a 46 c3 48 97 e5 97 68
    f7 5a 86 35 73 d9 69 9e f9 5f 74 b9 e6 94 13 01
    cb 6a dc e3 c4 04 e9 65 da 9c a4 8b 28 f3 f9 9a
    7f bf 97 1f 45 92 e5 05 b1 56 e6 0b f6 47 de 1e
    89 b6 2b e1 4d df 4a 7e 01 d3 23 dc 97 8c 47 fe
    5f c7 cc 98 46 0e c4 83 5b ca 8a f1 52 09 be 6b
    ec 3f 09 8b d0 93 02 bf e1 51 e7 d1 7e 34 56 19
    74 d0 ff 28 25 de b7 9f 56 52 91 7d 20 29 85 0a
    80 44 5f 71 32 25 71 0f c2 16 e2 5f 6b 1d 3f 32
    5b 0a 3c 74 1c b9 62 f1 ed 07 50 a3 6d b4 b4 31
    0a c0 53 44 6a 3a 88 84 8b 2d a9 b0 37 8e e6 18
    36 bd 9a 20 40 0f 01 92 8b 3d aa 61 e7 ae 2c ed
    36 cd 3a 07 86 74 3a 29 b3 d7 3a b4 00 a9 c2 f5
    92 78 0e e2 0f a3 fe bb be e0 06 53 84 59 1d 90
    69 e5 b6 f9 00 00
<<< TLS 1.2, RecordHeader [length 0005]
    17 03 03 01 19
<<< TLS 1.3, InnerContent [length 0001]
    16
<<< TLS 1.3, Handshake [length 0108], CertificateVerify
    0f 00 01 04 08 04 01 00 d1 47 64 12 24 b5 da c7
    05 ae b5 a4 eb bd 8a ee 0a 4c 03 f0 ff 09 09 21
    e9 51 f4 01 4a 22 c4 98 a7 5b 47 ae f7 9d 33 54
    44 25 78 75 4b e3 35 3b 18 03 d8 3a 85 ce c5 7b
    24 e1 78 3f ff bc c0 8e b3 14 90 ed 7e f6 be 41
    d9 9e 90 ec 73 7d 6c 17 f2 82 a9 e5 d3 e0 6d c5
    a7 41 9c 0a 42 3a 13 16 ba e1 f6 91 95 d0 38 71
    17 39 e3 c2 88 54 15 08 41 ed dc bf 14 a2 8c a5
    ad d3 d2 a6 aa 23 e6 b4 79 20 fd a8 5d 31 8b 87
    33 73 91 17 68 0c 68 6d e3 6e da bd 58 de 8f a2
    b6 c5 8a ac 56 a9 ec 3e 24 60 ac 48 02 94 a6 81
    0f 55 0a b9 94 a7 fb 13 be 0f e7 19 5e 7c 64 b0
    e2 8a de 58 5e 77 18 ac 6c e3 e0 f5 25 2c 45 1b
    c1 30 00 8c 96 0c ed c5 f0 20 d9 37 1c 1d e8 a6
    ac ef ec 41 ef 06 c4 8f 25 14 d8 eb ea 4d 5d 5b
    46 db aa 3e 19 75 41 7d 71 44 89 a6 0f de af 9b
    56 12 24 b4 84 f8 96 d2
<<< TLS 1.2, RecordHeader [length 0005]
    17 03 03 00 45
<<< TLS 1.3, InnerContent [length 0001]
    16
<<< TLS 1.3, Handshake [length 0034], Finished
    14 00 00 30 39 09 ff de 4a 5a 63 3b f7 f4 65 91
    ca 89 ed 83 08 62 6f fd 20 ab d4 f0 9b 05 80 91
    7d 08 37 b3 f4 81 44 a5 3a 5a ae a2 28 1e 95 96
    6e e9 bb 66
>>> TLS 1.2, RecordHeader [length 0005]
    17 03 03 00 45
>>> TLS 1.2, InnerContent [length 0001]
    16
>>> TLS 1.3, Handshake [length 0034], Finished
    14 00 00 30 c2 2d 65 ef 86 67 4c 9e 1c ac d9 ed
    33 9b 41 fd 20 1d df 5d 99 db 17 c3 d0 88 d7 8c
    b4 be 20 c8 d1 fa eb 4c 2b 8e f7 97 14 a5 47 4a
    c8 c1 92 6e
---
Certificate chain
 0 s:CN=server.example
   i:CN=Root CA
   a:PKEY: RSA, 2048 (bit); sigalg: sha256WithRSAEncryption
   v:NotBefore: Jan 14 22:29:46 2016 GMT; NotAfter: Jan 15 22:29:46 2116 GMT
---
Server certificate
-----BEGIN CERTIFICATE-----
MIIDJTCCAg2gAwIBAgIBAjANBgkqhkiG9w0BAQsFADASMRAwDgYDVQQDDAdSb290
IENBMCAXDTE2MDExNDIyMjk0NloYDzIxMTYwMTE1MjIyOTQ2WjAZMRcwFQYDVQQD
DA5zZXJ2ZXIuZXhhbXBsZTCCASIwDQYJKoZIhvcNAQEBBQADggEPADCCAQoCggEB
ANVdYGrf/GHuSKqMEUhDpW22Ul2qmEmxYZI1sfw6BCUMbXn/tNXJ6VwcO+Crs7h9
o95tveDd11q/FEcRQl6mgtBhwX/dE0bmCYUHDvLU/Bpk0gqtIKsga5bwrczEGVNV
3AEdpLPvirRJU12KBRzx3OFEv8XX4ncZV1yXC3XuiENxD8pswbSyUKd3RmxYDxG/
8XYkWq45QrdRZynh0FUwbxfkkeqt+CjCQ2+iZKn7nZiSYkg+6w1PgkqK/z9y7pa1
rqHBmLrvfZB1bf9aUp6r9cB+0IdD24UHBw99OHr90dPuZR3T6jlqhzfuStPgDW71
cKzCvfFu85KVXqnwoWWVk40CAwEAAaN9MHswHQYDVR0OBBYEFMDnhL/oWSczELBS
T1FSLwbWwHrNMB8GA1UdIwQYMBaAFHB/Lq6DaFmYBCMqzes+F80k3QFJMAkGA1Ud
EwQCMAAwEwYDVR0lBAwwCgYIKwYBBQUHAwEwGQYDVR0RBBIwEIIOc2VydmVyLmV4
YW1wbGUwDQYJKoZIhvcNAQELBQADggEBAHvTBEN1ig8RrsT716Ginv4gGNX0LzGI
RrZ1jO7lm5emuaPNYJpGw0iX5Zdo91qGNXPZaZ75X3S55pQTActq3OPEBOll2pyk
iyjz+Zp/v5cfRZLlBbFW5gv2R94eibYr4U3fSn4B0yPcl4xH/l/HzJhGDsSDW8qK
8VIJvmvsPwmL0JMCv+FR59F+NFYZdND/KCXet59WUpF9ICmFCoBEX3EyJXEPwhbi
X2sdPzJbCjx0HLli8e0HUKNttLQxCsBTRGo6iISLLamwN47mGDa9miBADwGSiz2q
YeeuLO02zToHhnQ6KbPXOrQAqcL1kngO4g+j/ru+4AZThFkdkGnltvk=
-----END CERTIFICATE-----
subject=CN=server.example
issuer=CN=Root CA
---
No client certificate CA names sent
Peer signing digest: SHA256
Peer signature type: rsa_pss_rsae_sha256
Negotiated TLS1.3 group: X25519MLKEM768
---
SSL handshake has read 2546 bytes and written 1702 bytes
Verification error: unable to verify the first certificate
---
New, TLSv1.3, Cipher is TLS_AES_256_GCM_SHA384
Protocol: TLSv1.3
Server public key is 2048 bit
This TLS version forbids renegotiation.
Compression: NONE
Expansion: NONE
No ALPN negotiated
Early data was not sent
Verify return code: 21 (unable to verify the first certificate)
---
>>> TLS 1.2, RecordHeader [length 0005]
    17 03 03 00 13
>>> TLS 1.2, InnerContent [length 0001]
    15
>>> TLS 1.3, Alert [length 0002], warning close_notify
    01 00
Connecting to 127.0.0.1
SSL_connect:before SSL initialization
SSL_connect:SSLv3/TLS write client hello
SSL_connect:SSLv3/TLS write client hello
SSL_connect:SSLv3/TLS read server hello
SSL_connect:SSLv3/TLS write change cipher spec
SSL_connect:SSLv3/TLS write client hello
SSL_connect:SSLv3/TLS write client hello
SSL_connect:SSLv3/TLS read server hello
Can't use SSL_get_servername
SSL_connect:TLSv1.3 read encrypted extensions
depth=0 CN=server.example
verify error:num=20:unable to get local issuer certificate
verify return:1
depth=0 CN=server.example
verify error:num=21:unable to verify the first certificate
verify return:1
depth=0 CN=server.example
verify return:1
SSL_connect:SSLv3/TLS read server certificate
SSL_connect:TLSv1.3 read server certificate verify
SSL_connect:SSLv3/TLS read finished
SSL_connect:SSLv3/TLS write finished
DONE
SSL3 alert write:warning:close notify
