CONNECTED(00000003)
>>> TLS 1.0, RecordHeader [length 0005]
    16 03 01 00 d6
>>> TLS 1.3, Handshake [length 00d6], ClientHello
    01 00 00 d2 03 03 f6 0b 17 2f 22 51 bd 36 ed 45
    70 b3 1a 9a 82 85 3a 38 0b 09 22 72 9d 2f b9 da
    71 d6 08 c1 a9 ef 20 d0 db 9c 9b d9 3f c4 04 75
    bf 18 27 8a 1b a7 6c c6 21 76 13 ab ae 2d b8 b1
    e8 a7 d9 ae cb 49 80 00 06 13 02 13 03 13 01 01
    00 00 83 00 0b 00 04 03 00 01 02 00 0a 00 06 00
    04 00 1d 11 ec 00 23 00 00 00 16 00 00 00 17 00
    00 00 0d 00 2a 00 28 09 05 09 06 09 04 04 03 05
    03 06 03 08 07 08 08 08 1a 08 1b 08 1c 08 09 08
    0a 08 0b 08 04 08 05 08 06 04 01 05 01 06 01 00
    2b 00 03 02 03 04 00 2d 00 02 01 01 00 33 00 26
    00 24 00 1d 00 20 4f 94 80 2d 8c a4 cd 59 48 42
    53 bb 5c c5 97 b6 47 cb ef 51 f0 bd 83 30 87 e6
    55 61 ee 37 c9 44
<<< TLS 1.2, RecordHeader [length 0005]
    16 03 03 00 58
<<< TLS 1.3, Handshake [length 0058], ServerHello
    02 00 00 54 03 03 cf 21 ad 74 e5 9a 61 11 be 1d
    8c 02 1e 65 b8 91 c2 a2 11 16 7a bb 8c 5e 07 9e
    09 e2 c8 a8 33 9c 20 d0 db 9c 9b d9 3f c4 04 75
    bf 18 27 8a 1b a7 6c c6 21 76 13 ab ae 2d b8 b1
    e8 a7 d9 ae cb 49 80 13 02 00 00 0c 00 2b 00 02
    03 04 00 33 00 02 11 ec
>>> TLS 1.2, RecordHeader [length 0005]
    14 03 03 00 01
>>> TLS 1.3, ChangeCipherSpec [length 0001]
    01
>>> TLS 1.2, RecordHeader [length 0005]
    16 03 03 05 76
>>> TLS 1.3, Handshake [length 0576], ClientHello
    01 00 05 72 03 03 f6 0b 17 2f 22 51 bd 36 ed 45
    70 b3 1a 9a 82 85 3a 38 0b 09 22 72 9d 2f b9 da
    71 d6 08 c1 a9 ef 20 d0 db 9c 9b d9 3f c4 04 75
    bf 18 27 8a 1b a7 6c c6 21 76 13 ab ae 2d b8 b1
    e8 a7 d9 ae cb 49 80 00 06 13 02 13 03 13 01 01
    00 05 23 00 0b 00 04 03 00 01 02 00 0a 00 06 00
    04 00 1d 11 ec 00 23 00 00 00 16 00 00 00 17 00
    00 00 0d 00 2a 00 28 09 05 09 06 09 04 04 03 05
    03 06 03 08 07 08 08 08 1a 08 1b 08 1c 08 09 08
    0a 08 0b 08 04 08 05 08 06 04 01 05 01 06 01 00
    2b 00 03 02 03 04 00 2d 00 02 01 01 00 33 04 c6
    04 c4 11 ec 04 c0 4f 49 30 ab f5 34 97 3a 20 9c
    64 c2 5e d9 b8 d4 38 7f f1 74 27 ca 9a 36 5e 8c
    0b a6 e3 8b ed 35 83 a1 64 5c ab ca 90 8a 85 01
    44 38 ce e2 3c ae ac f1 3b 43 70 c6 06 51 3f 84
    8a ce 71 a6 a3 f9 90 8f b6 cb 00 60 9c c0 30 4c
    6d 93 36 34 92 5c 38 52 f4 2f 12 19 4e db 4a a9
    b6 e0 7a 70 16 37 34 22 28 3a a8 a4 72 25 93 c9
    00 5f a0 e2 84 ce 58 b7 42 79 29 b9 83 8a 4d 12
    bb 77 80 ca 2a 51 3a 5f 10 18 7a 35 4e f1 5b 3d
    6e 8b b4 0f 30 09 15 e9 4a 4d c0 9f 29 66 cf dd
    4c 36 83 eb 0d 32 c0 84 36 da 48 3b 7c 8a aa 9a
    b7 a6 1a c4 99 34 8a 08 11 88 84 57 bf 67 b3 a9
    51 a7 38 82 09 bb 1b a3 5d 61 25 c7 e7 e6 5f 53
    7b ce 5d 17 af ec c8 0a 30 e3 8b 93 69 90 7b 84
    65 f5 2c c2 5b 16 b1 7f 22 03 aa f2 6f 5b e5 50
    a9 0b 2f 86 69 00 4a 43 0f f0 ea 51 0a 56 45 17
    e0 83 89 3a 34 6e 76 45 c6 25 51 4c c8 42 c4 da
    0a d6 56 8c b9 9c 6d ca 82 78 68 29 b9 21 39 ac
    31 96 52 40 d6 19 70 c3 25 5a 41 1a 36 06 4f d4
    36 3c 1f aa cf 0d 89 56 17 ca 1a 06 28 24 d5 d6
    2c 07 c5 29 7b 50 3a ee 86 41 af 75 90 0f b6 c2
    bb b7 54 ad 78 a9 09 44 77 63 b4 15 1b 59 91 c9
    c2 34 23 a8 31 42 f2 1c 4a f2 b4 f9 83 ab 86 f3
    33 6d d6 19 ee 28 70 41 b5 2c a0 32 6a f4 b3 68
    74 53 cf 6e 99 60 72 fc 23 08 c0 4b 0c 54 87 ea
    49 b6 8e a9 02 94 6b 97 c8 3a 9e 50 43 59 a9 72
    cf 92 92 0f ad 04 38 64 f0 af 69 36 ae d8 d6 62
    9c e3 7b 69 43 12 f5 08 20 dc 3c 9e ea 3b aa 7c
    ac 8d e8 49 96 45 35 2e ef 67 a6 1a 13 ad 12 39
    13 90 95 1d e3 ec 00 25 3a b9 fe e6 23 f6 68 32
    b4 e4 7b a5 c6 b1 c8 67 49 09 36 72 60 97 17 d9
    58 44 74 14 49 97 25 a1 10 f6 40 48 b3 75 e7 84
    72 51 f7 1d 32 eb c0 59 3c 0c e5 92 91 26 b3 82
    33 aa 0b 4a d0 43 e3 10 04 d2 e6 20 9c 14 4c f3
    98 21 f5 ec 7f 29 03 63 1a 4b 6d 69 04 c9 fa e1
    2b da 25 8f a9 da 94 2a a1 67 da 07 34 50 72 b8
    67 85 9f cb 71 7a 8b b8 8e c9 d8 75 84 37 ba 0e
    e8 45 c0 0b 9a 26 19 24 68 7a 7a 5b 17 24 ab 67
    63 e2 d9 2a 04 64 59 73 03 bc f3 f9 1b 63 63 8f
    4f 30 ba b5 9c 4d 04 92 4f dd 0b 0e 79 e8 17 04
    72 4d 85 cb a3 b2 78 04 8c c6 aa 39 d1 68 cb 88
    bf 6c 45 a8 e3 49 78 98 c4 97 53 0a 4b 5c e9 67
    eb 84 b5 09 77 c3 2a 84 49 69 b4 35 dc 36 61 21
    d9 97 e1 da b4 0b 86 4a 47 59 06 0a bc 04 9f c0
    ab c3 29 1d 50 00 1b 13 b9 14 87 2c 43 a0 ba 2b
    3c 4b 92 d5 db 5f 49 3c 23 90 63 a7 1d e0 8e 93
    70 61 5e d5 09 9d d1 9f a4 00 ce 34 41 23 5b 03
    53 00 88 bc 67 05 16 25 59 c5 19 16 2e 30 c2 ce
    ce 2c a3 95 47 23 f6 a8 ae ec d1 ac 99 d9 80 62
    e1 2e 1a 54 b8 52 a7 75 d1 bb 34 de f4 01 54 d9
    cc 45 7c aa 27 96 6a 81 68 cb 6b 4c a0 1d 56 88
    41 2b 86 6d aa 2a 21 c9 27 2d 74 cc fd 67 60 73
    c1 95 22 40 c6 b5 a8 ca 2b 02 1f 30 08 bd ea c3
    4c ce 81 61 53 20 6d e9 98 2f 80 b1 92 23 5c 19
    e7 a0 a2 af 3c 23 82 54 09 82 b7 7f 20 d1 32 42
    f1 16 27 db 5b d5 49 75 fa 20 8e 58 c3 cb dd e0
    3e e7 a8 b9 45 98 6d 31 69 44 a4 80 a8 39 92 b0
    06 c7 0b 06 99 7e b5 55 04 ec 03 90 ea 73 25 d4
    5b 12 2b aa 1d bc 42 38 d6 30 be 6d f1 94 42 81
    1d 49 38 08 f0 6c 9e 29 08 cb 33 68 0c 60 9b 94
    75 01 4c fd a7 70 3e c5 55 aa 65 7f c0 3b 88 41
    10 a6 a2 51 95 19 b6 c4 27 14 1f 9a b9 a1 e1 31
    41 e9 f5 6a a4 81 81 ed 42 1c b8 7b 3f c7 fc 2c
    28 c3 52 6e 0a 6c e9 fc 0f 79 26 6c b5 93 81 3c
    34 7b 28 a0 7a 74 52 63 8c f8 bb 70 96 43 ff 8a
    97 36 6a 8b 0b b9 54 ca 88 7e e8 f9 62 06 68 68
    f9 a6 8c 4e 64 01 2d fc 31 b2 94 6e 82 31 88 17
    20 65 30 dc b8 a5 5b 4c 59 d8 ae 61 05 1e 32 72
    72 18 58 21 8c a2 59 14 1c b0 c6 08 8b 71 74 18
    ac 8c 81 79 d1 64 4b f1 6e 40 87 3d 5e 74 35 e1
    96 87 ce 35 ce fe fc 0d e8 15 0c d2 6c ac 20 cc
    32 e1 e1 55 81 b1 1b 3c 43 cc 1f f2 cd 95 3a 16
    a4 21 7d 7c 5a 63 ce 16 06 b5 03 52 06 a4 41 5c
    eb 3f 0a 8c df 16 b5 69 22 68 34 d6 38 6d fe ee
    bb d6 b1 27 30 02 1c d3 8f 81 cb ee b6 3a ee e6
    8a 68 f0 c2 62 53 75 4f 24 a1 d1 b8 0c 66 fe 70
    fe 75 da 3f 21 54
<<< TLS 1.2, RecordHeader [length 0005]
    14 03 03 00 01
<<< TLS 1.3, ChangeCipherSpec [length 0001]
    01
<<< TLS 1.2, RecordHeader [length 0005]
    16 03 03 04 ba
<<< TLS 1.3, Handshake [length 04ba], ServerHello
    02 00 04 b6 03 03 25 df 77 f8 49 33 59 73 e4 7b
    bd b5 c8 2a 68 3b 8b 6f 4c 50 8c 0d c0 29 3b fe
    e9 69 e3 9a a0 30 20 d0 db 9c 9b d9 3f c4 04 75
    bf 18 27 8a 1b a7 6c c6 21 76 13 ab ae 2d b8 b1
    e8 a7 d9 ae cb 49 80 13 02 00 04 6e 00 2b 00 02
    03 04 00 33 04 64 11 ec 04 60 2f b5 b3 12 3f 3d
    8e 15 0c 93 fc a4 e0 d9 fc dd 0c 0f 3b af 2a 29
    26 1c 30 89 38 bd 8f 67 ad 14 86 c9 9d bf 45 53
    38 e8 73 e0 46 e6 d6 f4 be 15 4f eb 60 61 35 65
    00 85 90 8d 90 8d 84 ad 24 37 fd b5 41 5c 11 b2
    e1 37 02 e9 dc b8 a2 12 ca f0 4b 36 27 c7 ab b4
    bd 42 78 54 5a ed f2 3a f1 99 01 a2 0d 72 53 fc
    2f 98 99 67 18 b6 2f 77 cd 72 9e 10 52 57 40 6c
    a4 f0 66 08 b0 25 21 d0 4a 2e db 44 2c a7 5a 8b
    17 6c c9 a0 fa cb 2c 4d d6 16 7a ee 4c 7a 25 97
    53 df ac 6e 8f d6 5d a0 61 24 64 f3 17 25 97 cc
    4c 24 ca 2c 1d 89 af 5a 5e 52 90 87 c4 ca d4 44
    79 b5 99 7d c7 59 7b 80 d3 5c dd 4c e7 6f df 2a
    fa f9 99 1e 5c 7e eb d0 92 e0 3a 36 ae 91 27 9b
    5c b3 9c 81 19 93 bd 11 5b c6 47 94 2c 3b 27 12
    c3 21 6f 7d c8 e6 98 0a 3a b8 9b b8 3e b3 3d 99
    28 d9 3c eb 00 ed 1f bd e8 10 82 8e bc b4 54 52
    b9 af 52 74 99 9e aa 01 c4 ad 46 67 38 d2 9b 96
    98 ea c9 ab 08 f3 b7 80 1b a1 1d 89 b4 9d 9f 20
    e7 b7 20 b2 e3 f0 96 ed 7c ff 6c 23 26 60 96 a8
    06 b1 d4 89 6e ba e2 da 31 f6 3d 8d 31 9e a2 be
    5c 6f f9 fe 28 61 c3 ac 55 60 80 c8 ef 78 68 e8
    02 1f bc 5e 88 e7 11 e8 65 a6 55 cb 29 b7 ba c7
    1a 70 44 9c 33 85 0a fe 98 91 b6 ba 69 23 55 39
    72 1f d3 22 00 1b de df 1a e9 5d 5a 3b 93 87 1e
    71 dc fe 08 d2 1e 8e 85 9e 3a a4 84 d5 14 bf 21
    26 15 d4 93 99 7c 88 d1 d3 2e 13 29 40 4e ef b8
    90 b3 99 d1 0e fa 8f 47 ae ab 75 e5 bd 3f 19 1b
    be e0 2f e6 1f b3 35 54 a0 c9 17 5d 97 e7 83 51
    17 a6 cb 22 cc a3 6f 52 65 de 64 d2 6e 77 8a fb
    6c fe cc 1e 77 d9 48 a1 14 6b 62 af 32 e4 e7 14
    9a f2 ab 79 e7 18 2f 6d 44 e7 ad 3c e4 a2 76 47
    dc e6 e9 21 cf 9b 76 5e 39 67 f7 57 ce 5d 16 b2
    cf 71 52 4e c7 9b 68 aa fa a8 34 cb ba d6 04 38
    82 38 c5 43 8c 37 27 b3 32 5b 96 f1 72 18 8c ac
    76 07 44 2f 80 9f ae 90 2c 54 5b ea 85 83 9d fc
    12 9b 23 43 80 1b 90 38 d4 17 06 c6 24 b4 a8 82
    78 f6 f3 7c 74 a2 8b bf 7f 22 34 c8 ba 97 44 d0
    97 73 1e d3 b0 6e ef 6a 8c 39 67 1f c2 06 3b 89
    3e 77 7f 1c 2e 6b 7d bb e1 a3 c9 2c d8 41 b3 92
    4c db 13 52 76 0f cc 19 68 56 2c 11 23 cf dd 9f
    96 77 38 82 a5 14 6c c6 57 bc 81 85 6d a6 a3 69
    ab b9 e4 58 24 0d 36 4a a2 a3 62 ff 16 4e 62 ff
    69 33 43 9b 0a a2 2c 5e 0c 8a 18 ce 27 c6 02 2a
    b0 89 9b 62 86 7f ec a0 ba ec 85 52 42 a4 88 58
    fd f8 86 43 8b ab 51 f8 9b 38 4b eb 50 d7 fb bb
    10 79 53 64 14 77 9b 57 02 da f2 99 b5 ac cf 99
    61 ed 28 65 6a 4e 26 4d 35 51 26 c2 25 05 c4 45
    f4 49 08 e7 8d ee 6b e0 36 d8 2d 8a 31 79 bc 68
    28 50 85 34 97 ea 27 b5 4c 09 c0 e7 2b 63 44 7a
    3a 8b 82 c1 49 02 cb 75 11 07 f5 52 09 36 37 f9
    75 2d 4a dc 0d 01 e8 57 2b 25 61 8e 51 04 80 51
    12 14 9b 75 6b e1 bd ad d5 56 3e 24 fb cc 52 38
    59 84 22 ea 31 a7 fa f3 1d 02 25 5a 04 95 37 9f
    f3 a2 92 fc 28 05 bc e7 6d 3a cf 9d e0 b2 81 d7
    bb 8e e1 b0 18 77 3d cf 2f 95 2f a4 02 b0 f3 f2
    91 15 a9 b4 d7 8a 0b 5c 74 59 86 25 34 dc 7b 9d
    9c 12 ea a0 4d f6 c3 50 e6 1a ce 0b 82 31 0f ba
    2c 22 ff 65 d6 0a 83 0e a5 8f ea 2a 65 91 8d c9
    b3 cd e3 68 07 b4 08 53 7a 70 53 fa db 98 81 6e
    1e 7d 1e 49 8b b5 fe b9 a0 df 54 37 14 20 9d ed
    c6 9d ab ab e8 b5 fc 7d d0 1b 37 ee b9 f8 e0 73
    4b 94 12 1a 8d 56 d3 15 a4 47 67 1c c2 af 9f f7
    33 30 62 79 11 50 c1 c6 c1 70 37 da e4 fa 3c 9f
    b4 61 3f bc b0 7e ea 6b 63 72 7f fe 08 5f e5 3d
    fb f4 dc 30 ca 84 12 d5 a7 e5 48 cd 8f 79 c3 c2
    8d 72 c9 77 ab eb 7f f7 f7 7d 69 d5 5a b2 1d 65
    5c 18 d7 4d 01 2d 5c 77 79 7c f6 df e0 40 cd 2f
    a6 be f9 00 3d 90 e1 e6 8d 1d 9f 02 1d 1e 52 84
    04 46 ea a0 1e 93 bb 2c 03 b2 ca 5e 0b b9 b5 60
    b3 e8 90 57 29 39 07 89 07 4c
<<< TLS 1.2, RecordHeader [length 0005]
    17 03 03 00 17
<<< TLS 1.3, InnerContent [length 0001]
    16
<<< TLS 1.3, Handshake [length 0006], EncryptedExtensions
    08 00 00 02 00 00
<<< TLS 1.2, RecordHeader [length 0005]
    17 03 03 03 47
<<< TLS 1.3, InnerContent [length 0001]
    16
<<< TLS 1.3, Handshake [length 0336], Certificate
    0b 00 03 32 00 00 03 2e 00 03 29 30 82 03 25 30
    82 02 0d a0 03 02 01 02 02 01 02 30 0d 06 09 2a
    86 48 86 f7 0d 01 01 0b 05 00 30 12 31 10 30 0e
    06 03 55 04 03 0c 07 52 6f 6f 74 20 43 41 30 20
    17 0d 31 36 30 31 31 34 32 32 32 39 34 36 5a 18
    0f 32 31 31 36 30 31 31 35 32 32 32 39 34 36 5a
    30 19 31 17 30 15 06 03 55 04 03 0c 0e 73 65 72
    76 65 72 2e 65 78 61 6d 70 6c 65 30 82 01 22 30
    0d 06 09 2a 86 48 86 f7 0d 01 01 01 05 00 03 82
    01 0f 00 30 82 01 0a 02 82 01 01 00 d5 5d 60 6a
    df fc 61 ee 48 aa 8c 11 48 43 a5 6d b6 52 5d aa
    98 49 b1 61 92 35 b1 fc 3a 04 25 0c 6d 79 ff b4
    d5 c9 e9 5c 1c 3b e0 ab b3 b8 7d a3 de 6d bd e0
    dd d7 5a bf 14 47 11 42 5e a6 82 d0 61 c1 7f dd
    13 46 e6 09 85 07 0e f2 d4 fc 1a 64 d2 0a ad 20
    ab 20 6b 96 f0 ad cc c4 19 53 55 dc 01 1d a4 b3
    ef 8a b4 49 53 5d 8a 05 1c f1 dc e1 44 bf c5 d7
    e2 77 19 57 5c 97 0b 75 ee 88 43 71 0f ca 6c c1
    b4 b2 50 a7 77 46 6c 58 0f 11 bf f1 76 24 5a ae
    39 42 b7 51 67 29 e1 d0 55 30 6f 17 e4 91 ea ad
    f8 28 c2 43 6f a2 64 a9 fb 9d 98 92 62 48 3e eb
    0d 4f 82 4a 8a ff 3f 72 ee 96 b5 ae a1 c1 98 ba
    ef 7d 90 75 6d ff 5a 52 9e ab f5 c0 7e d0 87 43
    db 85 07 07 0f 7d 38 7a fd d1 d3 ee 65 1d d3 ea
    39 6a 87 37 ee 4a d3 e0 0d 6e f5 70 ac c2 bd f1
    6e f3 92 95 5e a9 f0 a1 65 95 93 8d 02 03 01 00
    01 a3 7d 30 7b 30 1d 06 03 55 1d 0e 04 16 04 14
    c0 e7 84 bf e8 59 27 33 10 b0 52 4f 51 52 2f 06
    d6 c0 7a cd 30 1f 06 03 55 1d 23 04 18 30 16 80
    14 70 7f 2e ae 83 68 59 98 04 23 2a cd eb 3e 17
    cd 24 dd 01 49 30 09 06 03 55 1d 13 04 02 30 00
    30 13 06 03 55 1d 25 04 0c 30 0a 06 08 2b 06 01
    05 05 07 03 01 30 19 06 03 55 1d 11 04 12 30 10
    82 0e 73 65 72 76 65 72 2e 65 78 61 6d 70 6c 65
    30 0d 06 09 2a 86 48 86 f7 0d 01 01 0b 05 00 03
    82 01 01 00 7b d3 04 43 75 8a 0f 11 ae c4 fb d7
    a1 a2 9e fe 20 18 d5 f4 2f 31 88 46 b6 75 8c ee
    e5 9b 97 a6 b9 a3 cd 60 9a 46 c3 48 97 e5 97 68
    f7 5a 86 35 73 d9 69 9e f9 5f 74 b9 e6 94 13 01
    cb 6a dc e3 c4 04 e9 65 da 9c a4 8b 28 f3 f9 9a
    7f bf 97 1f 45 92 e5 05 b1 56 e6 0b f6 47 de 1e
    89 b6 2b e1 4d df 4a 7e 01 d3 23 dc 97 8c 47 fe
    5f c7 cc 98 46 0e c4 83 5b ca 8a f1 52 09 be 6b
    ec 3f 09 8b d0 93 02 bf e1 51 e7 d1 7e 34 56 19
    74 d0 ff 28 25 de b7 9f 56 52 91 7d 20 29 85 0a
    80 44 5f 71 32 25 71 0f c2 16 e2 5f 6b 1d 3f 32
    5b 0a 3c 74 1c b9 62 f1 ed 07 50 a3 6d b4 b4 31
    0a c0 53 44 6a 3a 88 84 8b 2d a9 b0 37 8e e6 18
    36 bd 9a 20 40 0f 01 92 8b 3d aa 61 e7 ae 2c ed
    36 cd 3a 07 86 74 3a 29 b3 d7 3a b4 00 a9 c2 f5
    92 78 0e e2 0f a3 fe bb be e0 06 53 84 59 1d 90
    69 e5 b6 f9 00 00
<<< TLS 1.2, RecordHeader [length 0005]
    17 03 03 01 19
<<< TLS 1.3, InnerContent [length 0001]
    16
<<< TLS 1.3, Handshake [length 0108], CertificateVerify
    0f 00 01 04 08 04 01 00 55 ae 0d 30 34 d7 86 0d
    05 96 3d ed da 7e e0 90 69 25 39 54 b5 b9 df cf
    87 c5 89 3b 3f c4 72 e8 b8 4b 76 bf 57 f1 f2 29
    82 cd 2e 90 60 40 a3 d7 a5 9c 84 a2 f2 11 43 81
    af 75 e3 1a be 42 5e ce 2b 21 79 c8 32 67 69 22
    73 d9 85 3e aa 1b 82 30 60 ff 58 4b 17 19 ac f7
    c9 c3 62 cf 1b 57 e6 b2 27 06 a9 3a dc eb 9e 9b
    c5 4b 99 7a 4a 8f 16 cd 5c cf 37 ce 7d a8 cd d7
    80 06 1f 7a f6 8b c2 00 3f eb c5 c5 b9 30 dc 72
    33 dc 69 b3 71 7c a4 da a2 49 1f 3b 32 9a f5 74
    7a b0 43 5c 2c dc be 28 35 91 7d 67 27 75 a4 26
    15 54 f4 e7 3c b8 01 e9 d6 3e 02 07 19 67 cf 4a
    8e 1c 40 2e 41 b8 b3 d0 5a 2d fe 93 fd 07 99 b7
    2f a3 be 2b e8 8d cd ae 7b 15 bc c4 67 a6 12 6a
    82 60 d2 21 5d ef 5a ef 02 66 d2 62 cd 64 7a f3
    ed 30 37 b7 7d 88 1e 5b a7 94 f4 74 28 14 13 52
    d8 19 b6 53 ff d7 03 66
<<< TLS 1.2, RecordHeader [length 0005]
    17 03 03 00 45
<<< TLS 1.3, InnerContent [length 0001]
    16
<<< TLS 1.3, Handshake [length 0034], Finished
    14 00 00 30 e5 ea 22 76 e9 b3 39 6e 39 5d 0c 56
    66 08 04 9b 9e 96 41 8b 7b ce f7 1f 54 f6 cd 5d
    cb 80 ab a6 54 d1 ca 1b 33 95 50 70 c5 34 49 73
    e5 2f 0d aa
>>> TLS 1.2, RecordHeader [length 0005]
    17 03 03 00 45
>>> TLS 1.2, InnerContent [length 0001]
    16
>>> TLS 1.3, Handshake [length 0034], Finished
    14 00 00 30 2e a8 a6 5b eb 86 c4 9a f1 4d 32 49
    5e b7 cc e8 08 50 ee 3c 1b 20 c1 1f 22 f7 bc 8b
    b9 46 f8 1a 4a a0 00 08 a1 89 a5 0e 11 98 1e 88
    e1 4e 6b 9e
---
Certificate chain
 0 s:CN=server.example
   i:CN=Root CA
   a:PKEY: RSA, 2048 (bit); sigalg: sha256WithRSAEncryption
   v:NotBefore: Jan 14 22:29:46 2016 GMT; NotAfter: Jan 15 22:29:46 2116 GMT
---
Server certificate
-----BEGIN CERTIFICATE-----
MIIDJTCCAg2gAwIBAgIBAjANBgkqhkiG9w0BAQsFADASMRAwDgYDVQQDDAdSb290
IENBMCAXDTE2MDExNDIyMjk0NloYDzIxMTYwMTE1MjIyOTQ2WjAZMRcwFQYDVQQD
DA5zZXJ2ZXIuZXhhbXBsZTCCASIwDQYJKoZIhvcNAQEBBQADggEPADCCAQoCggEB
ANVdYGrf/GHuSKqMEUhDpW22Ul2qmEmxYZI1sfw6BCUMbXn/tNXJ6VwcO+Crs7h9
o95tveDd11q/FEcRQl6mgtBhwX/dE0bmCYUHDvLU/Bpk0gqtIKsga5bwrczEGVNV
3AEdpLPvirRJU12KBRzx3OFEv8XX4ncZV1yXC3XuiENxD8pswbSyUKd3RmxYDxG/
8XYkWq45QrdRZynh0FUwbxfkkeqt+CjCQ2+iZKn7nZiSYkg+6w1PgkqK/z9y7pa1
rqHBmLrvfZB1bf9aUp6r9cB+0IdD24UHBw99OHr90dPuZR3T6jlqhzfuStPgDW71
cKzCvfFu85KVXqnwoWWVk40CAwEAAaN9MHswHQYDVR0OBBYEFMDnhL/oWSczELBS
T1FSLwbWwHrNMB8GA1UdIwQYMBaAFHB/Lq6DaFmYBCMqzes+F80k3QFJMAkGA1Ud
EwQCMAAwEwYDVR0lBAwwCgYIKwYBBQUHAwEwGQYDVR0RBBIwEIIOc2VydmVyLmV4
YW1wbGUwDQYJKoZIhvcNAQELBQADggEBAHvTBEN1ig8RrsT716Ginv4gGNX0LzGI
RrZ1jO7lm5emuaPNYJpGw0iX5Zdo91qGNXPZaZ75X3S55pQTActq3OPEBOll2pyk
iyjz+Zp/v5cfRZLlBbFW5gv2R94eibYr4U3fSn4B0yPcl4xH/l/HzJhGDsSDW8qK
8VIJvmvsPwmL0JMCv+FR59F+NFYZdND/KCXet59WUpF9ICmFCoBEX3EyJXEPwhbi
X2sdPzJbCjx0HLli8e0HUKNttLQxCsBTRGo6iISLLamwN47mGDa9miBADwGSiz2q
YeeuLO02zToHhnQ6KbPXOrQAqcL1kngO4g+j/ru+4AZThFkdkGnltvk=
-----END CERTIFICATE-----
subject=CN=server.example
issuer=CN=Root CA
---
No client certificate CA names sent
Peer signing digest: SHA256
Peer signature type: rsa_pss_rsae_sha256
Negotiated TLS1.3 group: X25519MLKEM768
---
SSL handshake has read 2546 bytes and written 1702 bytes
Verification error: unable to verify the first certificate
---
New, TLSv1.3, Cipher is TLS_AES_256_GCM_SHA384
Protocol: TLSv1.3
Server public key is 2048 bit
This TLS version forbids renegotiation.
Compression: NONE
Expansion: NONE
No ALPN negotiated
Early data was not sent
Verify return code: 21 (unable to verify the first certificate)
---
>>> TLS 1.2, RecordHeader [length 0005]
    17 03 03 00 13
>>> TLS 1.2, InnerContent [length 0001]
    15
>>> TLS 1.3, Alert [length 0002], warning close_notify
    01 00
Connecting to 127.0.0.1
SSL_connect:before SSL initialization
SSL_connect:SSLv3/TLS write client hello
SSL_connect:SSLv3/TLS write client hello
SSL_connect:SSLv3/TLS read server hello
SSL_connect:SSLv3/TLS write change cipher spec
SSL_connect:SSLv3/TLS write client hello
SSL_connect:SSLv3/TLS write client hello
SSL_connect:SSLv3/TLS read server hello
Can't use SSL_get_servername
SSL_connect:TLSv1.3 read encrypted extensions
depth=0 CN=server.example
verify error:num=20:unable to get local issuer certificate
verify return:1
depth=0 CN=server.example
verify error:num=21:unable to verify the first certificate
verify return:1
depth=0 CN=server.example
verify return:1
SSL_connect:SSLv3/TLS read server certificate
SSL_connect:TLSv1.3 read server certificate verify
SSL_connect:SSLv3/TLS read finished
SSL_connect:SSLv3/TLS write finished
DONE
SSL3 alert write:warning:close notify
