CONNECTED(00000003)
>>> TLS 1.0, RecordHeader [length 0005]
    16 03 01 00 d6
>>> TLS 1.3, Handshake [length 00d6], ClientHello
    01 00 00 d2 03 03 b0 34 e6 13 f3 66 f5 ac 0e c8
    67 2d 70 8e e8 d6 87 6e 80 86 48 4e 7d 16 6a 4b
    4b 6c e9 1f 85 83 20 72 da 0f 7a d6 56 28 6e b4
    1c 02 30 f2 d9 4e 46 28 8d bc b6 01 e6 f0 ea 5a
    47 1b 1c 3a 34 8f ac 00 06 13 02 13 03 13 01 01
    00 00 83 00 0b 00 04 03 00 01 02 00 0a 00 06 00
    04 00 1d 11 ec 00 23 00 00 00 16 00 00 00 17 00
    00 00 0d 00 2a 00 28 09 05 09 06 09 04 04 03 05
    03 06 03 08 07 08 08 08 1a 08 1b 08 1c 08 09 08
    0a 08 0b 08 04 08 05 08 06 04 01 05 01 06 01 00
    2b 00 03 02 03 04 00 2d 00 02 01 01 00 33 00 26
    00 24 00 1d 00 20 b0 a7 2d 63 69 f4 88 bf 47 3c
    0a dd 52 23 87 5a 7c 97 ee cb b1 e4 10 bf be d6
    88 c2 9c f7 f2 4a
<<< TLS 1.2, RecordHeader [length 0005]
    16 03 03 00 58
<<< TLS 1.3, Handshake [length 0058], ServerHello
    02 00 00 54 03 03 cf 21 ad 74 e5 9a 61 11 be 1d
    8c 02 1e 65 b8 91 c2 a2 11 16 7a bb 8c 5e 07 9e
    09 e2 c8 a8 33 9c 20 72 da 0f 7a d6 56 28 6e b4
    1c 02 30 f2 d9 4e 46 28 8d bc b6 01 e6 f0 ea 5a
    47 1b 1c 3a 34 8f ac 13 02 00 00 0c 00 2b 00 02
    03 04 00 33 00 02 11 ec
>>> TLS 1.2, RecordHeader [length 0005]
    14 03 03 00 01
>>> TLS 1.3, ChangeCipherSpec [length 0001]
    01
>>> TLS 1.2, RecordHeader [length 0005]
    16 03 03 05 76
>>> TLS 1.3, Handshake [length 0576], ClientHello
    01 00 05 72 03 03 b0 34 e6 13 f3 66 f5 ac 0e c8
    67 2d 70 8e e8 d6 87 6e 80 86 48 4e 7d 16 6a 4b
    4b 6c e9 1f 85 83 20 72 da 0f 7a d6 56 28 6e b4
    1c 02 30 f2 d9 4e 46 28 8d bc b6 01 e6 f0 ea 5a
    47 1b 1c 3a 34 8f ac 00 06 13 02 13 03 13 01 01
    00 05 23 00 0b 00 04 03 00 01 02 00 0a 00 06 00
    04 00 1d 11 ec 00 23 00 00 00 16 00 00 00 17 00
    00 00 0d 00 2a 00 28 09 05 09 06 09 04 04 03 05
    03 06 03 08 07 08 08 08 1a 08 1b 08 1c 08 09 08
    0a 08 0b 08 04 08 05 08 06 04 01 05 01 06 01 00
    2b 00 03 02 03 04 00 2d 00 02 01 01 00 33 04 c6
    04 c4 11 ec 04 c0 67 e5 af 1a 61 79 09 45 9e 22
    b5 a7 fe 77 20 04 57 89 9d a0 17 59 70 78 b6 d4
    94 84 b6 95 c0 16 5b 96 e1 1c f3 01 78 38 d5 c5
    d0 fb b5 5b 99 c3 90 95 c1 1d 76 a6 e0 50 a1 7e
    29 a3 75 f5 c8 c0 84 c5 7f ec 0e 0a f2 aa 86 15
    43 0a 21 a2 f7 03 70 4f 4b 8a 87 a1 61 c7 07 2f
    20 16 4c 61 5c a8 24 73 13 1e a8 66 82 14 05 4a
    38 33 33 7b ce cb 1a a6 63 eb 8d 92 6b b9 35 ea
    c3 7f ea 22 64 b3 8d 59 44 7b e9 e2 b3 56 20 47
    c5 51 44 aa 45 17 9a c5 29 ba 30 2a 95 67 4a 44
    f4 16 f6 67 07 55 93 4e 68 86 c2 0d 31 a9 c3 0b
    32 85 54 7c bd 53 69 0c 96 62 d5 95 90 95 60 8d
    d6 b2 93 8b 2a 0d fc bb 1c b0 f3 34 ba 48 36 63
    39 3c d6 c2 33 73 09 5f 84 74 32 ec 00 07 a8 31
    a2 2d 60 0d 97 4a b8 56 ca 39 0b 16 c3 91 eb b5
    ba 0a a0 a2 e9 7d 56 22 34 27 03 b0 32 96 25 4f
    77 86 11 9a ac 7c 87 79 61 d2 44 f3 46 55 9b 57
    85 34 1a 44 a3 15 76 00 84 29 19 64 29 04 c0 c6
    ba 30 47 bc 94 47 27 a2 33 21 ba a2 dc 28 20 40
    ec 83 8f a4 bb be 86 1b 89 64 5a 2a 64 b3 50 53
    1e 9d 48 98 3d 84 af 1b 31 73 72 b5 90 58 47 7f
    4e 3c 75 96 43 96 b7 30 5a 87 00 72 74 bc 90 f0
    16 4a 52 25 3e e2 ca 6e 7e 62 2b 09 13 b0 a3 a7
    ae 01 d3 19 ed a8 28 bc b3 11 1a 01 48 ca 72 44
    38 65 b2 82 01 cf 00 f7 74 b8 d2 15 2c e1 63 a8
    68 97 d9 b3 ae 8f 69 4b e8 e4 05 45 05 c9 b7 dc
    20 88 fa 9a 19 f2 c0 91 1b 58 7e 59 59 db ca 9b
    df 53 41 50 03 1a cf 44 3c cc d0 a1 c5 30 42 31
    e6 c3 ac a5 30 44 d7 82 53 58 5e 94 56 56 e2 b8
    4a bc a1 a3 3e 29 c7 3d 20 ba 00 a4 49 91 18 19
    c8 b8 26 9b b3 50 d1 7b 03 9c 14 07 24 66 36 97
    b2 b6 4a f9 88 f5 62 0b 9b 19 0f c8 19 3d bd 07
    7e c7 cc b4 eb 2a 66 1f a1 c0 ed 5b 50 90 30 bc
    f0 0a 00 83 80 59 81 b8 00 14 d5 6a 00 40 21 74
    b5 1e 27 0a b3 be 88 68 09 6c 82 40 e1 22 8c 26
    0a 53 75 2b 3d 32 83 17 c1 bc 07 8a 97 f8 78 69
    f2 15 18 81 c7 ae 49 c0 06 3e 0a 10 d1 83 60 e1
    fa 34 51 31 92 d9 65 90 aa d3 56 4f d2 b9 a4 6b
    8a fe 58 16 64 23 82 a9 db 19 12 b8 2b 54 96 80
    c7 d0 c2 f0 95 24 52 77 b7 d9 1b 44 c2 c4 34 c6
    b2 27 dc 90 71 17 52 44 73 f9 49 32 a7 75 84 a7
    b9 a7 05 39 d1 ab 65 b1 51 04 b0 ab 01 a7 a3 3f
    8e d7 58 9f 6c 10 59 d1 36 dd a8 78 b0 03 0e 4b
    e7 0e 13 08 88 1d d7 ad 79 64 02 70 c8 38 47 d9
    c7 00 a8 0a 05 3c aa 29 e5 40 fb e1 ad e8 a5 97
    51 76 28 7a 2c 80 13 94 76 72 ac 80 c6 cb 97 6b
    64 24 a2 40 72 2f 29 9f 8b da 4d 2b c2 ac 67 e7
    0a 88 a3 30 ef a4 96 4c 6c 08 11 9a 02 66 d5 90
    e2 42 11 75 fa 13 e0 a0 88 f2 70 14 b6 87 8e e1
    52 90 a0 c1 ad ea 8a 39 e9 a3 81 1f a9 8d 27 2a
    65 5b 47 a8 fc 82 36 15 ec 2e 07 31 ac 81 a0 ca
    6d 10 41 0b 93 a0 d5 55 7e 58 53 9c cd 35 95 9c
    ba 4f 38 c2 2e a7 fa 30 68 90 87 65 c1 6b 24 09
    39 2a f3 47 2c c7 b4 3e 67 ce fc 9b 28 91 26 0a
    d8 a1 6e 79 37 06 12 82 b6 94 6b 23 e4 77 31 21
    70 4e b8 17 33 57 70 2b 67 e3 78 ec 22 6d 2b b9
    c3 bb 29 03 a9 22 71 6c e4 62 23 92 0d e4 c4 8c
    e2 13 28 6f d0 94 d3 0b 62 c4 e3 96 a4 e0 4b bf
    4c ae 9a 20 5b e7 c6 82 fd 75 7b 88 64 9f 73 b5
    98 a2 7a 1c 20 77 76 a7 7b 77 d4 b8 c7 b2 93 ba
    0c 28 81 71 0b 39 63 17 cb ec 49 b5 cb f7 c3 3d
    5b c4 48 cb 33 74 a2 6f 05 a8 4c 04 e5 2d 45 84
    a6 dd 2a 8f c6 1c 42 fd 19 07 5d b5 66 27 54 b0
    7e 08 87 c4 e5 18 57 98 c2 37 6a 98 18 c3 0f df
    5a 08 ab 92 6a 5f 14 06 46 14 5f cb a7 a3 6b a3
    6b 97 09 a9 48 24 a3 b5 a5 b2 ef 39 65 32 33 73
    e3 40 0b b2 19 a3 a0 b0 77 2e 18 47 a7 39 03 97
    ac 5a 3f d8 16 21 3a 08 2c 63 03 16 d3 c1 b5 15
    63 bc 04 b6 14 81 bd 8e 38 47 3e 92 9b fa a3 87
    25 9a ba dd a9 ad 77 8b c5 eb 94 5b ec d7 c2 e7
    07 12 56 92 74 60 46 2a 3b a8 6a 51 42 a0 21 19
    92 9d 24 91 b8 7b 16 45 49 8f ae a2 1d 7b 75 3f
    c0 52 07 3b 43 70 83 eb cd d7 c5 d5 2f 78 d2 c4
    dd 34 45 c5 3a a3 ee 71 52 13 4f 39 8f e7 66 d5
    1c 35 54 75 78 9a 79 e5 11 84 44 e4 25 5a b4 73
    58 d8 38 b9 1c 9b 00 06 6b 33 bb 2c a6 7c 94 6a
    2c 27 e9 3b 87 55
<<< TLS 1.2, RecordHeader [length 0005]
    14 03 03 00 01
<<< TLS 1.3, ChangeCipherSpec [length 0001]
    01
<<< TLS 1.2, RecordHeader [length 0005]
    16 03 03 04 ba
<<< TLS 1.3, Handshake [length 04ba], ServerHello
    02 00 04 b6 03 03 e6 71 0e 53 b7 14 a3 6a 4c c0
    64 b0 8d 99 0c 16 b6 10 a4 4b 63 28 5a d0 c1 6f
    49 78 2b 4b 98 ad 20 72 da 0f 7a d6 56 28 6e b4
    1c 02 30 f2 d9 4e 46 28 8d bc b6 01 e6 f0 ea 5a
    47 1b 1c 3a 34 8f ac 13 02 00 04 6e 00 2b 00 02
    03 04 00 33 04 64 11 ec 04 60 0c c7 ab c9 c8 2c
    35 a8 7d 9a 13 19 14 0d 2a 04 1d 26 ba 8c eb d8
    7f 09 28 de 5d 52 ab a7 c5 74 0d b1 f1 03 0e 44
    66 c9 5d cd 1c 34 92 49 4c 4f 9e 7c 0a b2 80 5d
    b4 e7 8f 33 83 3d 88 a9 69 c6 de 66 9f d7 cc fb
    60 39 e8 47 0d f9 38 c3 4c d4 e3 c1 9f c8 ca b0
    b9 73 29 88 cb a3 0d 6e ab fa 7a 45 74 40 da a3
    53 c8 bc eb 82 19 11 60 01 ff 2b 29 62 f9 e3 63
    23 c1 c0 fe f0 28 b1 aa 59 cb a0 2b 82 bc d3 b8
    25 f2 d1 c7 7b 8a 54 7c 77 aa 33 fa e2 71 27 9e
    df ef a3 e1 c4 08 1e 7d b1 1b 2f d6 6b 05 11 f2
    98 11 eb fe ec a1 a0 71 37 0b 0a 10 57 80 7c 6f
    2b 43 48 a8 69 00 31 48 bb d0 e7 38 a2 e5 9b 00
    27 93 b8 8e 0b a6 36 df 4a a4 f5 ac 96 ba d2 49
    61 20 4f c6 f7 62 38 23 aa b9 95 03 0f 1b 22 b7
    4f 39 ba 6a b3 51 e1 97 d3 0f d2 1b 1c 67 1f b2
    68 2c 9a 1b f4 54 c4 b9 0b 47 3c ca 54 a5 d2 f7
    01 36 c6 89 6c c7 b9 10 c1 64 2d 68 d7 9e 37 d5
    61 0a 9f 45 83 f8 2b cf 0f fe 2d 79 58 5a db f6
    78 72 ab 37 a4 ae fe 1b b8 b2 0a ca 49 91 c8 52
    3a 6d 82 ef d4 cf 33 0f 71 dc c1 57 9b 86 d9 5e
    88 ee 03 7e 33 d8 c7 aa 99 07 87 15 75 9f da 92
    7e 57 e5 45 aa eb b7 74 a4 21 c5 3d d8 91 e5 01
    75 19 0c 88 b2 d7 1a f8 bb 9b 62 cd ce 50 90 b6
    6c 50 01 6e 82 29 5a 60 20 e3 e3 bf de 71 11 88
    18 ca 9c 48 cc 8b 8f cd ab 55 26 fe dc e4 d0 58
    72 76 b0 da 04 39 7b 35 71 2b 06 4e 75 84 8a 63
    56 39 20 0d dd 92 1e 0b 21 92 27 33 93 ee bb 4e
    f2 67 27 66 8e 57 31 2d a8 be b5 99 9e 70 c2 0e
    3c ff 21 3b ca ba 31 78 9d 01 c9 37 7f 4a 0b 98
    8f 09 28 2e 1c e5 7e 5b af 73 cd b5 b4 04 ea 58
    e7 a3 f5 4e 24 d0 27 26 ae 38 1d 91 d2 b9 bc 31
    ed 7b 5f 0d f5 13 6e 31 34 73 81 e7 e6 ed 15 27
    1b 9b 65 29 27 72 9d 7c 6e 26 96 82 46 91 3d 91
    3c 34 2e b0 5c 30 2a 93 ec cc 19 88 69 1b 38 99
    b1 96 07 37 94 8c 3c 62 67 c0 6a 88 c3 ec ef c8
    33 0d 5d 14 a1 56 ad 20 81 af 52 36 37 95 51 26
    e7 78 8b 5f 49 84 ae a4 4b 7a 2c bf e9 db ee aa
    2a 21 a8 75 a4 5c 88 67 5f 4c e2 1c 08 c1 32 da
    f9 12 92 88 07 eb 5d b1 1e b7 eb 27 6e f9 b1 c8
    fa 28 21 22 45 f1 24 95 74 5a 90 cf 7e e6 a1 a4
    9d e9 46 69 ff 62 21 3c 28 c6 15 74 36 9f b8 41
    08 6d c4 97 2f dd 0e 13 58 d9 79 98 4e d1 68 51
    43 a5 29 63 2e 62 f0 38 a6 a3 20 cf 15 f4 84 b4
    e6 fd 26 a1 91 9e a2 0c 28 49 7b 28 d0 e7 39 00
    67 07 cf 99 10 63 e7 7d 83 fd c3 c3 e4 53 cf 84
    ab 0c 19 ad 93 d4 d7 09 fb 7f 08 a2 04 a3 fa 2d
    0d e3 b4 17 a1 aa ac 95 21 b6 b1 2b 11 c4 64 d2
    6a 76 36 c3 af 70 71 d0 b7 57 f7 55 99 19 97 7a
    cc 4f 34 a2 2e e7 fc 70 ab 47 bf d5 e5 d3 88 8a
    0a 00 0f c4 3b c6 44 b9 0f 7f 72 0c 35 b4 be fe
    a6 c8 58 f0 c1 ab b4 aa 0e ed 74 33 1d ee ac 9a
    57 d7 b8 5d 02 a3 c0 65 da 23 d0 6a b0 e0 61 4b
    06 c6 5d f6 81 ea 4e ad e6 e7 4c 5a b3 ce 33 04
    c8 18 55 3d 45 5a 26 4c 8f 82 7c 8a 14 6d 1e 01
    4d 29 a3 8e 43 1f 6d fc 82 79 a1 0d 6b ca 71 58
    4b d4 aa 23 6a 1a e0 d7 db 9b 47 86 24 f4 34 94
    a1 ca f7 b2 99 e6 97 0b b4 d5 1a 4f f6 0b f4 50
    d3 e4 83 d1 18 b5 60 e3 6e 65 e2 21 1e 6c 07 26
    f1 fb c4 8b e4 a8 a4 11 fe 04 ec d7 26 b6 4a 23
    3f 66 62 fc a0 98 52 77 19 db f3 04 25 32 e5 ff
    be f6 5f 63 bd f5 9c ea 71 92 4c 47 db cf f5 67
    2d 93 ec 7e 68 9c 37 cb 46 6e c2 c5 3b c8 9c b2
    e3 5a 5c bd 82 66 8b 30 40 02 5e 06 a1 0c 3d 48
    e1 bc 00 ac 5b 66 1b f1 af 2e 57 bb 8c 37 04 0d
    57 11 a5 a6 3a 2e cc 51 c1 3a 3b b5 27 d4 43 57
    93 22 98 c8 6e 7d 0d 0c f0 83 2c 6c d0 dc e3 74
    11 dd 63 9b 75 3f 6e c7 e7 25 0c 4e 03 09 37 d3
    fb 1f 1b 8c 64 f1 f7 91 de 25 c2 28 49 a2 1b dd
    90 96 5d e4 da 14 26 9d 22 53 3c d9 c3 e6 bb be
    b0 71 71 8e 74 bd 93 24 83 31
<<< TLS 1.2, RecordHeader [length 0005]
    17 03 03 00 17
<<< TLS 1.3, InnerContent [length 0001]
    16
<<< TLS 1.3, Handshake [length 0006], EncryptedExtensions
    08 00 00 02 00 00
<<< TLS 1.2, RecordHeader [length 0005]
    17 03 03 03 47
<<< TLS 1.3, InnerContent [length 0001]
    16
<<< TLS 1.3, Handshake [length 0336], Certificate
    0b 00 03 32 00 00 03 2e 00 03 29 30 82 03 25 30
    82 02 0d a0 03 02 01 02 02 01 02 30 0d 06 09 2a
    86 48 86 f7 0d 01 01 0b 05 00 30 12 31 10 30 0e
    06 03 55 04 03 0c 07 52 6f 6f 74 20 43 41 30 20
    17 0d 31 36 30 31 31 34 32 32 32 39 34 36 5a 18
    0f 32 31 31 36 30 31 31 35 32 32 32 39 34 36 5a
    30 19 31 17 30 15 06 03 55 04 03 0c 0e 73 65 72
    76 65 72 2e 65 78 61 6d 70 6c 65 30 82 01 22 30
    0d 06 09 2a 86 48 86 f7 0d 01 01 01 05 00 03 82
    01 0f 00 30 82 01 0a 02 82 01 01 00 d5 5d 60 6a
    df fc 61 ee 48 aa 8c 11 48 43 a5 6d b6 52 5d aa
    98 49 b1 61 92 35 b1 fc 3a 04 25 0c 6d 79 ff b4
    d5 c9 e9 5c 1c 3b e0 ab b3 b8 7d a3 de 6d bd e0
    dd d7 5a bf 14 47 11 42 5e a6 82 d0 61 c1 7f dd
    13 46 e6 09 85 07 0e f2 d4 fc 1a 64 d2 0a ad 20
    ab 20 6b 96 f0 ad cc c4 19 53 55 dc 01 1d a4 b3
    ef 8a b4 49 53 5d 8a 05 1c f1 dc e1 44 bf c5 d7
    e2 77 19 57 5c 97 0b 75 ee 88 43 71 0f ca 6c c1
    b4 b2 50 a7 77 46 6c 58 0f 11 bf f1 76 24 5a ae
    39 42 b7 51 67 29 e1 d0 55 30 6f 17 e4 91 ea ad
    f8 28 c2 43 6f a2 64 a9 fb 9d 98 92 62 48 3e eb
    0d 4f 82 4a 8a ff 3f 72 ee 96 b5 ae a1 c1 98 ba
    ef 7d 90 75 6d ff 5a 52 9e ab f5 c0 7e d0 87 43
    db 85 07 07 0f 7d 38 7a fd d1 d3 ee 65 1d d3 ea
    39 6a 87 37 ee 4a d3 e0 0d 6e f5 70 ac c2 bd f1
    6e f3 92 95 5e a9 f0 a1 65 95 93 8d 02 03 01 00
    01 a3 7d 30 7b 30 1d 06 03 55 1d 0e 04 16 04 14
    c0 e7 84 bf e8 59 27 33 10 b0 52 4f 51 52 2f 06
    d6 c0 7a cd 30 1f 06 03 55 1d 23 04 18 30 16 80
    14 70 7f 2e ae 83 68 59 98 04 23 2a cd eb 3e 17
    cd 24 dd 01 49 30 09 06 03 55 1d 13 04 02 30 00
    30 13 06 03 55 1d 25 04 0c 30 0a 06 08 2b 06 01
    05 05 07 03 01 30 19 06 03 55 1d 11 04 12 30 10
    82 0e 73 65 72 76 65 72 2e 65 78 61 6d 70 6c 65
    30 0d 06 09 2a 86 48 86 f7 0d 01 01 0b 05 00 03
    82 01 01 00 7b d3 04 43 75 8a 0f 11 ae c4 fb d7
    a1 a2 9e fe 20 18 d5 f4 2f 31 88 46 b6 75 8c ee
    e5 9b 97 a6 b9 a3 cd 60 9a 46 c3 48 97 e5 97 68
    f7 5a 86 35 73 d9 69 9e f9 5f 74 b9 e6 94 13 01
    cb 6a dc e3 c4 04 e9 65 da 9c a4 8b 28 f3 f9 9a
    7f bf 97 1f 45 92 e5 05 b1 56 e6 0b f6 47 de 1e
    89 b6 2b e1 4d df 4a 7e 01 d3 23 dc 97 8c 47 fe
    5f c7 cc 98 46 0e c4 83 5b ca 8a f1 52 09 be 6b
    ec 3f 09 8b d0 93 02 bf e1 51 e7 d1 7e 34 56 19
    74 d0 ff 28 25 de b7 9f 56 52 91 7d 20 29 85 0a
    80 44 5f 71 32 25 71 0f c2 16 e2 5f 6b 1d 3f 32
    5b 0a 3c 74 1c b9 62 f1 ed 07 50 a3 6d b4 b4 31
    0a c0 53 44 6a 3a 88 84 8b 2d a9 b0 37 8e e6 18
    36 bd 9a 20 40 0f 01 92 8b 3d aa 61 e7 ae 2c ed
    36 cd 3a 07 86 74 3a 29 b3 d7 3a b4 00 a9 c2 f5
    92 78 0e e2 0f a3 fe bb be e0 06 53 84 59 1d 90
    69 e5 b6 f9 00 00
<<< TLS 1.2, RecordHeader [length 0005]
    17 03 03 01 19
<<< TLS 1.3, InnerContent [length 0001]
    16
<<< TLS 1.3, Handshake [length 0108], CertificateVerify
    0f 00 01 04 08 04 01 00 25 bf a7 ea 28 6a df 6d
    a0 bf 56 2f b7 90 53 ea b6 e9 3b 25 2b 45 81 b7
    a8 80 b5 fd ba 02 50 3c bb d5 7a be 0d c0 77 53
    73 05 f5 47 23 93 cd 62 82 44 4f dc 2e b6 dc ce
    3b 09 cf 9a dd 76 cb ab 5d 63 ea ea 18 76 55 71
    3a b2 2d b1 d8 ab 26 a0 56 47 34 3c 77 74 98 59
    3a 9d 9f 66 a4 41 b0 16 08 5c 2d 78 2d 73 c2 0b
    b9 9c 1f da 9c 4b b9 ba 79 dd a7 bc b2 ae a8 e7
    7a f2 ab 9f ff 07 bb be 64 ba ea 33 16 9a cc 4e
    62 e0 52 a4 36 94 a9 a7 dc a1 1b d5 eb 5d 45 bb
    c7 e5 92 18 3e e4 11 30 c8 b0 d2 1b 46 50 ae 2b
    31 bf 5e 6e b6 91 fc 64 89 43 c7 16 e3 8e 9e 82
    8f cd 0d 83 27 8a 0f fc ce 35 67 72 42 3a 3c 40
    d1 f3 c6 e0 88 4e 83 5c 99 0f c6 01 79 5e 6b dc
    1a 27 6e bc 81 6e 1c cb 04 26 1b 29 bb 54 4e e9
    59 4e 9c b2 b2 26 28 17 31 9a 33 70 d9 90 f0 f4
    e2 e3 42 dc e8 86 a8 31
<<< TLS 1.2, RecordHeader [length 0005]
    17 03 03 00 45
<<< TLS 1.3, InnerContent [length 0001]
    16
<<< TLS 1.3, Handshake [length 0034], Finished
    14 00 00 30 24 7d 40 1c 27 c0 09 11 b2 aa 3d 31
    f3 7d 81 3b b4 65 98 b6 3f f2 9a 23 f4 de b3 61
    8a c1 86 1e 0c dc 18 03 64 2d 21 96 dd c2 96 d3
    72 af 93 db
>>> TLS 1.2, RecordHeader [length 0005]
    17 03 03 00 45
>>> TLS 1.2, InnerContent [length 0001]
    16
>>> TLS 1.3, Handshake [length 0034], Finished
    14 00 00 30 36 9b e0 24 08 2a d3 e0 83 bd 0e 15
    bc 5b 75 47 60 40 e2 4e 62 cf 3b 28 52 02 62 49
    2a 59 62 85 c0 86 e2 30 c8 cf fd f9 a8 9d ab 0c
    10 54 1b 8d
---
Certificate chain
 0 s:CN=server.example
   i:CN=Root CA
   a:PKEY: RSA, 2048 (bit); sigalg: sha256WithRSAEncryption
   v:NotBefore: Jan 14 22:29:46 2016 GMT; NotAfter: Jan 15 22:29:46 2116 GMT
---
Server certificate
-----BEGIN CERTIFICATE-----
MIIDJTCCAg2gAwIBAgIBAjANBgkqhkiG9w0BAQsFADASMRAwDgYDVQQDDAdSb290
IENBMCAXDTE2MDExNDIyMjk0NloYDzIxMTYwMTE1MjIyOTQ2WjAZMRcwFQYDVQQD
DA5zZXJ2ZXIuZXhhbXBsZTCCASIwDQYJKoZIhvcNAQEBBQADggEPADCCAQoCggEB
ANVdYGrf/GHuSKqMEUhDpW22Ul2qmEmxYZI1sfw6BCUMbXn/tNXJ6VwcO+Crs7h9
o95tveDd11q/FEcRQl6mgtBhwX/dE0bmCYUHDvLU/Bpk0gqtIKsga5bwrczEGVNV
3AEdpLPvirRJU12KBRzx3OFEv8XX4ncZV1yXC3XuiENxD8pswbSyUKd3RmxYDxG/
8XYkWq45QrdRZynh0FUwbxfkkeqt+CjCQ2+iZKn7nZiSYkg+6w1PgkqK/z9y7pa1
rqHBmLrvfZB1bf9aUp6r9cB+0IdD24UHBw99OHr90dPuZR3T6jlqhzfuStPgDW71
cKzCvfFu85KVXqnwoWWVk40CAwEAAaN9MHswHQYDVR0OBBYEFMDnhL/oWSczELBS
T1FSLwbWwHrNMB8GA1UdIwQYMBaAFHB/Lq6DaFmYBCMqzes+F80k3QFJMAkGA1Ud
EwQCMAAwEwYDVR0lBAwwCgYIKwYBBQUHAwEwGQYDVR0RBBIwEIIOc2VydmVyLmV4
YW1wbGUwDQYJKoZIhvcNAQELBQADggEBAHvTBEN1ig8RrsT716Ginv4gGNX0LzGI
RrZ1jO7lm5emuaPNYJpGw0iX5Zdo91qGNXPZaZ75X3S55pQTActq3OPEBOll2pyk
iyjz+Zp/v5cfRZLlBbFW5gv2R94eibYr4U3fSn4B0yPcl4xH/l/HzJhGDsSDW8qK
8VIJvmvsPwmL0JMCv+FR59F+NFYZdND/KCXet59WUpF9ICmFCoBEX3EyJXEPwhbi
X2sdPzJbCjx0HLli8e0HUKNttLQxCsBTRGo6iISLLamwN47mGDa9miBADwGSiz2q
YeeuLO02zToHhnQ6KbPXOrQAqcL1kngO4g+j/ru+4AZThFkdkGnltvk=
-----END CERTIFICATE-----
subject=CN=server.example
issuer=CN=Root CA
---
No client certificate CA names sent
Peer signing digest: SHA256
Peer signature type: rsa_pss_rsae_sha256
Negotiated TLS1.3 group: X25519MLKEM768
---
SSL handshake has read 2546 bytes and written 1702 bytes
Verification error: unable to verify the first certificate
---
New, TLSv1.3, Cipher is TLS_AES_256_GCM_SHA384
Protocol: TLSv1.3
Server public key is 2048 bit
This TLS version forbids renegotiation.
Compression: NONE
Expansion: NONE
No ALPN negotiated
Early data was not sent
Verify return code: 21 (unable to verify the first certificate)
---
>>> TLS 1.2, RecordHeader [length 0005]
    17 03 03 00 13
>>> TLS 1.2, InnerContent [length 0001]
    15
>>> TLS 1.3, Alert [length 0002], warning close_notify
    01 00
Connecting to 127.0.0.1
SSL_connect:before SSL initialization
SSL_connect:SSLv3/TLS write client hello
SSL_connect:SSLv3/TLS write client hello
SSL_connect:SSLv3/TLS read server hello
SSL_connect:SSLv3/TLS write change cipher spec
SSL_connect:SSLv3/TLS write client hello
SSL_connect:SSLv3/TLS write client hello
SSL_connect:SSLv3/TLS read server hello
Can't use SSL_get_servername
SSL_connect:TLSv1.3 read encrypted extensions
depth=0 CN=server.example
verify error:num=20:unable to get local issuer certificate
verify return:1
depth=0 CN=server.example
verify error:num=21:unable to verify the first certificate
verify return:1
depth=0 CN=server.example
verify return:1
SSL_connect:SSLv3/TLS read server certificate
SSL_connect:TLSv1.3 read server certificate verify
SSL_connect:SSLv3/TLS read finished
SSL_connect:SSLv3/TLS write finished
DONE
SSL3 alert write:warning:close notify
