CONNECTED(00000003)
>>> TLS 1.0, RecordHeader [length 0005]
    16 03 01 00 d6
>>> TLS 1.3, Handshake [length 00d6], ClientHello
    01 00 00 d2 03 03 5e 94 70 59 24 c4 98 62 c2 ab
    7f df 0b f0 d5 47 9b 7d a5 2c 30 27 a6 96 59 b8
    d3 61 54 ef fe fa 20 8f 2e fd 1f c0 de 23 32 01
    8b a6 16 78 ee 60 06 97 52 65 96 ca f3 52 df 34
    5e d1 08 38 45 6a 1b 00 06 13 02 13 03 13 01 01
    00 00 83 00 0b 00 04 03 00 01 02 00 0a 00 06 00
    04 00 1d 11 ec 00 23 00 00 00 16 00 00 00 17 00
    00 00 0d 00 2a 00 28 09 05 09 06 09 04 04 03 05
    03 06 03 08 07 08 08 08 1a 08 1b 08 1c 08 09 08
    0a 08 0b 08 04 08 05 08 06 04 01 05 01 06 01 00
    2b 00 03 02 03 04 00 2d 00 02 01 01 00 33 00 26
    00 24 00 1d 00 20 ea a2 0c 25 df 34 36 20 3b 4e
    d2 07 d5 2f 46 ea 72 8f 06 0e 88 62 81 0d 96 e8
    7f 07 61 a0 c4 3c
<<< TLS 1.2, RecordHeader [length 0005]
    16 03 03 00 58
<<< TLS 1.3, Handshake [length 0058], ServerHello
    02 00 00 54 03 03 cf 21 ad 74 e5 9a 61 11 be 1d
    8c 02 1e 65 b8 91 c2 a2 11 16 7a bb 8c 5e 07 9e
    09 e2 c8 a8 33 9c 20 8f 2e fd 1f c0 de 23 32 01
    8b a6 16 78 ee 60 06 97 52 65 96 ca f3 52 df 34
    5e d1 08 38 45 6a 1b 13 02 00 00 0c 00 2b 00 02
    03 04 00 33 00 02 11 ec
>>> TLS 1.2, RecordHeader [length 0005]
    14 03 03 00 01
>>> TLS 1.3, ChangeCipherSpec [length 0001]
    01
>>> TLS 1.2, RecordHeader [length 0005]
    16 03 03 05 76
>>> TLS 1.3, Handshake [length 0576], ClientHello
    01 00 05 72 03 03 5e 94 70 59 24 c4 98 62 c2 ab
    7f df 0b f0 d5 47 9b 7d a5 2c 30 27 a6 96 59 b8
    d3 61 54 ef fe fa 20 8f 2e fd 1f c0 de 23 32 01
    8b a6 16 78 ee 60 06 97 52 65 96 ca f3 52 df 34
    5e d1 08 38 45 6a 1b 00 06 13 02 13 03 13 01 01
    00 05 23 00 0b 00 04 03 00 01 02 00 0a 00 06 00
    04 00 1d 11 ec 00 23 00 00 00 16 00 00 00 17 00
    00 00 0d 00 2a 00 28 09 05 09 06 09 04 04 03 05
    03 06 03 08 07 08 08 08 1a 08 1b 08 1c 08 09 08
    0a 08 0b 08 04 08 05 08 06 04 01 05 01 06 01 00
    2b 00 03 02 03 04 00 2d 00 02 01 01 00 33 04 c6
    04 c4 11 ec 04 c0 2a 89 5a 07 11 00 1a 65 12 60
    19 7f b6 4b 84 76 39 4c 35 26 a4 a6 a3 ab 43 c8
    a2 af 1b 61 b0 e5 02 e0 08 7f e2 a9 96 ac 53 ab
    19 62 1e e7 a2 75 2c 38 7d 46 7c 13 24 92 a6 c9
    b3 98 3b a9 25 48 79 2f 5c 11 ae 50 a3 65 de 26
    5e b4 dc 31 7d 00 8e 49 8c 70 45 a7 ca fa fb bb
    09 98 10 16 2a 4b 4d cc 4c 79 77 06 b7 b5 49 98
    97 89 af 26 07 e5 5a 6c bd 76 7f 1a f2 7d e6 11
    3c 3e 7b 6f cb 51 3b 2d c6 06 77 07 4e 31 64 84
    3f d1 6d 5d a1 70 aa 91 69 dc 58 b7 b4 14 a9 d9
    27 5c 0e 11 a6 66 67 63 36 e2 7e 59 41 24 83 68
    80 ae 2c 6d 85 6b 2a 70 b0 4a 79 6a 35 8a 66 03
    f3 27 7e 11 91 88 28 27 83 00 a0 17 34 3b 2a fd
    e1 1c b9 b5 5f 58 b1 6a be 06 c5 be d4 65 c5 e3
    19 5a ea 3c 8f 23 91 2f ac 6c 55 67 3d 94 32 76
    f4 12 9a a6 05 4f 69 d2 13 72 e7 c1 0c 54 8f d8
    28 80 af 11 5a d8 bc 24 7e 34 86 64 15 0e 24 41
    32 84 d2 3d 0c b0 6d b4 d9 a9 fd f0 11 58 74 a4
    61 f2 1f da b0 20 b9 aa aa b2 0b a1 9a 0c 22 31
    2b b6 4a e2 9c c6 32 0e 40 f9 13 c6 80 44 0d e9
    7a 56 43 62 1d a6 4e 14 71 c0 eb 8b c2 71 17 18
    bb 17 16 f4 74 09 36 32 13 1c b3 6a 98 7a 43 21
    77 30 b2 33 a2 dd 60 79 83 53 20 01 53 8f a2 51
    59 a5 7b 60 02 02 c4 bc f0 ba 1a 62 5f 84 86 71
    5c b6 2f 6e 37 0c 6f 34 b1 f5 fc 66 42 72 72 6c
    69 c0 44 43 b4 14 26 be e6 40 14 da e3 28 1d 61
    20 df 00 77 5b 24 6a a5 72 9a 76 88 6a 31 ca 7c
    8f 25 44 dd 61 0f 1c d9 18 f2 82 42 cf f3 2d ac
    65 4b 5c 3c 3d 9f e7 aa 87 f7 b3 02 6a 0e 1f 41
    7e 15 d6 1e 28 00 cc 74 32 75 5e a1 51 49 45 48
    a5 b0 79 f7 5c 27 dc 49 00 9c f7 21 ed b4 4a 32
    a2 53 44 52 9c be b1 23 86 4c 07 d9 fb 18 8d 88
    6d 6c 5c 00 18 03 27 f9 80 16 59 d5 47 de b7 26
    11 e0 a8 9c 52 26 f6 5a 03 44 05 66 9c 50 aa 5e
    da 4d 4d c5 a4 1a 2c 71 d1 9c b2 3d 4c 8e 05 b9
    31 8c 65 25 7d 92 7b 9b c7 ba e8 f8 75 f6 a7 47
    bd f8 12 90 67 cb c5 14 8d d2 0a a1 0c 15 59 5c
    3b c7 dc 89 1c df 3c 8e 6f c1 72 c8 db 39 55 4c
    9f 45 f9 72 33 49 12 8c fc c0 4f a9 92 43 ac c4
    e6 c9 2f 00 b9 26 4a 1a 4f 05 cc 85 7a 03 95 06
    38 c5 e0 fa 78 f7 27 bd e1 c2 1f 21 77 a4 20 a8
    a2 b0 37 b4 5f 62 5f 47 81 8f 94 ea 19 84 4a bc
    57 33 49 94 67 3f a9 00 bf 3e b2 42 9d 78 41 6d
    d2 51 90 dc cc 47 70 65 3d c0 b4 d3 1c 74 97 dc
    6a 6a 41 99 9b 29 a5 a9 a4 37 d5 38 31 f7 e6 3d
    d6 a4 43 46 08 08 9b d7 2f 06 10 cc 36 74 bc 7c
    f8 6a c0 46 7c 05 21 c2 0d e4 7e 43 65 88 9b 31
    4b 8e 14 55 7d 15 7e c5 06 01 b6 7a 1c 26 ba 25
    0f dc 85 a6 ac 91 1d f3 a3 eb f3 02 59 88 99 f7
    a9 17 f5 99 c1 2f 57 b0 7f 11 88 14 40 2b 1a 4b
    86 ac eb b5 85 b1 8a 19 2b 8a 68 e7 5e b6 53 47
    58 b3 26 6b 50 06 d7 01 47 0e b7 ae e6 e0 a5 7c
    f4 a7 65 72 78 54 19 45 28 ca 04 c6 e3 90 3d 89
    51 9d c4 62 f7 8a a1 5d 06 97 54 e3 a4 89 02 a0
    96 e1 a6 08 30 71 7b 84 bd b4 04 25 17 82 bd 2d
    f6 74 3b c0 42 bd 95 33 6c a1 08 f6 e9 59 37 43
    65 08 cb 21 89 09 95 df 14 2b a2 c4 81 00 62 39
    db b6 4e cd 00 bd 43 c5 ce ad 3b 1f 22 42 5d 74
    2c 53 d2 67 25 d0 b4 7f 4e 7c 44 14 dc 49 f5 bc
    7f 5e 01 85 b6 a7 05 41 0c 82 d4 5a 76 7a 69 ac
    41 d2 83 82 61 3b d6 f3 1c ef 56 47 37 b1 2d 8f
    6b 02 4f 99 6a 5e a4 71 e2 04 79 78 54 20 35 69
    0f d8 75 7c 84 23 af 7f 18 6b 42 36 9e ba c7 00
    e0 c9 65 00 4d 1a 72 27 49 a4 73 09 52 51 bd 59
    20 a9 2c 90 1a 1e 52 bd 1f e6 11 93 58 94 47 02
    76 50 03 0b 77 04 4b 03 9a 31 15 84 7e 5c 31 45
    7d 03 aa fa 31 66 5c e2 70 c3 71 42 51 bc a4 4a
    9a 18 71 61 be 93 45 68 6d 70 97 15 d9 10 0e 76
    5b a3 d5 9a 31 40 87 99 f3 44 7d 47 28 4b 68 3f
    e0 03 99 b2 14 87 d4 2c bc b9 91 2c a5 b4 92 56
    e0 86 2e 51 b7 0e ac 1b ec 58 81 66 25 30 37 00
    9c a6 49 cf ce e4 07 b1 37 33 35 58 1a fb 56 a5
    24 da 43 dd 67 70 23 21 b6 31 1e 0c 5c dc 81 d9
    16 8a f5 2a 3e 99 cb 0a d0 6a 5f a8 29 82 1a 9a
    2d d2 1b 85 6e 8b 65 64 e2 1b 3f 1f cb 31 de a6
    7b df d5 3c f5 e6 26 d1 6d a9 73 db af 2a 8e b5
    7a 30 d0 08 47 3c
<<< TLS 1.2, RecordHeader [length 0005]
    14 03 03 00 01
<<< TLS 1.3, ChangeCipherSpec [length 0001]
    01
<<< TLS 1.2, RecordHeader [length 0005]
    16 03 03 04 ba
<<< TLS 1.3, Handshake [length 04ba], ServerHello
    02 00 04 b6 03 03 d4 d4 a2 51 72 e7 af b0 01 43
    f8 f8 ae 38 6d 70 e5 b9 c9 a4 45 6b 05 e8 90 3c
    fd b8 26 c7 58 eb 20 8f 2e fd 1f c0 de 23 32 01
    8b a6 16 78 ee 60 06 97 52 65 96 ca f3 52 df 34
    5e d1 08 38 45 6a 1b 13 02 00 04 6e 00 2b 00 02
    03 04 00 33 04 64 11 ec 04 60 18 8b 1d 08 24 45
    cb 12 cd a7 b0 c5 36 d1 24 f3 54 de 4e 58 b0 7f
    36 cf b5 09 9e 2c e1 f3 69 fc 6c 95 4c e3 45 75
    c1 01 6a 74 05 a8 df 19 11 07 02 21 cd fa 17 6f
    dd 27 90 81 89 97 f6 c2 58 0f fb af d3 44 23 39
    75 8c af 75 d1 09 9d ae f3 ac 04 36 c2 f6 54 39
    6d bc 2e 50 06 90 83 2a 3c 9e 6e ca ca b4 7d 43
    4b 0f 6f 1c 86 3d 17 eb 94 49 7b f0 56 83 e5 7a
    4d 2f c2 91 31 37 26 1e 50 48 64 16 fd 03 7b ef
    81 f5 a4 d1 50 07 7b 3d eb 8f 3a 41 91 c4 22 83
    9e 2d 8a 1c 92 ce 0b 5d 05 9d e0 98 d3 12 88 f2
    45 94 9f fa 91 63 51 28 34 b2 7e 86 c7 ca af 98
    a5 ce bb 48 fa ee b6 73 bd c4 8a 1c 09 50 45 23
    30 aa 61 fd 03 a5 c8 b3 93 de b4 c2 29 b2 2b f2
    43 87 8f fa a2 b2 8f 08 e7 f8 09 20 ee cc 31 d1
    14 a9 da 94 82 33 44 c8 85 f3 21 46 be fd 60 47
    41 f9 df b8 70 b5 c4 58 ec 92 ae 09 88 79 91 d3
    11 b5 75 62 50 e8 b4 17 b1 24 e6 b4 74 cb 86 22
    55 7f 5e 19 3d 9e a2 66 d4 af 17 96 2d 27 b8 32
    e3 b0 15 82 9a fe 81 c5 91 e4 42 64 78 29 7b 42
    c8 df 99 31 0c c2 cc 04 d6 0b e9 ed c6 00 50 fa
    05 25 24 ae 9f c8 08 a3 4e 21 b3 43 b7 5a bf 4c
    5a 83 e9 08 9f b7 ff 8c 1a e6 de b9 66 0d a9 c6
    01 6a 15 2e e6 3e f8 5f 41 36 63 41 f2 87 68 f1
    95 2c 46 1c 7c 5c 69 92 78 e2 8d 12 c4 04 48 35
    8d 72 cb 1e 6b 28 df cb 30 68 8c b8 01 91 e9 d6
    6d 81 01 59 8a 1b a9 76 c4 b6 74 8e d2 60 62 25
    60 99 03 f9 77 d5 53 2f 79 21 3e 74 b9 d4 4f 30
    4a e4 11 05 8e 23 ea c8 2e 55 6d b8 10 a3 01 23
    d6 d3 60 9a 89 e0 34 db c5 c3 b3 80 30 66 97 de
    f9 68 4b f9 72 b8 93 ad b9 75 1b 86 02 a4 c6 79
    48 87 82 12 95 ed e9 56 66 7c 01 8e ca 12 68 38
    0b d7 90 6b a7 64 ed b1 90 46 cf 18 65 30 d9 6f
    98 e1 62 22 89 98 b8 0e 6b ed c7 c1 b3 e5 80 40
    93 73 65 a2 82 ba 13 33 79 07 b2 28 0e 0b e1 3f
    46 18 97 8b bd 87 54 ac 68 86 01 1e 56 89 57 a0
    dd 60 1a 54 28 01 cd e2 0b 38 b0 f8 54 79 81 e9
    08 cd be 9b 91 a4 f7 0f 30 07 7f e1 d0 aa 50 2c
    c7 2e 08 e3 d9 55 53 23 dc 64 7d 17 86 47 c6 ed
    30 d6 f9 ad b8 d6 8b 66 ef e9 96 64 02 96 f7 39
    bc 1d 81 78 28 d7 b1 be 5e a6 d6 8c d5 74 2c 46
    3f bd 2f 2a cc 2a ed d7 fb b4 35 55 4a 2f 0d bb
    d2 7c 65 c6 13 c4 ce 9a ba 20 f1 93 d6 41 05 fe
    ce b7 c1 4d 51 2e f2 61 ca e0 48 9a 5f 23 6a 1e
    32 42 4b 17 cd fc 83 2a 07 02 95 52 88 9f 2e 9f
    f2 45 11 a4 e0 7a 9f 98 0c f8 d7 46 e9 83 ae 23
    87 32 1c d6 bd 51 98 d9 79 1f a5 df dc 86 6f c1
    38 63 0a ea 39 fe 86 55 02 53 70 ee cb 87 12 ab
    48 03 06 c8 4d 39 7c d4 3a 49 23 05 d8 0c 0a 82
    be 72 c0 77 95 a9 97 d7 4e ce 3a 90 e6 a2 8e 01
    eb 99 d1 c8 d6 4c c1 8c a8 2c 9b ca 44 d1 61 8f
    ce 5c f3 70 98 be 80 c6 38 9d c6 5a e4 7b a1 d4
    04 56 44 a8 f7 c8 18 a6 3c bb f9 07 48 45 c5 01
    e4 e3 f3 7c c8 17 f3 de 22 07 86 88 d2 e3 39 c9
    5b 7e 42 7b f7 d0 49 2d ec a5 3e ff ad cc bd 8d
    1a ea 53 78 2f 0e f7 8e 46 e6 4a b0 f4 ff 02 49
    d9 45 96 0b d5 e3 f8 70 a3 85 2d 4e a9 bd 46 9b
    53 0b 8e d2 a6 85 bc 13 52 bc cf 91 69 d4 43 78
    3d 67 59 4d 07 ed 8e ea 56 bf a5 ae 08 3f a7 6c
    c7 d3 73 25 7e 30 a0 f0 b9 08 37 a8 ff 6c 4a 53
    7d c2 85 2c 9a cb e9 37 2f 9b ce 86 25 41 01 4c
    b2 9f fa 36 1c 14 f0 40 15 61 79 4e 49 99 65 11
    7e b4 41 dc d2 e2 3d 7c 66 7e 70 3f 38 11 21 f1
    d8 1a 5b 1d 9a 51 df c5 62 bf 21 e3 e1 04 34 55
    f6 0c b9 b9 06 4f fd e7 bf ac a0 b7 0b 40 67 8b
    57 c2 61 93 60 c0 89 f4 cc 92 02 94 e7 f3 56 f3
    08 04 e1 d6 60 c6 8e ee 7d df 6d d9 b5 fc 0f 45
    8c 89 0b 61 39 dd 92 3a 2e 1b 4b e8 55 c3 51 b3
    b0 07 29 6f 70 27 d2 61 f9 30 f7 ef 88 5c aa 52
    76 04 2b 08 dc 5d 53 50 54 f4 76 d1 67 fa 42 ba
    ac eb 36 87 35 4a f5 3d 90 50
<<< TLS 1.2, RecordHeader [length 0005]
    17 03 03 00 17
<<< TLS 1.3, InnerContent [length 0001]
    16
<<< TLS 1.3, Handshake [length 0006], EncryptedExtensions
    08 00 00 02 00 00
<<< TLS 1.2, RecordHeader [length 0005]
    17 03 03 03 47
<<< TLS 1.3, InnerContent [length 0001]
    16
<<< TLS 1.3, Handshake [length 0336], Certificate
    0b 00 03 32 00 00 03 2e 00 03 29 30 82 03 25 30
    82 02 0d a0 03 02 01 02 02 01 02 30 0d 06 09 2a
    86 48 86 f7 0d 01 01 0b 05 00 30 12 31 10 30 0e
    06 03 55 04 03 0c 07 52 6f 6f 74 20 43 41 30 20
    17 0d 31 36 30 31 31 34 32 32 32 39 34 36 5a 18
    0f 32 31 31 36 30 31 31 35 32 32 32 39 34 36 5a
    30 19 31 17 30 15 06 03 55 04 03 0c 0e 73 65 72
    76 65 72 2e 65 78 61 6d 70 6c 65 30 82 01 22 30
    0d 06 09 2a 86 48 86 f7 0d 01 01 01 05 00 03 82
    01 0f 00 30 82 01 0a 02 82 01 01 00 d5 5d 60 6a
    df fc 61 ee 48 aa 8c 11 48 43 a5 6d b6 52 5d aa
    98 49 b1 61 92 35 b1 fc 3a 04 25 0c 6d 79 ff b4
    d5 c9 e9 5c 1c 3b e0 ab b3 b8 7d a3 de 6d bd e0
    dd d7 5a bf 14 47 11 42 5e a6 82 d0 61 c1 7f dd
    13 46 e6 09 85 07 0e f2 d4 fc 1a 64 d2 0a ad 20
    ab 20 6b 96 f0 ad cc c4 19 53 55 dc 01 1d a4 b3
    ef 8a b4 49 53 5d 8a 05 1c f1 dc e1 44 bf c5 d7
    e2 77 19 57 5c 97 0b 75 ee 88 43 71 0f ca 6c c1
    b4 b2 50 a7 77 46 6c 58 0f 11 bf f1 76 24 5a ae
    39 42 b7 51 67 29 e1 d0 55 30 6f 17 e4 91 ea ad
    f8 28 c2 43 6f a2 64 a9 fb 9d 98 92 62 48 3e eb
    0d 4f 82 4a 8a ff 3f 72 ee 96 b5 ae a1 c1 98 ba
    ef 7d 90 75 6d ff 5a 52 9e ab f5 c0 7e d0 87 43
    db 85 07 07 0f 7d 38 7a fd d1 d3 ee 65 1d d3 ea
    39 6a 87 37 ee 4a d3 e0 0d 6e f5 70 ac c2 bd f1
    6e f3 92 95 5e a9 f0 a1 65 95 93 8d 02 03 01 00
    01 a3 7d 30 7b 30 1d 06 03 55 1d 0e 04 16 04 14
    c0 e7 84 bf e8 59 27 33 10 b0 52 4f 51 52 2f 06
    d6 c0 7a cd 30 1f 06 03 55 1d 23 04 18 30 16 80
    14 70 7f 2e ae 83 68 59 98 04 23 2a cd eb 3e 17
    cd 24 dd 01 49 30 09 06 03 55 1d 13 04 02 30 00
    30 13 06 03 55 1d 25 04 0c 30 0a 06 08 2b 06 01
    05 05 07 03 01 30 19 06 03 55 1d 11 04 12 30 10
    82 0e 73 65 72 76 65 72 2e 65 78 61 6d 70 6c 65
    30 0d 06 09 2a 86 48 86 f7 0d 01 01 0b 05 00 03
    82 01 01 00 7b d3 04 43 75 8a 0f 11 ae c4 fb d7
    a1 a2 9e fe 20 18 d5 f4 2f 31 88 46 b6 75 8c ee
    e5 9b 97 a6 b9 a3 cd 60 9a 46 c3 48 97 e5 97 68
    f7 5a 86 35 73 d9 69 9e f9 5f 74 b9 e6 94 13 01
    cb 6a dc e3 c4 04 e9 65 da 9c a4 8b 28 f3 f9 9a
    7f bf 97 1f 45 92 e5 05 b1 56 e6 0b f6 47 de 1e
    89 b6 2b e1 4d df 4a 7e 01 d3 23 dc 97 8c 47 fe
    5f c7 cc 98 46 0e c4 83 5b ca 8a f1 52 09 be 6b
    ec 3f 09 8b d0 93 02 bf e1 51 e7 d1 7e 34 56 19
    74 d0 ff 28 25 de b7 9f 56 52 91 7d 20 29 85 0a
    80 44 5f 71 32 25 71 0f c2 16 e2 5f 6b 1d 3f 32
    5b 0a 3c 74 1c b9 62 f1 ed 07 50 a3 6d b4 b4 31
    0a c0 53 44 6a 3a 88 84 8b 2d a9 b0 37 8e e6 18
    36 bd 9a 20 40 0f 01 92 8b 3d aa 61 e7 ae 2c ed
    36 cd 3a 07 86 74 3a 29 b3 d7 3a b4 00 a9 c2 f5
    92 78 0e e2 0f a3 fe bb be e0 06 53 84 59 1d 90
    69 e5 b6 f9 00 00
<<< TLS 1.2, RecordHeader [length 0005]
    17 03 03 01 19
<<< TLS 1.3, InnerContent [length 0001]
    16
<<< TLS 1.3, Handshake [length 0108], CertificateVerify
    0f 00 01 04 08 04 01 00 64 7d b4 59 55 5b 08 29
    ba 2f 7b 78 1f 8a 9e 6c 74 d3 97 b3 7e 44 eb 1a
    de a4 d4 15 a2 f9 7f 6d 6a 39 96 e6 4c 05 75 9b
    19 cd 72 ab c4 a3 51 a9 86 3d 04 2f 41 42 2e cd
    4e b0 8c 78 8e a7 b9 ec d5 df 79 2a 04 c5 67 03
    d2 a5 34 f0 4b 1f eb b9 04 e9 9e e1 c0 56 07 5a
    c3 06 78 12 be 08 31 09 cc ce 51 aa d5 fa f5 63
    a2 6e 33 af 25 e4 28 0f d9 95 5f 28 7a 28 11 68
    ff f7 cf de 51 76 2c 55 73 4a 00 1d 0a dd 42 c8
    e7 1b 75 eb 66 73 52 fd 1f 18 c7 57 c5 ca d2 77
    22 43 ae 43 ee 23 44 af fe c9 ca ca 01 81 02 e4
    b4 4f c0 e8 b4 35 86 f8 1a c3 89 f1 1b ae b8 e0
    f7 ca 47 ce 03 ba 42 a1 ba a3 47 dc 21 bf ed 6f
    6e 33 9e 0f db 48 8f 50 db c5 e3 2b d3 1b e0 4f
    51 b5 84 37 ed 8b af 3a 9e 6f 42 06 73 5e 58 e4
    bc d6 34 2f 1b 6a 91 a7 9d c6 71 68 f3 49 7d c1
    0a 42 41 35 ab b0 23 98
<<< TLS 1.2, RecordHeader [length 0005]
    17 03 03 00 45
<<< TLS 1.3, InnerContent [length 0001]
    16
<<< TLS 1.3, Handshake [length 0034], Finished
    14 00 00 30 4a 68 4a 11 58 05 7b c7 2d bb db b7
    ee 0b 25 fe df c8 99 e7 ab 0e 8d 54 ab d9 83 01
    63 38 21 b0 7c f7 c7 e1 c9 52 dc cc 90 b0 aa e8
    de 30 f0 51
>>> TLS 1.2, RecordHeader [length 0005]
    17 03 03 00 45
>>> TLS 1.2, InnerContent [length 0001]
    16
>>> TLS 1.3, Handshake [length 0034], Finished
    14 00 00 30 7f 33 1d 62 e4 8e fc ac ac 1a f7 92
    da a7 73 22 24 4e 51 fb f8 51 da b5 60 14 6d e3
    4a ae a8 38 94 93 aa e5 d7 16 d6 b7 b6 b0 cc b3
    e1 da 63 e7
---
Certificate chain
 0 s:CN=server.example
   i:CN=Root CA
   a:PKEY: RSA, 2048 (bit); sigalg: sha256WithRSAEncryption
   v:NotBefore: Jan 14 22:29:46 2016 GMT; NotAfter: Jan 15 22:29:46 2116 GMT
---
Server certificate
-----BEGIN CERTIFICATE-----
MIIDJTCCAg2gAwIBAgIBAjANBgkqhkiG9w0BAQsFADASMRAwDgYDVQQDDAdSb290
IENBMCAXDTE2MDExNDIyMjk0NloYDzIxMTYwMTE1MjIyOTQ2WjAZMRcwFQYDVQQD
DA5zZXJ2ZXIuZXhhbXBsZTCCASIwDQYJKoZIhvcNAQEBBQADggEPADCCAQoCggEB
ANVdYGrf/GHuSKqMEUhDpW22Ul2qmEmxYZI1sfw6BCUMbXn/tNXJ6VwcO+Crs7h9
o95tveDd11q/FEcRQl6mgtBhwX/dE0bmCYUHDvLU/Bpk0gqtIKsga5bwrczEGVNV
3AEdpLPvirRJU12KBRzx3OFEv8XX4ncZV1yXC3XuiENxD8pswbSyUKd3RmxYDxG/
8XYkWq45QrdRZynh0FUwbxfkkeqt+CjCQ2+iZKn7nZiSYkg+6w1PgkqK/z9y7pa1
rqHBmLrvfZB1bf9aUp6r9cB+0IdD24UHBw99OHr90dPuZR3T6jlqhzfuStPgDW71
cKzCvfFu85KVXqnwoWWVk40CAwEAAaN9MHswHQYDVR0OBBYEFMDnhL/oWSczELBS
T1FSLwbWwHrNMB8GA1UdIwQYMBaAFHB/Lq6DaFmYBCMqzes+F80k3QFJMAkGA1Ud
EwQCMAAwEwYDVR0lBAwwCgYIKwYBBQUHAwEwGQYDVR0RBBIwEIIOc2VydmVyLmV4
YW1wbGUwDQYJKoZIhvcNAQELBQADggEBAHvTBEN1ig8RrsT716Ginv4gGNX0LzGI
RrZ1jO7lm5emuaPNYJpGw0iX5Zdo91qGNXPZaZ75X3S55pQTActq3OPEBOll2pyk
iyjz+Zp/v5cfRZLlBbFW5gv2R94eibYr4U3fSn4B0yPcl4xH/l/HzJhGDsSDW8qK
8VIJvmvsPwmL0JMCv+FR59F+NFYZdND/KCXet59WUpF9ICmFCoBEX3EyJXEPwhbi
X2sdPzJbCjx0HLli8e0HUKNttLQxCsBTRGo6iISLLamwN47mGDa9miBADwGSiz2q
YeeuLO02zToHhnQ6KbPXOrQAqcL1kngO4g+j/ru+4AZThFkdkGnltvk=
-----END CERTIFICATE-----
subject=CN=server.example
issuer=CN=Root CA
---
No client certificate CA names sent
Peer signing digest: SHA256
Peer signature type: rsa_pss_rsae_sha256
Negotiated TLS1.3 group: X25519MLKEM768
---
SSL handshake has read 2546 bytes and written 1702 bytes
Verification error: unable to verify the first certificate
---
New, TLSv1.3, Cipher is TLS_AES_256_GCM_SHA384
Protocol: TLSv1.3
Server public key is 2048 bit
This TLS version forbids renegotiation.
Compression: NONE
Expansion: NONE
No ALPN negotiated
Early data was not sent
Verify return code: 21 (unable to verify the first certificate)
---
>>> TLS 1.2, RecordHeader [length 0005]
    17 03 03 00 13
>>> TLS 1.2, InnerContent [length 0001]
    15
>>> TLS 1.3, Alert [length 0002], warning close_notify
    01 00
Connecting to 127.0.0.1
SSL_connect:before SSL initialization
SSL_connect:SSLv3/TLS write client hello
SSL_connect:SSLv3/TLS write client hello
SSL_connect:SSLv3/TLS read server hello
SSL_connect:SSLv3/TLS write change cipher spec
SSL_connect:SSLv3/TLS write client hello
SSL_connect:SSLv3/TLS write client hello
SSL_connect:SSLv3/TLS read server hello
Can't use SSL_get_servername
SSL_connect:TLSv1.3 read encrypted extensions
depth=0 CN=server.example
verify error:num=20:unable to get local issuer certificate
verify return:1
depth=0 CN=server.example
verify error:num=21:unable to verify the first certificate
verify return:1
depth=0 CN=server.example
verify return:1
SSL_connect:SSLv3/TLS read server certificate
SSL_connect:TLSv1.3 read server certificate verify
SSL_connect:SSLv3/TLS read finished
SSL_connect:SSLv3/TLS write finished
DONE
SSL3 alert write:warning:close notify
