CONNECTED(00000003)
>>> TLS 1.0, RecordHeader [length 0005]
    16 03 01 00 d6
>>> TLS 1.3, Handshake [length 00d6], ClientHello
    01 00 00 d2 03 03 ca ea e1 c6 54 de 49 64 ba d4
    2c 98 71 0e 64 80 0d 04 ee c4 36 98 e4 2a bc d7
    b2 54 a4 ca fe ad 20 65 02 f6 31 01 1f 8e c9 cb
    4e cf 85 d6 b0 ba 26 ad 8a 2b 7b df da 15 2b fb
    b0 39 c1 f6 10 c2 c7 00 06 13 02 13 03 13 01 01
    00 00 83 00 0b 00 04 03 00 01 02 00 0a 00 06 00
    04 00 1d 11 ec 00 23 00 00 00 16 00 00 00 17 00
    00 00 0d 00 2a 00 28 09 05 09 06 09 04 04 03 05
    03 06 03 08 07 08 08 08 1a 08 1b 08 1c 08 09 08
    0a 08 0b 08 04 08 05 08 06 04 01 05 01 06 01 00
    2b 00 03 02 03 04 00 2d 00 02 01 01 00 33 00 26
    00 24 00 1d 00 20 81 f0 5c e5 a2 99 cb 49 70 50
    21 62 db 1f 0e 3d 1b 96 a2 b9 87 99 a8 13 50 04
    c5 dd 7c df 18 48
<<< TLS 1.2, RecordHeader [length 0005]
    16 03 03 00 58
<<< TLS 1.3, Handshake [length 0058], ServerHello
    02 00 00 54 03 03 cf 21 ad 74 e5 9a 61 11 be 1d
    8c 02 1e 65 b8 91 c2 a2 11 16 7a bb 8c 5e 07 9e
    09 e2 c8 a8 33 9c 20 65 02 f6 31 01 1f 8e c9 cb
    4e cf 85 d6 b0 ba 26 ad 8a 2b 7b df da 15 2b fb
    b0 39 c1 f6 10 c2 c7 13 02 00 00 0c 00 2b 00 02
    03 04 00 33 00 02 11 ec
>>> TLS 1.2, RecordHeader [length 0005]
    14 03 03 00 01
>>> TLS 1.3, ChangeCipherSpec [length 0001]
    01
>>> TLS 1.2, RecordHeader [length 0005]
    16 03 03 05 76
>>> TLS 1.3, Handshake [length 0576], ClientHello
    01 00 05 72 03 03 ca ea e1 c6 54 de 49 64 ba d4
    2c 98 71 0e 64 80 0d 04 ee c4 36 98 e4 2a bc d7
    b2 54 a4 ca fe ad 20 65 02 f6 31 01 1f 8e c9 cb
    4e cf 85 d6 b0 ba 26 ad 8a 2b 7b df da 15 2b fb
    b0 39 c1 f6 10 c2 c7 00 06 13 02 13 03 13 01 01
    00 05 23 00 0b 00 04 03 00 01 02 00 0a 00 06 00
    04 00 1d 11 ec 00 23 00 00 00 16 00 00 00 17 00
    00 00 0d 00 2a 00 28 09 05 09 06 09 04 04 03 05
    03 06 03 08 07 08 08 08 1a 08 1b 08 1c 08 09 08
    0a 08 0b 08 04 08 05 08 06 04 01 05 01 06 01 00
    2b 00 03 02 03 04 00 2d 00 02 01 01 00 33 04 c6
    04 c4 11 ec 04 c0 dc a9 23 a7 12 32 cf 8b 67 ac
    d7 98 81 53 c6 e3 75 70 e0 e3 3f e7 aa a6 26 79
    3d 61 cb c6 1d 17 64 17 cc 18 e1 04 6a 50 c6 3d
    ba e6 76 b3 2c 45 27 73 cf 08 21 27 05 8b 07 22
    d1 68 e7 86 6a c1 35 9c 8c 4c 26 1c 02 88 0d 5a
    9d 19 aa 16 c2 84 64 a8 6a af 9d f7 18 bc 82 80
    b2 d0 b4 9f 50 81 a0 28 19 7e 27 ae 5b 55 44 e5
    37 93 f3 98 2f 30 d4 5c 6d d9 73 bd 35 2f 36 a2
    c1 8b 38 43 be 92 86 83 19 85 3c 19 b8 a4 54 c5
    62 86 c7 e9 57 5a 98 b0 50 9b c4 95 2a 96 3a d5
    6a b2 3e 49 11 af 9b c0 bf e6 2d 65 c5 0f 91 90
    5f 38 75 59 9a a3 4e ae 55 72 94 30 3e 52 35 41
    64 e9 c2 20 d9 78 9c 01 ca c7 60 5a 76 a2 3a 7f
    20 bd bb 0b 19 68 2b 45 55 c0 5d 5f 94 a6 fe 58
    80 b3 13 06 97 a1 60 4b 63 7a 27 96 26 62 45 2a
    ab 08 67 37 d0 10 4b 6c 6d de b9 79 d6 f8 a3 0e
    b0 74 e2 d7 47 28 c4 73 22 bc a2 3d b3 4f fe 26
    7d 64 0a 8c ed 82 07 db cc 58 e8 73 b8 ab 6a ad
    53 31 5b cb 31 0e 0f b2 61 3d e7 5d 93 ea 63 c9
    14 2c e0 cb 7f 0d d0 98 93 a0 39 0d 53 9b 96 f1
    42 83 15 25 86 19 17 34 4b 26 5d cb 12 8b 08 28
    72 c2 39 5f b9 37 68 1b 96 d1 e9 8c 1b d3 9f 86
    87 1a f6 20 78 bd 20 bd be d1 75 37 d1 46 49 a9
    aa d1 71 90 90 37 0f c6 a7 a0 8b 94 70 a6 07 9a
    3d b3 0a f5 67 3b 96 e7 29 b1 03 99 a6 87 0c d6
    bb 23 f9 fb 23 5a 4c 79 e2 59 0f a3 cb 68 8f 47
    09 82 42 bc c3 8b aa f6 bc ba f2 12 8b 78 52 7a
    3e 76 12 89 95 95 e4 e3 41 bd d4 7e b1 4b ad b6
    7a 56 94 f4 c6 64 cc 53 43 d6 7e e3 c8 36 b4 f5
    7a a4 85 4e a6 f3 b9 9d 58 b8 1d 28 91 01 48 04
    07 a0 33 cf 41 2e a2 32 9a 95 fa 1a f5 a0 a8 57
    8a 70 75 eb ca 68 19 b7 6e f6 57 de f1 08 27 84
    18 0a c9 11 b3 53 5a 5b d8 4a 74 e9 43 48 84 6e
    bf eb 41 15 e5 59 07 46 3e 31 76 b9 e1 17 12 68
    55 7f 4f 13 0d 32 eb 48 a0 e3 bb 44 fb 69 4f 5c
    45 91 86 6f eb 54 62 40 36 b2 b2 5a 3b cb 19 a1
    5d c3 36 0a 95 ae 98 60 7a ce 91 a1 24 75 46 fc
    63 07 37 95 a4 7c 71 a2 ea 8b 89 c3 6b 96 21 02
    49 fe 80 13 1b d5 4f 2e 2b 5a 0d 45 36 aa 80 ba
    da e5 5e 6b 31 cf 00 99 b8 98 58 7d 37 e6 bd 74
    ec 88 52 73 c6 06 73 75 58 a2 53 d3 45 3e fa 06
    6f 73 a0 7b cd 5a 9c 29 a8 87 6d 9c 5c 14 18 19
    9b 1c ca 05 77 87 4d 35 65 78 b1 c9 4c 0c b6 84
    ac 69 4d 35 03 23 88 67 67 74 02 2e 5a 2a 3e 5a
    61 7a a1 a7 24 c3 47 b4 c3 4a c9 98 07 4f 07 9b
    b2 ab c9 04 29 69 78 d8 0c b2 2c 40 1a e3 71 e8
    02 98 bf 10 b3 ca 41 3a de 33 cf 64 d2 56 fd eb
    3c 6f 57 14 c1 69 1c b5 1c a4 f6 a2 20 4a cc 51
    7d 58 97 f2 51 c0 7a f9 9b f9 0b 94 72 92 c0 ff
    63 a8 48 13 45 00 05 7d eb cc 82 42 a7 43 73 f1
    6d a8 86 42 f3 f9 4d 47 92 a3 6e 67 b2 6d e0 4b
    8f b6 3c d8 24 69 d9 5a 7a a4 f7 c2 f5 46 75 0f
    07 8c 89 24 55 61 d4 1b c3 1b 7b e3 b2 78 fa 56
    5b e9 1b 30 23 96 81 c3 db 40 13 07 65 69 8a 7a
    b8 b1 82 79 fc 23 da 20 b0 c2 20 16 7a e9 85 c3
    63 26 9f 22 ad e4 f5 c5 61 2a b6 81 42 6c f1 53
    1b 46 72 67 ae f8 6a df 7a c9 fc 87 b1 b2 13 83
    5e 55 74 8b 79 0c a2 42 2f 98 ea af 35 22 7e 7b
    55 5f 8e 62 bf d6 e3 11 f5 77 53 6c 33 7e b5 21
    5c 6d d4 60 aa e9 28 d6 d2 2d 4a 31 54 33 d7 4a
    1a e4 b4 2d 69 34 e2 e6 47 92 a9 1a 1f 1b 2d 3d
    65 16 76 31 5f b6 e6 42 41 5a c0 36 51 9b ba e3
    1d ec d1 7e 2f e6 15 fa b9 17 02 c7 59 fc 49 08
    13 bc a8 e5 61 c7 7d d5 20 86 58 aa b3 c6 c8 1f
    44 59 99 a4 a3 d4 ca 01 0c 27 7f 3f 45 b8 41 9b
    69 b1 8a 42 85 e3 47 cb 16 17 bb 83 58 98 08 39
    18 72 67 8d f7 cb d7 94 1d b8 d8 6a e6 61 9b 9b
    41 5e a9 ba 53 a3 90 45 9b 10 0c 48 10 21 8f b7
    3e 5b 05 18 ed c2 b0 49 db 35 c4 4b a3 6a 76 82
    9c 70 2e 6a d4 36 5a b8 0d ed f9 8f 8c 38 3d c3
    21 30 bb b2 84 72 2c 13 e2 f9 50 6e 2a 91 31 48
    42 7b 25 9e 6e c3 13 0c 4a 4c 9f 8a c8 1c 2b 4d
    29 f8 40 d9 60 a5 89 ac 67 a2 30 08 ed cb 7a 2f
    26 a1 eb f4 f9 4e 6c d5 67 df e6 6f 21 d2 76 32
    ce 61 04 dd dd 1e 5e 77 8d 3c a5 b0 16 20 10 91
    cf e9 b0 65 28 7a bd 60 c8 e3 0e f5 31 c2 45 e0
    ab 77 00 60 98 2b
<<< TLS 1.2, RecordHeader [length 0005]
    14 03 03 00 01
<<< TLS 1.3, ChangeCipherSpec [length 0001]
    01
<<< TLS 1.2, RecordHeader [length 0005]
    16 03 03 04 ba
<<< TLS 1.3, Handshake [length 04ba], ServerHello
    02 00 04 b6 03 03 be eb ac 6d 3b c2 d4 0d 36 8e
    4f 2d 95 5c 5e 6a 38 ca a8 a4 f9 9f 36 13 37 e1
    71 03 37 27 c9 4a 20 65 02 f6 31 01 1f 8e c9 cb
    4e cf 85 d6 b0 ba 26 ad 8a 2b 7b df da 15 2b fb
    b0 39 c1 f6 10 c2 c7 13 02 00 04 6e 00 2b 00 02
    03 04 00 33 04 64 11 ec 04 60 f9 2c fc 14 a9 67
    c6 fe 97 d2 4a 7b 30 36 af 8e 7f 27 c7 d8 24 11
    74 1e e5 92 4f 32 80 e7 88 04 7d b8 7e 4e 68 c3
    40 44 f0 ec ba 49 fb 07 03 ae 69 fe b6 f7 e2 2e
    d3 3e 04 f8 f3 db ba d2 ff ab 1a fe 45 26 46 b3
    ea fb 40 e9 73 6a 91 d1 a5 f1 b1 c8 c0 06 52 86
    9d d3 09 4b ad 19 2a f6 d0 3b dc 51 fb 87 3a 9c
    30 d1 f3 5b 8a 02 00 70 b2 80 79 5b 46 ae 41 de
    f5 71 ff 3e 95 47 31 c4 a0 e5 e9 ef a4 99 ff 6a
    4c 3f f3 81 3f 72 e3 36 8d c5 e6 23 1a 60 d4 42
    90 5a a0 a6 49 58 7b aa 7e be 22 ac c1 00 19 b8
    22 4d 11 e8 50 65 b0 7c 89 e7 2d 5f 16 e7 d2 9e
    dc c6 5d b4 c5 9f 47 a5 4d d1 04 da 3a 02 6a ca
    c7 33 f3 f0 e3 05 76 f2 0f ac 03 b3 e2 0b 97 12
    14 c3 51 c7 f6 68 72 a8 48 dd 58 5b 74 f2 ec 0a
    cd f6 60 49 29 68 46 e2 e5 66 16 8a 11 cc 1f e9
    fc e5 5c 31 b7 64 3d 09 a7 19 02 74 b0 62 35 2e
    81 a0 b6 69 fb de 03 fe 27 93 cf f0 d7 fe 89 86
    a7 f1 9a 34 2f 6a 4d 11 c4 51 52 f1 8d e4 27 07
    10 7d bb 9d 31 ae 51 eb df fd fd 85 52 e9 0e 13
    5b 32 b2 30 4c 86 a0 89 3c 98 91 96 92 d3 4a 52
    01 42 aa fe 1b 34 cc 90 2c 14 c4 7e 20 61 72 e9
    5c 53 af 4a 8c 68 47 24 f9 76 07 5a e7 fe d5 dc
    21 8c 21 51 0a 31 f2 ce 85 8f f7 ae 95 7d 8a a8
    c8 aa 41 9e 2c 7d 5d 89 56 89 05 38 20 63 79 94
    e0 f4 30 cb 97 b6 e0 67 4b 93 3b 5a 4e 6d 86 39
    ff c3 e2 f4 95 cf 6d e3 c1 fb bf 15 71 ff 8d 30
    74 e0 dc 7e 6d ea 46 f2 64 17 b8 3c a6 ba 80 09
    20 9e 04 c2 3b 22 4a f5 ca 3c 14 e0 c9 a9 a5 78
    69 de 5f ed 00 b0 31 36 b3 1a 7e 8f 98 c4 60 a0
    b2 4a e1 26 14 6c 1d cf 04 e4 7c 9c a6 e5 6b db
    9a fd f6 8c dc 54 7e d2 e6 12 99 4a 5c ea fa 55
    17 78 b9 7b 41 07 cc 8d be 19 02 e2 69 56 b4 7c
    2b 3c f4 a2 50 e9 3c 42 6a e2 13 6e be 9e dc 3a
    5f 76 2f 66 2f 80 09 89 c3 bd 4e 57 e6 e7 e3 62
    19 53 d4 e7 66 57 80 fa 83 68 73 17 45 3f 87 00
    d0 8e ad c3 dd 90 39 f6 70 fd 62 c0 c9 12 8f d6
    fe 94 25 40 87 4e 97 f3 fd 62 33 1a 14 56 7b 39
    99 30 3c 98 37 83 bd 1c 69 f3 3a 58 6f 4d bc ee
    6c 0f 97 b3 f0 fb 81 00 c8 09 e2 ad 38 01 4e 70
    54 70 dd 8c 56 ac 6d b3 f0 58 c5 4d 1d fc 39 ba
    cf b9 14 2f ed cb eb 9f 3a a8 36 c4 cf f6 da f8
    a2 93 c0 a1 a8 29 05 1a b6 77 a4 fa 1b 6d 3c 6d
    a8 9c a7 96 6e 2c 8b 5c 04 b0 cb f3 e4 be 76 6b
    99 e1 1e 42 ab 86 fa 13 66 d5 c6 0b 40 18 54 f0
    fa c6 ff dc d3 f9 1e 74 39 02 65 5d a0 94 f3 4c
    de 19 a7 f5 87 d0 1c d9 bf 26 8c d6 35 39 e1 20
    a5 b0 26 7b bc 6a 25 29 1b 38 ea 5c c1 fc 40 df
    95 d2 ab 9c 50 61 c6 66 54 c4 d6 39 a0 07 b2 96
    e1 32 f8 4a 90 a3 2b d2 f3 f7 cf 9e 0c 8f 61 c0
    f4 66 dd 78 b9 ec 8e da 81 41 ef 26 80 18 e3 10
    0c b7 66 43 3e ec 49 1b 58 f7 9f 06 ec 5d 71 14
    f4 6b b2 6c 14 e9 66 37 3c fe 7d 1d fe c4 c4 1c
    72 7c 7d 06 46 aa c7 88 fd d5 b7 a6 05 a5 10 83
    b2 35 a9 4c 98 32 ca c1 01 6c b4 f2 30 1d c9 a3
    c8 50 c3 a0 48 da a0 4c 9d 9a a1 9c 65 b8 ec fc
    7d 18 1e 96 77 69 38 d5 12 04 e6 df f7 1f c3 05
    12 02 27 a5 fc 28 a8 53 0e 4c 0e e4 aa 05 2e fe
    29 dc f7 f5 a7 3e 17 e3 eb a1 6d a2 ca 50 62 46
    1a cd ac e4 2f 5e db 00 ab fe cc d3 2c ff 8b d3
    04 a9 60 bc 3d f2 57 87 a5 ed db c0 26 be 1f 0c
    f8 23 b4 ad 8e 43 cf 00 ae 1b 28 0b 1d bc fc 2a
    58 aa 9f ca 77 a3 63 2b 1d 60 10 4b e2 c2 7f 46
    fc bb 9f f6 10 01 e0 30 ba 3d 32 40 24 59 16 f9
    07 33 60 e0 98 9f 7e 24 cd b5 13 3a e4 ee 13 13
    c9 28 21 8c c7 27 56 11 38 f6 8d 29 8b bb 01 1d
    ee 83 57 2c fe 57 25 29 bd 4b e3 e9 53 97 d1 45
    d9 66 ac 03 25 9b db 48 ee c6 78 55 5b 6b 89 cb
    28 e1 6a e0 7c 65 10 92 2e f6 5b d8 53 26 d4 72
    b3 1b d9 a4 a4 4a f1 93 1b 4e e9 11 07 2c a3 47
    61 2a f8 58 43 ea 08 3b 6d 78
<<< TLS 1.2, RecordHeader [length 0005]
    17 03 03 00 17
<<< TLS 1.3, InnerContent [length 0001]
    16
<<< TLS 1.3, Handshake [length 0006], EncryptedExtensions
    08 00 00 02 00 00
<<< TLS 1.2, RecordHeader [length 0005]
    17 03 03 03 47
<<< TLS 1.3, InnerContent [length 0001]
    16
<<< TLS 1.3, Handshake [length 0336], Certificate
    0b 00 03 32 00 00 03 2e 00 03 29 30 82 03 25 30
    82 02 0d a0 03 02 01 02 02 01 02 30 0d 06 09 2a
    86 48 86 f7 0d 01 01 0b 05 00 30 12 31 10 30 0e
    06 03 55 04 03 0c 07 52 6f 6f 74 20 43 41 30 20
    17 0d 31 36 30 31 31 34 32 32 32 39 34 36 5a 18
    0f 32 31 31 36 30 31 31 35 32 32 32 39 34 36 5a
    30 19 31 17 30 15 06 03 55 04 03 0c 0e 73 65 72
    76 65 72 2e 65 78 61 6d 70 6c 65 30 82 01 22 30
    0d 06 09 2a 86 48 86 f7 0d 01 01 01 05 00 03 82
    01 0f 00 30 82 01 0a 02 82 01 01 00 d5 5d 60 6a
    df fc 61 ee 48 aa 8c 11 48 43 a5 6d b6 52 5d aa
    98 49 b1 61 92 35 b1 fc 3a 04 25 0c 6d 79 ff b4
    d5 c9 e9 5c 1c 3b e0 ab b3 b8 7d a3 de 6d bd e0
    dd d7 5a bf 14 47 11 42 5e a6 82 d0 61 c1 7f dd
    13 46 e6 09 85 07 0e f2 d4 fc 1a 64 d2 0a ad 20
    ab 20 6b 96 f0 ad cc c4 19 53 55 dc 01 1d a4 b3
    ef 8a b4 49 53 5d 8a 05 1c f1 dc e1 44 bf c5 d7
    e2 77 19 57 5c 97 0b 75 ee 88 43 71 0f ca 6c c1
    b4 b2 50 a7 77 46 6c 58 0f 11 bf f1 76 24 5a ae
    39 42 b7 51 67 29 e1 d0 55 30 6f 17 e4 91 ea ad
    f8 28 c2 43 6f a2 64 a9 fb 9d 98 92 62 48 3e eb
    0d 4f 82 4a 8a ff 3f 72 ee 96 b5 ae a1 c1 98 ba
    ef 7d 90 75 6d ff 5a 52 9e ab f5 c0 7e d0 87 43
    db 85 07 07 0f 7d 38 7a fd d1 d3 ee 65 1d d3 ea
    39 6a 87 37 ee 4a d3 e0 0d 6e f5 70 ac c2 bd f1
    6e f3 92 95 5e a9 f0 a1 65 95 93 8d 02 03 01 00
    01 a3 7d 30 7b 30 1d 06 03 55 1d 0e 04 16 04 14
    c0 e7 84 bf e8 59 27 33 10 b0 52 4f 51 52 2f 06
    d6 c0 7a cd 30 1f 06 03 55 1d 23 04 18 30 16 80
    14 70 7f 2e ae 83 68 59 98 04 23 2a cd eb 3e 17
    cd 24 dd 01 49 30 09 06 03 55 1d 13 04 02 30 00
    30 13 06 03 55 1d 25 04 0c 30 0a 06 08 2b 06 01
    05 05 07 03 01 30 19 06 03 55 1d 11 04 12 30 10
    82 0e 73 65 72 76 65 72 2e 65 78 61 6d 70 6c 65
    30 0d 06 09 2a 86 48 86 f7 0d 01 01 0b 05 00 03
    82 01 01 00 7b d3 04 43 75 8a 0f 11 ae c4 fb d7
    a1 a2 9e fe 20 18 d5 f4 2f 31 88 46 b6 75 8c ee
    e5 9b 97 a6 b9 a3 cd 60 9a 46 c3 48 97 e5 97 68
    f7 5a 86 35 73 d9 69 9e f9 5f 74 b9 e6 94 13 01
    cb 6a dc e3 c4 04 e9 65 da 9c a4 8b 28 f3 f9 9a
    7f bf 97 1f 45 92 e5 05 b1 56 e6 0b f6 47 de 1e
    89 b6 2b e1 4d df 4a 7e 01 d3 23 dc 97 8c 47 fe
    5f c7 cc 98 46 0e c4 83 5b ca 8a f1 52 09 be 6b
    ec 3f 09 8b d0 93 02 bf e1 51 e7 d1 7e 34 56 19
    74 d0 ff 28 25 de b7 9f 56 52 91 7d 20 29 85 0a
    80 44 5f 71 32 25 71 0f c2 16 e2 5f 6b 1d 3f 32
    5b 0a 3c 74 1c b9 62 f1 ed 07 50 a3 6d b4 b4 31
    0a c0 53 44 6a 3a 88 84 8b 2d a9 b0 37 8e e6 18
    36 bd 9a 20 40 0f 01 92 8b 3d aa 61 e7 ae 2c ed
    36 cd 3a 07 86 74 3a 29 b3 d7 3a b4 00 a9 c2 f5
    92 78 0e e2 0f a3 fe bb be e0 06 53 84 59 1d 90
    69 e5 b6 f9 00 00
<<< TLS 1.2, RecordHeader [length 0005]
    17 03 03 01 19
<<< TLS 1.3, InnerContent [length 0001]
    16
<<< TLS 1.3, Handshake [length 0108], CertificateVerify
    0f 00 01 04 08 04 01 00 a4 26 49 69 a3 83 cf b8
    91 be f4 a2 83 08 81 2f 26 d6 38 27 d4 dc 9c 6d
    ff 50 9b 7c a1 f9 5b 99 d5 59 d5 b5 9c bc 31 5a
    f7 3d 47 90 bf 17 84 48 75 40 47 40 2a 56 3a 06
    13 07 7a 5c 24 ab 46 9d e0 99 c7 ef f5 5b 14 e4
    7a 4a c0 93 1d 69 a1 30 15 17 ad d9 35 cf 93 8e
    6a 3c c1 ec 3a 5d 11 b9 c9 ab 56 24 d1 9b a8 89
    73 be f9 a5 57 dc 53 35 ee 87 6c 06 e5 db 57 8d
    f9 48 db 70 cf f5 25 73 4c 25 3b 6c dd b5 82 9f
    18 cd f2 36 95 0a f0 d3 99 2a 4d e9 91 dd eb d8
    46 38 67 9c b4 e4 ca b4 90 2e e0 68 80 6b d0 bc
    be 97 6b 46 f7 e8 25 c1 e4 fa 1a 28 7d 6f bd b1
    21 96 f0 d7 f1 d1 0c 72 22 61 71 fa 3a 43 37 88
    3b e4 f5 35 9d e2 66 42 b8 56 3b 03 a6 1d 9d 9e
    ca 68 ce b4 f7 86 dd 84 26 ea a9 17 c0 c5 b1 bd
    86 ca a0 a5 1e 4c fe c6 3a 32 98 14 6e 36 97 58
    8b d0 d4 56 7a 58 b1 92
<<< TLS 1.2, RecordHeader [length 0005]
    17 03 03 00 45
<<< TLS 1.3, InnerContent [length 0001]
    16
<<< TLS 1.3, Handshake [length 0034], Finished
    14 00 00 30 40 24 b4 fa 69 99 d1 92 72 19 2e 76
    d6 4c 46 88 55 f7 be ff ca 4f e0 60 4f 3f 5c af
    4d 16 9f e1 65 e3 da 5f 9a 46 39 1b b4 ba 36 72
    cc bd 03 ad
>>> TLS 1.2, RecordHeader [length 0005]
    17 03 03 00 45
>>> TLS 1.2, InnerContent [length 0001]
    16
>>> TLS 1.3, Handshake [length 0034], Finished
    14 00 00 30 64 0a 32 4b c7 45 d7 68 c8 a0 5e 38
    80 bc 8a e1 d3 53 f0 9e 1d 86 b9 94 b6 ee 4b 3a
    b6 99 06 29 fb 04 9f 26 7f e3 a5 44 7f c4 18 03
    fc 38 f9 40
---
Certificate chain
 0 s:CN=server.example
   i:CN=Root CA
   a:PKEY: RSA, 2048 (bit); sigalg: sha256WithRSAEncryption
   v:NotBefore: Jan 14 22:29:46 2016 GMT; NotAfter: Jan 15 22:29:46 2116 GMT
---
Server certificate
-----BEGIN CERTIFICATE-----
MIIDJTCCAg2gAwIBAgIBAjANBgkqhkiG9w0BAQsFADASMRAwDgYDVQQDDAdSb290
IENBMCAXDTE2MDExNDIyMjk0NloYDzIxMTYwMTE1MjIyOTQ2WjAZMRcwFQYDVQQD
DA5zZXJ2ZXIuZXhhbXBsZTCCASIwDQYJKoZIhvcNAQEBBQADggEPADCCAQoCggEB
ANVdYGrf/GHuSKqMEUhDpW22Ul2qmEmxYZI1sfw6BCUMbXn/tNXJ6VwcO+Crs7h9
o95tveDd11q/FEcRQl6mgtBhwX/dE0bmCYUHDvLU/Bpk0gqtIKsga5bwrczEGVNV
3AEdpLPvirRJU12KBRzx3OFEv8XX4ncZV1yXC3XuiENxD8pswbSyUKd3RmxYDxG/
8XYkWq45QrdRZynh0FUwbxfkkeqt+CjCQ2+iZKn7nZiSYkg+6w1PgkqK/z9y7pa1
rqHBmLrvfZB1bf9aUp6r9cB+0IdD24UHBw99OHr90dPuZR3T6jlqhzfuStPgDW71
cKzCvfFu85KVXqnwoWWVk40CAwEAAaN9MHswHQYDVR0OBBYEFMDnhL/oWSczELBS
T1FSLwbWwHrNMB8GA1UdIwQYMBaAFHB/Lq6DaFmYBCMqzes+F80k3QFJMAkGA1Ud
EwQCMAAwEwYDVR0lBAwwCgYIKwYBBQUHAwEwGQYDVR0RBBIwEIIOc2VydmVyLmV4
YW1wbGUwDQYJKoZIhvcNAQELBQADggEBAHvTBEN1ig8RrsT716Ginv4gGNX0LzGI
RrZ1jO7lm5emuaPNYJpGw0iX5Zdo91qGNXPZaZ75X3S55pQTActq3OPEBOll2pyk
iyjz+Zp/v5cfRZLlBbFW5gv2R94eibYr4U3fSn4B0yPcl4xH/l/HzJhGDsSDW8qK
8VIJvmvsPwmL0JMCv+FR59F+NFYZdND/KCXet59WUpF9ICmFCoBEX3EyJXEPwhbi
X2sdPzJbCjx0HLli8e0HUKNttLQxCsBTRGo6iISLLamwN47mGDa9miBADwGSiz2q
YeeuLO02zToHhnQ6KbPXOrQAqcL1kngO4g+j/ru+4AZThFkdkGnltvk=
-----END CERTIFICATE-----
subject=CN=server.example
issuer=CN=Root CA
---
No client certificate CA names sent
Peer signing digest: SHA256
Peer signature type: rsa_pss_rsae_sha256
Negotiated TLS1.3 group: X25519MLKEM768
---
SSL handshake has read 2546 bytes and written 1702 bytes
Verification error: unable to verify the first certificate
---
New, TLSv1.3, Cipher is TLS_AES_256_GCM_SHA384
Protocol: TLSv1.3
Server public key is 2048 bit
This TLS version forbids renegotiation.
Compression: NONE
Expansion: NONE
No ALPN negotiated
Early data was not sent
Verify return code: 21 (unable to verify the first certificate)
---
>>> TLS 1.2, RecordHeader [length 0005]
    17 03 03 00 13
>>> TLS 1.2, InnerContent [length 0001]
    15
>>> TLS 1.3, Alert [length 0002], warning close_notify
    01 00
Connecting to 127.0.0.1
SSL_connect:before SSL initialization
SSL_connect:SSLv3/TLS write client hello
SSL_connect:SSLv3/TLS write client hello
SSL_connect:SSLv3/TLS read server hello
SSL_connect:SSLv3/TLS write change cipher spec
SSL_connect:SSLv3/TLS write client hello
SSL_connect:SSLv3/TLS write client hello
SSL_connect:SSLv3/TLS read server hello
Can't use SSL_get_servername
SSL_connect:TLSv1.3 read encrypted extensions
depth=0 CN=server.example
verify error:num=20:unable to get local issuer certificate
verify return:1
depth=0 CN=server.example
verify error:num=21:unable to verify the first certificate
verify return:1
depth=0 CN=server.example
verify return:1
SSL_connect:SSLv3/TLS read server certificate
SSL_connect:TLSv1.3 read server certificate verify
SSL_connect:SSLv3/TLS read finished
SSL_connect:SSLv3/TLS write finished
DONE
SSL3 alert write:warning:close notify
