CONNECTED(00000003)
>>> TLS 1.0, RecordHeader [length 0005]
    16 03 01 00 d6
>>> TLS 1.3, Handshake [length 00d6], ClientHello
    01 00 00 d2 03 03 f1 10 51 ac 39 ff 28 a3 81 a2
    31 1b 45 f1 aa 1e cb 73 c1 e3 c6 60 b8 60 7a 4e
    33 8a 96 64 02 28 20 f5 0f ec b6 37 22 35 ce e7
    63 4a 90 c0 c3 11 02 11 7a 4d 26 c6 aa 4f cf 39
    6a 56 fc 1c bd 69 d6 00 06 13 02 13 03 13 01 01
    00 00 83 00 0b 00 04 03 00 01 02 00 0a 00 06 00
    04 00 1d 11 ec 00 23 00 00 00 16 00 00 00 17 00
    00 00 0d 00 2a 00 28 09 05 09 06 09 04 04 03 05
    03 06 03 08 07 08 08 08 1a 08 1b 08 1c 08 09 08
    0a 08 0b 08 04 08 05 08 06 04 01 05 01 06 01 00
    2b 00 03 02 03 04 00 2d 00 02 01 01 00 33 00 26
    00 24 00 1d 00 20 20 4f 5a eb bc 59 b4 4f 2f 54
    92 41 6a de 84 c6 57 f4 56 19 f1 cb 8a 02 60 ad
    dc 2c ba b3 9b 05
<<< TLS 1.2, RecordHeader [length 0005]
    16 03 03 00 58
<<< TLS 1.3, Handshake [length 0058], ServerHello
    02 00 00 54 03 03 cf 21 ad 74 e5 9a 61 11 be 1d
    8c 02 1e 65 b8 91 c2 a2 11 16 7a bb 8c 5e 07 9e
    09 e2 c8 a8 33 9c 20 f5 0f ec b6 37 22 35 ce e7
    63 4a 90 c0 c3 11 02 11 7a 4d 26 c6 aa 4f cf 39
    6a 56 fc 1c bd 69 d6 13 02 00 00 0c 00 2b 00 02
    03 04 00 33 00 02 11 ec
>>> TLS 1.2, RecordHeader [length 0005]
    14 03 03 00 01
>>> TLS 1.3, ChangeCipherSpec [length 0001]
    01
>>> TLS 1.2, RecordHeader [length 0005]
    16 03 03 05 76
>>> TLS 1.3, Handshake [length 0576], ClientHello
    01 00 05 72 03 03 f1 10 51 ac 39 ff 28 a3 81 a2
    31 1b 45 f1 aa 1e cb 73 c1 e3 c6 60 b8 60 7a 4e
    33 8a 96 64 02 28 20 f5 0f ec b6 37 22 35 ce e7
    63 4a 90 c0 c3 11 02 11 7a 4d 26 c6 aa 4f cf 39
    6a 56 fc 1c bd 69 d6 00 06 13 02 13 03 13 01 01
    00 05 23 00 0b 00 04 03 00 01 02 00 0a 00 06 00
    04 00 1d 11 ec 00 23 00 00 00 16 00 00 00 17 00
    00 00 0d 00 2a 00 28 09 05 09 06 09 04 04 03 05
    03 06 03 08 07 08 08 08 1a 08 1b 08 1c 08 09 08
    0a 08 0b 08 04 08 05 08 06 04 01 05 01 06 01 00
    2b 00 03 02 03 04 00 2d 00 02 01 01 00 33 04 c6
    04 c4 11 ec 04 c0 6c 75 c3 ca f4 5b f0 07 4e bd
    53 2f ba 55 2d b7 d6 73 5e 90 0d 52 47 85 c0 c8
    cc 21 d7 99 cc e2 99 ed cc 72 c1 81 38 ea 36 a5
    dd 75 26 c7 38 8e f6 68 6b 65 b5 8e 05 7b 98 91
    99 32 62 99 b9 57 8b 5b 1e e4 8d c8 8a 5e 56 f4
    46 8a 5c 7e ba 84 ba 27 f1 78 15 44 4b ff f8 bc
    df 6c 86 5f c7 a9 e5 89 09 89 44 56 05 d7 64 e2
    8b b3 16 12 51 99 0b ba 64 ba bb e8 cc 94 31 4c
    c8 1a e1 cf 31 5c 31 54 14 af d0 cb 43 ab 44 10
    df b5 2a 37 e1 ca ed 43 91 11 62 3a 4e 0b bb db
    51 1d fa cc 59 19 61 9a 1b d2 30 29 fc 88 1b 28
    64 7e 07 14 de 33 2b d6 e0 57 70 62 81 42 95 c7
    92 7b 7b f6 b9 62 54 06 38 94 01 57 92 c2 31 a3
    02 30 0e 5a 8e 94 26 a7 aa b6 5e 9b 5a 48 1f 30
    61 60 0a ba 32 cc 16 f8 75 88 d7 e2 5e f6 9c 55
    5b 2c cd ad e4 0e 5b 99 0f e6 97 3b 9a 38 08 e6
    39 ab e9 28 0c c3 20 7d 5c ac 23 3b 88 aa 34 b5
    93 1c 35 83 e5 db 9d fa 46 1b 1f dc 25 3c c3 5f
    e1 99 92 92 58 03 13 2a 42 4e 8b c3 30 37 51 1d
    c2 58 3a 37 32 2d c7 9d 2e 88 40 4b b4 58 7c 38
    29 66 1c 3d 96 bc 8b d2 e3 38 38 3c 7a cf 8a 65
    8b b5 c1 3b c6 37 03 93 47 d1 39 b0 c9 cc 55 24
    f0 a2 32 c3 5d c2 a9 b4 fa db 32 9e b2 0b da 94
    49 5d e3 12 63 74 9d e1 a2 62 db 22 ba 25 72 cd
    bf c6 be a4 41 3e 95 44 98 0c 13 44 05 84 be 63
    91 4f 15 23 36 d4 f1 9c 81 95 07 0d 98 5b 81 47
    ad 96 f9 0f 45 f5 0f ea 76 bb cb 47 42 a4 36 18
    c6 c3 01 d9 c0 7e fa 98 7d 55 e6 74 ed b7 70 46
    d5 ad 70 b3 74 ed e9 4d 3d b3 5e f7 58 20 b5 11
    12 9a 33 0c ea 4a 80 66 46 83 f3 e9 36 2d 4a 51
    8a 5a 8c c6 48 a6 83 28 c8 f7 0c b4 b0 41 82 f8
    c3 32 a2 fa b6 06 51 73 c3 41 35 43 09 07 63 f6
    1f 10 f6 1e 4b 05 10 a4 68 58 d7 76 b3 bf e8 cb
    86 fc 32 4c da a5 7b 83 23 88 aa 81 3d da 09 dd
    19 76 6b a0 47 c0 ea bb 7d cc 59 57 41 4e fc d9
    51 58 e6 66 ca 1b 78 8e 7a 11 17 68 9b 82 d6 13
    52 86 a5 cf 8c 30 b8 d6 c5 f4 2b 56 0d 92 88 0d
    ec 1e bd db 9a c0 79 9f fc a0 4d fb 40 10 9d 13
    79 37 40 20 20 10 7b 68 51 9c 2c 39 29 2f a2 0f
    14 eb 8c 97 22 6a 87 19 1e a4 a0 19 0d 10 16 43
    fa ca cf 72 4e 9e 27 22 c8 11 36 94 a2 b2 a1 f8
    72 ee 9a 8e b1 86 96 78 18 b9 fd bc 9e e2 ac 01
    3c 27 c9 d3 8c 25 62 66 34 e9 96 cd 66 99 87 85
    e5 23 31 43 bc 5a ac 94 80 f9 a1 5d 23 a2 18 23
    42 56 46 ba 27 56 cc 66 a7 36 a5 e5 3b de 31 bb
    8f eb 1a 4a 82 8b 1b d4 9a 14 a6 53 76 4a 75 ac
    c9 5e 96 1b 53 c9 21 bb a5 46 27 64 b5 06 3d c0
    9a 81 4a 3a de 17 8d 81 b5 5b d3 d5 6b 23 19 8d
    93 95 8d 3b 69 04 4c ac ac 9b 1c 7c 0e f4 48 d6
    c9 44 8a e7 06 90 56 9e 71 e7 7f 60 f1 ce c8 46
    a9 ca bb 7b d4 72 45 8d f3 5b f2 37 c8 27 75 af
    0c 99 3a 57 46 b3 58 d2 38 de 99 9b e0 2a c0 a0
    93 71 0a 81 c6 8a e0 a8 03 54 30 c9 9a 38 ca 12
    48 89 b6 76 02 81 3c f9 22 1d 2f 34 03 ac 04 55
    86 75 1a b4 49 2f 4b 15 6f 9c 09 52 e9 55 2b c4
    27 78 a6 25 5e d1 23 c8 d8 c8 a2 bd 81 9e 43 2a
    22 15 06 61 d1 d1 4a 59 9a 03 b7 6a a1 aa 51 39
    31 64 25 19 26 38 f8 13 90 30 53 9f c1 18 42 74
    36 b5 6a f0 9e f5 b1 70 b2 5c 35 e1 b2 38 29 0c
    c3 c4 8c 61 51 b2 93 82 55 c5 3e 62 ab 11 a1 70
    1b 45 1d 44 dc 10 4b 08 b7 af e3 2b 59 a1 1b df
    96 a3 1e bb 17 ff 7b 0b 21 12 8b 5c 57 2d 00 03
    59 1f 93 1c 42 69 c2 79 e1 09 98 e6 69 a1 78 30
    30 41 aa d4 a7 93 d6 8b 21 26 98 0f 4e 85 1f fd
    83 b3 a1 19 ba f5 b0 a1 c2 32 5c 51 14 94 ec e6
    76 5e 5c 5f 6d 27 50 d5 6c 56 59 a0 04 bf 8a ad
    a6 81 c5 10 fa 20 4f 95 cc f4 a3 bb 20 c0 29 78
    73 84 43 78 50 fc a5 b4 4c 44 cb 48 6b 6d 3b 44
    5a f0 70 0b c1 c5 8f 9a 6c 72 d1 dc 0b 97 54 19
    e0 80 82 99 c1 87 9f b2 0b 40 63 8a d1 07 98 48
    09 12 eb fa 06 c8 22 39 f4 21 c1 ee fb 3c 69 6b
    73 c1 24 08 73 c3 23 5b 44 11 65 b4 c8 76 45 b4
    84 22 c7 3f 64 b8 12 96 f8 e2 56 d1 6f ab 9e 17
    31 31 a9 62 82 b5 cb ef 22 85 e3 3f a8 43 cb a6
    ac 81 8a 04 f0 73 0f 6e ee 0d 69 c9 40 71 8e 8c
    26 ec 3f bc ea a5 77 fc b8 7d a1 ba b4 3e e6 ca
    5e 26 56 e5 e2 33
<<< TLS 1.2, RecordHeader [length 0005]
    14 03 03 00 01
<<< TLS 1.3, ChangeCipherSpec [length 0001]
    01
<<< TLS 1.2, RecordHeader [length 0005]
    16 03 03 04 ba
<<< TLS 1.3, Handshake [length 04ba], ServerHello
    02 00 04 b6 03 03 80 55 c8 8b 76 fe 1f 86 af bc
    7b 60 7f 45 1f 93 88 8f 60 09 cc 01 c5 9c 8b 06
    ee 6f 59 e1 d4 c3 20 f5 0f ec b6 37 22 35 ce e7
    63 4a 90 c0 c3 11 02 11 7a 4d 26 c6 aa 4f cf 39
    6a 56 fc 1c bd 69 d6 13 02 00 04 6e 00 2b 00 02
    03 04 00 33 04 64 11 ec 04 60 a0 18 41 ad 50 e0
    e0 f0 f8 2e 2e a0 f0 24 be 00 d8 8b 80 d7 9a 1d
    67 6f a1 a7 13 d0 05 66 0a c1 b2 8b 17 a5 21 aa
    05 b8 80 1a 1b 37 38 d7 4a b5 6a 48 3a 01 09 93
    b4 48 16 c7 e1 48 86 79 b3 e2 2f 16 c3 31 47 d0
    4d 78 1a 8a a3 bc 31 69 7c 62 b9 24 56 4f ed 99
    79 73 ae 66 d4 63 78 ed 60 f3 b9 14 24 60 54 fd
    fa 03 94 34 5d 92 7f 5d 78 77 45 34 e0 63 52 f7
    60 a4 b8 ed cf 78 73 ec 7d 51 a8 f6 97 ae 2f 07
    3d f8 e1 cf 07 06 59 4c c3 a7 fa 0f 49 64 f4 74
    18 aa 5d 0a 96 49 98 8d 80 cb eb 68 4e 16 86 20
    d7 70 11 26 27 b7 3d 66 4c 8b 51 df 3f 2d fc 82
    55 e0 23 59 7d f9 6b 3c 48 7a 7c 5c e3 37 b1 71
    d7 ae e3 a9 78 1f 30 2a ac 6c e1 8e 3f 21 82 5d
    51 ac 29 98 42 d1 43 1d 2f 42 fd 17 67 cd 80 6f
    d9 8a d0 fe ba de 23 8d 1a a0 60 89 30 af 04 49
    eb e4 3d 6b 7c ed 6c 5c 11 35 9b 24 c6 e5 c2 20
    e7 b7 6b 6d 92 58 56 5b e8 f5 9e 07 6f e8 3f ac
    2b 4b 02 94 28 19 d9 e0 09 10 2c dd c7 b4 43 da
    7b e6 0c 7b 4e 82 7b 17 35 e0 54 ee bc ad 0a f3
    a7 ea 05 46 2e 60 f4 71 db d2 a3 23 86 ca 1c 87
    f0 35 15 27 e5 8a d6 dc 01 03 ee 1e 73 68 ae 80
    44 9e a1 a1 82 1b 7c 2f c0 ff 51 c5 6a 27 01 28
    82 b0 b9 36 52 72 37 44 88 ad 21 ac a7 5c ca db
    f4 be 96 e8 54 f4 8d bc 9b 42 ca 0c eb f4 61 3f
    8c 34 d4 84 00 8e 8d d9 12 81 36 96 2c 0b 64 07
    f2 11 4c 73 ac 7c 90 56 6e c7 c6 fb 0c b0 93 20
    57 2a 1f 02 68 e1 de 9b 17 69 07 f6 c7 4f ba 48
    b8 50 c4 b2 aa 31 6f 71 d6 66 f6 58 55 01 62 49
    06 af ed d7 a0 f4 16 fd 69 fd 38 82 63 d2 c3 60
    e2 e1 83 66 c3 c7 e7 a7 8e e6 f4 6f 8f 8c 74 28
    e5 ee ac bd e6 4e e9 25 8f 13 83 2c 5b 92 c2 69
    4f 90 44 b2 51 ce 58 bd a6 f4 d3 81 00 0b 2c 82
    af a3 35 b7 e5 55 bf ac 1b e2 42 d9 8a cb e8 c4
    ed 42 d7 ce e3 d4 2a 5c 17 e1 fe c3 d8 b1 a0 09
    73 54 f0 b2 70 b9 c4 7b 5b 84 a4 16 a3 b3 c2 e2
    10 cf af 73 c1 63 0d ec 3d fa 34 a4 8c c3 93 e5
    ea f7 39 82 61 eb d0 ed 1e 1d 4c 24 d0 21 df 8a
    bf c9 aa 80 05 d7 37 a0 bd 35 eb 12 c1 22 44 e1
    fa 00 c3 49 17 0d f5 dd 8c 8a 0d b0 21 74 eb 78
    b9 d5 70 ea e7 7b af 3f e1 9e e5 f2 0d b2 b7 88
    12 d5 c9 49 b5 52 20 7a 95 1d b0 4f fc 6b b6 4a
    f4 16 d4 bf 04 7d 20 cc b9 68 18 a6 d7 7b de eb
    a1 30 72 c6 42 62 55 13 c0 bf ed 12 53 42 20 79
    f3 b8 04 fb 97 9e 69 b6 3b fe af 99 df 3f 03 59
    c7 ea 5f 53 4c 6c 0b 45 99 5c a7 14 25 81 6b 1e
    8d 88 09 5b 9e c9 a2 08 02 ab d0 e7 a5 f8 09 fa
    5d 16 35 aa 63 9d db 0f 98 01 c6 c1 86 03 41 51
    51 a8 9c f3 28 98 59 da c4 23 43 21 c0 58 88 2e
    0f 55 3a a5 e3 0c 83 67 53 80 40 2c 4c ad 69 7b
    14 aa 65 2c 33 b2 94 9e 6a 74 17 ca f6 bc d4 a0
    c1 a5 40 11 94 30 fc 7a c4 94 6e 7d d6 d4 46 3f
    4e db 74 3d dd 6b b8 59 76 2d 1b 28 ba b5 13 82
    2b 86 ef c3 0f a5 8e 66 9d 2a 82 f6 26 16 2a 04
    65 a0 10 12 7b 0d 1d d8 23 18 77 45 06 14 fb df
    c7 da de 36 bf fd 0f 45 38 d2 98 e2 20 75 fd 1e
    fe 26 c8 ea da 7d 5d e9 ad d3 33 29 03 d3 06 ac
    5e ca 78 16 55 dd dd 14 7d d1 0e 94 d8 bf d5 47
    76 08 da 9b 34 6e 71 7f e5 31 54 b9 42 0e 1d 2f
    3a a9 08 5f 9e 92 fc f3 cb dd 48 fa c6 91 07 70
    c4 b0 97 a5 e9 17 d3 11 68 95 df 0d 65 02 a9 85
    c2 ca 7b 99 56 75 89 2b 66 e4 24 af cf 70 de 11
    94 4d d2 91 93 68 13 46 80 d4 e9 99 77 be b2 5e
    da c2 e0 4e 63 ab 38 8a e5 e2 d8 1b de 8a 44 81
    7b 69 ba d5 ff 1f e0 6c 3b 88 a4 31 1d ed 77 a8
    e5 fa d7 93 69 f7 8a ad 0a 88 71 a4 9f 7d a5 18
    bf a9 63 e6 55 ab e4 1b e5 b8 60 10 fb ff 08 12
    b0 56 8b d0 3d fb 5c 5b 34 99 75 49 46 e9 22 95
    63 5a 68 3c 6a e3 83 43 23 10 9d 08 2f a0 38 78
    8d 82 e7 71 11 1d a1 35 c4 3e 5c dd 75 69 88 d3
    0c c4 09 3c 76 77 5f 4c 9c 69
<<< TLS 1.2, RecordHeader [length 0005]
    17 03 03 00 17
<<< TLS 1.3, InnerContent [length 0001]
    16
<<< TLS 1.3, Handshake [length 0006], EncryptedExtensions
    08 00 00 02 00 00
<<< TLS 1.2, RecordHeader [length 0005]
    17 03 03 03 47
<<< TLS 1.3, InnerContent [length 0001]
    16
<<< TLS 1.3, Handshake [length 0336], Certificate
    0b 00 03 32 00 00 03 2e 00 03 29 30 82 03 25 30
    82 02 0d a0 03 02 01 02 02 01 02 30 0d 06 09 2a
    86 48 86 f7 0d 01 01 0b 05 00 30 12 31 10 30 0e
    06 03 55 04 03 0c 07 52 6f 6f 74 20 43 41 30 20
    17 0d 31 36 30 31 31 34 32 32 32 39 34 36 5a 18
    0f 32 31 31 36 30 31 31 35 32 32 32 39 34 36 5a
    30 19 31 17 30 15 06 03 55 04 03 0c 0e 73 65 72
    76 65 72 2e 65 78 61 6d 70 6c 65 30 82 01 22 30
    0d 06 09 2a 86 48 86 f7 0d 01 01 01 05 00 03 82
    01 0f 00 30 82 01 0a 02 82 01 01 00 d5 5d 60 6a
    df fc 61 ee 48 aa 8c 11 48 43 a5 6d b6 52 5d aa
    98 49 b1 61 92 35 b1 fc 3a 04 25 0c 6d 79 ff b4
    d5 c9 e9 5c 1c 3b e0 ab b3 b8 7d a3 de 6d bd e0
    dd d7 5a bf 14 47 11 42 5e a6 82 d0 61 c1 7f dd
    13 46 e6 09 85 07 0e f2 d4 fc 1a 64 d2 0a ad 20
    ab 20 6b 96 f0 ad cc c4 19 53 55 dc 01 1d a4 b3
    ef 8a b4 49 53 5d 8a 05 1c f1 dc e1 44 bf c5 d7
    e2 77 19 57 5c 97 0b 75 ee 88 43 71 0f ca 6c c1
    b4 b2 50 a7 77 46 6c 58 0f 11 bf f1 76 24 5a ae
    39 42 b7 51 67 29 e1 d0 55 30 6f 17 e4 91 ea ad
    f8 28 c2 43 6f a2 64 a9 fb 9d 98 92 62 48 3e eb
    0d 4f 82 4a 8a ff 3f 72 ee 96 b5 ae a1 c1 98 ba
    ef 7d 90 75 6d ff 5a 52 9e ab f5 c0 7e d0 87 43
    db 85 07 07 0f 7d 38 7a fd d1 d3 ee 65 1d d3 ea
    39 6a 87 37 ee 4a d3 e0 0d 6e f5 70 ac c2 bd f1
    6e f3 92 95 5e a9 f0 a1 65 95 93 8d 02 03 01 00
    01 a3 7d 30 7b 30 1d 06 03 55 1d 0e 04 16 04 14
    c0 e7 84 bf e8 59 27 33 10 b0 52 4f 51 52 2f 06
    d6 c0 7a cd 30 1f 06 03 55 1d 23 04 18 30 16 80
    14 70 7f 2e ae 83 68 59 98 04 23 2a cd eb 3e 17
    cd 24 dd 01 49 30 09 06 03 55 1d 13 04 02 30 00
    30 13 06 03 55 1d 25 04 0c 30 0a 06 08 2b 06 01
    05 05 07 03 01 30 19 06 03 55 1d 11 04 12 30 10
    82 0e 73 65 72 76 65 72 2e 65 78 61 6d 70 6c 65
    30 0d 06 09 2a 86 48 86 f7 0d 01 01 0b 05 00 03
    82 01 01 00 7b d3 04 43 75 8a 0f 11 ae c4 fb d7
    a1 a2 9e fe 20 18 d5 f4 2f 31 88 46 b6 75 8c ee
    e5 9b 97 a6 b9 a3 cd 60 9a 46 c3 48 97 e5 97 68
    f7 5a 86 35 73 d9 69 9e f9 5f 74 b9 e6 94 13 01
    cb 6a dc e3 c4 04 e9 65 da 9c a4 8b 28 f3 f9 9a
    7f bf 97 1f 45 92 e5 05 b1 56 e6 0b f6 47 de 1e
    89 b6 2b e1 4d df 4a 7e 01 d3 23 dc 97 8c 47 fe
    5f c7 cc 98 46 0e c4 83 5b ca 8a f1 52 09 be 6b
    ec 3f 09 8b d0 93 02 bf e1 51 e7 d1 7e 34 56 19
    74 d0 ff 28 25 de b7 9f 56 52 91 7d 20 29 85 0a
    80 44 5f 71 32 25 71 0f c2 16 e2 5f 6b 1d 3f 32
    5b 0a 3c 74 1c b9 62 f1 ed 07 50 a3 6d b4 b4 31
    0a c0 53 44 6a 3a 88 84 8b 2d a9 b0 37 8e e6 18
    36 bd 9a 20 40 0f 01 92 8b 3d aa 61 e7 ae 2c ed
    36 cd 3a 07 86 74 3a 29 b3 d7 3a b4 00 a9 c2 f5
    92 78 0e e2 0f a3 fe bb be e0 06 53 84 59 1d 90
    69 e5 b6 f9 00 00
<<< TLS 1.2, RecordHeader [length 0005]
    17 03 03 01 19
<<< TLS 1.3, InnerContent [length 0001]
    16
<<< TLS 1.3, Handshake [length 0108], CertificateVerify
    0f 00 01 04 08 04 01 00 23 fb ae ca a3 cc a6 fb
    84 80 ad 90 a1 0f 3e c0 29 1c 37 a0 32 27 e5 6d
    a2 70 55 33 07 ba ff 9f b0 b6 90 a5 6f 71 f9 e4
    f8 36 6a e1 47 f5 4c 09 3e 8d bf 42 c5 d5 2e 32
    1f b0 36 c0 df 25 85 f2 ff 92 98 1c 50 38 7c 19
    ed 6a d1 b9 58 2c 62 ca 44 b2 c3 f3 c2 9e 61 53
    e9 c3 75 0b eb d5 03 ab 45 b4 65 57 2c 32 9a 34
    36 69 20 2b 51 39 14 e8 73 bd 12 34 a0 11 08 8a
    e7 87 73 5d 8e 57 4e 08 a2 cf 36 64 16 c5 49 96
    bc 0d f6 37 5a 68 9e 00 11 d2 a0 be 88 53 2c 8c
    62 3b 34 94 e8 c6 b4 f5 6d f6 c1 1d dc 71 9c f7
    e5 46 be 1a be f8 34 53 a0 d5 c2 bc a2 5f 18 9a
    77 a4 ee 29 77 b7 6b 61 e3 59 eb b1 7f d4 4c dc
    58 be 0b 9f cc a8 fa 98 a8 a8 e3 53 e2 30 fe 05
    89 a9 49 d8 3b c1 42 6d ea 48 cb b9 f0 3f 17 f6
    ee a9 26 81 fa 4f 2d 31 05 2f b3 07 db 4d ea 06
    75 fc 04 87 18 20 5a ab
<<< TLS 1.2, RecordHeader [length 0005]
    17 03 03 00 45
<<< TLS 1.3, InnerContent [length 0001]
    16
<<< TLS 1.3, Handshake [length 0034], Finished
    14 00 00 30 e2 01 c8 6b db 8b 15 ed f4 d8 a8 6d
    6a eb e7 eb 07 63 25 1b 30 fb 00 ab 4c 86 25 31
    93 4e 6c 5a f9 3b 6a 46 3f 07 8a 1a 31 c2 43 c0
    52 2b 61 2c
>>> TLS 1.2, RecordHeader [length 0005]
    17 03 03 00 45
>>> TLS 1.2, InnerContent [length 0001]
    16
>>> TLS 1.3, Handshake [length 0034], Finished
    14 00 00 30 4c 20 40 50 c5 7a 4f 65 b1 0a e2 ae
    53 f2 1a 81 55 35 2f 30 17 0d cf 63 38 a0 cb 54
    1d 8c 79 41 2f 4f 7a 79 2c 9c b6 c1 0b e3 48 d5
    68 07 4a 73
---
Certificate chain
 0 s:CN=server.example
   i:CN=Root CA
   a:PKEY: RSA, 2048 (bit); sigalg: sha256WithRSAEncryption
   v:NotBefore: Jan 14 22:29:46 2016 GMT; NotAfter: Jan 15 22:29:46 2116 GMT
---
Server certificate
-----BEGIN CERTIFICATE-----
MIIDJTCCAg2gAwIBAgIBAjANBgkqhkiG9w0BAQsFADASMRAwDgYDVQQDDAdSb290
IENBMCAXDTE2MDExNDIyMjk0NloYDzIxMTYwMTE1MjIyOTQ2WjAZMRcwFQYDVQQD
DA5zZXJ2ZXIuZXhhbXBsZTCCASIwDQYJKoZIhvcNAQEBBQADggEPADCCAQoCggEB
ANVdYGrf/GHuSKqMEUhDpW22Ul2qmEmxYZI1sfw6BCUMbXn/tNXJ6VwcO+Crs7h9
o95tveDd11q/FEcRQl6mgtBhwX/dE0bmCYUHDvLU/Bpk0gqtIKsga5bwrczEGVNV
3AEdpLPvirRJU12KBRzx3OFEv8XX4ncZV1yXC3XuiENxD8pswbSyUKd3RmxYDxG/
8XYkWq45QrdRZynh0FUwbxfkkeqt+CjCQ2+iZKn7nZiSYkg+6w1PgkqK/z9y7pa1
rqHBmLrvfZB1bf9aUp6r9cB+0IdD24UHBw99OHr90dPuZR3T6jlqhzfuStPgDW71
cKzCvfFu85KVXqnwoWWVk40CAwEAAaN9MHswHQYDVR0OBBYEFMDnhL/oWSczELBS
T1FSLwbWwHrNMB8GA1UdIwQYMBaAFHB/Lq6DaFmYBCMqzes+F80k3QFJMAkGA1Ud
EwQCMAAwEwYDVR0lBAwwCgYIKwYBBQUHAwEwGQYDVR0RBBIwEIIOc2VydmVyLmV4
YW1wbGUwDQYJKoZIhvcNAQELBQADggEBAHvTBEN1ig8RrsT716Ginv4gGNX0LzGI
RrZ1jO7lm5emuaPNYJpGw0iX5Zdo91qGNXPZaZ75X3S55pQTActq3OPEBOll2pyk
iyjz+Zp/v5cfRZLlBbFW5gv2R94eibYr4U3fSn4B0yPcl4xH/l/HzJhGDsSDW8qK
8VIJvmvsPwmL0JMCv+FR59F+NFYZdND/KCXet59WUpF9ICmFCoBEX3EyJXEPwhbi
X2sdPzJbCjx0HLli8e0HUKNttLQxCsBTRGo6iISLLamwN47mGDa9miBADwGSiz2q
YeeuLO02zToHhnQ6KbPXOrQAqcL1kngO4g+j/ru+4AZThFkdkGnltvk=
-----END CERTIFICATE-----
subject=CN=server.example
issuer=CN=Root CA
---
No client certificate CA names sent
Peer signing digest: SHA256
Peer signature type: rsa_pss_rsae_sha256
Negotiated TLS1.3 group: X25519MLKEM768
---
SSL handshake has read 2546 bytes and written 1702 bytes
Verification error: unable to verify the first certificate
---
New, TLSv1.3, Cipher is TLS_AES_256_GCM_SHA384
Protocol: TLSv1.3
Server public key is 2048 bit
This TLS version forbids renegotiation.
Compression: NONE
Expansion: NONE
No ALPN negotiated
Early data was not sent
Verify return code: 21 (unable to verify the first certificate)
---
>>> TLS 1.2, RecordHeader [length 0005]
    17 03 03 00 13
>>> TLS 1.2, InnerContent [length 0001]
    15
>>> TLS 1.3, Alert [length 0002], warning close_notify
    01 00
Connecting to 127.0.0.1
SSL_connect:before SSL initialization
SSL_connect:SSLv3/TLS write client hello
SSL_connect:SSLv3/TLS write client hello
SSL_connect:SSLv3/TLS read server hello
SSL_connect:SSLv3/TLS write change cipher spec
SSL_connect:SSLv3/TLS write client hello
SSL_connect:SSLv3/TLS write client hello
SSL_connect:SSLv3/TLS read server hello
Can't use SSL_get_servername
SSL_connect:TLSv1.3 read encrypted extensions
depth=0 CN=server.example
verify error:num=20:unable to get local issuer certificate
verify return:1
depth=0 CN=server.example
verify error:num=21:unable to verify the first certificate
verify return:1
depth=0 CN=server.example
verify return:1
SSL_connect:SSLv3/TLS read server certificate
SSL_connect:TLSv1.3 read server certificate verify
SSL_connect:SSLv3/TLS read finished
SSL_connect:SSLv3/TLS write finished
DONE
SSL3 alert write:warning:close notify
