CONNECTED(00000003)
>>> TLS 1.0, RecordHeader [length 0005]
    16 03 01 00 d6
>>> TLS 1.3, Handshake [length 00d6], ClientHello
    01 00 00 d2 03 03 2c 6b 7e 5f 63 15 3b 1e f4 6e
    60 10 5e 5c 20 af 83 6f 2b 46 ed 5d 1c 94 c3 58
    a5 47 94 79 2a 4b 20 d5 fb eb 00 f0 e8 06 47 c2
    e0 b7 54 85 a6 c0 aa 63 e8 46 5d eb 02 9a 94 03
    9f 12 d8 c1 80 be 1c 00 06 13 02 13 03 13 01 01
    00 00 83 00 0b 00 04 03 00 01 02 00 0a 00 06 00
    04 00 1d 11 ec 00 23 00 00 00 16 00 00 00 17 00
    00 00 0d 00 2a 00 28 09 05 09 06 09 04 04 03 05
    03 06 03 08 07 08 08 08 1a 08 1b 08 1c 08 09 08
    0a 08 0b 08 04 08 05 08 06 04 01 05 01 06 01 00
    2b 00 03 02 03 04 00 2d 00 02 01 01 00 33 00 26
    00 24 00 1d 00 20 b7 90 06 5e ca b9 b6 2d 12 6c
    8d 06 a6 ba 88 9b aa a6 62 bd 68 4f b8 fe 33 fd
    cf e5 6d 4a d0 48
<<< TLS 1.2, RecordHeader [length 0005]
    16 03 03 00 58
<<< TLS 1.3, Handshake [length 0058], ServerHello
    02 00 00 54 03 03 cf 21 ad 74 e5 9a 61 11 be 1d
    8c 02 1e 65 b8 91 c2 a2 11 16 7a bb 8c 5e 07 9e
    09 e2 c8 a8 33 9c 20 d5 fb eb 00 f0 e8 06 47 c2
    e0 b7 54 85 a6 c0 aa 63 e8 46 5d eb 02 9a 94 03
    9f 12 d8 c1 80 be 1c 13 02 00 00 0c 00 2b 00 02
    03 04 00 33 00 02 11 ec
>>> TLS 1.2, RecordHeader [length 0005]
    14 03 03 00 01
>>> TLS 1.3, ChangeCipherSpec [length 0001]
    01
>>> TLS 1.2, RecordHeader [length 0005]
    16 03 03 05 76
>>> TLS 1.3, Handshake [length 0576], ClientHello
    01 00 05 72 03 03 2c 6b 7e 5f 63 15 3b 1e f4 6e
    60 10 5e 5c 20 af 83 6f 2b 46 ed 5d 1c 94 c3 58
    a5 47 94 79 2a 4b 20 d5 fb eb 00 f0 e8 06 47 c2
    e0 b7 54 85 a6 c0 aa 63 e8 46 5d eb 02 9a 94 03
    9f 12 d8 c1 80 be 1c 00 06 13 02 13 03 13 01 01
    00 05 23 00 0b 00 04 03 00 01 02 00 0a 00 06 00
    04 00 1d 11 ec 00 23 00 00 00 16 00 00 00 17 00
    00 00 0d 00 2a 00 28 09 05 09 06 09 04 04 03 05
    03 06 03 08 07 08 08 08 1a 08 1b 08 1c 08 09 08
    0a 08 0b 08 04 08 05 08 06 04 01 05 01 06 01 00
    2b 00 03 02 03 04 00 2d 00 02 01 01 00 33 04 c6
    04 c4 11 ec 04 c0 b0 c6 06 7d b6 5c 6d 5c 50 f8
    0b 58 88 5c 5d c0 57 cf 7a ea 38 66 c5 c5 f2 91
    6b c0 13 6e 8d 6a 12 18 e1 90 cf 3c 56 43 88 a9
    44 5b 1f b1 4a 04 14 d9 3d 0f a0 b5 c1 5b 6c 68
    a6 33 f2 93 1e 25 a3 8d cb 25 a0 ac 64 bd 35 e2
    3b 99 3a 44 24 7a 40 0f f8 9a d7 97 59 be 33 66
    15 5c 1e 1c 74 88 f3 6c 57 89 dc 0d 5d 4a 9e c9
    16 35 2b b4 57 59 e7 95 e6 39 38 7a 68 3a 09 25
    1c 50 b0 b6 17 cc 38 79 3b 2a e2 82 15 89 44 4c
    14 e6 c2 8a 66 38 f1 60 58 b3 51 07 ca 63 01 9f
    81 73 5c ea bf 7f 90 c7 f5 35 16 6a 77 7e 84 aa
    a0 e0 10 c9 62 e4 32 41 25 2d 4b ac 59 b9 92 05
    f9 a1 24 62 e8 05 12 8b 9e 03 d0 24 63 42 1f dd
    80 49 21 86 cc 76 66 30 26 1b 3a 82 db 89 7d c0
    00 54 53 2b 0e 12 7e f3 3c a7 00 d5 03 02 53 4f
    89 e3 09 4e 84 1b f5 ab 40 d2 4c 30 95 64 53 20
    04 3b b5 26 57 fd 39 be e6 c0 c5 94 cb 4a c9 b0
    c4 7f 40 8f ff 1b c6 b5 69 59 ae d1 3a ab 65 95
    09 a1 42 ed bc 17 56 b0 65 a5 78 7d 8b e1 97 0e
    61 cb a2 ca 44 fe d5 61 18 f7 ae d0 24 88 fe 22
    56 2c c7 ae 80 e9 a0 22 fb b1 b9 eb 64 58 45 98
    32 54 9c 7e 01 3b 76 08 89 5f b1 93 89 05 20 8d
    15 83 e5 56 60 91 14 51 28 9a 85 46 c1 41 5e b6
    89 e8 f0 44 38 68 33 ad a6 26 12 d3 aa 2f a6 22
    ec 44 b7 56 32 29 7f 9c b8 a8 0c 2d d1 a8 b0 c6
    09 c9 d7 c2 39 ac 9b 45 dc 2c 24 10 c0 73 fc 7c
    38 2c cb a0 0a 94 5a c4 d3 c2 21 68 13 38 97 65
    26 1a 7a 1e bb 26 ab 60 a7 44 45 ac 09 4a 5a 74
    21 13 31 67 38 d2 61 80 05 2b 2a 6a 7c 20 3d c6
    ca f7 92 6f 0d 37 91 90 d1 3f 58 72 23 83 87 3e
    14 c7 89 9f a8 9e 9a d7 0a 9a 56 20 6a 5a 7c 75
    f6 34 96 b8 7f 4f 28 00 0b 00 09 ac 68 9c fd 47
    5b af 4c 59 df 69 c1 7b 96 28 60 99 3e de d7 8f
    66 35 53 08 a4 1f c8 63 8f 1b 3b ac cc aa b5 db
    12 43 d9 85 1f 75 7b 0f 95 92 5f cf 8a b9 1b 67
    6c 82 24 69 1e b9 28 d5 36 44 6c c6 6e a0 14 38
    a7 e9 57 a2 08 85 ed 3a 51 8f 2a 16 66 d3 cd d9
    b5 cb b2 05 2b ab 37 a6 bf a0 3e 4c e8 7b fa 02
    48 51 10 a4 f5 f8 b0 79 f8 62 f6 92 16 4f 02 c4
    be 4c c8 8d 3a 53 78 56 37 03 51 23 3c e2 90 87
    99 0a 22 37 7d 59 e4 58 86 95 c3 45 73 25 fa c3
    4d c7 e8 21 26 b4 00 27 48 90 81 83 39 91 59 28
    f0 5c 0d 7a 71 b4 82 51 22 f1 ca b8 38 72 2b dc
    59 72 37 ac a5 0d a6 ba d4 37 c6 9c 02 89 1d d8
    91 64 08 2d d5 aa b7 54 fa 3d 98 3c ae e9 02 ce
    10 c3 a7 1c 62 81 6e 13 35 8d e0 25 08 18 07 ce
    49 6a ad b9 5a c3 80 a2 46 86 cc eb 50 3d f9 1a
    80 3b c0 69 31 f0 9f 9d f1 7e c4 54 39 ae 0a 2a
    25 a9 73 41 84 c2 7c d2 b2 87 f8 9b ca 57 cf 8f
    36 ce 71 d5 3f 8d c5 6e 1e 92 28 3f ca 59 f8 8c
    81 9e 90 65 db 40 15 84 48 39 65 a6 38 2a 00 37
    7c 18 7e d9 ca 1c 64 87 5a c6 e1 56 ce ab 2c a2
    38 47 d0 e3 98 0a 7c b2 75 ea 9c 66 c0 90 6c 7b
    36 f1 79 a1 85 41 b8 5c 71 c7 a4 06 14 95 02 12
    f5 66 22 0f 3b 18 d6 fa c4 36 65 29 5c 32 2f d4
    99 71 4e 42 35 bf c2 aa 5e 54 a8 17 51 64 d4 97
    5d f7 53 02 8d 88 0c 4d 08 c8 eb 15 c0 d8 9b 0d
    ed 98 8d 79 52 40 b2 7b 9c 2b 86 6a 26 88 6d 80
    f4 98 28 d8 49 07 b5 82 0c 18 3e f3 35 00 8c 76
    10 1f f9 7a 6d bb cd 3c 48 23 9a 93 49 7b cb 59
    fb 24 a5 a9 e4 75 b0 88 13 9a 8b ac b8 6c cc 7e
    e2 9f ef 91 7c dc d8 94 57 a8 33 cd 39 48 a2 7b
    54 77 8a c4 2b 93 55 9b 53 ca 60 8a 0d 1d 91 ba
    c6 a1 77 d2 fa b9 34 fb c3 8b eb 1a 61 72 20 c7
    74 87 6b bc 2c 3d d1 34 9c 50 8d 4a 34 2d 94 cb
    a5 72 33 c7 82 c5 01 8d f1 3e 55 89 67 4a 36 c3
    86 a2 b3 5f 00 79 85 40 82 f9 c5 b4 b1 69 19 4e
    4b 84 75 25 7c 50 da 6b 99 92 af 5a 44 96 b6 92
    99 0e 83 54 1d d4 5a d7 3c be 47 c6 83 9d 32 7c
    91 55 4a 83 24 91 21 61 38 6a 7a 2d 20 d1 b3 e2
    71 7b 3d b2 bf e9 71 02 c9 b6 43 56 ab 36 43 c0
    2a 1e c2 5e d0 95 b4 c7 24 11 1c 45 38 6e b2 b7
    e3 62 7e 8d 71 33 63 56 4c e7 dd 96 f1 02 6c d7
    e0 a6 24 8d cf b9 1a 0c 0f ee 5d e5 99 82 87 34
    c8 0c 3e e4 02 3e e4 84 ed 62 d5 76 49 2c b4 bc
    74 07 8e c4 ef 8f 92 0a 4f c2 9d 08 68 30 42 06
    fe ee b8 8c 26 2a
<<< TLS 1.2, RecordHeader [length 0005]
    14 03 03 00 01
<<< TLS 1.3, ChangeCipherSpec [length 0001]
    01
<<< TLS 1.2, RecordHeader [length 0005]
    16 03 03 04 ba
<<< TLS 1.3, Handshake [length 04ba], ServerHello
    02 00 04 b6 03 03 68 17 9e 3d 7b c7 63 b8 c4 b9
    72 d8 e5 47 c7 de f8 7d 7e 76 40 2e 20 fc fe 9e
    20 75 29 80 52 27 20 d5 fb eb 00 f0 e8 06 47 c2
    e0 b7 54 85 a6 c0 aa 63 e8 46 5d eb 02 9a 94 03
    9f 12 d8 c1 80 be 1c 13 02 00 04 6e 00 2b 00 02
    03 04 00 33 04 64 11 ec 04 60 40 fd f3 6a da 4e
    6f b7 f5 a3 47 df 91 e4 e2 26 90 cb 07 62 95 fc
    2b c5 f5 3c ab d4 2b cf 2c 2e e1 8d 16 c0 93 0a
    77 18 d8 ed 2a 9a 3b b7 3f c1 20 1f 80 26 c5 87
    58 8a 8d 90 8e 86 58 92 90 6a 3c fa ed 95 e7 8d
    8e 62 b7 51 f3 ed e2 8b 65 8f ed 52 5e 7a e4 22
    37 31 a1 3d a5 0d a0 c5 de 7e e0 b3 17 b3 3d 93
    76 46 74 f5 ca ac 62 96 6e b4 c6 63 c0 64 0f 96
    e4 03 e3 4c 5d 0c 83 a4 b4 78 a7 48 09 be 95 bd
    6d 5d 25 23 d4 c9 15 1f c2 8d 09 56 ec 63 5a f5
    86 ef 30 f2 b5 a8 d8 24 49 48 a7 09 fd 56 5c 0e
    56 5c 94 b9 ff d3 48 96 30 19 0e 9e 0f 69 8d 3d
    1b 46 5a 3b 6e 41 93 07 3a 3c bb fc 8a 0d b7 21
    a7 49 df ba ae 9e c0 79 b0 e8 e6 7c ef 8e 60 52
    90 af 21 45 52 5b 2e ea 1f 49 53 8d e7 46 1d 29
    24 d0 b3 2f 17 03 ee 7d 4e 44 15 ff 95 4d f9 e9
    04 15 a3 34 b2 2b 34 a6 32 7a bb 36 62 e5 df 53
    37 6b 31 dc 6e 7c 01 f3 aa 24 7d f8 c7 0c 82 79
    91 c5 42 11 4c 91 83 7f cd 1c d3 3e ce d2 f5 b2
    9d 0f d8 4e 33 76 c8 d2 fa 30 db 3f 87 c1 82 a7
    85 36 23 49 62 b1 66 05 20 1f ef 42 f8 8b 28 ea
    6b bc 4b d7 64 ec d2 39 65 e6 96 95 92 ba 70 7e
    52 24 7d 50 73 ba bf 10 05 52 36 45 a6 ff 1e d4
    3a fd 06 93 d5 10 8a a6 bf 36 d9 8e d6 7f b5 14
    6d 1a 8d e6 85 81 86 f5 33 1e cc 45 05 08 e2 4e
    ad ba 23 e4 52 55 fe 3c 7b 7c 37 9b dd 44 33 5e
    35 4f 1b 55 d5 be 8d dd 60 43 7b 90 a4 03 55 c1
    a3 81 52 54 ee 12 63 53 a0 71 c0 9d f6 8b 97 a4
    9c d8 79 51 26 f2 53 49 95 8f 06 fe 05 ba 80 5c
    1c 58 82 6f a1 c7 27 5b 65 c4 8f 02 fe f2 9f 65
    ab bb f4 26 35 17 a2 10 b4 4b 4e 62 01 8b 09 ae
    a0 e9 90 19 17 34 a3 3c 7f 68 6b 92 dc c4 16 49
    1b 1a 8a 0c 3f f9 5a b4 d6 5a fc c3 d5 80 1b cc
    5c 9c 55 01 f3 d2 86 cb 75 dd 76 d6 b3 55 62 a7
    b1 ed 4f c4 6c 71 19 a7 e4 8c 2b e1 e0 3e e2 89
    8a e7 91 3f c9 f2 ac 34 fa 35 3b 61 2b cd 1a 2d
    61 39 29 a8 5f ec 76 21 f8 51 89 44 ab d3 82 a7
    e5 7d 3c 64 db c1 a8 7e 4e e7 90 ae 1d f5 ee e4
    26 b0 a4 26 5a a2 80 64 a8 fc 49 0f 26 64 a8 7b
    9a 3d 35 94 93 de 4f c8 be de f5 0f 08 42 ef b4
    52 a4 75 f7 99 d1 d1 48 a2 85 e1 3c 75 73 93 07
    61 7d 90 09 5d 85 14 b7 fb 6f 45 ca 8b 65 89 08
    99 1d cf 13 67 f7 1f f4 3a 4e eb 16 e7 3c 3a e2
    6d 5c e0 03 9e da 85 2f 0e 61 98 3c 22 1f 76 8d
    10 51 f1 d4 a0 af d9 72 06 bd c4 48 16 cc 8f 7e
    e6 48 73 30 0e ec a8 67 12 40 c8 07 b6 86 9b 5c
    c4 e3 fe bb c6 4d c5 9d 49 47 5c 91 04 29 25 ae
    4a e6 ae 4d 71 61 e6 d0 94 ec b9 ce 8b 98 67 20
    f4 df 28 da 36 74 e9 89 24 44 9c 42 81 60 a8 85
    38 dc f3 6e 2d 11 a7 27 c5 89 61 c0 73 94 54 bf
    be 5b 3c d9 4a b4 f3 fd 23 da 5f 93 4d 9e ba 0f
    22 70 e5 a1 06 34 2b 71 08 50 9b b1 17 b0 0d 52
    f1 6d cc ce 4b 04 1f 5d 3a a8 fe 68 4d ff 1c d9
    14 7f 70 73 a6 32 60 9b 86 85 2a b4 69 f0 75 40
    be bd 6b 45 e1 61 a1 cb 5f b6 69 93 c4 1d d1 5d
    a0 ab da 72 16 1a 5a 68 91 0a 9d 50 28 18 57 d3
    56 d9 1a cf 64 6d c4 47 53 c3 78 ad 55 f2 bc ae
    cd 3f e3 a7 d3 8c e7 d1 3b fa a0 af 03 a8 6b a6
    26 83 d0 0b 67 fa f9 4e 08 12 00 01 1c 5e b6 78
    7b fc 99 bd 25 8c 7c a4 0a f5 dc 24 81 bb 75 e2
    53 87 6e 98 69 c1 4f fe 34 97 95 02 87 f7 24 43
    89 27 31 5e 58 70 8a 30 c5 8b f8 0a b7 f3 69 c4
    81 59 c4 5e 61 85 a3 9b 83 b0 5d 58 55 4b 89 0d
    e3 83 d6 59 f0 f1 88 98 7a 7e f9 0d f3 60 07 04
    8e c7 c3 a9 5d 2d f1 65 40 ff 43 d3 c6 d3 a2 ff
    45 c3 ee 8a 93 a4 0d 71 81 d4 03 17 87 39 cb 3b
    4f 81 24 b6 0b c2 98 fd 52 3d 91 59 1e ac 05 dd
    a8 ca 9a 45 64 c8 b3 d3 98 67 5d 17 58 c0 08 3c
    7b bc 72 ff 50 98 d6 c8 67 67 69 bd ba 4e 41 31
    19 6b d4 b0 6e 82 ca 3b 5f b7 d7 a2 82 fb b0 ce
    2e 09 a3 38 c7 29 14 13 7b 3a
<<< TLS 1.2, RecordHeader [length 0005]
    17 03 03 00 17
<<< TLS 1.3, InnerContent [length 0001]
    16
<<< TLS 1.3, Handshake [length 0006], EncryptedExtensions
    08 00 00 02 00 00
<<< TLS 1.2, RecordHeader [length 0005]
    17 03 03 03 47
<<< TLS 1.3, InnerContent [length 0001]
    16
<<< TLS 1.3, Handshake [length 0336], Certificate
    0b 00 03 32 00 00 03 2e 00 03 29 30 82 03 25 30
    82 02 0d a0 03 02 01 02 02 01 02 30 0d 06 09 2a
    86 48 86 f7 0d 01 01 0b 05 00 30 12 31 10 30 0e
    06 03 55 04 03 0c 07 52 6f 6f 74 20 43 41 30 20
    17 0d 31 36 30 31 31 34 32 32 32 39 34 36 5a 18
    0f 32 31 31 36 30 31 31 35 32 32 32 39 34 36 5a
    30 19 31 17 30 15 06 03 55 04 03 0c 0e 73 65 72
    76 65 72 2e 65 78 61 6d 70 6c 65 30 82 01 22 30
    0d 06 09 2a 86 48 86 f7 0d 01 01 01 05 00 03 82
    01 0f 00 30 82 01 0a 02 82 01 01 00 d5 5d 60 6a
    df fc 61 ee 48 aa 8c 11 48 43 a5 6d b6 52 5d aa
    98 49 b1 61 92 35 b1 fc 3a 04 25 0c 6d 79 ff b4
    d5 c9 e9 5c 1c 3b e0 ab b3 b8 7d a3 de 6d bd e0
    dd d7 5a bf 14 47 11 42 5e a6 82 d0 61 c1 7f dd
    13 46 e6 09 85 07 0e f2 d4 fc 1a 64 d2 0a ad 20
    ab 20 6b 96 f0 ad cc c4 19 53 55 dc 01 1d a4 b3
    ef 8a b4 49 53 5d 8a 05 1c f1 dc e1 44 bf c5 d7
    e2 77 19 57 5c 97 0b 75 ee 88 43 71 0f ca 6c c1
    b4 b2 50 a7 77 46 6c 58 0f 11 bf f1 76 24 5a ae
    39 42 b7 51 67 29 e1 d0 55 30 6f 17 e4 91 ea ad
    f8 28 c2 43 6f a2 64 a9 fb 9d 98 92 62 48 3e eb
    0d 4f 82 4a 8a ff 3f 72 ee 96 b5 ae a1 c1 98 ba
    ef 7d 90 75 6d ff 5a 52 9e ab f5 c0 7e d0 87 43
    db 85 07 07 0f 7d 38 7a fd d1 d3 ee 65 1d d3 ea
    39 6a 87 37 ee 4a d3 e0 0d 6e f5 70 ac c2 bd f1
    6e f3 92 95 5e a9 f0 a1 65 95 93 8d 02 03 01 00
    01 a3 7d 30 7b 30 1d 06 03 55 1d 0e 04 16 04 14
    c0 e7 84 bf e8 59 27 33 10 b0 52 4f 51 52 2f 06
    d6 c0 7a cd 30 1f 06 03 55 1d 23 04 18 30 16 80
    14 70 7f 2e ae 83 68 59 98 04 23 2a cd eb 3e 17
    cd 24 dd 01 49 30 09 06 03 55 1d 13 04 02 30 00
    30 13 06 03 55 1d 25 04 0c 30 0a 06 08 2b 06 01
    05 05 07 03 01 30 19 06 03 55 1d 11 04 12 30 10
    82 0e 73 65 72 76 65 72 2e 65 78 61 6d 70 6c 65
    30 0d 06 09 2a 86 48 86 f7 0d 01 01 0b 05 00 03
    82 01 01 00 7b d3 04 43 75 8a 0f 11 ae c4 fb d7
    a1 a2 9e fe 20 18 d5 f4 2f 31 88 46 b6 75 8c ee
    e5 9b 97 a6 b9 a3 cd 60 9a 46 c3 48 97 e5 97 68
    f7 5a 86 35 73 d9 69 9e f9 5f 74 b9 e6 94 13 01
    cb 6a dc e3 c4 04 e9 65 da 9c a4 8b 28 f3 f9 9a
    7f bf 97 1f 45 92 e5 05 b1 56 e6 0b f6 47 de 1e
    89 b6 2b e1 4d df 4a 7e 01 d3 23 dc 97 8c 47 fe
    5f c7 cc 98 46 0e c4 83 5b ca 8a f1 52 09 be 6b
    ec 3f 09 8b d0 93 02 bf e1 51 e7 d1 7e 34 56 19
    74 d0 ff 28 25 de b7 9f 56 52 91 7d 20 29 85 0a
    80 44 5f 71 32 25 71 0f c2 16 e2 5f 6b 1d 3f 32
    5b 0a 3c 74 1c b9 62 f1 ed 07 50 a3 6d b4 b4 31
    0a c0 53 44 6a 3a 88 84 8b 2d a9 b0 37 8e e6 18
    36 bd 9a 20 40 0f 01 92 8b 3d aa 61 e7 ae 2c ed
    36 cd 3a 07 86 74 3a 29 b3 d7 3a b4 00 a9 c2 f5
    92 78 0e e2 0f a3 fe bb be e0 06 53 84 59 1d 90
    69 e5 b6 f9 00 00
<<< TLS 1.2, RecordHeader [length 0005]
    17 03 03 01 19
<<< TLS 1.3, InnerContent [length 0001]
    16
<<< TLS 1.3, Handshake [length 0108], CertificateVerify
    0f 00 01 04 08 04 01 00 7c 40 38 94 c3 40 90 1c
    b2 d0 98 61 6a 17 a1 bf 1c aa f4 f1 bf 0a 0b c4
    70 14 b5 84 70 55 28 4b 36 0c 79 24 9b 07 8b 71
    dc 57 5b 32 e6 a5 d2 01 f4 9d b3 b4 fd 92 70 c1
    c1 6f d2 8f 3a 86 5c 3e 35 e2 0c 96 66 1c 63 26
    a1 78 be dc 8c 5e bb 42 53 8f 53 f9 40 e0 06 1a
    4c 47 9a 9e e1 ab 99 da c4 46 60 6e 06 60 01 32
    e6 b2 7f a7 8d 0c 9b 24 3f 24 1f 7e a6 a0 e7 78
    4e 5d 7c 42 a9 f0 30 ab 3e 31 ef 67 e0 67 da 11
    c4 ff eb 10 11 b0 93 db 97 88 03 1e fb 69 68 5b
    48 02 29 d3 c1 9b 20 63 0f c2 25 a0 35 a1 c3 a4
    5d d6 25 10 f4 6a e3 48 5c 69 d3 ca 37 34 e3 58
    46 a7 49 29 3c e9 aa 2a 5f ca 07 02 c0 0a 02 d7
    8e 22 27 c5 c2 c0 6b 6d b6 24 08 af 2c 09 e1 81
    78 53 32 44 53 e6 d3 82 2b e6 a5 b7 73 53 ad 8b
    1d e4 a2 70 07 6f 57 dc 8c a7 74 53 95 05 c1 d3
    cb 87 3a 85 be f1 1f 79
<<< TLS 1.2, RecordHeader [length 0005]
    17 03 03 00 45
<<< TLS 1.3, InnerContent [length 0001]
    16
<<< TLS 1.3, Handshake [length 0034], Finished
    14 00 00 30 39 fa c6 ed d9 1c 0c ef e3 2f 73 7e
    16 9f 68 7c 8e c4 f4 fc fe 8b 48 11 17 7f 05 9f
    ef 09 f4 01 2d 11 5e 1c b9 29 4a a7 e5 d1 7b ab
    dc 1a 59 2a
>>> TLS 1.2, RecordHeader [length 0005]
    17 03 03 00 45
>>> TLS 1.2, InnerContent [length 0001]
    16
>>> TLS 1.3, Handshake [length 0034], Finished
    14 00 00 30 2d 26 39 cc 62 22 a6 b3 f2 98 06 65
    f8 e5 7f 9b e5 64 cc 50 00 9c 99 c9 aa 83 5f c7
    0b 46 23 09 70 4d cd 4f cf be 88 11 68 d1 0f bc
    eb 0f 83 a1
---
Certificate chain
 0 s:CN=server.example
   i:CN=Root CA
   a:PKEY: RSA, 2048 (bit); sigalg: sha256WithRSAEncryption
   v:NotBefore: Jan 14 22:29:46 2016 GMT; NotAfter: Jan 15 22:29:46 2116 GMT
---
Server certificate
-----BEGIN CERTIFICATE-----
MIIDJTCCAg2gAwIBAgIBAjANBgkqhkiG9w0BAQsFADASMRAwDgYDVQQDDAdSb290
IENBMCAXDTE2MDExNDIyMjk0NloYDzIxMTYwMTE1MjIyOTQ2WjAZMRcwFQYDVQQD
DA5zZXJ2ZXIuZXhhbXBsZTCCASIwDQYJKoZIhvcNAQEBBQADggEPADCCAQoCggEB
ANVdYGrf/GHuSKqMEUhDpW22Ul2qmEmxYZI1sfw6BCUMbXn/tNXJ6VwcO+Crs7h9
o95tveDd11q/FEcRQl6mgtBhwX/dE0bmCYUHDvLU/Bpk0gqtIKsga5bwrczEGVNV
3AEdpLPvirRJU12KBRzx3OFEv8XX4ncZV1yXC3XuiENxD8pswbSyUKd3RmxYDxG/
8XYkWq45QrdRZynh0FUwbxfkkeqt+CjCQ2+iZKn7nZiSYkg+6w1PgkqK/z9y7pa1
rqHBmLrvfZB1bf9aUp6r9cB+0IdD24UHBw99OHr90dPuZR3T6jlqhzfuStPgDW71
cKzCvfFu85KVXqnwoWWVk40CAwEAAaN9MHswHQYDVR0OBBYEFMDnhL/oWSczELBS
T1FSLwbWwHrNMB8GA1UdIwQYMBaAFHB/Lq6DaFmYBCMqzes+F80k3QFJMAkGA1Ud
EwQCMAAwEwYDVR0lBAwwCgYIKwYBBQUHAwEwGQYDVR0RBBIwEIIOc2VydmVyLmV4
YW1wbGUwDQYJKoZIhvcNAQELBQADggEBAHvTBEN1ig8RrsT716Ginv4gGNX0LzGI
RrZ1jO7lm5emuaPNYJpGw0iX5Zdo91qGNXPZaZ75X3S55pQTActq3OPEBOll2pyk
iyjz+Zp/v5cfRZLlBbFW5gv2R94eibYr4U3fSn4B0yPcl4xH/l/HzJhGDsSDW8qK
8VIJvmvsPwmL0JMCv+FR59F+NFYZdND/KCXet59WUpF9ICmFCoBEX3EyJXEPwhbi
X2sdPzJbCjx0HLli8e0HUKNttLQxCsBTRGo6iISLLamwN47mGDa9miBADwGSiz2q
YeeuLO02zToHhnQ6KbPXOrQAqcL1kngO4g+j/ru+4AZThFkdkGnltvk=
-----END CERTIFICATE-----
subject=CN=server.example
issuer=CN=Root CA
---
No client certificate CA names sent
Peer signing digest: SHA256
Peer signature type: rsa_pss_rsae_sha256
Negotiated TLS1.3 group: X25519MLKEM768
---
SSL handshake has read 2546 bytes and written 1702 bytes
Verification error: unable to verify the first certificate
---
New, TLSv1.3, Cipher is TLS_AES_256_GCM_SHA384
Protocol: TLSv1.3
Server public key is 2048 bit
This TLS version forbids renegotiation.
Compression: NONE
Expansion: NONE
No ALPN negotiated
Early data was not sent
Verify return code: 21 (unable to verify the first certificate)
---
>>> TLS 1.2, RecordHeader [length 0005]
    17 03 03 00 13
>>> TLS 1.2, InnerContent [length 0001]
    15
>>> TLS 1.3, Alert [length 0002], warning close_notify
    01 00
Connecting to 127.0.0.1
SSL_connect:before SSL initialization
SSL_connect:SSLv3/TLS write client hello
SSL_connect:SSLv3/TLS write client hello
SSL_connect:SSLv3/TLS read server hello
SSL_connect:SSLv3/TLS write change cipher spec
SSL_connect:SSLv3/TLS write client hello
SSL_connect:SSLv3/TLS write client hello
SSL_connect:SSLv3/TLS read server hello
Can't use SSL_get_servername
SSL_connect:TLSv1.3 read encrypted extensions
depth=0 CN=server.example
verify error:num=20:unable to get local issuer certificate
verify return:1
depth=0 CN=server.example
verify error:num=21:unable to verify the first certificate
verify return:1
depth=0 CN=server.example
verify return:1
SSL_connect:SSLv3/TLS read server certificate
SSL_connect:TLSv1.3 read server certificate verify
SSL_connect:SSLv3/TLS read finished
SSL_connect:SSLv3/TLS write finished
DONE
SSL3 alert write:warning:close notify
