CONNECTED(00000003)
>>> TLS 1.0, RecordHeader [length 0005]
    16 03 01 00 d6
>>> TLS 1.3, Handshake [length 00d6], ClientHello
    01 00 00 d2 03 03 76 b0 e7 67 1e cc 19 d6 cc 5b
    0e a9 56 dc 6d 63 28 9e 14 a1 e3 f4 fa 8b 59 7b
    4e 22 f2 fd 33 b2 20 85 79 02 f8 ef 4f 6b 34 9c
    19 cf 05 6c b8 81 d7 27 b3 49 e6 5f 88 ed 63 da
    a3 92 f4 eb 9a 26 0d 00 06 13 02 13 03 13 01 01
    00 00 83 00 0b 00 04 03 00 01 02 00 0a 00 06 00
    04 00 1d 11 ec 00 23 00 00 00 16 00 00 00 17 00
    00 00 0d 00 2a 00 28 09 05 09 06 09 04 04 03 05
    03 06 03 08 07 08 08 08 1a 08 1b 08 1c 08 09 08
    0a 08 0b 08 04 08 05 08 06 04 01 05 01 06 01 00
    2b 00 03 02 03 04 00 2d 00 02 01 01 00 33 00 26
    00 24 00 1d 00 20 09 27 ce 46 0c ea dd 23 4b 9e
    f4 f2 8f f7 37 96 fd b7 80 5a 62 01 52 62 c0 6b
    b3 02 1c 88 ac 25
<<< TLS 1.2, RecordHeader [length 0005]
    16 03 03 00 58
<<< TLS 1.3, Handshake [length 0058], ServerHello
    02 00 00 54 03 03 cf 21 ad 74 e5 9a 61 11 be 1d
    8c 02 1e 65 b8 91 c2 a2 11 16 7a bb 8c 5e 07 9e
    09 e2 c8 a8 33 9c 20 85 79 02 f8 ef 4f 6b 34 9c
    19 cf 05 6c b8 81 d7 27 b3 49 e6 5f 88 ed 63 da
    a3 92 f4 eb 9a 26 0d 13 02 00 00 0c 00 2b 00 02
    03 04 00 33 00 02 11 ec
>>> TLS 1.2, RecordHeader [length 0005]
    14 03 03 00 01
>>> TLS 1.3, ChangeCipherSpec [length 0001]
    01
>>> TLS 1.2, RecordHeader [length 0005]
    16 03 03 05 76
>>> TLS 1.3, Handshake [length 0576], ClientHello
    01 00 05 72 03 03 76 b0 e7 67 1e cc 19 d6 cc 5b
    0e a9 56 dc 6d 63 28 9e 14 a1 e3 f4 fa 8b 59 7b
    4e 22 f2 fd 33 b2 20 85 79 02 f8 ef 4f 6b 34 9c
    19 cf 05 6c b8 81 d7 27 b3 49 e6 5f 88 ed 63 da
    a3 92 f4 eb 9a 26 0d 00 06 13 02 13 03 13 01 01
    00 05 23 00 0b 00 04 03 00 01 02 00 0a 00 06 00
    04 00 1d 11 ec 00 23 00 00 00 16 00 00 00 17 00
    00 00 0d 00 2a 00 28 09 05 09 06 09 04 04 03 05
    03 06 03 08 07 08 08 08 1a 08 1b 08 1c 08 09 08
    0a 08 0b 08 04 08 05 08 06 04 01 05 01 06 01 00
    2b 00 03 02 03 04 00 2d 00 02 01 01 00 33 04 c6
    04 c4 11 ec 04 c0 9c b7 8c e3 4a 5d 47 43 a6 85
    b9 13 c1 b3 a6 b5 6c 7b 5b 42 7c 12 80 6e b8 67
    81 2f 32 08 1a eb 98 59 60 8d d1 60 5d c3 41 16
    43 6c a1 5f c1 32 c6 62 4c 96 a0 3a f5 d4 84 04
    78 5a 80 49 21 89 91 89 f8 a7 b6 97 90 af 3e 9c
    49 59 c1 9d ab da 91 ce 91 8a 35 84 4b 36 5b 4e
    9b 82 24 2e fc 39 9b 54 5a 65 b0 08 9b f8 ba 5f
    85 43 a0 3c b7 cb 99 73 0e 67 8b 1c 3c 7e 2b 47
    8b 0f 8b aa 3e d4 c0 d0 39 bc b3 b1 18 8c 77 cd
    07 9b 99 69 7a 70 eb 9c 3c 8f 90 50 4e ea c7 ee
    a5 12 4e 29 6f a5 09 a2 c0 d2 14 6e 98 0e 47 ec
    0f 0c 0a 2a 60 2c 95 42 83 71 c5 69 6b e6 8b 11
    a8 a4 6b c8 ba 3b b9 57 8b 68 93 31 6f d1 95 78
    51 8a 4d b3 c2 0a 26 cf b5 d4 23 9f 56 ac a4 73
    4e 38 86 5a 27 b0 30 da e5 3c e8 22 05 dd d2 2b
    00 a4 c4 d7 91 21 bd ac b7 92 6a 33 19 97 78 de
    4b 44 14 64 00 6c 77 05 e9 d8 69 61 fa a8 7a a7
    60 0e a9 2d 62 52 8a 87 80 b5 28 54 10 77 9b 7d
    6a 92 56 25 d3 1a ed 11 bc 4f 38 5c 8b b7 11 66
    d7 7e 2b 81 69 5f 80 5c d8 1a 46 d1 eb 15 8b 6a
    03 b7 37 21 00 c7 cc 07 a0 17 59 d9 95 9f 9a ba
    e8 e8 67 68 e0 1e ef 00 5e ee 3c 29 aa e6 c9 10
    d5 0b df 6c 8e 80 92 09 dd 85 98 d5 a7 8e 4d e2
    1c 2f 79 53 3d 5a cd 1e 3c 0a 4b 48 c3 f5 28 7b
    79 71 61 76 33 86 c2 7a 7a 73 d3 af 57 bc 58 bd
    24 08 59 50 7b 24 d1 1f cd 27 57 54 30 01 2b 47
    00 e9 e8 11 65 cc 6e e6 c5 2b aa a4 1f af d3 92
    42 59 cb cd 4a 22 1a 48 30 6f 79 4c 36 d6 ae c8
    71 3e d3 54 cd 25 b3 84 10 d8 21 bf b3 25 53 23
    0f e8 67 a1 a2 eb 0c e9 44 17 81 13 12 30 08 2d
    d8 35 33 38 17 a9 07 81 33 7d 1b 42 0b cc 5e 98
    b8 b6 e2 43 b5 e1 e5 0b ae f4 9f 01 f5 71 80 13
    35 7e 05 aa 76 11 45 65 70 b6 39 e5 69 be 26 cd
    a5 7a 28 81 17 77 0e 33 53 dc 89 6e 11 0b c2 5e
    04 c6 29 60 1b 4d 48 c1 bb d2 b2 c9 f2 83 e3 f6
    09 15 e0 44 41 68 34 45 07 4f 2f 33 43 f0 c4 02
    63 1b b5 94 bb 50 0a a3 31 fd c8 5b 47 c9 ba a9
    22 ab a1 f2 8b fa 98 72 1c e5 2d 55 5b 4d a1 cb
    18 8c 51 b3 c5 88 27 fd 9b 3b bd 64 80 75 75 23
    c6 f3 40 45 59 b5 54 33 58 89 89 51 38 da 01 35
    e6 50 1a 0a ba eb c1 5e d4 65 a8 04 95 3c a1 76
    36 61 b5 50 93 11 47 0e 37 83 88 f0 67 71 ca 61
    64 24 78 0f 45 2a 6d 85 9d e4 08 c0 a5 7c 48 11
    2b b2 12 65 7b 4d 91 00 1c 65 6a a5 82 85 b8 3c
    24 0c f8 41 62 d2 1c 3f 52 31 1e 2b 10 5f 48 68
    25 61 30 67 93 74 ae 76 24 cf e0 66 de aa 79 8d
    c8 b3 d8 50 95 f2 c8 35 20 41 16 1b 1b 74 9d fb
    93 ff db 8e 7b 58 15 0b a2 23 a7 04 94 b9 6a 96
    c5 ea 7c 49 cc be 43 4c 86 43 01 94 5b d1 3b d6
    f0 ce f4 0c 78 b6 12 b1 34 d3 22 51 71 b0 78 69
    3a b9 e7 05 44 a9 1e f4 c6 3b 35 05 0b 0e 56 8d
    21 61 67 95 b2 c4 91 85 5f 98 65 62 b3 9a 36 62
    4a 35 b5 27 a6 3f ab 9a c6 29 02 93 7c 0f 46 45
    3e dc 50 8f e8 da 03 7f 66 9f c5 26 1c f6 e2 09
    81 37 be ed 72 cf 37 9b 50 9a f9 32 41 ec 56 2c
    18 83 b9 eb 9e c9 62 ae 64 aa 69 cd 44 72 a5 70
    6e 96 69 6e bb 86 9f 7a 34 38 e1 7a c0 23 10 c3
    87 6c 55 d8 87 11 01 78 74 6b f5 3e d4 b6 32 fc
    51 88 69 75 8d 1a f4 af ed a6 63 4a 90 67 43 47
    46 01 73 14 d9 37 50 9e 10 05 53 12 ac 9d 11 c8
    3e 33 4d 6f b3 c4 a8 6a cb aa 39 6d 3c 67 ce 47
    43 22 a0 db 0d 02 58 5e c8 61 6d 35 69 41 f1 b4
    89 13 85 17 61 80 77 31 47 ce 3c a0 14 a7 10 7d
    c8 84 33 da c5 8d 21 c9 ab 28 c2 76 45 c4 02 c0
    d1 30 24 c6 a2 6a 0b 4a 86 aa 8c b5 29 88 04 a5
    47 36 33 1d 4a a0 6e b8 28 5c 95 da 75 dc 30 59
    c7 cb b8 23 01 9d 49 3b 0b 57 5a 91 62 fa 00 4c
    4a cd fe c9 8b 80 1c 62 0f 12 cc 05 43 81 22 b7
    53 54 54 27 38 a1 50 94 74 23 08 b8 75 62 55 01
    5e 97 61 38 a3 32 3d 38 69 ab 3b 0e 3f 13 7e 09
    26 71 8b b0 ab 16 4c 15 36 d7 34 13 87 89 d9 4b
    c1 f4 f7 28 6d e3 1f 11 e3 98 a7 12 55 05 e5 b1
    19 b8 67 27 94 5d 9a 58 6e 1c fc bf a1 95 2f d4
    d6 ca ab 71 f8 1e 4a 4c d0 a8 7d 25 92 72 78 7a
    b4 75 c8 bf 95 69 4b a3 f8 c1 c1 ff 77 16 0c 7e
    42 cb c7 8e 51 f7 cf 4c df bc bd 24 7d b5 86 d9
    34 4a fa 44 1b 3e
<<< TLS 1.2, RecordHeader [length 0005]
    14 03 03 00 01
<<< TLS 1.3, ChangeCipherSpec [length 0001]
    01
<<< TLS 1.2, RecordHeader [length 0005]
    16 03 03 04 ba
<<< TLS 1.3, Handshake [length 04ba], ServerHello
    02 00 04 b6 03 03 2d 15 8e c3 b0 a0 42 7b 7b 7f
    53 b0 37 b6 5a d5 34 d3 b8 c7 3c e4 1e e3 9c 77
    9a 2a 6b 6a 42 72 20 85 79 02 f8 ef 4f 6b 34 9c
    19 cf 05 6c b8 81 d7 27 b3 49 e6 5f 88 ed 63 da
    a3 92 f4 eb 9a 26 0d 13 02 00 04 6e 00 2b 00 02
    03 04 00 33 04 64 11 ec 04 60 34 1b 8e e7 eb 42
    41 41 47 b9 cb 31 05 70 43 11 a9 6e a9 62 98 76
    5b e9 82 ab ee df 67 dd 7f 3f a4 82 6d 66 d5 6d
    89 b4 26 b4 78 ae 24 23 f2 a7 7d 80 18 ac b8 56
    22 f9 76 6f 49 93 38 e2 4d 14 7b 4f 17 3a ac 59
    2a 1c 9b be fd da 87 b4 2d 42 d0 a4 37 34 df 12
    60 60 ba b8 5d 51 f1 4d a1 14 ad 9a 46 fd ad 10
    27 31 69 d1 ed 8d c9 dd 79 2d 61 fc 29 0f 05 fa
    c3 38 52 10 ca ed d2 16 4c 1b fe 3d 9e de 9c 4e
    17 3b de a1 8c 05 32 9a 22 67 51 21 bf 17 af 68
    4a c7 57 1c 25 4b 97 f3 cd cd d2 79 1f 40 91 24
    dd 7d a5 2b 1a de cb 3d 38 67 27 99 3b b5 b7 2f
    d2 4d f8 13 0f c6 82 ae 67 13 fc cf 4c ca 3a bf
    78 55 51 ef da 1c c0 65 bb 9c 5b 45 dc 4d a7 98
    fd 5a 12 c7 6f 33 38 42 f6 a4 7c 4f e9 76 0b 01
    37 9d 11 e1 03 82 67 41 e5 f1 22 7a 74 78 19 0d
    85 54 52 96 d0 11 2c 86 b6 fb a4 fc 46 5f 97 1e
    1a e0 b8 80 98 fd 24 b2 05 f3 84 49 e4 df a6 a2
    76 ec c5 88 55 cf 91 7b 95 9e f1 af 76 07 1b 17
    aa 25 51 28 03 07 0f 6a 92 88 3a c2 03 84 ca d9
    6c 62 60 a5 6d 55 4f d9 58 c5 a2 8c b6 cb c0 5f
    d5 d9 aa 8d b0 35 a8 80 d3 d0 ab ff 41 f3 3b 1d
    47 7f ac b6 7a 23 2e 72 6e 94 9c 37 e9 f3 66 66
    73 c0 80 a2 2d c3 30 41 a9 c7 ce d5 e2 5b 83 bc
    28 22 a5 28 a5 c2 e7 bd 16 47 9c e2 50 52 55 de
    55 ca b7 96 4a 4b 16 3d 3b 0e 13 cd c9 d6 06 d5
    32 5b d0 b5 d0 ea 00 20 21 d6 79 92 b3 01 2f a3
    6a f0 36 25 59 0e e6 37 2a 0e b4 d3 2c 7b ff 7c
    2b 42 f6 91 00 3f 8a 6f 6c f0 af 0e 5b 95 ce e1
    dd 84 1b f0 c0 38 f7 05 04 33 0d 94 15 8d af 29
    a8 09 3a 77 3e 64 a6 16 88 05 78 dc c8 97 89 db
    ec 1c e2 1b 2d 28 ec 7e e6 56 52 60 a3 f5 9a 8d
    89 06 17 76 4c 32 c9 73 ca ba 09 b5 a7 e0 68 d0
    d4 68 77 1f cc 17 b4 d2 61 64 86 53 96 dd 89 f5
    58 c6 1e 75 70 9d 73 d6 07 26 51 d1 c3 f6 db 2e
    7a ed 6b 38 27 0f e1 24 be cd a1 25 1c c3 85 86
    0a 5b 45 de 5b 86 d0 59 2f 9e 4c 3a 92 d6 f9 64
    12 f9 e7 04 8f 29 c7 79 17 29 b9 98 cf 26 35 de
    88 5f 89 98 dc 8b 92 65 9d 83 7a 32 4e 23 9a 0c
    3d d8 51 59 33 1e f8 65 ce eb b4 76 4c 0b 9a 50
    72 b8 c0 a2 29 a4 2a 27 56 94 ef c8 c5 3d ac ce
    a9 ee af 71 ce 72 a5 a8 23 1c 98 99 ef 2d c7 a5
    f7 80 e1 76 ca ca 37 7b 5c 19 5e 14 3c 9a 75 c6
    cc 21 fd 4f 29 87 59 7d eb 30 f3 f9 8d 54 43 73
    1e dc 3d e2 50 cf 99 96 5e bf 27 c7 42 77 53 5d
    4c 98 02 05 1d 76 37 1b 73 ed 58 31 cc 4f 12 d3
    54 4f 74 48 3b b1 5b 69 94 8c 77 1a 88 9d a5 e3
    f5 5a 04 32 41 8c 4a bd ca 6d b6 dc cf 77 e3 41
    a3 f6 e5 2e 80 c8 4f 33 d4 1f 2b 5d fa 37 24 92
    55 00 05 48 c7 6c f4 c7 72 79 ab 8b 4c 93 45 08
    4b 5f 51 3c 8a 39 dd 65 ac ff 3b f7 ae dd af 24
    50 f3 52 2c 3f 5c 44 60 1c 6b 3f 7f 68 c7 94 fe
    eb 28 a0 3a ed da 89 70 2c cd a1 b5 0f 0d 4c 03
    0c ad 22 a9 dc 97 82 ae 93 5f 72 29 40 5c 97 41
    bd 21 b1 b8 6c 89 99 3b 6c 44 05 02 e6 30 88 ee
    23 19 88 82 72 43 a1 66 06 91 02 c4 d4 fe c8 71
    c2 e0 3e 94 88 8b 21 5c 6c 6c 76 68 38 39 9d 6b
    49 d1 11 79 72 37 36 42 d3 6a 19 a5 cc e1 e6 58
    e4 cc 7e e6 93 91 40 52 a6 d3 c9 68 72 ff c9 11
    f3 b4 25 3e 53 4e c7 2b 71 5d 04 d7 ce 23 a2 de
    8d b0 84 df c1 7d d9 06 0f 6c b4 f0 43 54 7c 48
    6b 43 96 72 57 c7 e8 eb aa 7e c7 1e cf af 5b 15
    3b 21 b4 c5 82 95 d4 55 e6 6e 45 90 39 dd 3b 79
    ee 55 e4 95 22 3a 24 7c 8f 73 a3 78 b0 17 6c 5b
    ab 8f 24 ec 55 0f 2c 3b 3c f3 10 9a 87 87 19 68
    ea db 72 9f a7 58 02 2c af 6e 16 b5 cd 5b 58 bd
    0b 9c f4 14 d2 9d 52 95 b2 d4 b2 08 c9 16 0a 1c
    48 d1 a4 2d a9 e9 1a 4d 53 a2 55 25 81 68 cd e8
    d4 6a 26 3e a2 27 bd 00 23 46 6d 40 75 2b a2 10
    9d f6 0f a7 1e 95 5f 67 94 bd 31 55 42 aa ad e7
    6c 78 cd b4 a6 c8 82 41 47 63
<<< TLS 1.2, RecordHeader [length 0005]
    17 03 03 00 17
<<< TLS 1.3, InnerContent [length 0001]
    16
<<< TLS 1.3, Handshake [length 0006], EncryptedExtensions
    08 00 00 02 00 00
<<< TLS 1.2, RecordHeader [length 0005]
    17 03 03 03 47
<<< TLS 1.3, InnerContent [length 0001]
    16
<<< TLS 1.3, Handshake [length 0336], Certificate
    0b 00 03 32 00 00 03 2e 00 03 29 30 82 03 25 30
    82 02 0d a0 03 02 01 02 02 01 02 30 0d 06 09 2a
    86 48 86 f7 0d 01 01 0b 05 00 30 12 31 10 30 0e
    06 03 55 04 03 0c 07 52 6f 6f 74 20 43 41 30 20
    17 0d 31 36 30 31 31 34 32 32 32 39 34 36 5a 18
    0f 32 31 31 36 30 31 31 35 32 32 32 39 34 36 5a
    30 19 31 17 30 15 06 03 55 04 03 0c 0e 73 65 72
    76 65 72 2e 65 78 61 6d 70 6c 65 30 82 01 22 30
    0d 06 09 2a 86 48 86 f7 0d 01 01 01 05 00 03 82
    01 0f 00 30 82 01 0a 02 82 01 01 00 d5 5d 60 6a
    df fc 61 ee 48 aa 8c 11 48 43 a5 6d b6 52 5d aa
    98 49 b1 61 92 35 b1 fc 3a 04 25 0c 6d 79 ff b4
    d5 c9 e9 5c 1c 3b e0 ab b3 b8 7d a3 de 6d bd e0
    dd d7 5a bf 14 47 11 42 5e a6 82 d0 61 c1 7f dd
    13 46 e6 09 85 07 0e f2 d4 fc 1a 64 d2 0a ad 20
    ab 20 6b 96 f0 ad cc c4 19 53 55 dc 01 1d a4 b3
    ef 8a b4 49 53 5d 8a 05 1c f1 dc e1 44 bf c5 d7
    e2 77 19 57 5c 97 0b 75 ee 88 43 71 0f ca 6c c1
    b4 b2 50 a7 77 46 6c 58 0f 11 bf f1 76 24 5a ae
    39 42 b7 51 67 29 e1 d0 55 30 6f 17 e4 91 ea ad
    f8 28 c2 43 6f a2 64 a9 fb 9d 98 92 62 48 3e eb
    0d 4f 82 4a 8a ff 3f 72 ee 96 b5 ae a1 c1 98 ba
    ef 7d 90 75 6d ff 5a 52 9e ab f5 c0 7e d0 87 43
    db 85 07 07 0f 7d 38 7a fd d1 d3 ee 65 1d d3 ea
    39 6a 87 37 ee 4a d3 e0 0d 6e f5 70 ac c2 bd f1
    6e f3 92 95 5e a9 f0 a1 65 95 93 8d 02 03 01 00
    01 a3 7d 30 7b 30 1d 06 03 55 1d 0e 04 16 04 14
    c0 e7 84 bf e8 59 27 33 10 b0 52 4f 51 52 2f 06
    d6 c0 7a cd 30 1f 06 03 55 1d 23 04 18 30 16 80
    14 70 7f 2e ae 83 68 59 98 04 23 2a cd eb 3e 17
    cd 24 dd 01 49 30 09 06 03 55 1d 13 04 02 30 00
    30 13 06 03 55 1d 25 04 0c 30 0a 06 08 2b 06 01
    05 05 07 03 01 30 19 06 03 55 1d 11 04 12 30 10
    82 0e 73 65 72 76 65 72 2e 65 78 61 6d 70 6c 65
    30 0d 06 09 2a 86 48 86 f7 0d 01 01 0b 05 00 03
    82 01 01 00 7b d3 04 43 75 8a 0f 11 ae c4 fb d7
    a1 a2 9e fe 20 18 d5 f4 2f 31 88 46 b6 75 8c ee
    e5 9b 97 a6 b9 a3 cd 60 9a 46 c3 48 97 e5 97 68
    f7 5a 86 35 73 d9 69 9e f9 5f 74 b9 e6 94 13 01
    cb 6a dc e3 c4 04 e9 65 da 9c a4 8b 28 f3 f9 9a
    7f bf 97 1f 45 92 e5 05 b1 56 e6 0b f6 47 de 1e
    89 b6 2b e1 4d df 4a 7e 01 d3 23 dc 97 8c 47 fe
    5f c7 cc 98 46 0e c4 83 5b ca 8a f1 52 09 be 6b
    ec 3f 09 8b d0 93 02 bf e1 51 e7 d1 7e 34 56 19
    74 d0 ff 28 25 de b7 9f 56 52 91 7d 20 29 85 0a
    80 44 5f 71 32 25 71 0f c2 16 e2 5f 6b 1d 3f 32
    5b 0a 3c 74 1c b9 62 f1 ed 07 50 a3 6d b4 b4 31
    0a c0 53 44 6a 3a 88 84 8b 2d a9 b0 37 8e e6 18
    36 bd 9a 20 40 0f 01 92 8b 3d aa 61 e7 ae 2c ed
    36 cd 3a 07 86 74 3a 29 b3 d7 3a b4 00 a9 c2 f5
    92 78 0e e2 0f a3 fe bb be e0 06 53 84 59 1d 90
    69 e5 b6 f9 00 00
<<< TLS 1.2, RecordHeader [length 0005]
    17 03 03 01 19
<<< TLS 1.3, InnerContent [length 0001]
    16
<<< TLS 1.3, Handshake [length 0108], CertificateVerify
    0f 00 01 04 08 04 01 00 4b bf f6 84 88 02 8e fc
    a0 c7 ef c1 2a c2 15 16 c6 56 2c 7a 9c 32 14 f2
    46 46 a2 4e 66 5b 39 18 f4 a7 0a 4d 1d af da 1b
    63 3a 0e 8a 30 fa 37 d9 98 61 58 60 05 bd ed 1d
    ba bf b1 c6 a3 49 a2 cd 8d ba 46 e7 12 c1 da 1d
    53 b9 b3 b9 d0 1a 9a bf 88 2b 6f 26 13 83 e9 da
    87 a8 b3 7f 68 8e 49 f0 04 de 6d 1e 3d df 46 5a
    fc 95 85 9c 76 89 c8 f6 ce 7c 0c a7 e2 06 3e bf
    22 ce b4 3d ef f9 78 0b f0 7e bd 66 9c c7 9d 2f
    09 1e f5 e0 d8 6b 9e 86 5b d7 59 4b b8 5a 5c 01
    e2 36 25 5b 77 80 f3 4b fa 1c 1b 12 cb 9f 15 fb
    b4 a5 9b b6 a6 69 e3 94 50 5d 88 a6 ff 51 f2 60
    07 8f 96 c4 e3 2d 1f 49 bf 0d af 59 83 e7 97 12
    76 88 ab 4e 10 a4 c8 57 58 46 dd 2e 69 99 dc 5b
    ba f1 60 34 67 e5 d0 88 88 13 da ee f1 65 13 ad
    89 f7 2b 64 83 e2 11 2b 2e 72 0b 44 22 cf de 47
    c3 b5 e3 05 00 f4 a7 40
<<< TLS 1.2, RecordHeader [length 0005]
    17 03 03 00 45
<<< TLS 1.3, InnerContent [length 0001]
    16
<<< TLS 1.3, Handshake [length 0034], Finished
    14 00 00 30 73 ce 78 12 e4 20 fe 05 0d e2 fe d1
    5d 0a 51 38 66 81 74 59 c9 25 92 1f 19 bf 4f 8f
    bf db e3 db fa d6 e5 6a 46 d4 6f 0d a3 c8 79 65
    86 b5 a0 16
>>> TLS 1.2, RecordHeader [length 0005]
    17 03 03 00 45
>>> TLS 1.2, InnerContent [length 0001]
    16
>>> TLS 1.3, Handshake [length 0034], Finished
    14 00 00 30 2c ef 15 a1 87 40 9b 96 5b 8e 8f f9
    b7 9d ff 17 df 1f 96 c6 36 b4 db ce be c1 45 a3
    41 0a 68 3f 22 b5 c6 c2 01 b6 4b eb ea bb 43 e0
    d4 e6 3b 09
---
Certificate chain
 0 s:CN=server.example
   i:CN=Root CA
   a:PKEY: RSA, 2048 (bit); sigalg: sha256WithRSAEncryption
   v:NotBefore: Jan 14 22:29:46 2016 GMT; NotAfter: Jan 15 22:29:46 2116 GMT
---
Server certificate
-----BEGIN CERTIFICATE-----
MIIDJTCCAg2gAwIBAgIBAjANBgkqhkiG9w0BAQsFADASMRAwDgYDVQQDDAdSb290
IENBMCAXDTE2MDExNDIyMjk0NloYDzIxMTYwMTE1MjIyOTQ2WjAZMRcwFQYDVQQD
DA5zZXJ2ZXIuZXhhbXBsZTCCASIwDQYJKoZIhvcNAQEBBQADggEPADCCAQoCggEB
ANVdYGrf/GHuSKqMEUhDpW22Ul2qmEmxYZI1sfw6BCUMbXn/tNXJ6VwcO+Crs7h9
o95tveDd11q/FEcRQl6mgtBhwX/dE0bmCYUHDvLU/Bpk0gqtIKsga5bwrczEGVNV
3AEdpLPvirRJU12KBRzx3OFEv8XX4ncZV1yXC3XuiENxD8pswbSyUKd3RmxYDxG/
8XYkWq45QrdRZynh0FUwbxfkkeqt+CjCQ2+iZKn7nZiSYkg+6w1PgkqK/z9y7pa1
rqHBmLrvfZB1bf9aUp6r9cB+0IdD24UHBw99OHr90dPuZR3T6jlqhzfuStPgDW71
cKzCvfFu85KVXqnwoWWVk40CAwEAAaN9MHswHQYDVR0OBBYEFMDnhL/oWSczELBS
T1FSLwbWwHrNMB8GA1UdIwQYMBaAFHB/Lq6DaFmYBCMqzes+F80k3QFJMAkGA1Ud
EwQCMAAwEwYDVR0lBAwwCgYIKwYBBQUHAwEwGQYDVR0RBBIwEIIOc2VydmVyLmV4
YW1wbGUwDQYJKoZIhvcNAQELBQADggEBAHvTBEN1ig8RrsT716Ginv4gGNX0LzGI
RrZ1jO7lm5emuaPNYJpGw0iX5Zdo91qGNXPZaZ75X3S55pQTActq3OPEBOll2pyk
iyjz+Zp/v5cfRZLlBbFW5gv2R94eibYr4U3fSn4B0yPcl4xH/l/HzJhGDsSDW8qK
8VIJvmvsPwmL0JMCv+FR59F+NFYZdND/KCXet59WUpF9ICmFCoBEX3EyJXEPwhbi
X2sdPzJbCjx0HLli8e0HUKNttLQxCsBTRGo6iISLLamwN47mGDa9miBADwGSiz2q
YeeuLO02zToHhnQ6KbPXOrQAqcL1kngO4g+j/ru+4AZThFkdkGnltvk=
-----END CERTIFICATE-----
subject=CN=server.example
issuer=CN=Root CA
---
No client certificate CA names sent
Peer signing digest: SHA256
Peer signature type: rsa_pss_rsae_sha256
Negotiated TLS1.3 group: X25519MLKEM768
---
SSL handshake has read 2546 bytes and written 1702 bytes
Verification error: unable to verify the first certificate
---
New, TLSv1.3, Cipher is TLS_AES_256_GCM_SHA384
Protocol: TLSv1.3
Server public key is 2048 bit
This TLS version forbids renegotiation.
Compression: NONE
Expansion: NONE
No ALPN negotiated
Early data was not sent
Verify return code: 21 (unable to verify the first certificate)
---
<<< TLS 1.2, RecordHeader [length 0005]
    17 03 03 00 fa
<<< TLS 1.3, InnerContent [length 0001]
    16
<<< TLS 1.3, Handshake [length 00e9], NewSessionTicket
    04 00 00 e5 00 00 1c 20 66 bb 47 83 08 00 00 00
    00 00 00 00 00 00 d0 c5 89 78 81 df 73 fb 8d b1
    c0 ae f4 d2 af 9a 19 b8 e9 66 64 65 cb 38 5d 09
    16 04 a9 96 2b 07 56 c6 15 36 27 ef f0 32 46 85
    df cb 18 fe d4 ab 92 cc a7 1b f0 87 88 d2 0c c0
    f8 ae ad 66 de f7 02 b8 92 40 6e 11 a6 02 78 0e
    ab 83 55 33 16 1d 00 1c 14 5b e9 18 77 cd 90 f3
    4d a3 f0 b8 ad 50 e9 33 55 48 07 dc 83 9c e2 6b
    47 d2 1b d6 ce c6 c6 b5 37 c1 71 51 3c 84 67 b0
    01 2f ca 70 70 18 43 89 b4 10 7d 03 70 f5 33 4e
    6e 74 4f 76 22 fc f7 49 77 0a 46 94 ff 71 0e 8f
    ac 3d e0 9c 18 8c 23 58 68 42 e4 91 6a c3 a1 b5
    dd d9 f6 c2 31 0b 53 30 e8 7e 35 14 38 98 4d b1
    e6 63 3f 18 c6 0b a0 35 22 f2 e5 27 c8 35 e4 c4
    80 c5 80 9a 42 06 fd 00 00
---
Post-Handshake New Session Ticket arrived:
SSL-Session:
    Protocol  : TLSv1.3
    Cipher    : TLS_AES_256_GCM_SHA384
    Session-ID: 71CE7075CA46103EF4139A66214D9C88A24A63E018193667800AAB80C2E63DDC
    Session-ID-ctx: 
    Resumption PSK: 3348BA2F2CE8B0CC849D72F218B6E13B153123E906C258643D662F9EAF996ECC60753B16906D74BDF54D53E184D4E26F
    PSK identity: None
    PSK identity hint: None
    SRP username: None
    TLS session ticket lifetime hint: 7200 (seconds)
    TLS session ticket:
    0000 - c5 89 78 81 df 73 fb 8d-b1 c0 ae f4 d2 af 9a 19   ..x..s..........
    0010 - b8 e9 66 64 65 cb 38 5d-09 16 04 a9 96 2b 07 56   ..fde.8].....+.V
    0020 - c6 15 36 27 ef f0 32 46-85 df cb 18 fe d4 ab 92   ..6'..2F........
    0030 - cc a7 1b f0 87 88 d2 0c-c0 f8 ae ad 66 de f7 02   ............f...
    0040 - b8 92 40 6e 11 a6 02 78-0e ab 83 55 33 16 1d 00   ..@n...x...U3...
    0050 - 1c 14 5b e9 18 77 cd 90-f3 4d a3 f0 b8 ad 50 e9   ..[..w...M....P.
    0060 - 33 55 48 07 dc 83 9c e2-6b 47 d2 1b d6 ce c6 c6   3UH.....kG......
    0070 - b5 37 c1 71 51 3c 84 67-b0 01 2f ca 70 70 18 43   .7.qQ<.g../.pp.C
    0080 - 89 b4 10 7d 03 70 f5 33-4e 6e 74 4f 76 22 fc f7   ...}.p.3NntOv"..
    0090 - 49 77 0a 46 94 ff 71 0e-8f ac 3d e0 9c 18 8c 23   Iw.F..q...=....#
    00a0 - 58 68 42 e4 91 6a c3 a1-b5 dd d9 f6 c2 31 0b 53   XhB..j.......1.S
    00b0 - 30 e8 7e 35 14 38 98 4d-b1 e6 63 3f 18 c6 0b a0   0.~5.8.M..c?....
    00c0 - 35 22 f2 e5 27 c8 35 e4-c4 80 c5 80 9a 42 06 fd   5"..'.5......B..

    Start Time: 1790579741
    Timeout   : 7200 (sec)
    Verify return code: 21 (unable to verify the first certificate)
    Extended master secret: no
    Max Early Data: 0
---
read R BLOCK
<<< TLS 1.2, RecordHeader [length 0005]
    17 03 03 00 fa
<<< TLS 1.3, InnerContent [length 0001]
    16
<<< TLS 1.3, Handshake [length 00e9], NewSessionTicket
    04 00 00 e5 00 00 1c 20 ba 99 a2 99 08 00 00 00
    00 00 00 00 01 00 d0 c5 89 78 81 df 73 fb 8d b1
    c0 ae f4 d2 af 9a 19 e0 c3 c0 69 5d 61 60 86 41
    c1 a9 4f 41 3a f2 b3 25 2a 24 2d ab eb c7 ed 03
    e0 50 43 81 08 e7 63 b0 57 ac f3 5b 9a e7 87 36
    4e 90 06 18 c2 a8 50 cc 90 5c ab 2e 6f b7 70 e7
    27 a7 b1 01 71 b9 75 5b 7b 4c 91 84 4b 70 fe 6f
    a7 bc 46 50 a2 48 6b a3 70 f7 95 d7 95 da c9 6d
    42 4f 35 76 ed 6e 06 38 bb de 35 e3 50 08 5b 18
    7d e2 1f b1 8d 01 39 9d f6 83 5d 0f bd 5f 3b a6
    d1 ac cc 79 54 4d ca a2 8b df 0a 16 fc b2 e2 89
    bb 60 91 b1 c3 39 88 ae 63 84 9f 1e 26 28 be 94
    36 2f 46 a2 5b 7a 21 b9 e7 b8 eb cf ce 92 95 07
    7e a6 c8 2c 7d 3f 67 9c da 20 6f f4 f5 87 6b 9f
    8e bf 9a 76 c4 12 2f 00 00
---
Post-Handshake New Session Ticket arrived:
SSL-Session:
    Protocol  : TLSv1.3
    Cipher    : TLS_AES_256_GCM_SHA384
    Session-ID: D39C6C0F3E62411F6993974BEA4C43D7C4F6C03DBF5A7E3A74CEC37CA59DB518
    Session-ID-ctx: 
    Resumption PSK: 86347955CAADF91DFB0CBD8B460A19EEC53D5730B9DD6EB431A9B9C57FDBF181E0C3456593217494F593CBE0F6539B7C
    PSK identity: None
    PSK identity hint: None
    SRP username: None
    TLS session ticket lifetime hint: 7200 (seconds)
    TLS session ticket:
    0000 - c5 89 78 81 df 73 fb 8d-b1 c0 ae f4 d2 af 9a 19   ..x..s..........
    0010 - e0 c3 c0 69 5d 61 60 86-41 c1 a9 4f 41 3a f2 b3   ...i]a`.A..OA:..
    0020 - 25 2a 24 2d ab eb c7 ed-03 e0 50 43 81 08 e7 63   %*$-......PC...c
    0030 - b0 57 ac f3 5b 9a e7 87-36 4e 90 06 18 c2 a8 50   .W..[...6N.....P
    0040 - cc 90 5c ab 2e 6f b7 70-e7 27 a7 b1 01 71 b9 75   ..\..o.p.'...q.u
    0050 - 5b 7b 4c 91 84 4b 70 fe-6f a7 bc 46 50 a2 48 6b   [{L..Kp.o..FP.Hk
    0060 - a3 70 f7 95 d7 95 da c9-6d 42 4f 35 76 ed 6e 06   .p......mBO5v.n.
    0070 - 38 bb de 35 e3 50 08 5b-18 7d e2 1f b1 8d 01 39   8..5.P.[.}.....9
    0080 - 9d f6 83 5d 0f bd 5f 3b-a6 d1 ac cc 79 54 4d ca   ...].._;....yTM.
    0090 - a2 8b df 0a 16 fc b2 e2-89 bb 60 91 b1 c3 39 88   ..........`...9.
    00a0 - ae 63 84 9f 1e 26 28 be-94 36 2f 46 a2 5b 7a 21   .c...&(..6/F.[z!
    00b0 - b9 e7 b8 eb cf ce 92 95-07 7e a6 c8 2c 7d 3f 67   .........~..,}?g
    00c0 - 9c da 20 6f f4 f5 87 6b-9f 8e bf 9a 76 c4 12 2f   .. o...k....v../

    Start Time: 1790579741
    Timeout   : 7200 (sec)
    Verify return code: 21 (unable to verify the first certificate)
    Extended master secret: no
    Max Early Data: 0
---
read R BLOCK
>>> TLS 1.2, RecordHeader [length 0005]
    17 03 03 00 13
>>> TLS 1.2, InnerContent [length 0001]
    15
>>> TLS 1.3, Alert [length 0002], warning close_notify
    01 00
Connecting to 127.0.0.1
SSL_connect:before SSL initialization
SSL_connect:SSLv3/TLS write client hello
SSL_connect:SSLv3/TLS write client hello
SSL_connect:SSLv3/TLS read server hello
SSL_connect:SSLv3/TLS write change cipher spec
SSL_connect:SSLv3/TLS write client hello
SSL_connect:SSLv3/TLS write client hello
SSL_connect:SSLv3/TLS read server hello
Can't use SSL_get_servername
SSL_connect:TLSv1.3 read encrypted extensions
depth=0 CN=server.example
verify error:num=20:unable to get local issuer certificate
verify return:1
depth=0 CN=server.example
verify error:num=21:unable to verify the first certificate
verify return:1
depth=0 CN=server.example
verify return:1
SSL_connect:SSLv3/TLS read server certificate
SSL_connect:TLSv1.3 read server certificate verify
SSL_connect:SSLv3/TLS read finished
SSL_connect:SSLv3/TLS write finished
SSL_connect:SSL negotiation finished successfully
SSL_connect:SSL negotiation finished successfully
SSL_connect:SSLv3/TLS read server session ticket
SSL_connect:SSL negotiation finished successfully
SSL_connect:SSL negotiation finished successfully
SSL_connect:SSLv3/TLS read server session ticket
DONE
SSL3 alert write:warning:close notify
