CONNECTED(00000003)
Sent TLS Record
Header:
  Version = TLS 1.0 (0x301)
  Content Type = Handshake (22)
  Length = 214
    ClientHello, Length=210
      client_version=0x303 (TLS 1.2)
      Random:
        gmt_unix_time=0xEEF6151C
        random_bytes (len=28): 01951359EABE81CBFEFC894B4551E4EBA2518E9F36BCFB9A07E503C1
      session_id (len=32): 65175A12F810BF5B2E57CE6ECE38827F8BDADFAE31709739EFFA05C98DEA52DC
      cipher_suites (len=6)
        {0x13, 0x02} TLS_AES_256_GCM_SHA384
        {0x13, 0x03} TLS_CHACHA20_POLY1305_SHA256
        {0x13, 0x01} TLS_AES_128_GCM_SHA256
      compression_methods (len=1)
        No Compression (0x00)
      extensions, length = 131
        extension_type=ec_point_formats(11), length=4
          uncompressed (0)
          ansiX962_compressed_prime (1)
          ansiX962_compressed_char2 (2)
        extension_type=supported_groups(10), length=6
          ecdh_x25519 (29)
          X25519MLKEM768 (4588)
        extension_type=session_ticket(35), length=0
        extension_type=encrypt_then_mac(22), length=0
        extension_type=extended_master_secret(23), length=0
        extension_type=signature_algorithms(13), length=42
          mldsa65 (0x0905)
          mldsa87 (0x0906)
          mldsa44 (0x0904)
          ecdsa_secp256r1_sha256 (0x0403)
          ecdsa_secp384r1_sha384 (0x0503)
          ecdsa_secp521r1_sha512 (0x0603)
          ed25519 (0x0807)
          ed448 (0x0808)
          ecdsa_brainpoolP256r1tls13_sha256 (0x081a)
          ecdsa_brainpoolP384r1tls13_sha384 (0x081b)
          ecdsa_brainpoolP512r1tls13_sha512 (0x081c)
          rsa_pss_pss_sha256 (0x0809)
          rsa_pss_pss_sha384 (0x080a)
          rsa_pss_pss_sha512 (0x080b)
          rsa_pss_rsae_sha256 (0x0804)
          rsa_pss_rsae_sha384 (0x0805)
          rsa_pss_rsae_sha512 (0x0806)
          rsa_pkcs1_sha256 (0x0401)
          rsa_pkcs1_sha384 (0x0501)
          rsa_pkcs1_sha512 (0x0601)
        extension_type=supported_versions(43), length=3
          TLS 1.3 (772)
        extension_type=psk_key_exchange_modes(45), length=2
          psk_dhe_ke (1)
        extension_type=key_share(51), length=38
            NamedGroup: ecdh_x25519 (29)
            key_exchange:  (len=32): 653DB6EE146121DB64F326C2F646C382A5AF2DAF5E2A22FADE7963E87559010C

Received TLS Record
Header:
  Version = TLS 1.2 (0x303)
  Content Type = Handshake (22)
  Length = 122
    ServerHello, Length=118
      server_version=0x303 (TLS 1.2)
      Random:
        gmt_unix_time=0xAB7A7930
        random_bytes (len=28): 3339770629BE01A9D336945F22070E9149193F7CB10BF6AED659E3AD
      session_id (len=32): 65175A12F810BF5B2E57CE6ECE38827F8BDADFAE31709739EFFA05C98DEA52DC
      cipher_suite {0x13, 0x02} TLS_AES_256_GCM_SHA384
      compression_method: No Compression (0x00)
      extensions, length = 46
        extension_type=supported_versions(43), length=2
            TLS 1.3 (772)
        extension_type=key_share(51), length=36
            NamedGroup: ecdh_x25519 (29)
            key_exchange:  (len=32): CED0ECBD40ACD8056467312B4E90966E87340BE9FB68244F0D4721F9A62E0363

Received TLS Record
Header:
  Version = TLS 1.2 (0x303)
  Content Type = ChangeCipherSpec (20)
  Length = 1
    change_cipher_spec (1)

Received TLS Record
Header:
  Version = TLS 1.2 (0x303)
  Content Type = ApplicationData (23)
  Length = 45
  Inner Content Type = Handshake (22)
    EncryptedExtensions, Length=24
      extensions, length = 22
        extension_type=supported_groups(10), length=18
          X25519MLKEM768 (4588)
          ecdh_x25519 (29)
          secp256r1 (P-256) (23)
          ecdh_x448 (30)
          secp384r1 (P-384) (24)
          secp521r1 (P-521) (25)
          ffdhe2048 (256)
          ffdhe3072 (257)

Received TLS Record
Header:
  Version = TLS 1.2 (0x303)
  Content Type = ApplicationData (23)
  Length = 839
  Inner Content Type = Handshake (22)
    Certificate, Length=818
      context (len=0): 
      certificate_list, length=814
        ASN.1Cert, length=809
------details-----
Certificate:
    Data:
        Version: 3 (0x2)
        Serial Number: 2 (0x2)
        Signature Algorithm: sha256WithRSAEncryption
        Issuer: CN = Root CA
        Validity
            Not Before: Jan 14 22:29:46 2016 GMT
            Not After : Jan 15 22:29:46 2116 GMT
        Subject: CN = server.example
        Subject Public Key Info:
            Public Key Algorithm: rsaEncryption
                Public-Key: (2048 bit)
                Modulus:
                    00:d5:5d:60:6a:df:fc:61:ee:48:aa:8c:11:48:43:
                    a5:6d:b6:52:5d:aa:98:49:b1:61:92:35:b1:fc:3a:
                    04:25:0c:6d:79:ff:b4:d5:c9:e9:5c:1c:3b:e0:ab:
                    b3:b8:7d:a3:de:6d:bd:e0:dd:d7:5a:bf:14:47:11:
                    42:5e:a6:82:d0:61:c1:7f:dd:13:46:e6:09:85:07:
                    0e:f2:d4:fc:1a:64:d2:0a:ad:20:ab:20:6b:96:f0:
                    ad:cc:c4:19:53:55:dc:01:1d:a4:b3:ef:8a:b4:49:
                    53:5d:8a:05:1c:f1:dc:e1:44:bf:c5:d7:e2:77:19:
                    57:5c:97:0b:75:ee:88:43:71:0f:ca:6c:c1:b4:b2:
                    50:a7:77:46:6c:58:0f:11:bf:f1:76:24:5a:ae:39:
                    42:b7:51:67:29:e1:d0:55:30:6f:17:e4:91:ea:ad:
                    f8:28:c2:43:6f:a2:64:a9:fb:9d:98:92:62:48:3e:
                    eb:0d:4f:82:4a:8a:ff:3f:72:ee:96:b5:ae:a1:c1:
                    98:ba:ef:7d:90:75:6d:ff:5a:52:9e:ab:f5:c0:7e:
                    d0:87:43:db:85:07:07:0f:7d:38:7a:fd:d1:d3:ee:
                    65:1d:d3:ea:39:6a:87:37:ee:4a:d3:e0:0d:6e:f5:
                    70:ac:c2:bd:f1:6e:f3:92:95:5e:a9:f0:a1:65:95:
                    93:8d
                Exponent: 65537 (0x10001)
        X509v3 extensions:
            X509v3 Subject Key Identifier: 
                C0:E7:84:BF:E8:59:27:33:10:B0:52:4F:51:52:2F:06:D6:C0:7A:CD
            X509v3 Authority Key Identifier: 
                70:7F:2E:AE:83:68:59:98:04:23:2A:CD:EB:3E:17:CD:24:DD:01:49
            X509v3 Basic Constraints: 
                CA:FALSE
            X509v3 Extended Key Usage: 
                TLS Web Server Authentication
            X509v3 Subject Alternative Name: 
                DNS:server.example
    Signature Algorithm: sha256WithRSAEncryption
    Signature Value:
        7b:d3:04:43:75:8a:0f:11:ae:c4:fb:d7:a1:a2:9e:fe:20:18:
        d5:f4:2f:31:88:46:b6:75:8c:ee:e5:9b:97:a6:b9:a3:cd:60:
        9a:46:c3:48:97:e5:97:68:f7:5a:86:35:73:d9:69:9e:f9:5f:
        74:b9:e6:94:13:01:cb:6a:dc:e3:c4:04:e9:65:da:9c:a4:8b:
        28:f3:f9:9a:7f:bf:97:1f:45:92:e5:05:b1:56:e6:0b:f6:47:
        de:1e:89:b6:2b:e1:4d:df:4a:7e:01:d3:23:dc:97:8c:47:fe:
        5f:c7:cc:98:46:0e:c4:83:5b:ca:8a:f1:52:09:be:6b:ec:3f:
        09:8b:d0:93:02:bf:e1:51:e7:d1:7e:34:56:19:74:d0:ff:28:
        25:de:b7:9f:56:52:91:7d:20:29:85:0a:80:44:5f:71:32:25:
        71:0f:c2:16:e2:5f:6b:1d:3f:32:5b:0a:3c:74:1c:b9:62:f1:
        ed:07:50:a3:6d:b4:b4:31:0a:c0:53:44:6a:3a:88:84:8b:2d:
        a9:b0:37:8e:e6:18:36:bd:9a:20:40:0f:01:92:8b:3d:aa:61:
        e7:ae:2c:ed:36:cd:3a:07:86:74:3a:29:b3:d7:3a:b4:00:a9:
        c2:f5:92:78:0e:e2:0f:a3:fe:bb:be:e0:06:53:84:59:1d:90:
        69:e5:b6:f9
-----BEGIN CERTIFICATE-----
MIIDJTCCAg2gAwIBAgIBAjANBgkqhkiG9w0BAQsFADASMRAwDgYDVQQDDAdSb290
IENBMCAXDTE2MDExNDIyMjk0NloYDzIxMTYwMTE1MjIyOTQ2WjAZMRcwFQYDVQQD
DA5zZXJ2ZXIuZXhhbXBsZTCCASIwDQYJKoZIhvcNAQEBBQADggEPADCCAQoCggEB
ANVdYGrf/GHuSKqMEUhDpW22Ul2qmEmxYZI1sfw6BCUMbXn/tNXJ6VwcO+Crs7h9
o95tveDd11q/FEcRQl6mgtBhwX/dE0bmCYUHDvLU/Bpk0gqtIKsga5bwrczEGVNV
3AEdpLPvirRJU12KBRzx3OFEv8XX4ncZV1yXC3XuiENxD8pswbSyUKd3RmxYDxG/
8XYkWq45QrdRZynh0FUwbxfkkeqt+CjCQ2+iZKn7nZiSYkg+6w1PgkqK/z9y7pa1
rqHBmLrvfZB1bf9aUp6r9cB+0IdD24UHBw99OHr90dPuZR3T6jlqhzfuStPgDW71
cKzCvfFu85KVXqnwoWWVk40CAwEAAaN9MHswHQYDVR0OBBYEFMDnhL/oWSczELBS
T1FSLwbWwHrNMB8GA1UdIwQYMBaAFHB/Lq6DaFmYBCMqzes+F80k3QFJMAkGA1Ud
EwQCMAAwEwYDVR0lBAwwCgYIKwYBBQUHAwEwGQYDVR0RBBIwEIIOc2VydmVyLmV4
YW1wbGUwDQYJKoZIhvcNAQELBQADggEBAHvTBEN1ig8RrsT716Ginv4gGNX0LzGI
RrZ1jO7lm5emuaPNYJpGw0iX5Zdo91qGNXPZaZ75X3S55pQTActq3OPEBOll2pyk
iyjz+Zp/v5cfRZLlBbFW5gv2R94eibYr4U3fSn4B0yPcl4xH/l/HzJhGDsSDW8qK
8VIJvmvsPwmL0JMCv+FR59F+NFYZdND/KCXet59WUpF9ICmFCoBEX3EyJXEPwhbi
X2sdPzJbCjx0HLli8e0HUKNttLQxCsBTRGo6iISLLamwN47mGDa9miBADwGSiz2q
YeeuLO02zToHhnQ6KbPXOrQAqcL1kngO4g+j/ru+4AZThFkdkGnltvk=
-----END CERTIFICATE-----
------------------
        No extensions

Received TLS Record
Header:
  Version = TLS 1.2 (0x303)
  Content Type = ApplicationData (23)
  Length = 281
  Inner Content Type = Handshake (22)
    CertificateVerify, Length=260
      Signature Algorithm: rsa_pss_rsae_sha256 (0x0804)
      Signature (len=256): 21FE3EE4DE82A862249285E11587A297C3D478A72466622CD8BDBB8159CF8F8D614E23E3A364AF939B2CFF585C4B9C9ABE9DCDA3D52AD02CB1081BC0766925919B77622D57532214E5DF06B014CC3A7F3483564537E6B86E464F71223D3754AEB1349835B76C5F298D351CE78D1105949503D2181D93514F64FB56BAC60DB32705F838FE8C9DD3A1014902E2CDA725C995DB4DF4D80C66B92D593A45C80AF9AA214DDB12A402E4973C0F4A1964ACB3CC3960C270DCD862F9647C1329EFEF19892B6FF2E2948928F9FB6AC09ADECE8EA781B36A533F3DE34448A7627CC3077DB38B7CAE34E417538C5EADF809DF1B8F60131EBC6590A176FDA2C76932F4A78AA9

Received TLS Record
Header:
  Version = TLS 1.2 (0x303)
  Content Type = ApplicationData (23)
  Length = 69
  Inner Content Type = Handshake (22)
    Finished, Length=48
      verify_data (len=48): F7F99A125EEF5CAC5BDF8852B6C5A509C71D0D812E4005F851BDD73EAD38602BFBB7763070248724B7D52F9AB0593352

Sent TLS Record
Header:
  Version = TLS 1.2 (0x303)
  Content Type = ChangeCipherSpec (20)
  Length = 1
    change_cipher_spec (1)

Sent TLS Record
Header:
  Version = TLS 1.2 (0x303)
  Content Type = ApplicationData (23)
  Length = 69
  Inner Content Type = Handshake (22)
    Finished, Length=48
      verify_data (len=48): 96F03E1E5938A9B4F6EE2D0C637B87F0D898520196449E667E5F25F539A490E8F6EA4A1092FB6F4F6D378B09A90E3752

---
Certificate chain
 0 s:CN=server.example
   i:CN=Root CA
   a:PKEY: RSA, 2048 (bit); sigalg: sha256WithRSAEncryption
   v:NotBefore: Jan 14 22:29:46 2016 GMT; NotAfter: Jan 15 22:29:46 2116 GMT
---
Server certificate
-----BEGIN CERTIFICATE-----
MIIDJTCCAg2gAwIBAgIBAjANBgkqhkiG9w0BAQsFADASMRAwDgYDVQQDDAdSb290
IENBMCAXDTE2MDExNDIyMjk0NloYDzIxMTYwMTE1MjIyOTQ2WjAZMRcwFQYDVQQD
DA5zZXJ2ZXIuZXhhbXBsZTCCASIwDQYJKoZIhvcNAQEBBQADggEPADCCAQoCggEB
ANVdYGrf/GHuSKqMEUhDpW22Ul2qmEmxYZI1sfw6BCUMbXn/tNXJ6VwcO+Crs7h9
o95tveDd11q/FEcRQl6mgtBhwX/dE0bmCYUHDvLU/Bpk0gqtIKsga5bwrczEGVNV
3AEdpLPvirRJU12KBRzx3OFEv8XX4ncZV1yXC3XuiENxD8pswbSyUKd3RmxYDxG/
8XYkWq45QrdRZynh0FUwbxfkkeqt+CjCQ2+iZKn7nZiSYkg+6w1PgkqK/z9y7pa1
rqHBmLrvfZB1bf9aUp6r9cB+0IdD24UHBw99OHr90dPuZR3T6jlqhzfuStPgDW71
cKzCvfFu85KVXqnwoWWVk40CAwEAAaN9MHswHQYDVR0OBBYEFMDnhL/oWSczELBS
T1FSLwbWwHrNMB8GA1UdIwQYMBaAFHB/Lq6DaFmYBCMqzes+F80k3QFJMAkGA1Ud
EwQCMAAwEwYDVR0lBAwwCgYIKwYBBQUHAwEwGQYDVR0RBBIwEIIOc2VydmVyLmV4
YW1wbGUwDQYJKoZIhvcNAQELBQADggEBAHvTBEN1ig8RrsT716Ginv4gGNX0LzGI
RrZ1jO7lm5emuaPNYJpGw0iX5Zdo91qGNXPZaZ75X3S55pQTActq3OPEBOll2pyk
iyjz+Zp/v5cfRZLlBbFW5gv2R94eibYr4U3fSn4B0yPcl4xH/l/HzJhGDsSDW8qK
8VIJvmvsPwmL0JMCv+FR59F+NFYZdND/KCXet59WUpF9ICmFCoBEX3EyJXEPwhbi
X2sdPzJbCjx0HLli8e0HUKNttLQxCsBTRGo6iISLLamwN47mGDa9miBADwGSiz2q
YeeuLO02zToHhnQ6KbPXOrQAqcL1kngO4g+j/ru+4AZThFkdkGnltvk=
-----END CERTIFICATE-----
subject=CN=server.example
issuer=CN=Root CA
---
No client certificate CA names sent
Peer signing digest: SHA256
Peer signature type: rsa_pss_rsae_sha256
Peer Temp Key: X25519, 253 bits
---
SSL handshake has read 1387 bytes and written 299 bytes
Verification error: unable to verify the first certificate
---
New, TLSv1.3, Cipher is TLS_AES_256_GCM_SHA384
Protocol: TLSv1.3
Server public key is 2048 bit
This TLS version forbids renegotiation.
Compression: NONE
Expansion: NONE
No ALPN negotiated
Early data was not sent
Verify return code: 21 (unable to verify the first certificate)
---
Sent TLS Record
Header:
  Version = TLS 1.2 (0x303)
  Content Type = ApplicationData (23)
  Length = 19
  Inner Content Type = Alert (21)
    Level=warning(1), description=close notify(0)

Connecting to 127.0.0.1
SSL_connect:before SSL initialization
SSL_connect:SSLv3/TLS write client hello
SSL_connect:SSLv3/TLS write client hello
SSL_connect:SSLv3/TLS read server hello
Can't use SSL_get_servername
SSL_connect:TLSv1.3 read encrypted extensions
depth=0 CN=server.example
verify error:num=20:unable to get local issuer certificate
verify return:1
depth=0 CN=server.example
verify error:num=21:unable to verify the first certificate
verify return:1
depth=0 CN=server.example
verify return:1
SSL_connect:SSLv3/TLS read server certificate
SSL_connect:TLSv1.3 read server certificate verify
SSL_connect:SSLv3/TLS read finished
SSL_connect:SSLv3/TLS write change cipher spec
SSL_connect:SSLv3/TLS write finished
DONE
SSL3 alert write:warning:close notify
