CONNECTED(00000003)
---
no peer certificate available
---
No client certificate CA names sent
Negotiated TLS1.3 group: <NULL>
---
SSL handshake has read 7 bytes and written 1469 bytes
Verification: OK
---
New, (NONE), Cipher is (NONE)
Protocol: TLSv1.3
This TLS version forbids renegotiation.
Compression: NONE
Expansion: NONE
No ALPN negotiated
Early data was not sent
Verify return code: 0 (ok)
---
Connecting to 127.0.0.1
SSL_connect:before SSL initialization
SSL_connect:SSLv3/TLS write client hello
SSL3 alert read:fatal:illegal parameter
SSL_connect:error in error
40CC7B5B367E0000:error:0A000417:SSL routines:ssl3_read_bytes:ssl/tls alert illegal parameter:ssl/record/rec_layer_s3.c:918:SSL alert number 47
