CONNECTED(00000003)
>>> TLS 1.0, RecordHeader [length 0005]
    16 03 01 05 76
>>> TLS 1.3, Handshake [length 0576], ClientHello
    01 00 05 72 03 03 17 49 8e 55 b9 8a a2 26 05 16
    79 17 31 c2 75 57 0f e5 f0 06 14 6a 3a 18 e2 9d
    41 41 dc c2 fa 05 20 6f 42 75 56 e6 86 9b 63 b3
    b7 98 1a 1d b7 fa 60 87 94 19 8e 00 8f bd ea 02
    94 c8 c9 4b b2 b1 b4 00 06 13 02 13 03 13 01 01
    00 05 23 00 0b 00 04 03 00 01 02 00 0a 00 06 00
    04 11 ec 00 1d 00 23 00 00 00 16 00 00 00 17 00
    00 00 0d 00 2a 00 28 09 05 09 06 09 04 04 03 05
    03 06 03 08 07 08 08 08 1a 08 1b 08 1c 08 09 08
    0a 08 0b 08 04 08 05 08 06 04 01 05 01 06 01 00
    2b 00 03 02 03 04 00 2d 00 02 01 01 00 33 04 c6
    04 c4 11 ec 04 c0 57 c3 39 b3 a8 0b 83 c1 6e a5
    e2 b3 d8 f9 ce d2 28 ab ba f0 7c 94 70 7a 61 2a
    1f 3b 66 96 9e d6 49 dd 82 33 4c 31 b0 04 2b 5b
    5b 46 20 4e f5 3c ef 8a 63 c0 c3 5d 82 a5 b5 dd
    70 69 41 d7 50 0f b8 a0 03 a7 35 bf d7 ba 30 12
    9a ca b9 38 a4 96 aa f1 ab 27 ee 10 2f de 70 3c
    51 48 6e c0 97 99 d0 85 a9 e3 06 29 fb da 9c 5a
    51 14 0c 9a 6a 1c 5b 20 2a 88 bb c2 36 bf 9e 59
    c7 c0 81 25 ac 2c 21 8d 8a 43 a1 db 2d df 81 97
    86 41 6d 07 1c 41 03 73 17 f3 fb c9 69 9c a3 9e
    cc 38 a9 5a 7a b6 cc 14 fb f4 10 65 a6 88 36 c2
    61 2e 02 6d 39 2b 6f 85 6b cd 58 67 a6 3f 27 95
    82 d2 69 4e 96 c4 5f d3 85 45 ca 7e 25 f1 06 d5
    fa 01 ba 85 8a e8 c2 32 4e 35 c3 8b ab 07 98 e6
    03 45 5c 27 7f 45 c6 ee 18 3b eb 54 05 30 27 ab
    51 33 19 c5 89 62 cd 05 72 14 f3 16 c1 e3 85 9c
    94 a0 b0 a1 1b 67 80 a9 e6 18 05 cc 46 25 76 e0
    bf 85 0a 6b af ab 3a 64 64 3b 90 26 96 f7 05 ca
    53 83 96 cb a2 29 df b4 c2 77 4a 02 5a e9 10 71
    e3 19 b9 89 8f 86 6b 70 a7 ac 82 02 d5 51 7e c7
    84 6a b0 92 85 76 bf 50 1b cc 22 e6 a3 13 fa 14
    1b d2 73 eb 71 4e bd a9 a2 6d 1b 99 98 4c 2d fb
    56 a2 0b 28 7e 7f b4 18 1b 96 b2 6d eb ae 51 45
    4f 12 22 05 0d 20 35 5c fb 7e f1 08 15 7d 85 b4
    32 cb 3d 1b fa 2a b8 ea 51 33 96 33 5a 0b 20 09
    50 63 ea 85 48 32 56 5d 97 78 c2 81 22 08 71 1b
    ca 23 47 51 e7 78 27 c5 6c 02 c9 22 25 70 e0 bb
    1c 65 51 ca c6 0e 50 43 87 e7 08 68 a5 b3 3b 74
    04 0a 7d d6 3f 3e 89 49 38 e5 83 81 34 b1 dc 2a
    74 38 c7 5f b9 c5 7c 1c 78 59 0b 02 b5 27 9b 2f
    39 3a 9e dd 07 c7 c4 99 bf 85 3b af 7b c5 06 3f
    a3 c3 6e 88 6a 37 97 c3 4b b1 a7 7f 1a 8a 8c c5
    0b e9 9b 5a 92 42 5d 7f 34 59 46 81 07 13 a8 25
    50 9a 1a 0d a8 21 80 53 0a 62 c2 ae 3c 64 b4 a4
    96 b2 6c ba 15 32 03 8b 68 93 0b 4a 55 b2 eb 63
    18 29 89 2b 7f d2 4f ee 11 4d 94 e9 85 f1 d5 10
    c5 3a 3f 22 db 77 64 1b 39 25 36 93 70 d6 54 8b
    88 6a b9 dc 61 d7 e1 72 97 75 55 24 5c 6a 6f 2c
    b7 30 cc 75 fb 95 c3 49 47 21 de c9 53 b9 00 32
    2a d4 ab 7b f7 c0 00 2a 99 f0 42 8c 3c 8a 97 33
    42 a6 9e 05 97 55 ba 9d 4a 67 85 c7 ba 30 8d dc
    7c 97 ba 51 9a b2 36 b3 17 09 7e 3b 4b 87 47 3f
    c8 87 70 59 50 71 69 2b b3 00 8c 3e a6 40 a9 ed
    96 6b 20 f7 ae 23 a2 92 08 66 b8 50 f9 50 2b 8c
    a7 42 fc 34 96 88 08 3b 84 9b 31 89 52 20 42 13
    00 25 0e e4 9c a1 a3 d2 16 d0 24 72 f3 b2 11 46
    2b 7f fc fa 9b de c5 8a 45 a0 c3 88 f5 8a 66 21
    33 c0 c6 4d a2 f6 33 78 ca 04 95 34 4a 01 d1 12
    7f 63 3f a0 44 97 7c 65 01 9b 32 83 d3 e6 c2 32
    ea 1b f8 63 16 87 e9 86 db d9 70 56 f4 b7 d4 02
    08 89 21 13 04 f9 b3 ea 20 43 11 b2 83 06 da 44
    fb 79 77 c3 01 87 8d 6a 24 c0 13 33 b8 c4 89 cc
    c3 ce c4 61 b5 66 eb 6f 50 88 8d 25 da 30 33 0b
    7d fa 86 2e 04 47 3e aa 69 41 2f 64 42 59 fb 21
    dc a9 16 80 91 82 8f 82 9d ed 8b 01 c2 80 48 ed
    34 62 53 7b 56 1d 51 74 4c 6a 0f bc 66 2b ca 21
    b4 cf e6 c5 04 f2 56 95 33 6e aa e7 83 3a 98 b0
    a7 d1 ce 1b 43 27 df 3a 19 70 d9 30 ef 01 c4 b0
    55 c2 ac c9 bf 8e d8 98 bd 3c 9e 30 f0 78 f9 38
    06 4e 28 08 4e d7 ca 47 06 bb a9 1c 17 4b 96 63
    5d 5c 78 23 8a 87 e7 e6 a1 a7 28 cc 5d 29 ca 80
    d8 9d 9f f4 8b f1 d5 cf af 3b 11 35 57 64 04 6b
    b0 d1 c0 9a 9f 09 3e a5 e0 cc 17 fb 45 49 f1 12
    02 c0 ac 6d 88 0b 95 fa 11 52 20 4d 3b e2 83 3f
    99 64 4c e5 44 c3 98 46 49 29 a7 99 e3 08 f9 e5
    26 45 a2 97 26 75 8d ec 10 51 10 65 50 91 c9 38
    03 8b 8c a4 05 2d d3 a0 ca da 66 5b 89 57 a7 1c
    15 05 1b ba 43 6e 52 9e cd 00 5c 00 da 02 58 e2
    6a fa a8 8a 39 03 36 4a 12 51 5e e5 2a 78 26 80
    ef 47 3e 08 75 b1 04 b2 3a b7 da 51 8a b9 bd d5
    69 14 50 44 56 79 46 5f b4 05 68 36 e4 68 9e 50
    ac 3b 59 ac 73 c3 53 a2 a5 a3 21 95 39 36 c4 9e
    b3 03 a4 e8 12 cc b4 9c 48 87 0e 25 84 93 45 84
    c7 33 0b 46 89 cd d8 96 2f 0b 93 12 1e cc c3 ac
    c5 46 d7 e0 22 62 88 91 e5 a8 23 04 61 5e bb 2f
    33 bb 2e d6 f3 2b 34 30 45 13 fb 09 10 8d a0 5b
    e2 ab 60 1a f4 6f
<<< TLS 1.2, RecordHeader [length 0005]
    16 03 03 04 ba
<<< TLS 1.3, Handshake [length 04ba], ServerHello
    02 00 04 b6 03 03 60 89 e6 0e 63 69 c7 a1 ad bc
    56 2b 3e e4 04 8b 40 87 f7 7e 55 f5 63 88 98 8b
    fb e3 20 2d 16 b9 20 6f 42 75 56 e6 86 9b 63 b3
    b7 98 1a 1d b7 fa 60 87 94 19 8e 00 8f bd ea 02
    94 c8 c9 4b b2 b1 b4 13 02 00 04 6e 00 2b 00 02
    03 04 00 33 04 64 11 ec 04 60 ac 05 a1 66 fe 08
    1c e9 f1 49 17 c8 50 d1 ca f0 3b 28 76 d5 e7 54
    55 84 4c 29 f9 0e 0f d9 61 6e 94 63 80 9b 09 5f
    a4 a7 e8 f3 1e 3a 27 3c 42 c8 bb 71 34 d2 8e 55
    cc c8 05 b3 a9 87 fc 32 1c be f9 2d c2 7c 4e c8
    4e 7a f9 94 c4 1c eb 2b 57 20 57 53 14 50 16 41
    81 10 c3 2f cf 84 5f ce 03 7e 12 e8 bd 49 c3 04
    3d 68 06 b1 0f d9 15 d6 9a c5 44 dc e3 f3 c9 a7
    e4 0c 30 f3 9a cf a3 5d d4 84 6c e0 d7 c8 80 01
    c2 f3 c3 08 76 bd 50 0e fc 6e f0 53 9b 81 91 04
    e0 d4 e2 b8 da 9f c3 db 97 eb 90 55 90 17 80 bd
    3e be da 59 bd 17 ae d0 91 72 37 8b 14 22 4a 26
    ea 81 33 76 33 5d 4f 1d 10 c0 68 ea 6a f8 e8 72
    08 26 cd f2 4a c6 56 f3 23 46 3b 5c c8 f7 ff ea
    08 c5 0c a0 e0 3e 2b c9 ee 95 1a 0c 52 ec 24 34
    ab 49 cf ce cb 7c 59 3c e6 67 c5 f1 bd 10 35 f5
    64 f2 57 47 71 52 f2 88 43 6f de 09 df 13 33 8c
    6f 5d 24 1e 2f fc 91 de cc d1 3a f8 e6 32 ba ea
    e2 d9 61 11 a9 05 92 27 8a d9 2a 9e d0 ef aa 8b
    47 95 e2 77 86 26 df 8d 91 c6 81 c8 dc 19 71 2c
    5c a6 b2 fd 5d 53 1e b1 97 b1 eb 14 fe 31 b5 b5
    17 3a 35 f2 d2 fa 43 b8 68 7a 50 04 de 0a 67 f2
    98 f5 57 0b b3 91 f1 b9 33 8e e8 13 cd c3 6e b9
    3d 68 a2 aa 7a 6f 50 6d 3f 1f 4d 3b 50 00 4c 51
    b8 3c 76 f7 a7 95 f4 06 c7 55 80 6f a5 f8 31 9a
    01 c3 01 8f 43 41 25 7e 36 d8 46 de 2e 42 c3 8c
    29 50 bc 4e 3a 92 f7 82 bb 33 93 b1 72 36 51 15
    b3 06 06 21 ab 94 0a dc a3 ae c0 2b 63 9a a8 4f
    ed 2e 3d 72 3b 17 e5 b6 6c 89 4b 78 ea 76 f6 02
    82 0a 57 7a eb 3e 37 a2 63 58 8a 3d fd 33 d5 ef
    95 11 0a f8 b1 ee b3 db c9 cb 26 2e 79 05 f3 78
    35 4b 38 5e 8f 1b 3e 72 c9 ed 30 10 38 85 60 26
    81 82 3e 1a d8 6a 89 7c 27 f9 49 b3 2e e7 16 6c
    44 ea d2 7e b5 46 66 62 36 c4 dc a1 98 93 a9 24
    65 1e ae 0d e1 fc 3d 4e ff 74 64 1d 06 58 95 a7
    34 de 97 fe 70 e2 34 8a 01 b7 47 be dd 4e 3e 10
    b1 8b d1 f4 58 d2 2e 98 ac f6 f5 a3 c8 97 c2 a3
    fd 76 fa 17 a9 80 ff ea 4f 66 2e 51 33 89 15 69
    56 a4 ff b3 a2 45 f3 6f 43 d6 5c 74 da ae 50 7d
    d5 05 b0 ad 7a 15 2b 58 49 14 ef 5c 72 8b ce 30
    7e 20 b2 1d 70 3d 7e 55 c7 c8 6e 51 d1 38 0f 71
    ed 12 23 6b 3d c3 87 cf d8 80 42 3b 2f 93 d2 fc
    21 ca d8 50 83 c8 05 30 a0 24 75 51 5c 0b 2b 36
    88 06 6b 21 03 d7 f3 fc 12 7d ee ff c9 91 65 87
    ad 81 fc 45 86 32 17 f7 e3 13 dc 40 12 c4 06 bd
    53 79 c0 33 0a 51 e5 e3 e4 b2 ce 83 44 c8 e1 cd
    42 9d 66 17 e0 e0 1e 98 c8 a3 29 0a 4e 40 c3 fe
    6c 26 9b ed 29 5e 83 ba 9d f4 a2 d1 e0 65 f8 46
    1e 89 52 ee 98 28 4e ef 62 6a 47 5e 99 47 49 ab
    d0 bd 49 69 7d b5 f8 ed c7 5e 6f 6b 56 c7 8a ba
    e7 72 2e 1d 19 50 8b 38 c0 e1 e3 af 09 a1 eb 3b
    d2 2e 29 ad db 9c a7 e2 ec 4e 51 51 97 93 27 67
    95 e5 d1 b5 92 d0 33 43 a0 74 2b 25 08 8d cd 05
    c9 6a 1c eb 51 fd e7 33 85 d9 1f 64 3e 51 93 0f
    ea ce 41 80 b4 92 a8 29 07 04 1c 6c 90 09 0d dc
    b3 4a be 12 b3 5f 59 2f b8 a9 5b 2e ce 37 dc 86
    3d 3d 81 50 af e5 36 a7 26 67 3c 25 7c e2 b2 db
    13 f2 72 71 0c 29 c3 9b be c7 dc e4 35 5c e6 a7
    eb b0 d4 a4 67 71 b6 de b1 8f dc b1 a5 a5 e8 03
    6f 46 8a 73 2a 28 fe ff 1e a3 17 1f 2e 2d b5 01
    42 fa 10 8d 46 1b ae 4c 46 43 0e 21 bf 89 5e 0c
    e2 60 3b 41 15 5e d3 22 49 6c ff 30 09 6f a7 ff
    90 8b 75 73 4b 21 f9 c6 65 d7 ea 2e e9 3f 26 dc
    ff 5d 04 a9 fa b6 3e 24 ac a4 50 0c c8 18 f6 11
    b0 97 9e cc 73 32 29 5e 03 ca bb 62 df 78 61 3e
    b2 dc 3c 84 7b d1 5f 3f a1 da 86 42 a1 81 db 6b
    57 e5 79 b2 92 4f 91 58 9e 73 9b 46 fc f4 de 8e
    ff 43 ed 67 18 a2 2b 8b ae 08 fd 9d e0 8a 98 e8
    38 e2 c8 06 6a c6 b3 0e 4c d5 58 37 2f aa 76 12
    b3 c2 54 e8 55 07 b8 c0 5f 77 b2 db 61 a8 85 16
    9d 6a 21 04 09 71 22 34 71 6e
<<< TLS 1.2, RecordHeader [length 0005]
    14 03 03 00 01
<<< TLS 1.3, ChangeCipherSpec [length 0001]
    01
<<< TLS 1.2, RecordHeader [length 0005]
    17 03 03 00 17
<<< TLS 1.3, InnerContent [length 0001]
    16
<<< TLS 1.3, Handshake [length 0006], EncryptedExtensions
    08 00 00 02 00 00
<<< TLS 1.2, RecordHeader [length 0005]
    17 03 03 03 47
<<< TLS 1.3, InnerContent [length 0001]
    16
<<< TLS 1.3, Handshake [length 0336], Certificate
    0b 00 03 32 00 00 03 2e 00 03 29 30 82 03 25 30
    82 02 0d a0 03 02 01 02 02 01 02 30 0d 06 09 2a
    86 48 86 f7 0d 01 01 0b 05 00 30 12 31 10 30 0e
    06 03 55 04 03 0c 07 52 6f 6f 74 20 43 41 30 20
    17 0d 31 36 30 31 31 34 32 32 32 39 34 36 5a 18
    0f 32 31 31 36 30 31 31 35 32 32 32 39 34 36 5a
    30 19 31 17 30 15 06 03 55 04 03 0c 0e 73 65 72
    76 65 72 2e 65 78 61 6d 70 6c 65 30 82 01 22 30
    0d 06 09 2a 86 48 86 f7 0d 01 01 01 05 00 03 82
    01 0f 00 30 82 01 0a 02 82 01 01 00 d5 5d 60 6a
    df fc 61 ee 48 aa 8c 11 48 43 a5 6d b6 52 5d aa
    98 49 b1 61 92 35 b1 fc 3a 04 25 0c 6d 79 ff b4
    d5 c9 e9 5c 1c 3b e0 ab b3 b8 7d a3 de 6d bd e0
    dd d7 5a bf 14 47 11 42 5e a6 82 d0 61 c1 7f dd
    13 46 e6 09 85 07 0e f2 d4 fc 1a 64 d2 0a ad 20
    ab 20 6b 96 f0 ad cc c4 19 53 55 dc 01 1d a4 b3
    ef 8a b4 49 53 5d 8a 05 1c f1 dc e1 44 bf c5 d7
    e2 77 19 57 5c 97 0b 75 ee 88 43 71 0f ca 6c c1
    b4 b2 50 a7 77 46 6c 58 0f 11 bf f1 76 24 5a ae
    39 42 b7 51 67 29 e1 d0 55 30 6f 17 e4 91 ea ad
    f8 28 c2 43 6f a2 64 a9 fb 9d 98 92 62 48 3e eb
    0d 4f 82 4a 8a ff 3f 72 ee 96 b5 ae a1 c1 98 ba
    ef 7d 90 75 6d ff 5a 52 9e ab f5 c0 7e d0 87 43
    db 85 07 07 0f 7d 38 7a fd d1 d3 ee 65 1d d3 ea
    39 6a 87 37 ee 4a d3 e0 0d 6e f5 70 ac c2 bd f1
    6e f3 92 95 5e a9 f0 a1 65 95 93 8d 02 03 01 00
    01 a3 7d 30 7b 30 1d 06 03 55 1d 0e 04 16 04 14
    c0 e7 84 bf e8 59 27 33 10 b0 52 4f 51 52 2f 06
    d6 c0 7a cd 30 1f 06 03 55 1d 23 04 18 30 16 80
    14 70 7f 2e ae 83 68 59 98 04 23 2a cd eb 3e 17
    cd 24 dd 01 49 30 09 06 03 55 1d 13 04 02 30 00
    30 13 06 03 55 1d 25 04 0c 30 0a 06 08 2b 06 01
    05 05 07 03 01 30 19 06 03 55 1d 11 04 12 30 10
    82 0e 73 65 72 76 65 72 2e 65 78 61 6d 70 6c 65
    30 0d 06 09 2a 86 48 86 f7 0d 01 01 0b 05 00 03
    82 01 01 00 7b d3 04 43 75 8a 0f 11 ae c4 fb d7
    a1 a2 9e fe 20 18 d5 f4 2f 31 88 46 b6 75 8c ee
    e5 9b 97 a6 b9 a3 cd 60 9a 46 c3 48 97 e5 97 68
    f7 5a 86 35 73 d9 69 9e f9 5f 74 b9 e6 94 13 01
    cb 6a dc e3 c4 04 e9 65 da 9c a4 8b 28 f3 f9 9a
    7f bf 97 1f 45 92 e5 05 b1 56 e6 0b f6 47 de 1e
    89 b6 2b e1 4d df 4a 7e 01 d3 23 dc 97 8c 47 fe
    5f c7 cc 98 46 0e c4 83 5b ca 8a f1 52 09 be 6b
    ec 3f 09 8b d0 93 02 bf e1 51 e7 d1 7e 34 56 19
    74 d0 ff 28 25 de b7 9f 56 52 91 7d 20 29 85 0a
    80 44 5f 71 32 25 71 0f c2 16 e2 5f 6b 1d 3f 32
    5b 0a 3c 74 1c b9 62 f1 ed 07 50 a3 6d b4 b4 31
    0a c0 53 44 6a 3a 88 84 8b 2d a9 b0 37 8e e6 18
    36 bd 9a 20 40 0f 01 92 8b 3d aa 61 e7 ae 2c ed
    36 cd 3a 07 86 74 3a 29 b3 d7 3a b4 00 a9 c2 f5
    92 78 0e e2 0f a3 fe bb be e0 06 53 84 59 1d 90
    69 e5 b6 f9 00 00
<<< TLS 1.2, RecordHeader [length 0005]
    17 03 03 01 19
<<< TLS 1.3, InnerContent [length 0001]
    16
<<< TLS 1.3, Handshake [length 0108], CertificateVerify
    0f 00 01 04 08 04 01 00 8e 2b 71 85 ce 6e 50 60
    b6 07 d4 a6 f8 7b 78 ba 10 69 ea 2e dc f2 37 34
    b0 40 bd 6f 46 78 e9 da 92 35 9f b6 2c d3 c8 d2
    f9 a0 73 d6 d9 b1 ee 5e 69 25 a8 ea c4 f8 e8 d8
    9b 3e c9 a9 8f d6 02 4c 67 69 cd 0f 47 ee f4 f2
    ac e7 54 e1 7b 14 bb 86 a4 15 b4 b9 38 46 39 ca
    fd d9 50 49 c9 d1 4b 78 cb b0 3f e1 fb 60 1a e0
    0e 03 6c 6f 71 f7 2d 91 27 e1 41 fa 87 96 04 b9
    59 f8 3e 8d 05 f9 e8 49 f0 c9 e4 7b 58 ff 4e 46
    e6 da 83 de a8 36 7d 50 26 01 01 c4 5b 18 1e d6
    ca a1 79 1c 69 33 63 32 b6 16 6b 20 1a 27 5c 48
    15 16 b6 08 b6 97 2d 34 f6 69 7d 11 e9 e9 d6 69
    65 58 7b c9 e1 c8 04 48 89 f9 5b 28 78 99 30 79
    2c 1b cc 70 dd b2 ae 4d 37 33 d9 7d 85 95 f2 30
    98 1e be eb 0d f0 24 d7 64 a9 76 4d 8f 70 3d 17
    20 e9 27 84 0a a3 85 75 e0 b4 bc 03 1e cc bb 84
    b1 4f 7a 3b d2 88 4b 58
<<< TLS 1.2, RecordHeader [length 0005]
    17 03 03 00 45
<<< TLS 1.3, InnerContent [length 0001]
    16
<<< TLS 1.3, Handshake [length 0034], Finished
    14 00 00 30 2d eb 7a be 39 de 66 c5 0e bd 78 f3
    72 5c 80 c7 e8 92 49 6a 3f 06 97 1f 11 f4 d7 63
    48 2d 6f e6 90 96 49 36 e8 84 10 9f 84 79 94 fc
    6c f1 51 9c
>>> TLS 1.2, RecordHeader [length 0005]
    14 03 03 00 01
>>> TLS 1.3, ChangeCipherSpec [length 0001]
    01
>>> TLS 1.2, RecordHeader [length 0005]
    17 03 03 00 45
>>> TLS 1.2, InnerContent [length 0001]
    16
>>> TLS 1.3, Handshake [length 0034], Finished
    14 00 00 30 0d e9 28 c0 ea 07 92 6a 97 dc 98 7d
    15 90 76 2b 60 0c 28 29 36 e0 4c ac 8f 52 5f 13
    bd 12 bc 9d cb 43 52 a1 88 41 24 d0 b9 ce 54 23
    ef c4 b8 26
---
Certificate chain
 0 s:CN=server.example
   i:CN=Root CA
   a:PKEY: RSA, 2048 (bit); sigalg: sha256WithRSAEncryption
   v:NotBefore: Jan 14 22:29:46 2016 GMT; NotAfter: Jan 15 22:29:46 2116 GMT
---
Server certificate
-----BEGIN CERTIFICATE-----
MIIDJTCCAg2gAwIBAgIBAjANBgkqhkiG9w0BAQsFADASMRAwDgYDVQQDDAdSb290
IENBMCAXDTE2MDExNDIyMjk0NloYDzIxMTYwMTE1MjIyOTQ2WjAZMRcwFQYDVQQD
DA5zZXJ2ZXIuZXhhbXBsZTCCASIwDQYJKoZIhvcNAQEBBQADggEPADCCAQoCggEB
ANVdYGrf/GHuSKqMEUhDpW22Ul2qmEmxYZI1sfw6BCUMbXn/tNXJ6VwcO+Crs7h9
o95tveDd11q/FEcRQl6mgtBhwX/dE0bmCYUHDvLU/Bpk0gqtIKsga5bwrczEGVNV
3AEdpLPvirRJU12KBRzx3OFEv8XX4ncZV1yXC3XuiENxD8pswbSyUKd3RmxYDxG/
8XYkWq45QrdRZynh0FUwbxfkkeqt+CjCQ2+iZKn7nZiSYkg+6w1PgkqK/z9y7pa1
rqHBmLrvfZB1bf9aUp6r9cB+0IdD24UHBw99OHr90dPuZR3T6jlqhzfuStPgDW71
cKzCvfFu85KVXqnwoWWVk40CAwEAAaN9MHswHQYDVR0OBBYEFMDnhL/oWSczELBS
T1FSLwbWwHrNMB8GA1UdIwQYMBaAFHB/Lq6DaFmYBCMqzes+F80k3QFJMAkGA1Ud
EwQCMAAwEwYDVR0lBAwwCgYIKwYBBQUHAwEwGQYDVR0RBBIwEIIOc2VydmVyLmV4
YW1wbGUwDQYJKoZIhvcNAQELBQADggEBAHvTBEN1ig8RrsT716Ginv4gGNX0LzGI
RrZ1jO7lm5emuaPNYJpGw0iX5Zdo91qGNXPZaZ75X3S55pQTActq3OPEBOll2pyk
iyjz+Zp/v5cfRZLlBbFW5gv2R94eibYr4U3fSn4B0yPcl4xH/l/HzJhGDsSDW8qK
8VIJvmvsPwmL0JMCv+FR59F+NFYZdND/KCXet59WUpF9ICmFCoBEX3EyJXEPwhbi
X2sdPzJbCjx0HLli8e0HUKNttLQxCsBTRGo6iISLLamwN47mGDa9miBADwGSiz2q
YeeuLO02zToHhnQ6KbPXOrQAqcL1kngO4g+j/ru+4AZThFkdkGnltvk=
-----END CERTIFICATE-----
subject=CN=server.example
issuer=CN=Root CA
---
No client certificate CA names sent
Peer signing digest: SHA256
Peer signature type: rsa_pss_rsae_sha256
Negotiated TLS1.3 group: X25519MLKEM768
---
SSL handshake has read 2453 bytes and written 1483 bytes
Verification error: unable to verify the first certificate
---
New, TLSv1.3, Cipher is TLS_AES_256_GCM_SHA384
Protocol: TLSv1.3
Server public key is 2048 bit
This TLS version forbids renegotiation.
Compression: NONE
Expansion: NONE
No ALPN negotiated
Early data was not sent
Verify return code: 21 (unable to verify the first certificate)
---
>>> TLS 1.2, RecordHeader [length 0005]
    17 03 03 00 13
>>> TLS 1.2, InnerContent [length 0001]
    15
>>> TLS 1.3, Alert [length 0002], warning close_notify
    01 00
Connecting to 127.0.0.1
SSL_connect:before SSL initialization
SSL_connect:SSLv3/TLS write client hello
SSL_connect:SSLv3/TLS write client hello
SSL_connect:SSLv3/TLS read server hello
Can't use SSL_get_servername
SSL_connect:TLSv1.3 read encrypted extensions
depth=0 CN=server.example
verify error:num=20:unable to get local issuer certificate
verify return:1
depth=0 CN=server.example
verify error:num=21:unable to verify the first certificate
verify return:1
depth=0 CN=server.example
verify return:1
SSL_connect:SSLv3/TLS read server certificate
SSL_connect:TLSv1.3 read server certificate verify
SSL_connect:SSLv3/TLS read finished
SSL_connect:SSLv3/TLS write change cipher spec
SSL_connect:SSLv3/TLS write finished
DONE
SSL3 alert write:warning:close notify
