CONNECTED(00000003)
>>> TLS 1.0, RecordHeader [length 0005]
    16 03 01 05 76
>>> TLS 1.3, Handshake [length 0576], ClientHello
    01 00 05 72 03 03 6f 6a 26 93 5d c4 12 3d d2 6b
    ef dd dc af 84 ab 7f 6f 22 c8 d6 9b 4a 7c 30 e5
    0c 9d 52 fa b4 54 20 80 32 70 cd d2 35 9b 38 a0
    55 bb a7 12 80 22 7b 28 98 48 83 c9 67 7e f5 70
    5f ec 44 96 10 eb f4 00 06 13 02 13 03 13 01 01
    00 05 23 00 0b 00 04 03 00 01 02 00 0a 00 06 00
    04 11 ec 00 1d 00 23 00 00 00 16 00 00 00 17 00
    00 00 0d 00 2a 00 28 09 05 09 06 09 04 04 03 05
    03 06 03 08 07 08 08 08 1a 08 1b 08 1c 08 09 08
    0a 08 0b 08 04 08 05 08 06 04 01 05 01 06 01 00
    2b 00 03 02 03 04 00 2d 00 02 01 01 00 33 04 c6
    04 c4 11 ec 04 c0 f7 e1 1f e4 19 39 55 e9 25 c1
    5c 90 42 3a 25 6b 66 99 8c db 18 9d b9 2c 57 3c
    41 62 07 99 e0 51 04 4c 48 6b 01 89 b1 d3 d2 9e
    5c 20 a1 4f 73 24 84 86 ce ad 8b 8d 99 a5 ad 4f
    76 c0 a8 21 cb b0 e4 7e 40 ba 6f 6c 40 2e 98 17
    a2 59 17 6c 27 20 1c 0e c8 5c 37 a6 ac a9 63 77
    7d 01 b8 6e 02 99 3f 4b 27 7c d1 27 5a 94 79 2a
    b5 cc e2 54 1f 31 02 94 b2 2b ce 18 31 35 0d b8
    b5 e6 a7 20 79 07 40 c7 56 24 0c 30 6a e6 b8 5b
    10 e9 20 ca 35 47 23 da 40 fe 74 c4 de 13 96 8a
    04 bf ff d4 73 27 a5 a2 8b 11 c0 93 1a 76 fc c1
    85 60 db 00 2e 00 3b 2c 87 03 5c 78 2b 7a 5b b3
    04 85 30 f5 2b a9 ee 45 37 fe 25 5c 7a c8 13 35
    56 5c 20 e4 9f e4 0c 82 54 d1 00 f4 04 cd 53 69
    cd 36 6b 37 73 f1 c8 00 14 be 04 77 57 d3 09 72
    0e f7 53 ab d4 42 c5 47 53 a6 04 54 5d 48 c9 e5
    45 b2 35 24 5b 79 57 b6 8e 5a b1 e9 c1 75 82 5b
    1c ce 3b 41 c7 34 cd 20 ea bd 3f 42 a5 01 58 81
    b7 82 93 e8 5a 48 40 82 86 1f f6 83 f5 35 9e e4
    01 29 fd 45 a9 fd d3 c4 66 40 46 38 6b c7 76 32
    74 fe e7 90 db 06 49 1a 75 be 2a 2b 61 d2 c7 45
    dc db 91 a8 2a 40 91 1a 93 d2 45 99 5c e7 bc 18
    e5 38 1e e9 39 0c 86 59 c2 c8 4d ab bc 46 e6 72
    ce 8c d9 32 1a 96 91 d7 63 b8 da 78 a7 3f 5b 36
    9e c9 bf 38 09 7b e5 d2 69 31 ac 69 b6 b8 74 4b
    ca 43 a0 53 10 cb 0c cd f0 d1 32 51 24 2c d1 99
    22 35 74 c0 71 d0 23 04 21 62 f0 fc c8 56 c4 01
    66 43 86 7c 9a 7b ef 44 29 1e 80 c3 a0 c0 92 16
    65 54 75 02 25 e3 c7 b8 29 48 cf 37 c1 cc 69 cc
    16 aa 54 86 60 90 50 ae 55 6b 24 e8 08 55 72 17
    8b 6c 79 07 2b ca 02 44 62 c4 b0 70 63 25 9d c8
    e0 cf 58 07 8b 8b 76 88 25 90 78 9e 96 04 9b 46
    c2 d2 0b 12 0c 70 3d 92 d2 10 f8 6c b2 61 05 40
    b0 53 89 e3 09 61 0b 71 77 77 23 77 f9 d5 31 c8
    cb 65 ed 71 ce a6 05 62 bc fb 78 0c 3b 1d d5 45
    73 1b c5 1b 92 e4 5d b4 71 3a d6 fa 73 f3 f3 c0
    67 e4 00 84 c6 3e 41 3b cf 9e 48 7d 4f 2a 25 76
    e5 08 7c 77 0d f7 42 58 11 19 a5 b5 a7 2f 1a 84
    5e 49 66 c4 3b a8 c0 21 2b a1 df c6 a6 f1 a6 09
    ac a8 ce 46 70 03 ce 57 34 b8 91 c3 13 88 5b d7
    09 2e 5d 87 b3 5c 1c 97 19 14 b1 1e 57 2e bc 3b
    c4 9d 20 7a 26 e9 0d d7 59 50 be 17 80 d5 b5 67
    0a e1 90 db 64 14 15 07 4f 2c 80 22 eb 0c 87 5f
    a3 be af 02 3a 67 98 6a 05 cb a7 0d 48 91 2d b2
    3c 61 c3 71 55 27 0b a0 74 2e 9d 87 a6 5d 62 82
    cb 40 89 29 fa c3 eb c3 7b 8c 11 73 f5 48 83 0c
    99 3c 26 dc c7 80 45 5a 34 6b 92 93 32 bb 4d 23
    86 4c d5 b1 f2 e1 43 89 4b 81 80 47 a8 d7 f2 39
    33 0b 9b 7f ba 6d 09 26 42 7b 6b 54 43 aa 84 76
    fb 3e 89 12 11 31 78 38 db b9 20 d9 34 64 dc 5b
    15 9a 23 b1 86 22 c2 49 71 89 51 c3 0c c0 d4 92
    98 9a 16 4c 14 0d a2 51 bb bd 34 35 25 94 ab 29
    34 67 52 7b 9f bb da 98 2a b3 26 13 3a 5f 2d 3a
    66 b4 e6 87 34 89 79 bc 08 bb 5f 70 7f a3 0a 03
    3f ba 7c e5 cb b2 49 c7 2f 11 17 5c a1 a8 14 47
    86 03 c9 cb b2 8e cc c4 5d a6 3d 24 41 7b c0 32
    c9 a6 6a 9d 4d c3 c5 1c c8 ad 29 70 1e 70 f5 96
    5e e0 8c 00 05 18 a3 c2 61 8b fa 21 be a3 61 86
    20 b0 de a9 56 2e 90 6e b0 d8 27 8b 65 c2 af 95
    69 c5 43 80 f0 41 9c 51 08 65 4f 43 8d 12 ec 74
    aa 60 c9 b7 c1 6c a9 c8 56 e9 55 25 d7 a7 3f df
    da 74 fb 90 bd f9 7b 19 44 25 5f 43 b6 bc bd 08
    52 ef f2 a2 84 75 1e 7f 50 59 93 f5 5b 4d 30 86
    cb cb b7 90 59 34 c0 54 38 4a 72 2a 93 f1 b4 f2
    30 af 25 3a 0c 97 59 17 5a 56 76 90 f0 12 98 8c
    20 bf 0a 58 c9 6c 59 30 a8 70 1c 06 26 a3 26 21
    bc d1 24 e7 9a 20 09 a4 8d 97 88 6f 92 1c 8b 54
    b0 47 25 0b 89 bd 71 52 d1 b8 ca d6 20 be b4 4a
    76 81 62 bd 33 58 27 4d ec 2f 34 9b 92 f0 b2 1e
    6b aa 55 6e ea 38 6e aa 64 6b b9 a5 6c d1 cb ae
    d8 c1 c6 41 c4 fc e2 be 5e bc cd 48 28 23 ce b8
    46 5e 35 85 d8 f4 6e 5a 39 53 86 dc 1c 66 1b 42
    1f bb 7a f7 34 79 4a fb 69 29 ca f1 74 aa 19 c5
    08 01 c5 cf 21 b8 1c 4c e9 57 45 46 f3 88 b9 49
    1f 9c 39 aa 2c 9a 4e fc d3 37 62 00 86 46 15 91
    59 3b ac 97 cb b4 f2 72 69 ff 14 4b d5 7c 64 21
    48 8d f3 f4 39 21
<<< TLS 1.2, RecordHeader [length 0005]
    16 03 03 04 ba
<<< TLS 1.3, Handshake [length 04ba], ServerHello
    02 00 04 b6 03 03 d6 37 6f 76 5f 58 82 32 18 06
    1a e9 68 72 e5 fe 08 e4 1d 49 8d 8f 7f b0 d1 13
    ee 85 2e 3f dc 4b 20 80 32 70 cd d2 35 9b 38 a0
    55 bb a7 12 80 22 7b 28 98 48 83 c9 67 7e f5 70
    5f ec 44 96 10 eb f4 13 02 00 04 6e 00 2b 00 02
    03 04 00 33 04 64 11 ec 04 60 c4 3d a1 84 cf ec
    61 c3 10 59 35 91 0a fc 53 d0 69 51 9b 3f e6 91
    c8 c2 87 98 e6 33 34 65 85 e1 a2 b1 98 dc 2e b4
    33 85 5c c8 54 cc 49 a8 d1 6e 72 75 04 7a 00 41
    cf 58 a4 0c ba b6 7d f7 90 4c 4a b5 db ff 94 8b
    f6 ea f5 31 8b 02 83 5d ce 32 5d 06 2f 03 65 a6
    9b 17 9b 42 28 12 83 ff 3b 13 07 60 2a 7f 5c b8
    07 b8 3a 46 a5 94 48 7e d7 69 83 3e dc be 19 46
    90 f9 84 28 ce 9b 05 0a 0f b7 1e 83 98 07 28 c5
    75 02 0a 3a 79 94 2f c0 84 73 50 f5 60 57 cc 59
    03 29 46 4f 50 26 6d b3 6f fc 96 e7 f6 bf f1 aa
    0e cd 1d 80 15 ae 5b 35 f3 c7 05 f2 ed a8 a6 27
    2b 06 a8 c6 43 81 ae f2 29 1c 0c 49 fb 6f 2b b1
    03 76 c5 2b aa 42 06 3f df 91 32 21 c0 1d ce fd
    58 21 83 cd 82 ed 3f e8 1f f0 35 5f 2d d3 9f c3
    59 19 db 59 33 5c 1a 91 a2 fe 8e 44 f0 fa 52 56
    5e 68 1d d4 1d 0b c7 1a 2b d1 b6 c7 4a 4c 4a 87
    a5 c3 76 52 42 2e ce 84 6a c4 99 4d 33 61 09 ee
    b3 f3 59 0b 0f ca 09 22 05 96 78 46 a5 bb 46 cd
    a4 ee 55 25 be c0 0c a2 2b 82 2e 2c f2 2a 38 6e
    22 37 17 0d a2 e3 1d 33 50 18 c0 f3 d4 84 00 ff
    75 3c 70 76 17 da 5a 1d d6 55 49 f9 57 ce 41 5c
    70 ab da f2 67 f6 2f d3 e6 82 cb 4f ef ac 82 e6
    19 e2 e3 4e 97 23 a8 ea 7a 8d 59 6f 4e 86 53 d8
    37 73 52 85 80 1a 01 74 22 79 4b 84 01 28 d7 d5
    37 87 b1 9c c2 e0 27 4c af 34 40 8b db ac 80 6a
    d5 e5 8d 13 64 da e3 27 5f 64 18 a8 e1 de fc a7
    8b 76 c1 9f d2 74 1c ef b3 e6 8c 7e ab 4d e9 88
    2e 76 1e 13 a4 43 89 be f5 5a a5 34 4b 3d 9e c2
    8f a4 0c d6 32 7c 1f 2c 4a 2a 1d d4 f6 33 1c 74
    8d c6 1f fc f6 16 e0 3d 2e ff 4a 84 52 4a 04 40
    73 fe 3c 88 7a 03 ce 26 5e 62 12 f8 a7 02 0e 5a
    e5 4a e9 d1 22 8d 59 0f 15 0a 2e a8 83 ce f5 22
    52 17 02 0b 34 ec a1 ad be 8d 0a 44 c8 6d 3b b3
    f9 18 49 c8 9a e9 fa e1 0b 47 20 a9 48 0e c8 4b
    94 42 fb 86 e4 f8 51 47 9a a8 46 1d 07 c8 4c f3
    27 58 ec eb 3b df 0d 57 f3 9c b3 32 91 e1 a5 ec
    13 07 99 49 63 2c f3 fb dd d8 5c c0 ca 4e ef 6e
    df 16 e3 07 15 2f 2a e0 fd 84 7d 40 32 45 b7 77
    fa d9 5c ae 86 c4 e1 5e fb 89 9b 9e 2b 78 b4 f2
    ba b4 18 c1 51 f3 2e e0 62 7d 93 32 fd a7 9f e7
    1f 81 e6 48 8d 54 db ee 6b df 19 45 89 ef cc c1
    72 f4 bb 0a 9b 04 23 bf 3b 99 1f 0d 37 fa d3 f6
    8c 43 28 89 f8 f7 c6 d0 15 f0 c6 a3 01 77 67 70
    df 07 07 66 d0 6a 5e f4 68 49 54 1f 3c fc 0f 72
    93 b0 97 8e 74 c3 c8 a9 82 74 4d a3 ce cd bb 4b
    7c c7 c9 a0 2b d1 73 d5 bc 93 9c ea 27 46 b1 b3
    26 9c f1 bf ef 7a b7 6d 1e 1e b0 6a e4 e7 cc 27
    69 24 54 67 70 62 79 c5 f7 63 60 59 4a a1 1e da
    5c 55 00 2a ae 7f fc db a1 8c cb 28 2f 04 e9 4c
    a9 d5 71 1d 4e e6 a4 bc cb 24 1b 30 32 b3 05 79
    13 65 2d 8a 0a be d0 7e d0 73 04 6a c5 75 71 6e
    38 81 b3 94 11 ad de ef d6 d9 86 51 03 3b d2 ab
    3b 47 83 50 e4 35 b5 e4 a4 18 8f 0a 55 70 86 3d
    85 a3 d6 70 2d 68 9f 8e 2f 39 0f f1 fa d4 0e f7
    79 bd 1f 04 c8 32 b5 22 76 5c 16 05 37 91 5c 3b
    de b6 5f 22 bb 7b 24 5d 58 2a 60 34 e9 82 e9 42
    4f c8 27 85 0d 28 f0 c9 70 46 c3 38 1c 62 db 67
    e7 0e a1 8b d2 6a d8 7d 71 f6 e7 5e 69 51 90 2a
    47 54 62 d7 44 2d 26 0c 21 ba 89 f1 11 f8 f5 71
    86 12 0a 60 0d 11 1b 8e 49 3a f1 9b ea f8 25 21
    ad 8b 63 4e 5a db 44 3b 12 33 5e 13 71 44 77 b6
    74 d0 bd b1 aa 66 ef 6c 42 8b 8c 73 df f7 2f 35
    0f f5 2b 89 c1 0b 35 5d 52 e3 7e 28 63 4d 2e 99
    2b 9c 3c 63 b2 b0 f6 f7 cf f5 a4 62 f1 74 72 b7
    a6 f2 e6 a7 c0 47 10 ce 68 8f 58 aa d6 43 f8 b9
    18 1f d3 72 c7 32 8e 8d 78 d9 6e 91 20 da a9 ba
    a3 ea c3 aa be 6e e8 77 43 6e d1 78 9b 7d 94 e6
    d5 cd 69 0e 8d cb f1 e0 e9 4b 8f ce e5 6b 2c 52
    09 a6 6f 02 cf e9 16 10 78 54 e9 c8 6a a9 85 a9
    2e 64 d2 cb 94 3b 3b a0 4e 24
<<< TLS 1.2, RecordHeader [length 0005]
    14 03 03 00 01
<<< TLS 1.3, ChangeCipherSpec [length 0001]
    01
<<< TLS 1.2, RecordHeader [length 0005]
    17 03 03 00 17
<<< TLS 1.3, InnerContent [length 0001]
    16
<<< TLS 1.3, Handshake [length 0006], EncryptedExtensions
    08 00 00 02 00 00
<<< TLS 1.2, RecordHeader [length 0005]
    17 03 03 03 47
<<< TLS 1.3, InnerContent [length 0001]
    16
<<< TLS 1.3, Handshake [length 0336], Certificate
    0b 00 03 32 00 00 03 2e 00 03 29 30 82 03 25 30
    82 02 0d a0 03 02 01 02 02 01 02 30 0d 06 09 2a
    86 48 86 f7 0d 01 01 0b 05 00 30 12 31 10 30 0e
    06 03 55 04 03 0c 07 52 6f 6f 74 20 43 41 30 20
    17 0d 31 36 30 31 31 34 32 32 32 39 34 36 5a 18
    0f 32 31 31 36 30 31 31 35 32 32 32 39 34 36 5a
    30 19 31 17 30 15 06 03 55 04 03 0c 0e 73 65 72
    76 65 72 2e 65 78 61 6d 70 6c 65 30 82 01 22 30
    0d 06 09 2a 86 48 86 f7 0d 01 01 01 05 00 03 82
    01 0f 00 30 82 01 0a 02 82 01 01 00 d5 5d 60 6a
    df fc 61 ee 48 aa 8c 11 48 43 a5 6d b6 52 5d aa
    98 49 b1 61 92 35 b1 fc 3a 04 25 0c 6d 79 ff b4
    d5 c9 e9 5c 1c 3b e0 ab b3 b8 7d a3 de 6d bd e0
    dd d7 5a bf 14 47 11 42 5e a6 82 d0 61 c1 7f dd
    13 46 e6 09 85 07 0e f2 d4 fc 1a 64 d2 0a ad 20
    ab 20 6b 96 f0 ad cc c4 19 53 55 dc 01 1d a4 b3
    ef 8a b4 49 53 5d 8a 05 1c f1 dc e1 44 bf c5 d7
    e2 77 19 57 5c 97 0b 75 ee 88 43 71 0f ca 6c c1
    b4 b2 50 a7 77 46 6c 58 0f 11 bf f1 76 24 5a ae
    39 42 b7 51 67 29 e1 d0 55 30 6f 17 e4 91 ea ad
    f8 28 c2 43 6f a2 64 a9 fb 9d 98 92 62 48 3e eb
    0d 4f 82 4a 8a ff 3f 72 ee 96 b5 ae a1 c1 98 ba
    ef 7d 90 75 6d ff 5a 52 9e ab f5 c0 7e d0 87 43
    db 85 07 07 0f 7d 38 7a fd d1 d3 ee 65 1d d3 ea
    39 6a 87 37 ee 4a d3 e0 0d 6e f5 70 ac c2 bd f1
    6e f3 92 95 5e a9 f0 a1 65 95 93 8d 02 03 01 00
    01 a3 7d 30 7b 30 1d 06 03 55 1d 0e 04 16 04 14
    c0 e7 84 bf e8 59 27 33 10 b0 52 4f 51 52 2f 06
    d6 c0 7a cd 30 1f 06 03 55 1d 23 04 18 30 16 80
    14 70 7f 2e ae 83 68 59 98 04 23 2a cd eb 3e 17
    cd 24 dd 01 49 30 09 06 03 55 1d 13 04 02 30 00
    30 13 06 03 55 1d 25 04 0c 30 0a 06 08 2b 06 01
    05 05 07 03 01 30 19 06 03 55 1d 11 04 12 30 10
    82 0e 73 65 72 76 65 72 2e 65 78 61 6d 70 6c 65
    30 0d 06 09 2a 86 48 86 f7 0d 01 01 0b 05 00 03
    82 01 01 00 7b d3 04 43 75 8a 0f 11 ae c4 fb d7
    a1 a2 9e fe 20 18 d5 f4 2f 31 88 46 b6 75 8c ee
    e5 9b 97 a6 b9 a3 cd 60 9a 46 c3 48 97 e5 97 68
    f7 5a 86 35 73 d9 69 9e f9 5f 74 b9 e6 94 13 01
    cb 6a dc e3 c4 04 e9 65 da 9c a4 8b 28 f3 f9 9a
    7f bf 97 1f 45 92 e5 05 b1 56 e6 0b f6 47 de 1e
    89 b6 2b e1 4d df 4a 7e 01 d3 23 dc 97 8c 47 fe
    5f c7 cc 98 46 0e c4 83 5b ca 8a f1 52 09 be 6b
    ec 3f 09 8b d0 93 02 bf e1 51 e7 d1 7e 34 56 19
    74 d0 ff 28 25 de b7 9f 56 52 91 7d 20 29 85 0a
    80 44 5f 71 32 25 71 0f c2 16 e2 5f 6b 1d 3f 32
    5b 0a 3c 74 1c b9 62 f1 ed 07 50 a3 6d b4 b4 31
    0a c0 53 44 6a 3a 88 84 8b 2d a9 b0 37 8e e6 18
    36 bd 9a 20 40 0f 01 92 8b 3d aa 61 e7 ae 2c ed
    36 cd 3a 07 86 74 3a 29 b3 d7 3a b4 00 a9 c2 f5
    92 78 0e e2 0f a3 fe bb be e0 06 53 84 59 1d 90
    69 e5 b6 f9 00 00
<<< TLS 1.2, RecordHeader [length 0005]
    17 03 03 01 19
<<< TLS 1.3, InnerContent [length 0001]
    16
<<< TLS 1.3, Handshake [length 0108], CertificateVerify
    0f 00 01 04 08 04 01 00 34 ce ce cc 71 e9 52 71
    7e b4 1c bf 0e dd ce fe 76 ac c6 97 83 36 43 6d
    3c 7f df 94 15 d5 b3 47 27 29 c7 26 62 77 a0 69
    05 c4 c0 80 85 26 18 89 c2 13 7f b3 3e 97 bf 36
    b1 c6 8e 52 ec 34 46 2c b6 87 4a 7b b6 88 3b 5f
    8f 40 dd 6d 99 6f 9b 0e 9c e0 b7 75 c8 60 e7 a9
    97 c6 ef 2d d4 49 9e cb 31 cb 8c 00 e8 75 a3 05
    f6 d3 1d c8 dd 05 6b 6a 50 2a 2e 74 f2 e7 4a d3
    41 c7 6d 83 61 47 28 1f af a6 5a 9f 64 e8 ec 08
    31 ce d1 19 4d fe 1e 3e 57 5b e9 9b 68 a5 41 be
    47 c3 f3 84 f5 24 64 4d 6c 75 99 a2 cc d6 2e bf
    1c 50 19 9e d8 bb 8b 1b d8 0e d4 ba 98 3f 6e 0f
    c6 9d 39 24 29 fa 54 ad 16 7a ba db 00 cc f4 64
    c5 0d 30 48 09 d1 bb 56 fd 3f 0d 56 78 bf b4 da
    21 63 f7 2a 76 b9 5e 17 1e 74 7b cb a9 2e dc 1a
    9c 56 ef f0 c5 73 10 ea cf 49 0c 04 67 b5 b7 75
    c4 76 e4 5b 30 4c e2 10
<<< TLS 1.2, RecordHeader [length 0005]
    17 03 03 00 45
<<< TLS 1.3, InnerContent [length 0001]
    16
<<< TLS 1.3, Handshake [length 0034], Finished
    14 00 00 30 00 48 58 d0 d7 d5 e5 86 77 eb 05 66
    88 3b c2 e1 4c 93 9b 4b a7 b3 c3 9c 01 bc 36 4e
    f0 08 d5 d7 24 1c 31 01 e8 24 e4 12 25 18 7f e3
    66 ba 81 c5
>>> TLS 1.2, RecordHeader [length 0005]
    14 03 03 00 01
>>> TLS 1.3, ChangeCipherSpec [length 0001]
    01
>>> TLS 1.2, RecordHeader [length 0005]
    17 03 03 00 45
>>> TLS 1.2, InnerContent [length 0001]
    16
>>> TLS 1.3, Handshake [length 0034], Finished
    14 00 00 30 66 71 22 36 81 76 4a fb 50 ed 69 ba
    62 98 06 0b 45 f7 7f cf 03 3d e3 d2 c4 a7 5e ce
    88 41 b8 41 63 1f 37 60 20 37 ca d4 36 a5 09 36
    52 dc d8 9b
---
Certificate chain
 0 s:CN=server.example
   i:CN=Root CA
   a:PKEY: RSA, 2048 (bit); sigalg: sha256WithRSAEncryption
   v:NotBefore: Jan 14 22:29:46 2016 GMT; NotAfter: Jan 15 22:29:46 2116 GMT
---
Server certificate
-----BEGIN CERTIFICATE-----
MIIDJTCCAg2gAwIBAgIBAjANBgkqhkiG9w0BAQsFADASMRAwDgYDVQQDDAdSb290
IENBMCAXDTE2MDExNDIyMjk0NloYDzIxMTYwMTE1MjIyOTQ2WjAZMRcwFQYDVQQD
DA5zZXJ2ZXIuZXhhbXBsZTCCASIwDQYJKoZIhvcNAQEBBQADggEPADCCAQoCggEB
ANVdYGrf/GHuSKqMEUhDpW22Ul2qmEmxYZI1sfw6BCUMbXn/tNXJ6VwcO+Crs7h9
o95tveDd11q/FEcRQl6mgtBhwX/dE0bmCYUHDvLU/Bpk0gqtIKsga5bwrczEGVNV
3AEdpLPvirRJU12KBRzx3OFEv8XX4ncZV1yXC3XuiENxD8pswbSyUKd3RmxYDxG/
8XYkWq45QrdRZynh0FUwbxfkkeqt+CjCQ2+iZKn7nZiSYkg+6w1PgkqK/z9y7pa1
rqHBmLrvfZB1bf9aUp6r9cB+0IdD24UHBw99OHr90dPuZR3T6jlqhzfuStPgDW71
cKzCvfFu85KVXqnwoWWVk40CAwEAAaN9MHswHQYDVR0OBBYEFMDnhL/oWSczELBS
T1FSLwbWwHrNMB8GA1UdIwQYMBaAFHB/Lq6DaFmYBCMqzes+F80k3QFJMAkGA1Ud
EwQCMAAwEwYDVR0lBAwwCgYIKwYBBQUHAwEwGQYDVR0RBBIwEIIOc2VydmVyLmV4
YW1wbGUwDQYJKoZIhvcNAQELBQADggEBAHvTBEN1ig8RrsT716Ginv4gGNX0LzGI
RrZ1jO7lm5emuaPNYJpGw0iX5Zdo91qGNXPZaZ75X3S55pQTActq3OPEBOll2pyk
iyjz+Zp/v5cfRZLlBbFW5gv2R94eibYr4U3fSn4B0yPcl4xH/l/HzJhGDsSDW8qK
8VIJvmvsPwmL0JMCv+FR59F+NFYZdND/KCXet59WUpF9ICmFCoBEX3EyJXEPwhbi
X2sdPzJbCjx0HLli8e0HUKNttLQxCsBTRGo6iISLLamwN47mGDa9miBADwGSiz2q
YeeuLO02zToHhnQ6KbPXOrQAqcL1kngO4g+j/ru+4AZThFkdkGnltvk=
-----END CERTIFICATE-----
subject=CN=server.example
issuer=CN=Root CA
---
No client certificate CA names sent
Peer signing digest: SHA256
Peer signature type: rsa_pss_rsae_sha256
Negotiated TLS1.3 group: X25519MLKEM768
---
SSL handshake has read 2453 bytes and written 1483 bytes
Verification error: unable to verify the first certificate
---
New, TLSv1.3, Cipher is TLS_AES_256_GCM_SHA384
Protocol: TLSv1.3
Server public key is 2048 bit
This TLS version forbids renegotiation.
Compression: NONE
Expansion: NONE
No ALPN negotiated
Early data was not sent
Verify return code: 21 (unable to verify the first certificate)
---
<<< TLS 1.2, RecordHeader [length 0005]
    17 03 03 00 fa
<<< TLS 1.3, InnerContent [length 0001]
    16
<<< TLS 1.3, Handshake [length 00e9], NewSessionTicket
    04 00 00 e5 00 00 1c 20 cb a3 6c 9a 08 00 00 00
    00 00 00 00 00 00 d0 c9 f5 73 4b 8e 2d a2 ad f3
    5e 50 a7 b5 5d f0 05 b6 d8 b3 37 14 55 d9 b4 c3
    ef 40 8b bc 3d 11 87 97 23 ce a3 ae 8d 1d 82 da
    47 c8 c3 4b 4b 59 e5 17 43 66 0c e0 6f db 6d 4f
    2f 44 ed de 3c 16 c4 7c e2 34 86 f3 d1 12 65 62
    ca 45 70 89 76 1d 25 a0 4d ec cd 42 bc ae 06 08
    9a f8 fb 8d fe 80 aa 50 01 e6 5e 2c 2c f3 9d 51
    fe a8 fc 14 61 24 00 ab dc e6 29 82 42 8d b5 f2
    72 8f a3 cd cb d5 0c 87 c5 34 3b d2 53 26 48 ee
    3c 5b a5 0b d7 f2 d0 c4 69 bd a4 04 d9 7c 1f 3c
    ff a8 68 4b 78 35 fe 09 d0 74 81 6c c5 44 49 bb
    d7 bf 12 6a c4 9c d1 46 bf fb ea 12 27 35 eb 40
    6d 28 bd b3 e2 ae 5e 2f 3b 0b b0 40 9c f6 4f 01
    57 5e 55 95 7d bb 5c 00 00
---
Post-Handshake New Session Ticket arrived:
SSL-Session:
    Protocol  : TLSv1.3
    Cipher    : TLS_AES_256_GCM_SHA384
    Session-ID: EBE150BB6250A6A26C9F63C49DBFB50F5CBBE916D22547A5D856DE54D3F562A4
    Session-ID-ctx: 
    Resumption PSK: A800D44255A4632C2C85639D84DC15B1FE5883D1E205E982C74041287BDBFA9B96AD16E5D9769AD7E09E426590A78B11
    PSK identity: None
    PSK identity hint: None
    SRP username: None
    TLS session ticket lifetime hint: 7200 (seconds)
    TLS session ticket:
    0000 - c9 f5 73 4b 8e 2d a2 ad-f3 5e 50 a7 b5 5d f0 05   ..sK.-...^P..]..
    0010 - b6 d8 b3 37 14 55 d9 b4-c3 ef 40 8b bc 3d 11 87   ...7.U....@..=..
    0020 - 97 23 ce a3 ae 8d 1d 82-da 47 c8 c3 4b 4b 59 e5   .#.......G..KKY.
    0030 - 17 43 66 0c e0 6f db 6d-4f 2f 44 ed de 3c 16 c4   .Cf..o.mO/D..<..
    0040 - 7c e2 34 86 f3 d1 12 65-62 ca 45 70 89 76 1d 25   |.4....eb.Ep.v.%
    0050 - a0 4d ec cd 42 bc ae 06-08 9a f8 fb 8d fe 80 aa   .M..B...........
    0060 - 50 01 e6 5e 2c 2c f3 9d-51 fe a8 fc 14 61 24 00   P..^,,..Q....a$.
    0070 - ab dc e6 29 82 42 8d b5-f2 72 8f a3 cd cb d5 0c   ...).B...r......
    0080 - 87 c5 34 3b d2 53 26 48-ee 3c 5b a5 0b d7 f2 d0   ..4;.S&H.<[.....
    0090 - c4 69 bd a4 04 d9 7c 1f-3c ff a8 68 4b 78 35 fe   .i....|.<..hKx5.
    00a0 - 09 d0 74 81 6c c5 44 49-bb d7 bf 12 6a c4 9c d1   ..t.l.DI....j...
    00b0 - 46 bf fb ea 12 27 35 eb-40 6d 28 bd b3 e2 ae 5e   F....'5.@m(....^
    00c0 - 2f 3b 0b b0 40 9c f6 4f-01 57 5e 55 95 7d bb 5c   /;..@..O.W^U.}.\

    Start Time: 1790649522
    Timeout   : 7200 (sec)
    Verify return code: 21 (unable to verify the first certificate)
    Extended master secret: no
    Max Early Data: 0
---
read R BLOCK
<<< TLS 1.2, RecordHeader [length 0005]
    17 03 03 00 fa
<<< TLS 1.3, InnerContent [length 0001]
    16
<<< TLS 1.3, Handshake [length 00e9], NewSessionTicket
    04 00 00 e5 00 00 1c 20 1d 26 78 c6 08 00 00 00
    00 00 00 00 01 00 d0 c9 f5 73 4b 8e 2d a2 ad f3
    5e 50 a7 b5 5d f0 05 f5 37 76 f0 2f 54 80 4b 91
    cc 2e 06 81 8e ba 1b 9d 16 9b 48 31 3c 69 24 3a
    17 bc cb d3 f0 b1 90 1c 1b 50 47 90 82 c2 05 26
    c9 00 7a 83 b4 28 ce 44 e7 c7 c9 08 ad 68 03 cf
    26 40 33 ae c0 c0 48 9b 8d 3b cf f3 a0 cf 68 44
    f0 13 2f 82 8b 29 1e 3b c9 a2 e3 20 6c 3e 70 e1
    aa c2 a7 1b c4 06 7e 64 9e 6b d6 5e c6 77 07 f2
    01 76 ee 61 91 af b2 fa 2b d8 5e 79 e0 74 99 52
    c2 4e d3 6a 43 49 ed 17 83 3c 5c 48 88 d2 03 61
    94 3d 3d 50 39 2f b1 4e 48 c5 99 f8 2f 17 7b 3a
    75 1d 7c 74 6a 87 e9 e1 f0 d6 8b f5 b2 70 ce c6
    32 5f 40 09 d0 f8 c0 a7 0a 8e a6 69 a6 ba c1 d2
    95 be 4d 73 b8 e3 49 00 00
---
Post-Handshake New Session Ticket arrived:
SSL-Session:
    Protocol  : TLSv1.3
    Cipher    : TLS_AES_256_GCM_SHA384
    Session-ID: B17EFBF2A7FA306F89305787599E53A56DC2EAA759D925684F252A7B7EA53E1E
    Session-ID-ctx: 
    Resumption PSK: 53B4611D1640A7B62FF0C4AA31F6F50A798AE4A88009BE4C0B812FDCD185BC64156940A025488014607F2F345B7060DF
    PSK identity: None
    PSK identity hint: None
    SRP username: None
    TLS session ticket lifetime hint: 7200 (seconds)
    TLS session ticket:
    0000 - c9 f5 73 4b 8e 2d a2 ad-f3 5e 50 a7 b5 5d f0 05   ..sK.-...^P..]..
    0010 - f5 37 76 f0 2f 54 80 4b-91 cc 2e 06 81 8e ba 1b   .7v./T.K........
    0020 - 9d 16 9b 48 31 3c 69 24-3a 17 bc cb d3 f0 b1 90   ...H1<i$:.......
    0030 - 1c 1b 50 47 90 82 c2 05-26 c9 00 7a 83 b4 28 ce   ..PG....&..z..(.
    0040 - 44 e7 c7 c9 08 ad 68 03-cf 26 40 33 ae c0 c0 48   D.....h..&@3...H
    0050 - 9b 8d 3b cf f3 a0 cf 68-44 f0 13 2f 82 8b 29 1e   ..;....hD../..).
    0060 - 3b c9 a2 e3 20 6c 3e 70-e1 aa c2 a7 1b c4 06 7e   ;... l>p.......~
    0070 - 64 9e 6b d6 5e c6 77 07-f2 01 76 ee 61 91 af b2   d.k.^.w...v.a...
    0080 - fa 2b d8 5e 79 e0 74 99-52 c2 4e d3 6a 43 49 ed   .+.^y.t.R.N.jCI.
    0090 - 17 83 3c 5c 48 88 d2 03-61 94 3d 3d 50 39 2f b1   ..<\H...a.==P9/.
    00a0 - 4e 48 c5 99 f8 2f 17 7b-3a 75 1d 7c 74 6a 87 e9   NH.../.{:u.|tj..
    00b0 - e1 f0 d6 8b f5 b2 70 ce-c6 32 5f 40 09 d0 f8 c0   ......p..2_@....
    00c0 - a7 0a 8e a6 69 a6 ba c1-d2 95 be 4d 73 b8 e3 49   ....i......Ms..I

    Start Time: 1790649522
    Timeout   : 7200 (sec)
    Verify return code: 21 (unable to verify the first certificate)
    Extended master secret: no
    Max Early Data: 0
---
read R BLOCK
>>> TLS 1.2, RecordHeader [length 0005]
    17 03 03 00 13
>>> TLS 1.2, InnerContent [length 0001]
    15
>>> TLS 1.3, Alert [length 0002], warning close_notify
    01 00
Connecting to 127.0.0.1
SSL_connect:before SSL initialization
SSL_connect:SSLv3/TLS write client hello
SSL_connect:SSLv3/TLS write client hello
SSL_connect:SSLv3/TLS read server hello
Can't use SSL_get_servername
SSL_connect:TLSv1.3 read encrypted extensions
depth=0 CN=server.example
verify error:num=20:unable to get local issuer certificate
verify return:1
depth=0 CN=server.example
verify error:num=21:unable to verify the first certificate
verify return:1
depth=0 CN=server.example
verify return:1
SSL_connect:SSLv3/TLS read server certificate
SSL_connect:TLSv1.3 read server certificate verify
SSL_connect:SSLv3/TLS read finished
SSL_connect:SSLv3/TLS write change cipher spec
SSL_connect:SSLv3/TLS write finished
SSL_connect:SSL negotiation finished successfully
SSL_connect:SSL negotiation finished successfully
SSL_connect:SSLv3/TLS read server session ticket
SSL_connect:SSL negotiation finished successfully
SSL_connect:SSL negotiation finished successfully
SSL_connect:SSLv3/TLS read server session ticket
DONE
SSL3 alert write:warning:close notify
