CONNECTED(00000003)
>>> TLS 1.0, RecordHeader [length 0005]
    16 03 01 00 d6
>>> TLS 1.3, Handshake [length 00d6], ClientHello
    01 00 00 d2 03 03 d2 b0 68 73 aa 8f 57 8c 40 6d
    f5 66 ad 84 f6 c4 e3 a4 d3 96 19 6a 55 bf c6 ba
    a7 c1 6e f1 f7 9d 20 39 cf c6 0f ba 62 ae 12 fa
    50 ef 0b 60 07 95 e4 d7 d8 ac 47 4e 54 9a 43 9e
    1f 40 7b 72 62 73 13 00 06 13 02 13 03 13 01 01
    00 00 83 00 0b 00 04 03 00 01 02 00 0a 00 06 00
    04 00 1d 11 ec 00 23 00 00 00 16 00 00 00 17 00
    00 00 0d 00 2a 00 28 09 05 09 06 09 04 04 03 05
    03 06 03 08 07 08 08 08 1a 08 1b 08 1c 08 09 08
    0a 08 0b 08 04 08 05 08 06 04 01 05 01 06 01 00
    2b 00 03 02 03 04 00 2d 00 02 01 01 00 33 00 26
    00 24 00 1d 00 20 a4 5d 3b 8a b8 4e 2b 0a 7d 75
    ff fa 4c c8 65 70 d9 13 58 2d c7 fb 8c 67 4d 7b
    ce 41 bf 0f 52 00
<<< TLS 1.2, RecordHeader [length 0005]
    16 03 03 00 58
<<< TLS 1.3, Handshake [length 0058], ServerHello
    02 00 00 54 03 03 cf 21 ad 74 e5 9a 61 11 be 1d
    8c 02 1e 65 b8 91 c2 a2 11 16 7a bb 8c 5e 07 9e
    09 e2 c8 a8 33 9c 20 39 cf c6 0f ba 62 ae 12 fa
    50 ef 0b 60 07 95 e4 d7 d8 ac 47 4e 54 9a 43 9e
    1f 40 7b 72 62 73 13 13 02 00 00 0c 00 2b 00 02
    03 04 00 33 00 02 11 ec
>>> TLS 1.2, RecordHeader [length 0005]
    14 03 03 00 01
>>> TLS 1.3, ChangeCipherSpec [length 0001]
    01
>>> TLS 1.2, RecordHeader [length 0005]
    16 03 03 05 76
>>> TLS 1.3, Handshake [length 0576], ClientHello
    01 00 05 72 03 03 d2 b0 68 73 aa 8f 57 8c 40 6d
    f5 66 ad 84 f6 c4 e3 a4 d3 96 19 6a 55 bf c6 ba
    a7 c1 6e f1 f7 9d 20 39 cf c6 0f ba 62 ae 12 fa
    50 ef 0b 60 07 95 e4 d7 d8 ac 47 4e 54 9a 43 9e
    1f 40 7b 72 62 73 13 00 06 13 02 13 03 13 01 01
    00 05 23 00 0b 00 04 03 00 01 02 00 0a 00 06 00
    04 00 1d 11 ec 00 23 00 00 00 16 00 00 00 17 00
    00 00 0d 00 2a 00 28 09 05 09 06 09 04 04 03 05
    03 06 03 08 07 08 08 08 1a 08 1b 08 1c 08 09 08
    0a 08 0b 08 04 08 05 08 06 04 01 05 01 06 01 00
    2b 00 03 02 03 04 00 2d 00 02 01 01 00 33 04 c6
    04 c4 11 ec 04 c0 23 fb 61 18 d3 95 c9 bb 07 96
    60 5e b5 b4 74 23 9b 17 ad 14 43 9b 29 af c8 0b
    25 f3 b3 c5 7d 95 5e 32 95 15 70 06 9d 85 9b 68
    84 9c 7e 40 66 64 1f 05 42 e2 79 4b fd 1b 03 1f
    f6 40 35 00 0a 72 1a 43 07 e7 9f d8 55 a9 ac 80
    34 6c 9a 9b 55 d6 c1 f3 c5 69 25 8c ce 5d 79 8b
    6c d3 25 14 b0 71 0c c8 c4 c0 05 0d 49 b3 89 e8
    89 2e 5a 46 7f 76 3a 01 94 a1 5e d6 98 63 c6 0a
    c8 c0 21 01 28 6a 04 26 59 a0 0d 18 39 10 aa 29
    43 c5 54 20 f7 9f c2 dc 99 c2 0b 59 d0 ca 5c 29
    e5 87 ee b8 99 34 23 98 90 f1 2a 02 d1 3e d6 d8
    b7 f0 b3 bf 5f ea 81 7d da 37 78 b9 6b f6 aa 23
    9d d2 71 6e db b8 f7 9b 78 ac 93 b2 46 c9 2e 42
    b3 ae e9 30 7a 96 07 9a 8b c5 3b 3a 74 48 09 fb
    8c 27 e7 75 0e a4 64 14 d6 b3 d4 57 14 92 25 72
    ee e7 55 73 40 91 9a 04 c8 da 8b 89 69 22 51 02
    82 64 40 6c 8e 55 a0 29 8b 0b 94 d5 05 45 ee 69
    40 f5 f7 5b 1e 33 c3 c8 43 bf f8 20 91 50 76 1f
    d0 86 64 52 c8 3b fd 89 53 94 94 5c 9a 58 7e 4b
    49 6c 88 49 b0 78 02 14 8f e9 ce 7c 00 cc 7a fc
    ca 1f c8 9f 5e 63 24 af bc 82 f9 96 24 d9 c5 9e
    11 c6 2c 57 21 8d 28 29 83 e8 9b 5c 6a 4c b4 d2
    64 c2 ad 23 2e 93 87 6f 7c 3a 00 5d e1 c7 18 31
    1b 12 01 c8 28 04 9a 39 4c 02 e9 e0 28 97 f4 36
    72 10 83 f3 50 59 53 5a 88 37 f5 84 2f f5 b2 64
    d8 4a cc 63 31 bc c6 2e 9e e9 6f 46 e2 aa 0e ec
    9f 33 51 7a f3 b4 82 ff 6b 45 93 9a a0 d3 d0 ca
    d4 a6 26 ac 35 ad 10 12 11 76 77 23 2a 28 62 c2
    32 8a 52 a5 42 d5 0c 02 58 d3 a5 6b 18 6b 3e d0
    b1 12 fc 45 78 71 18 d1 c3 af 88 a3 92 af 83 79
    45 01 4c c3 f0 00 5c d3 3d f8 58 0a ad e4 94 f1
    13 16 b3 9a 57 46 14 c6 7a f3 83 9e 51 82 3b 9a
    79 5d cc 80 15 90 59 1e 33 91 db aa 79 d0 46 b9
    c7 e5 03 b0 58 4f a8 e0 96 f3 a0 43 94 ea c7 86
    99 55 da db 6e e5 24 96 e7 9c 69 a5 d3 b5 b4 c6
    72 36 ec 3f 00 02 1d 13 18 14 2d 16 52 62 e9 82
    7a 83 19 08 13 38 e9 29 38 31 18 42 d7 4a 8c 54
    dc 3c 3a 78 67 2c e2 9e 84 f7 22 77 66 1d 43 06
    6f e2 d1 b1 7f e1 54 93 6b 8c ac 08 a1 19 64 a2
    40 55 c6 f6 4a 68 48 5c ce e3 7c 68 1c 66 44 5c
    6a af 5e a0 3e 31 7c 2f 7c f3 53 6d 04 16 8d d2
    7f 61 42 4f 14 a8 6d d0 30 95 fc 38 87 07 ba cd
    21 b0 07 b9 06 5b b8 3b 3d 99 c2 b5 5d b3 69 a0
    06 48 de ea 70 e5 79 35 cf 4a c9 8a da 8b 00 45
    74 47 95 bc 4e 53 c1 7c b2 52 f6 0b aa 0b 7a a1
    b9 fb 7f 48 b6 86 d7 f0 6d 62 01 96 2e e2 7d 5f
    c7 60 a9 4b 8e 69 03 30 22 b8 68 48 b1 c5 d0 27
    11 ec 5b 95 fd fc 83 65 fc 79 83 84 0c 44 22 a6
    c0 95 53 21 3a 2a 1f 70 54 3f 23 19 98 50 98 e8
    34 7c de 76 54 ca a6 b1 2f 23 3c f8 e3 ae a5 21
    7f 04 a9 5e ea e8 c0 dc d7 82 ea 61 63 17 d9 b4
    ec 58 c6 77 e0 7c 28 77 bd 9e 67 87 e7 46 bd f7
    31 bf c2 64 05 fc 75 4d 96 94 31 d1 c1 82 4b e3
    7c ba 71 07 ee 75 65 61 ec 4f 2f e0 b3 12 33 4c
    07 a9 63 34 72 21 7c a8 b1 ed a0 85 02 0c 12 41
    4a b9 93 07 cd 2d ba 28 87 8b 55 5a 97 b8 f2 e2
    c4 2a b8 92 91 0a 32 8f 64 0b f1 38 0d 3e aa 10
    ea 58 45 ae b5 71 d6 86 2a d8 b8 4e 35 ea 2e 89
    75 21 f0 61 8d 12 72 96 34 32 bb 79 d3 01 2e 00
    9a 7b ea 4b b2 83 c0 aa 05 27 03 02 4d 4b 9b 97
    65 d1 a9 15 07 4e 53 28 c2 3b fa 61 0f 61 7c 3a
    b3 ab 13 5a c4 7a 77 09 bb b7 7c fd 86 86 4e 9b
    7a d0 1b 55 f8 a0 3d 76 f7 b1 08 b3 6c 93 82 11
    85 37 a5 02 e9 a6 75 a9 1f c4 ab 02 2c 60 ce 69
    f2 7a 49 da 77 f6 30 54 84 22 23 5f 36 67 fe 93
    38 95 c6 b3 29 97 bb 75 1b 64 02 c1 10 6d 65 c9
    1e 48 b9 61 ba 50 7c cb 05 4b 68 cc 5a 45 2a 08
    44 a0 91 d4 2a 9f 76 c5 2c bc 80 3e 73 ab aa b4
    29 fd 54 92 1e 36 42 e8 06 cd 8e c3 a9 e8 d3 13
    4d 57 30 46 5c a9 8a e7 0f d9 00 99 94 24 8e 39
    99 b7 76 3a a2 fe 98 b8 3c ea 96 d2 e7 19 f1 ec
    0f 25 38 23 88 56 1b 49 b4 27 4e c1 15 94 5c ba
    34 63 15 5e b2 ba 7b a7 d8 6c 76 8b bb 11 45 bf
    49 27 21 98 28 4d 71 cb 83 6f d4 d9 d6 b6 cb e0
    77 9f 49 23 b1 24 8d 5b 55 25 8a 11 eb 64 5b e4
    a7 4e 0e 37 6c a6 e8 28 80 50 21 64 29 86 40 dd
    d1 e4 e2 0c cb 17
<<< TLS 1.2, RecordHeader [length 0005]
    14 03 03 00 01
<<< TLS 1.3, ChangeCipherSpec [length 0001]
    01
<<< TLS 1.2, RecordHeader [length 0005]
    16 03 03 04 ba
<<< TLS 1.3, Handshake [length 04ba], ServerHello
    02 00 04 b6 03 03 93 74 95 a0 c2 e7 7f 42 ee 06
    c6 38 da 42 d8 a6 56 95 ce e4 cf 74 4b 4a a9 37
    85 a1 f0 a4 23 37 20 39 cf c6 0f ba 62 ae 12 fa
    50 ef 0b 60 07 95 e4 d7 d8 ac 47 4e 54 9a 43 9e
    1f 40 7b 72 62 73 13 13 02 00 04 6e 00 2b 00 02
    03 04 00 33 04 64 11 ec 04 60 a9 b8 99 46 81 e9
    c0 56 88 02 d3 6c a8 f8 61 0f 24 ce 15 77 4c 15
    c2 98 55 12 a4 98 e4 6e 97 ce b0 2f a8 4f 6f d4
    70 b8 33 33 02 ab 7c 40 02 61 ab 35 19 fb ee 17
    ac 34 be 4a a8 80 a2 08 46 79 72 1b 87 25 aa c9
    52 0c a2 51 f0 6f b4 08 ae c4 37 0e 1d 41 45 ea
    d2 40 1d 18 8d 9f 53 6e bd c5 7b 60 bd b1 41 a9
    9d 5e c6 31 dc ff 86 72 6f ed 28 6c 4d 6c 4c 09
    75 db 77 00 d4 44 8c 54 8a 07 58 c5 86 98 5f e6
    d1 b2 bb 47 82 b7 52 e1 99 54 aa cc 3c 6f c3 47
    5c 51 c7 27 16 5a 15 66 62 61 bb 95 c4 5a 53 13
    ae 1b 4d 22 2b 61 77 23 81 0b a5 fd 36 1e 65 db
    9e cd 48 bf 3e 5f c7 3e 83 c2 38 42 30 f0 3f c7
    b3 1b 52 12 b6 65 a0 43 bf fa 77 36 fc 7c 13 dd
    ac b0 48 a3 5d de 7a 34 f3 23 bf d1 53 37 70 13
    5d bc 22 60 07 fc e8 b1 ae 0f 6c 2f 91 0d bf 62
    e2 b1 37 dd 70 50 39 2d 64 d5 0d d8 09 ca aa 65
    5a fc b1 18 09 35 4b 4f ed 2c 09 dc ac ca 91 14
    18 e2 20 13 a9 c6 ad 36 73 0b 6c 0a 5b d7 72 f1
    7b 4f bf b6 1f eb b6 e5 a6 60 53 bd fc 73 36 a1
    b7 3a e7 75 30 58 ed b1 d2 5e 64 89 50 7d 51 64
    1b eb 48 3a 29 2a 53 35 75 4e d4 30 2b f7 9a d8
    c0 47 39 57 d3 d4 26 6c cb 8e 6a 01 9a 1c 4a f0
    72 fe 92 d3 5b dc cc 50 b3 a2 90 7d 59 23 77 62
    9e 72 e9 c8 30 bb dd 09 f2 ee d3 11 0c 27 99 f9
    d4 60 7b 9b 02 87 df 9d bd 31 6d 7a 18 36 d3 a9
    5a 70 97 4c 37 b8 d7 e8 34 67 1e 7d eb 04 3a 5d
    d9 57 d2 4b 09 87 74 13 a5 9c 4b fe fe 84 32 8c
    1b 29 c7 50 f9 66 29 cb bc 09 66 24 4c 4e a1 c6
    f7 ba 8d 85 df 35 da ba 42 e5 87 85 fd 35 67 d9
    70 11 14 1a 5c e5 b6 b7 74 4b 3f af bd b7 cc 60
    ac 32 d4 f2 d3 32 86 60 a0 ba a0 74 ef 50 f3 a0
    eb 96 d7 5c 1c 40 67 b8 48 07 c1 2e 8d f2 7a 85
    c2 1c 70 12 9e e4 60 9f 04 71 94 7b f3 a7 7c 42
    1d e4 0f 79 af 2a de b4 32 92 d7 77 20 5b d1 b6
    bf e1 48 fa 87 31 c4 c8 d1 bc b1 33 5b d7 a6 bc
    93 6e bf 85 8d ad 7e f1 5e 63 22 35 a3 e0 45 c0
    1b b2 c3 bc 40 ae c6 ba 40 80 b3 98 c8 b2 06 9d
    92 7b 0f d4 ab d6 a6 9f 8e 9c c8 c1 94 11 15 0c
    5b 5a 50 46 12 05 96 42 2a 24 4f e8 4a 1d d0 4e
    e5 ff 50 1d a1 9f 7a c2 3e 42 10 44 c1 10 bf 1e
    9c cc 8a 9c 84 a1 00 2f 2a b8 23 63 f4 79 bf 1f
    8b bb c6 8e 7b 80 f7 c4 8b 5a 3c d9 9e 5e aa 71
    93 ec d9 d8 6a 12 13 0a 04 aa e0 04 ad 47 ef 86
    3a 1e 7b b4 6d 55 f3 10 b6 83 b0 9d fd af c0 db
    8d 1a 76 b1 fc ee dd 66 e8 d4 5d f3 64 5d e4 d1
    68 8e b2 49 94 68 62 4d b7 28 e0 01 3e af ce 69
    56 8a e0 24 d5 e2 53 11 d6 74 7e 22 c8 c7 96 0c
    e2 83 c9 e2 5d b0 b1 28 cc 88 13 7e d4 28 7d 86
    8f 35 96 94 d6 b5 45 67 18 1c f2 08 29 86 05 81
    7f 1d 64 9a 9b 29 14 de ce 1c ff 92 5c ed 60 e1
    95 55 b2 ea 92 5d 37 fe 52 c4 d1 bd 7a d9 b3 87
    02 bf 1f 15 81 2f 15 a3 98 e5 1e f9 1e b4 ad 33
    86 c8 bd 3e a1 bb 59 96 9a 55 78 ed e1 63 a8 54
    24 77 b4 8d 36 2c ce 67 8e 51 c5 d4 c7 da a5 f3
    90 21 44 98 e1 99 43 c9 cb b4 12 4d 37 42 c7 61
    66 a3 f1 ec 48 86 0e 9a 8a 33 ae 98 45 fe 35 f2
    0a 0a 17 2c a6 ab f0 b8 56 06 29 38 b6 72 56 b6
    2a 18 43 59 0a db 1b 81 c3 58 be 0f 4b aa fa bb
    ea 98 b5 b4 40 2c 1e 65 21 19 5a 2b aa f8 d8 59
    3b ec d8 1e af 92 85 18 ce 49 65 5b 92 9e f4 4b
    98 e0 fb 34 5e aa b6 06 a4 c9 19 a9 c9 e5 1f e4
    5a f6 62 43 2c 97 9b d9 45 5c d6 b3 31 a7 5f 5c
    6f c9 9f 9a 81 61 1c 29 ac 2a a8 f5 97 d5 20 bb
    32 b3 e5 1a 65 ca 61 6a 46 cc ee a8 35 50 06 44
    eb 44 14 28 bb 70 32 51 ed 1a da 21 3c a4 59 31
    2d 6f bc ce 75 28 12 4f 22 36 8a bc 47 28 82 64
    00 90 09 f7 d5 49 ba 5e 6d 15 3f 9b d2 8b e2 c0
    00 a2 4f bb 56 a8 d4 f9 26 8b d3 ba cf 9a b0 9f
    b9 6b b4 35 b8 52 14 8d cd 22 9e ad a4 92 ce cb
    5b 13 24 84 f5 99 c5 6e 09 69
<<< TLS 1.2, RecordHeader [length 0005]
    17 03 03 00 17
<<< TLS 1.3, InnerContent [length 0001]
    16
<<< TLS 1.3, Handshake [length 0006], EncryptedExtensions
    08 00 00 02 00 00
<<< TLS 1.2, RecordHeader [length 0005]
    17 03 03 03 47
<<< TLS 1.3, InnerContent [length 0001]
    16
<<< TLS 1.3, Handshake [length 0336], Certificate
    0b 00 03 32 00 00 03 2e 00 03 29 30 82 03 25 30
    82 02 0d a0 03 02 01 02 02 01 02 30 0d 06 09 2a
    86 48 86 f7 0d 01 01 0b 05 00 30 12 31 10 30 0e
    06 03 55 04 03 0c 07 52 6f 6f 74 20 43 41 30 20
    17 0d 31 36 30 31 31 34 32 32 32 39 34 36 5a 18
    0f 32 31 31 36 30 31 31 35 32 32 32 39 34 36 5a
    30 19 31 17 30 15 06 03 55 04 03 0c 0e 73 65 72
    76 65 72 2e 65 78 61 6d 70 6c 65 30 82 01 22 30
    0d 06 09 2a 86 48 86 f7 0d 01 01 01 05 00 03 82
    01 0f 00 30 82 01 0a 02 82 01 01 00 d5 5d 60 6a
    df fc 61 ee 48 aa 8c 11 48 43 a5 6d b6 52 5d aa
    98 49 b1 61 92 35 b1 fc 3a 04 25 0c 6d 79 ff b4
    d5 c9 e9 5c 1c 3b e0 ab b3 b8 7d a3 de 6d bd e0
    dd d7 5a bf 14 47 11 42 5e a6 82 d0 61 c1 7f dd
    13 46 e6 09 85 07 0e f2 d4 fc 1a 64 d2 0a ad 20
    ab 20 6b 96 f0 ad cc c4 19 53 55 dc 01 1d a4 b3
    ef 8a b4 49 53 5d 8a 05 1c f1 dc e1 44 bf c5 d7
    e2 77 19 57 5c 97 0b 75 ee 88 43 71 0f ca 6c c1
    b4 b2 50 a7 77 46 6c 58 0f 11 bf f1 76 24 5a ae
    39 42 b7 51 67 29 e1 d0 55 30 6f 17 e4 91 ea ad
    f8 28 c2 43 6f a2 64 a9 fb 9d 98 92 62 48 3e eb
    0d 4f 82 4a 8a ff 3f 72 ee 96 b5 ae a1 c1 98 ba
    ef 7d 90 75 6d ff 5a 52 9e ab f5 c0 7e d0 87 43
    db 85 07 07 0f 7d 38 7a fd d1 d3 ee 65 1d d3 ea
    39 6a 87 37 ee 4a d3 e0 0d 6e f5 70 ac c2 bd f1
    6e f3 92 95 5e a9 f0 a1 65 95 93 8d 02 03 01 00
    01 a3 7d 30 7b 30 1d 06 03 55 1d 0e 04 16 04 14
    c0 e7 84 bf e8 59 27 33 10 b0 52 4f 51 52 2f 06
    d6 c0 7a cd 30 1f 06 03 55 1d 23 04 18 30 16 80
    14 70 7f 2e ae 83 68 59 98 04 23 2a cd eb 3e 17
    cd 24 dd 01 49 30 09 06 03 55 1d 13 04 02 30 00
    30 13 06 03 55 1d 25 04 0c 30 0a 06 08 2b 06 01
    05 05 07 03 01 30 19 06 03 55 1d 11 04 12 30 10
    82 0e 73 65 72 76 65 72 2e 65 78 61 6d 70 6c 65
    30 0d 06 09 2a 86 48 86 f7 0d 01 01 0b 05 00 03
    82 01 01 00 7b d3 04 43 75 8a 0f 11 ae c4 fb d7
    a1 a2 9e fe 20 18 d5 f4 2f 31 88 46 b6 75 8c ee
    e5 9b 97 a6 b9 a3 cd 60 9a 46 c3 48 97 e5 97 68
    f7 5a 86 35 73 d9 69 9e f9 5f 74 b9 e6 94 13 01
    cb 6a dc e3 c4 04 e9 65 da 9c a4 8b 28 f3 f9 9a
    7f bf 97 1f 45 92 e5 05 b1 56 e6 0b f6 47 de 1e
    89 b6 2b e1 4d df 4a 7e 01 d3 23 dc 97 8c 47 fe
    5f c7 cc 98 46 0e c4 83 5b ca 8a f1 52 09 be 6b
    ec 3f 09 8b d0 93 02 bf e1 51 e7 d1 7e 34 56 19
    74 d0 ff 28 25 de b7 9f 56 52 91 7d 20 29 85 0a
    80 44 5f 71 32 25 71 0f c2 16 e2 5f 6b 1d 3f 32
    5b 0a 3c 74 1c b9 62 f1 ed 07 50 a3 6d b4 b4 31
    0a c0 53 44 6a 3a 88 84 8b 2d a9 b0 37 8e e6 18
    36 bd 9a 20 40 0f 01 92 8b 3d aa 61 e7 ae 2c ed
    36 cd 3a 07 86 74 3a 29 b3 d7 3a b4 00 a9 c2 f5
    92 78 0e e2 0f a3 fe bb be e0 06 53 84 59 1d 90
    69 e5 b6 f9 00 00
<<< TLS 1.2, RecordHeader [length 0005]
    17 03 03 01 19
<<< TLS 1.3, InnerContent [length 0001]
    16
<<< TLS 1.3, Handshake [length 0108], CertificateVerify
    0f 00 01 04 08 04 01 00 aa 07 73 64 d6 4a b0 3f
    b3 17 02 9a 2b ef c4 49 53 a8 62 d5 23 1b 97 d0
    73 b1 e1 0f 67 a7 62 77 41 10 af 85 59 52 32 f0
    e9 d2 c6 34 9b cd ca bb 90 b9 24 d6 25 68 ca e4
    09 54 e5 d1 20 f0 aa 8b f2 b7 67 b7 79 e1 a2 d7
    21 89 28 6c 58 e1 bb 9d 45 fc 23 99 15 20 41 d3
    9b 07 8d 72 80 ec c7 e2 dd f1 84 dd a6 d8 18 38
    15 3f a9 d5 56 80 0d 22 6d 5b d1 f3 db 71 a4 c5
    df ba e2 b3 33 75 e2 37 10 4c 06 31 33 7c 5f 13
    bb d8 da c2 a3 f2 09 b7 28 47 7e 5d 0c a1 c7 38
    f7 e8 ea a2 34 a3 15 e6 d3 1a 5d a8 07 f1 96 31
    3c 12 95 0b 2a f5 2f 03 9e 72 c0 ff 47 97 ad d0
    65 89 e1 25 3c 5f f9 27 5b b8 01 d1 10 99 b1 70
    18 3c 6d 97 21 c2 fe 81 c8 11 1a 6f a0 39 4d 9e
    92 b6 97 ea ea b3 c0 c9 7d 00 52 36 80 d0 6d 1a
    bf 69 16 c7 5b 8d 5e f9 b1 0d 38 8d 5a 56 a7 fb
    1f 32 67 51 e2 f0 d2 92
<<< TLS 1.2, RecordHeader [length 0005]
    17 03 03 00 45
<<< TLS 1.3, InnerContent [length 0001]
    16
<<< TLS 1.3, Handshake [length 0034], Finished
    14 00 00 30 1e c3 27 1a ce 2f 99 6e 3e 80 19 ca
    ce 9d f8 c3 01 a0 50 11 8a a6 90 40 0b 55 73 6b
    83 c6 42 2c 58 45 92 5f 57 f1 e0 fd 5b 42 e5 5f
    da 54 3c a6
>>> TLS 1.2, RecordHeader [length 0005]
    17 03 03 00 45
>>> TLS 1.2, InnerContent [length 0001]
    16
>>> TLS 1.3, Handshake [length 0034], Finished
    14 00 00 30 ae e6 37 28 5b c0 80 11 03 af 1b 28
    0b 4f 29 bd 99 97 ec 23 e0 69 d5 4d 32 0c 0d d3
    20 45 b2 b6 e3 96 54 29 ed cc 3b 3d 3c cc d2 74
    0c 12 f8 0d
---
Certificate chain
 0 s:CN=server.example
   i:CN=Root CA
   a:PKEY: RSA, 2048 (bit); sigalg: sha256WithRSAEncryption
   v:NotBefore: Jan 14 22:29:46 2016 GMT; NotAfter: Jan 15 22:29:46 2116 GMT
---
Server certificate
-----BEGIN CERTIFICATE-----
MIIDJTCCAg2gAwIBAgIBAjANBgkqhkiG9w0BAQsFADASMRAwDgYDVQQDDAdSb290
IENBMCAXDTE2MDExNDIyMjk0NloYDzIxMTYwMTE1MjIyOTQ2WjAZMRcwFQYDVQQD
DA5zZXJ2ZXIuZXhhbXBsZTCCASIwDQYJKoZIhvcNAQEBBQADggEPADCCAQoCggEB
ANVdYGrf/GHuSKqMEUhDpW22Ul2qmEmxYZI1sfw6BCUMbXn/tNXJ6VwcO+Crs7h9
o95tveDd11q/FEcRQl6mgtBhwX/dE0bmCYUHDvLU/Bpk0gqtIKsga5bwrczEGVNV
3AEdpLPvirRJU12KBRzx3OFEv8XX4ncZV1yXC3XuiENxD8pswbSyUKd3RmxYDxG/
8XYkWq45QrdRZynh0FUwbxfkkeqt+CjCQ2+iZKn7nZiSYkg+6w1PgkqK/z9y7pa1
rqHBmLrvfZB1bf9aUp6r9cB+0IdD24UHBw99OHr90dPuZR3T6jlqhzfuStPgDW71
cKzCvfFu85KVXqnwoWWVk40CAwEAAaN9MHswHQYDVR0OBBYEFMDnhL/oWSczELBS
T1FSLwbWwHrNMB8GA1UdIwQYMBaAFHB/Lq6DaFmYBCMqzes+F80k3QFJMAkGA1Ud
EwQCMAAwEwYDVR0lBAwwCgYIKwYBBQUHAwEwGQYDVR0RBBIwEIIOc2VydmVyLmV4
YW1wbGUwDQYJKoZIhvcNAQELBQADggEBAHvTBEN1ig8RrsT716Ginv4gGNX0LzGI
RrZ1jO7lm5emuaPNYJpGw0iX5Zdo91qGNXPZaZ75X3S55pQTActq3OPEBOll2pyk
iyjz+Zp/v5cfRZLlBbFW5gv2R94eibYr4U3fSn4B0yPcl4xH/l/HzJhGDsSDW8qK
8VIJvmvsPwmL0JMCv+FR59F+NFYZdND/KCXet59WUpF9ICmFCoBEX3EyJXEPwhbi
X2sdPzJbCjx0HLli8e0HUKNttLQxCsBTRGo6iISLLamwN47mGDa9miBADwGSiz2q
YeeuLO02zToHhnQ6KbPXOrQAqcL1kngO4g+j/ru+4AZThFkdkGnltvk=
-----END CERTIFICATE-----
subject=CN=server.example
issuer=CN=Root CA
---
No client certificate CA names sent
Peer signing digest: SHA256
Peer signature type: rsa_pss_rsae_sha256
Negotiated TLS1.3 group: X25519MLKEM768
---
SSL handshake has read 2546 bytes and written 1702 bytes
Verification error: unable to verify the first certificate
---
New, TLSv1.3, Cipher is TLS_AES_256_GCM_SHA384
Protocol: TLSv1.3
Server public key is 2048 bit
This TLS version forbids renegotiation.
Compression: NONE
Expansion: NONE
No ALPN negotiated
Early data was not sent
Verify return code: 21 (unable to verify the first certificate)
---
>>> TLS 1.2, RecordHeader [length 0005]
    17 03 03 00 13
>>> TLS 1.2, InnerContent [length 0001]
    15
>>> TLS 1.3, Alert [length 0002], warning close_notify
    01 00
Connecting to 127.0.0.1
SSL_connect:before SSL initialization
SSL_connect:SSLv3/TLS write client hello
SSL_connect:SSLv3/TLS write client hello
SSL_connect:SSLv3/TLS read server hello
SSL_connect:SSLv3/TLS write change cipher spec
SSL_connect:SSLv3/TLS write client hello
SSL_connect:SSLv3/TLS write client hello
SSL_connect:SSLv3/TLS read server hello
Can't use SSL_get_servername
SSL_connect:TLSv1.3 read encrypted extensions
depth=0 CN=server.example
verify error:num=20:unable to get local issuer certificate
verify return:1
depth=0 CN=server.example
verify error:num=21:unable to verify the first certificate
verify return:1
depth=0 CN=server.example
verify return:1
SSL_connect:SSLv3/TLS read server certificate
SSL_connect:TLSv1.3 read server certificate verify
SSL_connect:SSLv3/TLS read finished
SSL_connect:SSLv3/TLS write finished
DONE
SSL3 alert write:warning:close notify
