CONNECTED(00000003)
>>> TLS 1.0, RecordHeader [length 0005]
    16 03 01 00 d6
>>> TLS 1.3, Handshake [length 00d6], ClientHello
    01 00 00 d2 03 03 13 00 31 a3 78 41 c4 cf 69 c2
    15 c5 57 80 e1 f9 b2 35 c9 32 04 9d 7e 70 80 23
    3c 9b 2b 79 d3 8c 20 21 0c 29 8c 8c 26 e7 33 86
    af 17 d5 e3 91 4d a3 c9 55 71 3b 1e f1 f0 a0 15
    b1 30 87 07 03 1c fc 00 06 13 02 13 03 13 01 01
    00 00 83 00 0b 00 04 03 00 01 02 00 0a 00 06 00
    04 00 1d 11 ec 00 23 00 00 00 16 00 00 00 17 00
    00 00 0d 00 2a 00 28 09 05 09 06 09 04 04 03 05
    03 06 03 08 07 08 08 08 1a 08 1b 08 1c 08 09 08
    0a 08 0b 08 04 08 05 08 06 04 01 05 01 06 01 00
    2b 00 03 02 03 04 00 2d 00 02 01 01 00 33 00 26
    00 24 00 1d 00 20 fe 24 68 f2 e9 02 25 0e f2 ac
    4e db 71 82 37 a7 c6 1a 50 76 50 8d 05 0b 9f a3
    ab 8a da 52 fe 78
<<< TLS 1.2, RecordHeader [length 0005]
    16 03 03 00 58
<<< TLS 1.3, Handshake [length 0058], ServerHello
    02 00 00 54 03 03 cf 21 ad 74 e5 9a 61 11 be 1d
    8c 02 1e 65 b8 91 c2 a2 11 16 7a bb 8c 5e 07 9e
    09 e2 c8 a8 33 9c 20 21 0c 29 8c 8c 26 e7 33 86
    af 17 d5 e3 91 4d a3 c9 55 71 3b 1e f1 f0 a0 15
    b1 30 87 07 03 1c fc 13 01 00 00 0c 00 2b 00 02
    03 04 00 33 00 02 11 ec
>>> TLS 1.2, RecordHeader [length 0005]
    14 03 03 00 01
>>> TLS 1.3, ChangeCipherSpec [length 0001]
    01
>>> TLS 1.2, RecordHeader [length 0005]
    16 03 03 05 76
>>> TLS 1.3, Handshake [length 0576], ClientHello
    01 00 05 72 03 03 13 00 31 a3 78 41 c4 cf 69 c2
    15 c5 57 80 e1 f9 b2 35 c9 32 04 9d 7e 70 80 23
    3c 9b 2b 79 d3 8c 20 21 0c 29 8c 8c 26 e7 33 86
    af 17 d5 e3 91 4d a3 c9 55 71 3b 1e f1 f0 a0 15
    b1 30 87 07 03 1c fc 00 06 13 02 13 03 13 01 01
    00 05 23 00 0b 00 04 03 00 01 02 00 0a 00 06 00
    04 00 1d 11 ec 00 23 00 00 00 16 00 00 00 17 00
    00 00 0d 00 2a 00 28 09 05 09 06 09 04 04 03 05
    03 06 03 08 07 08 08 08 1a 08 1b 08 1c 08 09 08
    0a 08 0b 08 04 08 05 08 06 04 01 05 01 06 01 00
    2b 00 03 02 03 04 00 2d 00 02 01 01 00 33 04 c6
    04 c4 11 ec 04 c0 11 25 ac ca f5 bb 0c 6c 2e c1
    5a 91 b2 b2 21 b8 6c 4e bc dc 30 32 d7 7d 4f 9a
    48 72 5a 65 33 e1 96 d0 e4 ba 50 4a 36 91 22 44
    b1 f5 5c 6d f5 44 9f b5 b9 f7 44 52 92 d3 5b b8
    0b a1 7c 21 4f 1e 4b 8d a4 75 1f 1f d7 87 4d f1
    67 de ea 0d d1 67 84 47 09 6a 20 60 ad 3a 97 12
    8f b3 51 05 94 54 ba 06 5b 49 28 00 a3 66 b8 c2
    76 69 73 34 8a 22 26 b9 34 3c 9e 42 c2 c2 88 14
    57 2f 81 98 56 f4 b7 0f ec 2a cc e6 c9 39 94 1b
    57 b3 c5 1b 5a a8 4c 63 3b bd 20 33 23 03 a3 24
    55 b6 60 00 19 b8 e3 35 ce d9 cc 90 66 0f 3e d8
    41 9c 3b 2c 5e fc 97 b6 36 59 35 42 6e 50 42 66
    6f c0 0b b9 84 92 0b 5b 6c 97 aa 05 6c 65 ad d0
    72 0a d2 a6 20 35 27 5c 47 e9 73 92 96 3a ce 72
    b1 46 14 1a bd 69 05 94 49 08 ad 73 85 30 a2 62
    04 89 c2 34 9a 0b ea 9a c1 b8 a1 78 a7 9a a1 81
    58 9b e1 33 23 64 04 8d 14 ab 46 08 7b 96 b5 46
    c6 27 0a 0d 29 d2 32 42 5b 5d 6b 29 41 98 90 2f
    0d 8b a8 b5 a6 3c 8c 09 70 1d 65 1e 0d b9 94 e6
    1b 6b 10 f8 3b f2 3a 61 05 2b 41 bf 2c 3c 75 01
    c2 ed 36 67 e2 b3 c3 75 3a 94 71 bc 16 fc ba 63
    e8 9c 84 2d 53 54 4c 93 89 13 40 b9 a8 a4 6b 9b
    ac 4f c9 3b 4e 6f a3 4b 73 b9 b0 9d 07 b6 e3 10
    4b 7f 10 91 54 35 9f 49 da 83 13 31 9a ed 6b bd
    76 b7 44 89 f9 1d 44 f6 a6 cc c1 50 d9 c4 23 b7
    c7 03 c2 04 22 6e 9a bc 8e 60 56 d0 c0 7f 92 6a
    49 7c 43 6d c0 99 2e c7 b5 1e e6 2a 07 38 dc 42
    d2 03 47 e7 d0 19 3c 61 b4 b8 94 3b 8b 23 cb 81
    68 c9 60 e5 75 55 2c 24 82 5a 66 e7 b6 74 3f e2
    8f c4 61 66 f6 e8 29 03 49 64 65 74 53 0c dc 31
    28 18 6e c5 aa c1 3b 48 95 f2 17 74 f8 bc 94 55
    7c 38 59 06 49 ef f8 10 b2 a3 70 de b8 34 a4 d7
    6d 87 42 13 f4 1b 87 1d a1 81 43 a0 b9 f4 9a 74
    ae 46 b3 46 f0 9b 58 ea 73 91 12 26 1d bb 2b 85
    01 22 d7 70 69 0f 33 28 01 10 61 74 ab b4 0c e7
    62 da f1 b8 b6 a0 13 5a a5 70 64 88 5a 1c 13 3d
    08 dc 96 bc eb 11 c6 00 16 67 15 5e bb d9 4b b3
    a2 26 b8 03 40 3f db 4f 0c a9 b4 78 a7 c7 9a 45
    31 a0 50 80 a1 d7 04 09 17 c7 89 e8 9c 9f 58 83
    40 e9 83 3f 35 3b 74 fa 62 d5 a1 67 17 04 4a 82
    f9 69 e0 43 8b bb 22 1c c7 12 2b ed 5c 3a 12 c2
    95 6d 91 a7 91 b2 14 a7 27 ad eb b0 74 04 e9 97
    0d 80 39 ad 26 4c f7 c0 35 96 79 ae f2 ba a2 99
    52 17 d2 e8 6b b4 0b 4e 59 84 90 9f 43 0f 0b 95
    95 28 46 5b 09 e3 cb 26 05 3c 0c 05 38 a1 48 a6
    c9 11 bf 7b e9 bb 13 c8 27 8f 50 10 2c e0 22 80
    61 16 a8 12 89 c7 7c 29 d4 80 9b 4c b0 65 99 eb
    1e 4e 73 5b 76 1c b5 6a f4 b6 92 fc 4e c0 77 7b
    5f e8 05 ce fa 72 38 48 ca cf 39 1d c6 02 af f1
    95 20 d0 90 59 60 4a 06 8a fb 67 bf a7 97 9d 46
    9a 3b f1 52 10 70 87 ed c9 55 bd 1b 4b 2c 73 59
    df 93 56 3e f5 81 2e d1 8b 81 c6 6e e1 59 58 54
    51 aa 6f 54 3a 43 69 78 ed b0 42 14 1b c1 81 b5
    c0 a0 68 54 f1 5a 53 84 66 79 b0 9a 2b 01 ea 2f
    bf fb 04 f5 57 89 88 84 1a d7 49 8c fe b3 bd d7
    65 17 bf 0b 0d d1 0b b8 90 a1 59 76 5a 51 43 86
    26 4b b5 bc f2 f0 bf 04 b9 43 a3 01 9d d4 b2 71
    de 09 a6 23 0c 2b 01 2a 08 d9 e4 93 4b c5 33 84
    c5 33 68 18 43 c9 04 cb dd 17 35 b7 c2 07 d9 92
    13 c6 ec 17 39 d0 5a d6 82 3c 0e 61 2b 6a 18 2f
    99 d2 ce 6c a7 b1 6c f0 50 4d 36 12 c3 6c 7e 83
    85 ae 0b 37 56 97 76 42 69 c1 bd c6 71 a8 ae 82
    85 fe c8 46 bb 76 bd d3 45 77 bf 9b 11 94 72 17
    66 15 40 d6 b9 29 83 c7 65 2c 61 2e 1e 50 23 a3
    93 53 c7 e5 9c 0c 71 1c 14 c8 6e bf 96 7c 25 8c
    ad f2 37 03 fc e0 42 7f 76 35 bf d1 74 8a 40 83
    87 63 27 10 f3 37 bf 77 4b 66 d4 92 ce 91 31 af
    5a 21 7f d7 a2 95 44 6b fd e1 b2 6b 85 1e 20 0c
    70 dd 1a 71 4a 7a 16 96 54 9a 69 49 15 d9 da be
    7e f9 82 29 25 94 6a e1 9f cf c8 02 a3 48 6f 7a
    e3 b4 32 03 18 9b 83 13 b4 6b 87 dc 97 26 aa a7
    bd d0 fb 75 91 3b 94 e6 d0 45 7f 61 9a 4e 4b 2c
    26 13 78 1c 53 8d 6c 56 f9 95 c6 e9 d2 4a 08 11
    a1 be 2b 3e 3c df 75 b1 d2 58 2b 23 ae 16 e7 5c
    6d 36 95 8c 83 a3 3c 21 7a 5f 71 d4 21 8b 10 5e
    79 19 29 5f bf 90 f5 e0 2b 80 a6 55 32 7a a2 ee
    e4 ff de 1c ed 0c
<<< TLS 1.2, RecordHeader [length 0005]
    14 03 03 00 01
<<< TLS 1.3, ChangeCipherSpec [length 0001]
    01
<<< TLS 1.2, RecordHeader [length 0005]
    16 03 03 04 ba
<<< TLS 1.3, Handshake [length 04ba], ServerHello
    02 00 04 b6 03 03 5a a0 91 ca 14 a5 68 92 22 94
    37 84 64 48 71 4a 1f d5 c4 3d 50 c1 5a 0b 25 e7
    f8 22 26 7a d9 2f 20 21 0c 29 8c 8c 26 e7 33 86
    af 17 d5 e3 91 4d a3 c9 55 71 3b 1e f1 f0 a0 15
    b1 30 87 07 03 1c fc 13 01 00 04 6e 00 2b 00 02
    03 04 00 33 04 64 11 ec 04 60 ac 6b 42 39 9f b4
    88 ee 44 59 09 1f db 8f 21 35 8a ca fe af d9 c1
    59 2b ff 07 25 c3 9a 14 07 c3 43 f9 9e df 9f ab
    20 6b 6c 1d 77 35 d9 f2 d1 2e 64 a1 71 dd 92 0c
    79 96 e1 ac 9b ea 6f 8c 0d a3 83 57 1f a2 89 f4
    e6 ee 86 42 ef 24 2a 9f bf 3e ec 9b 8d a8 c6 95
    5f 35 55 5a 5f 3e f0 78 4a bf be 3b c8 3e 44 24
    25 f7 e5 7a 31 76 69 7a 42 ba 00 e4 62 ab 8e ef
    c4 f4 f4 23 6e b1 d2 a0 e8 ff ad a4 ac 75 13 07
    64 8a 02 3a e8 60 63 2f 3c 51 5c 64 da 02 c6 03
    6c 8e 02 99 3e 9a 34 49 0a f7 a4 93 5a b8 3d 87
    1f 36 ed fb c1 bb 8e 93 92 a1 88 16 f0 a2 84 ea
    96 cd 71 7c 04 13 d0 ee 30 cd c1 a3 37 2a d5 b2
    87 d3 18 99 21 7e d8 96 9e 80 4a b5 82 ef 21 c3
    86 63 21 b9 00 52 83 16 55 ab 40 c8 5d ce e7 03
    96 7a 1a 51 24 84 e4 a7 ef a1 b5 92 68 85 6e ff
    fc 0b 1d 5f 2c 5e 94 99 25 e3 69 33 27 fa 88 90
    4f f4 dc 98 ef 2f 58 a4 4d 3e 18 5c 02 c0 b4 50
    f3 9f 4a cc ad a0 15 08 77 bb 30 c9 9d 55 57 de
    0f 7c 59 39 af 61 36 cc 17 ad 3d 52 71 b6 4e 9d
    dc 41 10 7a 5c 61 2c d0 c3 24 3b 4a a3 5c 32 e8
    38 c9 8b 53 19 02 d6 57 56 38 25 42 e7 13 c7 76
    df 81 51 a8 14 37 c3 e0 e3 60 49 78 db 99 57 ac
    1e 69 26 d2 a8 a4 0f a4 6d f2 73 f9 ae 20 be 85
    32 25 ec c1 e3 c9 a3 7f bc 87 c0 32 a9 09 5e c8
    58 d9 52 f1 7f 1a fa 1e 96 2a 6f 43 de 8d 38 4f
    ee 7f d2 4a 87 10 ef aa 0b 2c 03 bf 71 4e 80 3b
    f3 8d 21 7c 95 cf aa 5c de b6 20 87 9d 3c ea f2
    03 63 10 2d 60 73 80 b5 92 f4 fa 41 13 38 0e 59
    fd 83 96 a5 2d 53 29 28 ef 44 0e 01 b4 11 d8 e0
    f8 f0 fc 83 29 e0 b2 a4 23 a1 11 d3 07 04 c3 95
    c8 e5 dd e5 3c b3 23 33 a1 27 c6 4b 6d f2 cb 02
    86 88 fe 50 7c 51 65 51 a6 e7 f5 a9 d8 40 76 4d
    e5 b1 dd e5 44 30 1e 78 06 f5 9d 6b 60 ab 6d 74
    8d 5e 89 07 58 ad 86 f6 33 e6 f5 6b 6e f5 8f c4
    10 7f 4d 51 f3 96 2d ba a6 54 f9 0e 0c 45 31 73
    41 54 a1 10 5b 0d 9d 94 a4 33 09 58 84 e4 82 6f
    c0 04 f0 f5 a7 cb 8f 56 d9 99 28 69 6c 6b 28 9b
    92 0e 3d 37 e8 7e 27 6f 64 5b 1b 85 4d 47 73 ce
    a0 de 88 fa 46 36 49 a1 d7 98 34 6a 56 ae d5 f0
    f2 1c f5 46 74 8f 52 bd f7 4a 44 58 3a 10 2a b8
    6e e7 6d 6b a7 4a d0 1f 71 a7 9e 21 00 66 85 10
    9d b4 7d db 22 cd 98 44 c1 a7 cd 1a f6 65 75 da
    3d a1 75 6b 19 7e 72 99 c4 31 3f 12 80 92 7b cb
    e9 c2 3c 5c 43 5f 64 1d e9 83 22 35 84 54 35 7d
    89 65 85 d9 8b 1c c6 b0 83 4f fd 53 30 d3 19 c0
    95 88 27 97 97 71 a6 18 b9 f7 56 22 e3 c9 bc c0
    66 69 b3 8d 38 cc 0a 0d 07 01 35 ad 7e 2d b5 65
    fa f6 c2 d4 0f 84 3f 1d b1 93 93 08 e9 a2 65 08
    a4 ea 66 53 09 69 64 1b 7b fd ad 3c 4f e2 fd a0
    4a f8 13 1c c1 07 49 76 6f fb 26 d4 e2 94 92 7c
    66 8e 6e dc e1 84 6f 8b ed b0 4b e2 cd 50 af 25
    58 9e 53 ab cd bd ed 12 b4 8d 96 43 a0 7d 75 a9
    0b b2 db 4f 24 ab 85 b3 2a 24 92 d2 5e d0 c1 d1
    8e 4a 8e bf 79 4c 50 06 74 b9 e7 92 90 8c 79 09
    7c bf 2c 3f 54 0b 08 05 bc b3 fd 95 ef c8 f2 6f
    e9 11 8f 22 f3 bb 72 d9 37 20 2d bf 6d 0a ed b8
    5a ba 6c 1f f5 5d a0 8b db 07 82 87 68 d3 bf 17
    cf 77 d2 15 52 af 5e a4 bd da 5a df e5 60 ab d0
    b6 a3 37 17 67 22 2e 25 e2 6c 2a 09 6a b8 ab 13
    25 01 b5 f8 9d 17 1b 77 84 36 f5 19 b9 e9 23 7e
    fa c8 ac 2e 3f 0a b4 b2 1d c1 86 56 b3 07 3a 57
    93 2f d1 37 10 81 b1 23 d9 d8 dc 8f 6d 7a 5a d3
    3e f2 db 1c 8f 8f 34 d7 d6 73 87 6f 19 3f a1 bf
    ca ce 34 a4 6c 01 fe 13 54 68 42 92 29 ce 4f 8a
    06 9e 6d ac 72 07 35 29 a6 a4 1a bd 93 af 7e b9
    62 d5 6a 36 7c a2 31 39 51 08 bc 48 fc f6 8c f6
    0f 4f 2c 91 cc b3 8f 8a a3 8f 4a 3b 72 aa b7 83
    db 51 1f 50 26 58 5f 57 1d 93 90 4f a2 ab 9b cf
    c9 0a dc d2 5d 82 d8 45 23 df 81 09 d9 a2 36 25
    f8 ea df 01 41 db a4 15 c2 35
<<< TLS 1.2, RecordHeader [length 0005]
    17 03 03 00 17
<<< TLS 1.3, InnerContent [length 0001]
    16
<<< TLS 1.3, Handshake [length 0006], EncryptedExtensions
    08 00 00 02 00 00
<<< TLS 1.2, RecordHeader [length 0005]
    17 03 03 03 47
<<< TLS 1.3, InnerContent [length 0001]
    16
<<< TLS 1.3, Handshake [length 0336], Certificate
    0b 00 03 32 00 00 03 2e 00 03 29 30 82 03 25 30
    82 02 0d a0 03 02 01 02 02 01 02 30 0d 06 09 2a
    86 48 86 f7 0d 01 01 0b 05 00 30 12 31 10 30 0e
    06 03 55 04 03 0c 07 52 6f 6f 74 20 43 41 30 20
    17 0d 31 36 30 31 31 34 32 32 32 39 34 36 5a 18
    0f 32 31 31 36 30 31 31 35 32 32 32 39 34 36 5a
    30 19 31 17 30 15 06 03 55 04 03 0c 0e 73 65 72
    76 65 72 2e 65 78 61 6d 70 6c 65 30 82 01 22 30
    0d 06 09 2a 86 48 86 f7 0d 01 01 01 05 00 03 82
    01 0f 00 30 82 01 0a 02 82 01 01 00 d5 5d 60 6a
    df fc 61 ee 48 aa 8c 11 48 43 a5 6d b6 52 5d aa
    98 49 b1 61 92 35 b1 fc 3a 04 25 0c 6d 79 ff b4
    d5 c9 e9 5c 1c 3b e0 ab b3 b8 7d a3 de 6d bd e0
    dd d7 5a bf 14 47 11 42 5e a6 82 d0 61 c1 7f dd
    13 46 e6 09 85 07 0e f2 d4 fc 1a 64 d2 0a ad 20
    ab 20 6b 96 f0 ad cc c4 19 53 55 dc 01 1d a4 b3
    ef 8a b4 49 53 5d 8a 05 1c f1 dc e1 44 bf c5 d7
    e2 77 19 57 5c 97 0b 75 ee 88 43 71 0f ca 6c c1
    b4 b2 50 a7 77 46 6c 58 0f 11 bf f1 76 24 5a ae
    39 42 b7 51 67 29 e1 d0 55 30 6f 17 e4 91 ea ad
    f8 28 c2 43 6f a2 64 a9 fb 9d 98 92 62 48 3e eb
    0d 4f 82 4a 8a ff 3f 72 ee 96 b5 ae a1 c1 98 ba
    ef 7d 90 75 6d ff 5a 52 9e ab f5 c0 7e d0 87 43
    db 85 07 07 0f 7d 38 7a fd d1 d3 ee 65 1d d3 ea
    39 6a 87 37 ee 4a d3 e0 0d 6e f5 70 ac c2 bd f1
    6e f3 92 95 5e a9 f0 a1 65 95 93 8d 02 03 01 00
    01 a3 7d 30 7b 30 1d 06 03 55 1d 0e 04 16 04 14
    c0 e7 84 bf e8 59 27 33 10 b0 52 4f 51 52 2f 06
    d6 c0 7a cd 30 1f 06 03 55 1d 23 04 18 30 16 80
    14 70 7f 2e ae 83 68 59 98 04 23 2a cd eb 3e 17
    cd 24 dd 01 49 30 09 06 03 55 1d 13 04 02 30 00
    30 13 06 03 55 1d 25 04 0c 30 0a 06 08 2b 06 01
    05 05 07 03 01 30 19 06 03 55 1d 11 04 12 30 10
    82 0e 73 65 72 76 65 72 2e 65 78 61 6d 70 6c 65
    30 0d 06 09 2a 86 48 86 f7 0d 01 01 0b 05 00 03
    82 01 01 00 7b d3 04 43 75 8a 0f 11 ae c4 fb d7
    a1 a2 9e fe 20 18 d5 f4 2f 31 88 46 b6 75 8c ee
    e5 9b 97 a6 b9 a3 cd 60 9a 46 c3 48 97 e5 97 68
    f7 5a 86 35 73 d9 69 9e f9 5f 74 b9 e6 94 13 01
    cb 6a dc e3 c4 04 e9 65 da 9c a4 8b 28 f3 f9 9a
    7f bf 97 1f 45 92 e5 05 b1 56 e6 0b f6 47 de 1e
    89 b6 2b e1 4d df 4a 7e 01 d3 23 dc 97 8c 47 fe
    5f c7 cc 98 46 0e c4 83 5b ca 8a f1 52 09 be 6b
    ec 3f 09 8b d0 93 02 bf e1 51 e7 d1 7e 34 56 19
    74 d0 ff 28 25 de b7 9f 56 52 91 7d 20 29 85 0a
    80 44 5f 71 32 25 71 0f c2 16 e2 5f 6b 1d 3f 32
    5b 0a 3c 74 1c b9 62 f1 ed 07 50 a3 6d b4 b4 31
    0a c0 53 44 6a 3a 88 84 8b 2d a9 b0 37 8e e6 18
    36 bd 9a 20 40 0f 01 92 8b 3d aa 61 e7 ae 2c ed
    36 cd 3a 07 86 74 3a 29 b3 d7 3a b4 00 a9 c2 f5
    92 78 0e e2 0f a3 fe bb be e0 06 53 84 59 1d 90
    69 e5 b6 f9 00 00
<<< TLS 1.2, RecordHeader [length 0005]
    17 03 03 01 19
<<< TLS 1.3, InnerContent [length 0001]
    16
<<< TLS 1.3, Handshake [length 0108], CertificateVerify
    0f 00 01 04 08 04 01 00 04 99 53 6c 78 da 8e ac
    7e 71 06 40 bb d5 ed 42 0d 90 df ff d7 51 55 fb
    ef 6a ff 7d b3 56 a2 16 d7 dd e6 5c a9 ab a0 e6
    96 2c 98 be 08 53 46 9e 95 d6 20 33 5b c0 77 fa
    a5 2f 3e 07 7a 5b e8 62 12 89 c1 40 2f 22 0c b0
    73 53 73 0e c9 24 fe 6e 1a f5 67 71 7f 0b 51 fb
    73 97 df bd 2f c4 b6 ae 23 1a 6b ed 7b 6f a1 87
    fa 23 cc 7e c0 2e ea 22 52 e5 73 ec db 3e 05 b5
    6a ad 1a d9 5a 4d 2e 26 ce 74 96 79 14 9e 1c c5
    4b 99 9f 6b a4 71 6d bc 4e 44 df 84 4e bf 8c 03
    63 6b f9 1c 41 c2 72 cb b7 b5 ba 35 f8 fa 5c 3f
    6d 1b a2 66 84 31 1f 51 0c 99 bd 39 41 e0 af 9f
    c7 18 d0 51 66 ad 7f b3 1b db 59 52 c5 7c 77 ce
    c6 90 34 b6 7f 06 b1 f2 40 4d 06 16 53 f5 30 21
    fe 81 2d a0 fd ac 4d 12 e5 99 bc 16 66 56 bc 05
    f7 94 cb 43 e9 14 82 51 e7 50 2f 1b 83 58 ef c6
    06 39 b0 b4 00 57 1d 85
<<< TLS 1.2, RecordHeader [length 0005]
    17 03 03 00 35
<<< TLS 1.3, InnerContent [length 0001]
    16
<<< TLS 1.3, Handshake [length 0024], Finished
    14 00 00 20 21 ec 84 5b 28 34 37 e4 27 b7 5c 49
    27 b8 41 2a 1d 08 16 57 ef 03 bd 1b 5c 66 52 0f
    7d 0b d2 f2
>>> TLS 1.2, RecordHeader [length 0005]
    17 03 03 00 35
>>> TLS 1.2, InnerContent [length 0001]
    16
>>> TLS 1.3, Handshake [length 0024], Finished
    14 00 00 20 9c 8c 02 fc 06 26 3e af 2b 2e a5 8f
    2e 76 cd 25 b4 16 97 29 74 7c e8 da 95 85 4b ee
    f5 25 8e ac
---
Certificate chain
 0 s:CN=server.example
   i:CN=Root CA
   a:PKEY: RSA, 2048 (bit); sigalg: sha256WithRSAEncryption
   v:NotBefore: Jan 14 22:29:46 2016 GMT; NotAfter: Jan 15 22:29:46 2116 GMT
---
Server certificate
-----BEGIN CERTIFICATE-----
MIIDJTCCAg2gAwIBAgIBAjANBgkqhkiG9w0BAQsFADASMRAwDgYDVQQDDAdSb290
IENBMCAXDTE2MDExNDIyMjk0NloYDzIxMTYwMTE1MjIyOTQ2WjAZMRcwFQYDVQQD
DA5zZXJ2ZXIuZXhhbXBsZTCCASIwDQYJKoZIhvcNAQEBBQADggEPADCCAQoCggEB
ANVdYGrf/GHuSKqMEUhDpW22Ul2qmEmxYZI1sfw6BCUMbXn/tNXJ6VwcO+Crs7h9
o95tveDd11q/FEcRQl6mgtBhwX/dE0bmCYUHDvLU/Bpk0gqtIKsga5bwrczEGVNV
3AEdpLPvirRJU12KBRzx3OFEv8XX4ncZV1yXC3XuiENxD8pswbSyUKd3RmxYDxG/
8XYkWq45QrdRZynh0FUwbxfkkeqt+CjCQ2+iZKn7nZiSYkg+6w1PgkqK/z9y7pa1
rqHBmLrvfZB1bf9aUp6r9cB+0IdD24UHBw99OHr90dPuZR3T6jlqhzfuStPgDW71
cKzCvfFu85KVXqnwoWWVk40CAwEAAaN9MHswHQYDVR0OBBYEFMDnhL/oWSczELBS
T1FSLwbWwHrNMB8GA1UdIwQYMBaAFHB/Lq6DaFmYBCMqzes+F80k3QFJMAkGA1Ud
EwQCMAAwEwYDVR0lBAwwCgYIKwYBBQUHAwEwGQYDVR0RBBIwEIIOc2VydmVyLmV4
YW1wbGUwDQYJKoZIhvcNAQELBQADggEBAHvTBEN1ig8RrsT716Ginv4gGNX0LzGI
RrZ1jO7lm5emuaPNYJpGw0iX5Zdo91qGNXPZaZ75X3S55pQTActq3OPEBOll2pyk
iyjz+Zp/v5cfRZLlBbFW5gv2R94eibYr4U3fSn4B0yPcl4xH/l/HzJhGDsSDW8qK
8VIJvmvsPwmL0JMCv+FR59F+NFYZdND/KCXet59WUpF9ICmFCoBEX3EyJXEPwhbi
X2sdPzJbCjx0HLli8e0HUKNttLQxCsBTRGo6iISLLamwN47mGDa9miBADwGSiz2q
YeeuLO02zToHhnQ6KbPXOrQAqcL1kngO4g+j/ru+4AZThFkdkGnltvk=
-----END CERTIFICATE-----
subject=CN=server.example
issuer=CN=Root CA
---
No client certificate CA names sent
Peer signing digest: SHA256
Peer signature type: rsa_pss_rsae_sha256
Negotiated TLS1.3 group: X25519MLKEM768
---
SSL handshake has read 2530 bytes and written 1686 bytes
Verification error: unable to verify the first certificate
---
New, TLSv1.3, Cipher is TLS_AES_128_GCM_SHA256
Protocol: TLSv1.3
Server public key is 2048 bit
This TLS version forbids renegotiation.
Compression: NONE
Expansion: NONE
No ALPN negotiated
Early data was not sent
Verify return code: 21 (unable to verify the first certificate)
---
<<< TLS 1.2, RecordHeader [length 0005]
    17 03 03 00 8b
<<< TLS 1.3, InnerContent [length 0001]
    16
<<< TLS 1.3, Handshake [length 007a], NewSessionTicket
    04 00 00 76 00 09 3a 80 48 9e 58 65 00 00 69 57
    3a 27 be ab c5 b9 ff a7 dd 44 8f 87 b3 d3 3d 52
    d3 ba 52 dd fa bd e9 eb b8 8a f1 22 79 00 66 e5
    7b 7b 6d 11 14 48 ab d8 e8 06 1b f1 e1 54 cc 47
    bf a6 9a 6b 59 9e 56 13 4b 43 1d 59 e7 88 05 38
    fa 16 ee d0 a9 db d8 d6 7a 31 fb 09 7e d7 59 c3
    cd 5b d6 d2 27 c9 85 82 8c e6 15 dc 42 93 76 fa
    01 38 c1 61 8f 3a 83 20 00 00
---
Post-Handshake New Session Ticket arrived:
SSL-Session:
    Protocol  : TLSv1.3
    Cipher    : TLS_AES_128_GCM_SHA256
    Session-ID: 9FA38F6E321A8D8B5AABB8A9A1C95C0062779087E2794D8ED0B2E3E962360AC8
    Session-ID-ctx: 
    Resumption PSK: B64211D91895700A8FCBE32708BAA7EC87E385BEBA029B79E1E93BBD4F77EBF7
    PSK identity: None
    PSK identity hint: None
    SRP username: None
    TLS session ticket lifetime hint: 604800 (seconds)
    TLS session ticket:
    0000 - 57 3a 27 be ab c5 b9 ff-a7 dd 44 8f 87 b3 d3 3d   W:'.......D....=
    0010 - 52 d3 ba 52 dd fa bd e9-eb b8 8a f1 22 79 00 66   R..R........"y.f
    0020 - e5 7b 7b 6d 11 14 48 ab-d8 e8 06 1b f1 e1 54 cc   .{{m..H.......T.
    0030 - 47 bf a6 9a 6b 59 9e 56-13 4b 43 1d 59 e7 88 05   G...kY.V.KC.Y...
    0040 - 38 fa 16 ee d0 a9 db d8-d6 7a 31 fb 09 7e d7 59   8........z1..~.Y
    0050 - c3 cd 5b d6 d2 27 c9 85-82 8c e6 15 dc 42 93 76   ..[..'.......B.v
    0060 - fa 01 38 c1 61 8f 3a 83-20                        ..8.a.:. 

    Start Time: 1790649561
    Timeout   : 7200 (sec)
    Verify return code: 21 (unable to verify the first certificate)
    Extended master secret: no
    Max Early Data: 0
---
read R BLOCK
>>> TLS 1.2, RecordHeader [length 0005]
    17 03 03 00 13
>>> TLS 1.2, InnerContent [length 0001]
    15
>>> TLS 1.3, Alert [length 0002], warning close_notify
    01 00
Connecting to 127.0.0.1
SSL_connect:before SSL initialization
SSL_connect:SSLv3/TLS write client hello
SSL_connect:SSLv3/TLS write client hello
SSL_connect:SSLv3/TLS read server hello
SSL_connect:SSLv3/TLS write change cipher spec
SSL_connect:SSLv3/TLS write client hello
SSL_connect:SSLv3/TLS write client hello
SSL_connect:SSLv3/TLS read server hello
Can't use SSL_get_servername
SSL_connect:TLSv1.3 read encrypted extensions
depth=0 CN=server.example
verify error:num=20:unable to get local issuer certificate
verify return:1
depth=0 CN=server.example
verify error:num=21:unable to verify the first certificate
verify return:1
depth=0 CN=server.example
verify return:1
SSL_connect:SSLv3/TLS read server certificate
SSL_connect:TLSv1.3 read server certificate verify
SSL_connect:SSLv3/TLS read finished
SSL_connect:SSLv3/TLS write finished
SSL_connect:SSL negotiation finished successfully
SSL_connect:SSL negotiation finished successfully
SSL_connect:SSLv3/TLS read server session ticket
DONE
SSL3 alert write:warning:close notify
