CONNECTED(00000003)
>>> TLS 1.0, RecordHeader [length 0005]
    16 03 01 00 d6
>>> TLS 1.3, Handshake [length 00d6], ClientHello
    01 00 00 d2 03 03 ba ef 0d 09 30 82 93 39 83 c5
    bc 5f 97 28 86 43 ab 5e ef 38 79 75 ab 83 3a 3d
    e1 12 2a 0d 73 f5 20 b2 11 1d 02 d4 4f 3a 5e a3
    78 4b 26 28 0a 01 75 1a ad 70 2c 1c 88 3b 9a b7
    1d e6 c1 2b 88 72 9f 00 06 13 02 13 03 13 01 01
    00 00 83 00 0b 00 04 03 00 01 02 00 0a 00 06 00
    04 11 ec 00 1d 00 23 00 00 00 16 00 00 00 17 00
    00 00 0d 00 2a 00 28 09 05 09 06 09 04 04 03 05
    03 06 03 08 07 08 08 08 1a 08 1b 08 1c 08 09 08
    0a 08 0b 08 04 08 05 08 06 04 01 05 01 06 01 00
    2b 00 03 02 03 04 00 2d 00 02 01 01 00 33 00 26
    00 24 00 1d 00 20 7c b4 57 a6 d4 63 80 14 7b b3
    4f 6e af 1d d3 0f db c3 28 fd 03 3c 0d ac e9 0c
    db 42 e3 2f e4 2a
<<< TLS 1.2, RecordHeader [length 0005]
    16 03 03 00 58
<<< TLS 1.3, Handshake [length 0058], ServerHello
    02 00 00 54 03 03 cf 21 ad 74 e5 9a 61 11 be 1d
    8c 02 1e 65 b8 91 c2 a2 11 16 7a bb 8c 5e 07 9e
    09 e2 c8 a8 33 9c 20 b2 11 1d 02 d4 4f 3a 5e a3
    78 4b 26 28 0a 01 75 1a ad 70 2c 1c 88 3b 9a b7
    1d e6 c1 2b 88 72 9f 13 02 00 00 0c 00 2b 00 02
    03 04 00 33 00 02 11 ec
>>> TLS 1.2, RecordHeader [length 0005]
    14 03 03 00 01
>>> TLS 1.3, ChangeCipherSpec [length 0001]
    01
>>> TLS 1.2, RecordHeader [length 0005]
    16 03 03 05 76
>>> TLS 1.3, Handshake [length 0576], ClientHello
    01 00 05 72 03 03 ba ef 0d 09 30 82 93 39 83 c5
    bc 5f 97 28 86 43 ab 5e ef 38 79 75 ab 83 3a 3d
    e1 12 2a 0d 73 f5 20 b2 11 1d 02 d4 4f 3a 5e a3
    78 4b 26 28 0a 01 75 1a ad 70 2c 1c 88 3b 9a b7
    1d e6 c1 2b 88 72 9f 00 06 13 02 13 03 13 01 01
    00 05 23 00 0b 00 04 03 00 01 02 00 0a 00 06 00
    04 11 ec 00 1d 00 23 00 00 00 16 00 00 00 17 00
    00 00 0d 00 2a 00 28 09 05 09 06 09 04 04 03 05
    03 06 03 08 07 08 08 08 1a 08 1b 08 1c 08 09 08
    0a 08 0b 08 04 08 05 08 06 04 01 05 01 06 01 00
    2b 00 03 02 03 04 00 2d 00 02 01 01 00 33 04 c6
    04 c4 11 ec 04 c0 21 80 30 30 6c 91 dd 50 5c 04
    32 27 55 05 99 b8 15 b6 67 d1 02 4c 04 81 88 30
    c7 06 d8 2c 8d b9 61 cf da c3 1d 9a 4f b6 f1 b7
    5e da 72 a7 78 cd c3 e1 0e f9 d0 68 0b 29 08 ad
    00 8e 7a f1 8c 56 72 1c e8 d2 c6 b9 b7 40 b9 e0
    26 5b e6 ac 9f 25 78 cb a8 8c d1 a4 9b 40 a1 90
    ec f4 5a eb ab 6a 64 0a ac aa fa 85 3f 43 2a 33
    87 22 c0 a5 67 63 ba 3c 2c 01 75 be 76 3a 7d 8b
    5e b1 46 9f 18 43 81 ef 36 27 76 1c 98 11 45 aa
    89 7c cb cf c0 2b 0c d0 78 0f 35 0c 52 29 3d f8
    b3 81 36 23 15 a6 92 02 ce cb 45 45 d1 8f b5 a1
    85 96 04 09 92 a0 3e a9 9b 5b 6d 98 20 9e 99 80
    5b e7 1f ad a6 49 a8 bc 8d 59 23 74 e3 56 2c 4f
    58 ce 9f e4 8f 48 8a 4d 67 64 34 3a 6a c2 a0 84
    5a b9 f4 71 8f 1a a6 4f 18 4a 4a d4 2c e8 22 4a
    86 3b 60 f0 40 27 99 43 9a dd ac 4e ec 3c 1b 2a
    5b 2c b0 94 91 23 5b a0 2d f8 9e 6c f2 74 dc 7a
    3f 0c 07 9e 0e 89 38 81 4b 23 3d ca 7a 61 f2 aa
    8a ab 7e 7c 05 13 6a 15 46 3c 1a 9e 66 c4 29 ef
    57 0e 97 98 96 35 40 55 e3 64 5b 47 0a ce 7f e5
    72 a3 31 0f 82 d8 9b 0c db 76 cc b9 26 67 00 62
    a7 2c 75 03 db 50 29 8c 06 3a f5 7c f9 1b 55 f7
    51 c7 1f c5 46 bf 70 08 8f 84 93 c6 84 c1 30 36
    b6 f3 45 78 c3 6a 17 b0 f4 4d 2c c0 20 07 e2 aa
    b5 0a 71 2f 00 c9 5c 93 ce 5e 0c 06 00 45 32 06
    06 9c 6f e4 8e 35 81 8e b6 f7 90 90 cc 5e 7d 18
    26 80 f8 00 b1 72 8b 22 17 a9 34 08 be 88 f1 a4
    58 52 29 e5 91 7f 69 75 b1 a9 a1 36 97 f0 63 65
    a6 9a 82 49 3b c6 a3 58 11 54 3a e7 e9 0c 9a fb
    ae 9c 36 76 49 65 09 11 fa 0d 65 08 59 e1 f3 07
    83 43 42 64 6c 4f da 2a 40 42 fa 1f 92 f2 38 c7
    d0 b9 fd 02 04 79 e4 25 8d 41 19 19 cc 3e 43 2b
    5f f5 57 0e f8 18 5a 2e 75 07 10 62 54 2b 99 28
    34 29 04 54 76 9a fa 73 c8 9c 67 9e e5 b0 2a 55
    31 1b 4a a0 bd 91 81 bb 5f 1b 24 73 41 2f fe cc
    52 7e 78 17 91 63 40 0e 10 84 a5 61 cf 41 6a 93
    f4 20 8f ba e5 1a eb e3 33 69 94 c0 7e 12 9b ed
    0b 42 3a 9a 28 23 02 5d e8 c1 30 a1 ab a1 f9 1c
    2b 15 fc 70 43 72 ae e4 c8 cb a1 88 03 ce 7c 40
    d3 f6 05 1b 62 88 e3 a1 20 8a 5c 32 c2 11 2c fb
    22 02 fe c9 01 fc 3b b0 78 57 c5 e1 eb 61 cf c2
    50 a4 95 31 98 2b 69 4a 67 4a 7a 13 45 d2 eb bd
    80 e9 56 77 25 97 d5 01 13 27 d7 57 58 f7 08 23
    1a ad bb 61 53 74 65 8b 77 cc ab 83 35 46 19 25
    3f cb d3 93 5d 93 4f 48 e4 33 77 a9 c8 1f 73 ce
    b8 d3 9c 61 17 93 d8 d1 49 57 c1 9a f8 04 0a bb
    a2 1f 23 24 1a 19 1a 91 61 ba 91 81 23 a2 16 d8
    ae cb 09 6a 05 90 40 d9 37 1f 38 94 5e b9 2a 52
    52 fb a0 ee 45 ca 81 75 85 9f 80 44 13 e1 a9 43
    14 00 b2 f0 73 0b b5 76 42 44 10 a1 73 74 d2 97
    08 53 2b cf bd 7c 64 84 f6 3b 67 03 16 7d b6 65
    71 96 9d b1 82 bd 5e 7a 64 f6 e6 3b 57 3c 81 89
    20 af 92 00 23 67 87 75 b7 6c 4f 67 a5 27 35 32
    ae cd 8c 17 a0 e0 1a 42 b6 77 b2 15 69 b4 58 36
    1d 00 cc e2 fa ca cc e2 86 9c 65 cf bb d6 49 97
    d8 c7 27 70 0a 6b f9 80 a5 b8 50 ec 2c 3b ca 09
    a1 27 83 39 91 49 be f5 92 be 18 6a b2 e3 28 9a
    d6 a3 04 2e d3 08 db d5 7c 62 f0 92 35 17 42 49
    21 c3 d7 b9 4d 5d 90 c9 25 f4 12 0c 34 2b 4f 46
    67 35 19 ae 8d b9 a2 d5 f7 31 5c ac 32 93 ea b0
    11 21 bc e2 42 b0 99 46 28 1c 34 8e 7f f9 6e 78
    e3 56 f4 a2 17 39 aa 56 c4 a7 24 7d 71 2a b1 39
    81 75 e5 6d 01 cc 96 d2 40 11 07 49 cd dd e6 74
    71 68 7c 2d c5 3e 6b 46 39 09 cb 3a 6b a7 1e 2d
    05 b1 97 59 5a fc 60 0f b1 ab c1 67 b9 29 85 4a
    10 4a 06 42 73 08 13 a1 c1 73 01 4c 09 c0 29 69
    4b 81 b8 04 44 01 73 58 81 1f 31 18 50 d8 ab 77
    a9 a3 88 8a c1 4d 79 69 b1 47 cc 12 b5 cb f1 70
    54 f0 59 63 93 0a 95 f2 92 9f c9 21 55 b3 59 aa
    2c b6 c1 9b b0 53 8f 87 16 de da 1b bb ab 08 4c
    c8 cc d1 f1 37 98 96 7b fa 3a 3e 3d b7 87 8e 70
    49 49 db 9e 0a 60 7a 80 13 c8 36 e2 59 a1 54 4d
    d8 e0 b2 c3 d5 67 94 fa 4a f1 b5 18 b9 8e 98 b6
    33 c3 80 da 6b 57 df c9 58 60 7d c8 32 1a 71 e4
    9f 9e b7 1c 4c 35 a5 14 a9 b3 14 1a f6 90 02 13
    c7 29 65 08 2c c8 b0 93 95 3d 50 f5 e8 fd 88 25
    11 cf 25 f7 ec 10
<<< TLS 1.2, RecordHeader [length 0005]
    14 03 03 00 01
<<< TLS 1.3, ChangeCipherSpec [length 0001]
    01
<<< TLS 1.2, RecordHeader [length 0005]
    16 03 03 04 ba
<<< TLS 1.3, Handshake [length 04ba], ServerHello
    02 00 04 b6 03 03 3c 52 e6 cd ed 43 b9 a3 d4 49
    65 a4 80 8e 56 63 13 13 4d 65 de 36 d7 63 2e 62
    f0 e5 a6 ff 2d 99 20 b2 11 1d 02 d4 4f 3a 5e a3
    78 4b 26 28 0a 01 75 1a ad 70 2c 1c 88 3b 9a b7
    1d e6 c1 2b 88 72 9f 13 02 00 04 6e 00 33 04 64
    11 ec 04 60 7c be 8b c3 62 14 e6 0a fe ff ef 27
    77 2a e9 ed 78 21 7a f0 7d 96 bc bf 09 6a 98 3d
    2e 32 ae 1b 1b fd 10 f0 87 b1 15 1a 19 62 4f 71
    83 6a 0e 52 55 07 76 44 14 78 1d 03 8e 58 0f 90
    fa 1b e5 85 25 5f 33 f6 66 0d 28 da 41 76 eb 00
    70 98 ff a0 57 3b 33 c6 76 af 4a 51 e8 a0 63 2a
    c2 b4 13 ba dc d7 e7 70 07 65 67 28 1b f9 eb 26
    fc 25 43 52 02 a4 d2 b7 ee 62 0d 8c e8 af 1a 02
    69 5b 4f 29 78 45 ee d7 c7 7f 37 5d 01 2c 8c 23
    d7 cf bd 44 6c e6 cd ff ae 67 4c 22 90 95 73 a6
    9a cf 1a 40 3e 4c 4c 44 76 a5 a3 43 95 87 46 b1
    1c bc a8 97 bd c2 1c a0 06 cc 12 76 a4 f1 e2 36
    f7 5b fa 1a f8 27 7e 26 31 73 de 89 b4 b9 72 61
    4e b7 4d c6 04 ed 00 08 1c c2 68 0c 7a 80 1b 91
    78 f8 37 32 d1 4e 33 0b 44 fe 41 e6 e7 c5 d3 62
    7a 75 e1 21 75 b6 65 1c 8a 2c bf 9c 43 1d 48 0d
    b2 4d dc 15 65 5b 86 ff 60 35 1b 0a 44 60 bd ed
    52 22 24 a8 2e 91 ef 0f e8 5c c7 48 75 93 b3 10
    c4 ff bf e9 83 d0 9f 52 db 20 f2 5d e4 b4 24 43
    45 eb 30 17 dc ad 4b d6 02 97 f7 b8 93 d8 73 c9
    6c 59 4a 74 f6 98 79 77 f7 fc fc 85 16 e3 80 b9
    35 e7 49 69 08 30 a1 0c b2 ed 25 80 ec 9d 24 ea
    be e8 a9 c0 ac c1 b1 bc 0a 35 23 fe 12 60 18 b1
    1a 6a 4a e8 ff a3 ad d6 71 b5 67 6d 92 20 3e 5e
    2a 89 ea 00 25 37 a9 93 d2 c2 5c 57 b6 89 d6 e5
    fa 13 d8 d5 90 4c ca 1e 2f 41 59 1f 99 ea 88 89
    37 21 a0 1c a5 18 55 42 58 8a d8 26 ee 34 97 56
    ec fa 1b cc 98 3b 61 93 e1 1e f4 8d 2b 24 5c 42
    7e 54 74 37 0f ba 5b 77 ae 99 6d 3e ff 15 8b a7
    21 cf 17 98 b4 e0 d0 fd f8 7d 6b e6 4c a4 31 fc
    d8 3b 08 5d f1 41 4b 9f 08 c0 2e 5c bd 42 e6 b2
    b0 aa cb 74 a6 50 06 75 48 ae 09 3a dd 43 d0 f5
    56 7c 79 2e 47 ae f8 2b 5c 1d 10 7f 03 74 7e ee
    6f ed aa ac dd 89 c1 aa 5c 11 c9 02 b5 45 7f e6
    87 40 ec 03 76 88 a7 79 26 c4 78 46 d2 53 09 d8
    2f 6b 74 5c 07 db 65 63 dd 35 58 f2 cf 41 64 14
    f1 8a b2 88 a1 fa 0d 30 23 14 80 cd 4f 83 6e 06
    84 43 05 70 9f be 45 fd ad 0d 1d 45 0a 34 6b af
    48 aa 6d 7f 4c 2a 2f 7d 09 17 49 ae 71 60 87 f6
    6e 22 1e 41 e4 5d e8 a5 ef 2b fa 87 4b b5 d2 d1
    4e 6c b1 3b e8 3d 80 be 2e 45 6e 99 26 55 94 33
    eb 01 a6 a9 34 02 cb 13 70 d2 71 0c 2d 41 12 b3
    9c 27 01 ce 8d b4 06 17 47 52 97 92 26 90 71 5a
    87 1e 78 70 31 7f 48 c6 e8 2c dd 28 13 e9 7d 2c
    47 c0 63 95 7e 29 b6 fa 77 73 f5 e1 41 17 49 05
    e3 36 cd e2 d3 7c 8e 32 a4 a7 7f 55 ec 0a 0f bd
    b7 77 03 46 22 d8 31 0d bf 1a 00 f8 52 96 d3 dd
    02 94 a1 44 66 16 ee ac c4 c9 35 96 60 72 78 f1
    01 80 12 c0 5d 00 9e 4b 8f a6 fb 8e c5 88 9c 7b
    bd 6e 46 e3 b8 22 7b 69 ad 2c 60 0c a3 55 aa c1
    a1 86 59 b4 ec b7 22 ed 1b 1d 53 84 2c 95 47 8a
    29 a2 9c ad d2 dc d2 03 88 92 c6 48 2d c2 04 7c
    a8 5b c9 34 82 99 75 2c a5 f5 09 63 84 5c 81 85
    1e 69 5d d5 a0 fd 59 97 2c 7a 2e 05 3f 29 c2 d2
    80 e2 39 97 9d e1 b8 1e 38 f8 53 df 07 bb 89 be
    ec 59 5c 40 39 a0 76 e8 fa 12 eb cd c5 33 3a 40
    61 22 1c e3 bb 8a 44 5e 2f ae 3f a4 ef a3 5e 2a
    8f b6 4c 5c 0d 35 a7 4f f5 e4 e4 2a 98 68 12 73
    1c 3c df 92 2f 37 06 db d8 8d 67 42 4b d7 3a 6b
    73 7f 4f 64 3c 23 44 06 43 ce c9 10 47 94 eb 81
    1e 34 0b 56 34 57 cc 54 63 7f 47 3b 49 7d f7 61
    62 d9 73 9d 0e 30 47 3d eb e8 90 e0 3d 8a c8 31
    ad dd 82 5e 6b 27 26 33 84 08 41 4a ff 15 c0 db
    89 7d 2e 97 b2 dd 62 b5 ad b7 9a 0c 40 c0 24 33
    aa 52 5a 2a 49 8c 26 a4 56 fe f8 1f 70 e4 12 8b
    de 8d ff 3d d7 29 fc 7f 63 dc 2f 76 98 49 1f ef
    6f c0 1b ed 65 7b c2 c8 08 1e b1 2d 48 8a 82 ce
    ec ac 6b a1 5e 56 0b 7b f7 6f 04 31 d8 c8 3d 51
    c3 7c da a4 2b d6 b3 16 13 87 fb d1 85 ce 55 70
    90 d0 ab 6f 17 6a 73 c2 a2 e8 a7 4b b5 27 77 00
    43 72 72 74 00 2b 00 02 03 04
<<< TLS 1.2, RecordHeader [length 0005]
    17 03 03 04 89
<<< TLS 1.3, InnerContent [length 0001]
    16
<<< TLS 1.3, Handshake [length 0006], EncryptedExtensions
    08 00 00 02 00 00
<<< TLS 1.3, Handshake [length 0336], Certificate
    0b 00 03 32 00 00 03 2e 00 03 29 30 82 03 25 30
    82 02 0d a0 03 02 01 02 02 01 02 30 0d 06 09 2a
    86 48 86 f7 0d 01 01 0b 05 00 30 12 31 10 30 0e
    06 03 55 04 03 0c 07 52 6f 6f 74 20 43 41 30 20
    17 0d 31 36 30 31 31 34 32 32 32 39 34 36 5a 18
    0f 32 31 31 36 30 31 31 35 32 32 32 39 34 36 5a
    30 19 31 17 30 15 06 03 55 04 03 0c 0e 73 65 72
    76 65 72 2e 65 78 61 6d 70 6c 65 30 82 01 22 30
    0d 06 09 2a 86 48 86 f7 0d 01 01 01 05 00 03 82
    01 0f 00 30 82 01 0a 02 82 01 01 00 d5 5d 60 6a
    df fc 61 ee 48 aa 8c 11 48 43 a5 6d b6 52 5d aa
    98 49 b1 61 92 35 b1 fc 3a 04 25 0c 6d 79 ff b4
    d5 c9 e9 5c 1c 3b e0 ab b3 b8 7d a3 de 6d bd e0
    dd d7 5a bf 14 47 11 42 5e a6 82 d0 61 c1 7f dd
    13 46 e6 09 85 07 0e f2 d4 fc 1a 64 d2 0a ad 20
    ab 20 6b 96 f0 ad cc c4 19 53 55 dc 01 1d a4 b3
    ef 8a b4 49 53 5d 8a 05 1c f1 dc e1 44 bf c5 d7
    e2 77 19 57 5c 97 0b 75 ee 88 43 71 0f ca 6c c1
    b4 b2 50 a7 77 46 6c 58 0f 11 bf f1 76 24 5a ae
    39 42 b7 51 67 29 e1 d0 55 30 6f 17 e4 91 ea ad
    f8 28 c2 43 6f a2 64 a9 fb 9d 98 92 62 48 3e eb
    0d 4f 82 4a 8a ff 3f 72 ee 96 b5 ae a1 c1 98 ba
    ef 7d 90 75 6d ff 5a 52 9e ab f5 c0 7e d0 87 43
    db 85 07 07 0f 7d 38 7a fd d1 d3 ee 65 1d d3 ea
    39 6a 87 37 ee 4a d3 e0 0d 6e f5 70 ac c2 bd f1
    6e f3 92 95 5e a9 f0 a1 65 95 93 8d 02 03 01 00
    01 a3 7d 30 7b 30 1d 06 03 55 1d 0e 04 16 04 14
    c0 e7 84 bf e8 59 27 33 10 b0 52 4f 51 52 2f 06
    d6 c0 7a cd 30 1f 06 03 55 1d 23 04 18 30 16 80
    14 70 7f 2e ae 83 68 59 98 04 23 2a cd eb 3e 17
    cd 24 dd 01 49 30 09 06 03 55 1d 13 04 02 30 00
    30 13 06 03 55 1d 25 04 0c 30 0a 06 08 2b 06 01
    05 05 07 03 01 30 19 06 03 55 1d 11 04 12 30 10
    82 0e 73 65 72 76 65 72 2e 65 78 61 6d 70 6c 65
    30 0d 06 09 2a 86 48 86 f7 0d 01 01 0b 05 00 03
    82 01 01 00 7b d3 04 43 75 8a 0f 11 ae c4 fb d7
    a1 a2 9e fe 20 18 d5 f4 2f 31 88 46 b6 75 8c ee
    e5 9b 97 a6 b9 a3 cd 60 9a 46 c3 48 97 e5 97 68
    f7 5a 86 35 73 d9 69 9e f9 5f 74 b9 e6 94 13 01
    cb 6a dc e3 c4 04 e9 65 da 9c a4 8b 28 f3 f9 9a
    7f bf 97 1f 45 92 e5 05 b1 56 e6 0b f6 47 de 1e
    89 b6 2b e1 4d df 4a 7e 01 d3 23 dc 97 8c 47 fe
    5f c7 cc 98 46 0e c4 83 5b ca 8a f1 52 09 be 6b
    ec 3f 09 8b d0 93 02 bf e1 51 e7 d1 7e 34 56 19
    74 d0 ff 28 25 de b7 9f 56 52 91 7d 20 29 85 0a
    80 44 5f 71 32 25 71 0f c2 16 e2 5f 6b 1d 3f 32
    5b 0a 3c 74 1c b9 62 f1 ed 07 50 a3 6d b4 b4 31
    0a c0 53 44 6a 3a 88 84 8b 2d a9 b0 37 8e e6 18
    36 bd 9a 20 40 0f 01 92 8b 3d aa 61 e7 ae 2c ed
    36 cd 3a 07 86 74 3a 29 b3 d7 3a b4 00 a9 c2 f5
    92 78 0e e2 0f a3 fe bb be e0 06 53 84 59 1d 90
    69 e5 b6 f9 00 00
<<< TLS 1.3, Handshake [length 0108], CertificateVerify
    0f 00 01 04 08 04 01 00 5b 4d 98 8e 03 67 a2 53
    fe 24 2e 79 ea f9 77 16 d9 ae c1 50 b3 fa 99 53
    29 6b 89 b3 3d f1 6c b0 ac 8c de 67 ad 22 ca d6
    1c 47 02 93 fd 13 96 cc 0f e1 23 3d 08 d5 20 f6
    db 76 60 ba 08 ba 85 14 54 5b 80 af ef 33 52 14
    eb 3f 9e 3e 64 ee 92 9d bb 4e 8e c1 0f b8 22 87
    c1 2b af 65 49 8b 73 2c e2 c3 8c f2 ca 03 5a 49
    c0 4b d0 45 87 7b 46 8b 89 ef ef 90 c5 a0 c2 25
    b6 40 48 52 67 ac 0f 99 ea a8 d1 a8 2e 09 31 ec
    cc ea e2 25 40 57 59 f4 e9 2b 0b 6b 83 b2 2d a0
    01 4b 12 23 15 46 53 2c 6b ae c5 d6 35 20 ad 4d
    e4 62 fd 07 9a 97 67 b0 6a f7 6b 5a 72 8c 3b d3
    8d 92 3b 5d 44 00 e5 d3 6b af c4 f0 13 95 cc 94
    9b cd 49 86 b6 1a 80 80 59 7f ee f8 0c ab f3 5d
    e5 44 f8 0b 23 62 0f 1f 81 c4 d5 6b f5 e2 a0 c4
    a0 5d 55 55 91 ca bf 9e b8 ba 0a 1c 37 ff b0 89
    8a aa ea 63 19 54 b5 22
<<< TLS 1.3, Handshake [length 0034], Finished
    14 00 00 30 93 c5 f8 46 c2 ce c6 0e 6d 03 2c 13
    7f 3d 60 89 24 5f c0 af b5 a8 ac a5 94 0a 2c 56
    c9 18 d6 40 36 cf 98 16 84 7e be 1f d5 56 29 e6
    83 3c 7e eb
>>> TLS 1.2, RecordHeader [length 0005]
    17 03 03 00 45
>>> TLS 1.2, InnerContent [length 0001]
    16
>>> TLS 1.3, Handshake [length 0034], Finished
    14 00 00 30 20 ae 36 9e a3 1f 00 7d a2 ef 35 05
    ba 61 3b 40 bf fd c7 3b 80 36 50 ef 77 83 b6 60
    06 30 5a a4 46 15 2a 48 37 4e e5 c4 32 dc 94 16
    74 29 8f 22
---
Certificate chain
 0 s:CN=server.example
   i:CN=Root CA
   a:PKEY: RSA, 2048 (bit); sigalg: sha256WithRSAEncryption
   v:NotBefore: Jan 14 22:29:46 2016 GMT; NotAfter: Jan 15 22:29:46 2116 GMT
---
Server certificate
-----BEGIN CERTIFICATE-----
MIIDJTCCAg2gAwIBAgIBAjANBgkqhkiG9w0BAQsFADASMRAwDgYDVQQDDAdSb290
IENBMCAXDTE2MDExNDIyMjk0NloYDzIxMTYwMTE1MjIyOTQ2WjAZMRcwFQYDVQQD
DA5zZXJ2ZXIuZXhhbXBsZTCCASIwDQYJKoZIhvcNAQEBBQADggEPADCCAQoCggEB
ANVdYGrf/GHuSKqMEUhDpW22Ul2qmEmxYZI1sfw6BCUMbXn/tNXJ6VwcO+Crs7h9
o95tveDd11q/FEcRQl6mgtBhwX/dE0bmCYUHDvLU/Bpk0gqtIKsga5bwrczEGVNV
3AEdpLPvirRJU12KBRzx3OFEv8XX4ncZV1yXC3XuiENxD8pswbSyUKd3RmxYDxG/
8XYkWq45QrdRZynh0FUwbxfkkeqt+CjCQ2+iZKn7nZiSYkg+6w1PgkqK/z9y7pa1
rqHBmLrvfZB1bf9aUp6r9cB+0IdD24UHBw99OHr90dPuZR3T6jlqhzfuStPgDW71
cKzCvfFu85KVXqnwoWWVk40CAwEAAaN9MHswHQYDVR0OBBYEFMDnhL/oWSczELBS
T1FSLwbWwHrNMB8GA1UdIwQYMBaAFHB/Lq6DaFmYBCMqzes+F80k3QFJMAkGA1Ud
EwQCMAAwEwYDVR0lBAwwCgYIKwYBBQUHAwEwGQYDVR0RBBIwEIIOc2VydmVyLmV4
YW1wbGUwDQYJKoZIhvcNAQELBQADggEBAHvTBEN1ig8RrsT716Ginv4gGNX0LzGI
RrZ1jO7lm5emuaPNYJpGw0iX5Zdo91qGNXPZaZ75X3S55pQTActq3OPEBOll2pyk
iyjz+Zp/v5cfRZLlBbFW5gv2R94eibYr4U3fSn4B0yPcl4xH/l/HzJhGDsSDW8qK
8VIJvmvsPwmL0JMCv+FR59F+NFYZdND/KCXet59WUpF9ICmFCoBEX3EyJXEPwhbi
X2sdPzJbCjx0HLli8e0HUKNttLQxCsBTRGo6iISLLamwN47mGDa9miBADwGSiz2q
YeeuLO02zToHhnQ6KbPXOrQAqcL1kngO4g+j/ru+4AZThFkdkGnltvk=
-----END CERTIFICATE-----
subject=CN=server.example
issuer=CN=Root CA
---
No client certificate CA names sent
Peer signing digest: SHA256
Peer signature type: rsa_pss_rsae_sha256
Negotiated TLS1.3 group: X25519MLKEM768
---
SSL handshake has read 2480 bytes and written 1702 bytes
Verification error: unable to verify the first certificate
---
New, TLSv1.3, Cipher is TLS_AES_256_GCM_SHA384
Protocol: TLSv1.3
Server public key is 2048 bit
This TLS version forbids renegotiation.
Compression: NONE
Expansion: NONE
No ALPN negotiated
Early data was not sent
Verify return code: 21 (unable to verify the first certificate)
---
>>> TLS 1.2, RecordHeader [length 0005]
    17 03 03 00 13
>>> TLS 1.2, InnerContent [length 0001]
    15
>>> TLS 1.3, Alert [length 0002], warning close_notify
    01 00
Connecting to 127.0.0.1
SSL_connect:before SSL initialization
SSL_connect:SSLv3/TLS write client hello
SSL_connect:SSLv3/TLS write client hello
SSL_connect:SSLv3/TLS read server hello
SSL_connect:SSLv3/TLS write change cipher spec
SSL_connect:SSLv3/TLS write client hello
SSL_connect:SSLv3/TLS write client hello
SSL_connect:SSLv3/TLS read server hello
Can't use SSL_get_servername
SSL_connect:TLSv1.3 read encrypted extensions
depth=0 CN=server.example
verify error:num=20:unable to get local issuer certificate
verify return:1
depth=0 CN=server.example
verify error:num=21:unable to verify the first certificate
verify return:1
depth=0 CN=server.example
verify return:1
SSL_connect:SSLv3/TLS read server certificate
SSL_connect:TLSv1.3 read server certificate verify
SSL_connect:SSLv3/TLS read finished
SSL_connect:SSLv3/TLS write finished
DONE
SSL3 alert write:warning:close notify
