CONNECTED(00000003)
>>> TLS 1.0, RecordHeader [length 0005]
    16 03 01 05 76
>>> TLS 1.3, Handshake [length 0576], ClientHello
    01 00 05 72 03 03 54 f1 82 4e 81 3c 69 d5 00 20
    c2 8d 74 bf 13 33 23 45 9c 5a b5 37 ae 8d f8 47
    74 35 4d b2 12 54 20 04 33 a2 93 25 cc 33 c3 54
    5f 06 0c 54 ba 3c 8b 4f f5 2f cc 8d c1 43 20 4d
    e8 eb 59 31 c1 be 2b 00 06 13 02 13 03 13 01 01
    00 05 23 00 0b 00 04 03 00 01 02 00 0a 00 06 00
    04 11 ec 00 1d 00 23 00 00 00 16 00 00 00 17 00
    00 00 0d 00 2a 00 28 09 05 09 06 09 04 04 03 05
    03 06 03 08 07 08 08 08 1a 08 1b 08 1c 08 09 08
    0a 08 0b 08 04 08 05 08 06 04 01 05 01 06 01 00
    2b 00 03 02 03 04 00 2d 00 02 01 01 00 33 04 c6
    04 c4 11 ec 04 c0 9d 28 5d cd 47 51 8a 27 87 c3
    50 6d 8f 08 13 2b 1c 97 e4 23 96 fc 75 07 11 b3
    47 c3 96 a2 27 04 c7 37 61 ad 5b c7 be 84 21 1b
    1b 9a 95 de 58 70 29 70 87 e1 cb 2a e9 d8 70 2e
    a5 2a 8c e7 b8 c0 e3 8c 78 27 22 a0 23 1c e3 21
    1c 53 e4 15 36 71 86 49 f1 91 ea 14 05 c6 31 3a
    8f c0 5d ce 52 cb db ba 17 50 6c 0d 17 0b c4 44
    a6 bf f6 ba ba 8d 88 c5 01 a0 36 99 35 2a cf c2
    7e 50 67 1f f4 35 56 51 17 ad 6a 18 19 46 34 8a
    85 1b 46 d0 86 58 c8 b9 95 62 c2 2c 1b e1 1f 21
    28 5c 75 96 97 71 40 63 05 a5 9b 21 0c 92 c0 c4
    2a 75 7c 08 a0 77 a6 91 5c 9e da 79 57 1a 6a 5c
    02 22 00 90 18 91 3f 87 57 0f 1b 1f 22 4a 57 fb
    32 39 b6 51 6e 29 a5 cb ad ba 2f ff 83 16 e6 e1
    9b 44 db cf 2f 67 87 cb 85 6f 10 c3 83 6e d0 cf
    3a 58 2a 9e a9 9f eb 53 80 ef 28 a0 79 d3 5e d8
    b3 25 df c6 a1 4c 43 80 77 db 89 57 c1 93 2f 23
    7e b1 47 6e d4 e0 a3 4e fa 0c 06 ec 0d 16 84 01
    b9 0c 47 4a 48 ad f9 a9 90 69 b7 11 bc 75 4d 6f
    34 79 ea 3a 86 49 5b 3a a3 5a 60 a0 79 06 c8 71
    98 9a a2 80 2f 09 ac 23 30 8d 12 a5 97 29 12 7f
    db 58 0b 10 33 56 02 b9 20 39 97 9a ee 00 83 77
    ac 52 a8 ca 1a f9 aa a3 20 59 7d df 9c 92 c0 34
    b9 59 b0 a5 8a 98 cd 25 c4 7d 72 d2 be 84 f8 42
    d9 3c 05 64 64 9f e5 7b 1f 18 0c 43 04 92 a6 c3
    b4 6e e4 b8 65 4d 95 0a 1e 30 a1 fc 40 68 e1 8c
    5a eb 72 97 18 a9 01 04 89 24 ae 45 bf ad 09 b6
    35 42 47 08 20 94 30 dc 32 71 86 a0 b4 7a 85 17
    11 73 23 d8 68 a5 b8 5b 27 b0 06 3b e4 60 4d 19
    27 96 77 6d d1 11 a5 42 d8 bd 7d 14 2c 8c da a6
    d3 c5 1b 30 a6 0f 99 02 88 bc 76 69 e3 c7 48 8d
    60 a6 55 5b 68 76 a1 24 60 bc 8c 98 45 8e c9 f3
    23 b5 07 47 7c c4 75 df a5 7c e9 92 71 e3 6a 83
    27 c4 1c b8 e2 77 81 a4 25 39 47 94 7c 18 8c 4f
    d5 55 19 7b 1f 5c 81 15 e7 9b 7d 19 4c c9 82 60
    bd 25 65 96 ee b0 38 ac 78 9e 35 e2 9d a1 19 98
    4f 09 22 62 a3 9e 12 e5 b5 f7 9b 6f f8 a7 b3 af
    35 bb 42 f7 c6 79 28 02 b9 53 9e 5e 04 68 63 55
    8a c1 1a 1d 3b 0c 3c f1 d7 72 30 8b b2 08 d4 80
    31 5a 78 9b 50 78 f5 48 0a 95 72 3a 86 68 3e 3f
    82 88 e6 68 80 ec 15 60 2b 33 5f 46 34 76 99 64
    1c 8c 6b 28 93 c9 99 97 47 36 83 94 21 6c ab 0b
    3f 71 94 2f 5c 89 f9 62 b5 23 d5 a2 92 33 b0 68
    98 18 4f 73 1e 5f b4 97 bd 5a 7a a7 0a 23 2e ca
    32 ba 8a 42 c2 83 35 a6 c6 74 4e 95 78 ef 80 a5
    b7 54 a7 86 b6 5e 8b d7 0f 3d 69 8b fb f4 94 0a
    9a 3a fa 7a ac d0 32 c7 7c cb 48 ac 35 b4 5f 12
    cf 68 97 2d 09 22 4a 6c ca 1f 63 1c cc b0 38 38
    37 03 8b c9 51 7c a2 cb 35 22 e3 5f db 67 ac f7
    33 4e 04 85 8d 0f 04 2c 95 18 c3 f2 00 73 e7 06
    22 55 02 b3 58 04 a4 6b c1 12 12 c6 2e f5 b9 7d
    11 67 88 a0 7a 53 a9 2a 25 a3 b8 93 b4 9c c4 0e
    87 cc 85 29 4d 53 e5 9c bd 0a 48 82 2b a3 16 64
    3a c4 42 0a 38 ac a3 dd d4 b0 4e 74 b1 58 e4 be
    ea 5b 44 1e 02 11 74 87 9d ca a5 7f 56 f7 c5 6b
    58 a9 10 0b ab 24 06 9f ff 7c 53 a1 f4 9e 74 c4
    2b 8d 28 1a 23 29 c0 d0 d3 00 be 2a 42 81 54 63
    c1 42 97 58 07 41 a4 84 3b d5 69 ae ad d8 20 e0
    c6 c4 03 d1 10 97 26 4a 68 d7 a3 eb 71 64 d1 93
    16 52 e9 1b 12 0a b3 6e 37 8f bb 30 8b 8c a6 a4
    5a 75 bf 8f 7b 67 a4 f9 bc 1a 30 03 ec e5 2e ac
    fc b1 69 0a 19 6a c6 78 e5 17 9a bb d8 74 92 f0
    33 9d dc 9e e7 a2 a7 bc 67 36 c8 68 7a 1f 35 38
    49 f5 40 80 12 4b ef a9 04 ae 65 ab 95 62 30 e3
    f5 77 a3 79 63 7d 59 06 db ba 33 e9 70 bf d9 26
    84 c7 99 86 30 0c b5 fe 48 a1 cf c8 05 d4 8c 59
    00 c9 00 bd ac 5d 0e e5 78 62 a7 50 04 81 2b 0a
    04 26 f7 71 09 ce 89 cf 81 e7 8b 94 a8 81 de c0
    8e 50 39 56 f9 b3 15 5a 6b 5a 9a 55 79 a2 35 c7
    ad 79 c1 f7 4c 1b 63 7a 80 e8 e4 cc 37 b1 11 d3
    04 c1 5b 39 34 96 52 aa ad b7 0d f8 60 28 fb e4
    c4 83 78 00 b3 1c 87 e9 6b 63 96 a5 7b 44 e0 2c
    58 84 7a df 86 56 39 60 82 39 76 73 f0 8c 2d 1f
    f8 83 03 57 81 6f 01 c4 4d 90 fa 5b 80 0e 11 0c
    88 50 55 60 c4 21 7b dc 9b c6 ce be da 91 0c 1b
    e5 aa b2 62 9f 13 b4 2b 28 62 93 0f 91 aa 88 19
    8f dd 17 9b 15 41
<<< TLS 1.2, RecordHeader [length 0005]
    16 03 03 04 ba
<<< TLS 1.3, Handshake [length 04ba], ServerHello
    02 00 04 b6 03 03 6d 65 50 2c a6 e6 01 96 d9 4f
    d9 f2 aa f6 ff 79 1f ab 39 06 7d 80 c3 c0 4c b1
    3c 50 1e fe 7f d7 20 04 33 a2 93 25 cc 33 c3 54
    5f 06 0c 54 ba 3c 8b 4f f5 2f cc 8d c1 43 20 4d
    e8 eb 59 31 c1 be 2b 13 02 00 04 6e 00 33 04 64
    11 ec 04 60 5d 88 93 a3 e8 1b 0f 49 5f ab 94 ce
    9e cc 5c 9f 58 da 98 37 cb da fa fe 9b 23 67 89
    76 a0 1c 30 de 11 55 ce fc 44 f4 9d 7e 00 b8 d1
    7b d8 e5 f6 c7 14 a1 6e 4c 64 1b f2 65 93 9c c1
    f1 be 30 b4 c3 ee 74 29 24 ba c3 37 d3 af 8f c6
    7f c1 da 66 39 61 ab ee 85 01 3f 3d 48 ef 5a 4a
    31 2f 1c df 18 b8 1f 5e 64 33 4f c4 53 cb ea fd
    72 5b 88 d3 a5 e5 c4 b8 e7 26 a7 c1 3c c4 84 e9
    5f 43 6f 30 ba 06 1b 27 e0 18 2a 53 fe a6 f8 9b
    27 53 cf b4 a0 b8 00 79 c3 19 0c 8a e9 87 e5 b6
    6d 94 a5 69 a1 33 e4 55 4a c7 0b 8f c7 a0 a9 31
    f8 27 8c 92 2d da 9d 14 a9 1d 5b 87 5a 2a 16 33
    66 4c 16 c3 42 18 a1 16 52 5b 54 3f 7c 75 aa ce
    6e ef 41 8c 9e 00 16 90 74 e8 be 2e 30 21 87 20
    01 d6 82 97 ea 5b 2e c8 96 12 e1 d5 1a f2 18 ca
    95 64 a1 c7 a8 9e 64 6d ad 50 97 5e 4d a1 4d 1e
    63 f3 56 c7 f0 06 29 e7 ba 70 ed af 90 32 8c 1b
    d5 ee 44 ef bc 56 e2 e8 41 17 23 48 0d d2 e3 01
    42 f4 3f 05 9c 3a 46 6c a0 e1 27 6e 34 e6 c1 6e
    fc e9 51 0b ee 5c c5 2b 8c b8 4f 0b c3 06 b5 ad
    47 c2 2c 03 5a bf 89 cf 17 24 40 6f 0d 09 10 df
    49 1e 79 05 f4 fe d1 38 19 d2 e0 0f 12 77 73 00
    41 0a 7f 4b ed 82 eb e2 4b c7 dc 34 b9 a3 c9 f6
    c7 6c 1a 50 f6 45 85 21 30 5d 81 16 37 03 de c3
    99 97 97 e1 b3 fe 75 48 9c 14 2d fe 07 69 f2 92
    b4 51 01 69 fd 68 62 79 86 f1 6a a5 16 a2 ca df
    c4 3f 04 09 03 3e ed f2 33 7b 5e 16 e2 75 9e 8d
    0a ee f8 f2 b0 3a 56 fb bf c6 36 47 63 03 7a 11
    af 17 6d a4 4a 76 dc 1b 82 07 2d 7e bb a4 9d a7
    1e c9 70 15 5d dd 52 07 2b 80 13 4b fc 5b 78 09
    d5 cd 7f 04 f7 b0 b6 76 a9 09 08 e6 6f 4f 7e 30
    72 5a 47 87 a3 2d 3a 3e 10 9b ac 82 78 25 de 8a
    44 9d 35 b7 c5 8e a5 c6 42 0b e5 ee ab 76 dd 18
    00 8d 4e 9b b0 8b 80 6f 2e 4f c0 dd a0 8b 11 64
    8a 4f 53 ad 02 d2 6b 8c 98 7b 6a c4 11 60 dc 3f
    32 5f 45 70 63 96 a1 2a 90 0b 32 f7 40 f6 31 dd
    65 f3 1d 4a 41 19 c1 cc c6 aa f2 cf 21 15 03 60
    0b 7f c9 44 45 d9 25 bd 66 bb a3 f8 fb 83 85 7b
    43 0e 1c 48 4f c2 69 59 59 a1 1a 79 4d c3 f1 6a
    53 78 7e 86 56 09 6e 74 34 08 09 5e 19 97 fc e9
    ea fe 7b 8b 23 15 b8 e1 10 3a 35 4e 67 78 51 e2
    03 14 d0 d4 7a 49 c6 87 c4 d6 8f 35 c2 0f e4 c3
    e0 b5 6a be e9 2b 78 09 fe d0 33 02 62 03 30 8a
    fb 52 37 49 d3 25 e4 06 56 72 86 a2 db 7a 1e 29
    87 67 79 ef 27 8b 00 24 85 2e 02 f8 80 7f c3 29
    a8 eb 66 22 3a b0 cf 7c f4 f7 7c 01 de ed 68 3b
    bb d3 d4 bc 2f c6 ba 89 f9 c9 15 b5 8a de 6d 39
    c8 4f 48 df 26 d0 ca ec 18 4c f1 3a 49 31 69 da
    89 50 02 e6 4d 47 5b 9b e5 9f 0e 79 06 4c 00 98
    0a d1 43 19 9b aa 48 7c b1 90 9d f6 6f d6 b0 11
    3e 0f bb 50 95 57 0d 8b b5 a6 77 0d 6c 3d b9 f9
    52 8d 5f 7d bb 77 35 eb 5e 5f 31 8f 1a 04 bd bb
    58 32 5e 70 ed 4e 20 49 93 37 f9 e5 ef dc a4 c0
    2a 9f 61 33 9e 1a f9 a5 45 e5 5e 7b b2 39 de b8
    16 0e de 52 ad fa b3 12 d3 29 cb 50 e1 15 8a 47
    9a 86 d2 b2 c6 4f 4c 2a b8 a4 9c 3f 31 26 9e 90
    98 69 e4 cc d3 8a 92 7a 0a 32 66 06 96 38 b7 e1
    ff 96 fe a2 5b a9 5b 60 7a 10 d8 06 fa 32 99 11
    44 00 e2 68 ce 90 19 49 6d 96 93 11 75 80 1a 1b
    14 be ff 7f c9 28 ac 07 ef 28 0f ff 1c 9e b9 d5
    f7 35 b3 17 75 37 ff 89 3a 17 d0 3b 27 da ed 8c
    c7 63 21 2c df b7 8a 51 f0 cf 63 79 b5 94 19 1b
    44 98 40 25 bc 3d e7 84 bc 20 e9 05 fd 87 12 e1
    ed 7f 9f e9 18 ac 4f 1b 8f 6e 43 c0 98 43 18 35
    18 3f da a7 8e 12 1f f9 14 f5 26 e6 a5 d7 2c fa
    bc 70 6e 7f 80 66 df 33 d7 49 91 fd 57 7e 6d d2
    42 0a f8 7f ad 73 f7 7c a7 fc fd 38 d8 05 83 a0
    c6 e4 d8 d3 90 b9 5d 26 97 30 f5 06 f3 5c a9 4c
    5a a2 17 61 f8 b6 6f 32 ca 79 27 b2 15 00 47 bb
    5d f4 45 f5 66 03 e8 d5 54 42 b0 67 41 c3 cd d8
    b9 f1 e6 0d 00 2b 00 02 03 04
<<< TLS 1.2, RecordHeader [length 0005]
    14 03 03 00 01
<<< TLS 1.3, ChangeCipherSpec [length 0001]
    01
<<< TLS 1.2, RecordHeader [length 0005]
    17 03 03 04 89
<<< TLS 1.3, InnerContent [length 0001]
    16
<<< TLS 1.3, Handshake [length 0006], EncryptedExtensions
    08 00 00 02 00 00
<<< TLS 1.3, Handshake [length 0336], Certificate
    0b 00 03 32 00 00 03 2e 00 03 29 30 82 03 25 30
    82 02 0d a0 03 02 01 02 02 01 02 30 0d 06 09 2a
    86 48 86 f7 0d 01 01 0b 05 00 30 12 31 10 30 0e
    06 03 55 04 03 0c 07 52 6f 6f 74 20 43 41 30 20
    17 0d 31 36 30 31 31 34 32 32 32 39 34 36 5a 18
    0f 32 31 31 36 30 31 31 35 32 32 32 39 34 36 5a
    30 19 31 17 30 15 06 03 55 04 03 0c 0e 73 65 72
    76 65 72 2e 65 78 61 6d 70 6c 65 30 82 01 22 30
    0d 06 09 2a 86 48 86 f7 0d 01 01 01 05 00 03 82
    01 0f 00 30 82 01 0a 02 82 01 01 00 d5 5d 60 6a
    df fc 61 ee 48 aa 8c 11 48 43 a5 6d b6 52 5d aa
    98 49 b1 61 92 35 b1 fc 3a 04 25 0c 6d 79 ff b4
    d5 c9 e9 5c 1c 3b e0 ab b3 b8 7d a3 de 6d bd e0
    dd d7 5a bf 14 47 11 42 5e a6 82 d0 61 c1 7f dd
    13 46 e6 09 85 07 0e f2 d4 fc 1a 64 d2 0a ad 20
    ab 20 6b 96 f0 ad cc c4 19 53 55 dc 01 1d a4 b3
    ef 8a b4 49 53 5d 8a 05 1c f1 dc e1 44 bf c5 d7
    e2 77 19 57 5c 97 0b 75 ee 88 43 71 0f ca 6c c1
    b4 b2 50 a7 77 46 6c 58 0f 11 bf f1 76 24 5a ae
    39 42 b7 51 67 29 e1 d0 55 30 6f 17 e4 91 ea ad
    f8 28 c2 43 6f a2 64 a9 fb 9d 98 92 62 48 3e eb
    0d 4f 82 4a 8a ff 3f 72 ee 96 b5 ae a1 c1 98 ba
    ef 7d 90 75 6d ff 5a 52 9e ab f5 c0 7e d0 87 43
    db 85 07 07 0f 7d 38 7a fd d1 d3 ee 65 1d d3 ea
    39 6a 87 37 ee 4a d3 e0 0d 6e f5 70 ac c2 bd f1
    6e f3 92 95 5e a9 f0 a1 65 95 93 8d 02 03 01 00
    01 a3 7d 30 7b 30 1d 06 03 55 1d 0e 04 16 04 14
    c0 e7 84 bf e8 59 27 33 10 b0 52 4f 51 52 2f 06
    d6 c0 7a cd 30 1f 06 03 55 1d 23 04 18 30 16 80
    14 70 7f 2e ae 83 68 59 98 04 23 2a cd eb 3e 17
    cd 24 dd 01 49 30 09 06 03 55 1d 13 04 02 30 00
    30 13 06 03 55 1d 25 04 0c 30 0a 06 08 2b 06 01
    05 05 07 03 01 30 19 06 03 55 1d 11 04 12 30 10
    82 0e 73 65 72 76 65 72 2e 65 78 61 6d 70 6c 65
    30 0d 06 09 2a 86 48 86 f7 0d 01 01 0b 05 00 03
    82 01 01 00 7b d3 04 43 75 8a 0f 11 ae c4 fb d7
    a1 a2 9e fe 20 18 d5 f4 2f 31 88 46 b6 75 8c ee
    e5 9b 97 a6 b9 a3 cd 60 9a 46 c3 48 97 e5 97 68
    f7 5a 86 35 73 d9 69 9e f9 5f 74 b9 e6 94 13 01
    cb 6a dc e3 c4 04 e9 65 da 9c a4 8b 28 f3 f9 9a
    7f bf 97 1f 45 92 e5 05 b1 56 e6 0b f6 47 de 1e
    89 b6 2b e1 4d df 4a 7e 01 d3 23 dc 97 8c 47 fe
    5f c7 cc 98 46 0e c4 83 5b ca 8a f1 52 09 be 6b
    ec 3f 09 8b d0 93 02 bf e1 51 e7 d1 7e 34 56 19
    74 d0 ff 28 25 de b7 9f 56 52 91 7d 20 29 85 0a
    80 44 5f 71 32 25 71 0f c2 16 e2 5f 6b 1d 3f 32
    5b 0a 3c 74 1c b9 62 f1 ed 07 50 a3 6d b4 b4 31
    0a c0 53 44 6a 3a 88 84 8b 2d a9 b0 37 8e e6 18
    36 bd 9a 20 40 0f 01 92 8b 3d aa 61 e7 ae 2c ed
    36 cd 3a 07 86 74 3a 29 b3 d7 3a b4 00 a9 c2 f5
    92 78 0e e2 0f a3 fe bb be e0 06 53 84 59 1d 90
    69 e5 b6 f9 00 00
<<< TLS 1.3, Handshake [length 0108], CertificateVerify
    0f 00 01 04 08 04 01 00 45 64 ed 60 7f 58 49 6a
    c0 fd 6c 98 07 66 42 27 1a c4 3f 95 bf 7d 82 e6
    76 9c 15 2c 0b e1 ce 88 dd dc c1 5a f6 1d bc bc
    2c 7f db 8c 77 9d 1a d5 00 bb ea 34 a9 a6 42 76
    c0 31 dc 37 ed da 9e 23 0e 97 83 fd a6 d7 77 bd
    d8 e9 b9 3c 97 e1 04 42 27 bc e0 a7 8d c7 d8 7e
    dc 4b e1 1a 7f 1a da a8 05 04 c8 28 f1 d2 29 b0
    45 05 c1 38 34 83 1f 42 2e 92 e0 ff 43 ad 0a 93
    8f c2 93 20 cc f7 e3 14 93 af 80 c6 ec c3 db 19
    d9 a3 0b 87 26 3c d4 5e fd d9 80 d6 6d b8 29 45
    a0 2e c0 e7 dc cf 6c 20 4d 37 43 e6 84 7e da 2f
    b2 d3 10 ba d9 1e 2b 90 2a f9 2b 0a fc e7 83 e2
    a0 74 26 cd ab 05 0f b7 02 37 c4 f0 89 78 01 73
    02 fe 92 67 6e 12 84 fd a1 a0 1d 90 f1 79 fc ab
    be f9 e7 3e ad b3 81 39 de 64 42 34 cf 36 7d 65
    4a 04 8f ea 05 7a 54 4e d9 fd a5 a1 41 9f a4 b7
    a9 de 47 33 f3 ea b4 ca
<<< TLS 1.3, Handshake [length 0034], Finished
    14 00 00 30 0f 13 e6 bc 5a 8d e8 9a 5a 7d 2c d3
    83 68 ae 8c f4 c3 e8 e5 b8 74 dc 51 e6 16 34 c4
    28 45 e6 f1 9f c9 a1 f2 d8 8d 5d 14 9e 09 2d a9
    cf ac 9c eb
>>> TLS 1.2, RecordHeader [length 0005]
    14 03 03 00 01
>>> TLS 1.3, ChangeCipherSpec [length 0001]
    01
>>> TLS 1.2, RecordHeader [length 0005]
    17 03 03 00 45
>>> TLS 1.2, InnerContent [length 0001]
    16
>>> TLS 1.3, Handshake [length 0034], Finished
    14 00 00 30 1a a8 8f 07 78 7a f2 5b 99 57 16 d7
    fc 89 d0 f8 9e 78 b0 24 1e fc dc 2a ac 1d f6 23
    9f f9 18 87 3f 7a 8e 22 d2 40 c2 55 80 56 ab 7f
    74 28 dc 0d
---
Certificate chain
 0 s:CN=server.example
   i:CN=Root CA
   a:PKEY: RSA, 2048 (bit); sigalg: sha256WithRSAEncryption
   v:NotBefore: Jan 14 22:29:46 2016 GMT; NotAfter: Jan 15 22:29:46 2116 GMT
---
Server certificate
-----BEGIN CERTIFICATE-----
MIIDJTCCAg2gAwIBAgIBAjANBgkqhkiG9w0BAQsFADASMRAwDgYDVQQDDAdSb290
IENBMCAXDTE2MDExNDIyMjk0NloYDzIxMTYwMTE1MjIyOTQ2WjAZMRcwFQYDVQQD
DA5zZXJ2ZXIuZXhhbXBsZTCCASIwDQYJKoZIhvcNAQEBBQADggEPADCCAQoCggEB
ANVdYGrf/GHuSKqMEUhDpW22Ul2qmEmxYZI1sfw6BCUMbXn/tNXJ6VwcO+Crs7h9
o95tveDd11q/FEcRQl6mgtBhwX/dE0bmCYUHDvLU/Bpk0gqtIKsga5bwrczEGVNV
3AEdpLPvirRJU12KBRzx3OFEv8XX4ncZV1yXC3XuiENxD8pswbSyUKd3RmxYDxG/
8XYkWq45QrdRZynh0FUwbxfkkeqt+CjCQ2+iZKn7nZiSYkg+6w1PgkqK/z9y7pa1
rqHBmLrvfZB1bf9aUp6r9cB+0IdD24UHBw99OHr90dPuZR3T6jlqhzfuStPgDW71
cKzCvfFu85KVXqnwoWWVk40CAwEAAaN9MHswHQYDVR0OBBYEFMDnhL/oWSczELBS
T1FSLwbWwHrNMB8GA1UdIwQYMBaAFHB/Lq6DaFmYBCMqzes+F80k3QFJMAkGA1Ud
EwQCMAAwEwYDVR0lBAwwCgYIKwYBBQUHAwEwGQYDVR0RBBIwEIIOc2VydmVyLmV4
YW1wbGUwDQYJKoZIhvcNAQELBQADggEBAHvTBEN1ig8RrsT716Ginv4gGNX0LzGI
RrZ1jO7lm5emuaPNYJpGw0iX5Zdo91qGNXPZaZ75X3S55pQTActq3OPEBOll2pyk
iyjz+Zp/v5cfRZLlBbFW5gv2R94eibYr4U3fSn4B0yPcl4xH/l/HzJhGDsSDW8qK
8VIJvmvsPwmL0JMCv+FR59F+NFYZdND/KCXet59WUpF9ICmFCoBEX3EyJXEPwhbi
X2sdPzJbCjx0HLli8e0HUKNttLQxCsBTRGo6iISLLamwN47mGDa9miBADwGSiz2q
YeeuLO02zToHhnQ6KbPXOrQAqcL1kngO4g+j/ru+4AZThFkdkGnltvk=
-----END CERTIFICATE-----
subject=CN=server.example
issuer=CN=Root CA
---
No client certificate CA names sent
Peer signing digest: SHA256
Peer signature type: rsa_pss_rsae_sha256
Negotiated TLS1.3 group: X25519MLKEM768
---
SSL handshake has read 2387 bytes and written 1483 bytes
Verification error: unable to verify the first certificate
---
New, TLSv1.3, Cipher is TLS_AES_256_GCM_SHA384
Protocol: TLSv1.3
Server public key is 2048 bit
This TLS version forbids renegotiation.
Compression: NONE
Expansion: NONE
No ALPN negotiated
Early data was not sent
Verify return code: 21 (unable to verify the first certificate)
---
>>> TLS 1.2, RecordHeader [length 0005]
    17 03 03 00 13
>>> TLS 1.2, InnerContent [length 0001]
    15
>>> TLS 1.3, Alert [length 0002], warning close_notify
    01 00
Connecting to 127.0.0.1
SSL_connect:before SSL initialization
SSL_connect:SSLv3/TLS write client hello
SSL_connect:SSLv3/TLS write client hello
SSL_connect:SSLv3/TLS read server hello
Can't use SSL_get_servername
SSL_connect:TLSv1.3 read encrypted extensions
depth=0 CN=server.example
verify error:num=20:unable to get local issuer certificate
verify return:1
depth=0 CN=server.example
verify error:num=21:unable to verify the first certificate
verify return:1
depth=0 CN=server.example
verify return:1
SSL_connect:SSLv3/TLS read server certificate
SSL_connect:TLSv1.3 read server certificate verify
SSL_connect:SSLv3/TLS read finished
SSL_connect:SSLv3/TLS write change cipher spec
SSL_connect:SSLv3/TLS write finished
DONE
SSL3 alert write:warning:close notify
