CONNECTED(00000003)
>>> TLS 1.0, RecordHeader [length 0005]
    16 03 01 05 76
>>> TLS 1.3, Handshake [length 0576], ClientHello
    01 00 05 72 03 03 65 f7 37 7a f6 cc e4 ec 13 16
    0a 71 a0 f5 42 51 0e 65 7c 31 42 c6 be 7c d4 a4
    7f 63 0e 70 6c c6 20 ec 8d 30 c9 8e 89 8e 45 12
    d4 76 dd 6a 2d 63 7b 0d 85 36 26 26 05 29 7b 74
    cc 9f d9 e8 3b ef 92 00 06 13 02 13 03 13 01 01
    00 05 23 00 0b 00 04 03 00 01 02 00 0a 00 06 00
    04 11 ec 00 1d 00 23 00 00 00 16 00 00 00 17 00
    00 00 0d 00 2a 00 28 09 05 09 06 09 04 04 03 05
    03 06 03 08 07 08 08 08 1a 08 1b 08 1c 08 09 08
    0a 08 0b 08 04 08 05 08 06 04 01 05 01 06 01 00
    2b 00 03 02 03 04 00 2d 00 02 01 01 00 33 04 c6
    04 c4 11 ec 04 c0 88 3b 91 8c 23 cc 25 c0 39 36
    03 69 9c 2b 45 f1 79 97 1b ea 9f d1 ab 82 e9 1b
    b3 28 97 6a 84 16 53 6d 57 2c 2c f5 28 a4 9a a0
    1f e3 25 b3 fb 5e 3f 17 cf c4 99 5a 09 44 1f 94
    09 ad 6e 68 a0 df 9a 27 64 9c 9e 49 f6 8a 5d 30
    45 5a 72 9c f1 76 0a 6f 9b 6d dc 34 62 1c 6c 45
    ec e8 bb 52 d3 4d 17 b1 3a 85 1a 51 74 cc 52 58
    13 0e 5b 93 5b 33 58 49 e9 80 46 90 f0 97 46 09
    4e 4a 53 81 54 11 8a ec 81 58 08 a0 b8 71 a7 18
    3b 55 9c 01 63 b6 35 36 09 5d 30 21 ac 72 3d 38
    06 7a 5e 0b 33 c4 0c 74 51 f1 b3 f4 e1 26 db 63
    7c c5 1c 67 6d 59 4d 46 61 1c c8 68 b7 d5 70 18
    36 00 00 7f d1 99 0d 21 bd 35 99 2c 31 23 02 d1
    e8 b0 d9 66 60 e9 71 75 0a 22 6a 10 ea 0b 78 5b
    4a e0 08 13 fd d4 b4 0c c2 1d f9 ab 79 7f 42 95
    86 c4 75 33 42 07 70 26 0c 46 d5 c4 92 87 54 d4
    e9 26 23 b4 13 00 c5 13 99 e1 80 92 d3 6b 0c 66
    71 a0 01 52 37 40 14 1b 99 87 37 c3 ad 2e 88 34
    f1 24 82 1d c4 74 a4 16 72 d5 e6 95 4f 49 0d b7
    04 89 57 85 88 2b 04 76 a4 b8 c0 8e e2 2c 22 1b
    86 8e b6 93 75 44 8a 81 f8 51 69 a2 69 67 65 4a
    3e 36 74 4c 81 40 76 52 b2 c5 94 7e 93 c5 70 56
    b6 34 f8 27 b5 83 4c 13 e7 52 35 5c 45 5e a9 96
    7a 0e c1 21 18 68 53 a0 45 65 50 a4 77 a9 56 43
    7d c2 55 4f a6 61 db 6c 07 ed ba b5 7e 78 49 e0
    f6 74 61 40 6b 94 ba 68 5a 71 09 64 25 bd b0 b3
    bf cc 34 00 74 94 0d b5 12 38 e0 a3 7f ec 1b c8
    c9 fa 09 46 f5 4a 3c 26 54 4c 2a 65 be 30 10 74
    cb b1 ae a3 77 ab 83 86 8b e6 0f b5 44 0d 6b c4
    7e 91 17 81 ab 47 6f cc 14 40 8a c9 82 18 51 0d
    62 41 54 a2 87 77 86 19 39 51 26 67 ab 63 bd d5
    b6 b7 9a 51 2d 33 36 3b 98 12 ad eb e9 a2 d8 58
    b7 de a4 ca 5b bc 0d 20 a9 0d 92 c6 46 9a 00 29
    e9 02 58 e9 37 51 96 ba 54 27 13 1e 35 ab 08 98
    61 6b 88 34 17 8b ac 41 15 00 6d 26 a5 8a eb ab
    3f 7a 5b 62 57 91 c4 19 d6 70 b1 55 47 da 95 7a
    85 20 42 c8 26 87 4e 97 6b 69 30 11 bb 00 75 b9
    a6 1b 69 23 6f 4c 7a b1 5e 98 2c c9 c6 36 fa 00
    60 d7 6b 12 54 61 12 1a b7 59 f3 27 30 05 41 be
    18 17 38 ab 76 20 45 4b 44 c0 e8 ad 9c cc 83 73
    c4 93 02 60 92 42 b5 30 7a a9 b4 8b d1 0b d5 d0
    c7 d2 f3 70 87 83 2c dd 12 bb c1 20 12 ae 91 9a
    e8 50 c1 55 0b a4 5f 83 34 f5 a8 b0 ce 44 7c 52
    55 5f 22 1a 4b 42 e4 91 e9 b2 74 df 9c ab 43 5c
    a4 8f 9a ce 34 0a bf ea 43 3e bd 18 8a c7 c8 92
    d9 44 3b c6 15 43 68 25 49 06 30 69 07 4b 37 d1
    d8 7e 8f f6 0d ba f4 17 f8 87 24 d2 6a 98 ed ea
    1f 0e 3b 0e a0 4a 1c 01 18 7c 67 25 92 6c e3 2b
    4a d4 57 06 71 6f f1 4c 57 f6 44 9b 8b 11 b7 26
    c5 c5 47 49 bf 35 6c be b8 d3 14 3c 7c 97 9d 85
    c8 ea 78 3c 7f 6c c3 9e 68 9d 9f 32 c5 d4 73 79
    08 31 07 6d a1 83 9c cb 19 db c9 9f 0b 4b b5 e4
    d6 b1 e9 a0 b5 26 5c 20 e0 d0 75 ca e5 a0 e8 b0
    bf 67 e0 70 50 a6 55 a0 7a c7 90 cb 34 09 9c 51
    c7 97 26 4e 05 83 c2 d3 95 b8 3a b6 68 32 90 b5
    73 a7 67 66 65 c4 26 7d 37 d5 7f 88 f9 36 90 2a
    27 56 58 a9 aa 4a cf cc d4 96 de f2 c0 01 b3 a3
    57 ca cf a6 97 c6 8a 6c 1b 05 d8 4a bc 28 ac 43
    0a 56 93 26 90 4a aa 29 84 99 39 36 36 96 5a 18
    0c 8d b1 1e d8 d2 28 5a 72 c8 cc 22 00 23 4c 63
    44 b3 8a 9d 25 9a dd cc b3 a6 b3 33 ca c6 91 ca
    08 60 53 66 c2 68 93 b7 03 38 72 2f a5 57 7f 1c
    a5 24 32 a5 e5 c1 05 a2 2a 29 13 32 ac 06 0a 40
    1a c9 74 a3 76 90 ea 38 4a cf 56 a0 07 5c 09 6d
    ab ab 40 8c 8a d7 70 c3 c8 6b 4d 4b a2 99 24 6b
    8e a1 f5 2a df a2 63 f3 94 b7 24 f7 4f bd 37 1c
    03 d6 36 2b b0 a2 a2 6a bb 60 c9 50 6d c4 ba 28
    95 92 3d f9 26 4a 75 b0 5d e0 28 40 76 75 81 21
    b7 07 49 54 ce 0a 35 bd 85 1b 3b 25 32 ca b6 b3
    6b 07 55 91 3a 0b aa 50 c7 37 1a 8e 31 f5 27 a3
    b2 24 ca b3 64 5e 5a 24 07 3a a5 76 18 82 c7 58
    90 49 48 a7 65 03 12 ae 52 b4 ff bb b3 24 9a 4c
    c1 03 42 77 6a 6f 58 90 ac be 1c 90 90 0e 4d 05
    19 d6 f4 85 55 e5 c8 1c 4f d5 63 8d 41 32 c7 93
    7c 36 30 bf fb 55 b4 ce 44 9d bd 98 46 c7 a2 8c
    5c 66 46 1f b0 5a db 9d 3f 6f b6 36 0c b4 a6 b7
    69 29 64 d3 0d 73
<<< TLS 1.2, RecordHeader [length 0005]
    16 03 03 04 ba
<<< TLS 1.3, Handshake [length 04ba], ServerHello
    02 00 04 b6 03 03 a0 68 ce 43 c2 d2 ef 4c 8f 46
    09 e8 b0 9f 64 8f 06 e8 d9 97 ab a0 27 e2 44 b7
    90 3f c5 2b f3 4b 20 ec 8d 30 c9 8e 89 8e 45 12
    d4 76 dd 6a 2d 63 7b 0d 85 36 26 26 05 29 7b 74
    cc 9f d9 e8 3b ef 92 13 02 00 04 6e 00 2b 00 02
    03 04 00 33 04 64 11 ec 04 60 fa be 51 2a 94 b2
    3a c1 6e 68 f0 d7 13 03 65 3a cd 2e 2d 7d 4a cc
    14 e1 17 1d f2 82 da 01 dc 09 5d 0b 33 1b 91 26
    41 05 f8 26 c4 c7 c6 c5 58 a8 e4 92 29 88 59 5b
    4a d4 ea 38 6a 28 88 71 a6 a5 9c 7f bd a1 47 81
    19 8c 1f 28 62 80 bc 4a 05 88 10 09 d9 09 46 69
    58 de 75 34 e4 17 97 77 75 15 48 9f 81 70 41 24
    84 22 d6 63 31 a2 46 11 f7 3e 70 b2 f6 e5 e4 73
    6b fd 89 ce 2e ff 09 8b 67 9f 0d 14 45 5c 61 2b
    85 b8 51 00 9e 5c a1 f1 7c 1c aa 03 68 40 e2 00
    81 1b 04 fa 2b ee a9 d0 95 55 4e e0 81 3b b0 cf
    da cf ec 7b b4 5e ae 26 fc 10 93 0e 9f 33 d8 21
    e7 fa 4f fe 78 3c b2 de c9 7a ae 44 37 6d a6 18
    b8 98 24 52 7b 7e ec ce 44 fc ec c1 82 15 9c 13
    ec 76 93 a3 cf 25 68 e9 98 e0 8f be 63 3a 1a 81
    64 92 cd 52 24 45 36 5f 11 81 a0 5c b7 23 b8 08
    21 5b 6b 3e e1 f4 00 92 c3 c8 71 47 c8 aa 63 eb
    32 31 c6 90 0d 91 27 aa a1 e1 07 f1 2c 4a 2c a5
    3d 0b bc fa 50 f1 6b 37 14 5b 54 5e d9 df 6f c5
    32 f3 bd 03 82 d1 da bb 80 de a5 0e 28 9f 71 83
    17 30 97 11 56 a6 50 77 11 70 da de 35 32 6e ff
    5b 1f 71 c2 eb 4e 6d 9e 22 0c d7 e3 d2 61 a9 d3
    1f 52 45 14 db 60 f2 39 c7 4e 34 3f 33 f7 b8 7f
    55 7e 8e 99 f3 7f 7d 71 a5 e0 b4 78 69 ba 68 da
    fa c6 57 78 16 20 01 34 8f da e2 9f f2 89 39 17
    1c e3 1a 89 e2 ef 6b 47 d9 27 be cd d4 b4 17 fa
    96 a9 f8 e3 b9 f8 54 89 0b a1 26 2e 17 5c 4d b7
    67 f2 9f 24 7c 3c 0b 7f 0a 12 c5 a0 90 9d 19 9d
    6a 34 7a 48 6e 5b ce ab 67 60 fe 46 76 e7 9a 5b
    21 23 3c 43 55 2a 45 fc 8f 4f 37 2d 70 f1 2b 00
    47 7f 26 ec 5f ab 28 37 ac 56 1f 3f ad cd 16 38
    0f 08 6f 58 bc e2 67 2e e5 86 4d 73 2f 81 91 04
    b4 50 35 ad d2 2b e7 1f 9e 7f 62 bb da 40 10 68
    f7 70 44 8e b7 d5 30 67 dc bd af 03 79 05 00 93
    c5 cb 11 53 51 5c 8d 51 0b 23 e4 07 25 a3 a9 73
    e6 f7 f7 7c 8b 50 ef ba 8e dc 86 96 62 e2 89 69
    f0 d8 63 28 e4 a2 81 c0 27 a5 74 ad d1 ed 88 3d
    0d 1b f3 be 27 62 6d 82 90 dc fe d1 c8 db 67 33
    42 6d 39 c9 0a 07 1d ac a6 05 9b ab 73 82 2d d3
    e1 64 55 e6 3f 96 7b 23 d7 92 01 30 5d 5c db 90
    e7 c1 b0 7c 3d 17 06 26 66 38 e6 62 ea 77 ed 05
    50 8b 25 f7 2b 41 c7 e5 c6 d2 d3 35 bc e7 36 99
    4b f7 69 06 a0 93 8f 51 bf b9 40 a8 ed 94 ab b4
    3f 18 ea 65 99 ce 16 e8 2a 57 26 ae ab ef 54 64
    7a d2 8f 61 81 43 43 ef 10 8a 37 5d 85 98 76 1b
    66 76 ea 61 69 cd 33 75 96 c7 d3 d4 66 bb e2 0f
    63 a2 21 54 76 5a e2 bc 7d f5 99 b8 81 a1 90 a5
    94 ca ad 6d 8f d7 e5 e3 1c 41 df 14 3d 66 2a 29
    55 1a d7 84 a5 e7 aa d6 2b c4 d5 b2 7b d5 1b fb
    9e 21 bf 16 66 fe 6c 8a 69 f3 d7 fa 23 8d c7 c8
    2f 27 7c e1 79 73 55 c2 a2 0a 32 0c e1 f2 c0 4c
    36 b9 49 f7 d0 1c 55 fd 67 ab b5 e2 76 cd 40 d5
    0a 72 d2 da e3 8b ae 6f d2 91 a0 30 50 c2 4b 60
    35 82 6b ee ac 0d 86 ec 16 46 de 66 bb ae e0 92
    f4 c9 6c f9 43 24 0c a8 b5 16 e3 e3 77 60 78 3b
    0a 59 6c 50 a2 b7 12 1b 2d 9b 39 25 f3 6d 2c 50
    e9 8a 3e ef 22 1c 39 62 e1 e3 06 9c 93 ae 15 78
    f2 ce cf c3 39 91 6c f3 27 2c cf 24 ac b0 8d 4b
    54 52 42 14 fb ae 6b e5 ea 77 f9 10 24 11 5c 1c
    c3 47 c0 77 0d be 0a 16 1e 31 4a e3 c9 61 6e bb
    e9 1c f1 68 a3 c4 de 7e cb b0 38 84 0d 52 9c 9d
    b1 75 b0 31 42 00 61 0f 70 76 74 0b 7c 71 3c ed
    8d 2c 0a 86 c0 ad 25 d4 3a f1 9b 76 ec 69 ef c2
    6f 08 e6 34 33 46 01 c9 63 b1 13 73 2b 14 29 7c
    5c 3c d1 36 91 38 a0 f5 8f 9b c1 ed 7d 71 0a 15
    f2 e6 1c 21 c9 4e 06 58 77 ff bc bb 3b 68 29 5d
    4e bd b9 07 81 93 73 66 bc ee df 00 4b 94 20 47
    01 14 57 55 bb bc 44 6c 7d 17 06 33 6f bc 7d ad
    b0 d0 a4 d2 49 c6 de d4 eb 91 03 ff a9 da 71 43
    2e d1 64 c9 0d 1e 20 d0 ea 15 4c 8f de 29 60 97
    11 32 7d 0b 79 aa 3f 79 65 69
<<< TLS 1.2, RecordHeader [length 0005]
    14 03 03 00 01
<<< TLS 1.3, ChangeCipherSpec [length 0001]
    01
<<< TLS 1.2, RecordHeader [length 0005]
    17 03 03 00 17
<<< TLS 1.3, InnerContent [length 0001]
    16
<<< TLS 1.3, Handshake [length 0006], EncryptedExtensions
    08 00 00 02 00 00
<<< TLS 1.2, RecordHeader [length 0005]
    17 03 03 03 47
<<< TLS 1.3, InnerContent [length 0001]
    16
<<< TLS 1.3, Handshake [length 0336], Certificate
    0b 00 03 32 00 00 03 2e 00 03 29 30 82 03 25 30
    82 02 0d a0 03 02 01 02 02 01 02 30 0d 06 09 2a
    86 48 86 f7 0d 01 01 0b 05 00 30 12 31 10 30 0e
    06 03 55 04 03 0c 07 52 6f 6f 74 20 43 41 30 20
    17 0d 31 36 30 31 31 34 32 32 32 39 34 36 5a 18
    0f 32 31 31 36 30 31 31 35 32 32 32 39 34 36 5a
    30 19 31 17 30 15 06 03 55 04 03 0c 0e 73 65 72
    76 65 72 2e 65 78 61 6d 70 6c 65 30 82 01 22 30
    0d 06 09 2a 86 48 86 f7 0d 01 01 01 05 00 03 82
    01 0f 00 30 82 01 0a 02 82 01 01 00 d5 5d 60 6a
    df fc 61 ee 48 aa 8c 11 48 43 a5 6d b6 52 5d aa
    98 49 b1 61 92 35 b1 fc 3a 04 25 0c 6d 79 ff b4
    d5 c9 e9 5c 1c 3b e0 ab b3 b8 7d a3 de 6d bd e0
    dd d7 5a bf 14 47 11 42 5e a6 82 d0 61 c1 7f dd
    13 46 e6 09 85 07 0e f2 d4 fc 1a 64 d2 0a ad 20
    ab 20 6b 96 f0 ad cc c4 19 53 55 dc 01 1d a4 b3
    ef 8a b4 49 53 5d 8a 05 1c f1 dc e1 44 bf c5 d7
    e2 77 19 57 5c 97 0b 75 ee 88 43 71 0f ca 6c c1
    b4 b2 50 a7 77 46 6c 58 0f 11 bf f1 76 24 5a ae
    39 42 b7 51 67 29 e1 d0 55 30 6f 17 e4 91 ea ad
    f8 28 c2 43 6f a2 64 a9 fb 9d 98 92 62 48 3e eb
    0d 4f 82 4a 8a ff 3f 72 ee 96 b5 ae a1 c1 98 ba
    ef 7d 90 75 6d ff 5a 52 9e ab f5 c0 7e d0 87 43
    db 85 07 07 0f 7d 38 7a fd d1 d3 ee 65 1d d3 ea
    39 6a 87 37 ee 4a d3 e0 0d 6e f5 70 ac c2 bd f1
    6e f3 92 95 5e a9 f0 a1 65 95 93 8d 02 03 01 00
    01 a3 7d 30 7b 30 1d 06 03 55 1d 0e 04 16 04 14
    c0 e7 84 bf e8 59 27 33 10 b0 52 4f 51 52 2f 06
    d6 c0 7a cd 30 1f 06 03 55 1d 23 04 18 30 16 80
    14 70 7f 2e ae 83 68 59 98 04 23 2a cd eb 3e 17
    cd 24 dd 01 49 30 09 06 03 55 1d 13 04 02 30 00
    30 13 06 03 55 1d 25 04 0c 30 0a 06 08 2b 06 01
    05 05 07 03 01 30 19 06 03 55 1d 11 04 12 30 10
    82 0e 73 65 72 76 65 72 2e 65 78 61 6d 70 6c 65
    30 0d 06 09 2a 86 48 86 f7 0d 01 01 0b 05 00 03
    82 01 01 00 7b d3 04 43 75 8a 0f 11 ae c4 fb d7
    a1 a2 9e fe 20 18 d5 f4 2f 31 88 46 b6 75 8c ee
    e5 9b 97 a6 b9 a3 cd 60 9a 46 c3 48 97 e5 97 68
    f7 5a 86 35 73 d9 69 9e f9 5f 74 b9 e6 94 13 01
    cb 6a dc e3 c4 04 e9 65 da 9c a4 8b 28 f3 f9 9a
    7f bf 97 1f 45 92 e5 05 b1 56 e6 0b f6 47 de 1e
    89 b6 2b e1 4d df 4a 7e 01 d3 23 dc 97 8c 47 fe
    5f c7 cc 98 46 0e c4 83 5b ca 8a f1 52 09 be 6b
    ec 3f 09 8b d0 93 02 bf e1 51 e7 d1 7e 34 56 19
    74 d0 ff 28 25 de b7 9f 56 52 91 7d 20 29 85 0a
    80 44 5f 71 32 25 71 0f c2 16 e2 5f 6b 1d 3f 32
    5b 0a 3c 74 1c b9 62 f1 ed 07 50 a3 6d b4 b4 31
    0a c0 53 44 6a 3a 88 84 8b 2d a9 b0 37 8e e6 18
    36 bd 9a 20 40 0f 01 92 8b 3d aa 61 e7 ae 2c ed
    36 cd 3a 07 86 74 3a 29 b3 d7 3a b4 00 a9 c2 f5
    92 78 0e e2 0f a3 fe bb be e0 06 53 84 59 1d 90
    69 e5 b6 f9 00 00
<<< TLS 1.2, RecordHeader [length 0005]
    17 03 03 01 19
<<< TLS 1.3, InnerContent [length 0001]
    16
<<< TLS 1.3, Handshake [length 0108], CertificateVerify
    0f 00 01 04 08 04 01 00 0b 1f aa e3 3b fb e0 2e
    47 18 cb f2 6e fc 19 a9 ae 7d 97 5e c6 ad 8a fa
    f7 78 ac 9a 42 01 58 9e 27 a4 6a f7 d6 3d 0b 6b
    78 5f 73 ca aa 77 bd 8f 26 87 db 46 a6 66 c4 f9
    bc 00 a1 28 c7 f4 14 dc 49 4b bc 0e 07 31 d7 51
    33 42 8b 49 18 05 69 0e bc 48 66 6d f6 ff 89 80
    18 6a 70 27 5e 48 45 8b 84 f8 b5 18 c2 33 bd e0
    bc 9f 58 60 e1 e1 04 f7 d2 00 9c 4a 5c 69 48 60
    9c 2c 24 23 5c 40 5f 30 94 1c 68 c7 4d d7 da ae
    9e 93 67 22 04 5d f5 53 30 db f7 a2 32 2a bd 39
    3a ff fa be 61 0b 41 66 9d 10 f3 76 c2 b6 97 6b
    5a 9d 82 3f 69 b0 4f 74 cd 1c 8d 28 dc 02 82 1a
    b6 55 ef d3 3c 7e 2e f5 72 ce f7 e9 ad c5 70 1c
    2c ab d3 b7 ca ef a6 67 bc d6 98 67 00 ba 25 d0
    49 e2 e8 78 81 9d be 24 05 df ad 4b e5 6c 3a d2
    05 f3 6c 26 5c c6 93 6e 60 5e ae 21 a9 24 90 35
    9f 26 75 f9 39 5c 06 7b
<<< TLS 1.2, RecordHeader [length 0005]
    17 03 03 00 45
<<< TLS 1.3, InnerContent [length 0001]
    16
<<< TLS 1.3, Handshake [length 0034], Finished
    14 00 00 30 e1 35 cb ef 1c 6b 7c 34 25 0d 26 1b
    3f ab f5 2c 85 1b f2 65 d1 40 47 cb ff 13 f4 df
    59 0a c3 3d 13 94 c9 52 3f 94 c5 d5 4f 4a 45 77
    3b dd 95 7a
>>> TLS 1.2, RecordHeader [length 0005]
    14 03 03 00 01
>>> TLS 1.3, ChangeCipherSpec [length 0001]
    01
>>> TLS 1.2, RecordHeader [length 0005]
    17 03 03 00 45
>>> TLS 1.2, InnerContent [length 0001]
    16
>>> TLS 1.3, Handshake [length 0034], Finished
    14 00 00 30 65 1f 2e 4c fd 8b 73 22 9d ab 2a d6
    54 e1 ad 25 ed ba ff 4c 3d ca e2 95 4a b6 b9 e0
    be dc dd 76 74 b6 20 56 9e 54 cf 69 e9 ed d0 15
    77 ce 09 59
---
Certificate chain
 0 s:CN=server.example
   i:CN=Root CA
   a:PKEY: RSA, 2048 (bit); sigalg: sha256WithRSAEncryption
   v:NotBefore: Jan 14 22:29:46 2016 GMT; NotAfter: Jan 15 22:29:46 2116 GMT
---
Server certificate
-----BEGIN CERTIFICATE-----
MIIDJTCCAg2gAwIBAgIBAjANBgkqhkiG9w0BAQsFADASMRAwDgYDVQQDDAdSb290
IENBMCAXDTE2MDExNDIyMjk0NloYDzIxMTYwMTE1MjIyOTQ2WjAZMRcwFQYDVQQD
DA5zZXJ2ZXIuZXhhbXBsZTCCASIwDQYJKoZIhvcNAQEBBQADggEPADCCAQoCggEB
ANVdYGrf/GHuSKqMEUhDpW22Ul2qmEmxYZI1sfw6BCUMbXn/tNXJ6VwcO+Crs7h9
o95tveDd11q/FEcRQl6mgtBhwX/dE0bmCYUHDvLU/Bpk0gqtIKsga5bwrczEGVNV
3AEdpLPvirRJU12KBRzx3OFEv8XX4ncZV1yXC3XuiENxD8pswbSyUKd3RmxYDxG/
8XYkWq45QrdRZynh0FUwbxfkkeqt+CjCQ2+iZKn7nZiSYkg+6w1PgkqK/z9y7pa1
rqHBmLrvfZB1bf9aUp6r9cB+0IdD24UHBw99OHr90dPuZR3T6jlqhzfuStPgDW71
cKzCvfFu85KVXqnwoWWVk40CAwEAAaN9MHswHQYDVR0OBBYEFMDnhL/oWSczELBS
T1FSLwbWwHrNMB8GA1UdIwQYMBaAFHB/Lq6DaFmYBCMqzes+F80k3QFJMAkGA1Ud
EwQCMAAwEwYDVR0lBAwwCgYIKwYBBQUHAwEwGQYDVR0RBBIwEIIOc2VydmVyLmV4
YW1wbGUwDQYJKoZIhvcNAQELBQADggEBAHvTBEN1ig8RrsT716Ginv4gGNX0LzGI
RrZ1jO7lm5emuaPNYJpGw0iX5Zdo91qGNXPZaZ75X3S55pQTActq3OPEBOll2pyk
iyjz+Zp/v5cfRZLlBbFW5gv2R94eibYr4U3fSn4B0yPcl4xH/l/HzJhGDsSDW8qK
8VIJvmvsPwmL0JMCv+FR59F+NFYZdND/KCXet59WUpF9ICmFCoBEX3EyJXEPwhbi
X2sdPzJbCjx0HLli8e0HUKNttLQxCsBTRGo6iISLLamwN47mGDa9miBADwGSiz2q
YeeuLO02zToHhnQ6KbPXOrQAqcL1kngO4g+j/ru+4AZThFkdkGnltvk=
-----END CERTIFICATE-----
subject=CN=server.example
issuer=CN=Root CA
---
No client certificate CA names sent
Peer signing digest: SHA256
Peer signature type: rsa_pss_rsae_sha256
Negotiated TLS1.3 group: X25519MLKEM768
---
SSL handshake has read 2453 bytes and written 1483 bytes
Verification error: unable to verify the first certificate
---
New, TLSv1.3, Cipher is TLS_AES_256_GCM_SHA384
Protocol: TLSv1.3
Server public key is 2048 bit
This TLS version forbids renegotiation.
Compression: NONE
Expansion: NONE
No ALPN negotiated
Early data was not sent
Verify return code: 21 (unable to verify the first certificate)
---
>>> TLS 1.2, RecordHeader [length 0005]
    17 03 03 00 13
>>> TLS 1.2, InnerContent [length 0001]
    15
>>> TLS 1.3, Alert [length 0002], warning close_notify
    01 00
Connecting to 127.0.0.1
SSL_connect:before SSL initialization
SSL_connect:SSLv3/TLS write client hello
SSL_connect:SSLv3/TLS write client hello
SSL_connect:SSLv3/TLS read server hello
Can't use SSL_get_servername
SSL_connect:TLSv1.3 read encrypted extensions
depth=0 CN=server.example
verify error:num=20:unable to get local issuer certificate
verify return:1
depth=0 CN=server.example
verify error:num=21:unable to verify the first certificate
verify return:1
depth=0 CN=server.example
verify return:1
SSL_connect:SSLv3/TLS read server certificate
SSL_connect:TLSv1.3 read server certificate verify
SSL_connect:SSLv3/TLS read finished
SSL_connect:SSLv3/TLS write change cipher spec
SSL_connect:SSLv3/TLS write finished
DONE
SSL3 alert write:warning:close notify
