CONNECTED(00000003)
>>> TLS 1.0, RecordHeader [length 0005]
    16 03 01 00 d6
>>> TLS 1.3, Handshake [length 00d6], ClientHello
    01 00 00 d2 03 03 dd 1a 0b 1e ab 43 34 27 6f e4
    46 5b 7b 9b a3 90 14 92 66 54 dd 8a 8b 54 34 f8
    16 4d 07 3c 94 0f 20 84 f2 85 5b 7c 5d b1 8b 7d
    de e8 06 28 44 8f dc 48 84 f8 8d 6c 91 75 af 85
    e2 9a 15 0e d5 64 9d 00 06 13 02 13 03 13 01 01
    00 00 83 00 0b 00 04 03 00 01 02 00 0a 00 06 00
    04 11 ec 00 1d 00 23 00 00 00 16 00 00 00 17 00
    00 00 0d 00 2a 00 28 09 05 09 06 09 04 04 03 05
    03 06 03 08 07 08 08 08 1a 08 1b 08 1c 08 09 08
    0a 08 0b 08 04 08 05 08 06 04 01 05 01 06 01 00
    2b 00 03 02 03 04 00 2d 00 02 01 01 00 33 00 26
    00 24 00 1d 00 20 cb d3 22 66 4b c9 f2 3a 5a c5
    e9 25 75 14 d5 c5 7a 46 ac 85 61 61 f3 fc 87 75
    e9 b2 c1 69 85 05
<<< TLS 1.2, RecordHeader [length 0005]
    16 03 03 00 58
<<< TLS 1.3, Handshake [length 0058], ServerHello
    02 00 00 54 03 03 cf 21 ad 74 e5 9a 61 11 be 1d
    8c 02 1e 65 b8 91 c2 a2 11 16 7a bb 8c 5e 07 9e
    09 e2 c8 a8 33 9c 20 84 f2 85 5b 7c 5d b1 8b 7d
    de e8 06 28 44 8f dc 48 84 f8 8d 6c 91 75 af 85
    e2 9a 15 0e d5 64 9d 13 02 00 00 0c 00 33 00 02
    11 ec 00 2b 00 02 03 04
>>> TLS 1.2, RecordHeader [length 0005]
    14 03 03 00 01
>>> TLS 1.3, ChangeCipherSpec [length 0001]
    01
>>> TLS 1.2, RecordHeader [length 0005]
    16 03 03 05 76
>>> TLS 1.3, Handshake [length 0576], ClientHello
    01 00 05 72 03 03 dd 1a 0b 1e ab 43 34 27 6f e4
    46 5b 7b 9b a3 90 14 92 66 54 dd 8a 8b 54 34 f8
    16 4d 07 3c 94 0f 20 84 f2 85 5b 7c 5d b1 8b 7d
    de e8 06 28 44 8f dc 48 84 f8 8d 6c 91 75 af 85
    e2 9a 15 0e d5 64 9d 00 06 13 02 13 03 13 01 01
    00 05 23 00 0b 00 04 03 00 01 02 00 0a 00 06 00
    04 11 ec 00 1d 00 23 00 00 00 16 00 00 00 17 00
    00 00 0d 00 2a 00 28 09 05 09 06 09 04 04 03 05
    03 06 03 08 07 08 08 08 1a 08 1b 08 1c 08 09 08
    0a 08 0b 08 04 08 05 08 06 04 01 05 01 06 01 00
    2b 00 03 02 03 04 00 2d 00 02 01 01 00 33 04 c6
    04 c4 11 ec 04 c0 d2 07 82 ac c7 c3 fe c8 8c 69
    92 54 df c9 ab 9f 99 58 3c db 75 a1 66 08 18 a2
    0c ad e5 b9 bd 00 07 c3 b3 cb a1 25 8c c7 79 2b
    10 58 c2 c4 35 c0 2d 79 90 04 8a 9c c7 5b c9 f1
    73 1f 43 33 5a 17 73 61 30 31 40 c4 1b 56 da 20
    98 66 79 8e fc 71 c0 cc 07 5e 13 da a3 04 fa 88
    5a 47 09 e2 f1 3b be 7b 6c 73 f8 7e 1a fb 3b 7e
    4a 4f 58 e9 ae 0a 22 50 c4 40 83 1b 23 08 2c 72
    b7 c7 60 83 07 a6 8b 7b 98 ac 0b 95 bc 51 f0 0b
    4f e6 2e 0d b5 8c 76 51 0e a5 9a af 70 e2 65 e3
    99 6e 88 95 72 64 70 3a aa e7 7a 8a fb 64 5d a7
    64 1f a3 69 a0 98 20 91 64 7f 2d 66 c0 d2 fa c9
    75 2a 91 98 9c cb df 92 93 7d dc b1 81 e8 2f 1e
    37 2c 54 a4 5f 17 77 cd 57 32 b8 0c 36 01 b4 81
    40 43 c7 2b 28 e1 6c 62 e4 39 a8 35 5d d8 e4 bc
    2d 3a b2 56 e7 31 60 ca 34 e0 81 56 ba f4 0a 00
    a2 4b 30 36 a3 d3 53 17 fe 32 a2 b1 44 a3 b9 15
    8e 88 e7 6c 76 d9 5a eb 55 bf 75 23 06 b5 73 cc
    66 82 c8 11 19 16 55 a4 0a 36 91 94 31 30 b9 7f
    53 af ca 19 45 61 04 15 87 06 6c 8a 21 41 2e 0a
    6c 8b e9 10 bf 35 8f 4a c0 02 90 a7 64 f6 c4 0c
    f1 e7 76 74 91 5c 5e 85 72 a2 5b 1a ac 1b 7a 0e
    62 6b 7b ea 95 c4 da 91 25 91 a9 35 36 34 11 dc
    30 15 81 39 5e fb 45 c5 03 7c a2 80 c9 04 c5 14
    3e 24 4e 10 d6 a8 af 32 5c 41 aa 11 ce 25 86 53
    86 c8 51 a7 65 14 01 82 53 20 c7 3e b1 b3 4c f8
    00 c1 97 22 e6 d3 9a 52 bc a5 4c c1 af 77 81 3f
    5f a8 9e 1b 10 a0 43 14 ca fb 5c 5a 05 60 a9 20
    90 9b e4 24 8f 72 d8 80 80 f1 7e a8 4b 95 e9 95
    9d c9 64 2d 6e 8a 4f 0f 39 35 e2 b1 50 e5 91 c9
    1f b2 03 8e e8 76 1d 5a 41 12 85 5a 90 2c 22 2e
    32 13 00 dc 51 66 64 b8 06 19 33 f4 b4 00 0d 2b
    87 a3 6a 0b 0a 1c 50 f1 3c 2c 4a a2 96 60 0c 21
    c3 bc 29 be ca 56 73 35 81 90 e3 8d f4 9c 9f 99
    4a c5 5f 3a 3e c9 5c 03 36 a0 43 0c 6c c3 88 b3
    4d 9a f6 b4 b5 e1 99 3b 90 b5 50 57 ae 9b 2b 1f
    65 17 16 73 56 be 8e 8a bc c0 39 96 59 20 cb 46
    e3 3a ac 25 a2 30 11 95 a2 a6 7d ba b9 c6 93 2c
    53 0f fa c5 dd 73 65 7a 20 67 4c 82 78 60 67 bc
    60 bc cb cf 47 46 dd e7 75 d3 50 1a 1e 91 69 0c
    ca 20 3c 1c 81 37 c6 a5 93 cb 49 e7 43 1e db f9
    8e 18 01 49 7a 4b 62 b2 f7 0f f1 8a 52 87 19 89
    c9 12 c9 3c a4 2b dc 27 1b 0c 91 30 21 5b 43 ea
    d6 4e 36 aa 09 be 91 a4 88 29 5f 55 ea 73 30 47
    ba 79 69 01 81 12 be df 4c 46 f0 89 0d 16 d0 6e
    0a b8 b1 1d 87 16 af fb 4d 64 81 78 b0 c2 bd cb
    a8 8b 00 61 1e 51 b6 3c 0e 30 0a 8f 7a 5e 7d 71
    23 fc 47 76 46 25 a8 c5 e4 92 1a 07 29 08 13 72
    72 92 45 d1 82 69 42 1b af c7 9b a1 44 43 7d fc
    69 56 ba 4a 7a ce 88 48 43 a1 67 d5 c1 5a d2 97
    25 f2 31 46 a4 a7 cf 67 40 b9 f4 e5 32 ba 8c 51
    0d 53 c8 fa 03 a5 f6 d8 77 d5 f6 ad 8d 8b 4b 69
    e4 4f b4 52 45 7f c6 87 bd a3 17 af fb 95 1f f0
    5f 56 96 69 ca a5 06 c5 39 44 ca 20 c9 2c c8 ca
    fc c2 74 f3 83 11 a0 0a 01 2f 33 ba c2 6b 9d b6
    18 bc 4f 49 81 1c 15 cc 77 96 7b 67 32 24 c3 a3
    8c b2 53 5d 97 f7 04 9e 3a 22 4f 00 ae 4e 08 27
    a5 23 8f dd 64 b7 c9 4b 9b 23 33 52 db e9 63 4a
    54 60 49 56 87 b1 19 81 b1 53 53 6b 3a 9f 18 ea
    0c 2e bb 3e 1e 19 4d bd 19 6f 4b 75 19 09 91 34
    71 46 ce ce 18 5a 9f 84 86 3a b4 2b 34 17 1a bd
    24 83 4f c9 a2 cd e8 7d a5 49 9f 96 7c ab 1e 95
    c9 d6 e6 cb 4a 59 19 c3 47 43 3c 97 0e 37 6b 8e
    7c c8 4f 44 04 13 2d b0 a0 24 00 b3 a7 68 4f 64
    ea 7e c3 d2 70 29 71 7c fb 97 0f 58 e7 2d 37 37
    6a 15 95 7f 7b 24 8e 29 e4 9f e3 46 19 7d fb 07
    d2 35 a8 32 05 26 61 83 99 ec 01 c4 02 76 05 9e
    f5 6a 45 6b 97 67 1b 8a 48 d9 04 f7 db 80 b4 d1
    38 19 59 96 66 a1 39 78 04 b5 ae 3b 5e f0 8b ae
    33 61 cf 44 c0 1c 5c bc 8a b1 6c 4f 56 17 49 1c
    f1 b1 c9 d9 1e 6f 63 8e 35 54 18 72 a2 7f e6 e2
    8a b0 38 26 36 98 07 26 c0 49 da c3 30 89 a7 91
    c3 19 3e 58 a4 64 dd d9 8f e2 94 b5 dd 9a ac 5b
    ea be 81 d9 8d 25 86 5b b5 94 cc b6 a9 0e af 6c
    77 54 d1 99 55 cf eb a2 55 38 09 47 94 72 3d ac
    fe 0c 22 1a b7 6a bf 36 d9 08 c6 b2 c4 2f fd 4e
    bd ee af a7 48 44
<<< TLS 1.2, RecordHeader [length 0005]
    14 03 03 00 01
<<< TLS 1.3, ChangeCipherSpec [length 0001]
    01
<<< TLS 1.2, RecordHeader [length 0005]
    16 03 03 04 ba
<<< TLS 1.3, Handshake [length 04ba], ServerHello
    02 00 04 b6 03 03 9b 55 a2 b3 55 e9 78 ef b8 6c
    47 24 9d 2a 7f 27 c0 c1 74 cc a3 8c 94 69 ed 1b
    99 59 21 8d d5 3e 20 84 f2 85 5b 7c 5d b1 8b 7d
    de e8 06 28 44 8f dc 48 84 f8 8d 6c 91 75 af 85
    e2 9a 15 0e d5 64 9d 13 02 00 04 6e 00 33 04 64
    11 ec 04 60 5c a4 82 89 31 ab ac d0 d6 c8 09 40
    03 71 3c 00 27 6d da 20 f9 da a8 2b 1f 57 34 65
    d7 9e 30 b7 72 3d cb 9f 1d 9e 49 e5 48 ac f6 48
    b5 dc 5b 0e 51 3e 3f 39 6e 82 b4 93 ac 30 35 73
    d2 33 3d 74 53 ae 29 86 3b b1 13 64 f3 27 6c 9d
    37 1a ce cc 9f c2 ed ce 6d 57 80 a0 1e 73 c8 3d
    6b 9e a5 9d db 74 9a d6 c8 9a 46 dc c2 b5 88 b1
    aa 03 dc 4b b4 c7 e7 72 82 f3 75 1f 19 2d 19 b1
    12 06 1f b1 94 51 43 40 a1 88 28 d8 c8 d0 dd 13
    a1 d7 ba a6 79 b9 ff 3f 68 da 5a 3c 2d a7 32 ee
    46 1a de cf 97 e7 55 b3 bc cc dd ab 42 8d 4f 0f
    3e 22 eb 5c 2c a3 df 00 63 24 54 94 be 47 7f b2
    73 02 12 88 3f c8 8f b1 f9 1f 53 50 8e 02 8d ca
    2c 35 aa de 6f 9e 07 c6 62 87 01 e8 35 fc 53 86
    d8 85 98 0e c3 9f 9f 21 9c 3c ab 6e 63 c5 d2 77
    5e 07 00 87 f0 7b 42 f7 c3 e8 d9 80 0d 39 c5 ce
    f1 b4 d2 0d 9c 49 44 cd bf ae 04 88 9e 69 38 f4
    42 f1 9f 72 81 5b 5e 87 89 6a 65 16 5b c1 32 0f
    ff da 9e 1d bf 90 8b 9d e3 44 18 7e a9 0e 7b 9a
    e3 73 82 0d f6 c3 f4 cf 80 1a 8d 46 8a 48 20 46
    e6 bb 80 6b 44 86 9c 7a 8e 27 b0 ab 5c 38 3e 25
    3b f8 38 14 3a fc 46 be 01 fd a9 4a 31 8c a1 a0
    f9 f4 76 cf ac 10 bf 54 ff 3c ff d9 ab 65 50 4f
    ef 5b bd 88 6d 5e 04 a8 a0 b5 cb c0 5b 06 32 b3
    06 a5 3e 30 60 ed ad 0c e5 a0 e4 a5 9a 9c 19 09
    f5 f0 d5 3e 14 23 40 7c 32 59 e5 61 f3 d1 97 1a
    40 7f 5c aa 7a cb 77 69 de f2 f8 52 9e f6 2f bc
    bb 80 d4 41 11 c1 a5 ca 1d 6e 2f e8 5a ab a2 90
    50 72 67 10 95 f6 19 1d 7a 97 45 34 26 ac c0 85
    05 ae 9b 17 7a 9f 9e 9e 10 2b 79 7a ba d6 06 29
    51 97 db 24 20 9d 1b 74 f4 4b a1 0a 85 65 a6 1d
    65 a3 b4 20 ca e2 b0 57 8d 67 d5 2b 85 02 8d 92
    71 54 03 6a 3d 6d 34 7c 0a a4 db c0 94 46 3f a4
    ba 4d 61 96 43 b2 5a 94 99 16 ee 05 51 b1 a7 80
    ef 54 bf 0e fb 93 4a 21 7b 5f 7f 29 62 8d 74 20
    35 2e 27 fd d5 ad 00 b7 ac a8 40 cc 50 cf 23 7a
    c0 7d a0 93 f6 2b d2 a8 90 c5 b7 4d 54 24 f3 7d
    9a aa 62 5f da 40 00 bf 90 39 45 ff 7f e9 04 54
    1d e4 6c 00 a5 2c da fb 7e 26 ba 13 d0 33 b0 3e
    6d 56 af 4a 20 69 36 41 0c 6e 97 1e af 80 1d 9f
    01 19 65 31 b4 90 80 5b fa 2d af 2c 15 cc 84 2f
    f5 28 2c ae 13 71 2c 90 8e de 83 f9 98 5d a7 af
    42 63 63 83 19 51 8f 3c b4 97 d7 59 dd 03 23 df
    55 0f 06 9a 1d 9e cf c6 d6 fa dc 8f 36 2e 8f 50
    89 a5 bf ff ab 10 b2 29 0c 1e dd 42 50 8a 2b e3
    4c 80 05 59 d2 41 63 ba 36 62 bc d4 2d 51 12 6d
    14 bf 45 98 a3 df 53 30 f1 4e e9 32 26 54 57 8e
    22 6e 53 b3 43 92 2b 03 57 79 3c c4 f2 13 09 2a
    ee 39 d5 22 6d 0c fc a9 bf 7c 7e ff a7 12 87 6c
    cf 61 e9 e1 f0 62 ea eb 54 3b c7 1d 82 d0 e1 4c
    ea b5 77 b4 e5 d7 20 23 cd 5e 5b 92 e2 1c bc 75
    65 5e ed 9f fd fb 0a bb 44 6a 32 1d 55 ee 9b 5b
    36 32 77 56 c8 3d 68 a6 cd a0 8d da fa 1a b7 e6
    d0 b6 ef 50 29 97 b2 f3 e7 60 62 66 f3 4a 72 4a
    26 36 a5 d2 14 43 e2 1c ed b3 66 63 27 27 be b0
    10 47 74 29 fa c3 d4 45 8b ed 65 a5 ff d9 16 b1
    a5 c4 61 1c da 99 ea f6 03 b2 50 9d ae b0 43 09
    98 97 e3 2b 0d f4 a2 d0 8b 17 ee 7a b9 c1 73 e6
    88 65 02 52 03 84 1d fe 4d 21 5d 52 34 3a 24 e3
    00 66 b9 de ca 5c 88 ba 2a 1e 3a 82 6f dc fd 2d
    72 1a 63 5c 66 b5 cc ad 48 ec 10 eb ae 5c 19 46
    e0 10 07 79 38 cd 0f 36 84 3a 10 b7 72 fe 82 c4
    07 ae df 98 b7 65 ba 02 ab e1 d2 43 a2 17 b6 bf
    d6 c6 f6 b9 eb b7 fd 11 50 a8 c3 f5 7f 33 24 0b
    4b 5d 78 53 c3 11 dc 82 fc 01 10 e4 55 27 08 39
    a6 c4 2a d9 ab d1 6e 3f 77 6c 7a 92 06 e3 33 4c
    f8 1e 85 79 7a 67 21 b6 b7 fa af 2c 60 6c 8c a4
    80 d9 62 ef 74 5a 49 58 71 19 40 92 5e 85 51 36
    0f 4a 97 9c 49 04 69 24 92 98 48 2c 4e e0 03 4b
    3c 13 30 f3 56 1e 86 16 d3 fa 57 ec 0f d9 3c 8f
    4a 1e 18 78 00 2b 00 02 03 04
<<< TLS 1.2, RecordHeader [length 0005]
    17 03 03 04 89
<<< TLS 1.3, InnerContent [length 0001]
    16
<<< TLS 1.3, Handshake [length 0006], EncryptedExtensions
    08 00 00 02 00 00
<<< TLS 1.3, Handshake [length 0336], Certificate
    0b 00 03 32 00 00 03 2e 00 03 29 30 82 03 25 30
    82 02 0d a0 03 02 01 02 02 01 02 30 0d 06 09 2a
    86 48 86 f7 0d 01 01 0b 05 00 30 12 31 10 30 0e
    06 03 55 04 03 0c 07 52 6f 6f 74 20 43 41 30 20
    17 0d 31 36 30 31 31 34 32 32 32 39 34 36 5a 18
    0f 32 31 31 36 30 31 31 35 32 32 32 39 34 36 5a
    30 19 31 17 30 15 06 03 55 04 03 0c 0e 73 65 72
    76 65 72 2e 65 78 61 6d 70 6c 65 30 82 01 22 30
    0d 06 09 2a 86 48 86 f7 0d 01 01 01 05 00 03 82
    01 0f 00 30 82 01 0a 02 82 01 01 00 d5 5d 60 6a
    df fc 61 ee 48 aa 8c 11 48 43 a5 6d b6 52 5d aa
    98 49 b1 61 92 35 b1 fc 3a 04 25 0c 6d 79 ff b4
    d5 c9 e9 5c 1c 3b e0 ab b3 b8 7d a3 de 6d bd e0
    dd d7 5a bf 14 47 11 42 5e a6 82 d0 61 c1 7f dd
    13 46 e6 09 85 07 0e f2 d4 fc 1a 64 d2 0a ad 20
    ab 20 6b 96 f0 ad cc c4 19 53 55 dc 01 1d a4 b3
    ef 8a b4 49 53 5d 8a 05 1c f1 dc e1 44 bf c5 d7
    e2 77 19 57 5c 97 0b 75 ee 88 43 71 0f ca 6c c1
    b4 b2 50 a7 77 46 6c 58 0f 11 bf f1 76 24 5a ae
    39 42 b7 51 67 29 e1 d0 55 30 6f 17 e4 91 ea ad
    f8 28 c2 43 6f a2 64 a9 fb 9d 98 92 62 48 3e eb
    0d 4f 82 4a 8a ff 3f 72 ee 96 b5 ae a1 c1 98 ba
    ef 7d 90 75 6d ff 5a 52 9e ab f5 c0 7e d0 87 43
    db 85 07 07 0f 7d 38 7a fd d1 d3 ee 65 1d d3 ea
    39 6a 87 37 ee 4a d3 e0 0d 6e f5 70 ac c2 bd f1
    6e f3 92 95 5e a9 f0 a1 65 95 93 8d 02 03 01 00
    01 a3 7d 30 7b 30 1d 06 03 55 1d 0e 04 16 04 14
    c0 e7 84 bf e8 59 27 33 10 b0 52 4f 51 52 2f 06
    d6 c0 7a cd 30 1f 06 03 55 1d 23 04 18 30 16 80
    14 70 7f 2e ae 83 68 59 98 04 23 2a cd eb 3e 17
    cd 24 dd 01 49 30 09 06 03 55 1d 13 04 02 30 00
    30 13 06 03 55 1d 25 04 0c 30 0a 06 08 2b 06 01
    05 05 07 03 01 30 19 06 03 55 1d 11 04 12 30 10
    82 0e 73 65 72 76 65 72 2e 65 78 61 6d 70 6c 65
    30 0d 06 09 2a 86 48 86 f7 0d 01 01 0b 05 00 03
    82 01 01 00 7b d3 04 43 75 8a 0f 11 ae c4 fb d7
    a1 a2 9e fe 20 18 d5 f4 2f 31 88 46 b6 75 8c ee
    e5 9b 97 a6 b9 a3 cd 60 9a 46 c3 48 97 e5 97 68
    f7 5a 86 35 73 d9 69 9e f9 5f 74 b9 e6 94 13 01
    cb 6a dc e3 c4 04 e9 65 da 9c a4 8b 28 f3 f9 9a
    7f bf 97 1f 45 92 e5 05 b1 56 e6 0b f6 47 de 1e
    89 b6 2b e1 4d df 4a 7e 01 d3 23 dc 97 8c 47 fe
    5f c7 cc 98 46 0e c4 83 5b ca 8a f1 52 09 be 6b
    ec 3f 09 8b d0 93 02 bf e1 51 e7 d1 7e 34 56 19
    74 d0 ff 28 25 de b7 9f 56 52 91 7d 20 29 85 0a
    80 44 5f 71 32 25 71 0f c2 16 e2 5f 6b 1d 3f 32
    5b 0a 3c 74 1c b9 62 f1 ed 07 50 a3 6d b4 b4 31
    0a c0 53 44 6a 3a 88 84 8b 2d a9 b0 37 8e e6 18
    36 bd 9a 20 40 0f 01 92 8b 3d aa 61 e7 ae 2c ed
    36 cd 3a 07 86 74 3a 29 b3 d7 3a b4 00 a9 c2 f5
    92 78 0e e2 0f a3 fe bb be e0 06 53 84 59 1d 90
    69 e5 b6 f9 00 00
<<< TLS 1.3, Handshake [length 0108], CertificateVerify
    0f 00 01 04 08 06 01 00 61 be c4 55 4f eb d6 0e
    24 f8 41 87 a7 1a fa 53 4b 9b c4 5c bd ec 85 c0
    e1 8d 15 ea b2 68 52 a2 e0 fa 9c ba 97 85 aa 06
    5e 38 74 b1 e9 dd 23 12 a3 50 39 56 70 b3 0c 33
    6d c4 41 3b 15 54 ae 8b 36 76 6d 50 e0 ef b4 2d
    e2 11 c5 d7 02 bb bc 9d 70 c6 66 68 1b 58 53 9f
    46 89 14 dd 98 0b ce 69 82 9f 04 0f 4a 7c 5d 1b
    c0 07 b4 79 c7 b6 c5 ef 56 05 3d 8d a1 e4 ed 97
    bd ff 71 d9 08 a0 a5 34 0b 7f fd ca 45 83 67 0d
    13 b6 18 a3 e3 3b 87 ed 8f 64 15 1d b7 ef 08 2a
    b3 ae 37 f2 78 91 bd 60 4e 88 8e bd 44 ec 3a 40
    cb 37 fd 4e db 21 eb 13 17 74 da 19 87 9c 37 61
    9c 29 69 fa 1d c6 57 b4 b7 cd 30 9d 8e 98 fb d5
    7e 2b 2f 75 9b 36 2b b7 05 7e 3b ea 49 f1 ce 5c
    68 5f 5e 28 9d 4a 8d d0 6d 2c 3b ae 96 4a 8c 25
    87 5e ae d5 80 69 ee 90 e8 23 2e ac c2 7d c7 7b
    0f 50 35 05 b6 a0 e7 91
<<< TLS 1.3, Handshake [length 0034], Finished
    14 00 00 30 26 bd 5d ba 07 2a 22 5f 74 87 2b e6
    47 d3 61 f0 dd c2 35 b7 fc ff e1 49 b7 f1 fe e3
    d5 4e f8 f2 37 9a f4 61 18 bd 1d c4 24 9d ce 34
    fa 98 5b d7
>>> TLS 1.2, RecordHeader [length 0005]
    17 03 03 00 45
>>> TLS 1.2, InnerContent [length 0001]
    16
>>> TLS 1.3, Handshake [length 0034], Finished
    14 00 00 30 a0 ad 47 b3 da 6c 1c 0f 19 28 0a d4
    69 49 b4 13 1a e7 76 a0 62 d2 1c 64 26 c3 70 9d
    0b 1f f6 03 d7 87 d5 5c 99 6d 2f 19 7f 17 56 8e
    25 22 bf d4
---
Certificate chain
 0 s:CN=server.example
   i:CN=Root CA
   a:PKEY: RSA, 2048 (bit); sigalg: sha256WithRSAEncryption
   v:NotBefore: Jan 14 22:29:46 2016 GMT; NotAfter: Jan 15 22:29:46 2116 GMT
---
Server certificate
-----BEGIN CERTIFICATE-----
MIIDJTCCAg2gAwIBAgIBAjANBgkqhkiG9w0BAQsFADASMRAwDgYDVQQDDAdSb290
IENBMCAXDTE2MDExNDIyMjk0NloYDzIxMTYwMTE1MjIyOTQ2WjAZMRcwFQYDVQQD
DA5zZXJ2ZXIuZXhhbXBsZTCCASIwDQYJKoZIhvcNAQEBBQADggEPADCCAQoCggEB
ANVdYGrf/GHuSKqMEUhDpW22Ul2qmEmxYZI1sfw6BCUMbXn/tNXJ6VwcO+Crs7h9
o95tveDd11q/FEcRQl6mgtBhwX/dE0bmCYUHDvLU/Bpk0gqtIKsga5bwrczEGVNV
3AEdpLPvirRJU12KBRzx3OFEv8XX4ncZV1yXC3XuiENxD8pswbSyUKd3RmxYDxG/
8XYkWq45QrdRZynh0FUwbxfkkeqt+CjCQ2+iZKn7nZiSYkg+6w1PgkqK/z9y7pa1
rqHBmLrvfZB1bf9aUp6r9cB+0IdD24UHBw99OHr90dPuZR3T6jlqhzfuStPgDW71
cKzCvfFu85KVXqnwoWWVk40CAwEAAaN9MHswHQYDVR0OBBYEFMDnhL/oWSczELBS
T1FSLwbWwHrNMB8GA1UdIwQYMBaAFHB/Lq6DaFmYBCMqzes+F80k3QFJMAkGA1Ud
EwQCMAAwEwYDVR0lBAwwCgYIKwYBBQUHAwEwGQYDVR0RBBIwEIIOc2VydmVyLmV4
YW1wbGUwDQYJKoZIhvcNAQELBQADggEBAHvTBEN1ig8RrsT716Ginv4gGNX0LzGI
RrZ1jO7lm5emuaPNYJpGw0iX5Zdo91qGNXPZaZ75X3S55pQTActq3OPEBOll2pyk
iyjz+Zp/v5cfRZLlBbFW5gv2R94eibYr4U3fSn4B0yPcl4xH/l/HzJhGDsSDW8qK
8VIJvmvsPwmL0JMCv+FR59F+NFYZdND/KCXet59WUpF9ICmFCoBEX3EyJXEPwhbi
X2sdPzJbCjx0HLli8e0HUKNttLQxCsBTRGo6iISLLamwN47mGDa9miBADwGSiz2q
YeeuLO02zToHhnQ6KbPXOrQAqcL1kngO4g+j/ru+4AZThFkdkGnltvk=
-----END CERTIFICATE-----
subject=CN=server.example
issuer=CN=Root CA
---
No client certificate CA names sent
Peer signing digest: SHA512
Peer signature type: rsa_pss_rsae_sha512
Negotiated TLS1.3 group: X25519MLKEM768
---
SSL handshake has read 2480 bytes and written 1702 bytes
Verification error: unable to verify the first certificate
---
New, TLSv1.3, Cipher is TLS_AES_256_GCM_SHA384
Protocol: TLSv1.3
Server public key is 2048 bit
This TLS version forbids renegotiation.
Compression: NONE
Expansion: NONE
No ALPN negotiated
Early data was not sent
Verify return code: 21 (unable to verify the first certificate)
---
>>> TLS 1.2, RecordHeader [length 0005]
    17 03 03 00 13
>>> TLS 1.2, InnerContent [length 0001]
    15
>>> TLS 1.3, Alert [length 0002], warning close_notify
    01 00
Connecting to 127.0.0.1
SSL_connect:before SSL initialization
SSL_connect:SSLv3/TLS write client hello
SSL_connect:SSLv3/TLS write client hello
SSL_connect:SSLv3/TLS read server hello
SSL_connect:SSLv3/TLS write change cipher spec
SSL_connect:SSLv3/TLS write client hello
SSL_connect:SSLv3/TLS write client hello
SSL_connect:SSLv3/TLS read server hello
Can't use SSL_get_servername
SSL_connect:TLSv1.3 read encrypted extensions
depth=0 CN=server.example
verify error:num=20:unable to get local issuer certificate
verify return:1
depth=0 CN=server.example
verify error:num=21:unable to verify the first certificate
verify return:1
depth=0 CN=server.example
verify return:1
SSL_connect:SSLv3/TLS read server certificate
SSL_connect:TLSv1.3 read server certificate verify
SSL_connect:SSLv3/TLS read finished
SSL_connect:SSLv3/TLS write finished
DONE
SSL3 alert write:warning:close notify
