CONNECTED(00000003)
>>> TLS 1.0, RecordHeader [length 0005]
    16 03 01 00 d6
>>> TLS 1.3, Handshake [length 00d6], ClientHello
    01 00 00 d2 03 03 31 97 18 4a 7a 89 c2 20 92 b5
    e3 2d 5d 67 bc 88 fd df 13 16 74 16 c8 97 80 ed
    06 f6 f1 dc bd 38 20 ae f3 9d 64 c1 9d f4 4e 9e
    cb de 12 34 54 6e 2d dd 9a 61 60 5c ad 66 4c 6c
    d4 96 73 a7 94 bd eb 00 06 13 02 13 03 13 01 01
    00 00 83 00 0b 00 04 03 00 01 02 00 0a 00 06 00
    04 11 ec 00 1d 00 23 00 00 00 16 00 00 00 17 00
    00 00 0d 00 2a 00 28 09 05 09 06 09 04 04 03 05
    03 06 03 08 07 08 08 08 1a 08 1b 08 1c 08 09 08
    0a 08 0b 08 04 08 05 08 06 04 01 05 01 06 01 00
    2b 00 03 02 03 04 00 2d 00 02 01 01 00 33 00 26
    00 24 00 1d 00 20 03 27 80 83 f2 9f 0e 06 30 cd
    81 7a 9f a0 5b 7f a4 89 26 96 df 65 03 a5 af 74
    fd f9 b9 7a 10 64
<<< TLS 1.2, RecordHeader [length 0005]
    16 03 03 00 58
<<< TLS 1.3, Handshake [length 0058], ServerHello
    02 00 00 54 03 03 cf 21 ad 74 e5 9a 61 11 be 1d
    8c 02 1e 65 b8 91 c2 a2 11 16 7a bb 8c 5e 07 9e
    09 e2 c8 a8 33 9c 20 ae f3 9d 64 c1 9d f4 4e 9e
    cb de 12 34 54 6e 2d dd 9a 61 60 5c ad 66 4c 6c
    d4 96 73 a7 94 bd eb 13 02 00 00 0c 00 2b 00 02
    03 04 00 33 00 02 11 ec
>>> TLS 1.2, RecordHeader [length 0005]
    14 03 03 00 01
>>> TLS 1.3, ChangeCipherSpec [length 0001]
    01
>>> TLS 1.2, RecordHeader [length 0005]
    16 03 03 05 76
>>> TLS 1.3, Handshake [length 0576], ClientHello
    01 00 05 72 03 03 31 97 18 4a 7a 89 c2 20 92 b5
    e3 2d 5d 67 bc 88 fd df 13 16 74 16 c8 97 80 ed
    06 f6 f1 dc bd 38 20 ae f3 9d 64 c1 9d f4 4e 9e
    cb de 12 34 54 6e 2d dd 9a 61 60 5c ad 66 4c 6c
    d4 96 73 a7 94 bd eb 00 06 13 02 13 03 13 01 01
    00 05 23 00 0b 00 04 03 00 01 02 00 0a 00 06 00
    04 11 ec 00 1d 00 23 00 00 00 16 00 00 00 17 00
    00 00 0d 00 2a 00 28 09 05 09 06 09 04 04 03 05
    03 06 03 08 07 08 08 08 1a 08 1b 08 1c 08 09 08
    0a 08 0b 08 04 08 05 08 06 04 01 05 01 06 01 00
    2b 00 03 02 03 04 00 2d 00 02 01 01 00 33 04 c6
    04 c4 11 ec 04 c0 f4 8a 79 ac a8 09 c8 3b c5 23
    d1 6b 59 b7 78 7a 5a a7 d9 f5 aa 62 fa ce 30 9b
    69 72 36 b9 c1 05 7d 00 88 06 b3 64 23 72 aa 4d
    66 65 7e 52 61 81 91 79 91 62 8a 85 78 46 1e e5
    02 57 81 6c 6b 1c 96 af 7e e2 8e 62 68 29 f6 a0
    4f 69 c2 56 8e 47 64 bc 95 a3 a5 cc b1 25 20 87
    5d 6a 25 b5 a4 96 47 f4 60 87 2b 1a dd 07 93 c9
    1c 15 c4 8a 61 d6 d7 89 61 64 27 d5 27 5d 6e f6
    0e 71 12 7f 23 6a 1b f4 8b 82 ed ea c6 2b b0 44
    a8 18 01 26 ea 3c da eb 29 48 91 8b e7 78 08 8f
    b0 86 8d 37 6d a0 e4 69 3e f0 2f 33 17 34 e5 e6
    c5 f4 b0 c0 16 29 a9 0c e4 04 ed 62 68 4f 71 39
    1a bc 3c 00 14 1e c2 f3 8c bd 85 72 fe 51 9a 9a
    03 51 46 5c 17 43 3a 19 3d d6 62 14 b1 45 4f 85
    87 4a 89 8c b4 3c 6a 3e a1 8a 42 33 ca f7 22 40
    af 26 4a 90 bc a0 35 98 44 7a 93 63 8a 47 86 81
    9a 17 cc 5c 5c 5e 56 98 28 c1 0a 95 13 c6 e0 a9
    cc 45 c4 00 c8 41 ad 7e 16 c0 e8 a3 be ed 95 8a
    6b 6a 7e 9b e4 a2 6f 40 b6 e1 c5 2b 8a 87 ba 91
    c7 c3 aa f6 2a 76 20 97 c6 04 2d 8d e8 42 7b 11
    c8 7e 45 7c 52 a6 29 72 84 0b ba e8 a3 7c a1 8d
    8a 17 c1 cc 99 0d a5 79 c9 55 34 ab c8 11 7c c1
    f2 75 d7 7c 45 d1 7a 23 e3 a6 34 99 a6 b9 80 25
    4a 37 a9 84 06 51 30 a3 6c b2 00 b5 ca 4a c3 89
    fd fa 85 f7 e3 96 40 97 30 f6 31 40 63 9c 34 e7
    0c 50 3e a6 27 0e 51 2e 8c 65 b1 7e c0 57 ca d5
    84 0a 78 96 f1 f0 4e f0 76 47 d9 95 11 42 7a b2
    a9 b5 ca 83 b9 bc ac 13 70 01 f0 9f be bc 9b 14
    e9 50 73 b2 26 af 31 a1 a7 48 5a f5 74 23 43 61
    10 c8 30 a3 a9 33 9a d9 00 9c ce 23 9c 2d a1 05
    f1 3a 36 51 72 49 5a 01 91 b0 63 55 b7 5c 43 58
    18 b5 a6 45 2d dd 35 09 2b 5c a7 55 1b 84 7d bb
    99 bc 83 2f 1f f9 48 ea b0 6c ca 46 63 23 d4 b7
    57 21 c5 fa 0b 59 b3 02 c8 56 a5 3d e3 c0 a3 37
    a0 2c 33 68 4b 90 34 95 5d 6c 0f b5 60 ca 01 09
    b7 33 76 c0 06 e9 0b b3 19 26 8f d6 45 83 13 74
    de 6a 62 0f 87 21 6d 0c 21 3c aa 36 d9 c4 a9 4b
    cb 17 14 24 c3 08 16 09 04 38 09 6b 24 b5 04 b7
    4d a1 5c 96 98 73 21 81 e2 1b 8d 2a a1 d6 01 74
    b2 57 2a 5a 65 48 3d 50 10 ef 33 9f c6 09 29 19
    c3 a1 2b ec aa 43 fb 23 ee a7 9e 65 09 4e b2 63
    82 ac 12 51 11 84 b1 59 04 7a 1b c2 cb 68 21 c7
    79 93 8f 55 91 7a 3d 20 c7 c8 e2 4d bf 47 4a ac
    94 9a 7c 93 4f 18 15 2e 4b 71 ac d5 94 18 64 2a
    75 0d 02 46 59 86 a4 77 48 9a dd 30 37 a0 92 3d
    fe e9 6b ba 41 5e 98 46 04 ff f4 4c af a6 6c 4e
    a4 65 05 60 bd b6 60 b5 e5 2c aa 89 97 5c db 0c
    8c 9e d7 36 77 5a 24 c2 49 55 fe 35 b6 88 a7 52
    2b 69 76 3f 2c 45 43 10 19 a5 ba 8a f2 5b 79 a1
    5c 37 50 7b 24 0d e8 38 5e 99 52 06 08 41 3d 05
    35 3b 10 37 00 26 3a 35 90 38 da c0 98 45 fa 8b
    26 d3 c5 17 2a 78 e0 37 be a3 08 0b ba 19 0b 1f
    f1 9f ea 78 5c 78 81 a1 ab 05 80 23 cb 7f 27 1c
    8d 1f 50 60 ca 86 87 43 1c ad 9b d2 c9 5e 07 79
    fb a3 74 df 58 64 df 32 08 f5 09 9d 97 65 7d 4f
    53 03 c8 c0 b0 38 aa af e8 e5 58 32 78 78 43 16
    aa bf 6a 3a 8d d6 6f 3c 5b 95 75 d2 09 25 86 07
    59 c1 8e f9 86 cb 68 32 87 5b 38 28 25 4c 79 d6
    bc 19 24 79 80 42 36 20 51 78 cb 92 15 4d 4e 1c
    2e 5e 2c 67 a7 b1 0d 56 f8 a6 57 17 17 d4 f8 b1
    97 05 38 f6 d8 02 55 38 53 ec 15 55 37 86 13 63
    8c 11 73 66 56 9d f0 81 d0 40 57 e2 d6 8e 0c 93
    42 f2 2a 16 12 20 51 fd 5b 23 a6 b9 ad b3 2a 71
    4c 25 62 b3 aa 44 b7 d9 1b c8 31 47 d6 59 b3 54
    3b 84 5e 0c 28 90 70 1e e4 95 1c 0f 86 1c 81 87
    61 95 93 ce 6a 64 15 50 56 5c ca e0 8a 7b b8 90
    f9 7a be 35 a1 51 ed ec af e0 87 8f 98 03 b4 b2
    e1 2b 25 ca 5d c9 d7 0b f5 53 4c 0a cb 74 1d 24
    a9 a3 d4 39 79 f8 87 a2 cc b9 06 e5 34 c1 80 aa
    a0 61 bf 71 64 6f 49 a3 be c8 17 b8 cf bc 7d 23
    b4 64 98 39 16 53 d5 b1 a1 3c 2c de 19 16 1e 3a
    a1 c8 80 18 e2 34 b9 52 03 45 4a 30 5e b4 1c 8a
    50 db 41 58 c4 62 2b 6a 40 43 bd fb 57 8e 35 2b
    a8 92 d3 55 c2 68 c7 2a 16 b8 63 48 85 87 b4 ee
    c7 76 b6 98 5a ab bb 83 ed d9 05 bc 6a 8c 6e 04
    d1 20 b1 5b 89 24 04 35 63 c0 ae ce 86 09 bb 17
    83 28 86 27 ca 5b
<<< TLS 1.2, RecordHeader [length 0005]
    14 03 03 00 01
<<< TLS 1.3, ChangeCipherSpec [length 0001]
    01
<<< TLS 1.2, RecordHeader [length 0005]
    16 03 03 04 ba
<<< TLS 1.3, Handshake [length 04ba], ServerHello
    02 00 04 b6 03 03 1a fd 42 e3 95 13 3a 53 9b 15
    78 38 25 cb c5 eb 96 60 e4 34 10 fb 2b a9 a3 d6
    0e 38 a4 48 5f 75 20 ae f3 9d 64 c1 9d f4 4e 9e
    cb de 12 34 54 6e 2d dd 9a 61 60 5c ad 66 4c 6c
    d4 96 73 a7 94 bd eb 13 02 00 04 6e 00 33 04 64
    11 ec 04 60 bf 9d 60 65 d7 fa 01 f0 86 df 17 2e
    18 80 ad 48 07 5a bc 4c 3a ec fd e1 7d b5 12 d6
    8a 04 61 08 18 fc b4 f8 02 2a 72 04 a9 b4 73 cc
    34 65 9b a5 c3 81 4b c2 e9 3a cf 68 bc e9 5a b4
    4a de 18 10 6e 87 69 19 5d b2 80 ea 8e 8d 5c 8d
    7b 4f 37 49 54 9b c8 54 45 50 2c 9a 9f 8e d5 15
    56 7e ce db 11 01 20 76 ec b1 08 a6 8e ad 71 50
    0a 22 02 4f 77 3b 91 53 7f 6d 6d 21 77 5a 28 d6
    17 47 2f cd 11 b7 9f f6 5f 7f 51 b1 1e 82 72 85
    e0 83 4c 73 c6 af 99 17 04 ee 05 a3 f8 cd ab 89
    98 f8 04 8a c8 45 b8 0b a7 ce 2f cc 13 59 b1 27
    d4 ed ee cd 3c cb 1d 2c 3d 79 99 d6 65 c8 fc 1d
    40 2b 98 4a 7a 60 97 5c c1 06 41 54 9a d3 27 6a
    f7 dc 7f 7b 94 15 90 f8 99 32 a3 b0 1c 2e 66 c4
    ba 50 e3 05 fd 70 29 ac a8 79 21 a6 ac 8c f5 46
    d4 ff a3 26 72 38 0e 04 67 d8 7d 2e 0a 26 11 64
    f2 ed 96 98 08 2b 5c c0 11 ea 30 fc 00 e5 db 9b
    14 b0 1c 57 df ff ab a1 0e 00 66 9a 9c 48 33 01
    e6 13 51 29 91 bb 72 4d 3e 4d 97 08 8b ef aa ed
    fe d0 2f f7 71 c5 8c 18 40 21 d9 e3 b6 b0 08 d8
    97 78 f2 94 75 14 1e e3 d7 02 2c 73 1f 5b 03 1d
    a4 67 3d 3d da ef f2 90 74 97 f9 78 f4 7a b8 21
    3b e9 c1 86 4d 19 06 bb be a7 6d e2 d2 7f a8 74
    05 51 bd dc 62 83 68 b5 b5 35 9f ca 73 fa fa c2
    e2 37 dd d4 c1 f7 6b 0b b3 13 c9 f9 ba de 55 d1
    7f 83 e4 f9 14 6d 4d 13 9d 9b 92 79 c8 f9 f4 a2
    15 53 60 85 21 a9 2e f5 27 4d 2e 85 eb 2e 1e 70
    4f de e9 ab 4a f1 b2 a2 f6 f2 32 76 18 13 3d e2
    3d 35 9f 07 61 61 30 8a ea 3c a6 1a 9b 4a 72 78
    4b eb d9 c9 47 57 3d 05 aa ae 08 b3 9f 5b 50 33
    be ec d0 c9 ba 54 52 63 ff 1f e7 f1 a7 d5 f0 94
    4e d8 b2 3e 2d fc 32 a7 f0 79 75 20 a2 5e 9e 5c
    79 38 6c a8 13 d7 06 cc dc 0a c7 85 3e 32 02 88
    98 f6 ad 13 af 8c c7 cd 66 0b 7d 5d 9b f5 ee d3
    3a 44 72 27 84 c2 42 09 b4 f4 c8 19 4e aa d7 68
    19 07 f8 17 40 11 3d eb c0 6c 20 58 9d ba 96 28
    d1 ab 6f 69 6e 65 00 93 5c 0d d7 2e 66 94 d7 a7
    cf 0a 1f ad 48 23 db 76 0b 99 52 89 88 0d c9 3f
    8b e9 2a 29 24 5b 74 bb 11 90 d0 f5 0c 32 86 22
    f0 75 75 0d 9e c8 69 6f 19 71 e1 fe ac b9 63 5c
    c5 0e 45 2f 46 33 e7 cd e9 76 93 5a c2 96 a1 1b
    93 0a 02 5b ef 12 30 d2 27 b5 41 07 80 5d 46 a4
    c7 af 9a e7 5c 7f 7b e8 ee 2e 7c 2b 5f 90 ab 45
    20 19 e0 c7 e3 32 2e 38 07 e6 99 8e a4 88 96 05
    b1 7e b0 3a 8d e6 af ca 5d 43 04 26 42 51 b7 68
    1c e6 52 7d c2 4b 81 75 46 45 4d 10 19 06 5f 21
    38 e6 ac a9 a6 d2 d1 8c 77 6f d2 a3 c4 25 1b 40
    50 e3 b6 d4 c4 e3 37 28 ab d7 56 9c 69 4d 4e c2
    80 1c ab 06 ba 1b d2 33 3b 08 c9 86 34 4a d7 d8
    f0 af 7e 77 28 ae 14 16 c3 c1 a0 9f 00 7d 40 be
    70 9a 64 26 80 37 f4 59 e2 5a b6 6e 49 de 8c ce
    eb b6 85 2f 02 68 ba 2f 31 8d a5 cd c7 b9 90 10
    cc 28 6d 80 7b d5 5b 93 33 b5 e6 66 10 ff c3 0a
    a6 a2 f8 08 dc d1 f4 5d 6f 3e 71 b8 d0 19 91 9c
    ee 22 49 c6 58 27 3c 5b 8c 76 e2 2c ea bc 32 bd
    3e 90 30 61 91 ce 18 2f d2 79 67 a6 cd f2 d2 6a
    2d 43 c5 bb 49 87 61 f1 ad fa 8e dd 1d 77 ed 2f
    71 a8 b4 ae 83 4c 62 0f f1 d7 4a 22 8d dd 2b b2
    b5 1a 0d 87 3c 8a 75 3e aa 99 18 72 8e e0 67 06
    be bc d8 2c 6a 71 e8 31 2a 8e da 65 85 e0 3e 92
    73 d7 b7 6b 57 3a b5 23 41 94 4e 7f 44 16 7a 11
    de 0d df 9d 50 93 3d 00 bf 58 4d 56 50 1e 6d 02
    a5 a1 42 dd d5 d4 82 eb d9 1a b3 ab 73 44 54 25
    2d 47 c7 5a dd f9 f9 a0 a6 dc 2c 4a 4f 72 b6 c5
    a5 cc e6 82 75 0a 78 0e 85 ac b7 5c f6 bd 56 31
    8a 32 e9 55 a6 20 f5 b6 93 d4 e9 6a 1c 12 7a 7b
    1d 52 6a 9d 27 76 9e e5 bd c2 e8 74 37 3c 86 f2
    6a f6 f6 63 21 a6 d6 b1 41 9a 95 10 a8 1a 89 30
    f1 f9 26 3f 34 1e cc 6a 71 39 62 b0 7b e8 e5 9b
    47 05 aa c4 9e 89 e1 d9 82 23 d7 b9 f6 aa fc 93
    dd a1 56 5f 00 2b 00 02 03 04
<<< TLS 1.2, RecordHeader [length 0005]
    17 03 03 04 89
<<< TLS 1.3, InnerContent [length 0001]
    16
<<< TLS 1.3, Handshake [length 0006], EncryptedExtensions
    08 00 00 02 00 00
<<< TLS 1.3, Handshake [length 0336], Certificate
    0b 00 03 32 00 00 03 2e 00 03 29 30 82 03 25 30
    82 02 0d a0 03 02 01 02 02 01 02 30 0d 06 09 2a
    86 48 86 f7 0d 01 01 0b 05 00 30 12 31 10 30 0e
    06 03 55 04 03 0c 07 52 6f 6f 74 20 43 41 30 20
    17 0d 31 36 30 31 31 34 32 32 32 39 34 36 5a 18
    0f 32 31 31 36 30 31 31 35 32 32 32 39 34 36 5a
    30 19 31 17 30 15 06 03 55 04 03 0c 0e 73 65 72
    76 65 72 2e 65 78 61 6d 70 6c 65 30 82 01 22 30
    0d 06 09 2a 86 48 86 f7 0d 01 01 01 05 00 03 82
    01 0f 00 30 82 01 0a 02 82 01 01 00 d5 5d 60 6a
    df fc 61 ee 48 aa 8c 11 48 43 a5 6d b6 52 5d aa
    98 49 b1 61 92 35 b1 fc 3a 04 25 0c 6d 79 ff b4
    d5 c9 e9 5c 1c 3b e0 ab b3 b8 7d a3 de 6d bd e0
    dd d7 5a bf 14 47 11 42 5e a6 82 d0 61 c1 7f dd
    13 46 e6 09 85 07 0e f2 d4 fc 1a 64 d2 0a ad 20
    ab 20 6b 96 f0 ad cc c4 19 53 55 dc 01 1d a4 b3
    ef 8a b4 49 53 5d 8a 05 1c f1 dc e1 44 bf c5 d7
    e2 77 19 57 5c 97 0b 75 ee 88 43 71 0f ca 6c c1
    b4 b2 50 a7 77 46 6c 58 0f 11 bf f1 76 24 5a ae
    39 42 b7 51 67 29 e1 d0 55 30 6f 17 e4 91 ea ad
    f8 28 c2 43 6f a2 64 a9 fb 9d 98 92 62 48 3e eb
    0d 4f 82 4a 8a ff 3f 72 ee 96 b5 ae a1 c1 98 ba
    ef 7d 90 75 6d ff 5a 52 9e ab f5 c0 7e d0 87 43
    db 85 07 07 0f 7d 38 7a fd d1 d3 ee 65 1d d3 ea
    39 6a 87 37 ee 4a d3 e0 0d 6e f5 70 ac c2 bd f1
    6e f3 92 95 5e a9 f0 a1 65 95 93 8d 02 03 01 00
    01 a3 7d 30 7b 30 1d 06 03 55 1d 0e 04 16 04 14
    c0 e7 84 bf e8 59 27 33 10 b0 52 4f 51 52 2f 06
    d6 c0 7a cd 30 1f 06 03 55 1d 23 04 18 30 16 80
    14 70 7f 2e ae 83 68 59 98 04 23 2a cd eb 3e 17
    cd 24 dd 01 49 30 09 06 03 55 1d 13 04 02 30 00
    30 13 06 03 55 1d 25 04 0c 30 0a 06 08 2b 06 01
    05 05 07 03 01 30 19 06 03 55 1d 11 04 12 30 10
    82 0e 73 65 72 76 65 72 2e 65 78 61 6d 70 6c 65
    30 0d 06 09 2a 86 48 86 f7 0d 01 01 0b 05 00 03
    82 01 01 00 7b d3 04 43 75 8a 0f 11 ae c4 fb d7
    a1 a2 9e fe 20 18 d5 f4 2f 31 88 46 b6 75 8c ee
    e5 9b 97 a6 b9 a3 cd 60 9a 46 c3 48 97 e5 97 68
    f7 5a 86 35 73 d9 69 9e f9 5f 74 b9 e6 94 13 01
    cb 6a dc e3 c4 04 e9 65 da 9c a4 8b 28 f3 f9 9a
    7f bf 97 1f 45 92 e5 05 b1 56 e6 0b f6 47 de 1e
    89 b6 2b e1 4d df 4a 7e 01 d3 23 dc 97 8c 47 fe
    5f c7 cc 98 46 0e c4 83 5b ca 8a f1 52 09 be 6b
    ec 3f 09 8b d0 93 02 bf e1 51 e7 d1 7e 34 56 19
    74 d0 ff 28 25 de b7 9f 56 52 91 7d 20 29 85 0a
    80 44 5f 71 32 25 71 0f c2 16 e2 5f 6b 1d 3f 32
    5b 0a 3c 74 1c b9 62 f1 ed 07 50 a3 6d b4 b4 31
    0a c0 53 44 6a 3a 88 84 8b 2d a9 b0 37 8e e6 18
    36 bd 9a 20 40 0f 01 92 8b 3d aa 61 e7 ae 2c ed
    36 cd 3a 07 86 74 3a 29 b3 d7 3a b4 00 a9 c2 f5
    92 78 0e e2 0f a3 fe bb be e0 06 53 84 59 1d 90
    69 e5 b6 f9 00 00
<<< TLS 1.3, Handshake [length 0108], CertificateVerify
    0f 00 01 04 08 04 01 00 8b 12 03 b7 a0 a2 58 5e
    c8 4e 45 b8 70 13 aa 90 2b 8e d5 b5 95 3c 2f 32
    ec 25 85 1f 7d 7e eb 0a 9c e4 3e cc a5 c3 d9 71
    9a f9 20 eb 0e df b2 e9 a5 cc 62 2d f4 33 04 e0
    bd b1 c1 49 9c cd 14 07 f4 90 8c 76 3a 91 b1 62
    a1 59 7d 32 72 3f d6 b1 63 91 01 48 75 5b 75 17
    e8 1f 1f da 27 40 6b fb ce e1 7a 94 45 5b d6 17
    d5 5b b6 a8 44 4d 00 80 2e 12 47 32 c8 9f 9f 10
    4b b6 d1 8f 2e fd 41 78 b2 69 82 8a 0a 53 b3 7f
    5b 11 e4 cb 7a 8a f0 e3 c5 f4 64 45 34 5e 4b 32
    8d 78 6d 88 ed 9b cb 31 26 15 68 c8 b8 55 9f eb
    6a 55 80 4f f1 76 ce f6 98 8a ab 4f af e1 d7 7c
    46 ad e2 3e 4e 1b 5f cc e7 12 2b b9 3a db 2e 04
    96 c4 d2 e4 f5 5b 3e 42 49 b8 c3 25 ea a8 e3 dd
    72 b0 0c 9e 9d 74 e0 c6 df ce e3 7b 70 2e 84 8b
    53 68 a3 19 0e 2b 84 c0 bb 08 0d 37 97 46 f3 12
    a4 f9 5f 21 42 03 fb b8
<<< TLS 1.3, Handshake [length 0034], Finished
    14 00 00 30 a3 04 f2 99 79 f3 6e f8 28 ea e9 ff
    3f 3d 42 40 4a 80 3a 66 e7 13 ba ce c4 ff be 3c
    70 5e 1e af 56 dd ad b8 03 4d c6 99 77 b3 82 47
    a0 ef 88 7b
>>> TLS 1.2, RecordHeader [length 0005]
    17 03 03 00 45
>>> TLS 1.2, InnerContent [length 0001]
    16
>>> TLS 1.3, Handshake [length 0034], Finished
    14 00 00 30 c3 b2 69 7d 53 bf 93 2c 76 0d bc cd
    17 9e ee 5c 7f 74 46 e1 97 98 b0 e0 05 ed 6e 3d
    69 c4 f6 a1 52 4b 2e 57 f3 1d 24 79 e3 2a 86 bb
    b6 07 45 06
---
Certificate chain
 0 s:CN=server.example
   i:CN=Root CA
   a:PKEY: RSA, 2048 (bit); sigalg: sha256WithRSAEncryption
   v:NotBefore: Jan 14 22:29:46 2016 GMT; NotAfter: Jan 15 22:29:46 2116 GMT
---
Server certificate
-----BEGIN CERTIFICATE-----
MIIDJTCCAg2gAwIBAgIBAjANBgkqhkiG9w0BAQsFADASMRAwDgYDVQQDDAdSb290
IENBMCAXDTE2MDExNDIyMjk0NloYDzIxMTYwMTE1MjIyOTQ2WjAZMRcwFQYDVQQD
DA5zZXJ2ZXIuZXhhbXBsZTCCASIwDQYJKoZIhvcNAQEBBQADggEPADCCAQoCggEB
ANVdYGrf/GHuSKqMEUhDpW22Ul2qmEmxYZI1sfw6BCUMbXn/tNXJ6VwcO+Crs7h9
o95tveDd11q/FEcRQl6mgtBhwX/dE0bmCYUHDvLU/Bpk0gqtIKsga5bwrczEGVNV
3AEdpLPvirRJU12KBRzx3OFEv8XX4ncZV1yXC3XuiENxD8pswbSyUKd3RmxYDxG/
8XYkWq45QrdRZynh0FUwbxfkkeqt+CjCQ2+iZKn7nZiSYkg+6w1PgkqK/z9y7pa1
rqHBmLrvfZB1bf9aUp6r9cB+0IdD24UHBw99OHr90dPuZR3T6jlqhzfuStPgDW71
cKzCvfFu85KVXqnwoWWVk40CAwEAAaN9MHswHQYDVR0OBBYEFMDnhL/oWSczELBS
T1FSLwbWwHrNMB8GA1UdIwQYMBaAFHB/Lq6DaFmYBCMqzes+F80k3QFJMAkGA1Ud
EwQCMAAwEwYDVR0lBAwwCgYIKwYBBQUHAwEwGQYDVR0RBBIwEIIOc2VydmVyLmV4
YW1wbGUwDQYJKoZIhvcNAQELBQADggEBAHvTBEN1ig8RrsT716Ginv4gGNX0LzGI
RrZ1jO7lm5emuaPNYJpGw0iX5Zdo91qGNXPZaZ75X3S55pQTActq3OPEBOll2pyk
iyjz+Zp/v5cfRZLlBbFW5gv2R94eibYr4U3fSn4B0yPcl4xH/l/HzJhGDsSDW8qK
8VIJvmvsPwmL0JMCv+FR59F+NFYZdND/KCXet59WUpF9ICmFCoBEX3EyJXEPwhbi
X2sdPzJbCjx0HLli8e0HUKNttLQxCsBTRGo6iISLLamwN47mGDa9miBADwGSiz2q
YeeuLO02zToHhnQ6KbPXOrQAqcL1kngO4g+j/ru+4AZThFkdkGnltvk=
-----END CERTIFICATE-----
subject=CN=server.example
issuer=CN=Root CA
---
No client certificate CA names sent
Peer signing digest: SHA256
Peer signature type: rsa_pss_rsae_sha256
Negotiated TLS1.3 group: X25519MLKEM768
---
SSL handshake has read 2480 bytes and written 1702 bytes
Verification error: unable to verify the first certificate
---
New, TLSv1.3, Cipher is TLS_AES_256_GCM_SHA384
Protocol: TLSv1.3
Server public key is 2048 bit
This TLS version forbids renegotiation.
Compression: NONE
Expansion: NONE
No ALPN negotiated
Early data was not sent
Verify return code: 21 (unable to verify the first certificate)
---
>>> TLS 1.2, RecordHeader [length 0005]
    17 03 03 00 13
>>> TLS 1.2, InnerContent [length 0001]
    15
>>> TLS 1.3, Alert [length 0002], warning close_notify
    01 00
Connecting to 127.0.0.1
SSL_connect:before SSL initialization
SSL_connect:SSLv3/TLS write client hello
SSL_connect:SSLv3/TLS write client hello
SSL_connect:SSLv3/TLS read server hello
SSL_connect:SSLv3/TLS write change cipher spec
SSL_connect:SSLv3/TLS write client hello
SSL_connect:SSLv3/TLS write client hello
SSL_connect:SSLv3/TLS read server hello
Can't use SSL_get_servername
SSL_connect:TLSv1.3 read encrypted extensions
depth=0 CN=server.example
verify error:num=20:unable to get local issuer certificate
verify return:1
depth=0 CN=server.example
verify error:num=21:unable to verify the first certificate
verify return:1
depth=0 CN=server.example
verify return:1
SSL_connect:SSLv3/TLS read server certificate
SSL_connect:TLSv1.3 read server certificate verify
SSL_connect:SSLv3/TLS read finished
SSL_connect:SSLv3/TLS write finished
DONE
SSL3 alert write:warning:close notify
