CONNECTED(00000003)
>>> TLS 1.0, RecordHeader [length 0005]
    16 03 01 00 d6
>>> TLS 1.3, Handshake [length 00d6], ClientHello
    01 00 00 d2 03 03 33 4a c7 3c 56 60 3d 4c db 70
    d0 bc 58 63 c7 f4 77 de 7d ab ca 64 20 9e 85 6a
    0a c0 ee 15 b4 89 20 81 44 8a ee ec e9 85 52 55
    b3 dc 8e 8e 92 d8 c0 86 f3 2d 4b 5c 9f 88 53 a8
    3e a5 91 ba 96 6a 50 00 06 13 02 13 03 13 01 01
    00 00 83 00 0b 00 04 03 00 01 02 00 0a 00 06 00
    04 11 ec 00 1d 00 23 00 00 00 16 00 00 00 17 00
    00 00 0d 00 2a 00 28 09 05 09 06 09 04 04 03 05
    03 06 03 08 07 08 08 08 1a 08 1b 08 1c 08 09 08
    0a 08 0b 08 04 08 05 08 06 04 01 05 01 06 01 00
    2b 00 03 02 03 04 00 2d 00 02 01 01 00 33 00 26
    00 24 00 1d 00 20 a0 b1 a4 21 1e ac fd 13 e4 0e
    ed 06 4c 71 d4 bc f5 cd a3 b1 8f 38 33 ea 11 ad
    64 9e 43 b2 08 7a
<<< TLS 1.2, RecordHeader [length 0005]
    16 03 03 00 58
<<< TLS 1.3, Handshake [length 0058], ServerHello
    02 00 00 54 03 03 cf 21 ad 74 e5 9a 61 11 be 1d
    8c 02 1e 65 b8 91 c2 a2 11 16 7a bb 8c 5e 07 9e
    09 e2 c8 a8 33 9c 20 81 44 8a ee ec e9 85 52 55
    b3 dc 8e 8e 92 d8 c0 86 f3 2d 4b 5c 9f 88 53 a8
    3e a5 91 ba 96 6a 50 13 01 00 00 0c 00 2b 00 02
    03 04 00 33 00 02 11 ec
>>> TLS 1.2, RecordHeader [length 0005]
    14 03 03 00 01
>>> TLS 1.3, ChangeCipherSpec [length 0001]
    01
>>> TLS 1.2, RecordHeader [length 0005]
    16 03 03 05 76
>>> TLS 1.3, Handshake [length 0576], ClientHello
    01 00 05 72 03 03 33 4a c7 3c 56 60 3d 4c db 70
    d0 bc 58 63 c7 f4 77 de 7d ab ca 64 20 9e 85 6a
    0a c0 ee 15 b4 89 20 81 44 8a ee ec e9 85 52 55
    b3 dc 8e 8e 92 d8 c0 86 f3 2d 4b 5c 9f 88 53 a8
    3e a5 91 ba 96 6a 50 00 06 13 02 13 03 13 01 01
    00 05 23 00 0b 00 04 03 00 01 02 00 0a 00 06 00
    04 11 ec 00 1d 00 23 00 00 00 16 00 00 00 17 00
    00 00 0d 00 2a 00 28 09 05 09 06 09 04 04 03 05
    03 06 03 08 07 08 08 08 1a 08 1b 08 1c 08 09 08
    0a 08 0b 08 04 08 05 08 06 04 01 05 01 06 01 00
    2b 00 03 02 03 04 00 2d 00 02 01 01 00 33 04 c6
    04 c4 11 ec 04 c0 a4 41 37 35 94 66 d9 e9 a8 55
    75 32 d9 b7 95 c9 56 4b 2c a5 25 ac a2 29 15 41
    9c aa 24 6a 90 d4 32 8a e6 89 3f 68 4d b2 71 a7
    e8 44 b8 fc 92 10 17 c1 50 c6 84 a8 d0 73 a7 d5
    c8 4a ca c3 37 c8 47 03 4f 30 46 35 f2 55 71 56
    67 17 10 65 5a 7c c7 26 80 bf d7 a3 78 fd 50 99
    69 27 82 a8 c1 40 f2 7a 1b d9 46 c4 83 a1 11 e2
    9a 10 e2 07 1f c1 d7 4c 32 ac c9 38 93 3b 6e 0b
    5c 40 bb 21 4c 10 c2 77 d2 7e ed b5 a1 16 aa 7a
    97 6c b8 b6 42 7d ba 91 68 2a 99 8e f2 fa 87 74
    81 bf 1d a8 58 99 36 a6 0f b2 83 10 f6 b2 e4 3c
    65 74 f6 0b d1 d6 80 13 d6 1b 0b 78 76 b3 12 39
    37 28 04 be ea 05 a0 33 4d ca 73 78 c4 b1 81 7a
    84 4b 4e bb 88 3b f5 70 af ba c0 f4 50 b5 d8 93
    54 96 c9 b0 57 69 c2 c8 f2 36 bb 67 cc fc 53 b5
    27 93 28 8a 04 86 f1 eb 62 8a 58 cb 36 d7 28 0e
    2b b9 ac 16 ca 61 fb 78 84 6b 3d e6 58 7f 6c 7c
    b7 74 e1 56 e8 72 50 a5 b0 1d df 99 ba 80 87 5a
    a5 48 84 e8 97 cf 78 85 82 84 1b 10 7b c8 4e 9e
    7a ce 0e 34 57 51 9c 2f 9a c5 63 8c eb 02 eb fc
    21 28 d3 89 40 51 76 69 3b cb ee 3a 2e 65 32 10
    1b da 7b 3b 00 29 ab 34 90 70 67 1d 66 89 25 3c
    4b 38 7b 29 b4 c7 15 4e c9 b3 83 03 b3 01 d8 40
    0d 55 03 46 f5 e9 42 94 58 14 4d f3 9f 91 d5 1c
    85 32 35 49 01 2a 04 18 0a af a0 96 b7 76 3a 4e
    ca b6 ea 72 05 67 55 0b 1d ab b6 35 9a 3b 42 2b
    39 5f 61 13 e9 9b 2b 4c aa a8 d0 64 b5 8b 7b 25
    20 81 14 49 64 6f e7 5c 61 1a 81 0a 75 a0 af b4
    d8 b9 cc 19 be af 15 b8 5c b9 bb 41 1c 8b 86 72
    37 ca 0b 96 98 09 87 81 07 58 e2 e4 23 d2 67 cb
    1d 18 12 4b d4 b3 08 20 ab a9 ac 45 01 23 83 b4
    a7 7b f6 54 c1 6b cc a6 72 47 a2 b8 63 aa 34 39
    1a c6 f7 b5 2c 64 9f 16 65 60 ef 0b 37 20 6b 2c
    66 f9 79 9b 2a 25 0b 1c 8a 20 f0 43 25 ba 59 4a
    a1 2f 08 25 39 3f f2 11 30 8a c8 69 cc 92 8f 76
    11 bc a5 2e 8d 05 d0 ee f6 5a c8 38 24 39 81 07
    87 0c 6d 3f a3 47 83 f7 6c 31 a4 84 9a ca 75 dc
    36 84 ca f6 bb 8a 18 22 e5 bb 93 f8 f3 12 de b2
    58 4d d4 91 8e 02 1a db 61 17 05 b4 07 ee 84 a9
    68 d9 0f bf 76 c6 68 89 9c 9a 70 76 2b c3 b1 fb
    a2 cb 8f 87 c7 93 11 61 55 59 b1 b9 62 0a f2 20
    aa 68 5c 48 53 c5 b2 31 e6 90 1e f3 8e 8c e5 3f
    6f ea 46 e6 49 89 bd 1c c0 c0 55 2f a3 aa 9f a7
    47 b0 42 53 19 9c 7c 17 c4 63 8a 70 22 44 53 6c
    c7 e7 33 c0 e6 c8 48 f0 b2 5c 84 d6 4b 3f 97 b6
    88 40 0d 71 1b c1 32 96 b1 44 a9 0c 06 46 9d 8a
    69 42 eb f2 1b 5c 11 cc a4 40 7e 83 20 5d eb ca
    49 69 1c 0d a5 18 4f 60 f8 3e 0d 2c c1 b7 6b 59
    fa f6 2f 8a 87 10 4a 92 a2 ed a9 c7 a2 70 ae c2
    7b 8d d6 47 85 30 b6 ad 11 f6 1c 24 54 80 45 66
    7f 18 0c b4 99 79 85 d5 10 20 a9 83 59 3e 77 6c
    69 19 7a 5f 8b ba 7b 1b 30 a7 bc 16 f0 7c 52 68
    29 1f e9 ec 6f 31 14 5e 62 44 8f d7 04 a9 a6 ab
    ac 5b d9 c4 a7 8a b3 36 bb 14 83 9b 81 19 c3 8d
    7b 30 bd 38 1c 6d ec 3b 2b f2 fa 3b cb da 22 79
    87 9d 53 c7 8d 45 45 7f d2 a9 81 2a 4b 76 2e 44
    17 3c c4 7a 2c 8b 8a f2 1a 84 f4 d4 87 9f 71 35
    e8 8c 62 2f ac 36 2a f4 3f 38 48 96 51 55 a4 63
    0a cc 47 e6 5a da 05 aa 08 73 a5 56 ea 92 bd 85
    2e c6 22 b5 44 62 29 24 a1 5d 49 06 22 4b 8c 00
    e7 25 19 2c ab 87 27 25 12 13 66 c1 39 48 45 5d
    fa 47 35 b1 3f 75 fa 6e ac 38 28 6f 4a 70 54 dc
    69 03 e5 95 19 c8 93 1b ba 96 91 03 02 4f 83 76
    96 73 34 21 73 3a 2a f7 4e 69 81 a7 2e f0 6e eb
    47 a4 b6 31 24 cc 57 44 b6 03 16 2e 78 b7 22 32
    18 57 f5 a0 87 13 17 c4 25 9c f5 48 93 f3 db 2c
    12 f6 75 a8 8a 39 64 14 97 30 00 01 85 79 8b 41
    96 4c 33 4b 71 d7 b5 16 ff 53 56 1d e7 73 1d 60
    c3 bd 40 1c d6 ac 03 13 41 86 f2 e3 ba 73 b7 3b
    fb 94 84 3c 02 85 c3 d8 9a 0c 0a cb d3 a0 0c 58
    a7 38 14 e7 1c dc 57 ad 53 48 3e 76 6b 0a 84 76
    64 7b 45 5f fb b1 34 82 e6 98 4d c2 88 2b b1 7e
    fe 39 a4 2b 72 34 2f 73 ca 2b 1b b6 81 34 44 f8
    a7 bf 25 29 70 9e 1a 83 4a 84 ef 2f 7d 5f e3 83
    19 e0 c1 ce 0d af 0d 98 99 4e e9 af 72 5e ce 14
    f1 4e 94 9a 8d 20 11 6c d4 f9 a0 9f 46 d2 0d 01
    0e ed f8 45 f1 09
<<< TLS 1.2, RecordHeader [length 0005]
    14 03 03 00 01
<<< TLS 1.3, ChangeCipherSpec [length 0001]
    01
<<< TLS 1.2, RecordHeader [length 0005]
    16 03 03 04 ba
<<< TLS 1.3, Handshake [length 04ba], ServerHello
    02 00 04 b6 03 03 6c f2 a2 36 fe a2 34 d4 83 cd
    2d 1b 2f 81 64 71 7f 12 18 62 7d bd d6 48 05 18
    38 52 39 b1 8d bd 20 81 44 8a ee ec e9 85 52 55
    b3 dc 8e 8e 92 d8 c0 86 f3 2d 4b 5c 9f 88 53 a8
    3e a5 91 ba 96 6a 50 13 01 00 04 6e 00 2b 00 02
    03 04 00 33 04 64 11 ec 04 60 41 5d ff 6c bb d2
    e7 26 52 7a 67 0f f5 f9 c2 65 02 1b ed d9 1c 12
    b7 2f 1d 62 d4 d7 ff 79 eb ca d9 df 1e 01 31 5d
    71 78 2f 72 55 4d 2f d1 b1 0e 85 92 6b d5 a5 cd
    b8 09 fe ba 4e c7 f3 b6 6b 70 ba bc 55 90 f0 94
    16 de db 4c 2d 3d 99 7f bc 10 0f 53 30 cd b6 be
    86 4d 7d 64 f3 25 f6 cc fd a4 c4 28 75 39 e6 fc
    45 ec e3 b0 c9 59 6b 8b 20 4d 2b 04 01 b9 e7 2b
    47 0f b0 e4 de 2c 9b d3 61 89 e5 6e 72 f3 64 fd
    20 a8 b8 af 8f d5 cb 5e 58 ae 3f bc 05 0b 22 98
    58 4e b2 af 30 9e 95 e5 1f 32 33 75 93 cb 24 13
    00 c0 d2 32 65 c3 a4 bb c6 39 ff 1e 11 3f b7 53
    94 01 42 17 19 c1 3b 1b 04 b1 7f bc 7b a1 36 06
    de 40 fc 0c fa b2 e0 b3 17 26 c7 56 b8 a4 26 2f
    18 36 1c a1 52 3a 5d 04 1d 06 43 0b a2 7b 6d 03
    64 5a d4 08 bd fd 42 78 55 03 4b 8e 98 ac e6 07
    1c bb 0b b7 15 1c 72 49 c9 01 8b f4 41 d6 fc 93
    7a ba cc 9d c7 e4 1d 14 70 35 52 88 19 b6 65 5a
    01 3b ce f9 8d 0c 56 31 c9 c3 27 b2 38 a2 20 e3
    cd 67 fc f4 71 36 4f af f1 69 d3 d5 33 65 6e 7d
    ed 35 28 c9 ea c5 f1 16 57 aa b3 a3 c5 3e e4 db
    dc 58 9d 52 86 0d 68 e5 b9 89 25 73 65 fe fd 8c
    a7 28 d7 e5 68 79 23 db cd 03 0e ef 1c d1 03 b1
    f7 67 4f b8 31 44 5f af 44 53 b2 4f 05 7b 73 ec
    fa 0e d5 c8 43 e5 95 52 da e2 bf 80 b8 11 1a 77
    df 4a 81 e7 db 58 64 91 c9 74 1d 12 7e 0a 68 cb
    db 1d 8b 16 ae 6d 57 42 fd 60 82 b3 8e 6d cd 16
    5c f9 43 4c 8e bd 72 77 f5 15 03 93 9a 1b e4 5c
    3c 4e 0f a0 06 8f d6 b6 1b 92 62 eb 68 8e b9 50
    6b 30 fb b8 98 d3 ae 08 52 fc d9 f0 a5 a2 75 41
    b7 a5 14 cf f1 79 73 88 64 07 51 ac e1 b2 a2 45
    18 91 80 1c a9 d2 ed 9b 5d 29 f0 77 d4 a6 e3 36
    4b 63 18 2c 2f 84 2c de 0a 28 37 4e 7d d2 23 bc
    34 4b a1 f6 1f 16 9b a4 ee 02 92 1e a7 4c f2 95
    0f 78 eb 3f 29 c5 fc c5 04 f5 84 03 f0 ff 0f a6
    d6 7f 8f cf 3a 7e 31 54 6e c4 5b 0a 8e e1 76 3e
    9a ba 85 d6 b1 d9 f7 2b 54 b7 42 6e 48 e8 b9 55
    e8 70 50 ce 6c ad d9 58 43 1a bb 89 e9 37 03 8e
    31 39 f2 b3 4b b4 a7 f9 c2 d4 dc a2 0c f9 4f 3e
    37 33 95 e9 36 e1 42 a4 11 2f be 5d 33 a6 fe 39
    db ed f0 57 21 02 98 ae 2f b5 47 af 88 70 f1 e2
    67 1c 69 4b c5 f0 69 57 2e 7f fd 61 ce 88 06 eb
    57 6a 84 b4 e8 c3 bf d2 83 8c c5 fc 24 c6 d5 84
    cc 6a 45 a9 da 7f 5e 4e d4 b3 67 e0 4f b1 f7 00
    a0 fd 5d cd e9 f0 b9 a9 e1 56 87 40 a7 94 03 17
    da 42 05 89 9a 6a 9c 9a 5e e4 8e 0d 62 d2 67 e4
    32 d2 68 80 38 1f fe de a1 6d 24 56 e4 eb cf 42
    26 f4 d8 83 16 f2 d7 1c 4f fd fd b1 58 38 fa 9a
    49 e0 b0 cc 5c 5a b5 b4 ee cc de dd f0 4f cd d6
    16 91 0e e3 ef b8 be b3 e2 24 a8 5e 53 36 1d 43
    ff ea cf 74 01 56 ab f3 2c 95 ba fa 0f 09 ac aa
    ea 7a 32 ef 4b 32 3e 9f e1 4a 4b 5f e9 80 c3 2c
    b9 0e 43 c0 e5 bd 07 21 73 f5 86 a8 d4 e0 82 d3
    0f 0c eb 57 78 f1 cd 79 4b e2 0d a3 59 80 11 e0
    38 7d 0c e8 29 f3 33 bd 9a 2b 9c 8d a6 32 0e 23
    46 2f 1a dc 88 03 8f 0e 5c b6 dd 2b 56 ae 27 80
    ad 4e a8 fc 25 36 f3 3a c2 6e 59 41 14 bb 62 2a
    95 97 e0 71 47 34 83 10 35 8c 7e b1 1f 1f bf ad
    33 a6 51 f4 7f 8d 02 5f dc d1 62 fd c7 7f 10 0f
    45 45 ad 37 3c bc ec b6 82 e0 c6 3b 67 42 e5 42
    95 45 1d 97 36 df d3 11 d6 43 77 20 e4 1a 75 3c
    1a de c0 4a 1c f2 97 f3 72 dd 2f 12 a2 b5 b1 21
    2a cc 83 b4 b8 6a fe d0 da f9 f3 65 bd 10 f2 14
    16 d9 9b 66 0a ac 31 c1 db 8d 5f f2 67 84 92 fc
    48 26 ad 25 b2 b3 c5 69 c1 75 9c 4b d8 24 88 0c
    26 a5 c5 90 8d 46 2c f0 1a 22 f7 e2 0d a0 8d 59
    f4 53 42 e8 e2 f1 64 c8 e8 be d1 e7 1a 8a 2c 25
    11 8c 30 77 99 70 db 8b cc 99 33 51 ed 44 41 ea
    62 88 ba c4 2a ad f6 71 9a 1f 9a 63 67 8d e8 c0
    2a 83 dc 41 17 de ba d1 cf 26 94 e1 a4 0c a1 9e
    97 2b 13 32 03 7d d1 14 ca 15
<<< TLS 1.2, RecordHeader [length 0005]
    17 03 03 00 17
<<< TLS 1.3, InnerContent [length 0001]
    16
<<< TLS 1.3, Handshake [length 0006], EncryptedExtensions
    08 00 00 02 00 00
<<< TLS 1.2, RecordHeader [length 0005]
    17 03 03 03 47
<<< TLS 1.3, InnerContent [length 0001]
    16
<<< TLS 1.3, Handshake [length 0336], Certificate
    0b 00 03 32 00 00 03 2e 00 03 29 30 82 03 25 30
    82 02 0d a0 03 02 01 02 02 01 02 30 0d 06 09 2a
    86 48 86 f7 0d 01 01 0b 05 00 30 12 31 10 30 0e
    06 03 55 04 03 0c 07 52 6f 6f 74 20 43 41 30 20
    17 0d 31 36 30 31 31 34 32 32 32 39 34 36 5a 18
    0f 32 31 31 36 30 31 31 35 32 32 32 39 34 36 5a
    30 19 31 17 30 15 06 03 55 04 03 0c 0e 73 65 72
    76 65 72 2e 65 78 61 6d 70 6c 65 30 82 01 22 30
    0d 06 09 2a 86 48 86 f7 0d 01 01 01 05 00 03 82
    01 0f 00 30 82 01 0a 02 82 01 01 00 d5 5d 60 6a
    df fc 61 ee 48 aa 8c 11 48 43 a5 6d b6 52 5d aa
    98 49 b1 61 92 35 b1 fc 3a 04 25 0c 6d 79 ff b4
    d5 c9 e9 5c 1c 3b e0 ab b3 b8 7d a3 de 6d bd e0
    dd d7 5a bf 14 47 11 42 5e a6 82 d0 61 c1 7f dd
    13 46 e6 09 85 07 0e f2 d4 fc 1a 64 d2 0a ad 20
    ab 20 6b 96 f0 ad cc c4 19 53 55 dc 01 1d a4 b3
    ef 8a b4 49 53 5d 8a 05 1c f1 dc e1 44 bf c5 d7
    e2 77 19 57 5c 97 0b 75 ee 88 43 71 0f ca 6c c1
    b4 b2 50 a7 77 46 6c 58 0f 11 bf f1 76 24 5a ae
    39 42 b7 51 67 29 e1 d0 55 30 6f 17 e4 91 ea ad
    f8 28 c2 43 6f a2 64 a9 fb 9d 98 92 62 48 3e eb
    0d 4f 82 4a 8a ff 3f 72 ee 96 b5 ae a1 c1 98 ba
    ef 7d 90 75 6d ff 5a 52 9e ab f5 c0 7e d0 87 43
    db 85 07 07 0f 7d 38 7a fd d1 d3 ee 65 1d d3 ea
    39 6a 87 37 ee 4a d3 e0 0d 6e f5 70 ac c2 bd f1
    6e f3 92 95 5e a9 f0 a1 65 95 93 8d 02 03 01 00
    01 a3 7d 30 7b 30 1d 06 03 55 1d 0e 04 16 04 14
    c0 e7 84 bf e8 59 27 33 10 b0 52 4f 51 52 2f 06
    d6 c0 7a cd 30 1f 06 03 55 1d 23 04 18 30 16 80
    14 70 7f 2e ae 83 68 59 98 04 23 2a cd eb 3e 17
    cd 24 dd 01 49 30 09 06 03 55 1d 13 04 02 30 00
    30 13 06 03 55 1d 25 04 0c 30 0a 06 08 2b 06 01
    05 05 07 03 01 30 19 06 03 55 1d 11 04 12 30 10
    82 0e 73 65 72 76 65 72 2e 65 78 61 6d 70 6c 65
    30 0d 06 09 2a 86 48 86 f7 0d 01 01 0b 05 00 03
    82 01 01 00 7b d3 04 43 75 8a 0f 11 ae c4 fb d7
    a1 a2 9e fe 20 18 d5 f4 2f 31 88 46 b6 75 8c ee
    e5 9b 97 a6 b9 a3 cd 60 9a 46 c3 48 97 e5 97 68
    f7 5a 86 35 73 d9 69 9e f9 5f 74 b9 e6 94 13 01
    cb 6a dc e3 c4 04 e9 65 da 9c a4 8b 28 f3 f9 9a
    7f bf 97 1f 45 92 e5 05 b1 56 e6 0b f6 47 de 1e
    89 b6 2b e1 4d df 4a 7e 01 d3 23 dc 97 8c 47 fe
    5f c7 cc 98 46 0e c4 83 5b ca 8a f1 52 09 be 6b
    ec 3f 09 8b d0 93 02 bf e1 51 e7 d1 7e 34 56 19
    74 d0 ff 28 25 de b7 9f 56 52 91 7d 20 29 85 0a
    80 44 5f 71 32 25 71 0f c2 16 e2 5f 6b 1d 3f 32
    5b 0a 3c 74 1c b9 62 f1 ed 07 50 a3 6d b4 b4 31
    0a c0 53 44 6a 3a 88 84 8b 2d a9 b0 37 8e e6 18
    36 bd 9a 20 40 0f 01 92 8b 3d aa 61 e7 ae 2c ed
    36 cd 3a 07 86 74 3a 29 b3 d7 3a b4 00 a9 c2 f5
    92 78 0e e2 0f a3 fe bb be e0 06 53 84 59 1d 90
    69 e5 b6 f9 00 00
<<< TLS 1.2, RecordHeader [length 0005]
    17 03 03 01 19
<<< TLS 1.3, InnerContent [length 0001]
    16
<<< TLS 1.3, Handshake [length 0108], CertificateVerify
    0f 00 01 04 08 04 01 00 72 94 6d 0c 54 80 e4 91
    4c 64 47 98 9a 6a 73 b1 55 c9 2f a1 48 3b f5 a6
    de 6a ee 0c f8 25 74 2b d1 da df c8 23 ff 9e 06
    0b 45 8d f9 b8 40 c2 50 db 7d 46 28 e0 b4 4d 48
    03 ca e1 b7 4d 57 6b a9 ff bf 32 2f d1 6c ed 0c
    a5 90 2a f1 21 1c ad 9e 74 83 6c 95 42 49 54 a5
    f1 bb dd b2 aa 01 ba 86 c6 a9 9f 80 46 7e 48 c6
    5f e0 00 71 e0 10 83 12 c3 26 c9 cc 74 ed d6 64
    9b db f7 a1 6d ba 58 68 88 d7 e1 3d fa 10 76 7c
    7f 9a 7f 70 48 6e 18 7e 40 2b 89 86 e6 68 52 11
    6f 27 ae d5 3d 61 b8 2c 15 2f 74 37 11 c7 fa 3e
    28 31 e9 d5 43 aa 93 31 e4 5f 53 b6 95 a4 7e c2
    2d c3 e3 3f 7a ec da 01 4b 5d cb 61 b3 9e 5a 20
    ed ac 35 6a b4 a7 e0 04 ee d9 e0 3f c7 6f 3b e2
    e9 ff b6 94 0f cb ce 1c 6b 33 03 fa 0d 2e 9a b9
    cc 96 18 b6 b6 76 81 06 26 59 a4 a9 2d f4 6d d8
    10 c5 97 20 b7 02 e9 90
<<< TLS 1.2, RecordHeader [length 0005]
    17 03 03 00 35
<<< TLS 1.3, InnerContent [length 0001]
    16
<<< TLS 1.3, Handshake [length 0024], Finished
    14 00 00 20 da 94 3a bf 09 2e 92 e9 34 e8 98 e1
    55 50 5c ac 9e 5d 84 3e 3c c5 ca 33 97 4b 63 9f
    26 80 84 22
>>> TLS 1.2, RecordHeader [length 0005]
    17 03 03 00 35
>>> TLS 1.2, InnerContent [length 0001]
    16
>>> TLS 1.3, Handshake [length 0024], Finished
    14 00 00 20 d5 9f b2 27 43 d9 87 71 06 37 2c 46
    12 f0 8f ac 0c b6 22 3a 71 3e 74 ec d5 a7 15 03
    c7 33 ea d4
---
Certificate chain
 0 s:CN=server.example
   i:CN=Root CA
   a:PKEY: RSA, 2048 (bit); sigalg: sha256WithRSAEncryption
   v:NotBefore: Jan 14 22:29:46 2016 GMT; NotAfter: Jan 15 22:29:46 2116 GMT
---
Server certificate
-----BEGIN CERTIFICATE-----
MIIDJTCCAg2gAwIBAgIBAjANBgkqhkiG9w0BAQsFADASMRAwDgYDVQQDDAdSb290
IENBMCAXDTE2MDExNDIyMjk0NloYDzIxMTYwMTE1MjIyOTQ2WjAZMRcwFQYDVQQD
DA5zZXJ2ZXIuZXhhbXBsZTCCASIwDQYJKoZIhvcNAQEBBQADggEPADCCAQoCggEB
ANVdYGrf/GHuSKqMEUhDpW22Ul2qmEmxYZI1sfw6BCUMbXn/tNXJ6VwcO+Crs7h9
o95tveDd11q/FEcRQl6mgtBhwX/dE0bmCYUHDvLU/Bpk0gqtIKsga5bwrczEGVNV
3AEdpLPvirRJU12KBRzx3OFEv8XX4ncZV1yXC3XuiENxD8pswbSyUKd3RmxYDxG/
8XYkWq45QrdRZynh0FUwbxfkkeqt+CjCQ2+iZKn7nZiSYkg+6w1PgkqK/z9y7pa1
rqHBmLrvfZB1bf9aUp6r9cB+0IdD24UHBw99OHr90dPuZR3T6jlqhzfuStPgDW71
cKzCvfFu85KVXqnwoWWVk40CAwEAAaN9MHswHQYDVR0OBBYEFMDnhL/oWSczELBS
T1FSLwbWwHrNMB8GA1UdIwQYMBaAFHB/Lq6DaFmYBCMqzes+F80k3QFJMAkGA1Ud
EwQCMAAwEwYDVR0lBAwwCgYIKwYBBQUHAwEwGQYDVR0RBBIwEIIOc2VydmVyLmV4
YW1wbGUwDQYJKoZIhvcNAQELBQADggEBAHvTBEN1ig8RrsT716Ginv4gGNX0LzGI
RrZ1jO7lm5emuaPNYJpGw0iX5Zdo91qGNXPZaZ75X3S55pQTActq3OPEBOll2pyk
iyjz+Zp/v5cfRZLlBbFW5gv2R94eibYr4U3fSn4B0yPcl4xH/l/HzJhGDsSDW8qK
8VIJvmvsPwmL0JMCv+FR59F+NFYZdND/KCXet59WUpF9ICmFCoBEX3EyJXEPwhbi
X2sdPzJbCjx0HLli8e0HUKNttLQxCsBTRGo6iISLLamwN47mGDa9miBADwGSiz2q
YeeuLO02zToHhnQ6KbPXOrQAqcL1kngO4g+j/ru+4AZThFkdkGnltvk=
-----END CERTIFICATE-----
subject=CN=server.example
issuer=CN=Root CA
---
No client certificate CA names sent
Peer signing digest: SHA256
Peer signature type: rsa_pss_rsae_sha256
Negotiated TLS1.3 group: X25519MLKEM768
---
SSL handshake has read 2530 bytes and written 1686 bytes
Verification error: unable to verify the first certificate
---
New, TLSv1.3, Cipher is TLS_AES_128_GCM_SHA256
Protocol: TLSv1.3
Server public key is 2048 bit
This TLS version forbids renegotiation.
Compression: NONE
Expansion: NONE
No ALPN negotiated
Early data was not sent
Verify return code: 21 (unable to verify the first certificate)
---
<<< TLS 1.2, RecordHeader [length 0005]
    17 03 03 00 8b
<<< TLS 1.3, InnerContent [length 0001]
    16
<<< TLS 1.3, Handshake [length 007a], NewSessionTicket
    04 00 00 76 00 09 3a 80 ef ca e0 8a 00 00 69 f0
    03 c0 dd 94 45 51 44 fb bf 2c 33 40 d2 ed 44 11
    2e 97 6d 97 4f af b5 ee f6 4b 1e c9 45 18 e4 59
    2a d8 f4 2c 1f fd e5 7a 75 91 b4 25 42 4f b2 f7
    9f 5a 30 10 e5 51 1d 9b ae fb 8c e3 84 be 06 02
    4e 71 72 b4 25 f7 ff 11 a4 8c 3a ea 02 ca 0e c9
    83 d7 b1 36 7c c0 01 3b 1a c7 20 91 98 e8 7a 5d
    2e c0 c5 bb 74 4e 04 19 00 00
---
Post-Handshake New Session Ticket arrived:
SSL-Session:
    Protocol  : TLSv1.3
    Cipher    : TLS_AES_128_GCM_SHA256
    Session-ID: D4E55B10E77E949F52422D458916A74B39CB717207907171C715064AB95837A8
    Session-ID-ctx: 
    Resumption PSK: C7E342DC7AF983B79B0D6CBC1B104A237AC15CED2785F00F8DA99E2A46D17F16
    PSK identity: None
    PSK identity hint: None
    SRP username: None
    TLS session ticket lifetime hint: 604800 (seconds)
    TLS session ticket:
    0000 - f0 03 c0 dd 94 45 51 44-fb bf 2c 33 40 d2 ed 44   .....EQD..,3@..D
    0010 - 11 2e 97 6d 97 4f af b5-ee f6 4b 1e c9 45 18 e4   ...m.O....K..E..
    0020 - 59 2a d8 f4 2c 1f fd e5-7a 75 91 b4 25 42 4f b2   Y*..,...zu..%BO.
    0030 - f7 9f 5a 30 10 e5 51 1d-9b ae fb 8c e3 84 be 06   ..Z0..Q.........
    0040 - 02 4e 71 72 b4 25 f7 ff-11 a4 8c 3a ea 02 ca 0e   .Nqr.%.....:....
    0050 - c9 83 d7 b1 36 7c c0 01-3b 1a c7 20 91 98 e8 7a   ....6|..;.. ...z
    0060 - 5d 2e c0 c5 bb 74 4e 04-19                        ]....tN..

    Start Time: 1790649638
    Timeout   : 7200 (sec)
    Verify return code: 21 (unable to verify the first certificate)
    Extended master secret: no
    Max Early Data: 0
---
read R BLOCK
>>> TLS 1.2, RecordHeader [length 0005]
    17 03 03 00 13
>>> TLS 1.2, InnerContent [length 0001]
    15
>>> TLS 1.3, Alert [length 0002], warning close_notify
    01 00
Connecting to 127.0.0.1
SSL_connect:before SSL initialization
SSL_connect:SSLv3/TLS write client hello
SSL_connect:SSLv3/TLS write client hello
SSL_connect:SSLv3/TLS read server hello
SSL_connect:SSLv3/TLS write change cipher spec
SSL_connect:SSLv3/TLS write client hello
SSL_connect:SSLv3/TLS write client hello
SSL_connect:SSLv3/TLS read server hello
Can't use SSL_get_servername
SSL_connect:TLSv1.3 read encrypted extensions
depth=0 CN=server.example
verify error:num=20:unable to get local issuer certificate
verify return:1
depth=0 CN=server.example
verify error:num=21:unable to verify the first certificate
verify return:1
depth=0 CN=server.example
verify return:1
SSL_connect:SSLv3/TLS read server certificate
SSL_connect:TLSv1.3 read server certificate verify
SSL_connect:SSLv3/TLS read finished
SSL_connect:SSLv3/TLS write finished
SSL_connect:SSL negotiation finished successfully
SSL_connect:SSL negotiation finished successfully
SSL_connect:SSLv3/TLS read server session ticket
DONE
SSL3 alert write:warning:close notify
