CONNECTED(00000003)
>>> TLS 1.0, RecordHeader [length 0005]
    16 03 01 00 d6
>>> TLS 1.3, Handshake [length 00d6], ClientHello
    01 00 00 d2 03 03 b2 ab 3a 81 ae d0 e4 f4 6f 0a
    1a 9f b0 a8 cc 92 03 03 c7 f7 e8 f4 e4 ff 2a 2a
    0f ab e2 35 80 29 20 f8 cd 3d 46 1d 2a 50 50 0e
    a2 6b a7 62 85 de 91 ca 6d 5f d7 72 af 05 78 e8
    36 80 bb a6 f0 5f fc 00 06 13 02 13 03 13 01 01
    00 00 83 00 0b 00 04 03 00 01 02 00 0a 00 06 00
    04 11 ec 00 1d 00 23 00 00 00 16 00 00 00 17 00
    00 00 0d 00 2a 00 28 09 05 09 06 09 04 04 03 05
    03 06 03 08 07 08 08 08 1a 08 1b 08 1c 08 09 08
    0a 08 0b 08 04 08 05 08 06 04 01 05 01 06 01 00
    2b 00 03 02 03 04 00 2d 00 02 01 01 00 33 00 26
    00 24 00 1d 00 20 c6 3e f9 30 90 94 a7 a4 d6 4e
    56 5e 77 b5 f6 c7 7f 1f db d3 73 45 51 8b 5a 20
    66 cd 92 62 79 24
<<< TLS 1.2, RecordHeader [length 0005]
    16 03 03 00 58
<<< TLS 1.3, Handshake [length 0058], ServerHello
    02 00 00 54 03 03 cf 21 ad 74 e5 9a 61 11 be 1d
    8c 02 1e 65 b8 91 c2 a2 11 16 7a bb 8c 5e 07 9e
    09 e2 c8 a8 33 9c 20 f8 cd 3d 46 1d 2a 50 50 0e
    a2 6b a7 62 85 de 91 ca 6d 5f d7 72 af 05 78 e8
    36 80 bb a6 f0 5f fc 13 02 00 00 0c 00 2b 00 02
    03 04 00 33 00 02 11 ec
>>> TLS 1.2, RecordHeader [length 0005]
    14 03 03 00 01
>>> TLS 1.3, ChangeCipherSpec [length 0001]
    01
>>> TLS 1.2, RecordHeader [length 0005]
    16 03 03 05 76
>>> TLS 1.3, Handshake [length 0576], ClientHello
    01 00 05 72 03 03 b2 ab 3a 81 ae d0 e4 f4 6f 0a
    1a 9f b0 a8 cc 92 03 03 c7 f7 e8 f4 e4 ff 2a 2a
    0f ab e2 35 80 29 20 f8 cd 3d 46 1d 2a 50 50 0e
    a2 6b a7 62 85 de 91 ca 6d 5f d7 72 af 05 78 e8
    36 80 bb a6 f0 5f fc 00 06 13 02 13 03 13 01 01
    00 05 23 00 0b 00 04 03 00 01 02 00 0a 00 06 00
    04 11 ec 00 1d 00 23 00 00 00 16 00 00 00 17 00
    00 00 0d 00 2a 00 28 09 05 09 06 09 04 04 03 05
    03 06 03 08 07 08 08 08 1a 08 1b 08 1c 08 09 08
    0a 08 0b 08 04 08 05 08 06 04 01 05 01 06 01 00
    2b 00 03 02 03 04 00 2d 00 02 01 01 00 33 04 c6
    04 c4 11 ec 04 c0 83 44 51 83 c6 a5 19 2b 4c 7b
    18 1b 11 f5 4e c9 d1 82 22 4a 1b 01 32 02 a6 fb
    69 1e 92 20 7b d5 41 2d cb 5a 3f 18 2e aa 6b 32
    de 23 b0 42 52 20 72 9a 99 f7 db 16 03 e7 9f 0b
    17 8c b9 78 47 f6 33 05 ac 42 30 f4 71 bb 51 eb
    48 c2 b2 40 27 f6 4a f2 a4 97 3e 12 97 82 62 94
    fa 4b 87 c4 73 00 ab c7 b2 b0 02 12 6c b7 59 9e
    d4 9b 0e c0 5a aa 10 44 3e 4a c7 13 70 a7 ca 13
    71 44 f6 52 88 e6 6f b5 84 45 e8 c8 bd ef 30 22
    26 2a 37 7a 91 8e 33 11 91 92 da 72 de da bf 6d
    e0 19 8a 32 60 a8 d8 6f 83 c8 97 d5 21 68 cd b7
    85 62 25 56 a2 9c 15 dd 40 c8 a9 c8 56 3c 49 91
    b7 56 78 1d d0 9f 39 2b 1a 00 dd 76 ff a1 75 0c
    2b 2f da 92 ac 6b 25 cb 2a c0 b0 94 20 83 01 71
    89 03 2c 1f f6 48 8f 8a e7 38 f0 a1 02 3e 88 65
    42 b7 2c df b7 bf 08 f6 cf 16 15 54 c5 82 a5 13
    94 c6 7c 41 29 7e b7 b8 89 37 aa 73 f7 76 43 b5
    bd e7 e7 21 ae 25 22 08 e0 3b fd 8b 05 10 04 73
    48 c4 be 30 2b bc 8f b7 26 b4 c6 a8 37 d0 b3 b1
    2c 3c 40 f4 6e 3b a6 8c 09 e8 88 e6 5b ae c7 9b
    44 27 27 06 ce da 78 75 12 04 63 d0 6e 69 78 63
    1a ab 2d fa 7a 2d c4 41 5a 16 a9 9f 00 ac 2c 4b
    50 6b fe 5c be b7 0b 75 a7 e6 1b c7 1a 57 9f b9
    a0 08 a6 47 8b b1 75 a6 78 2e 58 c6 3c 1e 16 4d
    e9 a3 44 2d 7c 31 6a 1c 8b dd 81 03 69 36 8f 6d
    72 1c 4d c2 40 9a e3 57 ac d6 94 79 68 46 58 c2
    51 19 12 31 4e d8 03 84 74 85 01 03 47 2d f0 53
    1d f3 c7 ef 16 37 35 7b 4a 19 a5 a8 9b c0 c3 4d
    77 04 4e 62 4a 08 23 bb 5e 52 40 64 9b 5b 04 3c
    94 07 0c 32 40 74 12 81 33 8f db 2c 9b bc 83 92
    a9 f2 c7 2a 53 37 de 11 40 fa a2 cd 1c f9 95 09
    a1 c1 94 b1 ae d0 c4 2e 67 c3 8c 64 83 9d 34 12
    46 87 72 b1 43 14 4c a1 73 a2 5e 10 3e f1 d9 53
    1d d7 b6 e4 43 01 a7 d5 37 07 79 7f 8c 28 4a 26
    c7 7c 79 64 2c 14 ec 72 d3 15 c2 54 44 16 17 68
    ab 95 7a b8 b5 a3 50 e7 62 5e 30 09 c5 d8 c5 a7
    56 14 28 6e 41 2d e6 76 cc e3 29 af e4 21 cd b6
    52 c1 94 db 64 38 43 86 f1 50 b4 d0 18 7a b3 79
    40 f4 ba ba 0a 17 28 f2 9b 30 5e 92 68 3a f4 06
    98 48 c0 24 85 2d b1 f0 ce 71 eb b8 63 f7 3f 11
    31 84 33 cc 0e 49 f2 93 b3 d7 4b 1d 64 2d de b6
    4f 71 67 05 03 2c 5c be 27 5a 9a 9a c7 37 61 32
    b4 bc 7b 15 97 38 68 91 83 55 c8 85 35 f9 4a 76
    fb 00 8d aa 71 e4 66 b1 7a 21 97 5e b7 8c 33 13
    62 f8 f9 11 4f ca 2b f1 a5 23 1e a3 ac 26 8c 6e
    b0 80 b7 e9 52 61 77 2c 9e 53 4a a7 87 50 8c c0
    5c cb bc d2 1b 9e 84 98 35 c8 70 63 f1 09 80 2a
    2e 07 59 aa 4f a2 16 65 90 9f fb 90 67 5e ea 21
    7e 08 5f b8 d3 62 e6 32 a8 e1 b3 ae 0c b1 7b a6
    cb 03 9f 22 8f e5 1b 13 00 f2 3e 34 50 a9 c1 d4
    35 8c a1 a4 57 d8 9b b3 17 b1 a6 31 5d b2 ba 3a
    de 89 73 71 10 63 33 5b bb e6 11 6b 97 95 51 1c
    50 10 45 23 6a d1 07 b9 e4 78 38 bd 89 b9 70 a0
    63 cf 19 88 eb 35 7a 67 a4 6c 68 f9 3a ea c9 ac
    9e 17 18 05 d1 09 fc d8 0e 29 61 4a aa 8b 36 0b
    ac 2c ed 17 a7 6f 46 31 64 da 9b 8e 37 3c 22 ba
    ba aa 9a 9b 9f 13 a4 6d 98 b9 c0 8c 4d 2e 0c a8
    61 17 80 74 4b cd af 9c 79 c1 5c 15 ed 2c 2b 32
    cb 86 8e 45 01 11 60 ab 05 81 50 3c 99 63 48 30
    87 43 3b 12 5a e6 13 0f 19 05 fc 04 44 e8 23 4b
    73 10 80 3f 12 39 ee 30 6f 21 31 67 51 4b ab 91
    a5 77 a5 51 5d 27 46 21 c7 b2 40 73 6b 61 d9 67
    54 87 8a b3 9f 50 3e 0e 43 a4 e7 ba 42 ad a7 0d
    d7 e0 70 01 68 1e ff d2 01 ef 88 96 08 85 30 a8
    01 51 78 58 2f 9b 1c 6a 72 84 3b 08 bb c4 c7 d3
    52 e3 31 1f 03 62 a1 3e 8c 6c 2d 83 a3 a1 bb 73
    62 67 11 65 d3 75 3b f0 80 50 00 a4 b3 aa c7 43
    da a4 09 36 b3 f0 2b 32 54 f3 bd 3a 41 71 22 a6
    21 42 95 ba 08 c8 ad 4e b0 21 72 d0 32 9f 8a 66
    58 ca 63 e1 f6 4e 68 24 6c 0e 53 83 60 f5 25 86
    e7 1f 22 01 22 1a 59 c7 fe b9 08 da 24 3b 0c 43
    4a 0c 8a 17 cd a8 96 29 19 a0 b3 75 1b 7c db c6
    4a 57 c1 d5 e5 18 b4 78 2c b5 53 09 9f 37 96 55
    25 fb 08 8d e5 77 69 5d ee dd a0 be 99 36 25 2c
    c9 36 ae 5b 3b 53 68 58 e3 69 fe 9f e3 11 d4 68
    1c 45 de b4 c4 77 48 07 fb 20 4e 70 bb 46 8c 06
    fb b6 e4 b8 72 3d
<<< TLS 1.2, RecordHeader [length 0005]
    14 03 03 00 01
<<< TLS 1.3, ChangeCipherSpec [length 0001]
    01
<<< TLS 1.2, RecordHeader [length 0005]
    16 03 03 04 ba
<<< TLS 1.3, Handshake [length 04ba], ServerHello
    02 00 04 b6 03 03 08 3d 98 00 48 57 2b 6f 8a ae
    37 a0 19 50 11 79 3a 8a ba 8c 5d c3 c2 7e e7 ce
    1e 75 d8 f2 c0 d3 20 f8 cd 3d 46 1d 2a 50 50 0e
    a2 6b a7 62 85 de 91 ca 6d 5f d7 72 af 05 78 e8
    36 80 bb a6 f0 5f fc 13 02 00 04 6e 00 33 04 64
    11 ec 04 60 92 b0 20 95 4d e0 de 1a 30 90 b4 20
    11 45 c1 94 21 d2 4f ee a2 0f 16 88 ec 4c 32 09
    a6 f7 d5 bd 3a 87 30 61 e5 72 29 e2 ec 11 d5 8e
    a6 9b be 6a 34 ae 8c 48 f9 a8 56 f1 3d c2 19 5d
    b7 09 66 bb 24 f8 58 4d 88 af 76 55 1f 28 7b 97
    c5 9c e6 21 2d be a9 99 4e 46 03 5f 0b 03 c9 17
    87 55 c1 b9 30 ff ef a7 c6 41 92 08 c6 ee af de
    31 df 59 75 fa 00 45 8f 40 77 a4 d1 c6 3c 0a 2e
    56 ae 1f ae b3 51 37 86 80 b0 c3 32 b5 92 1a 55
    d1 e2 d1 1e 33 93 f6 0f bd 9b 6f ee 56 de 05 88
    af 00 43 82 a7 a8 da ed 0c cf c6 24 e3 db 13 c9
    af 9a 1c 86 f3 40 38 0c 84 90 fe 37 f4 9e ec 82
    ca 5a 44 0c 66 86 f8 66 7c 5d ce 8d 3e 94 58 22
    f0 bc 1d 26 d9 ea 8f b3 54 cc a6 c3 bd ad 4e ac
    e9 48 da 36 4c a3 b0 a1 f8 d2 aa 46 f9 f2 d7 77
    2b 6e 7e ac e7 98 d8 d9 e1 88 53 08 ff 76 16 68
    46 b5 b1 88 ae 2b b5 1c 05 33 ce e5 de 18 f0 15
    d0 cc 53 67 11 8c 73 1a b3 c6 2d 5f ea 02 18 33
    ac 5b fb de 0a 4d 1f b2 0a f7 99 ad 75 74 71 f4
    e9 99 03 40 5a cb 84 a1 b9 8b 08 4e 92 4a 14 6b
    1f aa 61 dd 40 56 18 b4 c9 06 6a cd dc 5f 7e bb
    6b 63 75 42 76 b8 9f ea cc 77 f9 56 72 6d 0d 61
    80 ae 2a 9b 28 5e 22 6e 0f 58 10 30 43 9c 59 5a
    98 67 4b df c5 00 80 8f ab 1b 69 4b 67 c7 28 9f
    a6 63 27 3b 48 f2 52 36 b9 4d b0 4b c2 ed 04 60
    b4 5f 54 3b 1e 5d 90 09 43 ba 88 69 81 00 d0 b6
    07 2e 6a 0c 57 b1 cb e9 08 be db e1 a5 a5 bb 9a
    f1 02 31 9e 9a 89 57 a2 d5 b2 5f 54 1d bd 08 54
    27 47 3e 7b d4 58 b4 18 34 ac c7 3e a1 d0 ce 79
    5d 4f 83 23 34 dd df a3 38 c4 e1 4e 20 11 19 a9
    a4 87 f1 6d d5 d7 6d e7 dc 4f 2b 92 4b 99 7c 07
    34 79 f7 06 bc 1c c1 fc f9 fd 84 09 09 16 87 2f
    bc 1c 2c d9 21 a5 61 f6 7e c5 a7 d1 99 fd 92 43
    23 53 f4 54 0e 79 72 7f ff 30 69 f5 93 63 d4 9d
    4f 95 6f ba 37 ad 70 9a 72 a1 22 b9 44 d9 7f ad
    6d ce c8 8b 62 1b 30 8f 1b 8f c1 89 93 3a c8 ee
    78 93 aa 74 1b a3 88 a4 dd 89 73 66 97 d4 fb 85
    f9 9c b4 ad e8 91 c3 16 dc b9 50 e7 98 a4 b2 22
    12 bb b2 86 49 22 fe 87 22 fe 28 98 6d 2f 23 90
    99 32 49 da 2b 53 7d 71 2e 5b 2d a9 08 9b fb 24
    69 34 64 1e ad 6c 92 c1 5a 20 da a5 65 31 e1 cd
    9a 2c 00 76 bb 2b b9 5a 5b 84 f6 e3 2d a7 68 95
    fd cc 28 4b 6a 12 1f 02 c7 db e9 97 68 b7 78 d8
    2f 11 85 ec 36 14 04 89 b5 ed 11 fd 89 d0 ba d8
    00 2e 14 d0 e9 5f a8 a3 57 4f c4 c2 c7 80 5c 38
    7f 86 91 74 d6 e9 09 5f 95 83 41 f4 0d c4 1f b2
    59 10 85 84 1f 5d b1 e9 7c 4a b6 ec 98 51 bd e9
    10 82 be 8b d0 84 fd ec 3d 8d 90 cf a1 73 de 4f
    30 69 9f 06 f5 b0 54 b2 cc 9f ff 37 7b 86 5f 6e
    fe e6 2d 06 24 85 1c 04 87 e3 ad 47 4a 86 8a f4
    a7 f8 22 8f c9 ee 81 42 19 81 35 90 b3 0e bb 53
    2c d7 82 59 c4 de 65 78 1d a3 d0 40 fc cd 11 b2
    1d 3b 14 df b0 77 e0 c1 10 3c f1 1d 6c 64 a2 49
    83 d1 0b 71 72 b2 8d 83 69 b0 04 c0 47 b3 58 db
    75 cd 2a 69 85 47 92 37 36 9f da 32 c7 65 e1 d4
    d7 11 21 e8 aa 44 ad 7e c3 b4 a1 db f6 b7 5f 0e
    ae 66 20 b1 fb fd 53 f0 59 d1 93 ef b8 f9 fb 03
    d5 8a 34 8d 80 10 e6 6a b6 43 f0 68 2d ea 36 e5
    c1 4d 60 36 a2 13 ae 43 f3 4b a1 d2 ed 43 a3 20
    de 05 f3 a3 4d fa cf 8d e9 78 94 f0 f3 74 cc 58
    c6 4c b0 2d 6b 86 d8 ae 89 f2 c7 2d 83 9e 8a e3
    20 58 90 6c df 62 d5 22 54 5a 3b 52 db ee 1c 35
    76 a4 0f 1d f6 8d a3 16 2e ce 1b 88 8d 5d d7 1b
    04 f3 57 86 8f e2 e3 86 b8 d0 8c 19 6b 87 68 c2
    25 b4 bc d8 98 fe ca c8 4b 01 a5 ae 2b 79 66 48
    3d df f5 bb 7c 60 2e 41 da 47 78 ac ca 5b 26 06
    19 54 fc f2 11 7e 15 d2 cd 00 ac 5f 0d e1 b7 83
    8e 97 44 b3 cc ef 74 9d 95 40 ab 3c 61 31 e7 d3
    f2 46 36 3f ee 31 aa 94 b4 21 48 4d e3 92 a4 e6
    3b c0 1a aa 07 38 c9 e5 a8 68 b7 f5 af fc 94 92
    34 7d 83 76 00 2b 00 02 03 04
<<< TLS 1.2, RecordHeader [length 0005]
    17 03 03 04 89
<<< TLS 1.3, InnerContent [length 0001]
    16
<<< TLS 1.3, Handshake [length 0006], EncryptedExtensions
    08 00 00 02 00 00
<<< TLS 1.3, Handshake [length 0336], Certificate
    0b 00 03 32 00 00 03 2e 00 03 29 30 82 03 25 30
    82 02 0d a0 03 02 01 02 02 01 02 30 0d 06 09 2a
    86 48 86 f7 0d 01 01 0b 05 00 30 12 31 10 30 0e
    06 03 55 04 03 0c 07 52 6f 6f 74 20 43 41 30 20
    17 0d 31 36 30 31 31 34 32 32 32 39 34 36 5a 18
    0f 32 31 31 36 30 31 31 35 32 32 32 39 34 36 5a
    30 19 31 17 30 15 06 03 55 04 03 0c 0e 73 65 72
    76 65 72 2e 65 78 61 6d 70 6c 65 30 82 01 22 30
    0d 06 09 2a 86 48 86 f7 0d 01 01 01 05 00 03 82
    01 0f 00 30 82 01 0a 02 82 01 01 00 d5 5d 60 6a
    df fc 61 ee 48 aa 8c 11 48 43 a5 6d b6 52 5d aa
    98 49 b1 61 92 35 b1 fc 3a 04 25 0c 6d 79 ff b4
    d5 c9 e9 5c 1c 3b e0 ab b3 b8 7d a3 de 6d bd e0
    dd d7 5a bf 14 47 11 42 5e a6 82 d0 61 c1 7f dd
    13 46 e6 09 85 07 0e f2 d4 fc 1a 64 d2 0a ad 20
    ab 20 6b 96 f0 ad cc c4 19 53 55 dc 01 1d a4 b3
    ef 8a b4 49 53 5d 8a 05 1c f1 dc e1 44 bf c5 d7
    e2 77 19 57 5c 97 0b 75 ee 88 43 71 0f ca 6c c1
    b4 b2 50 a7 77 46 6c 58 0f 11 bf f1 76 24 5a ae
    39 42 b7 51 67 29 e1 d0 55 30 6f 17 e4 91 ea ad
    f8 28 c2 43 6f a2 64 a9 fb 9d 98 92 62 48 3e eb
    0d 4f 82 4a 8a ff 3f 72 ee 96 b5 ae a1 c1 98 ba
    ef 7d 90 75 6d ff 5a 52 9e ab f5 c0 7e d0 87 43
    db 85 07 07 0f 7d 38 7a fd d1 d3 ee 65 1d d3 ea
    39 6a 87 37 ee 4a d3 e0 0d 6e f5 70 ac c2 bd f1
    6e f3 92 95 5e a9 f0 a1 65 95 93 8d 02 03 01 00
    01 a3 7d 30 7b 30 1d 06 03 55 1d 0e 04 16 04 14
    c0 e7 84 bf e8 59 27 33 10 b0 52 4f 51 52 2f 06
    d6 c0 7a cd 30 1f 06 03 55 1d 23 04 18 30 16 80
    14 70 7f 2e ae 83 68 59 98 04 23 2a cd eb 3e 17
    cd 24 dd 01 49 30 09 06 03 55 1d 13 04 02 30 00
    30 13 06 03 55 1d 25 04 0c 30 0a 06 08 2b 06 01
    05 05 07 03 01 30 19 06 03 55 1d 11 04 12 30 10
    82 0e 73 65 72 76 65 72 2e 65 78 61 6d 70 6c 65
    30 0d 06 09 2a 86 48 86 f7 0d 01 01 0b 05 00 03
    82 01 01 00 7b d3 04 43 75 8a 0f 11 ae c4 fb d7
    a1 a2 9e fe 20 18 d5 f4 2f 31 88 46 b6 75 8c ee
    e5 9b 97 a6 b9 a3 cd 60 9a 46 c3 48 97 e5 97 68
    f7 5a 86 35 73 d9 69 9e f9 5f 74 b9 e6 94 13 01
    cb 6a dc e3 c4 04 e9 65 da 9c a4 8b 28 f3 f9 9a
    7f bf 97 1f 45 92 e5 05 b1 56 e6 0b f6 47 de 1e
    89 b6 2b e1 4d df 4a 7e 01 d3 23 dc 97 8c 47 fe
    5f c7 cc 98 46 0e c4 83 5b ca 8a f1 52 09 be 6b
    ec 3f 09 8b d0 93 02 bf e1 51 e7 d1 7e 34 56 19
    74 d0 ff 28 25 de b7 9f 56 52 91 7d 20 29 85 0a
    80 44 5f 71 32 25 71 0f c2 16 e2 5f 6b 1d 3f 32
    5b 0a 3c 74 1c b9 62 f1 ed 07 50 a3 6d b4 b4 31
    0a c0 53 44 6a 3a 88 84 8b 2d a9 b0 37 8e e6 18
    36 bd 9a 20 40 0f 01 92 8b 3d aa 61 e7 ae 2c ed
    36 cd 3a 07 86 74 3a 29 b3 d7 3a b4 00 a9 c2 f5
    92 78 0e e2 0f a3 fe bb be e0 06 53 84 59 1d 90
    69 e5 b6 f9 00 00
<<< TLS 1.3, Handshake [length 0108], CertificateVerify
    0f 00 01 04 08 04 01 00 46 9a b1 ac 4c 74 c6 ed
    da 02 8d f1 fb 83 8c 4c 64 00 63 f9 6f 21 ae 20
    23 27 86 ce 8c 82 9a 95 ba 09 3a 2e ce 78 2d f3
    24 8c 6a 3e 0b 19 c1 a8 bf 51 85 80 63 ea 6f 78
    9a 32 04 9d b3 9e e8 29 49 88 3c f8 62 e4 09 0a
    6f 7a fa 3c 10 e4 28 17 ee 4a 37 51 fc 32 b3 ad
    dd 7d fb 43 00 08 68 1c 51 29 ab 8f 26 4e 37 84
    87 b3 ec 7c 36 58 15 fd 35 1e e4 c5 32 c5 86 6a
    62 47 c0 6d e4 76 95 5a 00 3d 26 29 f7 5f 8c 17
    0f d7 3c f4 bd 20 e8 06 e1 9f a6 d4 28 e5 8c cc
    6f e7 59 8e 33 d6 07 59 bd 62 6a 7f f5 90 b8 77
    74 44 c3 e1 0e db d0 dc 48 64 b9 30 c2 03 be 04
    41 ad cc 00 57 32 e4 cb a3 51 96 ab 58 56 c8 27
    48 84 23 52 8f 42 1f 6d d4 55 f0 b6 ae d3 01 75
    52 df be ba d6 1d cc c8 16 9e 1c 13 89 89 ed 0b
    12 1b cc f1 51 8e 3c 94 4c 94 9d 21 44 2a b6 f0
    6c 47 06 12 99 ac 24 ba
<<< TLS 1.3, Handshake [length 0034], Finished
    14 00 00 30 8e 0a 07 ee 19 97 d4 eb 1f 91 70 28
    7a 56 bb 6f 3f 8d 79 c5 ac 86 47 63 b7 41 66 25
    35 a7 4f 35 aa 43 67 93 ed 92 90 b7 b4 0a 57 81
    b9 1d d9 e7
>>> TLS 1.2, RecordHeader [length 0005]
    17 03 03 00 45
>>> TLS 1.2, InnerContent [length 0001]
    16
>>> TLS 1.3, Handshake [length 0034], Finished
    14 00 00 30 ae d7 ad 94 e5 76 18 d2 d9 04 7f 67
    5f ae a1 15 78 6e 12 69 44 2f 46 8a 0d 65 d9 ad
    82 45 0a 4c f4 62 95 b2 a4 d7 ed 3a aa 4a 9d ec
    04 aa de 86
---
Certificate chain
 0 s:CN=server.example
   i:CN=Root CA
   a:PKEY: RSA, 2048 (bit); sigalg: sha256WithRSAEncryption
   v:NotBefore: Jan 14 22:29:46 2016 GMT; NotAfter: Jan 15 22:29:46 2116 GMT
---
Server certificate
-----BEGIN CERTIFICATE-----
MIIDJTCCAg2gAwIBAgIBAjANBgkqhkiG9w0BAQsFADASMRAwDgYDVQQDDAdSb290
IENBMCAXDTE2MDExNDIyMjk0NloYDzIxMTYwMTE1MjIyOTQ2WjAZMRcwFQYDVQQD
DA5zZXJ2ZXIuZXhhbXBsZTCCASIwDQYJKoZIhvcNAQEBBQADggEPADCCAQoCggEB
ANVdYGrf/GHuSKqMEUhDpW22Ul2qmEmxYZI1sfw6BCUMbXn/tNXJ6VwcO+Crs7h9
o95tveDd11q/FEcRQl6mgtBhwX/dE0bmCYUHDvLU/Bpk0gqtIKsga5bwrczEGVNV
3AEdpLPvirRJU12KBRzx3OFEv8XX4ncZV1yXC3XuiENxD8pswbSyUKd3RmxYDxG/
8XYkWq45QrdRZynh0FUwbxfkkeqt+CjCQ2+iZKn7nZiSYkg+6w1PgkqK/z9y7pa1
rqHBmLrvfZB1bf9aUp6r9cB+0IdD24UHBw99OHr90dPuZR3T6jlqhzfuStPgDW71
cKzCvfFu85KVXqnwoWWVk40CAwEAAaN9MHswHQYDVR0OBBYEFMDnhL/oWSczELBS
T1FSLwbWwHrNMB8GA1UdIwQYMBaAFHB/Lq6DaFmYBCMqzes+F80k3QFJMAkGA1Ud
EwQCMAAwEwYDVR0lBAwwCgYIKwYBBQUHAwEwGQYDVR0RBBIwEIIOc2VydmVyLmV4
YW1wbGUwDQYJKoZIhvcNAQELBQADggEBAHvTBEN1ig8RrsT716Ginv4gGNX0LzGI
RrZ1jO7lm5emuaPNYJpGw0iX5Zdo91qGNXPZaZ75X3S55pQTActq3OPEBOll2pyk
iyjz+Zp/v5cfRZLlBbFW5gv2R94eibYr4U3fSn4B0yPcl4xH/l/HzJhGDsSDW8qK
8VIJvmvsPwmL0JMCv+FR59F+NFYZdND/KCXet59WUpF9ICmFCoBEX3EyJXEPwhbi
X2sdPzJbCjx0HLli8e0HUKNttLQxCsBTRGo6iISLLamwN47mGDa9miBADwGSiz2q
YeeuLO02zToHhnQ6KbPXOrQAqcL1kngO4g+j/ru+4AZThFkdkGnltvk=
-----END CERTIFICATE-----
subject=CN=server.example
issuer=CN=Root CA
---
No client certificate CA names sent
Peer signing digest: SHA256
Peer signature type: rsa_pss_rsae_sha256
Negotiated TLS1.3 group: X25519MLKEM768
---
SSL handshake has read 2480 bytes and written 1702 bytes
Verification error: unable to verify the first certificate
---
New, TLSv1.3, Cipher is TLS_AES_256_GCM_SHA384
Protocol: TLSv1.3
Server public key is 2048 bit
This TLS version forbids renegotiation.
Compression: NONE
Expansion: NONE
No ALPN negotiated
Early data was not sent
Verify return code: 21 (unable to verify the first certificate)
---
>>> TLS 1.2, RecordHeader [length 0005]
    17 03 03 00 13
>>> TLS 1.2, InnerContent [length 0001]
    15
>>> TLS 1.3, Alert [length 0002], warning close_notify
    01 00
Connecting to 127.0.0.1
SSL_connect:before SSL initialization
SSL_connect:SSLv3/TLS write client hello
SSL_connect:SSLv3/TLS write client hello
SSL_connect:SSLv3/TLS read server hello
SSL_connect:SSLv3/TLS write change cipher spec
SSL_connect:SSLv3/TLS write client hello
SSL_connect:SSLv3/TLS write client hello
SSL_connect:SSLv3/TLS read server hello
Can't use SSL_get_servername
SSL_connect:TLSv1.3 read encrypted extensions
depth=0 CN=server.example
verify error:num=20:unable to get local issuer certificate
verify return:1
depth=0 CN=server.example
verify error:num=21:unable to verify the first certificate
verify return:1
depth=0 CN=server.example
verify return:1
SSL_connect:SSLv3/TLS read server certificate
SSL_connect:TLSv1.3 read server certificate verify
SSL_connect:SSLv3/TLS read finished
SSL_connect:SSLv3/TLS write finished
DONE
SSL3 alert write:warning:close notify
