CONNECTED(00000003)
>>> TLS 1.0, RecordHeader [length 0005]
    16 03 01 05 76
>>> TLS 1.3, Handshake [length 0576], ClientHello
    01 00 05 72 03 03 9c 6f 53 d0 4c 66 1e 35 90 70
    82 c7 19 1c 02 f2 28 86 16 03 20 6a 80 57 7e ff
    87 28 6d 65 e4 cb 20 19 83 55 ec 94 12 08 df bb
    0a 67 52 28 80 f8 9f dd 6b 6a 36 ab 9a 03 6d 2d
    ab 54 b0 72 83 4e 3c 00 06 13 02 13 03 13 01 01
    00 05 23 00 0b 00 04 03 00 01 02 00 0a 00 06 00
    04 11 ec 00 1d 00 23 00 00 00 16 00 00 00 17 00
    00 00 0d 00 2a 00 28 09 05 09 06 09 04 04 03 05
    03 06 03 08 07 08 08 08 1a 08 1b 08 1c 08 09 08
    0a 08 0b 08 04 08 05 08 06 04 01 05 01 06 01 00
    2b 00 03 02 03 04 00 2d 00 02 01 01 00 33 04 c6
    04 c4 11 ec 04 c0 86 e7 8f ec 6c ce d0 6b 40 25
    a2 ca 52 40 00 7a b5 79 78 14 16 fe 36 84 44 06
    7c 2a cc 65 f8 0b 5c e2 2c 43 48 3b ae 34 85 b0
    0f 72 bd 09 92 61 16 67 b7 26 d0 8b 53 ca a4 4d
    01 7e 09 45 3a 77 54 1b f9 3a 5c ec e2 93 bc 8b
    ad 02 83 49 77 92 a5 59 65 a2 99 d7 87 e0 61 74
    4d 64 a9 7c f8 55 a6 65 af ec 88 79 06 e8 c6 f4
    d7 c0 0d 3c 68 74 dc 31 69 c0 5e f6 9a 66 47 21
    73 fc 90 b2 72 a7 ad 64 53 82 1d ea 3a 63 19 b4
    dc 12 07 01 c7 9a a1 79 17 c9 17 0c 3c 7c 07 97
    a7 ca cc 44 19 3b 25 94 b6 ac 03 2b bc 22 b7 b2
    41 e3 24 51 b1 30 95 d8 e2 96 a3 6a bd 77 27 41
    94 da 44 b2 f1 45 e4 44 88 ee ca 53 35 cc 92 9b
    d9 16 e3 22 a5 bc aa cc e2 52 9b 03 5c ce ae f2
    41 b5 6a 2a 5c 77 cc d2 d8 1b b3 c7 1f 09 65 09
    d3 d5 54 7c f0 5e 3d 53 a9 7b 4b cb fe 26 c4 dd
    67 2d c6 82 3c 6b 40 2f 07 f8 ad 1f c1 44 7a c0
    4e 69 a7 5f da bc 81 98 d7 5f 89 d5 cd 50 47 c4
    17 25 5b f8 e0 04 c8 40 66 f6 90 8d 35 48 33 1f
    f2 90 2a 1c a8 d2 ca 37 a4 27 1d 60 11 1a 04 4c
    0c 77 ba 7b 2f d4 05 79 49 0b 9a ac 0a e9 03 c2
    be e5 b4 60 80 1a 65 f4 74 e4 f3 b0 fe 18 62 18
    c8 cc b7 d2 49 4c 07 44 0c 81 93 58 e6 74 f4 59
    ac d5 4b 3c 7e d4 66 87 e0 3d ba 34 2a d3 7b 10
    d3 57 c2 17 e6 1b 29 36 47 f0 07 0e e7 c8 a6 bc
    54 11 2a 4c 19 6c 47 20 23 ea bb 87 a9 40 5b 3b
    72 09 f4 71 70 1a 5d a7 7a 32 b3 10 60 e2 66 57
    6b 15 68 63 f6 90 f7 83 3e c9 09 4c 21 7b c0 64
    34 7b 1c aa b5 07 b6 81 d3 99 04 11 35 27 29 47
    20 80 71 cd 84 02 ba 22 ca b0 97 a1 5e 9c 73 04
    2b e5 11 14 a7 67 10 d5 2a 17 7b 95 fa b3 86 8b
    28 3e 05 d6 4e 61 72 6d f0 82 78 77 aa c8 75 3a
    b4 b8 dc be 71 b0 62 5e 40 a0 95 c9 2a 57 e3 99
    66 7c a4 e4 49 2c c3 e9 2f a1 b6 92 4e f4 15 8c
    14 b8 7e 51 5e 1f 6b 1e 16 c0 2f 0b 12 9c 87 06
    b5 51 76 2b bc b2 3b 87 a8 0d 18 79 12 15 13 08
    15 72 19 4e fc 76 36 99 07 94 05 6f 33 1a a7 44
    fa 3d 6a d0 13 79 05 3e 70 34 58 e6 84 8a 57 a0
    01 d7 1c 91 eb 52 6a 56 4b 26 be 23 95 7d 12 c9
    7a 27 57 9d 46 72 ff 55 99 79 6c 48 7e 10 8d 99
    79 93 a8 15 88 c6 8c 87 f5 92 9e f9 43 4e 42 b5
    b2 87 c8 97 3d 90 2a c6 ab 68 54 75 c7 eb 47 aa
    b2 e8 37 48 67 3d 73 29 06 43 78 42 7d 39 3c 02
    bb aa 08 51 c2 d5 4c 78 e4 12 83 38 c3 58 42 b4
    36 23 68 72 c3 00 15 2f 37 0f b4 79 ac 41 16 41
    64 10 78 84 b1 af 58 72 c4 f4 14 32 43 7b 6d 5c
    93 28 6d d9 98 92 87 9e 50 02 53 9b fc 25 d5 08
    4f a1 80 0a c4 69 ab f1 91 5d 86 46 8e df 58 5e
    db c9 6b af 09 63 e3 c9 43 65 a9 96 76 5b 0d 8c
    0b 8c 72 6c 86 ba 1c 3a 4d fb 58 e6 0c cd 3f b7
    22 a9 86 52 04 34 53 67 37 b1 29 f5 bf 48 d0 5b
    1b 4c a5 87 10 3e 25 14 af 44 2a 73 24 e7 b5 d3
    98 51 fd 4c c1 4a f9 c1 c4 0a 1b 25 f5 14 af 64
    ae 77 b7 61 26 d9 9e e5 ca 99 d3 56 76 ae 30 72
    58 46 7c 59 26 66 5d 77 a9 2a 80 6c 09 a1 46 8b
    6a 16 a6 db ca c8 09 74 b1 a0 c5 a4 16 80 d3 07
    1e 6f 07 4e a3 f1 6b 01 a6 ab f2 e3 14 ef 25 50
    7f 8c 9e b8 5a 39 74 bb 57 27 93 72 5a 04 cd 0d
    b3 c3 a4 34 04 16 05 86 17 64 3f 0d 37 b6 1d c7
    65 35 91 45 74 96 a4 ba 6a cf 13 38 09 86 1c 31
    d7 92 77 f9 fa 94 bd d9 89 65 d1 07 bc db 8c 5c
    30 63 8e a1 cc 1d b2 6c 95 30 71 4d 34 ab f0 34
    55 99 98 57 ef a0 72 ad b3 63 b6 dc 75 09 d8 84
    e6 60 b6 33 55 35 2f 42 49 24 38 11 12 4c 58 9e
    14 3b 25 c3 12 14 c2 48 fa 46 ac d2 40 b4 ab 23
    a1 d6 e2 5d 64 12 ac a5 e1 9f 10 16 2c 19 22 5d
    31 47 85 e3 56 3f c9 09 78 41 48 54 95 b8 c6 fd
    3b 12 80 f4 88 1d 43 30 dd fb 83 76 78 0e ed 3a
    43 5d b8 ae 9b 94 4a c8 a6 a3 f0 1c 7c 78 29 76
    34 24 22 fa c9 cd 89 a3 c0 87 98 cf 68 d1 79 0c
    e8 64 62 d9 05 69 02 87 9d 32 82 b5 fb 80 0c 58
    14 19 cc 1b db 00 4d 10 17 9d bb 8b b8 ba 28 39
    ab fc 53 73 b4 05 2d ad da 6d 7c 10 e6 2a 28 be
    3b ba 18 ab 04 11 96 1c bd 35 54 b3 26 6b a7 59
    b4 be 87 4b 9b 78 b1 13 44 8a 8f 6e 37 57 82 a9
    2f 22 ac 1e ac bf 2a 35 f9 6a 75 bd 40 2f 5e bb
    62 f2 28 05 72 71
<<< TLS 1.2, RecordHeader [length 0005]
    16 03 03 04 ba
<<< TLS 1.3, Handshake [length 04ba], ServerHello
    02 00 04 b6 03 03 35 9c c4 d1 fa 5f fd d1 22 e3
    60 07 62 bd f1 65 41 b7 8a 5b f6 b7 00 6b 33 91
    79 ad 24 ba 50 6d 20 19 83 55 ec 94 12 08 df bb
    0a 67 52 28 80 f8 9f dd 6b 6a 36 ab 9a 03 6d 2d
    ab 54 b0 72 83 4e 3c 13 02 00 04 6e 00 2b 00 02
    03 04 00 33 04 64 11 ec 04 60 c7 a5 b6 43 73 e5
    ad 73 a5 e4 ad 72 69 c2 6d f8 e7 ae 4d 3d 63 9a
    41 b3 23 01 ff d8 9e 77 73 1a 60 90 48 50 56 8c
    85 97 2e ec b0 17 65 77 f2 cb 7b db 73 d5 d7 ad
    5f 1e 12 b4 74 6a 8b 04 6b 9c 86 53 6d db 3b 9c
    89 f7 77 7f 8b 94 29 30 06 21 20 4a 41 5c 54 07
    bf 10 52 fb 3d 83 23 c2 57 be 31 25 e9 c8 6b 16
    ca cf 4a ee 9d b7 e8 3c e0 9c df 58 37 07 3a 2f
    72 53 cc b7 b4 2a 4b fc 3e 78 8d 5b be 32 e4 03
    74 2e 74 ce 6a bd 70 0a ae 3a ec 90 69 31 1c 7e
    e6 98 81 f1 5a 65 b0 2e a8 7c e3 f5 f6 ba 75 97
    f4 b2 e9 02 1b 2c df 90 be 05 16 10 a5 15 71 d5
    6b 52 79 b0 ab 64 c4 67 24 d2 fd 20 94 64 81 f5
    4f 58 0c 7a d9 8d 4c a7 3c db 1a 24 3a 91 c0 5f
    c2 69 b9 fb 81 7d 77 ac e5 65 f2 af d1 a6 89 02
    16 ae cd 2d 20 51 c6 38 1a 44 97 b6 45 2b f2 a8
    85 b2 02 8f b5 28 b0 72 50 96 3d 12 14 da bb 8f
    05 8a 35 13 41 48 ae 61 cc 95 44 98 53 01 9f 67
    74 5b 4f da 9a 64 1a 64 76 5f 64 75 e9 e7 31 f8
    81 82 f2 5a 25 8f 4f e7 14 a3 7d a3 d1 d4 c4 c2
    9d ae ce 65 aa 00 e7 2d c9 ca 07 d7 2d 9c d8 2b
    e5 79 47 eb 68 89 70 fb 8a 7e a7 58 55 59 16 76
    f3 ce 25 02 f6 8e 7b d6 1c ce 42 18 58 67 40 00
    f2 39 09 52 34 52 fe c6 38 02 f4 8b ed 87 1d 3f
    d4 f1 a3 f7 9d 48 6d 83 37 14 4b ea 50 27 fd 0b
    22 04 e7 80 f9 30 b2 77 ed 9e 51 bc af 3c 4b f8
    df ca dc c6 21 20 84 8f a8 51 a8 e4 e8 3c c5 af
    d4 80 e0 ff 2a 6e a0 4c e3 75 4e 12 b6 e0 a5 91
    c8 d0 01 36 10 41 09 32 28 70 d7 d6 27 5e ac c5
    e9 59 6f 4b 4f 40 0f 95 90 8a 75 d9 19 d1 fa 9c
    60 c5 09 59 41 ed de 89 8d fd 44 18 da c3 8e ff
    2c 6c a4 1e 5f 44 e8 0a 6c 99 6b 87 ff 66 c9 33
    70 13 26 25 18 61 db 10 04 79 d8 1e ed e5 e8 7d
    f2 b0 50 31 54 9a 81 61 cd 7b d6 a8 81 cb 4c d7
    1d 8b 22 e7 30 ef 17 bb ed c5 4f f0 c9 6d da b2
    b0 99 34 b0 04 68 60 0f 1a 28 5e 56 8d ac 67 ab
    9c 39 6e f6 91 ae 69 1e 9e 99 73 94 3b 25 59 37
    e3 2a 3f 3f 7e 2d be 6a b1 79 c1 34 5a fe fa 18
    64 4f 70 2a 85 e5 54 84 e6 92 85 ea ff 0b ab 11
    1d 08 39 60 51 50 6a dc 28 79 20 8d a1 35 da b4
    d0 dc 5d 20 54 2b 17 3e 36 44 0b 3d cd 9c 22 f6
    81 e9 34 65 1b d1 10 d3 a3 a2 4c 5f 50 41 9b 9e
    87 e2 86 4e 23 dc 43 f4 db 84 eb f6 a2 0f 8e 50
    d4 ac b2 8b 2e 3f 71 db 05 66 d0 cc 1f d3 53 9d
    52 94 82 58 a4 ae c0 38 d4 ae 15 8d 73 ea 73 c7
    e8 cb 2e 41 d0 99 06 9b a7 bc a3 7b aa 33 00 57
    a0 85 da d0 b5 57 71 6e ac 06 09 ca 78 70 9e e7
    fe 81 0f f6 0d 20 7c d4 f2 0c 8c e9 b9 fc 40 1f
    f6 f8 c3 d7 81 7d e7 35 9c c9 04 3d 85 17 40 e8
    27 e7 d0 c5 3c f4 67 eb 18 46 af a8 47 47 a1 48
    e1 d9 74 42 6f 46 a4 a8 87 8d d2 45 b2 2b 9e fe
    8c 0c 5d 08 07 37 98 b5 61 39 86 e7 82 f0 4a 75
    bb 17 02 f9 c8 86 cc f4 a8 f4 f4 ae 5c 02 c9 15
    4e 96 bf 76 04 b7 c8 19 6e 3c 0e 16 c2 ad d6 32
    f4 8b 0a 4a 59 07 3e 7b 2a 71 33 6f e8 ac 08 4c
    35 7e f3 f5 fb d9 aa 08 9c 3d 09 e7 8c d9 9c 95
    96 1f da 0d 51 4b 60 1f 74 ce b1 4b 52 64 55 5e
    9d 6f 73 f3 90 c5 93 14 34 9e ea a2 79 e5 43 6e
    c1 36 c1 fc 32 a9 fa f6 1a d9 48 e1 49 a2 02 2c
    36 0a 7b f0 fa e0 ef 2b 14 57 42 48 0d 6b 8a c9
    b6 a1 bb 9c 4e 21 b8 53 04 9c 49 ed d4 5e 94 26
    eb b0 1c c7 14 a8 e6 ba 89 af bf 0e f1 4b 17 61
    84 1d cd af 60 27 80 c5 31 17 c7 6c 99 94 2a 5d
    bc d7 76 9f 40 8e d5 d6 e6 46 72 60 b3 78 b7 2f
    8c 66 c9 2c 4a 55 2a 57 2b bc c7 c0 f8 13 5d 6b
    36 73 32 be dc e6 28 59 c4 8e 5d 7e 03 60 a4 d4
    8b f2 a4 58 44 73 94 df 9b 65 d7 c7 bb b6 57 86
    79 42 f4 b2 ad dd 30 b9 c5 84 ce 27 51 29 ce b1
    de 59 01 5d a6 dc 8f a8 ae e4 96 63 61 e3 df b1
    be 98 d8 f1 34 ed 9c de 92 75 2b bc 93 ee 06 57
    b3 6e 00 b9 b2 e5 b5 2a 2b 70
<<< TLS 1.2, RecordHeader [length 0005]
    14 03 03 00 01
<<< TLS 1.3, ChangeCipherSpec [length 0001]
    01
<<< TLS 1.2, RecordHeader [length 0005]
    17 03 03 00 17
<<< TLS 1.3, InnerContent [length 0001]
    16
<<< TLS 1.3, Handshake [length 0006], EncryptedExtensions
    08 00 00 02 00 00
<<< TLS 1.2, RecordHeader [length 0005]
    17 03 03 03 47
<<< TLS 1.3, InnerContent [length 0001]
    16
<<< TLS 1.3, Handshake [length 0336], Certificate
    0b 00 03 32 00 00 03 2e 00 03 29 30 82 03 25 30
    82 02 0d a0 03 02 01 02 02 01 02 30 0d 06 09 2a
    86 48 86 f7 0d 01 01 0b 05 00 30 12 31 10 30 0e
    06 03 55 04 03 0c 07 52 6f 6f 74 20 43 41 30 20
    17 0d 31 36 30 31 31 34 32 32 32 39 34 36 5a 18
    0f 32 31 31 36 30 31 31 35 32 32 32 39 34 36 5a
    30 19 31 17 30 15 06 03 55 04 03 0c 0e 73 65 72
    76 65 72 2e 65 78 61 6d 70 6c 65 30 82 01 22 30
    0d 06 09 2a 86 48 86 f7 0d 01 01 01 05 00 03 82
    01 0f 00 30 82 01 0a 02 82 01 01 00 d5 5d 60 6a
    df fc 61 ee 48 aa 8c 11 48 43 a5 6d b6 52 5d aa
    98 49 b1 61 92 35 b1 fc 3a 04 25 0c 6d 79 ff b4
    d5 c9 e9 5c 1c 3b e0 ab b3 b8 7d a3 de 6d bd e0
    dd d7 5a bf 14 47 11 42 5e a6 82 d0 61 c1 7f dd
    13 46 e6 09 85 07 0e f2 d4 fc 1a 64 d2 0a ad 20
    ab 20 6b 96 f0 ad cc c4 19 53 55 dc 01 1d a4 b3
    ef 8a b4 49 53 5d 8a 05 1c f1 dc e1 44 bf c5 d7
    e2 77 19 57 5c 97 0b 75 ee 88 43 71 0f ca 6c c1
    b4 b2 50 a7 77 46 6c 58 0f 11 bf f1 76 24 5a ae
    39 42 b7 51 67 29 e1 d0 55 30 6f 17 e4 91 ea ad
    f8 28 c2 43 6f a2 64 a9 fb 9d 98 92 62 48 3e eb
    0d 4f 82 4a 8a ff 3f 72 ee 96 b5 ae a1 c1 98 ba
    ef 7d 90 75 6d ff 5a 52 9e ab f5 c0 7e d0 87 43
    db 85 07 07 0f 7d 38 7a fd d1 d3 ee 65 1d d3 ea
    39 6a 87 37 ee 4a d3 e0 0d 6e f5 70 ac c2 bd f1
    6e f3 92 95 5e a9 f0 a1 65 95 93 8d 02 03 01 00
    01 a3 7d 30 7b 30 1d 06 03 55 1d 0e 04 16 04 14
    c0 e7 84 bf e8 59 27 33 10 b0 52 4f 51 52 2f 06
    d6 c0 7a cd 30 1f 06 03 55 1d 23 04 18 30 16 80
    14 70 7f 2e ae 83 68 59 98 04 23 2a cd eb 3e 17
    cd 24 dd 01 49 30 09 06 03 55 1d 13 04 02 30 00
    30 13 06 03 55 1d 25 04 0c 30 0a 06 08 2b 06 01
    05 05 07 03 01 30 19 06 03 55 1d 11 04 12 30 10
    82 0e 73 65 72 76 65 72 2e 65 78 61 6d 70 6c 65
    30 0d 06 09 2a 86 48 86 f7 0d 01 01 0b 05 00 03
    82 01 01 00 7b d3 04 43 75 8a 0f 11 ae c4 fb d7
    a1 a2 9e fe 20 18 d5 f4 2f 31 88 46 b6 75 8c ee
    e5 9b 97 a6 b9 a3 cd 60 9a 46 c3 48 97 e5 97 68
    f7 5a 86 35 73 d9 69 9e f9 5f 74 b9 e6 94 13 01
    cb 6a dc e3 c4 04 e9 65 da 9c a4 8b 28 f3 f9 9a
    7f bf 97 1f 45 92 e5 05 b1 56 e6 0b f6 47 de 1e
    89 b6 2b e1 4d df 4a 7e 01 d3 23 dc 97 8c 47 fe
    5f c7 cc 98 46 0e c4 83 5b ca 8a f1 52 09 be 6b
    ec 3f 09 8b d0 93 02 bf e1 51 e7 d1 7e 34 56 19
    74 d0 ff 28 25 de b7 9f 56 52 91 7d 20 29 85 0a
    80 44 5f 71 32 25 71 0f c2 16 e2 5f 6b 1d 3f 32
    5b 0a 3c 74 1c b9 62 f1 ed 07 50 a3 6d b4 b4 31
    0a c0 53 44 6a 3a 88 84 8b 2d a9 b0 37 8e e6 18
    36 bd 9a 20 40 0f 01 92 8b 3d aa 61 e7 ae 2c ed
    36 cd 3a 07 86 74 3a 29 b3 d7 3a b4 00 a9 c2 f5
    92 78 0e e2 0f a3 fe bb be e0 06 53 84 59 1d 90
    69 e5 b6 f9 00 00
<<< TLS 1.2, RecordHeader [length 0005]
    17 03 03 01 19
<<< TLS 1.3, InnerContent [length 0001]
    16
<<< TLS 1.3, Handshake [length 0108], CertificateVerify
    0f 00 01 04 08 04 01 00 b0 13 59 60 07 bf 73 46
    db e9 d5 fa e1 73 7a d7 79 bd b9 6b 35 ec 56 05
    47 ff 7a fb cb da 48 47 9d 18 61 f3 1d ea ae 45
    d0 9c 3b e6 69 51 36 a6 6b 51 f2 7f 51 d5 87 5f
    8b 37 d6 60 07 41 11 40 37 d2 fd 0a 25 aa 14 f6
    1f ec db ad 91 66 57 7e 3c c6 b2 87 5b c0 29 d4
    a9 28 74 b5 d2 42 35 74 2d ba 5e b7 65 90 7a ff
    33 e7 a8 63 85 a3 c6 87 c4 b2 c3 da 75 fd ac ba
    16 42 ce 3b 28 19 4e 4f dc 32 77 dc 87 34 b4 b6
    7e 1a 3d 93 47 79 13 6e 29 1b 8b ac 98 73 25 10
    b4 01 da e3 c5 4d 4e 0f d2 bf fd 0d 7e 5b db d6
    ec f7 0e d3 3c 5e 8b df dc dc 6c 97 2f 16 91 26
    5b b1 67 60 a7 b2 40 40 4f f7 2e de a7 ba 3d 06
    61 83 e5 2a 82 4e 82 df d8 6b ee 2d 7c df 48 94
    41 8a a7 82 7d de 71 a4 d6 83 b4 9c 49 82 01 f2
    a4 34 d9 b2 d5 72 1e fa 1c dc 59 51 fd b8 11 a6
    2c 24 34 44 5a 7d f0 fa
<<< TLS 1.2, RecordHeader [length 0005]
    17 03 03 00 45
<<< TLS 1.3, InnerContent [length 0001]
    16
<<< TLS 1.3, Handshake [length 0034], Finished
    14 00 00 30 d7 47 ae 5a 20 a2 e1 40 e8 fc b6 79
    36 27 2a 4d b6 85 a0 ad c0 67 fd 0a 99 c8 5f 30
    a0 c1 f3 33 67 45 fb f6 9a a1 98 b9 50 2a c0 dd
    d9 69 7d 90
>>> TLS 1.2, RecordHeader [length 0005]
    14 03 03 00 01
>>> TLS 1.3, ChangeCipherSpec [length 0001]
    01
>>> TLS 1.2, RecordHeader [length 0005]
    17 03 03 00 45
>>> TLS 1.2, InnerContent [length 0001]
    16
>>> TLS 1.3, Handshake [length 0034], Finished
    14 00 00 30 85 d8 b9 5c eb 81 13 f6 1a b5 7c 15
    59 08 a4 11 16 c6 95 61 03 0b 37 af 5e 4b 57 8f
    76 08 db 2e 81 c0 e6 d2 51 bc 0c 2b c7 6b ea 61
    5c d9 06 98
---
Certificate chain
 0 s:CN=server.example
   i:CN=Root CA
   a:PKEY: RSA, 2048 (bit); sigalg: sha256WithRSAEncryption
   v:NotBefore: Jan 14 22:29:46 2016 GMT; NotAfter: Jan 15 22:29:46 2116 GMT
---
Server certificate
-----BEGIN CERTIFICATE-----
MIIDJTCCAg2gAwIBAgIBAjANBgkqhkiG9w0BAQsFADASMRAwDgYDVQQDDAdSb290
IENBMCAXDTE2MDExNDIyMjk0NloYDzIxMTYwMTE1MjIyOTQ2WjAZMRcwFQYDVQQD
DA5zZXJ2ZXIuZXhhbXBsZTCCASIwDQYJKoZIhvcNAQEBBQADggEPADCCAQoCggEB
ANVdYGrf/GHuSKqMEUhDpW22Ul2qmEmxYZI1sfw6BCUMbXn/tNXJ6VwcO+Crs7h9
o95tveDd11q/FEcRQl6mgtBhwX/dE0bmCYUHDvLU/Bpk0gqtIKsga5bwrczEGVNV
3AEdpLPvirRJU12KBRzx3OFEv8XX4ncZV1yXC3XuiENxD8pswbSyUKd3RmxYDxG/
8XYkWq45QrdRZynh0FUwbxfkkeqt+CjCQ2+iZKn7nZiSYkg+6w1PgkqK/z9y7pa1
rqHBmLrvfZB1bf9aUp6r9cB+0IdD24UHBw99OHr90dPuZR3T6jlqhzfuStPgDW71
cKzCvfFu85KVXqnwoWWVk40CAwEAAaN9MHswHQYDVR0OBBYEFMDnhL/oWSczELBS
T1FSLwbWwHrNMB8GA1UdIwQYMBaAFHB/Lq6DaFmYBCMqzes+F80k3QFJMAkGA1Ud
EwQCMAAwEwYDVR0lBAwwCgYIKwYBBQUHAwEwGQYDVR0RBBIwEIIOc2VydmVyLmV4
YW1wbGUwDQYJKoZIhvcNAQELBQADggEBAHvTBEN1ig8RrsT716Ginv4gGNX0LzGI
RrZ1jO7lm5emuaPNYJpGw0iX5Zdo91qGNXPZaZ75X3S55pQTActq3OPEBOll2pyk
iyjz+Zp/v5cfRZLlBbFW5gv2R94eibYr4U3fSn4B0yPcl4xH/l/HzJhGDsSDW8qK
8VIJvmvsPwmL0JMCv+FR59F+NFYZdND/KCXet59WUpF9ICmFCoBEX3EyJXEPwhbi
X2sdPzJbCjx0HLli8e0HUKNttLQxCsBTRGo6iISLLamwN47mGDa9miBADwGSiz2q
YeeuLO02zToHhnQ6KbPXOrQAqcL1kngO4g+j/ru+4AZThFkdkGnltvk=
-----END CERTIFICATE-----
subject=CN=server.example
issuer=CN=Root CA
---
No client certificate CA names sent
Peer signing digest: SHA256
Peer signature type: rsa_pss_rsae_sha256
Negotiated TLS1.3 group: X25519MLKEM768
---
SSL handshake has read 2453 bytes and written 1483 bytes
Verification error: unable to verify the first certificate
---
New, TLSv1.3, Cipher is TLS_AES_256_GCM_SHA384
Protocol: TLSv1.3
Server public key is 2048 bit
This TLS version forbids renegotiation.
Compression: NONE
Expansion: NONE
No ALPN negotiated
Early data was not sent
Verify return code: 21 (unable to verify the first certificate)
---
>>> TLS 1.2, RecordHeader [length 0005]
    17 03 03 00 13
>>> TLS 1.2, InnerContent [length 0001]
    15
>>> TLS 1.3, Alert [length 0002], warning close_notify
    01 00
Connecting to 127.0.0.1
SSL_connect:before SSL initialization
SSL_connect:SSLv3/TLS write client hello
SSL_connect:SSLv3/TLS write client hello
SSL_connect:SSLv3/TLS read server hello
Can't use SSL_get_servername
SSL_connect:TLSv1.3 read encrypted extensions
depth=0 CN=server.example
verify error:num=20:unable to get local issuer certificate
verify return:1
depth=0 CN=server.example
verify error:num=21:unable to verify the first certificate
verify return:1
depth=0 CN=server.example
verify return:1
SSL_connect:SSLv3/TLS read server certificate
SSL_connect:TLSv1.3 read server certificate verify
SSL_connect:SSLv3/TLS read finished
SSL_connect:SSLv3/TLS write change cipher spec
SSL_connect:SSLv3/TLS write finished
DONE
SSL3 alert write:warning:close notify
