CONNECTED(00000003)
>>> TLS 1.0, RecordHeader [length 0005]
    16 03 01 05 76
>>> TLS 1.3, Handshake [length 0576], ClientHello
    01 00 05 72 03 03 01 85 2e 47 bf e2 06 06 c0 78
    14 2d c8 95 13 c2 31 8c 56 18 b6 6c 68 88 61 37
    53 1b 14 8c 28 ed 20 c1 69 b3 48 f8 9f 8f 5c 7c
    0a da ad 17 d9 f7 1f df d2 75 92 50 5f 14 b2 6a
    93 d9 4c a7 d4 c6 7a 00 06 13 02 13 03 13 01 01
    00 05 23 00 0b 00 04 03 00 01 02 00 0a 00 06 00
    04 11 ec 00 1d 00 23 00 00 00 16 00 00 00 17 00
    00 00 0d 00 2a 00 28 09 05 09 06 09 04 04 03 05
    03 06 03 08 07 08 08 08 1a 08 1b 08 1c 08 09 08
    0a 08 0b 08 04 08 05 08 06 04 01 05 01 06 01 00
    2b 00 03 02 03 04 00 2d 00 02 01 01 00 33 04 c6
    04 c4 11 ec 04 c0 0f 8c ad f3 d1 57 33 c6 12 c0
    08 1f 63 d1 89 6c a5 14 53 6a 3b c1 a2 41 33 e2
    07 5e 38 4c 21 86 20 53 39 52 db 6c a3 c0 50 ab
    20 53 48 e2 0c 92 52 3b a4 6c 02 03 92 a3 72 56
    c9 99 81 60 06 7a 48 c0 4b 98 4c 3c 6b 48 25 08
    b3 7f 2a 84 29 06 96 7e d4 6f 60 ca cd 10 84 38
    a1 40 37 3d d4 5f be 5a be b3 e1 8b 69 d2 c1 b4
    50 68 b8 56 4a 56 ba 1f 8e 84 1d 71 83 8a c6 40
    47 ba 58 6e 56 81 35 2f 49 8e f5 42 2a 71 15 c4
    38 20 0e 31 21 cd 16 99 1a 59 b5 02 16 98 4e 74
    44 70 2e 15 3e 15 63 a7 78 d6 29 68 5c 6a ae 52
    65 ad b6 54 75 58 bc 31 e8 a9 45 67 4b d9 83 03
    90 fc b0 a4 54 7e 13 17 58 22 f4 0d 14 d7 b2 75
    43 20 36 b7 9a 61 11 14 54 90 1d 38 03 ac df c0
    86 56 bb 5b 44 db 6e 30 a7 8b 5a e6 81 94 15 be
    01 78 a1 24 10 21 d1 55 c4 91 e2 4d 84 88 4c 52
    80 92 96 59 99 da 7a 93 bf 6b 40 42 e5 22 42 6c
    81 38 86 1a 52 03 be c9 03 9c 80 d4 17 08 84 3c
    db 4b 87 cb b2 42 9c 5b 06 e0 73 1f 71 29 89 b7
    5c 21 f3 83 17 ed 90 a5 6e 70 05 40 98 b9 74 00
    88 d5 56 06 ad fb 8c 52 b8 7d b4 d5 88 5d f8 2f
    90 21 21 46 93 38 7f 95 54 8f 53 7c be 52 54 3a
    7c 79 eb 08 ae 04 c5 5f b0 78 b9 6f 59 83 07 59
    69 fe b1 bd d1 b6 11 d5 24 62 84 a1 58 6d c4 68
    9a 33 61 2f cb 80 0d 38 c1 08 da 5e 0f 07 c0 0a
    29 34 c8 d7 c8 3a 06 a5 d5 85 7e af e1 89 5f 65
    ce 1b 0b 3b 87 ea 88 bc b0 26 40 07 21 e5 72 71
    fe 2b b9 c0 39 31 e1 f0 5f b6 a1 34 04 d7 a0 1c
    4a 91 55 a7 cc a8 f9 91 4b f1 37 db 0b 5d 8d db
    c6 74 37 3d 6a f5 4d 2c e7 71 93 6c c4 b2 e1 08
    15 59 46 48 14 57 a7 71 27 b4 21 a2 a5 e4 36 39
    98 25 88 61 a6 67 61 3c ec b4 74 d4 b5 2e 1b a1
    b2 dc 1b 59 c2 c2 af 7e 08 38 a6 81 58 53 21 c8
    59 39 04 94 d7 c2 2e 36 c9 46 7a ba eb a3 6f 95
    88 10 34 c5 7b ba 75 02 7a 34 c7 67 b5 a2 7e 63
    b3 e5 83 62 1b 1a b8 ed 34 42 44 d8 21 93 51 17
    c9 e1 ce 19 e5 61 93 6b 54 14 5c 45 f0 08 9c fa
    39 cb 1c 35 2b d6 43 21 e3 5a 67 ac 20 91 2c 33
    0e 54 a2 09 c2 04 b3 61 f9 a4 ca a9 86 2f ac b6
    53 d7 26 29 aa b5 87 3b 0b 59 24 40 95 c1 bd d4
    5a b2 c2 55 57 2d 2c bd 83 d8 01 f1 47 08 5b d3
    15 cd 35 b2 6c 2a bf 01 84 13 aa 5c 31 90 95 29
    99 34 31 0a b2 1a 33 81 87 71 54 37 0d a2 3b d3
    e4 7e ee 40 b7 cf 18 27 de b0 b7 e3 fa 40 c5 da
    1d e7 19 55 59 d9 1f 81 11 ae d6 bb 55 dd 44 25
    30 d0 2b 4c 82 6e 9d 20 18 c2 57 a4 97 38 75 6c
    84 6f 91 d3 77 ee 45 6e 61 b5 ae 8c e4 85 e6 48
    0c 49 88 52 e7 90 a4 00 4d 54 47 71 a9 16 40 34
    78 ec 67 19 05 9e 8a 8a 69 98 a2 ad f3 eb 41 39
    3c 4e 58 83 c8 0d 74 6b 1b 60 0e e2 c6 4f c3 f1
    cc 9e 45 5d 3f 22 3a 81 bc 61 cd 34 77 b8 b3 6b
    84 98 49 cd 9c 97 ce 3b b8 0d 35 49 d8 e0 41 80
    30 02 09 f5 5d cd 61 50 6e 5a 35 cc 22 be b6 1b
    78 4b cb 9d 78 a6 77 13 d5 ce 8c 79 4a 67 e1 3c
    14 5a 49 20 c1 16 97 00 64 b6 d9 7f 91 36 8c cb
    bc 77 fc f6 21 aa 15 3a 27 20 4a b8 26 bb b6 7b
    bf e4 34 cd 88 c7 2d 8e 73 60 54 2b 9a f5 d9 26
    b4 22 9a 30 a2 92 3f 28 b1 0b 7c 25 40 69 a7 a2
    e8 05 39 c0 18 ee 3b c4 58 49 12 32 19 95 f6 a1
    64 f2 b5 6b 63 05 aa cf e9 51 b5 30 3d ba 23 0f
    e3 dc 08 bf fb 7a 2d 20 48 43 80 c9 3d 4b 98 da
    6a 7a 19 d0 9a cd cb 5d 50 3b bf 28 86 8c cb 2a
    71 04 e3 21 91 01 02 25 60 74 09 7b 70 c6 74 3f
    06 9a 89 8d 85 17 46 83 6f 13 55 2e 56 ab 87 cc
    69 23 1a 01 bf 32 70 9c c1 f2 a2 8e 86 42 05 c0
    cb 2a e4 45 63 b5 11 8f 13 cb a5 71 c3 76 45 bf
    1b 16 59 ed 2b 2c c1 f1 04 87 14 6e 90 64 c7 9f
    84 66 46 c4 98 ca 80 72 03 54 85 f5 e8 a5 ba c6
    b2 6d e9 ad 27 56 1a 1e 6b 6b bf 9c 1e 90 a7 00
    ad 22 87 f1 54 78 4b b9 38 d2 c4 cd b7 c8 95 cc
    bb bd af 0a 10 86 ba b8 6b 2a 11 b2 35 35 4e 17
    c1 26 1c 3a 29 8c 7b 5b d5 a4 81 e1 91 eb e4 15
    7d c5 34 e2 0c 9a 5e b1 3b bd 34 5d d8 8d d2 18
    e0 06 83 52 aa 1f 92 50 b2 51 cb cc 7a cf 8c 10
    f3 bf 0e ad 33 e9 2b 26 7e 49 d6 b3 8f 78 f3 54
    87 95 9f fc 2f 80 7f 4a fe 4c 1b 4b eb b3 3a 85
    a6 6c d8 a6 e1 3a
<<< TLS 1.2, RecordHeader [length 0005]
    16 03 03 04 ba
<<< TLS 1.3, Handshake [length 04ba], ServerHello
    02 00 04 b6 03 03 0e fe 85 74 75 22 03 73 ab 84
    90 7d 5b 57 ad 54 bb a1 e7 37 49 94 80 08 3a 2d
    3a 54 b9 b8 03 74 20 c1 69 b3 48 f8 9f 8f 5c 7c
    0a da ad 17 d9 f7 1f df d2 75 92 50 5f 14 b2 6a
    93 d9 4c a7 d4 c6 7a 13 02 00 04 6e 00 33 04 64
    11 ec 04 60 b0 7d 95 32 14 a2 eb 56 6c c5 e9 dc
    ef 0f 29 9b dc 3b 77 bb 3b 6f 43 83 b1 0c 9d 00
    34 83 61 45 9b 88 d6 15 56 f5 ba 91 94 e5 e3 07
    72 03 f3 c6 59 9f 20 e6 b5 b8 f3 b2 15 c8 12 3e
    e5 37 0c 2f 88 39 a7 2b 05 76 71 b0 76 ad f6 f2
    52 a1 40 b0 1d b3 c2 b2 6f c2 5b 68 f1 bb d1 07
    9e e2 e0 f1 61 3b 6b c1 ed 64 e3 7e 2e 96 1e d3
    ca aa 62 a9 38 c8 76 a2 aa 0e 4f af 89 5f eb e8
    cf c7 c7 1f 77 4f 4e ba 34 a9 47 a9 5d fc de 7c
    30 80 0a 5f ba 61 5e 1f d7 dd f0 8e 3c 8e 97 b2
    ae a9 28 9b 02 4e 2d de a9 42 e6 9c eb bc e1 c0
    b9 3e 32 aa 80 1e 25 96 0a b5 6c 8a 1a de 6b c9
    b8 e6 32 19 b1 42 95 b8 29 40 96 0b 14 de f0 ea
    45 1e 53 a6 b8 da 37 00 e0 65 f0 ca c7 32 58 0b
    7e 06 ba 73 fc 10 0f 8d 18 62 c2 d8 31 c0 25 c1
    b2 8f 30 48 5a f0 c9 fa 09 91 90 7a 75 16 2d 9a
    88 47 95 52 86 69 6b bc d1 99 91 68 af 9a ec fa
    c0 70 88 8c 0e e5 01 c8 23 02 49 f4 3e 06 35 c6
    b7 11 61 34 20 63 cf cb e6 aa ba e4 4a a9 04 14
    b2 be ed e2 83 b6 94 50 b9 16 e2 ee 68 c4 a9 63
    13 8f ed 22 7b bf 92 fe f9 52 25 9d 83 3f 5f 9f
    ba 2a 13 b2 cf 9c 10 9a 49 dd cb 3e ae e8 a3 3e
    32 98 71 11 bb 9e 9a c5 51 0f ed 8f 48 a3 36 7b
    22 ef de df c3 db 85 a6 3a aa 2c bb 71 5f e3 3a
    45 f3 6b 9f f7 4d 75 cf 8d 9a bc c4 12 ba 68 2b
    67 d3 e9 51 15 a2 d9 3c a2 06 11 36 89 fb 30 cd
    c4 e6 d2 b0 57 0e f2 79 21 14 bd a7 0c 31 1a d1
    4d e4 3d 03 9d 96 5a a3 6a d0 12 03 37 4f a4 d6
    90 4b 10 9e 38 04 ff 15 eb 2b 24 d3 69 45 a6 d1
    51 25 80 0c 99 c2 56 27 cd b6 e5 20 24 53 4f 56
    0c 2a 33 33 7d d0 2a bf 35 50 32 90 53 ad 5c c0
    fd 3e 0a 0a d0 44 30 f7 71 1c b5 0e 5c 3f 60 19
    e1 81 fa 4d 88 39 8d d9 2e 47 98 6f d1 43 cf 5d
    e4 e5 e5 94 2d 68 2f 98 1d 51 a5 ec 4e cb 93 b1
    c6 6d 93 5d 2e 94 c0 98 3a fc 82 34 70 78 4b e2
    86 52 cd f2 4e 80 75 cf 0b 8f 89 6a c2 2b af f0
    38 ba 53 f0 7b f1 11 3c 2d ee 79 3a 79 cb 49 f7
    ef 15 31 d2 35 20 78 02 03 76 ab 37 d8 7c 4e e7
    b1 1b ba a0 7f 7c 85 0c 1f 09 c1 7e bb e8 5c ce
    4e 00 7f 1b be 26 f8 d8 c3 05 34 29 ae 54 3f 3f
    07 ee c3 98 cc 5b 27 03 d6 d1 68 26 c3 43 92 1a
    c5 58 e6 60 18 5e 74 36 0e dd 8c 80 0d 96 b5 82
    d3 f1 5f 23 7d 2e c8 ae d1 46 d0 af 96 f9 c1 d5
    9c 6a 1e 67 cf d1 ef fb ed 8b 71 c7 85 a8 f9 43
    77 da 21 d8 8e 33 e9 87 9c f1 5c 07 29 bd cd 82
    0b 2e 18 11 7e 85 15 9e 21 32 f8 b3 35 c0 d9 4a
    dc f1 b5 fd 78 f7 2f 49 e0 01 aa 5b 2a 5c 9c 67
    0e 9c 63 0c 3e e5 dd 6e 17 93 27 00 ad 0f 03 68
    70 7c 2e f7 07 b0 f7 5d 2c 84 d0 aa 5d 32 42 64
    39 ab a1 00 b9 28 f2 3e 99 d6 0c 34 dd ed 43 4b
    eb 88 e1 43 86 ff 13 f4 88 57 87 77 b2 c5 33 e8
    87 8c 9a c6 7a 54 f7 52 c1 4c 58 b4 76 74 1f 83
    4a b1 1d 73 d0 fd 56 c7 12 df 84 2e ca 4e 6b 83
    48 2a d9 da 67 2b 2b 07 2f d2 a0 69 0d cb 00 fd
    98 dd f9 20 2b f7 df f8 ce c3 1c f6 9a 09 4d 69
    18 ed 5c ed 2f 58 5c 3c 04 24 b0 b5 e8 54 e3 d0
    fc f1 a1 f7 4b e8 e0 b6 7c c9 c1 03 ab 38 b3 9b
    96 56 97 e9 d9 74 c4 b3 ae 6d 55 7f 1c 96 c1 89
    47 7e 49 1b 91 6c cb 44 82 a0 a0 df 31 4e e0 93
    2b 61 54 a7 05 f3 95 72 ca 3a 81 08 38 f8 cc 51
    4d 8d 32 4f d7 a5 78 ec b0 4d 2f 4a 86 42 11 84
    ed 17 70 fe 8f b4 33 d6 a6 73 79 e6 cf b6 d2 9a
    c2 28 8d 9d 3c 0a ff d3 1c 9a 7a e1 9c 0b 2f 9b
    4c 1c ce 89 0c c1 15 14 a4 f8 0f 63 bf 76 65 15
    ed 8e 7c a3 78 85 b5 05 b2 a7 7d 82 bd 4a 0e 60
    1a e5 a7 8e 17 3e 29 a5 a8 ef d4 7b a2 ae ab 88
    7a a7 18 55 62 82 1a c5 a9 60 92 57 7f 32 aa b7
    05 61 2e 04 6e 9c 69 4f 5b 9a 18 28 b7 98 d9 cd
    62 c8 ca 2b b9 90 6a 88 65 85 46 ca 5e 6e 5b 4f
    9b e0 b4 71 cb ec 33 c8 00 e4 53 a7 b8 ae d9 7a
    18 1a 28 26 00 2b 00 02 03 04
<<< TLS 1.2, RecordHeader [length 0005]
    14 03 03 00 01
<<< TLS 1.3, ChangeCipherSpec [length 0001]
    01
<<< TLS 1.2, RecordHeader [length 0005]
    17 03 03 04 89
<<< TLS 1.3, InnerContent [length 0001]
    16
<<< TLS 1.3, Handshake [length 0006], EncryptedExtensions
    08 00 00 02 00 00
<<< TLS 1.3, Handshake [length 0336], Certificate
    0b 00 03 32 00 00 03 2e 00 03 29 30 82 03 25 30
    82 02 0d a0 03 02 01 02 02 01 02 30 0d 06 09 2a
    86 48 86 f7 0d 01 01 0b 05 00 30 12 31 10 30 0e
    06 03 55 04 03 0c 07 52 6f 6f 74 20 43 41 30 20
    17 0d 31 36 30 31 31 34 32 32 32 39 34 36 5a 18
    0f 32 31 31 36 30 31 31 35 32 32 32 39 34 36 5a
    30 19 31 17 30 15 06 03 55 04 03 0c 0e 73 65 72
    76 65 72 2e 65 78 61 6d 70 6c 65 30 82 01 22 30
    0d 06 09 2a 86 48 86 f7 0d 01 01 01 05 00 03 82
    01 0f 00 30 82 01 0a 02 82 01 01 00 d5 5d 60 6a
    df fc 61 ee 48 aa 8c 11 48 43 a5 6d b6 52 5d aa
    98 49 b1 61 92 35 b1 fc 3a 04 25 0c 6d 79 ff b4
    d5 c9 e9 5c 1c 3b e0 ab b3 b8 7d a3 de 6d bd e0
    dd d7 5a bf 14 47 11 42 5e a6 82 d0 61 c1 7f dd
    13 46 e6 09 85 07 0e f2 d4 fc 1a 64 d2 0a ad 20
    ab 20 6b 96 f0 ad cc c4 19 53 55 dc 01 1d a4 b3
    ef 8a b4 49 53 5d 8a 05 1c f1 dc e1 44 bf c5 d7
    e2 77 19 57 5c 97 0b 75 ee 88 43 71 0f ca 6c c1
    b4 b2 50 a7 77 46 6c 58 0f 11 bf f1 76 24 5a ae
    39 42 b7 51 67 29 e1 d0 55 30 6f 17 e4 91 ea ad
    f8 28 c2 43 6f a2 64 a9 fb 9d 98 92 62 48 3e eb
    0d 4f 82 4a 8a ff 3f 72 ee 96 b5 ae a1 c1 98 ba
    ef 7d 90 75 6d ff 5a 52 9e ab f5 c0 7e d0 87 43
    db 85 07 07 0f 7d 38 7a fd d1 d3 ee 65 1d d3 ea
    39 6a 87 37 ee 4a d3 e0 0d 6e f5 70 ac c2 bd f1
    6e f3 92 95 5e a9 f0 a1 65 95 93 8d 02 03 01 00
    01 a3 7d 30 7b 30 1d 06 03 55 1d 0e 04 16 04 14
    c0 e7 84 bf e8 59 27 33 10 b0 52 4f 51 52 2f 06
    d6 c0 7a cd 30 1f 06 03 55 1d 23 04 18 30 16 80
    14 70 7f 2e ae 83 68 59 98 04 23 2a cd eb 3e 17
    cd 24 dd 01 49 30 09 06 03 55 1d 13 04 02 30 00
    30 13 06 03 55 1d 25 04 0c 30 0a 06 08 2b 06 01
    05 05 07 03 01 30 19 06 03 55 1d 11 04 12 30 10
    82 0e 73 65 72 76 65 72 2e 65 78 61 6d 70 6c 65
    30 0d 06 09 2a 86 48 86 f7 0d 01 01 0b 05 00 03
    82 01 01 00 7b d3 04 43 75 8a 0f 11 ae c4 fb d7
    a1 a2 9e fe 20 18 d5 f4 2f 31 88 46 b6 75 8c ee
    e5 9b 97 a6 b9 a3 cd 60 9a 46 c3 48 97 e5 97 68
    f7 5a 86 35 73 d9 69 9e f9 5f 74 b9 e6 94 13 01
    cb 6a dc e3 c4 04 e9 65 da 9c a4 8b 28 f3 f9 9a
    7f bf 97 1f 45 92 e5 05 b1 56 e6 0b f6 47 de 1e
    89 b6 2b e1 4d df 4a 7e 01 d3 23 dc 97 8c 47 fe
    5f c7 cc 98 46 0e c4 83 5b ca 8a f1 52 09 be 6b
    ec 3f 09 8b d0 93 02 bf e1 51 e7 d1 7e 34 56 19
    74 d0 ff 28 25 de b7 9f 56 52 91 7d 20 29 85 0a
    80 44 5f 71 32 25 71 0f c2 16 e2 5f 6b 1d 3f 32
    5b 0a 3c 74 1c b9 62 f1 ed 07 50 a3 6d b4 b4 31
    0a c0 53 44 6a 3a 88 84 8b 2d a9 b0 37 8e e6 18
    36 bd 9a 20 40 0f 01 92 8b 3d aa 61 e7 ae 2c ed
    36 cd 3a 07 86 74 3a 29 b3 d7 3a b4 00 a9 c2 f5
    92 78 0e e2 0f a3 fe bb be e0 06 53 84 59 1d 90
    69 e5 b6 f9 00 00
<<< TLS 1.3, Handshake [length 0108], CertificateVerify
    0f 00 01 04 08 04 01 00 6d f3 7f 8f 3f ce 26 64
    c9 fb 45 73 f5 54 b7 a4 b1 9d e3 90 a0 c5 1c df
    e3 01 a4 bf a2 6b e9 d1 e1 71 58 48 4d cb bd c0
    79 24 17 e6 c7 83 89 be 8c 91 8c df 9b 62 a7 89
    fb 0a c0 cc e8 5a cb 97 44 bd 26 fe 47 9c 9d d9
    80 1b bf 93 79 30 f5 a5 3c 42 57 6a b9 72 99 c2
    c9 46 10 77 2e 74 23 15 c6 58 1c 12 f3 b8 aa c0
    3e 2b c4 28 84 e7 5d 58 d2 18 dd 03 4f b2 1b 5a
    87 fe cc 88 94 10 7f 95 b6 55 f1 09 b3 1e a1 ed
    a9 c1 72 bd 70 f2 ad 89 4a 49 92 0f 34 1a b6 6c
    86 91 cc 9b bf 4b 15 4f 36 04 ce 5e bf 3a 91 55
    bf 6d 11 ba 48 e8 04 ba 5b 09 d6 7c e8 1f 35 87
    97 f8 a0 9f 4c 57 d4 33 6f 59 c1 10 29 e4 1a d8
    06 da 8a 81 35 2e b7 84 8b b4 7b 5c 20 f3 de 17
    71 9c 9e 76 1c 19 48 de 02 91 20 a8 a6 8c 17 29
    b4 4c 4c d2 f1 66 41 70 d0 73 57 72 3a 3e ed 04
    bc 38 50 1e 1c 86 e7 4b
<<< TLS 1.3, Handshake [length 0034], Finished
    14 00 00 30 3c a8 fb f0 26 fc 5a 51 96 7e 71 9d
    aa 66 e4 d8 a4 54 48 11 4c 48 3f 85 c1 50 6e df
    90 8f d9 21 90 62 38 2a a3 fa c5 ef 36 33 51 c3
    53 a5 5e 7d
>>> TLS 1.2, RecordHeader [length 0005]
    14 03 03 00 01
>>> TLS 1.3, ChangeCipherSpec [length 0001]
    01
>>> TLS 1.2, RecordHeader [length 0005]
    17 03 03 00 45
>>> TLS 1.2, InnerContent [length 0001]
    16
>>> TLS 1.3, Handshake [length 0034], Finished
    14 00 00 30 27 60 ef 6c 14 8e 1e ac b9 f7 3a 54
    b7 9d ed 24 90 45 f2 cf 37 0c db 77 f5 c9 ad d7
    3c e2 e1 c8 60 b2 25 2c ad f6 7e 2e 7a 63 8d f6
    9c d4 f5 c9
---
Certificate chain
 0 s:CN=server.example
   i:CN=Root CA
   a:PKEY: RSA, 2048 (bit); sigalg: sha256WithRSAEncryption
   v:NotBefore: Jan 14 22:29:46 2016 GMT; NotAfter: Jan 15 22:29:46 2116 GMT
---
Server certificate
-----BEGIN CERTIFICATE-----
MIIDJTCCAg2gAwIBAgIBAjANBgkqhkiG9w0BAQsFADASMRAwDgYDVQQDDAdSb290
IENBMCAXDTE2MDExNDIyMjk0NloYDzIxMTYwMTE1MjIyOTQ2WjAZMRcwFQYDVQQD
DA5zZXJ2ZXIuZXhhbXBsZTCCASIwDQYJKoZIhvcNAQEBBQADggEPADCCAQoCggEB
ANVdYGrf/GHuSKqMEUhDpW22Ul2qmEmxYZI1sfw6BCUMbXn/tNXJ6VwcO+Crs7h9
o95tveDd11q/FEcRQl6mgtBhwX/dE0bmCYUHDvLU/Bpk0gqtIKsga5bwrczEGVNV
3AEdpLPvirRJU12KBRzx3OFEv8XX4ncZV1yXC3XuiENxD8pswbSyUKd3RmxYDxG/
8XYkWq45QrdRZynh0FUwbxfkkeqt+CjCQ2+iZKn7nZiSYkg+6w1PgkqK/z9y7pa1
rqHBmLrvfZB1bf9aUp6r9cB+0IdD24UHBw99OHr90dPuZR3T6jlqhzfuStPgDW71
cKzCvfFu85KVXqnwoWWVk40CAwEAAaN9MHswHQYDVR0OBBYEFMDnhL/oWSczELBS
T1FSLwbWwHrNMB8GA1UdIwQYMBaAFHB/Lq6DaFmYBCMqzes+F80k3QFJMAkGA1Ud
EwQCMAAwEwYDVR0lBAwwCgYIKwYBBQUHAwEwGQYDVR0RBBIwEIIOc2VydmVyLmV4
YW1wbGUwDQYJKoZIhvcNAQELBQADggEBAHvTBEN1ig8RrsT716Ginv4gGNX0LzGI
RrZ1jO7lm5emuaPNYJpGw0iX5Zdo91qGNXPZaZ75X3S55pQTActq3OPEBOll2pyk
iyjz+Zp/v5cfRZLlBbFW5gv2R94eibYr4U3fSn4B0yPcl4xH/l/HzJhGDsSDW8qK
8VIJvmvsPwmL0JMCv+FR59F+NFYZdND/KCXet59WUpF9ICmFCoBEX3EyJXEPwhbi
X2sdPzJbCjx0HLli8e0HUKNttLQxCsBTRGo6iISLLamwN47mGDa9miBADwGSiz2q
YeeuLO02zToHhnQ6KbPXOrQAqcL1kngO4g+j/ru+4AZThFkdkGnltvk=
-----END CERTIFICATE-----
subject=CN=server.example
issuer=CN=Root CA
---
No client certificate CA names sent
Peer signing digest: SHA256
Peer signature type: rsa_pss_rsae_sha256
Negotiated TLS1.3 group: X25519MLKEM768
---
SSL handshake has read 2387 bytes and written 1483 bytes
Verification error: unable to verify the first certificate
---
New, TLSv1.3, Cipher is TLS_AES_256_GCM_SHA384
Protocol: TLSv1.3
Server public key is 2048 bit
This TLS version forbids renegotiation.
Compression: NONE
Expansion: NONE
No ALPN negotiated
Early data was not sent
Verify return code: 21 (unable to verify the first certificate)
---
>>> TLS 1.2, RecordHeader [length 0005]
    17 03 03 00 13
>>> TLS 1.2, InnerContent [length 0001]
    15
>>> TLS 1.3, Alert [length 0002], warning close_notify
    01 00
Connecting to 127.0.0.1
SSL_connect:before SSL initialization
SSL_connect:SSLv3/TLS write client hello
SSL_connect:SSLv3/TLS write client hello
SSL_connect:SSLv3/TLS read server hello
Can't use SSL_get_servername
SSL_connect:TLSv1.3 read encrypted extensions
depth=0 CN=server.example
verify error:num=20:unable to get local issuer certificate
verify return:1
depth=0 CN=server.example
verify error:num=21:unable to verify the first certificate
verify return:1
depth=0 CN=server.example
verify return:1
SSL_connect:SSLv3/TLS read server certificate
SSL_connect:TLSv1.3 read server certificate verify
SSL_connect:SSLv3/TLS read finished
SSL_connect:SSLv3/TLS write change cipher spec
SSL_connect:SSLv3/TLS write finished
DONE
SSL3 alert write:warning:close notify
