CONNECTED(00000003)
>>> TLS 1.0, RecordHeader [length 0005]
    16 03 01 05 76
>>> TLS 1.3, Handshake [length 0576], ClientHello
    01 00 05 72 03 03 7f 10 59 f4 6c ed 75 80 c4 d6
    ff 47 50 39 ba 37 45 c6 35 b8 55 38 97 bc 77 25
    18 62 b2 35 6d 17 20 23 5e c7 cc ce b5 29 50 38
    cc f6 4b 73 40 1e 55 ed 02 02 c7 88 26 8d 1d 72
    4b 1f 6d d5 09 9f 3e 00 06 13 02 13 03 13 01 01
    00 05 23 00 0b 00 04 03 00 01 02 00 0a 00 06 00
    04 11 ec 00 1d 00 23 00 00 00 16 00 00 00 17 00
    00 00 0d 00 2a 00 28 09 05 09 06 09 04 04 03 05
    03 06 03 08 07 08 08 08 1a 08 1b 08 1c 08 09 08
    0a 08 0b 08 04 08 05 08 06 04 01 05 01 06 01 00
    2b 00 03 02 03 04 00 2d 00 02 01 01 00 33 04 c6
    04 c4 11 ec 04 c0 24 8c 5f a7 3b 4c 70 f1 80 d1
    d2 6a 18 bc ca 36 0b 8e d0 b9 3f ca 62 b0 7c 83
    88 4f a7 18 07 a6 ad 21 c6 2f 02 e1 82 ce 88 42
    7c 64 31 3e 35 06 01 0b 4d b5 50 70 8d d1 c6 9a
    51 af 23 56 68 41 bc 90 75 63 55 42 49 6c 25 07
    8f f4 a0 22 55 b7 c6 5a 73 27 49 cc 14 a4 f8 96
    d8 c7 52 ce e7 68 fb 85 1c 77 40 00 bb 67 6a 7d
    8a 98 3d 47 6a f1 12 bd 83 b6 11 8c 76 05 ac 4b
    c6 0b 0c a9 e0 07 3d eb a1 ab cd da 6f b5 15 18
    65 a3 99 b8 89 00 1b db 91 8d bb 3e 17 25 32 be
    b6 c4 df 0c a3 f1 56 73 07 86 c7 5b 19 07 9e d5
    1d 92 0a 74 67 44 cc 45 65 29 92 4b 94 44 92 17
    0e f0 3a 05 b8 7c 70 c6 7d 9a 32 4a ef 3c 96 78
    b3 89 8a 51 26 47 53 29 90 4b ae a0 64 8b b9 12
    64 15 2b 11 e9 62 3e ce c7 2e 7d 38 7c 47 92 bd
    e7 cb 31 62 0a c4 6f 09 8b c3 98 0b a7 39 50 34
    74 64 4c 96 1e b4 f1 bc 92 99 21 32 44 48 54 a5
    ce de f6 bf 8f d9 b3 5b 11 57 12 25 cc eb 92 9b
    9f 07 76 a6 1c 24 70 49 c5 39 8b 82 19 93 c9 45
    a6 53 90 f8 86 a3 a6 c9 5f 0c b4 98 0b 49 ae a8
    c2 0c 9b 5e 81 a7 c9 99 39 cc ca 88 82 8f 57 24
    07 bb 17 f1 57 29 ce 98 5a 03 7c aa fe 9b 18 be
    dc 48 cf 05 0a 21 a2 31 45 a6 65 55 88 3f fd 00
    60 a6 20 14 f7 48 43 66 26 3d 02 fa 3c 39 ea b5
    cb 28 35 dd 6b 85 78 e3 24 93 37 91 33 15 92 02
    a5 c7 0e e9 9c e3 90 9a 99 86 0e fe e3 59 08 ec
    07 4e 72 bb 10 40 06 7a e8 cb ee 61 56 e3 b3 3f
    0a 40 75 08 52 02 ba 71 c1 7c e9 23 b8 46 76 ab
    4a 93 b6 e6 a2 f5 e0 95 bd 0a 0b 81 f6 a6 e5 d5
    b4 cb ea 9d 8f 50 c4 8b 07 a4 b7 d7 b4 27 44 a4
    a4 3c 2b d2 77 8e 30 fa 8d 4d 64 bb ad fb 17 a8
    b6 6d ab f5 89 b1 42 74 a8 69 44 68 77 30 da c6
    1d 40 ec 67 04 e4 2d d9 50 9c ca 77 39 bd a3 57
    74 29 55 aa 7b c5 ea 75 87 35 49 ba d1 4c 1b a4
    91 a7 7e 58 2c bd bc a7 70 46 3d f0 66 26 13 b8
    84 33 ea 03 2d 08 a0 fe 5c b8 a7 79 83 16 e6 87
    e1 e9 26 47 a8 c7 27 b8 b4 b1 a2 77 30 97 74 45
    db 6f 73 a0 7a 10 dc 25 2d 7b 76 2c 8b 11 91 1c
    99 3a a9 43 d8 d3 37 b0 2a 26 60 80 07 22 c7 2e
    d9 a0 a0 bf 7c bb d8 f7 b2 e8 04 7b 10 89 41 fb
    f1 84 8c 94 cf cc d5 5b 40 83 21 3b b2 12 ea 0a
    91 bb f1 5f aa 50 62 23 a7 3f 10 c9 16 b0 ab 57
    f6 d1 36 8b 92 80 a7 13 89 92 73 c7 d7 59 22 ca
    78 2e bc a1 94 ad 03 7c b8 ba c5 9f f9 75 3b 39
    8e 46 d0 13 92 90 9e f8 6a 3a fb 1a 40 37 80 2b
    ee 23 64 51 34 18 83 f6 86 d6 47 01 74 80 77 1a
    8c 51 00 64 9e 90 06 48 95 e7 2b 87 a0 95 81 3a
    5d 66 c3 c0 00 4b b5 64 07 29 36 d4 6e 9e 6a 4b
    33 f5 7f 89 bb 81 35 bb 6e b3 fa 76 7b 16 01 44
    bb 7e a3 a4 47 8f 24 69 e0 1b 5f 07 76 6f 2e 3c
    13 8e 89 96 29 90 cb 7c 26 8f 39 97 0d 61 f1 73
    fb d6 6f 8f 30 5b 64 11 36 1c 07 10 b7 b3 0f ba
    c5 a6 3d a1 2d 19 9a 89 85 9b 0a 7d 43 b4 5c 89
    a4 e2 f1 35 4b 89 97 b7 62 be cf 47 04 a7 0b c9
    19 77 2a 18 1c b6 2e a9 0e 31 96 bb 39 29 4d e6
    0b 0a 6c 71 48 a7 d9 16 5e 97 37 12 79 18 21 32
    22 eb 3c ca 77 d0 3c 0c 35 76 f0 1a 9b 0b 21 cc
    a0 4a 96 f6 29 1f 75 f8 59 a3 27 3e 7c 48 7d f7
    9a 80 b7 57 01 ec 67 29 f2 aa 0b 58 84 1f 6f b2
    8f ea 83 25 e9 3b 26 14 20 12 a4 03 15 12 51 9d
    1b 32 3d aa 0b bf fc 9a 9d 58 e9 1e 0c 43 3f cb
    82 85 e4 32 8f 95 05 b3 af 06 2b 6c 19 7c 46 cc
    48 6d 29 54 62 b2 3e 34 80 a9 a3 46 57 1d 0c b7
    70 24 77 df fc 57 ed 14 2f 85 dc 8a 09 a3 4b 27
    11 4c 13 e2 42 72 aa 74 0e 06 2d 4f da 91 4f d8
    78 ce f9 a6 98 36 03 88 d7 4e 2d f5 95 02 f1 97
    1b 75 b4 75 96 00 cc 03 c8 93 37 7b 48 66 99 3c
    73 03 67 4c b3 57 c9 6c ad 07 07 96 9b 82 d9 c5
    58 95 0b 12 96 c7 a5 54 ac 2d 19 b3 3f 8a b0 79
    ea fa 16 7b 30 cb 5f 2b 8a 21 96 79 8d 71 62 ed
    e1 13 b8 99 05 93 b1 52 8e 5c 9e 54 12 25 8b 88
    3c 5c bb 99 ec f2 b1 8c 73 c9 52 78 5f b4 70 42
    cc 05 9a 36 3c b6 31 10 1a e5 11 f0 7f 50 3f af
    5b e5 16 bb 13 cd d3 e2 8c 0e 30 7a 1e f5 00 68
    3c 5a e4 d2 f8 e6 e3 f1 df e4 bf 87 86 5c 42 5d
    6b 05 a5 11 50 b0 5f 15 34 45 3c c5 2d 39 95 18
    85 81 9b f2 70 32
<<< TLS 1.2, RecordHeader [length 0005]
    16 03 03 04 ba
<<< TLS 1.3, Handshake [length 04ba], ServerHello
    02 00 04 b6 03 03 89 5e 5b b9 cd 5e b1 4f 7d df
    27 11 27 37 9c d4 e6 0d 60 e5 6c 7e f7 4d 79 24
    65 0c 5c 70 c3 d6 20 23 5e c7 cc ce b5 29 50 38
    cc f6 4b 73 40 1e 55 ed 02 02 c7 88 26 8d 1d 72
    4b 1f 6d d5 09 9f 3e 13 02 00 04 6e 00 33 04 64
    11 ec 04 60 1c d1 ef 83 7b 01 84 c7 a0 be 77 e0
    ab 2f 12 6c 32 8c c8 fa e7 45 35 aa a8 1a 19 e8
    34 ad 48 45 c2 10 c7 33 82 26 1e 17 bc c5 c4 b5
    5f c6 cb 64 f2 1a b5 55 90 40 17 11 5a 3a 3b 70
    97 29 2d c0 f2 d0 47 8f c3 c7 e3 ee 9b 16 a2 0e
    9c b0 9f e2 26 62 4f 55 df 8c 85 a3 6f b4 63 62
    df 69 22 74 be fe a9 8b ac 24 7b 1e 22 5c 33 fa
    70 5c 94 b2 ab 52 fd 9b 82 57 fe 3d 84 a4 37 e3
    30 7c d6 23 bd 21 14 c0 8b 16 04 ac 9c d1 55 4a
    e5 53 93 a5 09 0f e1 8f 8a 4b 88 6b 7a 4c c8 6b
    a1 fa 53 84 31 94 7a 89 42 1b c2 dc 04 d0 ed 93
    5f 72 3e 59 7e 16 29 1d ef 94 7b 8c e2 90 ac 08
    e4 c6 f7 ca fb 3c dd db 05 2d b0 01 5a d9 7d a1
    ec 58 3f bb be 93 d4 02 ea b5 7b c3 f8 0e c4 c6
    c0 da d9 bd 72 56 98 0e 5c 8d 68 3c d8 cd 0f e6
    28 3e 64 37 da 74 92 14 21 b5 c9 38 52 71 f3 ba
    57 e9 cb de 73 f9 ea 5d b9 90 c7 c7 19 e0 98 35
    65 20 27 7b 98 83 ec 61 65 59 7a 51 9c 26 e1 3e
    41 8f 06 2a 11 1f 2b 3c 38 9d c9 3c b4 f6 6c 93
    e1 cc 24 3d 85 15 eb 59 30 6f 3f 9d 9b d8 e9 9d
    8d 18 89 5e c1 eb 5d 23 3b bc 10 5c 18 7c 7d 9b
    bc 2b 1f bc 1a f8 42 02 ed 49 39 6b 9b 13 1b 6d
    bf 07 36 76 95 3f 60 f7 fb 41 20 e3 44 ba 80 f8
    2b 40 36 d6 4f fc bb a4 92 a0 67 92 29 48 48 16
    96 fc a8 e7 45 8e d9 e0 5c 3a 7a a9 4e 71 eb df
    83 1f 56 21 48 8f e2 52 c3 d2 6a 91 11 f7 22 86
    55 07 26 32 37 1d 4f c5 21 20 82 da d9 77 a7 cc
    ab ae 37 0f ce d4 0f 4f 80 44 63 b6 3f d5 d0 5b
    ee 5b 3a 4a 71 05 17 f7 7f 78 77 2b 03 38 db e1
    f7 28 7a 4f fa 20 ea 61 e9 89 d9 3e c0 71 ed 58
    9a dd 3f 6c b0 bf 4c 33 eb 54 7a 34 e4 db d7 6c
    2c 42 02 be 82 6c 56 d6 0c 6a 72 d8 bf 73 f9 ac
    52 05 a8 18 66 14 6c cb 24 ac f5 58 5d af 08 f1
    1f 5d c1 6a a7 3e de 46 8b 79 28 2d 13 32 ca c6
    ec 83 f7 dd fa b8 1a 6f 74 cb ea 8c 4e 89 52 f7
    23 8d b8 7a 75 17 4f cf 4d c0 78 b0 5d 0e a7 56
    a8 51 e0 13 64 23 82 d3 8e 30 34 19 e3 88 30 04
    fb 77 fb 7f 38 a7 ab da 38 67 98 d6 a5 20 02 77
    21 66 a0 db e6 98 ed 5f aa d5 db 55 be 8f 31 86
    42 e9 c9 1e 05 d1 9b d0 d3 db 83 6a a4 a3 26 43
    0e b5 d0 7c 4b 4f 3a 05 3c 20 bd 74 ec 7e 4c ac
    dc d5 32 cd da 96 00 c1 53 01 1e c8 34 2a 51 8d
    38 ae 78 1d b9 54 c9 36 d9 fe bc 0a 1b 0e 93 78
    40 b2 f5 77 d1 b3 3c f9 86 59 dc 74 6e 6a ff 52
    ee c9 36 2c c5 88 b1 b0 a1 0b ab 99 60 3e ee a1
    be f2 cf 4f c8 77 99 ab ef 43 ea 1f 5e 35 91 85
    39 71 c3 6e ec 0f 4c 71 14 30 36 56 de 29 6b 25
    34 75 d0 cf 6f 00 83 43 1d 20 56 53 14 64 9c 81
    3c bb 21 a4 2e c3 37 1f a2 43 eb 3d 19 bf e9 f7
    57 ec 2a 54 4d 41 3d 4b 1a bb a2 25 16 29 e5 8d
    ec e4 d4 c9 d2 a2 12 ea d7 d0 19 69 3e 43 23 7c
    cc 20 a0 af cf 98 2f f8 90 25 b3 6f e3 92 f5 0a
    c9 ea fa b1 5a 3d a6 f8 57 ec a8 72 fc 4a 21 6d
    03 0f 29 f0 1b 68 17 19 42 93 33 ed 1d 38 99 5a
    5a cd 56 b5 e0 5d 2e d7 56 13 84 d9 12 97 2e e6
    ae 4c 54 3a 0f de ea 76 cc e1 6a a0 83 fd b4 86
    b3 68 f1 db e8 09 d9 c2 cd 32 5e 66 1b dc f4 c2
    f4 c5 f5 2e 2d 36 5c 94 43 a1 90 fb 5f c0 e1 16
    e8 ab 1f 1c d6 8c 21 9e b4 97 3a 0d 1f 5b 7b 01
    72 b2 f3 ae d3 f0 7e 2e d0 1f d4 86 c2 1a 11 c0
    4f 42 e1 b8 25 e5 97 cb 18 5c 2f 76 03 12 f9 cd
    e5 7f 1b 1f 61 0c 5d 47 24 30 93 28 5c f3 00 52
    08 f5 3f 8f 01 c4 8c 19 4f 2f 22 23 46 33 57 c1
    27 bc a2 10 1b 47 3d b2 dc c7 90 3c 18 f7 23 5b
    ff 59 9d e9 94 e3 f4 03 8a a2 e2 cb 1e af d3 86
    df 33 ff da 3c 1c ff 03 34 7c 3b 31 54 3e 5e 0a
    64 ee f3 d4 65 2d 16 5c a2 a0 16 f3 31 ad d5 86
    38 3d 59 94 93 21 88 45 5b 11 06 e1 27 61 1e a2
    a1 a9 83 4d e3 e0 55 9a 8c 8d 9e 99 ea 1f 5e 78
    bf 57 37 e6 5a d7 b6 49 ff ca d8 91 eb 75 39 81
    33 d1 b8 7d 00 2b 00 02 03 04
<<< TLS 1.2, RecordHeader [length 0005]
    14 03 03 00 01
<<< TLS 1.3, ChangeCipherSpec [length 0001]
    01
<<< TLS 1.2, RecordHeader [length 0005]
    17 03 03 04 89
<<< TLS 1.3, InnerContent [length 0001]
    16
<<< TLS 1.3, Handshake [length 0006], EncryptedExtensions
    08 00 00 02 00 00
<<< TLS 1.3, Handshake [length 0336], Certificate
    0b 00 03 32 00 00 03 2e 00 03 29 30 82 03 25 30
    82 02 0d a0 03 02 01 02 02 01 02 30 0d 06 09 2a
    86 48 86 f7 0d 01 01 0b 05 00 30 12 31 10 30 0e
    06 03 55 04 03 0c 07 52 6f 6f 74 20 43 41 30 20
    17 0d 31 36 30 31 31 34 32 32 32 39 34 36 5a 18
    0f 32 31 31 36 30 31 31 35 32 32 32 39 34 36 5a
    30 19 31 17 30 15 06 03 55 04 03 0c 0e 73 65 72
    76 65 72 2e 65 78 61 6d 70 6c 65 30 82 01 22 30
    0d 06 09 2a 86 48 86 f7 0d 01 01 01 05 00 03 82
    01 0f 00 30 82 01 0a 02 82 01 01 00 d5 5d 60 6a
    df fc 61 ee 48 aa 8c 11 48 43 a5 6d b6 52 5d aa
    98 49 b1 61 92 35 b1 fc 3a 04 25 0c 6d 79 ff b4
    d5 c9 e9 5c 1c 3b e0 ab b3 b8 7d a3 de 6d bd e0
    dd d7 5a bf 14 47 11 42 5e a6 82 d0 61 c1 7f dd
    13 46 e6 09 85 07 0e f2 d4 fc 1a 64 d2 0a ad 20
    ab 20 6b 96 f0 ad cc c4 19 53 55 dc 01 1d a4 b3
    ef 8a b4 49 53 5d 8a 05 1c f1 dc e1 44 bf c5 d7
    e2 77 19 57 5c 97 0b 75 ee 88 43 71 0f ca 6c c1
    b4 b2 50 a7 77 46 6c 58 0f 11 bf f1 76 24 5a ae
    39 42 b7 51 67 29 e1 d0 55 30 6f 17 e4 91 ea ad
    f8 28 c2 43 6f a2 64 a9 fb 9d 98 92 62 48 3e eb
    0d 4f 82 4a 8a ff 3f 72 ee 96 b5 ae a1 c1 98 ba
    ef 7d 90 75 6d ff 5a 52 9e ab f5 c0 7e d0 87 43
    db 85 07 07 0f 7d 38 7a fd d1 d3 ee 65 1d d3 ea
    39 6a 87 37 ee 4a d3 e0 0d 6e f5 70 ac c2 bd f1
    6e f3 92 95 5e a9 f0 a1 65 95 93 8d 02 03 01 00
    01 a3 7d 30 7b 30 1d 06 03 55 1d 0e 04 16 04 14
    c0 e7 84 bf e8 59 27 33 10 b0 52 4f 51 52 2f 06
    d6 c0 7a cd 30 1f 06 03 55 1d 23 04 18 30 16 80
    14 70 7f 2e ae 83 68 59 98 04 23 2a cd eb 3e 17
    cd 24 dd 01 49 30 09 06 03 55 1d 13 04 02 30 00
    30 13 06 03 55 1d 25 04 0c 30 0a 06 08 2b 06 01
    05 05 07 03 01 30 19 06 03 55 1d 11 04 12 30 10
    82 0e 73 65 72 76 65 72 2e 65 78 61 6d 70 6c 65
    30 0d 06 09 2a 86 48 86 f7 0d 01 01 0b 05 00 03
    82 01 01 00 7b d3 04 43 75 8a 0f 11 ae c4 fb d7
    a1 a2 9e fe 20 18 d5 f4 2f 31 88 46 b6 75 8c ee
    e5 9b 97 a6 b9 a3 cd 60 9a 46 c3 48 97 e5 97 68
    f7 5a 86 35 73 d9 69 9e f9 5f 74 b9 e6 94 13 01
    cb 6a dc e3 c4 04 e9 65 da 9c a4 8b 28 f3 f9 9a
    7f bf 97 1f 45 92 e5 05 b1 56 e6 0b f6 47 de 1e
    89 b6 2b e1 4d df 4a 7e 01 d3 23 dc 97 8c 47 fe
    5f c7 cc 98 46 0e c4 83 5b ca 8a f1 52 09 be 6b
    ec 3f 09 8b d0 93 02 bf e1 51 e7 d1 7e 34 56 19
    74 d0 ff 28 25 de b7 9f 56 52 91 7d 20 29 85 0a
    80 44 5f 71 32 25 71 0f c2 16 e2 5f 6b 1d 3f 32
    5b 0a 3c 74 1c b9 62 f1 ed 07 50 a3 6d b4 b4 31
    0a c0 53 44 6a 3a 88 84 8b 2d a9 b0 37 8e e6 18
    36 bd 9a 20 40 0f 01 92 8b 3d aa 61 e7 ae 2c ed
    36 cd 3a 07 86 74 3a 29 b3 d7 3a b4 00 a9 c2 f5
    92 78 0e e2 0f a3 fe bb be e0 06 53 84 59 1d 90
    69 e5 b6 f9 00 00
<<< TLS 1.3, Handshake [length 0108], CertificateVerify
    0f 00 01 04 08 04 01 00 84 1a fe d1 7d a0 ab 8a
    12 1c 9e 4a e3 7f d0 cf c7 64 2f 39 d6 4e cc 82
    1a 55 f2 93 b5 e6 cb 07 28 49 41 a1 f0 fd 64 c7
    20 d8 f6 c6 5e f0 47 b9 e4 d0 e4 d4 10 f1 70 96
    19 9b 1a 5a 3b 66 a1 b7 ab ec e9 24 6b 9f 44 7e
    f8 b0 28 66 c6 65 5f 4e 4c 59 47 62 cc b1 b5 83
    38 6f 4c 68 ee 09 4e 5b ec 9b 11 b6 c7 a1 45 aa
    f5 6b 08 cb 0e bc 3e 99 7f bb 88 67 c2 e7 0e 3f
    29 08 4a a9 5a a3 02 b1 2e 02 b2 1b c8 eb 2c 3f
    95 bb 91 e5 8a ae 7c f8 52 d6 34 ef dd c5 82 11
    7c 61 c2 51 5e 59 b8 b6 f3 40 08 25 6a 46 c3 93
    a9 b9 f8 9e dd 9b 7e 06 74 f2 eb 47 e8 87 6a 83
    db 20 26 a8 4f b2 25 da 3b 10 88 43 3a 87 f8 25
    46 7c 55 12 e8 7e c8 e8 61 0e dd 15 8c 32 26 d5
    99 b6 f1 23 f9 05 f8 be 94 f6 81 75 f2 b8 84 db
    e0 19 8e 39 cc b7 f9 f1 b4 f3 ff 0d b0 e7 d6 5d
    8b ca 1f 63 2b 09 54 35
<<< TLS 1.3, Handshake [length 0034], Finished
    14 00 00 30 38 54 f4 2b 46 11 84 7b 43 a7 1b 3d
    5d 2f 09 ac 5b a9 69 6d 36 c9 b0 c7 6f ac c1 de
    6e 4f ed cf 5e f6 8a f7 2a 11 56 25 74 b6 f4 95
    e8 90 2c a2
>>> TLS 1.2, RecordHeader [length 0005]
    14 03 03 00 01
>>> TLS 1.3, ChangeCipherSpec [length 0001]
    01
>>> TLS 1.2, RecordHeader [length 0005]
    17 03 03 00 45
>>> TLS 1.2, InnerContent [length 0001]
    16
>>> TLS 1.3, Handshake [length 0034], Finished
    14 00 00 30 bf 34 21 64 ab 53 27 be be ee d4 2d
    02 20 97 25 ac 69 cf b6 b9 3f 74 0f 04 28 91 ef
    f8 24 50 55 62 bb 2a 9b 54 96 f1 f3 37 98 5a 7b
    55 be 35 9a
---
Certificate chain
 0 s:CN=server.example
   i:CN=Root CA
   a:PKEY: RSA, 2048 (bit); sigalg: sha256WithRSAEncryption
   v:NotBefore: Jan 14 22:29:46 2016 GMT; NotAfter: Jan 15 22:29:46 2116 GMT
---
Server certificate
-----BEGIN CERTIFICATE-----
MIIDJTCCAg2gAwIBAgIBAjANBgkqhkiG9w0BAQsFADASMRAwDgYDVQQDDAdSb290
IENBMCAXDTE2MDExNDIyMjk0NloYDzIxMTYwMTE1MjIyOTQ2WjAZMRcwFQYDVQQD
DA5zZXJ2ZXIuZXhhbXBsZTCCASIwDQYJKoZIhvcNAQEBBQADggEPADCCAQoCggEB
ANVdYGrf/GHuSKqMEUhDpW22Ul2qmEmxYZI1sfw6BCUMbXn/tNXJ6VwcO+Crs7h9
o95tveDd11q/FEcRQl6mgtBhwX/dE0bmCYUHDvLU/Bpk0gqtIKsga5bwrczEGVNV
3AEdpLPvirRJU12KBRzx3OFEv8XX4ncZV1yXC3XuiENxD8pswbSyUKd3RmxYDxG/
8XYkWq45QrdRZynh0FUwbxfkkeqt+CjCQ2+iZKn7nZiSYkg+6w1PgkqK/z9y7pa1
rqHBmLrvfZB1bf9aUp6r9cB+0IdD24UHBw99OHr90dPuZR3T6jlqhzfuStPgDW71
cKzCvfFu85KVXqnwoWWVk40CAwEAAaN9MHswHQYDVR0OBBYEFMDnhL/oWSczELBS
T1FSLwbWwHrNMB8GA1UdIwQYMBaAFHB/Lq6DaFmYBCMqzes+F80k3QFJMAkGA1Ud
EwQCMAAwEwYDVR0lBAwwCgYIKwYBBQUHAwEwGQYDVR0RBBIwEIIOc2VydmVyLmV4
YW1wbGUwDQYJKoZIhvcNAQELBQADggEBAHvTBEN1ig8RrsT716Ginv4gGNX0LzGI
RrZ1jO7lm5emuaPNYJpGw0iX5Zdo91qGNXPZaZ75X3S55pQTActq3OPEBOll2pyk
iyjz+Zp/v5cfRZLlBbFW5gv2R94eibYr4U3fSn4B0yPcl4xH/l/HzJhGDsSDW8qK
8VIJvmvsPwmL0JMCv+FR59F+NFYZdND/KCXet59WUpF9ICmFCoBEX3EyJXEPwhbi
X2sdPzJbCjx0HLli8e0HUKNttLQxCsBTRGo6iISLLamwN47mGDa9miBADwGSiz2q
YeeuLO02zToHhnQ6KbPXOrQAqcL1kngO4g+j/ru+4AZThFkdkGnltvk=
-----END CERTIFICATE-----
subject=CN=server.example
issuer=CN=Root CA
---
No client certificate CA names sent
Peer signing digest: SHA256
Peer signature type: rsa_pss_rsae_sha256
Negotiated TLS1.3 group: X25519MLKEM768
---
SSL handshake has read 2387 bytes and written 1483 bytes
Verification error: unable to verify the first certificate
---
New, TLSv1.3, Cipher is TLS_AES_256_GCM_SHA384
Protocol: TLSv1.3
Server public key is 2048 bit
This TLS version forbids renegotiation.
Compression: NONE
Expansion: NONE
No ALPN negotiated
Early data was not sent
Verify return code: 21 (unable to verify the first certificate)
---
>>> TLS 1.2, RecordHeader [length 0005]
    17 03 03 00 13
>>> TLS 1.2, InnerContent [length 0001]
    15
>>> TLS 1.3, Alert [length 0002], warning close_notify
    01 00
Connecting to 127.0.0.1
SSL_connect:before SSL initialization
SSL_connect:SSLv3/TLS write client hello
SSL_connect:SSLv3/TLS write client hello
SSL_connect:SSLv3/TLS read server hello
Can't use SSL_get_servername
SSL_connect:TLSv1.3 read encrypted extensions
depth=0 CN=server.example
verify error:num=20:unable to get local issuer certificate
verify return:1
depth=0 CN=server.example
verify error:num=21:unable to verify the first certificate
verify return:1
depth=0 CN=server.example
verify return:1
SSL_connect:SSLv3/TLS read server certificate
SSL_connect:TLSv1.3 read server certificate verify
SSL_connect:SSLv3/TLS read finished
SSL_connect:SSLv3/TLS write change cipher spec
SSL_connect:SSLv3/TLS write finished
DONE
SSL3 alert write:warning:close notify
