CONNECTED(00000003)
>>> TLS 1.0, RecordHeader [length 0005]
    16 03 01 05 76
>>> TLS 1.3, Handshake [length 0576], ClientHello
    01 00 05 72 03 03 a6 69 96 a6 59 43 09 d2 cf d6
    fe 4f d1 05 e3 1b e9 2c f4 7e fe 61 f8 72 16 f9
    6c b3 f5 7a 05 f0 20 41 ad 08 26 fa b8 92 f6 42
    b1 34 98 ec d1 25 e0 b1 fe 09 36 79 15 bc 45 b2
    f0 be c6 e8 fd 0d c3 00 06 13 02 13 03 13 01 01
    00 05 23 00 0b 00 04 03 00 01 02 00 0a 00 06 00
    04 11 ec 00 1d 00 23 00 00 00 16 00 00 00 17 00
    00 00 0d 00 2a 00 28 09 05 09 06 09 04 04 03 05
    03 06 03 08 07 08 08 08 1a 08 1b 08 1c 08 09 08
    0a 08 0b 08 04 08 05 08 06 04 01 05 01 06 01 00
    2b 00 03 02 03 04 00 2d 00 02 01 01 00 33 04 c6
    04 c4 11 ec 04 c0 2a 33 a6 c4 64 ac 76 da 63 18
    cb 34 2b 08 a5 66 50 b7 11 a1 4a 6a dc 35 b7 45
    02 67 62 98 00 99 9f f9 49 69 8a 99 b3 b7 06 47
    02 02 77 29 c7 b3 28 81 6c 05 78 0d e1 d0 21 c9
    56 05 71 30 1c 31 49 55 50 b0 9c c9 58 43 17 c9
    76 3d b8 7f d9 9c 2d 72 a6 43 21 c0 c2 be 90 c3
    a1 1a ad a7 ab 1a 20 70 a9 ab d0 7b af 30 b8 46
    a8 0b aa 60 b8 ed 5a 4f 0a f4 63 6d 3b 8a 18 1b
    5a a5 fa 80 5f 94 b4 1c 0a 7b 60 43 79 bb 78 7c
    67 70 0b b1 90 b6 c3 16 2d 6e 25 ce d7 5b 46 f8
    37 20 e3 09 07 28 e7 4a 5b 30 3a ca 78 93 a0 67
    16 fd 78 6e 55 66 9d 9e dc 1b f2 f1 b8 37 84 19
    ff 0a 92 15 72 99 71 88 81 57 b1 99 9b d0 ae 9c
    e4 41 db cb 1c 26 81 8f 96 e8 5b 7c 47 5a ed 2b
    5b 9d 49 83 82 cc 94 0e 06 5d 1f 5c 18 50 57 01
    8c 91 9b c9 e5 0e d2 84 80 b8 a1 c5 7d 41 2e 9e
    79 7f 16 99 a4 ee 16 c6 20 20 8f 91 15 62 2c c3
    63 2c 56 27 d8 40 88 8e bc 94 4b d3 07 70 ac 04
    29 f5 95 fd 48 8a 4e 4b aa 50 33 b7 3f f8 14 d3
    22 39 de c4 1a 4d 31 57 53 33 0a 61 c6 b6 a0 11
    51 02 34 14 42 ec 63 16 c8 76 b1 c1 25 2f 5b 63
    a0 30 a0 bb 80 c4 81 84 ae 3b ba 5e f1 33 4d 7f
    f2 8a 1f 70 1c 6f f8 be d9 99 03 fc a5 74 d1 bb
    54 99 47 86 1c e4 3b 17 9a 8d 58 19 a7 23 b2 3e
    42 b7 9a f9 2c 9d 15 e5 85 00 5b 9c 62 95 0d 98
    8a 2c cf 33 33 87 2c 72 7a 27 75 73 49 0c 80 6c
    9f 2b 9b 4b 9d 09 98 bc e6 5e ac 48 1f 28 18 b8
    cb a2 66 61 fc 63 7d 88 03 13 47 5c db c4 ce 71
    10 cf 59 dc 61 bc 80 1d 97 f8 c3 65 01 8d fa 15
    0e 6d 40 2f 78 ba aa cf 32 0f 08 a8 97 90 67 0f
    f2 6a 72 7b 96 22 8e 52 7c c4 50 82 0e 74 3b 94
    c4 50 eb 27 8e fb 0c 60 d7 76 b5 f2 85 a8 24 64
    30 20 05 b5 e6 a4 c7 9e 68 54 7e 6a 7b 0a 3c 4b
    ec f1 01 07 db 00 43 b2 47 31 36 b1 11 b0 cd 54
    3c 27 8d c4 40 7d 05 36 50 91 39 52 06 40 ee 96
    82 28 f9 a4 91 25 6b 8b 18 69 fb 31 cd 81 d6 b5
    8c e7 18 e6 71 c1 34 bc b6 e3 b5 8b 18 d7 79 ae
    82 85 e9 a9 00 82 86 3a b6 63 b6 9e 47 72 33 d8
    32 be 2b 73 08 f8 20 19 d9 a3 61 37 40 35 d3 0c
    50 97 8f 09 e9 04 cd dc 14 e1 17 64 61 18 1e 29
    0a c8 4f 54 a5 5c a1 4d ea ba c6 cb d9 26 16 51
    34 8d 8c b9 aa 76 80 c7 70 1d d4 66 5c 6d 87 56
    d3 e1 55 13 19 c9 b5 b3 08 da d8 c5 87 b9 5f 0a
    c0 0e 2d da 33 be 38 53 56 05 1f e0 f5 87 15 76
    5c ba 4a 68 64 77 99 85 64 49 d0 fa 1e 3b 9a 66
    c0 f8 c1 ca a2 93 91 d1 11 95 52 05 71 78 49 22
    b5 41 f4 93 b9 73 0b 92 20 15 48 53 67 2e 05 59
    85 46 76 85 dd 83 39 9e e2 cd 33 45 21 28 d3 50
    e1 13 6a fb e1 39 a1 42 aa f5 45 75 0c a8 0d 66
    77 ce 15 67 44 87 91 76 26 c9 7a dd 89 c2 da c2
    4a 40 29 ab af 68 b0 7b 87 cf bb c3 9e 2f e9 84
    4c d8 bb d9 7c 1d 69 91 1b 10 a2 23 07 4c b5 54
    ab 61 bb 95 cb ac 9b b3 0a 4b 7b fb 91 3e 52 52
    30 86 30 57 73 88 44 b0 1b 4c 74 9a b0 dd 7b c7
    70 9a 08 6f d2 ad f6 ab 94 36 34 18 b9 cb 33 9a
    bb 49 89 b5 99 18 52 0a ab 7c 47 d3 fa ce de 67
    ba 2a 42 c1 24 f1 61 0a c4 20 fc 44 78 74 b0 66
    a7 f0 7e 14 1b be 5e c7 4e 23 3c 09 0e f4 45 85
    d3 49 25 26 2d 9f a5 2d 06 97 79 9d f2 05 55 07
    1e 95 12 a8 82 33 17 d9 28 11 c3 d0 7b 60 07 39
    59 ec b5 0c 20 3d bc c2 1f 8c 32 4a 48 83 4c df
    d3 b6 ee 67 6c 01 16 19 38 93 57 c1 23 0d 03 57
    76 5a 36 25 ae 61 58 0d 15 4c 22 eb 1b bb 38 2a
    c5 00 2c 98 82 79 1e 31 0d bb 29 34 57 3a 90 20
    f5 8e 89 eb b8 45 a6 76 49 88 62 ac d0 40 f8 e8
    8a fe 2a b7 b4 f4 2b 81 92 6e 12 c1 8c 8c a3 5b
    c7 22 83 64 83 b9 90 23 5d df 29 5a d9 d9 a6 c2
    d3 42 60 14 73 0f ec cc 70 1a ad 61 ca 8a 64 d5
    02 de c6 3a 1d b1 3a c7 22 a2 b2 51 69 8f 85 4b
    71 e4 9f e7 6c 74 31 d3 bc 50 8a 05 1a 20 6e 36
    86 1e f2 72 a8 c3 44 39 56 6c 2f 75 37 aa be d0
    54 05 96 13 4b dc 27 34 b1 27 e9 85 6c 57 4a 33
    b8 f6 6f 5a 3a 36 b2 67 42 56 45 48 d3 dd 16 a8
    b5 af 2d 74 74 50 2c 5b 4a 2f c2 10 c6 56 29 2a
    74 a1 b6 04 ff ab 03 06 f1 f7 48 1d e4 5a 0b db
    ea 9d 6c d3 6b 96 43 0c 01 b3 9f b5 c9 ba e2 f8
    02 19 ed 3d d0 17
<<< TLS 1.2, RecordHeader [length 0005]
    16 03 03 04 ba
<<< TLS 1.3, Handshake [length 04ba], ServerHello
    02 00 04 b6 03 03 77 7b 3b 8c f1 14 07 1a ae 86
    44 ab 3e 25 ba 70 58 84 49 88 a0 6c 99 6f 6b 2c
    1e 6f 60 15 81 5f 20 41 ad 08 26 fa b8 92 f6 42
    b1 34 98 ec d1 25 e0 b1 fe 09 36 79 15 bc 45 b2
    f0 be c6 e8 fd 0d c3 13 01 00 04 6e 00 33 04 64
    11 ec 04 60 c9 1a cc 58 12 e6 f3 fa 34 f8 e7 b9
    a0 6b 9a 5e 60 9c 54 4e 92 5f 17 61 77 4b 83 36
    1f 85 8a bd d1 29 e0 a8 00 e5 a2 cd 92 9a a2 2c
    d5 cc 68 0d fc a4 2d 9c 09 1c e1 83 b1 d6 67 bd
    20 94 46 2a 71 2e 48 46 aa 14 5d 4f 9e e3 db 31
    b8 8a 79 bb 67 e6 04 11 5a b0 88 73 ae 06 e1 f4
    8b 6d ac de d5 fa 46 26 e8 26 52 1c 97 0c 17 19
    75 26 ac 85 b0 da 5b 62 b0 37 68 ac 42 e5 41 6d
    47 27 a8 22 14 f9 57 bf f3 af ec 21 76 ee e1 37
    fc e3 99 54 94 6d 63 d0 45 8a 11 9c f7 51 4f d1
    86 ff 25 38 95 f0 8b 99 32 bd f1 07 fa f8 b9 a2
    2a b8 f7 58 1b 2e 97 5b e2 b4 0d 94 1e 35 54 4e
    0c df 6b c6 d3 e8 7a 8f d0 81 aa de 66 7a d0 88
    d4 23 e5 65 41 ca f0 4e 52 6a 4f af 16 46 f8 22
    aa e9 1f b0 b3 37 c5 af 47 40 26 d3 71 a4 1e 66
    3c 40 3e d3 4e 45 4f c5 fa 4c 6d 3d a2 4c cf 6a
    b3 bc 38 75 35 00 7c ec 13 6f ec 4d 82 a5 06 bd
    b9 8c 1f df 9c 6c 6d 09 19 59 59 c1 9d 30 47 a8
    d1 d7 4c 31 e9 54 db cb af 92 0f 95 73 09 b5 15
    ca 77 63 a5 5d f8 29 d5 ba e5 9e 7c 2d 52 45 fb
    a3 0d f2 51 13 b6 2e 5e ef 6d 18 0f bc 63 03 18
    2a 54 cd 3d 35 2a 48 65 f0 ec 01 d6 63 d4 c3 21
    44 cf d5 d1 fb 4e 46 2d e4 20 de 80 a1 98 28 b4
    3e d7 a9 2b e3 0b c3 4d 89 80 4d 2f b2 57 7b a4
    af 64 b8 45 af 79 6c d1 be 0d 22 04 93 f9 db c2
    fa 00 d5 a5 4c a4 9e be 35 16 b4 18 93 9b 19 8d
    1b 2a ad 61 53 41 9d 00 1a 3d 8b e6 bc 99 c0 27
    55 5d a7 7e 4b d0 12 6e b3 3f 36 c5 67 7d 9d e0
    b8 a5 76 08 cd 98 86 b6 d3 fb c3 f0 3e c9 b8 14
    7e 49 9f f1 2c c6 df f2 8f 1d 47 f0 6e e4 77 55
    ef 21 e6 ca c9 23 85 ab d8 a3 7e 07 ca c1 7d 75
    24 3b 1d d9 2b 1c 8f c4 ce cf 66 70 cc 8d 67 5d
    ba c3 c5 09 a6 80 19 d7 3f a9 dc 31 0c 2e 52 42
    cf 9f 87 d0 0d 50 7b 19 0e ea 9a a7 a5 a9 b8 ab
    a3 32 75 d6 67 0c b3 96 95 0f 01 89 81 3d 67 f1
    41 65 b4 a4 bd b7 95 96 53 27 5f 1d d2 b6 fa aa
    2f aa 15 e7 23 7c ce 19 88 5d c5 e7 c7 ba 5b 42
    59 2f 14 2a 04 e0 1e b2 b8 1a 14 7a fe 08 dd e8
    cd 7f 02 f8 85 fa 18 66 48 25 a2 fe 8a 00 87 b3
    a7 11 a8 7e 73 f5 08 11 44 59 aa a4 48 3d 28 64
    fc 68 03 55 eb 38 ae db 8c 90 12 5e 1f c5 e1 58
    7e e0 3b a5 7f 0f 5a 89 22 de 1e 1d 99 80 85 a8
    37 0a 76 9b d8 15 b3 e9 ab 75 03 ca 77 fa 16 8c
    ac 2d 88 b8 e7 c8 96 20 f6 fb 23 75 5f f1 4b 1d
    99 c8 21 2d b4 4c f1 ce b6 dd 5f 45 32 cb 17 3b
    a4 5b df 4f 08 92 07 73 37 d9 e5 26 e2 4f 80 f4
    dd 97 9c 29 62 88 42 71 cc fb 40 1d a5 78 d2 82
    df 63 ab f3 9b 14 60 48 c2 10 95 02 ae 36 e0 53
    48 8b 81 29 ca dc b5 e1 57 8a e9 5f ea 46 f2 25
    90 a4 0e 5f 83 4d 6e 5d 9a 6e 20 42 f5 f8 bc 5a
    91 e7 fb d7 10 21 1a a1 b6 48 68 7b d8 e5 2a 21
    4d 82 4b 83 94 4d 28 9e e4 47 98 52 44 a4 6a 25
    70 d0 a3 16 d2 c7 d3 aa 76 23 4b 1c 19 a2 19 07
    3a 7f d2 37 a5 93 c6 5d 3d 2c 6b 18 0d f5 52 56
    2f ad b0 ca aa a3 42 ef 78 ad 42 64 6e 9c ba 03
    7f cb 92 19 84 7c ce d0 af f0 88 49 f2 99 0e 94
    b6 aa 44 eb 7e f4 a6 f1 ab 7c 46 d7 d3 75 c8 02
    93 fc 52 80 38 d5 d2 c0 03 e9 ce 21 c2 31 12 12
    cb ec be 0f 93 89 d5 a7 44 fd 5d fd 46 7f 20 70
    7e 8b 6c c7 b0 ca 67 d5 72 7e bf 1e d1 c5 f4 4a
    3a 77 23 7f e8 2b 1e 19 ec a6 0e fc 1a 6f d3 7e
    48 d8 d3 66 f0 ef 08 2e 5f ed c4 88 95 c2 07 b7
    c0 a9 46 c0 79 b9 52 36 a9 61 3c be b6 13 ab e0
    83 63 0d 9e 08 b4 0d 17 2a 9c ae 11 a9 aa b8 2d
    97 1c 29 6d d9 d9 f6 82 43 2c 64 fa 75 a6 af 56
    c2 7f 74 29 6b 98 ca 18 d0 4a d2 5b 89 e6 26 f7
    45 5a 42 57 88 ae 5b 98 d9 c3 d6 b5 67 71 71 46
    af 1e 9c c2 30 78 81 51 76 a1 e1 5c f9 80 de a9
    37 3d 56 84 87 29 73 86 2f be 60 bf bc 91 97 1c
    64 74 55 e3 c1 7c e4 81 ef 20 18 cb c9 82 a6 08
    3b 52 5c 1d 00 2b 00 02 03 04
<<< TLS 1.2, RecordHeader [length 0005]
    14 03 03 00 01
<<< TLS 1.3, ChangeCipherSpec [length 0001]
    01
<<< TLS 1.2, RecordHeader [length 0005]
    17 03 03 04 83
<<< TLS 1.3, InnerContent [length 0001]
    16
<<< TLS 1.3, Handshake [length 0010], EncryptedExtensions
    08 00 00 0c 00 0a 00 0a 00 06 00 04 11 ec 00 1d
<<< TLS 1.3, Handshake [length 0336], Certificate
    0b 00 03 32 00 00 03 2e 00 03 29 30 82 03 25 30
    82 02 0d a0 03 02 01 02 02 01 02 30 0d 06 09 2a
    86 48 86 f7 0d 01 01 0b 05 00 30 12 31 10 30 0e
    06 03 55 04 03 0c 07 52 6f 6f 74 20 43 41 30 20
    17 0d 31 36 30 31 31 34 32 32 32 39 34 36 5a 18
    0f 32 31 31 36 30 31 31 35 32 32 32 39 34 36 5a
    30 19 31 17 30 15 06 03 55 04 03 0c 0e 73 65 72
    76 65 72 2e 65 78 61 6d 70 6c 65 30 82 01 22 30
    0d 06 09 2a 86 48 86 f7 0d 01 01 01 05 00 03 82
    01 0f 00 30 82 01 0a 02 82 01 01 00 d5 5d 60 6a
    df fc 61 ee 48 aa 8c 11 48 43 a5 6d b6 52 5d aa
    98 49 b1 61 92 35 b1 fc 3a 04 25 0c 6d 79 ff b4
    d5 c9 e9 5c 1c 3b e0 ab b3 b8 7d a3 de 6d bd e0
    dd d7 5a bf 14 47 11 42 5e a6 82 d0 61 c1 7f dd
    13 46 e6 09 85 07 0e f2 d4 fc 1a 64 d2 0a ad 20
    ab 20 6b 96 f0 ad cc c4 19 53 55 dc 01 1d a4 b3
    ef 8a b4 49 53 5d 8a 05 1c f1 dc e1 44 bf c5 d7
    e2 77 19 57 5c 97 0b 75 ee 88 43 71 0f ca 6c c1
    b4 b2 50 a7 77 46 6c 58 0f 11 bf f1 76 24 5a ae
    39 42 b7 51 67 29 e1 d0 55 30 6f 17 e4 91 ea ad
    f8 28 c2 43 6f a2 64 a9 fb 9d 98 92 62 48 3e eb
    0d 4f 82 4a 8a ff 3f 72 ee 96 b5 ae a1 c1 98 ba
    ef 7d 90 75 6d ff 5a 52 9e ab f5 c0 7e d0 87 43
    db 85 07 07 0f 7d 38 7a fd d1 d3 ee 65 1d d3 ea
    39 6a 87 37 ee 4a d3 e0 0d 6e f5 70 ac c2 bd f1
    6e f3 92 95 5e a9 f0 a1 65 95 93 8d 02 03 01 00
    01 a3 7d 30 7b 30 1d 06 03 55 1d 0e 04 16 04 14
    c0 e7 84 bf e8 59 27 33 10 b0 52 4f 51 52 2f 06
    d6 c0 7a cd 30 1f 06 03 55 1d 23 04 18 30 16 80
    14 70 7f 2e ae 83 68 59 98 04 23 2a cd eb 3e 17
    cd 24 dd 01 49 30 09 06 03 55 1d 13 04 02 30 00
    30 13 06 03 55 1d 25 04 0c 30 0a 06 08 2b 06 01
    05 05 07 03 01 30 19 06 03 55 1d 11 04 12 30 10
    82 0e 73 65 72 76 65 72 2e 65 78 61 6d 70 6c 65
    30 0d 06 09 2a 86 48 86 f7 0d 01 01 0b 05 00 03
    82 01 01 00 7b d3 04 43 75 8a 0f 11 ae c4 fb d7
    a1 a2 9e fe 20 18 d5 f4 2f 31 88 46 b6 75 8c ee
    e5 9b 97 a6 b9 a3 cd 60 9a 46 c3 48 97 e5 97 68
    f7 5a 86 35 73 d9 69 9e f9 5f 74 b9 e6 94 13 01
    cb 6a dc e3 c4 04 e9 65 da 9c a4 8b 28 f3 f9 9a
    7f bf 97 1f 45 92 e5 05 b1 56 e6 0b f6 47 de 1e
    89 b6 2b e1 4d df 4a 7e 01 d3 23 dc 97 8c 47 fe
    5f c7 cc 98 46 0e c4 83 5b ca 8a f1 52 09 be 6b
    ec 3f 09 8b d0 93 02 bf e1 51 e7 d1 7e 34 56 19
    74 d0 ff 28 25 de b7 9f 56 52 91 7d 20 29 85 0a
    80 44 5f 71 32 25 71 0f c2 16 e2 5f 6b 1d 3f 32
    5b 0a 3c 74 1c b9 62 f1 ed 07 50 a3 6d b4 b4 31
    0a c0 53 44 6a 3a 88 84 8b 2d a9 b0 37 8e e6 18
    36 bd 9a 20 40 0f 01 92 8b 3d aa 61 e7 ae 2c ed
    36 cd 3a 07 86 74 3a 29 b3 d7 3a b4 00 a9 c2 f5
    92 78 0e e2 0f a3 fe bb be e0 06 53 84 59 1d 90
    69 e5 b6 f9 00 00
<<< TLS 1.3, Handshake [length 0108], CertificateVerify
    0f 00 01 04 08 04 01 00 8e a5 d8 b1 71 c6 99 f1
    27 ae 92 13 9e 8a 2b 17 50 7a 5d 32 26 cf b2 6f
    cd 34 ff 44 e1 dc eb 77 0f bc b8 f5 1f 3e a6 24
    c8 49 b7 b2 b5 98 1b b5 c5 01 c0 a6 a5 da c6 cd
    01 63 88 30 af 22 16 08 bb 64 3d c5 db c8 f5 0f
    16 26 bf fc 0b 8a e7 68 03 32 39 6b 0b 7d 0a c0
    cc 72 8e c1 86 b5 09 08 3d f6 cf 32 4d a5 02 b4
    54 f7 2a b2 f5 69 f2 48 0b db 61 2f 56 e4 b9 c7
    a6 fe f5 59 ce 1e 1e 16 a4 04 aa d9 6b cf 35 78
    2d 6b 19 8c 12 8c 47 cd 8d 04 26 c6 d8 66 c9 d8
    4d fb df a8 df 38 db e5 89 8e 5e b6 83 a9 c4 28
    9b af 63 05 9f 3a 9b 86 ca f3 ef 37 15 24 27 59
    53 61 ad 32 f7 48 86 66 0a b5 b9 b3 e3 7e 97 d4
    f1 91 16 0f a4 cd 4e 5e e9 7a 17 ac 0c e8 cf d6
    86 80 3f 04 3b 80 52 63 11 38 0b 99 f7 7a 49 cc
    78 0f e1 5f 6a 08 5b e6 5e 70 22 a8 f1 52 53 09
    3a c9 89 ed 03 4a da 77
<<< TLS 1.3, Handshake [length 0024], Finished
    14 00 00 20 fe fc 8c 3c d3 13 c2 40 23 a2 8b dd
    b6 8c 9c 4c 71 b2 6f 61 a4 7b 86 f1 fc 71 17 4f
    ab f6 2c d5
>>> TLS 1.2, RecordHeader [length 0005]
    14 03 03 00 01
>>> TLS 1.3, ChangeCipherSpec [length 0001]
    01
>>> TLS 1.2, RecordHeader [length 0005]
    17 03 03 00 35
>>> TLS 1.2, InnerContent [length 0001]
    16
>>> TLS 1.3, Handshake [length 0024], Finished
    14 00 00 20 09 34 59 03 91 5f ba 1f 7c fa 50 b4
    e6 fb ef af 28 dd ed 0d 9c 7e af 53 5b 90 5c 95
    7d 71 87 9e
---
Certificate chain
 0 s:CN=server.example
   i:CN=Root CA
   a:PKEY: RSA, 2048 (bit); sigalg: sha256WithRSAEncryption
   v:NotBefore: Jan 14 22:29:46 2016 GMT; NotAfter: Jan 15 22:29:46 2116 GMT
---
Server certificate
-----BEGIN CERTIFICATE-----
MIIDJTCCAg2gAwIBAgIBAjANBgkqhkiG9w0BAQsFADASMRAwDgYDVQQDDAdSb290
IENBMCAXDTE2MDExNDIyMjk0NloYDzIxMTYwMTE1MjIyOTQ2WjAZMRcwFQYDVQQD
DA5zZXJ2ZXIuZXhhbXBsZTCCASIwDQYJKoZIhvcNAQEBBQADggEPADCCAQoCggEB
ANVdYGrf/GHuSKqMEUhDpW22Ul2qmEmxYZI1sfw6BCUMbXn/tNXJ6VwcO+Crs7h9
o95tveDd11q/FEcRQl6mgtBhwX/dE0bmCYUHDvLU/Bpk0gqtIKsga5bwrczEGVNV
3AEdpLPvirRJU12KBRzx3OFEv8XX4ncZV1yXC3XuiENxD8pswbSyUKd3RmxYDxG/
8XYkWq45QrdRZynh0FUwbxfkkeqt+CjCQ2+iZKn7nZiSYkg+6w1PgkqK/z9y7pa1
rqHBmLrvfZB1bf9aUp6r9cB+0IdD24UHBw99OHr90dPuZR3T6jlqhzfuStPgDW71
cKzCvfFu85KVXqnwoWWVk40CAwEAAaN9MHswHQYDVR0OBBYEFMDnhL/oWSczELBS
T1FSLwbWwHrNMB8GA1UdIwQYMBaAFHB/Lq6DaFmYBCMqzes+F80k3QFJMAkGA1Ud
EwQCMAAwEwYDVR0lBAwwCgYIKwYBBQUHAwEwGQYDVR0RBBIwEIIOc2VydmVyLmV4
YW1wbGUwDQYJKoZIhvcNAQELBQADggEBAHvTBEN1ig8RrsT716Ginv4gGNX0LzGI
RrZ1jO7lm5emuaPNYJpGw0iX5Zdo91qGNXPZaZ75X3S55pQTActq3OPEBOll2pyk
iyjz+Zp/v5cfRZLlBbFW5gv2R94eibYr4U3fSn4B0yPcl4xH/l/HzJhGDsSDW8qK
8VIJvmvsPwmL0JMCv+FR59F+NFYZdND/KCXet59WUpF9ICmFCoBEX3EyJXEPwhbi
X2sdPzJbCjx0HLli8e0HUKNttLQxCsBTRGo6iISLLamwN47mGDa9miBADwGSiz2q
YeeuLO02zToHhnQ6KbPXOrQAqcL1kngO4g+j/ru+4AZThFkdkGnltvk=
-----END CERTIFICATE-----
subject=CN=server.example
issuer=CN=Root CA
---
No client certificate CA names sent
Peer signing digest: SHA256
Peer signature type: rsa_pss_rsae_sha256
Negotiated TLS1.3 group: X25519MLKEM768
---
SSL handshake has read 2381 bytes and written 1467 bytes
Verification error: unable to verify the first certificate
---
New, TLSv1.3, Cipher is TLS_AES_128_GCM_SHA256
Protocol: TLSv1.3
Server public key is 2048 bit
This TLS version forbids renegotiation.
Compression: NONE
Expansion: NONE
No ALPN negotiated
Early data was not sent
Verify return code: 21 (unable to verify the first certificate)
---
>>> TLS 1.2, RecordHeader [length 0005]
    17 03 03 00 13
>>> TLS 1.2, InnerContent [length 0001]
    15
>>> TLS 1.3, Alert [length 0002], warning close_notify
    01 00
Connecting to 127.0.0.1
SSL_connect:before SSL initialization
SSL_connect:SSLv3/TLS write client hello
SSL_connect:SSLv3/TLS write client hello
SSL_connect:SSLv3/TLS read server hello
Can't use SSL_get_servername
SSL_connect:TLSv1.3 read encrypted extensions
depth=0 CN=server.example
verify error:num=20:unable to get local issuer certificate
verify return:1
depth=0 CN=server.example
verify error:num=21:unable to verify the first certificate
verify return:1
depth=0 CN=server.example
verify return:1
SSL_connect:SSLv3/TLS read server certificate
SSL_connect:TLSv1.3 read server certificate verify
SSL_connect:SSLv3/TLS read finished
SSL_connect:SSLv3/TLS write change cipher spec
SSL_connect:SSLv3/TLS write finished
DONE
SSL3 alert write:warning:close notify
