CONNECTED(00000003)
>>> TLS 1.0, RecordHeader [length 0005]
    16 03 01 00 d6
>>> TLS 1.3, Handshake [length 00d6], ClientHello
    01 00 00 d2 03 03 ee 91 0e d0 1c 41 ad da 4c 6c
    6c 40 b5 fb bd 5b ad cf 42 8a d8 97 f2 f6 0b ad
    b9 91 29 d4 fb b8 20 48 33 a6 16 15 72 d7 5f 32
    22 32 23 de 97 40 eb 7f 01 6e c9 e1 f1 fb 05 dd
    cf a9 a4 96 06 93 67 00 06 13 02 13 03 13 01 01
    00 00 83 00 0b 00 04 03 00 01 02 00 0a 00 06 00
    04 11 ec 00 1d 00 23 00 00 00 16 00 00 00 17 00
    00 00 0d 00 2a 00 28 09 05 09 06 09 04 04 03 05
    03 06 03 08 07 08 08 08 1a 08 1b 08 1c 08 09 08
    0a 08 0b 08 04 08 05 08 06 04 01 05 01 06 01 00
    2b 00 03 02 03 04 00 2d 00 02 01 01 00 33 00 26
    00 24 00 1d 00 20 2a ea 49 46 ca 20 18 1a 1f f2
    fc a0 b9 92 16 d0 d4 41 9e 76 24 1e 97 ae 3e 7b
    aa 87 73 c1 a0 19
<<< TLS 1.2, RecordHeader [length 0005]
    16 03 03 00 58
<<< TLS 1.3, Handshake [length 0058], ServerHello
    02 00 00 54 03 03 cf 21 ad 74 e5 9a 61 11 be 1d
    8c 02 1e 65 b8 91 c2 a2 11 16 7a bb 8c 5e 07 9e
    09 e2 c8 a8 33 9c 20 48 33 a6 16 15 72 d7 5f 32
    22 32 23 de 97 40 eb 7f 01 6e c9 e1 f1 fb 05 dd
    cf a9 a4 96 06 93 67 13 02 00 00 0c 00 33 00 02
    11 ec 00 2b 00 02 03 04
>>> TLS 1.2, RecordHeader [length 0005]
    14 03 03 00 01
>>> TLS 1.3, ChangeCipherSpec [length 0001]
    01
>>> TLS 1.2, RecordHeader [length 0005]
    16 03 03 05 76
>>> TLS 1.3, Handshake [length 0576], ClientHello
    01 00 05 72 03 03 ee 91 0e d0 1c 41 ad da 4c 6c
    6c 40 b5 fb bd 5b ad cf 42 8a d8 97 f2 f6 0b ad
    b9 91 29 d4 fb b8 20 48 33 a6 16 15 72 d7 5f 32
    22 32 23 de 97 40 eb 7f 01 6e c9 e1 f1 fb 05 dd
    cf a9 a4 96 06 93 67 00 06 13 02 13 03 13 01 01
    00 05 23 00 0b 00 04 03 00 01 02 00 0a 00 06 00
    04 11 ec 00 1d 00 23 00 00 00 16 00 00 00 17 00
    00 00 0d 00 2a 00 28 09 05 09 06 09 04 04 03 05
    03 06 03 08 07 08 08 08 1a 08 1b 08 1c 08 09 08
    0a 08 0b 08 04 08 05 08 06 04 01 05 01 06 01 00
    2b 00 03 02 03 04 00 2d 00 02 01 01 00 33 04 c6
    04 c4 11 ec 04 c0 a9 8c 97 78 0b bc 5b b0 99 27
    96 14 01 15 80 94 c9 0d 30 d7 c8 4e 61 2f 02 2c
    06 0f 47 87 20 41 71 e9 99 7a 28 69 ba 0a eb 14
    c9 73 2d 3c 33 c5 81 68 c4 2c e8 b8 20 61 8b ca
    44 0c a5 7a 89 56 85 24 e1 70 25 31 90 79 eb 51
    09 26 3c 10 a2 c8 c8 ac 1a ad 08 43 3b 06 b0 1e
    92 e1 58 aa 09 8d ba 53 02 d8 78 7b 92 67 5a b8
    44 a8 4a b5 5e 26 40 0c 64 f9 5b a7 30 a7 c2 b8
    b3 da 2a 39 a8 a8 b9 1f 55 ca a0 ec c1 60 e5 b1
    48 7b 32 42 35 91 37 84 b6 f8 32 c5 84 92 26 50
    89 8f be 64 14 40 22 16 10 89 1b 41 95 34 e6 8a
    62 c7 0b 0f f4 82 5a 87 d6 a0 80 15 0d 23 69 4a
    ac b1 45 aa 79 48 b2 26 cd 7f 4a 98 64 01 93 8e
    65 36 0c c9 af 14 07 43 e1 93 b3 24 e7 cc 90 d4
    c2 8e 58 bc d9 78 28 1a a8 8e 70 e9 13 81 54 60
    24 44 9a b9 cc 2c 79 b2 81 7e d3 8b f4 f2 04 a1
    28 bf e5 b6 93 5e c7 77 b1 5c 74 ad 44 37 48 9a
    c0 2e 75 62 51 56 bb f4 ac 0d 1b b8 44 79 ea 04
    f3 f3 b6 ee 6c 65 08 eb c4 1f 22 50 71 56 c5 a7
    8a 79 22 ec a4 0f 7a ae d4 34 75 5f c8 6d d9 9a
    22 6c 3b 84 a5 16 a7 da a3 15 58 d6 a9 05 c1 63
    93 19 38 27 8c 32 90 71 42 44 d6 42 04 f7 01 f2
    c7 8b 4c da 3c 98 10 5a 5a 33 cd 75 93 5b ff 24
    81 9c 94 65 fc c0 0e 96 e0 5e 43 0c 01 1f 52 ae
    24 c9 47 32 91 2f 77 d6 68 da 69 4e 9e 7c ac 0b
    b3 8d ed cc 8b 64 62 93 79 82 4b dd 0c 73 1a 49
    87 ff 8a bf 55 e9 8e 09 3c 42 25 dc 1e ce d2 7c
    1c f1 58 14 c5 37 c0 56 cc dd 99 68 f3 b4 87 52
    41 33 46 88 37 25 e9 6e 1c 78 29 18 6a 61 13 a4
    56 ff a8 40 a4 6c 49 ad 4a c0 cd dc 94 3d 79 a7
    36 03 12 d1 e6 c6 be 74 ad 8b b2 6e d0 a3 c3 91
    c9 58 36 75 96 70 90 c3 76 04 ca 35 46 57 ca 14
    9c fc 2c 33 61 02 1d 14 44 5c 44 16 1d dd e2 5b
    88 a8 2c 7b 59 cd 50 43 2c f6 9c ce 64 d7 73 38
    3c aa d8 67 0e dd 27 30 e6 61 0d da f6 76 58 69
    75 17 e7 11 1e 15 b4 b9 f4 8e fe 23 13 88 b7 05
    39 ab 5c 59 e2 99 dd 51 4a 03 d4 a7 94 ca 40 60
    3b 56 55 99 8b cf 89 20 b2 21 0b 15 26 a3 fb 3c
    be b9 c7 50 38 38 41 57 71 5e 05 a7 78 6a 16 c9
    c1 65 a1 92 73 17 f7 92 bc 28 88 1c 24 b9 99 e4
    47 bc d5 66 ae c1 ba 49 15 25 09 0a bb b5 b5 b5
    75 5a 2c bb e3 10 60 28 6c 39 6a 1c c3 1e 21 64
    9f 7a 6d 64 8c 44 81 9b 9e 62 4a 20 09 09 06 1b
    26 37 31 70 af a7 f9 8b 35 e5 93 75 12 35 a3 39
    a5 10 00 3f 7e 1c cc c3 8c be 7e 29 34 8a 07 c9
    49 3b 58 ac 61 48 68 a1 3e af 80 a3 32 4b 44 09
    67 81 bb 6b 51 c7 a5 1e 46 41 45 50 41 2b e1 36
    4d cb 32 78 f8 8a 09 4c 0a 4c 28 f3 8e 9f 5c 70
    20 33 35 86 64 22 f7 27 3b 01 d3 28 17 c7 91 ad
    d9 b5 6a 51 4c 0c 98 17 19 1b 64 e7 d5 45 d3 e2
    0d 27 b4 7e 5d 57 0a 98 06 4e bd 0b 66 30 80 15
    bb 45 b3 b1 d0 22 83 f8 4f 4a 05 b5 1e ca 10 0b
    1b 62 ca 99 9a 29 c3 72 54 a1 88 1b aa 5a b6 00
    ac 57 db b6 e5 b9 17 17 66 77 b2 03 3b 96 d8 14
    a2 ca 61 16 1c b2 cb e9 a0 ae e2 29 83 46 78 c7
    a2 60 99 03 12 f9 e5 18 3e 19 51 dd 82 9e 30 52
    23 c5 9c b2 1f 34 60 c7 32 59 c8 1b 53 4a 73 c4
    48 b5 92 75 a3 2c 8f 3c a4 76 cb 51 c6 c6 87 59
    13 90 e9 cb 2a fb 2c 62 95 70 6f 93 5a 6b dd 79
    05 e2 11 46 b2 a8 0e 65 57 72 f5 69 2d 64 80 8d
    16 db 75 a7 38 9a c8 72 67 51 8a 98 81 01 0a 2e
    a4 5a 25 e6 37 22 30 86 fc 66 7f aa c8 b5 0a a0
    75 be b9 0b cd 78 41 79 f5 95 9c d8 8d 57 e9 15
    74 ca 59 25 d5 3f 65 88 a1 bc 53 c8 6c ec a6 5c
    c3 5b 81 f4 8f e3 32 a3 cb 93 0d 76 d3 76 1a da
    ad bf 21 3c d5 cb a6 27 3c 3b fa 4b 98 8f d3 29
    97 18 64 93 89 a1 ee d7 ca 42 3a 31 92 b0 a0 5b
    8c 8d ba 44 42 fc 11 64 b6 59 6f a5 8b 25 08 f2
    c6 5e 23 94 ec e8 bb cd 56 ab 2f 5a b6 0e 5a a4
    ce 49 6d e1 66 97 bd 51 79 33 b0 80 68 3b 4f 52
    34 b4 94 7b 48 d9 b1 c2 30 14 a7 6f 46 3f 14 09
    ab 35 a0 a1 8a 8b 5e a6 a0 6b 13 d4 27 a1 91 83
    51 26 bc 8e 33 72 6a b0 90 4e c6 bb ac 92 db 85
    8b 3d 5c f0 eb e3 cf 58 8a d2 d6 74 fb f0 09 37
    a1 39 45 ba 7e 4a b1 05 49 93 f0 9d ad 1d 1e f9
    fa e8 0f bb 79 ae 60 28 54 26 0c d1 30 b0 dd b9
    90 18 db 10 9e 49
<<< TLS 1.2, RecordHeader [length 0005]
    14 03 03 00 01
<<< TLS 1.3, ChangeCipherSpec [length 0001]
    01
<<< TLS 1.2, RecordHeader [length 0005]
    16 03 03 04 ba
<<< TLS 1.3, Handshake [length 04ba], ServerHello
    02 00 04 b6 03 03 77 b4 61 dc 93 c4 31 49 42 83
    b7 c6 77 46 5e da db bd e9 cf 6f 87 82 e3 66 42
    92 ee cd 79 49 7d 20 48 33 a6 16 15 72 d7 5f 32
    22 32 23 de 97 40 eb 7f 01 6e c9 e1 f1 fb 05 dd
    cf a9 a4 96 06 93 67 13 02 00 04 6e 00 33 04 64
    11 ec 04 60 96 51 a6 77 56 a5 36 e2 a0 88 b8 f5
    24 cf ca 12 11 b7 a9 fe 56 fa d5 fd b2 2f d2 35
    a8 75 b4 12 f6 30 a7 de 5b 44 ff ac 55 b2 e9 32
    58 5c 0c 14 c7 55 40 9e 57 40 7b 28 e4 4f 41 45
    9d 90 a0 4f 46 c0 1a 03 e0 fd 94 ab 71 e1 03 bc
    1b 87 8a 0d 13 99 2d 6a 37 dd b7 f5 b9 07 e5 6c
    bb cb ca 33 15 07 aa a5 f9 b1 82 c9 ef 4a d9 b8
    3f 1a 56 97 8b a2 99 7d 7b 2e 08 ba f1 dd d2 20
    93 50 a6 8d 29 fb 5a 76 c8 e2 bc a4 d1 de a9 fd
    ff 5e eb 07 e7 8e 19 32 10 72 d5 d6 1c 11 19 43
    93 77 b3 64 c0 22 14 17 b8 96 21 36 65 b0 a3 e4
    b9 8d 63 fd d1 83 94 c1 61 0f c9 b2 d2 d1 87 34
    51 72 76 32 76 e8 ee 22 f8 6e 59 be f8 fd ff c6
    27 f4 f6 81 ad 4e 99 5f 44 56 fa 7b 84 2f 0b 06
    bc a6 c7 b5 be 37 7c 6f 23 7f a4 3d fa 40 a7 aa
    30 88 ed bd ac ad bd b0 de 72 f2 b7 5e 35 3d 33
    e7 42 e2 d7 3e 60 6b 46 96 42 5b ea f0 35 32 34
    ff 38 8c f8 11 48 b1 41 24 46 37 1c 9f ed 06 42
    bb 27 5b c1 63 cc 0a f3 00 9a b5 1d a6 1b 7a 9a
    74 e7 52 dc b7 af 19 07 20 65 d2 46 c9 e2 66 e4
    c3 fe 6a 06 ad 95 df 70 8f 67 a2 b4 f8 8a cf 10
    3b bf fe be 17 44 90 56 d5 68 63 44 56 97 0e 04
    34 c1 b1 54 c0 49 dc 9f a6 77 ab 44 0a e5 c0 6d
    27 45 21 b8 09 66 db 3d f5 a5 e4 b2 7e 0f fa 4f
    bc 1d 42 7d da 20 c2 66 d9 28 b3 e3 ec 82 de 48
    f7 13 fa 9f 90 b0 ea a5 7b 9a 6f c9 89 e5 ee fe
    07 aa ea 12 19 0f 1b c2 f5 c6 22 37 62 fc 73 c4
    aa 12 6e a7 68 d8 de 57 ee ce 5a a0 e0 12 4b 7b
    fa cb 45 6c 85 a9 b8 ec 1c 08 03 45 9a ff 27 16
    9d 44 1a 29 61 5e 80 25 ef e8 e4 f1 e0 8d 87 d1
    e5 e0 5c dd 7a 42 79 52 48 a2 e9 0c 8e c5 ac ad
    1c 40 7d c6 45 07 59 d0 bd 9c ac fa de 49 27 a0
    68 2d 22 39 70 13 95 cd c5 b9 6c 73 cd 02 67 a9
    e5 2a f2 76 c1 ed d8 fd d0 a0 08 e5 62 c7 bc 2b
    f6 90 8e 20 87 1d 29 bf b5 02 ef 47 00 61 e9 f2
    bc f4 07 75 e5 5c 2c 08 26 20 d6 27 3f 06 60 b2
    7c 74 cb af c2 66 4e ee a1 96 60 28 c3 41 c6 a6
    e5 56 29 f2 86 b8 11 4e 2f 8f 1d f8 bf f5 49 65
    dc 3f 84 b5 8c c0 a5 f7 12 d7 55 77 70 fa c1 4a
    df de b4 ac fe 67 ce f7 b5 a9 0f 14 3e d2 89 f7
    df 8a 0d d1 d3 ed a3 a8 57 ea cf ef 71 d0 28 a6
    34 3c fc ce 9f 5b cd ef fc c9 dc f6 f3 cc 0b 31
    c3 71 35 f0 96 73 39 29 fd 0e 23 1e c0 2a b4 eb
    84 b2 2c ec 18 73 b5 db 66 b4 0d df cf c0 d7 2a
    d0 d7 a6 1a 06 c8 89 55 a6 12 af 2b 0b 18 46 3d
    c1 61 02 11 4d b1 83 0e ee b7 f4 b2 d3 a7 6e 78
    ff 21 0a 9a a2 27 2f 0b de ec ca d9 e0 94 16 9c
    3b 15 23 8a ae 34 e3 44 65 71 4b 8c f8 59 b7 2a
    9a 58 39 d8 c3 01 3e 0e 88 ea 95 d4 64 4c b1 74
    3a 42 8f a1 24 5b 70 04 11 2e 82 75 43 72 9d 08
    b9 b0 ee e5 52 72 46 3c 5a 32 d8 c3 76 d2 6a f5
    de 77 f6 6e 6b 99 86 a9 ab c7 37 54 13 20 f0 11
    b6 47 c7 ea 41 20 89 83 38 38 7d 5b 0c 3e 53 89
    75 cc 1d 60 45 4e 20 ae fd f6 d5 2b f5 ee b2 c8
    65 d9 38 82 2d 23 0d 2e 07 f7 89 5c d8 3f 46 fe
    b8 db 12 14 fe 5b 78 a2 50 63 7d d7 79 d5 30 18
    40 cc bf 90 e1 89 34 36 e0 9a 5e ce 06 cf 4b 7c
    3c b0 0c fe c9 71 ba 59 c8 d4 74 e8 ab 41 57 09
    40 a2 3f b8 c0 5d f4 7b 4b 6f a6 de b4 6d dd 6e
    35 e9 0f 08 54 41 02 e2 e7 51 2a e5 f7 82 98 9f
    76 7f 52 52 7e 13 ad 51 e1 7c d2 e1 45 72 d7 a0
    8f da 6a 41 7f 65 85 ed c7 04 a9 09 6a 00 3a c8
    eb 49 ac a5 bb d0 b4 16 53 ff ce 59 ca 76 e9 1a
    1b 3d f4 72 05 e2 ec d6 01 0b 54 7f a2 f7 9d f5
    d2 c9 5c d6 57 48 20 70 b4 2a ef a1 df 0d 83 61
    b6 3b a3 ba e5 8d 0f 67 0c cc ad 8b 01 cd c4 11
    9a f2 55 fb 27 ca d3 74 36 ef d7 a5 a1 ef 8a 48
    66 df ed e5 12 ce 26 7f 2d 22 95 91 ed 27 bb ce
    56 43 42 fd 86 9f 10 1c e1 3c c6 2f 52 08 de 52
    ae f0 53 ca 3a bd 4c dc 13 ac 23 f6 c9 8a 43 f1
    f1 63 8e 22 00 2b 00 02 03 04
<<< TLS 1.2, RecordHeader [length 0005]
    17 03 03 04 89
<<< TLS 1.3, InnerContent [length 0001]
    16
<<< TLS 1.3, Handshake [length 0006], EncryptedExtensions
    08 00 00 02 00 00
<<< TLS 1.3, Handshake [length 0336], Certificate
    0b 00 03 32 00 00 03 2e 00 03 29 30 82 03 25 30
    82 02 0d a0 03 02 01 02 02 01 02 30 0d 06 09 2a
    86 48 86 f7 0d 01 01 0b 05 00 30 12 31 10 30 0e
    06 03 55 04 03 0c 07 52 6f 6f 74 20 43 41 30 20
    17 0d 31 36 30 31 31 34 32 32 32 39 34 36 5a 18
    0f 32 31 31 36 30 31 31 35 32 32 32 39 34 36 5a
    30 19 31 17 30 15 06 03 55 04 03 0c 0e 73 65 72
    76 65 72 2e 65 78 61 6d 70 6c 65 30 82 01 22 30
    0d 06 09 2a 86 48 86 f7 0d 01 01 01 05 00 03 82
    01 0f 00 30 82 01 0a 02 82 01 01 00 d5 5d 60 6a
    df fc 61 ee 48 aa 8c 11 48 43 a5 6d b6 52 5d aa
    98 49 b1 61 92 35 b1 fc 3a 04 25 0c 6d 79 ff b4
    d5 c9 e9 5c 1c 3b e0 ab b3 b8 7d a3 de 6d bd e0
    dd d7 5a bf 14 47 11 42 5e a6 82 d0 61 c1 7f dd
    13 46 e6 09 85 07 0e f2 d4 fc 1a 64 d2 0a ad 20
    ab 20 6b 96 f0 ad cc c4 19 53 55 dc 01 1d a4 b3
    ef 8a b4 49 53 5d 8a 05 1c f1 dc e1 44 bf c5 d7
    e2 77 19 57 5c 97 0b 75 ee 88 43 71 0f ca 6c c1
    b4 b2 50 a7 77 46 6c 58 0f 11 bf f1 76 24 5a ae
    39 42 b7 51 67 29 e1 d0 55 30 6f 17 e4 91 ea ad
    f8 28 c2 43 6f a2 64 a9 fb 9d 98 92 62 48 3e eb
    0d 4f 82 4a 8a ff 3f 72 ee 96 b5 ae a1 c1 98 ba
    ef 7d 90 75 6d ff 5a 52 9e ab f5 c0 7e d0 87 43
    db 85 07 07 0f 7d 38 7a fd d1 d3 ee 65 1d d3 ea
    39 6a 87 37 ee 4a d3 e0 0d 6e f5 70 ac c2 bd f1
    6e f3 92 95 5e a9 f0 a1 65 95 93 8d 02 03 01 00
    01 a3 7d 30 7b 30 1d 06 03 55 1d 0e 04 16 04 14
    c0 e7 84 bf e8 59 27 33 10 b0 52 4f 51 52 2f 06
    d6 c0 7a cd 30 1f 06 03 55 1d 23 04 18 30 16 80
    14 70 7f 2e ae 83 68 59 98 04 23 2a cd eb 3e 17
    cd 24 dd 01 49 30 09 06 03 55 1d 13 04 02 30 00
    30 13 06 03 55 1d 25 04 0c 30 0a 06 08 2b 06 01
    05 05 07 03 01 30 19 06 03 55 1d 11 04 12 30 10
    82 0e 73 65 72 76 65 72 2e 65 78 61 6d 70 6c 65
    30 0d 06 09 2a 86 48 86 f7 0d 01 01 0b 05 00 03
    82 01 01 00 7b d3 04 43 75 8a 0f 11 ae c4 fb d7
    a1 a2 9e fe 20 18 d5 f4 2f 31 88 46 b6 75 8c ee
    e5 9b 97 a6 b9 a3 cd 60 9a 46 c3 48 97 e5 97 68
    f7 5a 86 35 73 d9 69 9e f9 5f 74 b9 e6 94 13 01
    cb 6a dc e3 c4 04 e9 65 da 9c a4 8b 28 f3 f9 9a
    7f bf 97 1f 45 92 e5 05 b1 56 e6 0b f6 47 de 1e
    89 b6 2b e1 4d df 4a 7e 01 d3 23 dc 97 8c 47 fe
    5f c7 cc 98 46 0e c4 83 5b ca 8a f1 52 09 be 6b
    ec 3f 09 8b d0 93 02 bf e1 51 e7 d1 7e 34 56 19
    74 d0 ff 28 25 de b7 9f 56 52 91 7d 20 29 85 0a
    80 44 5f 71 32 25 71 0f c2 16 e2 5f 6b 1d 3f 32
    5b 0a 3c 74 1c b9 62 f1 ed 07 50 a3 6d b4 b4 31
    0a c0 53 44 6a 3a 88 84 8b 2d a9 b0 37 8e e6 18
    36 bd 9a 20 40 0f 01 92 8b 3d aa 61 e7 ae 2c ed
    36 cd 3a 07 86 74 3a 29 b3 d7 3a b4 00 a9 c2 f5
    92 78 0e e2 0f a3 fe bb be e0 06 53 84 59 1d 90
    69 e5 b6 f9 00 00
<<< TLS 1.3, Handshake [length 0108], CertificateVerify
    0f 00 01 04 08 06 01 00 2d 80 8c 1f 5b 0b b9 1b
    3d 7b 7a d6 74 1d e9 dd 71 f9 c9 90 76 ff b5 98
    ba ae 4d 66 79 f5 d2 0c dd 14 01 7f c0 e9 f7 8e
    68 c7 d3 0c c5 6e e3 3a 87 0f 5d 04 2a 9a 74 15
    f4 3e dd 9b bd 0e f0 51 67 c1 c7 34 7e 38 90 78
    f8 84 47 d1 3f 9d 57 2c 2e 7c d6 29 a3 f8 3e a4
    16 80 6a b6 9d 1d e5 94 52 b7 3c 36 9c f2 fa 4b
    70 3a bb 22 f9 82 44 51 f5 85 5a 31 4b ae 98 f2
    b9 58 b2 92 6c a8 bb ca f3 09 f9 8a e0 1a ad 20
    b7 f5 54 7a 12 99 8a 87 cc e7 67 27 52 8e da 36
    46 58 cf e3 62 d2 e8 17 f1 ee dc 14 6c 40 6f a6
    cf e2 84 7f 58 0a f9 f6 63 3a dc 8b a9 be e8 8f
    c6 38 a0 ab 6c 04 72 ee 22 2f 4e 00 b9 98 e5 53
    d7 77 12 48 7d 92 e9 25 b3 c7 c2 b0 07 23 e6 df
    be ea 91 06 e5 b6 bf 61 02 9e 24 54 b0 c6 e2 f3
    2e 23 64 55 d7 a7 70 6a d6 2b 8f da 42 a2 a6 a3
    75 85 61 ed 04 79 1d df
<<< TLS 1.3, Handshake [length 0034], Finished
    14 00 00 30 21 24 8f 1c e6 dc 8c da cd 11 af 26
    21 fa 42 b3 e8 5a 68 99 64 b9 18 5a 4e f0 fb 0e
    13 fb 5c c8 90 20 1f b8 96 33 82 bd b5 66 1b 43
    c4 3f 98 aa
>>> TLS 1.2, RecordHeader [length 0005]
    17 03 03 00 45
>>> TLS 1.2, InnerContent [length 0001]
    16
>>> TLS 1.3, Handshake [length 0034], Finished
    14 00 00 30 11 80 4e 64 fd d0 3e 88 b5 19 ae 93
    1e 15 72 44 dd cf 50 41 fb 35 92 b7 ab 09 44 48
    a9 85 63 ef 42 6c d4 70 b3 06 03 44 23 db db 02
    5e 55 a8 25
---
Certificate chain
 0 s:CN=server.example
   i:CN=Root CA
   a:PKEY: RSA, 2048 (bit); sigalg: sha256WithRSAEncryption
   v:NotBefore: Jan 14 22:29:46 2016 GMT; NotAfter: Jan 15 22:29:46 2116 GMT
---
Server certificate
-----BEGIN CERTIFICATE-----
MIIDJTCCAg2gAwIBAgIBAjANBgkqhkiG9w0BAQsFADASMRAwDgYDVQQDDAdSb290
IENBMCAXDTE2MDExNDIyMjk0NloYDzIxMTYwMTE1MjIyOTQ2WjAZMRcwFQYDVQQD
DA5zZXJ2ZXIuZXhhbXBsZTCCASIwDQYJKoZIhvcNAQEBBQADggEPADCCAQoCggEB
ANVdYGrf/GHuSKqMEUhDpW22Ul2qmEmxYZI1sfw6BCUMbXn/tNXJ6VwcO+Crs7h9
o95tveDd11q/FEcRQl6mgtBhwX/dE0bmCYUHDvLU/Bpk0gqtIKsga5bwrczEGVNV
3AEdpLPvirRJU12KBRzx3OFEv8XX4ncZV1yXC3XuiENxD8pswbSyUKd3RmxYDxG/
8XYkWq45QrdRZynh0FUwbxfkkeqt+CjCQ2+iZKn7nZiSYkg+6w1PgkqK/z9y7pa1
rqHBmLrvfZB1bf9aUp6r9cB+0IdD24UHBw99OHr90dPuZR3T6jlqhzfuStPgDW71
cKzCvfFu85KVXqnwoWWVk40CAwEAAaN9MHswHQYDVR0OBBYEFMDnhL/oWSczELBS
T1FSLwbWwHrNMB8GA1UdIwQYMBaAFHB/Lq6DaFmYBCMqzes+F80k3QFJMAkGA1Ud
EwQCMAAwEwYDVR0lBAwwCgYIKwYBBQUHAwEwGQYDVR0RBBIwEIIOc2VydmVyLmV4
YW1wbGUwDQYJKoZIhvcNAQELBQADggEBAHvTBEN1ig8RrsT716Ginv4gGNX0LzGI
RrZ1jO7lm5emuaPNYJpGw0iX5Zdo91qGNXPZaZ75X3S55pQTActq3OPEBOll2pyk
iyjz+Zp/v5cfRZLlBbFW5gv2R94eibYr4U3fSn4B0yPcl4xH/l/HzJhGDsSDW8qK
8VIJvmvsPwmL0JMCv+FR59F+NFYZdND/KCXet59WUpF9ICmFCoBEX3EyJXEPwhbi
X2sdPzJbCjx0HLli8e0HUKNttLQxCsBTRGo6iISLLamwN47mGDa9miBADwGSiz2q
YeeuLO02zToHhnQ6KbPXOrQAqcL1kngO4g+j/ru+4AZThFkdkGnltvk=
-----END CERTIFICATE-----
subject=CN=server.example
issuer=CN=Root CA
---
No client certificate CA names sent
Peer signing digest: SHA512
Peer signature type: rsa_pss_rsae_sha512
Negotiated TLS1.3 group: X25519MLKEM768
---
SSL handshake has read 2480 bytes and written 1702 bytes
Verification error: unable to verify the first certificate
---
New, TLSv1.3, Cipher is TLS_AES_256_GCM_SHA384
Protocol: TLSv1.3
Server public key is 2048 bit
This TLS version forbids renegotiation.
Compression: NONE
Expansion: NONE
No ALPN negotiated
Early data was not sent
Verify return code: 21 (unable to verify the first certificate)
---
<<< TLS 1.2, RecordHeader [length 0005]
    17 03 03 00 b3
<<< TLS 1.3, InnerContent [length 0001]
    16
<<< TLS 1.3, Handshake [length 0051], NewSessionTicket
    04 00 00 4d 00 01 51 80 e5 46 d0 40 20 dc 47 8a
    b1 23 c1 4b 1e 1f 2e f3 ca 80 60 bd 00 21 8d 34
    67 c0 27 47 83 b1 62 f0 c4 da 15 ae 13 00 20 19
    e5 9f 9d f9 7c a2 4b b8 61 5d 4c 8d 73 f6 c1 4f
    0e e9 b1 11 3d bd 47 c5 4c 33 cf 34 bc e3 2f 00
    00
---
Post-Handshake New Session Ticket arrived:
SSL-Session:
    Protocol  : TLSv1.3
    Cipher    : TLS_AES_256_GCM_SHA384
    Session-ID: 3A1D702E96B38008FF52551B87F42FD000EEFB3A671B62747B99D4286322C527
    Session-ID-ctx: 
    Resumption PSK: F42D32B969ED21528823BE7D1A97BDFE62DFE652CFEDD6D818CA116AC8535C118964BF8BB0FE88843F83D5F842D1B7A6
    PSK identity: None
    PSK identity hint: None
    SRP username: None
    TLS session ticket lifetime hint: 86400 (seconds)
    TLS session ticket:
    0000 - 19 e5 9f 9d f9 7c a2 4b-b8 61 5d 4c 8d 73 f6 c1   .....|.K.a]L.s..
    0010 - 4f 0e e9 b1 11 3d bd 47-c5 4c 33 cf 34 bc e3 2f   O....=.G.L3.4../

    Start Time: 1790649660
    Timeout   : 7200 (sec)
    Verify return code: 21 (unable to verify the first certificate)
    Extended master secret: no
    Max Early Data: 0
---
read R BLOCK
<<< TLS 1.3, Handshake [length 0051], NewSessionTicket
    04 00 00 4d 00 01 51 80 b1 13 31 1b 20 78 47 71
    06 1f 53 75 6d 03 40 b4 e5 85 21 be 6d f1 f5 65
    f1 72 46 15 ab d3 33 9f 11 cf 3a b3 7d 00 20 2c
    d4 15 9e 97 38 7c e7 25 ff 15 fa 16 8d 1f 82 9d
    cc ac 32 b0 d9 a4 78 fd ca dd b6 86 e3 9a f5 00
    00
---
Post-Handshake New Session Ticket arrived:
SSL-Session:
    Protocol  : TLSv1.3
    Cipher    : TLS_AES_256_GCM_SHA384
    Session-ID: 8DFC5279A9C17D82D31B6594991F427F827D138DAFFEF72C1EA0C23AF120928C
    Session-ID-ctx: 
    Resumption PSK: 6DA250B2EEFF45E6CACE46239EC70ABA07C4139440B4ADC2CBCDF1B3D137AF26654C9037E188A68E15B68A119849E26F
    PSK identity: None
    PSK identity hint: None
    SRP username: None
    TLS session ticket lifetime hint: 86400 (seconds)
    TLS session ticket:
    0000 - 2c d4 15 9e 97 38 7c e7-25 ff 15 fa 16 8d 1f 82   ,....8|.%.......
    0010 - 9d cc ac 32 b0 d9 a4 78-fd ca dd b6 86 e3 9a f5   ...2...x........

    Start Time: 1790649660
    Timeout   : 7200 (sec)
    Verify return code: 21 (unable to verify the first certificate)
    Extended master secret: no
    Max Early Data: 0
---
read R BLOCK
>>> TLS 1.2, RecordHeader [length 0005]
    17 03 03 00 13
>>> TLS 1.2, InnerContent [length 0001]
    15
>>> TLS 1.3, Alert [length 0002], warning close_notify
    01 00
Connecting to 127.0.0.1
SSL_connect:before SSL initialization
SSL_connect:SSLv3/TLS write client hello
SSL_connect:SSLv3/TLS write client hello
SSL_connect:SSLv3/TLS read server hello
SSL_connect:SSLv3/TLS write change cipher spec
SSL_connect:SSLv3/TLS write client hello
SSL_connect:SSLv3/TLS write client hello
SSL_connect:SSLv3/TLS read server hello
Can't use SSL_get_servername
SSL_connect:TLSv1.3 read encrypted extensions
depth=0 CN=server.example
verify error:num=20:unable to get local issuer certificate
verify return:1
depth=0 CN=server.example
verify error:num=21:unable to verify the first certificate
verify return:1
depth=0 CN=server.example
verify return:1
SSL_connect:SSLv3/TLS read server certificate
SSL_connect:TLSv1.3 read server certificate verify
SSL_connect:SSLv3/TLS read finished
SSL_connect:SSLv3/TLS write finished
SSL_connect:SSL negotiation finished successfully
SSL_connect:SSL negotiation finished successfully
SSL_connect:SSLv3/TLS read server session ticket
SSL_connect:SSL negotiation finished successfully
SSL_connect:SSL negotiation finished successfully
SSL_connect:SSLv3/TLS read server session ticket
DONE
SSL3 alert write:warning:close notify
