CONNECTED(00000003)
>>> TLS 1.0, RecordHeader [length 0005]
    16 03 01 05 76
>>> TLS 1.3, Handshake [length 0576], ClientHello
    01 00 05 72 03 03 7f 9b e5 a8 f9 9a 36 d3 9b 92
    85 3b 26 bf a0 36 6e bd 2c d5 8b 79 58 6d 9a 3a
    80 46 eb c7 ce 6d 20 da c4 65 ee 94 05 c7 cb 8c
    65 0c 91 34 1a cf 96 6a 8b a9 05 40 b2 aa ff 0e
    fb 79 5c 9c 3c 25 75 00 06 13 02 13 03 13 01 01
    00 05 23 00 0b 00 04 03 00 01 02 00 0a 00 06 00
    04 11 ec 00 1d 00 23 00 00 00 16 00 00 00 17 00
    00 00 0d 00 2a 00 28 09 05 09 06 09 04 04 03 05
    03 06 03 08 07 08 08 08 1a 08 1b 08 1c 08 09 08
    0a 08 0b 08 04 08 05 08 06 04 01 05 01 06 01 00
    2b 00 03 02 03 04 00 2d 00 02 01 01 00 33 04 c6
    04 c4 11 ec 04 c0 69 94 55 4e 72 c9 85 e2 b1 e5
    db 6e 59 28 0b 29 42 b9 e3 80 04 3d a0 35 22 78
    1a 75 e8 1f 07 b5 8b 40 bb 35 d4 c7 42 67 38 59
    d7 a9 8f 33 65 11 8e 41 17 81 aa a2 cb c4 0b 5e
    74 14 91 6c c2 a4 21 63 53 28 cd 97 5a bd 45 94
    cc 05 62 10 c2 cc 60 36 b9 13 7f f3 21 de bc 0a
    01 81 40 94 06 ce 3b 12 c1 0e 11 b6 0a 41 7c f4
    53 52 eb 8b 4d 9b f6 ab 70 6c 1d 2c 49 3e 6f 2a
    8d f8 51 c3 f6 98 9b cf 95 47 63 a4 26 be 3b 35
    e4 7a a8 40 21 14 3f f2 93 c1 09 42 d2 54 1d e4
    95 a4 6c 5b b4 71 9b 4a 30 9c 2d 6f cc 03 a5 d9
    15 89 b0 ad ce 21 3d 7a e2 bb 78 96 ab f6 19 4d
    48 d7 6e fb 42 89 1c 10 24 01 99 c5 86 8a 2e 78
    96 2f dc 9b 90 78 4b 46 62 54 a3 1c ba 7a 90 f7
    be 9d 40 83 3a 1c 73 a0 0b 20 21 2b 5d 97 b5 5f
    72 cb 80 e7 b5 57 89 88 11 ce 91 97 3e 54 35 e7
    12 0b e5 b4 2e 1e 94 2d ec a0 bd e7 b8 87 6d 22
    7e 17 8a 8a 4c a9 7c 64 58 46 50 b4 24 a4 77 7f
    19 53 9d af 4c 11 a4 d5 84 45 8a 0f ee 1a b0 c3
    a5 09 7f d1 53 8d e1 2a 5f b3 3e fa 90 26 e8 ab
    6c e5 43 1b 63 30 85 6f d7 21 92 7b 54 17 73 31
    a5 cb 90 9d e9 77 02 72 9f 97 b9 a3 19 c0 02 76
    ca 1f 9b 87 a4 ff a7 9d f5 58 83 29 7b 45 04 58
    a6 7c 24 37 52 e3 78 41 e9 0c f0 f5 97 6b 84 67
    44 dc bd d4 85 4a 08 c7 34 90 15 70 2f 73 bb c8
    7c 8a 00 f9 1b 71 76 ad b1 e9 24 14 33 c7 3a 73
    a7 b8 d4 63 26 3a b2 6a c3 cd 08 29 ca bf f4 a4
    9e b5 b7 a8 b1 0b 4a 94 a4 49 93 40 d8 d9 b8 56
    78 aa 81 85 4e f6 64 ba c1 b6 71 ec 40 13 87 77
    37 3e 62 8c 28 1c 5b f4 f4 72 6e c8 51 a1 f6 4a
    ce 89 4a 6b 59 67 08 b3 58 1a e8 7b 8b 72 08 f9
    7b 66 42 8b a5 7d 63 52 03 97 4c fb 3a bc 83 84
    7f cc 50 62 20 6b 02 21 00 67 8a 66 52 2e 98 6f
    ed 04 a0 77 01 47 0c 01 13 ec b7 61 bd 07 bb 69
    57 a7 b5 48 8c 8b 13 1b 0d e5 23 4a d9 61 b3 d9
    33 71 93 4d 4b 87 50 d2 05 23 11 92 14 2e aa 0a
    6a b2 0a 19 30 b9 bc 32 6c 1d 34 7b 59 66 7d b1
    3b 41 32 c9 cc 94 d2 a8 08 40 56 a6 b7 41 2d a3
    01 10 67 0a 85 2b 38 9f eb 24 71 91 36 69 3a 16
    1b ba 7f 96 50 b0 4f b5 69 63 66 72 8f fc 09 86
    d4 97 d0 40 cc b8 d8 5a d7 f4 3c 83 82 3c 20 15
    91 bd 70 a0 5b 93 be e4 89 78 d5 25 8b 98 d0 93
    64 da 7f 87 32 45 f8 77 11 c5 7c ba f3 52 13 7d
    a2 ca 15 8a 05 08 75 26 30 05 97 b4 45 b6 e1 ab
    62 bf 9c 21 8a 26 9b 1b 56 a1 65 37 7b ec 62 5c
    66 84 70 8f 16 9f 12 d2 18 92 2b bb c6 3b b7 aa
    d3 7c d8 87 35 f9 5b b5 7c 65 35 18 a9 3d 28 b7
    7e 9b 24 8b b6 54 5a e3 c7 41 2b fb 3c 63 e6 18
    2f f8 9f eb 84 00 0d 23 35 85 f4 c8 b3 85 b4 82
    23 7d b2 4b 0d 30 e0 32 54 c3 7b bd 60 02 54 31
    6f 3b 68 0c 0d e3 4e aa e0 86 37 61 77 39 06 89
    e5 55 7b c9 c7 5c 6b b9 11 49 80 5e 63 ec 2a 87
    e7 37 1f 90 45 18 9c 50 e3 ac 70 c8 a6 a2 16 0b
    ad 28 a5 41 d4 db 2a b1 91 aa 90 c5 21 7a 24 99
    88 c3 2a bb 02 88 a2 9a 07 93 16 73 42 4c 50 1a
    dc 3f 42 89 1b c3 c4 33 df b7 be 6a 77 3d 2d 86
    ca b3 88 b4 93 39 9a 0a 36 b6 cc 13 ba f5 a5 9d
    27 a3 43 43 89 83 39 2a 4c 69 68 cf ff f7 24 7e
    01 2d c7 13 27 d4 9c b9 17 c8 70 38 92 14 e8 60
    99 38 31 43 e3 c4 ac 6f 77 7c 6d 7c cb 03 7c 2d
    9e 5c 6c 9f b4 34 eb 4b 43 ed 90 aa 27 c9 89 0f
    f9 ca 77 ea b5 ed 91 43 08 04 70 84 1c b4 31 f3
    a2 de 14 9a 3a e4 93 34 32 7a fb 14 cf 86 e7 14
    e8 3c 9c 38 89 44 cb e7 08 45 2a 10 31 aa 4b cf
    fc b1 6d 76 80 fc c5 74 8f 78 03 84 57 27 f3 4b
    c9 fe f1 a9 b1 ea be 54 70 00 90 fa b4 45 42 05
    5b 07 58 b4 52 b8 ae f9 5e 69 6b 74 46 ab 50 78
    f5 a7 d4 a9 80 7b 13 7c fd 19 42 36 72 84 73 67
    34 6b a9 b5 00 4a 21 4f 6a 97 71 e9 2b 0d a6 30
    ac 86 98 e4 36 c0 e1 81 b2 c5 f0 16 20 20 0b 71
    18 2d b1 53 a7 5f cb 37 e8 98 70 19 6c 8a a6 f0
    ce 4c 97 38 b0 81 79 5e 8c 25 99 54 98 18 b3 91
    51 d8 80 e1 e9 c7 76 55 04 4c 5d fb 5e d4 42 15
    74 13 f9 41 08 ca 17 4a 85 b6 43 a5 41 45 e8 4b
    84 4f 16 52 17 67 c2 b3 d9 d3 38 e5 d8 69 54 a5
    92 c6 19 41 58 08 d2 01 67 3c 65 8f f4 e3 8e 8c
    d1 09 3d 9e d8 15
<<< TLS 1.2, RecordHeader [length 0005]
    16 03 03 04 ba
<<< TLS 1.3, Handshake [length 04ba], ServerHello
    02 00 04 b6 03 03 6f c7 45 ac 7d 29 2c 6c 58 a2
    13 ce d2 89 fe 3e fe 3f 27 7c 5a 4b 86 e3 cc 14
    af fd 5a a3 33 94 20 da c4 65 ee 94 05 c7 cb 8c
    65 0c 91 34 1a cf 96 6a 8b a9 05 40 b2 aa ff 0e
    fb 79 5c 9c 3c 25 75 13 02 00 04 6e 00 2b 00 02
    03 04 00 33 04 64 11 ec 04 60 90 7a cb 1b 86 58
    fa 07 5b 08 bf 6f 40 f4 71 82 bf 6b e8 be 6c 22
    36 3e 9a bf 2c f4 55 9d 39 4c 0d c0 a8 d6 6e 7c
    cc d6 8a b4 41 57 83 a3 b4 ea 9b eb a3 ba b2 d2
    e4 b9 b5 9f 1b 4d 92 06 0a bb c7 c9 c3 e9 90 4e
    b4 c6 e6 2f 98 08 4c 38 e0 e9 bd 02 5f 2a 25 b5
    95 9c 76 98 dd 10 3b 60 cd 02 34 46 30 a0 57 30
    17 62 83 d1 80 87 30 f8 bc 5c 09 26 4a e4 9f ef
    10 7a 94 0c a4 6b 31 b4 2a 5b f5 b1 9b c5 c8 19
    47 e6 98 fe c1 2a 5b df 88 f4 b3 5d 7e 2d 87 30
    f3 e4 46 5a 9b c1 d3 b0 46 65 cb c5 33 e0 a4 ae
    b0 8c 4e f3 42 fb d6 76 8a 05 e2 4c 0f e0 d6 09
    a2 2f c0 d4 53 9e 58 ac 1a 6b 40 57 90 f1 19 88
    fb d1 75 0b 5e 5a 58 c0 fe ce f6 7a d2 71 01 eb
    f1 21 c3 c2 26 5d cf 0b 94 ad be 57 6b cf 9b 78
    27 67 be ad 1f 32 a2 bf a5 9b 5e f9 a5 b9 c1 a7
    ee 44 0e 6c 40 70 0e 9c 72 73 bf 6c 3f ec 66 d3
    83 e2 a9 a3 d9 5e dd 6c fd 57 d2 81 b9 73 dc 6e
    03 62 52 6d af 1f 53 52 94 98 50 5e 60 59 14 f2
    70 9d bf 0d ea a8 59 d0 30 34 65 0e 79 2c ab 5d
    91 0c e4 d8 2b aa 46 89 df 65 8e 7a d5 d9 31 66
    e8 9d 53 de 10 39 c4 0a 53 c8 df 2f 34 10 a9 6e
    5b 08 93 5c 44 26 85 17 f2 6f ae b8 b4 d8 e6 c0
    1c 3b cc 48 c3 73 f0 d8 f7 19 23 c2 a6 09 46 6e
    f0 33 5f 0d cb df 48 d9 99 d1 b8 29 51 d9 21 4c
    eb 55 42 80 8d 70 ef 0c e1 ac c1 07 cc bf 8e 4e
    36 41 a3 82 98 ec ad f9 6b 85 c4 59 5d 08 90 bd
    e9 8f f1 e4 d9 2c 9c a9 c7 fc 19 04 42 81 ff 4d
    aa 15 be 5d ea f1 19 ad 20 e8 4b 3f f6 47 b2 42
    df 9b 39 cd ec 3d 1b 24 a8 7d 8f 55 5a 1a 62 73
    40 0b 7d b9 43 64 66 d2 34 1f d8 a1 87 c0 4e 3c
    5f 19 45 c9 f9 ce fe b4 6c f3 be 10 bf b2 b7 ed
    82 1c dc f0 0d 8d 8c d2 c0 ee ae 06 59 1a 07 3a
    75 9b b1 81 7d fa 34 92 71 e3 ab ed ce 17 c5 b7
    af 35 67 c3 3f 3d e9 23 08 84 95 cf 93 b6 eb 0e
    bc 24 35 0d f6 59 b6 16 2c 7c 75 6d dd 5c 31 2e
    75 cd bc 8a 76 59 13 2f 31 e8 b8 87 0a b2 d7 24
    74 be 6b 20 16 6e 57 e9 87 a2 e2 85 a4 64 65 0f
    7f 7d fc df c1 39 9f e7 0b e6 4a 64 5b 1a 25 12
    b3 c5 33 c7 1f 17 27 61 d3 25 51 7e d9 ec 1e 28
    21 15 15 f5 c0 72 23 65 2d d0 f4 ff df d5 a9 29
    05 91 0b 39 62 71 f7 53 a6 f8 7d c9 f1 23 d5 0f
    b0 a0 f9 77 05 ba 1a 39 e1 bf 4a ba c5 79 d6 69
    37 1d 1c 8e 80 ae c0 a6 9c 7c e3 41 7e 1d 6a c0
    23 20 ac 61 47 6f 92 28 20 a2 f1 0a 79 22 01 77
    7c 0c e3 10 da 27 c4 d4 cc a5 0c ab b9 33 55 e8
    c3 26 17 4c ae 53 1b 96 54 a3 4d 6c 2e 7d 93 08
    24 db 3b 1b fd e2 9c 12 d8 4c 88 06 8d 52 79 9e
    c9 52 70 5a d7 36 52 45 dd df 12 b2 be 12 c8 90
    3c 08 ab 5f 3b b8 83 83 4d 72 33 e8 4f f8 f2 9e
    69 f4 41 a0 29 6e 32 29 73 97 a2 03 74 cf d4 61
    4d b6 67 17 e7 3c dd 34 3f 20 8c c0 cc e6 c8 22
    56 e9 c3 f1 e0 97 c8 f8 4e f5 f7 41 c3 86 91 ec
    ca b4 e3 9d 70 26 72 91 77 cf b7 ef bb 34 ab ae
    af c3 e6 85 8c b6 03 75 97 77 d3 7d ee 55 37 42
    c5 8c 73 39 4f b8 6c 3e ef 2f 17 e4 45 02 7c 32
    28 f9 9d ff 35 61 f4 f4 16 fd 3c b9 d0 4e 11 47
    a4 21 7f a3 7a 32 ed ae d7 48 26 af a5 84 da d1
    c9 f5 ca 53 4e 9f 40 e1 97 23 10 25 3a 3e 15 20
    3f 82 65 c5 16 bb 86 d9 3e b6 5c 78 9e ae 4e 3e
    3a 49 1e 40 55 1e be 20 d6 fa 3b ed e9 0a 59 de
    4e ca 62 7b ff 42 71 c1 56 37 9a c2 28 e3 d9 20
    e3 d5 b5 26 f3 b1 b6 70 63 d9 5e 27 07 27 fd 16
    d2 9a 3f d8 5f 8c 75 98 fe 43 06 f2 09 a8 23 0d
    ae fe 83 1e c0 09 45 94 f8 71 e8 59 bd 03 45 9e
    30 70 4c 5c 43 5b 54 35 bf 6d 59 71 9b 81 4b 2a
    2e 17 8c 52 ae 29 55 cf 0c 2b 87 a1 b5 60 80 2d
    d6 2f 84 b5 a2 5a 92 d9 61 c2 b2 8f b4 1a a8 62
    9a cf a3 61 ad 4c 64 67 8d 26 2b c3 66 64 15 1c
    67 14 56 dd 2d 41 ef 5f 5a 3c 99 15 e3 6e 8f 86
    b8 1e 3d 9a 8c 82 cc 61 5c 52
<<< TLS 1.2, RecordHeader [length 0005]
    14 03 03 00 01
<<< TLS 1.3, ChangeCipherSpec [length 0001]
    01
<<< TLS 1.2, RecordHeader [length 0005]
    17 03 03 00 17
<<< TLS 1.3, InnerContent [length 0001]
    16
<<< TLS 1.3, Handshake [length 0006], EncryptedExtensions
    08 00 00 02 00 00
<<< TLS 1.2, RecordHeader [length 0005]
    17 03 03 03 47
<<< TLS 1.3, InnerContent [length 0001]
    16
<<< TLS 1.3, Handshake [length 0336], Certificate
    0b 00 03 32 00 00 03 2e 00 03 29 30 82 03 25 30
    82 02 0d a0 03 02 01 02 02 01 02 30 0d 06 09 2a
    86 48 86 f7 0d 01 01 0b 05 00 30 12 31 10 30 0e
    06 03 55 04 03 0c 07 52 6f 6f 74 20 43 41 30 20
    17 0d 31 36 30 31 31 34 32 32 32 39 34 36 5a 18
    0f 32 31 31 36 30 31 31 35 32 32 32 39 34 36 5a
    30 19 31 17 30 15 06 03 55 04 03 0c 0e 73 65 72
    76 65 72 2e 65 78 61 6d 70 6c 65 30 82 01 22 30
    0d 06 09 2a 86 48 86 f7 0d 01 01 01 05 00 03 82
    01 0f 00 30 82 01 0a 02 82 01 01 00 d5 5d 60 6a
    df fc 61 ee 48 aa 8c 11 48 43 a5 6d b6 52 5d aa
    98 49 b1 61 92 35 b1 fc 3a 04 25 0c 6d 79 ff b4
    d5 c9 e9 5c 1c 3b e0 ab b3 b8 7d a3 de 6d bd e0
    dd d7 5a bf 14 47 11 42 5e a6 82 d0 61 c1 7f dd
    13 46 e6 09 85 07 0e f2 d4 fc 1a 64 d2 0a ad 20
    ab 20 6b 96 f0 ad cc c4 19 53 55 dc 01 1d a4 b3
    ef 8a b4 49 53 5d 8a 05 1c f1 dc e1 44 bf c5 d7
    e2 77 19 57 5c 97 0b 75 ee 88 43 71 0f ca 6c c1
    b4 b2 50 a7 77 46 6c 58 0f 11 bf f1 76 24 5a ae
    39 42 b7 51 67 29 e1 d0 55 30 6f 17 e4 91 ea ad
    f8 28 c2 43 6f a2 64 a9 fb 9d 98 92 62 48 3e eb
    0d 4f 82 4a 8a ff 3f 72 ee 96 b5 ae a1 c1 98 ba
    ef 7d 90 75 6d ff 5a 52 9e ab f5 c0 7e d0 87 43
    db 85 07 07 0f 7d 38 7a fd d1 d3 ee 65 1d d3 ea
    39 6a 87 37 ee 4a d3 e0 0d 6e f5 70 ac c2 bd f1
    6e f3 92 95 5e a9 f0 a1 65 95 93 8d 02 03 01 00
    01 a3 7d 30 7b 30 1d 06 03 55 1d 0e 04 16 04 14
    c0 e7 84 bf e8 59 27 33 10 b0 52 4f 51 52 2f 06
    d6 c0 7a cd 30 1f 06 03 55 1d 23 04 18 30 16 80
    14 70 7f 2e ae 83 68 59 98 04 23 2a cd eb 3e 17
    cd 24 dd 01 49 30 09 06 03 55 1d 13 04 02 30 00
    30 13 06 03 55 1d 25 04 0c 30 0a 06 08 2b 06 01
    05 05 07 03 01 30 19 06 03 55 1d 11 04 12 30 10
    82 0e 73 65 72 76 65 72 2e 65 78 61 6d 70 6c 65
    30 0d 06 09 2a 86 48 86 f7 0d 01 01 0b 05 00 03
    82 01 01 00 7b d3 04 43 75 8a 0f 11 ae c4 fb d7
    a1 a2 9e fe 20 18 d5 f4 2f 31 88 46 b6 75 8c ee
    e5 9b 97 a6 b9 a3 cd 60 9a 46 c3 48 97 e5 97 68
    f7 5a 86 35 73 d9 69 9e f9 5f 74 b9 e6 94 13 01
    cb 6a dc e3 c4 04 e9 65 da 9c a4 8b 28 f3 f9 9a
    7f bf 97 1f 45 92 e5 05 b1 56 e6 0b f6 47 de 1e
    89 b6 2b e1 4d df 4a 7e 01 d3 23 dc 97 8c 47 fe
    5f c7 cc 98 46 0e c4 83 5b ca 8a f1 52 09 be 6b
    ec 3f 09 8b d0 93 02 bf e1 51 e7 d1 7e 34 56 19
    74 d0 ff 28 25 de b7 9f 56 52 91 7d 20 29 85 0a
    80 44 5f 71 32 25 71 0f c2 16 e2 5f 6b 1d 3f 32
    5b 0a 3c 74 1c b9 62 f1 ed 07 50 a3 6d b4 b4 31
    0a c0 53 44 6a 3a 88 84 8b 2d a9 b0 37 8e e6 18
    36 bd 9a 20 40 0f 01 92 8b 3d aa 61 e7 ae 2c ed
    36 cd 3a 07 86 74 3a 29 b3 d7 3a b4 00 a9 c2 f5
    92 78 0e e2 0f a3 fe bb be e0 06 53 84 59 1d 90
    69 e5 b6 f9 00 00
<<< TLS 1.2, RecordHeader [length 0005]
    17 03 03 01 19
<<< TLS 1.3, InnerContent [length 0001]
    16
<<< TLS 1.3, Handshake [length 0108], CertificateVerify
    0f 00 01 04 08 04 01 00 37 ee 47 49 01 75 84 0c
    e4 a8 b2 c4 7f 0d c7 63 62 a3 0f 9b 62 98 e5 2c
    a3 75 65 ce e7 c8 ee 11 3f 9d 78 4d 31 23 ba fd
    9e 1f 7e 73 72 b7 0f bb f7 79 1e fa a0 25 5a 2e
    61 c7 58 4c 20 c8 65 15 82 8c 5e 8c 10 a1 45 a2
    97 41 64 c8 9d 00 31 4d 4e 2e 98 23 cb 4f 22 da
    4b 67 b5 f7 5d de ef 07 82 9c a6 0b c4 c4 59 fd
    9a 70 f4 bb 7b f8 35 b9 33 15 86 f3 8b 87 98 4f
    ff 98 a9 56 6a f7 2c 45 b9 fd fd fe fa 02 37 2a
    87 cb ff 94 c4 ac dc f3 04 dc 61 53 ce ca 2e 08
    ed de dc 82 38 fb 32 a7 f2 16 09 50 47 ab 91 4d
    01 8c 4f ec a0 bf 8e 99 12 37 0f a9 77 80 da 0d
    ef f5 e3 77 27 e2 e8 2f 09 4b f7 dc f2 75 ac 5c
    59 fd 8d 51 8b cd 97 9d fc 0f 2f 8e 09 4c 30 4a
    d5 f8 6a d9 03 54 b9 cf c8 22 7a 02 56 a5 22 8e
    ea 98 48 e1 30 6c 0b 48 72 cb ff 87 a4 8f 5b d3
    ce 18 a2 17 4c 88 1e 2c
<<< TLS 1.2, RecordHeader [length 0005]
    17 03 03 00 45
<<< TLS 1.3, InnerContent [length 0001]
    16
<<< TLS 1.3, Handshake [length 0034], Finished
    14 00 00 30 4a 1e 19 b4 de 64 45 8b b6 13 c3 8f
    16 e8 c0 aa c8 46 62 d8 80 ec bc 1e 63 22 5d 87
    b8 46 11 c9 51 73 2c 87 48 bb 84 3d af 7c d0 22
    56 0a 0f 41
>>> TLS 1.2, RecordHeader [length 0005]
    14 03 03 00 01
>>> TLS 1.3, ChangeCipherSpec [length 0001]
    01
>>> TLS 1.2, RecordHeader [length 0005]
    17 03 03 00 45
>>> TLS 1.2, InnerContent [length 0001]
    16
>>> TLS 1.3, Handshake [length 0034], Finished
    14 00 00 30 cf 11 b5 e0 70 ff bf 96 66 94 9d 29
    ee 48 62 77 a2 2d 78 18 a8 f5 9e f1 43 8b b5 34
    89 ab 10 74 d5 a4 4a 09 5d 9e 6b a2 d1 bb 41 63
    4f 67 a3 17
---
Certificate chain
 0 s:CN=server.example
   i:CN=Root CA
   a:PKEY: RSA, 2048 (bit); sigalg: sha256WithRSAEncryption
   v:NotBefore: Jan 14 22:29:46 2016 GMT; NotAfter: Jan 15 22:29:46 2116 GMT
---
Server certificate
-----BEGIN CERTIFICATE-----
MIIDJTCCAg2gAwIBAgIBAjANBgkqhkiG9w0BAQsFADASMRAwDgYDVQQDDAdSb290
IENBMCAXDTE2MDExNDIyMjk0NloYDzIxMTYwMTE1MjIyOTQ2WjAZMRcwFQYDVQQD
DA5zZXJ2ZXIuZXhhbXBsZTCCASIwDQYJKoZIhvcNAQEBBQADggEPADCCAQoCggEB
ANVdYGrf/GHuSKqMEUhDpW22Ul2qmEmxYZI1sfw6BCUMbXn/tNXJ6VwcO+Crs7h9
o95tveDd11q/FEcRQl6mgtBhwX/dE0bmCYUHDvLU/Bpk0gqtIKsga5bwrczEGVNV
3AEdpLPvirRJU12KBRzx3OFEv8XX4ncZV1yXC3XuiENxD8pswbSyUKd3RmxYDxG/
8XYkWq45QrdRZynh0FUwbxfkkeqt+CjCQ2+iZKn7nZiSYkg+6w1PgkqK/z9y7pa1
rqHBmLrvfZB1bf9aUp6r9cB+0IdD24UHBw99OHr90dPuZR3T6jlqhzfuStPgDW71
cKzCvfFu85KVXqnwoWWVk40CAwEAAaN9MHswHQYDVR0OBBYEFMDnhL/oWSczELBS
T1FSLwbWwHrNMB8GA1UdIwQYMBaAFHB/Lq6DaFmYBCMqzes+F80k3QFJMAkGA1Ud
EwQCMAAwEwYDVR0lBAwwCgYIKwYBBQUHAwEwGQYDVR0RBBIwEIIOc2VydmVyLmV4
YW1wbGUwDQYJKoZIhvcNAQELBQADggEBAHvTBEN1ig8RrsT716Ginv4gGNX0LzGI
RrZ1jO7lm5emuaPNYJpGw0iX5Zdo91qGNXPZaZ75X3S55pQTActq3OPEBOll2pyk
iyjz+Zp/v5cfRZLlBbFW5gv2R94eibYr4U3fSn4B0yPcl4xH/l/HzJhGDsSDW8qK
8VIJvmvsPwmL0JMCv+FR59F+NFYZdND/KCXet59WUpF9ICmFCoBEX3EyJXEPwhbi
X2sdPzJbCjx0HLli8e0HUKNttLQxCsBTRGo6iISLLamwN47mGDa9miBADwGSiz2q
YeeuLO02zToHhnQ6KbPXOrQAqcL1kngO4g+j/ru+4AZThFkdkGnltvk=
-----END CERTIFICATE-----
subject=CN=server.example
issuer=CN=Root CA
---
No client certificate CA names sent
Peer signing digest: SHA256
Peer signature type: rsa_pss_rsae_sha256
Negotiated TLS1.3 group: X25519MLKEM768
---
SSL handshake has read 2453 bytes and written 1483 bytes
Verification error: unable to verify the first certificate
---
New, TLSv1.3, Cipher is TLS_AES_256_GCM_SHA384
Protocol: TLSv1.3
Server public key is 2048 bit
This TLS version forbids renegotiation.
Compression: NONE
Expansion: NONE
No ALPN negotiated
Early data was not sent
Verify return code: 21 (unable to verify the first certificate)
---
>>> TLS 1.2, RecordHeader [length 0005]
    17 03 03 00 13
>>> TLS 1.2, InnerContent [length 0001]
    15
>>> TLS 1.3, Alert [length 0002], warning close_notify
    01 00
Connecting to 127.0.0.1
SSL_connect:before SSL initialization
SSL_connect:SSLv3/TLS write client hello
SSL_connect:SSLv3/TLS write client hello
SSL_connect:SSLv3/TLS read server hello
Can't use SSL_get_servername
SSL_connect:TLSv1.3 read encrypted extensions
depth=0 CN=server.example
verify error:num=20:unable to get local issuer certificate
verify return:1
depth=0 CN=server.example
verify error:num=21:unable to verify the first certificate
verify return:1
depth=0 CN=server.example
verify return:1
SSL_connect:SSLv3/TLS read server certificate
SSL_connect:TLSv1.3 read server certificate verify
SSL_connect:SSLv3/TLS read finished
SSL_connect:SSLv3/TLS write change cipher spec
SSL_connect:SSLv3/TLS write finished
DONE
SSL3 alert write:warning:close notify
