CONNECTED(00000003)
>>> TLS 1.0, RecordHeader [length 0005]
    16 03 01 05 76
>>> TLS 1.3, Handshake [length 0576], ClientHello
    01 00 05 72 03 03 f1 34 23 68 1d e3 98 2a 67 8a
    5d e9 c4 df c3 88 89 f6 d5 ca b7 41 91 dd cc 26
    ef fe e0 8b 07 7f 20 9b f4 59 02 e9 28 9f 35 a6
    fd 7c df f0 2f e5 95 df 13 3f 44 7d e0 91 fb 70
    ef ce d3 3b b5 0c 8f 00 06 13 02 13 03 13 01 01
    00 05 23 00 0b 00 04 03 00 01 02 00 0a 00 06 00
    04 11 ec 00 1d 00 23 00 00 00 16 00 00 00 17 00
    00 00 0d 00 2a 00 28 09 05 09 06 09 04 04 03 05
    03 06 03 08 07 08 08 08 1a 08 1b 08 1c 08 09 08
    0a 08 0b 08 04 08 05 08 06 04 01 05 01 06 01 00
    2b 00 03 02 03 04 00 2d 00 02 01 01 00 33 04 c6
    04 c4 11 ec 04 c0 b9 26 45 db 45 79 1e 39 b9 1e
    10 5b 27 eb 06 05 d6 32 51 92 0a f4 b7 9e 51 e5
    19 2e cb 1c 57 07 04 a4 66 a4 a6 86 67 dd 5a c6
    f9 ec cb c5 05 b4 2b 32 2f 62 98 a3 46 7b af 91
    3b 99 2b 0a 82 65 c4 73 17 45 c9 87 26 c2 65 78
    82 00 7d 52 f0 61 70 0e b0 b6 f4 14 64 03 92 a8
    1e d9 aa c7 34 70 37 63 7c be c9 5b 76 a2 81 94
    f6 7a 16 6b ad 78 7c 5b 9e 05 62 7e 88 5c df 7c
    39 94 eb a1 e4 ac 8d 4a e0 20 f5 e0 a6 26 4b 31
    c3 45 b0 33 b0 6f 69 30 b5 ca 82 38 82 32 5e 61
    66 c6 02 62 b5 63 e2 b0 32 c2 be 99 ac a4 3b c8
    64 9a a6 bf 93 18 26 dd 73 07 ee 63 5b 30 03 73
    5b 26 b7 28 c0 84 3c 07 9d 5b e1 bc 5f 84 46 d1
    0a 70 a6 c3 8b a0 8a 86 fe 7c 92 8b 84 63 67 7b
    46 d5 e1 05 77 03 16 09 aa c2 7e 14 33 30 53 a2
    71 97 44 55 39 01 5b e3 1c c4 2c 54 86 d6 b3 30
    19 5e f1 36 32 9a e0 31 88 22 76 25 59 96 a6 a5
    2e c7 29 98 0c b8 62 46 44 93 5b 01 c8 3b 04 0a
    d3 06 1a b1 11 3a 7e 83 c3 3f 5c 58 3e 94 b1 83
    17 2a 74 a1 2e 11 91 b4 7b 47 b0 c9 a1 c0 70 f6
    1e 02 c0 70 55 a0 18 45 5a 3b 95 9a 52 27 48 1c
    4b 19 94 bf 48 52 39 38 18 fa 84 46 d1 fb 6c d6
    07 22 0c aa c4 ed 90 7f 51 bb 4e e9 68 3d 5d 4c
    28 10 f5 bc 36 b9 63 38 0a 10 3c 88 23 d8 5b 92
    6c 89 79 7b c2 28 7f d1 61 5c c7 ad 2c bb ca 29
    46 b7 c2 4c 0f 98 fc 6e 17 d6 bf 7c d7 01 95 5b
    a9 1b 58 ae 30 2a 71 22 c0 92 2b 99 31 1c f2 70
    b3 ea 9d 45 e1 c1 0e 8c cc db fb 67 72 67 1c d4
    f9 02 0a d3 73 60 21 21 24 ba ac 02 88 46 ad 93
    95 5d 5c 1f af f5 cf 3a 06 6e bd 11 be 27 84 56
    f3 45 bc 6c c5 0d 91 5b 50 68 8a 0a 81 fa 50 c5
    fb 8f e9 61 b1 fe 92 a0 de f3 58 c7 c9 0a de 38
    4a fd 01 40 0b 05 97 3a 0b 81 45 ea 02 ee 77 a2
    03 3a a4 7b 38 1d 67 e2 04 01 5c 71 1d 0a 8c af
    e3 02 df 46 65 73 37 b1 57 db 2c a2 c2 61 03 a8
    9a f0 6c 42 f3 dc 29 13 92 58 95 f5 5d f1 8b 74
    78 c7 75 4a 8b 86 83 d3 b4 d1 18 30 36 72 03 58
    37 83 68 e5 70 cc ab c8 e7 a5 4c b6 44 97 fa c6
    55 3d 03 4a e9 b1 56 1a 85 5a 31 69 7c 0a 19 95
    32 37 76 9f 6b 65 54 c1 25 4a 04 6a 4a 72 32 82
    9c 51 9d 60 6b 72 6a 24 1b 36 7e e5 e2 52 9b e5
    cb a1 8a 88 30 85 a3 ba 6b 1b 68 2a 10 2b 89 cd
    98 e5 b5 de 6c b1 2f b3 94 37 4b 46 04 95 63 3b
    43 28 29 61 2d 29 53 79 1e 02 39 34 51 6e a8 91
    40 b0 89 ca 72 4c 46 3b 55 6b aa 21 8a 99 d9 78
    b1 a3 1d 89 61 cb 5e 04 ad 90 9c c2 2b f2 46 7a
    86 55 06 50 2d 5e b7 59 4c 14 65 e1 80 49 a5 18
    0c 46 95 59 83 66 50 10 f9 6e e7 e0 1e a4 d6 2a
    ff 38 96 81 db be e6 d5 3c de 98 68 bb 24 0b b5
    04 92 9e 05 40 23 d8 cc eb c8 10 60 72 08 af 26
    8e a4 a4 a3 11 42 30 9b a7 22 08 a2 99 a2 d3 8b
    2e 26 45 f8 f0 41 09 81 7d 0e 72 75 a6 62 55 25
    02 18 37 a0 30 20 a2 24 9a 39 a5 04 cc 5a bc e5
    3b df 16 38 6b 80 1a ca 5a 4f c4 a7 09 14 85 a5
    e2 72 ab de 21 05 25 09 b4 68 da ad 85 4a 53 62
    a3 bd b5 13 82 69 3b 6b 2c 6b 48 18 09 6c c7 95
    15 6a 19 c5 a9 b3 cc ac 7a 6c a1 b3 82 08 dc 9e
    6b 30 ac 88 66 a6 ac 86 8a 48 e0 7e 73 50 09 3e
    02 95 31 8c 01 b1 10 13 d0 8a 4e 3a 83 c1 79 80
    0e 66 f4 1a ae 71 32 0e 36 c4 d6 72 21 2c 95 cc
    f5 68 96 39 db 58 c1 dc cc 6a 11 52 6c 14 c6 c4
    18 60 f5 3a 97 a1 d3 2f c8 3b 14 0d cc bf bd 01
    a0 b7 61 cc 2b 63 ce 9e fa 4f fa 48 18 88 ac 7d
    33 0c 22 78 6c 45 f3 f8 7d 39 fc 36 52 20 15 86
    06 d0 e8 39 2d 7f 45 7f 26 a9 06 f7 58 1a 6b 64
    bb ed 89 23 84 83 ac b6 6a 0b d7 55 62 aa 0a 6e
    82 00 5d 45 d1 8b 19 5a 0e f0 b0 4e d3 47 a1 13
    dc 5f dd 65 4b 65 52 7a 65 64 3f 08 34 65 07 89
    2e 43 54 44 42 cc 96 10 25 7a 6d ec 83 9c f3 45
    20 11 56 97 21 a0 95 73 83 c1 f0 2e 58 93 7d 61
    d9 c0 3c 12 bb 81 9c 68 a3 46 5a 9a 41 36 b0 66
    0a 3d 14 aa ea 6b 22 6c 75 ac 5f 84 45 ff d9 0f
    94 d6 bb ba 25 22 c0 87 fc 59 69 14 cc 78 16 ca
    6a ff ce ee 5e 54 60 b2 6e 03 f6 99 50 ee ba 15
    2c a9 ad eb a2 60 cd 50 95 e7 91 14 fa 6f 82 16
    d4 38 02 25 2a 0a 93 21 73 b3 e8 f6 4c 7f 8b c4
    d4 40 ad d4 24 27
<<< TLS 1.2, RecordHeader [length 0005]
    16 03 03 04 ba
<<< TLS 1.3, Handshake [length 04ba], ServerHello
    02 00 04 b6 03 03 55 ff 40 eb 12 46 85 d8 71 bd
    60 f9 93 3e a1 4f 01 23 10 8d 28 ae e1 26 3a 4e
    0a 12 1e 10 8e b2 20 9b f4 59 02 e9 28 9f 35 a6
    fd 7c df f0 2f e5 95 df 13 3f 44 7d e0 91 fb 70
    ef ce d3 3b b5 0c 8f 13 02 00 04 6e 00 2b 00 02
    03 04 00 33 04 64 11 ec 04 60 2c f5 63 da 17 fb
    7e d5 a0 af 59 a3 9d 0e d1 1d d9 0e 44 86 5c 7b
    77 01 1a 7a 22 d7 6e ef 85 24 33 4f fe 93 d9 f1
    13 29 fe b1 e0 1c 88 39 26 38 f0 37 fe e3 4c 37
    8f 0e 64 6c e3 70 0d a9 4b 46 8a 79 71 c8 c6 0d
    1f f7 1b 0b 5a c9 9e e7 40 dd 3f d0 40 63 15 e8
    20 f1 07 c9 c8 5b 30 35 72 a3 54 28 da 52 d4 66
    1d 09 31 f1 03 f6 cf 54 5d df 81 60 3b 00 ff 6d
    22 63 39 e5 7e 3c 60 9e 25 51 11 52 6d 47 99 56
    89 bc f5 15 08 ef 8a a7 9c ca 1b fc bf cc a5 f2
    34 ae c3 46 b9 ca 3e 9d 26 f0 2e 82 36 c1 a4 41
    78 ea b1 94 96 f3 f8 d5 d3 40 22 ad 22 07 ed f1
    7e e9 bc 82 23 d5 de 12 2d 49 75 ba 46 b5 97 62
    eb 75 ff ef 08 a0 49 67 49 c1 88 06 20 5d 22 3f
    a8 5c 7d c4 6c 74 44 46 3b c6 11 2a 95 af 83 2a
    e2 8c 10 cd 34 5d f2 ba 5a 98 ad f1 c9 19 7d 57
    f6 8b c5 c7 bf 69 69 9c 33 a4 1f 3b be e4 db 98
    98 2f ad 7e 2b d0 0e 75 ba e0 ae 07 b2 b2 ea b2
    05 99 69 10 9e 9a 44 e2 7d 22 6f a2 6c c1 4b a1
    fb fb ae 7e 69 14 87 7d c3 1f 16 35 6b 54 4e a4
    55 02 15 9a 8e 68 34 aa 3c 39 84 d8 b4 61 ed e0
    6a 5b 16 c8 ab 24 d5 cc 60 a9 21 5e f3 3f 55 68
    6b 71 16 48 b6 4d 09 2a bc 6e d0 ed ad 70 6d 36
    22 43 df 7d 57 54 79 72 af 3b 2d 81 b6 fb 4d aa
    94 81 8b 85 fa 1c 38 ca fe db c6 62 ec 1d c1 a4
    93 81 df 73 82 85 89 12 bb 53 8c 54 55 95 cd ec
    03 08 a9 4c c3 fd 92 f5 76 01 df 81 7b c4 1c 06
    96 9a 44 dc 13 90 b0 fe 71 51 ac f2 bb 7a 69 33
    ff bf 4b 33 ee 7d 6a 5e b1 1b 11 92 f1 51 f5 be
    93 aa 03 19 77 e9 7d 17 a0 25 85 0a a4 15 15 1c
    e8 03 ad 93 e5 03 df 9d d2 3b 46 55 1f 67 31 76
    9e db d5 53 1e a5 3d 32 73 85 77 ef 04 b8 63 81
    c8 99 8c 12 45 86 27 bb 9e 88 77 1f ec 51 b2 80
    e4 82 35 24 5f 8a 97 39 94 2d f6 f5 f6 1c a4 08
    43 fa 5e 46 cc e1 c8 ca 1c 4c 35 b6 3b dc 5e 68
    63 ff 3d a2 13 11 dd 7c 1f ca f4 ff fd 65 c2 b2
    8a 97 6c d5 74 d4 08 93 5a 2b 6b b8 c9 ca cf a6
    21 b7 a5 97 98 df f1 8d f9 da dc ff b2 3d 5d 6d
    45 cf ca 7e 96 65 f4 91 e8 f5 ea 66 c6 8d 3e 74
    db 25 59 4f cf 31 56 2f d7 5b 8e 23 48 7b 36 7f
    8c 17 e7 84 84 46 53 9c 00 ec fa 88 66 b2 ee cd
    3d bb ba 8d 59 1b b8 aa 08 f1 06 03 1c 54 d0 4e
    7b 6f a9 59 70 a3 e5 6c f2 f0 42 d0 1d 55 be 6c
    dc 8a e9 60 87 10 e2 6a aa 40 e4 64 29 fb 3d ff
    a7 57 e7 48 33 f0 63 17 45 2b 9c 87 e1 e5 ca a6
    0e 64 d8 dd c7 ae 34 77 ac b3 40 ae eb b5 cf fb
    5e 91 87 c1 8a 61 83 d4 c5 34 e3 cb 3d 30 77 e1
    0b 1e 0f 9a 6c 12 de 69 e8 fc ef b0 30 e1 2d 41
    a1 fc 53 e6 73 bc 40 da 1d c3 d9 df 48 2c 96 93
    26 b6 f4 17 f0 af 06 95 82 17 6f 05 e0 19 16 91
    72 42 eb 64 ca 99 46 1b d0 17 1b 63 ab 3a a1 20
    fe 73 7b e8 f6 c4 16 2d 76 31 41 68 f4 41 72 c7
    2c 95 f6 34 15 90 3b 87 15 8c 3c 25 4a 4a fa 18
    ed da 38 3b 22 1b d7 3e 74 84 73 95 f9 9c 7e ac
    08 27 2a 67 b1 48 c7 3b da ab eb 59 e4 1e 8f 45
    42 c2 1e ac 36 d4 59 9c 92 c2 66 d1 e8 ef 41 d0
    dd 8b e5 04 a4 ce f4 35 07 0a 27 13 95 ff b0 0c
    78 8a f5 45 16 7c 86 1b ea 28 f5 f1 d8 56 2f 6a
    6c 91 a4 02 50 0d 30 0b 82 0a df 1c 49 85 64 d2
    92 99 31 c5 a1 45 51 dc cb 63 b0 cd 8c 51 12 25
    3d 49 ca 0c 34 c4 df 39 89 24 fc 50 00 09 84 94
    b3 91 82 99 24 d9 fb 1a 9c 37 a7 c1 6e 65 19 8d
    b4 c7 ce 9b 43 65 8b c7 c1 9e 5d e3 cc 70 c0 5b
    51 57 97 a9 c2 b7 37 2f 5c 14 3b 21 14 fa bd 3f
    71 dd f3 ec 91 e2 a1 6b 4d d2 8b 98 21 4b 1d 7d
    11 a3 55 0d c8 64 81 6d 62 d5 18 c1 0a 6f 22 41
    ab db 9f 23 ee 6a 58 45 16 bd a2 e1 f0 94 32 4d
    43 34 91 ef 54 ed da cd a6 93 55 92 67 d3 01 46
    28 20 f2 a9 ad df 13 f0 32 bb bc 8a 8d c6 bc de
    73 0a 8f ea fc 38 94 43 d1 2a fa c9 af 1c 89 51
    e2 7a e1 c0 78 8d 3f dd 03 35
<<< TLS 1.2, RecordHeader [length 0005]
    14 03 03 00 01
<<< TLS 1.3, ChangeCipherSpec [length 0001]
    01
<<< TLS 1.2, RecordHeader [length 0005]
    17 03 03 00 17
<<< TLS 1.3, InnerContent [length 0001]
    16
<<< TLS 1.3, Handshake [length 0006], EncryptedExtensions
    08 00 00 02 00 00
<<< TLS 1.2, RecordHeader [length 0005]
    17 03 03 03 47
<<< TLS 1.3, InnerContent [length 0001]
    16
<<< TLS 1.3, Handshake [length 0336], Certificate
    0b 00 03 32 00 00 03 2e 00 03 29 30 82 03 25 30
    82 02 0d a0 03 02 01 02 02 01 02 30 0d 06 09 2a
    86 48 86 f7 0d 01 01 0b 05 00 30 12 31 10 30 0e
    06 03 55 04 03 0c 07 52 6f 6f 74 20 43 41 30 20
    17 0d 31 36 30 31 31 34 32 32 32 39 34 36 5a 18
    0f 32 31 31 36 30 31 31 35 32 32 32 39 34 36 5a
    30 19 31 17 30 15 06 03 55 04 03 0c 0e 73 65 72
    76 65 72 2e 65 78 61 6d 70 6c 65 30 82 01 22 30
    0d 06 09 2a 86 48 86 f7 0d 01 01 01 05 00 03 82
    01 0f 00 30 82 01 0a 02 82 01 01 00 d5 5d 60 6a
    df fc 61 ee 48 aa 8c 11 48 43 a5 6d b6 52 5d aa
    98 49 b1 61 92 35 b1 fc 3a 04 25 0c 6d 79 ff b4
    d5 c9 e9 5c 1c 3b e0 ab b3 b8 7d a3 de 6d bd e0
    dd d7 5a bf 14 47 11 42 5e a6 82 d0 61 c1 7f dd
    13 46 e6 09 85 07 0e f2 d4 fc 1a 64 d2 0a ad 20
    ab 20 6b 96 f0 ad cc c4 19 53 55 dc 01 1d a4 b3
    ef 8a b4 49 53 5d 8a 05 1c f1 dc e1 44 bf c5 d7
    e2 77 19 57 5c 97 0b 75 ee 88 43 71 0f ca 6c c1
    b4 b2 50 a7 77 46 6c 58 0f 11 bf f1 76 24 5a ae
    39 42 b7 51 67 29 e1 d0 55 30 6f 17 e4 91 ea ad
    f8 28 c2 43 6f a2 64 a9 fb 9d 98 92 62 48 3e eb
    0d 4f 82 4a 8a ff 3f 72 ee 96 b5 ae a1 c1 98 ba
    ef 7d 90 75 6d ff 5a 52 9e ab f5 c0 7e d0 87 43
    db 85 07 07 0f 7d 38 7a fd d1 d3 ee 65 1d d3 ea
    39 6a 87 37 ee 4a d3 e0 0d 6e f5 70 ac c2 bd f1
    6e f3 92 95 5e a9 f0 a1 65 95 93 8d 02 03 01 00
    01 a3 7d 30 7b 30 1d 06 03 55 1d 0e 04 16 04 14
    c0 e7 84 bf e8 59 27 33 10 b0 52 4f 51 52 2f 06
    d6 c0 7a cd 30 1f 06 03 55 1d 23 04 18 30 16 80
    14 70 7f 2e ae 83 68 59 98 04 23 2a cd eb 3e 17
    cd 24 dd 01 49 30 09 06 03 55 1d 13 04 02 30 00
    30 13 06 03 55 1d 25 04 0c 30 0a 06 08 2b 06 01
    05 05 07 03 01 30 19 06 03 55 1d 11 04 12 30 10
    82 0e 73 65 72 76 65 72 2e 65 78 61 6d 70 6c 65
    30 0d 06 09 2a 86 48 86 f7 0d 01 01 0b 05 00 03
    82 01 01 00 7b d3 04 43 75 8a 0f 11 ae c4 fb d7
    a1 a2 9e fe 20 18 d5 f4 2f 31 88 46 b6 75 8c ee
    e5 9b 97 a6 b9 a3 cd 60 9a 46 c3 48 97 e5 97 68
    f7 5a 86 35 73 d9 69 9e f9 5f 74 b9 e6 94 13 01
    cb 6a dc e3 c4 04 e9 65 da 9c a4 8b 28 f3 f9 9a
    7f bf 97 1f 45 92 e5 05 b1 56 e6 0b f6 47 de 1e
    89 b6 2b e1 4d df 4a 7e 01 d3 23 dc 97 8c 47 fe
    5f c7 cc 98 46 0e c4 83 5b ca 8a f1 52 09 be 6b
    ec 3f 09 8b d0 93 02 bf e1 51 e7 d1 7e 34 56 19
    74 d0 ff 28 25 de b7 9f 56 52 91 7d 20 29 85 0a
    80 44 5f 71 32 25 71 0f c2 16 e2 5f 6b 1d 3f 32
    5b 0a 3c 74 1c b9 62 f1 ed 07 50 a3 6d b4 b4 31
    0a c0 53 44 6a 3a 88 84 8b 2d a9 b0 37 8e e6 18
    36 bd 9a 20 40 0f 01 92 8b 3d aa 61 e7 ae 2c ed
    36 cd 3a 07 86 74 3a 29 b3 d7 3a b4 00 a9 c2 f5
    92 78 0e e2 0f a3 fe bb be e0 06 53 84 59 1d 90
    69 e5 b6 f9 00 00
<<< TLS 1.2, RecordHeader [length 0005]
    17 03 03 01 19
<<< TLS 1.3, InnerContent [length 0001]
    16
<<< TLS 1.3, Handshake [length 0108], CertificateVerify
    0f 00 01 04 08 04 01 00 55 e5 09 3a 2c 26 df 14
    c6 53 2e d4 79 45 69 69 bc ed c4 1c 15 03 32 ba
    00 99 4b e8 9c 17 fb e8 37 ef 57 f2 87 db bf fe
    22 e9 b0 44 fa 5c 5e 0b 13 33 e6 b7 35 7b 9d 70
    7d d8 b7 71 75 34 92 a5 f1 6b 9a eb 6b 2d 8f 6e
    85 8b a4 61 2c f5 43 48 c2 90 45 fd 47 e1 b3 96
    12 c5 13 76 5e 11 d9 e1 ad 9c 08 86 9b e3 84 c6
    ea 1d 3f e5 65 82 4a db e5 fe 66 99 7e 09 90 4c
    04 c3 31 16 70 13 8d 58 7c 66 31 cf 0f ce c7 26
    fa c5 f4 f9 37 be 7d 98 ad 4b a1 55 9d 0d 44 1b
    f6 f6 88 e7 37 91 28 9d 91 ba 0c 1d cb 85 47 30
    dd d8 91 01 37 59 85 96 95 eb e2 ff d7 be 52 fb
    92 c4 2e 92 96 57 2f cc aa 41 f3 2e 50 c6 29 75
    f3 72 42 1a 6d ff 44 c1 35 17 7a 07 05 cf 2e 02
    18 42 27 74 90 ff 0d 89 b7 97 19 6c 61 34 22 e0
    24 00 90 f2 97 b9 fc 2d c3 40 11 f8 59 d1 64 ed
    e2 74 a7 55 4c 04 e1 12
<<< TLS 1.2, RecordHeader [length 0005]
    17 03 03 00 45
<<< TLS 1.3, InnerContent [length 0001]
    16
<<< TLS 1.3, Handshake [length 0034], Finished
    14 00 00 30 a3 a8 b6 41 dc 7f 7b ab 81 16 68 ee
    a7 a2 52 6e e2 7d e1 3b d3 53 61 e2 3b 41 1e af
    4e bd 6d 14 88 b5 bc ff 76 1c e4 16 80 b7 d7 4c
    41 3c 35 a4
>>> TLS 1.2, RecordHeader [length 0005]
    14 03 03 00 01
>>> TLS 1.3, ChangeCipherSpec [length 0001]
    01
>>> TLS 1.2, RecordHeader [length 0005]
    17 03 03 00 45
>>> TLS 1.2, InnerContent [length 0001]
    16
>>> TLS 1.3, Handshake [length 0034], Finished
    14 00 00 30 1b 82 f2 2a d3 e2 82 f3 1b 3e 23 b7
    83 8a 37 3d 30 a5 d2 8f fa be 95 e5 97 5b 21 16
    b0 5d ce 6b 82 d6 72 fd 12 de e5 67 b1 75 e4 fa
    96 04 58 d8
---
Certificate chain
 0 s:CN=server.example
   i:CN=Root CA
   a:PKEY: RSA, 2048 (bit); sigalg: sha256WithRSAEncryption
   v:NotBefore: Jan 14 22:29:46 2016 GMT; NotAfter: Jan 15 22:29:46 2116 GMT
---
Server certificate
-----BEGIN CERTIFICATE-----
MIIDJTCCAg2gAwIBAgIBAjANBgkqhkiG9w0BAQsFADASMRAwDgYDVQQDDAdSb290
IENBMCAXDTE2MDExNDIyMjk0NloYDzIxMTYwMTE1MjIyOTQ2WjAZMRcwFQYDVQQD
DA5zZXJ2ZXIuZXhhbXBsZTCCASIwDQYJKoZIhvcNAQEBBQADggEPADCCAQoCggEB
ANVdYGrf/GHuSKqMEUhDpW22Ul2qmEmxYZI1sfw6BCUMbXn/tNXJ6VwcO+Crs7h9
o95tveDd11q/FEcRQl6mgtBhwX/dE0bmCYUHDvLU/Bpk0gqtIKsga5bwrczEGVNV
3AEdpLPvirRJU12KBRzx3OFEv8XX4ncZV1yXC3XuiENxD8pswbSyUKd3RmxYDxG/
8XYkWq45QrdRZynh0FUwbxfkkeqt+CjCQ2+iZKn7nZiSYkg+6w1PgkqK/z9y7pa1
rqHBmLrvfZB1bf9aUp6r9cB+0IdD24UHBw99OHr90dPuZR3T6jlqhzfuStPgDW71
cKzCvfFu85KVXqnwoWWVk40CAwEAAaN9MHswHQYDVR0OBBYEFMDnhL/oWSczELBS
T1FSLwbWwHrNMB8GA1UdIwQYMBaAFHB/Lq6DaFmYBCMqzes+F80k3QFJMAkGA1Ud
EwQCMAAwEwYDVR0lBAwwCgYIKwYBBQUHAwEwGQYDVR0RBBIwEIIOc2VydmVyLmV4
YW1wbGUwDQYJKoZIhvcNAQELBQADggEBAHvTBEN1ig8RrsT716Ginv4gGNX0LzGI
RrZ1jO7lm5emuaPNYJpGw0iX5Zdo91qGNXPZaZ75X3S55pQTActq3OPEBOll2pyk
iyjz+Zp/v5cfRZLlBbFW5gv2R94eibYr4U3fSn4B0yPcl4xH/l/HzJhGDsSDW8qK
8VIJvmvsPwmL0JMCv+FR59F+NFYZdND/KCXet59WUpF9ICmFCoBEX3EyJXEPwhbi
X2sdPzJbCjx0HLli8e0HUKNttLQxCsBTRGo6iISLLamwN47mGDa9miBADwGSiz2q
YeeuLO02zToHhnQ6KbPXOrQAqcL1kngO4g+j/ru+4AZThFkdkGnltvk=
-----END CERTIFICATE-----
subject=CN=server.example
issuer=CN=Root CA
---
No client certificate CA names sent
Peer signing digest: SHA256
Peer signature type: rsa_pss_rsae_sha256
Negotiated TLS1.3 group: X25519MLKEM768
---
SSL handshake has read 2453 bytes and written 1483 bytes
Verification error: unable to verify the first certificate
---
New, TLSv1.3, Cipher is TLS_AES_256_GCM_SHA384
Protocol: TLSv1.3
Server public key is 2048 bit
This TLS version forbids renegotiation.
Compression: NONE
Expansion: NONE
No ALPN negotiated
Early data was not sent
Verify return code: 21 (unable to verify the first certificate)
---
>>> TLS 1.2, RecordHeader [length 0005]
    17 03 03 00 13
>>> TLS 1.2, InnerContent [length 0001]
    15
>>> TLS 1.3, Alert [length 0002], warning close_notify
    01 00
Connecting to 127.0.0.1
SSL_connect:before SSL initialization
SSL_connect:SSLv3/TLS write client hello
SSL_connect:SSLv3/TLS write client hello
SSL_connect:SSLv3/TLS read server hello
Can't use SSL_get_servername
SSL_connect:TLSv1.3 read encrypted extensions
depth=0 CN=server.example
verify error:num=20:unable to get local issuer certificate
verify return:1
depth=0 CN=server.example
verify error:num=21:unable to verify the first certificate
verify return:1
depth=0 CN=server.example
verify return:1
SSL_connect:SSLv3/TLS read server certificate
SSL_connect:TLSv1.3 read server certificate verify
SSL_connect:SSLv3/TLS read finished
SSL_connect:SSLv3/TLS write change cipher spec
SSL_connect:SSLv3/TLS write finished
DONE
SSL3 alert write:warning:close notify
