CONNECTED(00000003)
>>> TLS 1.0, RecordHeader [length 0005]
    16 03 01 05 76
>>> TLS 1.3, Handshake [length 0576], ClientHello
    01 00 05 72 03 03 ae ed 91 dc 4e 39 4e 48 1c 3f
    00 02 6c 47 84 f2 d1 1f 94 84 91 d1 1a 76 f0 07
    62 ca 37 69 5f 7e 20 db dd ce 41 d8 39 55 11 63
    1f ca 03 9f b4 29 10 ac e4 53 d0 4b 0a 7c 82 4f
    32 34 4c 72 e3 96 8f 00 06 13 02 13 03 13 01 01
    00 05 23 00 0b 00 04 03 00 01 02 00 0a 00 06 00
    04 11 ec 00 1d 00 23 00 00 00 16 00 00 00 17 00
    00 00 0d 00 2a 00 28 09 05 09 06 09 04 04 03 05
    03 06 03 08 07 08 08 08 1a 08 1b 08 1c 08 09 08
    0a 08 0b 08 04 08 05 08 06 04 01 05 01 06 01 00
    2b 00 03 02 03 04 00 2d 00 02 01 01 00 33 04 c6
    04 c4 11 ec 04 c0 b8 31 80 6e c2 70 20 33 2c b6
    b1 96 04 09 87 81 06 4f 4d dc 56 da e6 38 3d 27
    03 72 52 55 7c f1 6b eb f4 58 ca 85 01 fe 83 83
    f0 f5 2a ef b3 17 ad 76 71 fa ca 7d 82 26 62 48
    4c ba 22 bc 4c 81 5c 12 69 97 12 d1 27 a1 ac 0c
    2d 55 f7 7d c6 03 39 a4 d4 3f 2f bb 9c 1c 16 4c
    43 01 17 77 0b 9c 9a c9 29 4b 1a 25 aa c1 16 30
    ec 39 67 33 a1 e8 30 4c 04 1a 91 27 89 9c 34 1c
    5f ad c3 70 cf a9 b6 85 e9 9b 7e 57 c4 45 28 ca
    a0 95 b5 ff 10 41 f4 51 3f e4 4a 6f 4f 6c 39 d0
    d7 40 bc d0 29 02 55 cc 70 38 0f ec d2 7b e2 b6
    97 5d 6c b8 2f 30 48 b2 25 7a a2 74 c5 e3 e5 29
    2e 76 af 04 f6 19 61 f0 54 b3 10 ce d3 ba 3e 42
    15 5e 59 a1 cb ab d2 8b 78 f2 9d fa 83 65 0e f9
    52 48 5a 9a 0d 1c 9e cc 00 18 72 a5 bd 6f a4 36
    5a 43 2b 4e ab 28 0e 73 a2 ae a4 2a bb 9c 34 1a
    26 bf 58 6b 3f b9 5b 4b 7f 74 4f 5d a2 26 4c 0b
    5d 77 6a 42 8c 20 18 59 25 97 39 d0 1c a8 d2 76
    e1 c7 2e 97 74 c1 07 46 a6 4d ec 5e e8 a6 5b c0
    b0 be df ab 48 bb a1 54 4b 29 3a e5 17 26 41 38
    8b 68 19 3e 16 00 11 ed 05 3a b0 1c b1 07 6a ce
    35 25 cd 06 b7 4d c0 7b 37 36 66 24 e2 cc 7d 5e
    62 88 f2 4a aa 85 e8 be e9 51 64 fb f5 65 3c e9
    92 6f a4 c3 10 23 40 19 09 0f 6b 94 9e d0 3b 05
    57 cb 1b e6 3c 76 4f 91 c9 00 7c a0 16 fb 5a 7b
    95 88 21 03 4b c9 07 22 40 b5 5c 85 ea 36 73 43
    a6 54 a9 33 0b 36 af ac 59 0a dc b9 4b 84 42 59
    5c 7a 74 69 e1 4a d2 e7 00 2a 88 20 8d a7 9d 10
    26 18 86 12 3e 90 27 5b e6 db 49 a8 a1 6e bd 84
    0a f6 09 79 f5 7c af 82 b8 aa 74 39 31 eb 80 26
    2a f5 aa 13 29 3d dd 79 94 05 20 50 a0 24 1f b0
    64 28 02 56 5e 6a 26 71 4e 34 a5 91 17 c1 3c ec
    9e bb 6b 8f 21 bc 3a 66 83 80 b8 00 11 02 93 b0
    e7 35 1a f6 27 aa 4d 20 27 04 85 2b 57 51 c6 22
    ea 33 15 a1 a4 1d 6a 87 c8 13 4c d1 68 59 16 7b
    26 da 36 45 b0 77 78 91 a4 a7 39 45 3e 64 db 7b
    19 01 20 34 68 93 a5 1c ab 5d e6 67 0f 71 38 3f
    97 09 47 3a 94 48 23 b4 0e f4 67 fc 86 30 2b c7
    75 43 f1 7d 59 86 41 a4 c0 26 7a 40 5b 06 55 2e
    5d 2b 3d 93 72 a3 ea 3b 3d 96 a5 36 52 03 9c 05
    5b 5a 70 fa 05 ab 32 3b 65 50 68 61 eb 73 56 dc
    9f f5 7b 18 5b 2c c5 92 e6 b4 cd 2a 1f 39 64 0f
    8c b2 24 cb f8 04 35 76 bb 08 ab 1d 8e 1b 78 85
    ca 2a 93 36 5c 85 87 0d 13 a8 93 e9 e0 b8 ef a7
    ab 3e fa c7 84 e2 0c b9 b6 ae cc 36 78 8a e5 9d
    f6 f5 b4 75 da 1a 62 77 29 72 95 6c fd 84 3c f4
    19 a5 e8 94 bc bd e3 39 30 39 bf fe b0 ba 60 96
    6b 36 22 ad 66 f6 a9 f1 3c 4b 34 e5 8c 0b f5 64
    07 85 35 69 29 04 12 a0 1a 62 91 3f 7d 03 4d fe
    57 10 a5 0c 12 a5 06 c2 5d d9 3b 79 48 65 b4 67
    40 ec 88 20 24 17 93 50 41 92 c6 7a 64 ae 45 ba
    9b a8 9f de 88 35 04 4a 2f 44 89 0f ea bb 4b a4
    74 12 d2 9c 0b fa 2c c5 54 e6 31 7e 7a ce fc 72
    b1 d2 64 09 f3 79 43 50 b1 86 4c 46 40 01 2a 24
    f7 7a 6b 26 32 a5 f2 70 c9 b4 50 07 ce 0c ae 82
    15 10 92 44 c9 4b 51 a7 9e 51 54 fd c0 6d 32 15
    6a d8 89 05 e7 15 01 64 f8 9d e0 fb 6f 9a 2c 43
    10 7c 79 ca e8 15 c1 e8 b9 91 9c 03 0a e5 05 52
    f4 a7 ed 70 bc a6 c9 a1 3b c2 c6 3d 63 c4 a6 26
    c1 6a 56 14 3a 92 a7 94 3a 31 fd d2 9f c8 29 74
    f8 a4 44 71 45 84 c3 c3 1d 44 0a b0 78 00 6b 5c
    73 be cf 99 49 0b 2a 5c 91 00 8e ee 8b 06 f5 9c
    3e 43 74 4a ce 0a a6 0c cc 0d d7 c7 8f 2a 26 4d
    94 61 40 4b 0c 35 15 c4 c3 17 03 af cf 4a 70 28
    29 4b 1b f2 a5 73 3c b9 54 a0 a3 d6 8a 8a 25 10
    1a 5f 6c cc 96 42 a0 8f 15 62 0d 31 53 1d 19 23
    15 62 c2 ba 9c 4f 66 28 3e 83 07 66 e9 c5 7e 29
    c0 4d 76 01 6e be e3 19 89 e5 3b 28 b8 85 cc 3b
    1f e7 24 a6 d2 a9 b0 35 30 32 6b 34 0d bf 4c b7
    cc 6a 7e ac 55 32 81 ab 1d 5a 81 85 60 fc 55 e8
    a6 56 8f d1 57 b7 a6 58 8a 71 87 e4 31 ca 20 04
    35 eb 05 25 b3 4c 46 0f cb 7b 30 41 63 d8 b9 2c
    b0 f4 46 35 23 1b 7c e9 0d 99 72 5f be 34 67 bc
    0a bd eb b2 7b 8d d3 94 cd df d7 7a bd 06 11 ba
    37 a8 da 06 ae 3c c3 97 b6 94 31 ed 57 28 a6 26
    33 89 87 56 55 3d 22 ac 3d fd 69 ea 70 06 86 08
    a7 cd 03 ff 6b 2f
<<< TLS 1.2, RecordHeader [length 0005]
    16 03 03 04 ba
<<< TLS 1.3, Handshake [length 04ba], ServerHello
    02 00 04 b6 03 03 30 f1 c0 f7 5d 33 93 dc 11 7a
    20 24 06 c5 79 87 ca 65 8c 69 7b 9c fa cf da 35
    99 ac ef 0d 1d 8c 20 db dd ce 41 d8 39 55 11 63
    1f ca 03 9f b4 29 10 ac e4 53 d0 4b 0a 7c 82 4f
    32 34 4c 72 e3 96 8f 13 01 00 04 6e 00 2b 00 02
    03 04 00 33 04 64 11 ec 04 60 dc 1d a5 b9 ed a3
    fa 23 69 83 b2 03 4b 04 ea fb 4c 0d b9 fe c7 b1
    90 f7 55 ae 4c a5 b1 58 44 f7 e3 7c c2 7f aa d2
    06 45 d0 8d ad 48 21 32 f9 13 f6 a4 29 10 60 81
    bb d3 7a 59 cc fa d1 81 16 6e 40 ff bd ce d6 c2
    a0 7c 9c d0 07 f9 58 61 3a ca af 6b 3b bc a1 0d
    c1 d6 ba 2a c1 b3 c4 1c 11 88 4a b4 9f f9 a3 92
    20 6c 25 bf 7e 3e 56 32 39 1d e1 b4 ee 44 0d a5
    c7 6e ce 25 bb be 54 b3 64 f2 ae c6 cc 1e 68 d7
    cf 9c e3 8e 4c ee c5 60 26 b7 b3 33 d5 31 16 6e
    b1 14 a9 4f 04 0e 3c dc 92 00 b9 ce 0b 41 0c d2
    7a a3 73 87 64 13 22 e5 c9 19 37 74 0a 70 b5 6a
    6c 0e 9b 22 9c 89 60 b4 10 10 5d d1 a3 85 54 47
    e3 e6 60 d9 6a 6f 44 80 71 fb 5f 53 b5 31 34 72
    02 85 dd 0c 4e 38 36 47 f3 a0 65 33 0f 44 f1 67
    07 fb 27 4b 0d 80 d9 43 1f f6 fe 1f 04 79 0d 6b
    63 ad 20 81 a8 be 36 60 d6 c6 bb 3b 3a 84 7c a6
    8c ba 01 33 64 89 21 f0 09 29 1a f6 a0 e9 bf 57
    ea ca 30 bb d3 a0 54 b5 a3 44 2c dc 64 8b 44 bd
    5b ab 06 41 73 56 99 60 12 f8 1b ec e1 c9 fc 90
    8a c6 05 72 db 06 a2 c2 4a d8 4d db 89 a8 6d 5a
    e0 e1 1b f7 e2 21 d9 de 8f 57 79 11 b8 53 ce 09
    79 ed 37 ac 1a ee a6 18 c2 25 69 96 4e e3 3c 84
    ad 4a 3a 5f 86 7c ef cb d9 51 13 f1 37 46 59 3a
    89 9d 86 56 1f d2 b7 ff 7a 3a 07 1c ee 64 82 d1
    e2 98 46 23 7b 1f b7 e1 3a d3 a0 03 57 9f 1d 55
    c5 4b c0 bd bc 7d 5c 56 2b 28 ec e3 ed 7c 15 70
    c8 8c 40 55 f6 1e d3 cc cc 95 91 02 07 a4 4d d8
    0b bd fd f1 6d 16 86 95 f6 09 69 10 af 27 b4 88
    f8 a6 85 85 76 58 3f 26 5b 37 b6 77 49 7c e8 d8
    d9 64 63 8d 36 bf 48 7d b7 fc 59 3a 33 55 a9 81
    fb ce 38 89 60 2e 2d 7e 89 11 09 a2 58 56 97 ef
    b9 b8 88 cb 57 d2 a4 5e 5f 89 a9 19 1b 75 44 5f
    82 32 2d f3 34 b8 90 18 ca 8d 19 54 df 61 89 89
    53 6a 26 94 bc 47 86 76 3f c5 a8 3c 83 da 3f fa
    e3 b7 76 f3 4a 8f 9e 81 b1 75 f9 ef 9d 89 84 79
    93 86 f0 f4 0a 87 3f c7 b2 bb 3f 32 77 bd dc cd
    c8 67 d5 08 60 a7 7d 7e 13 fd 32 5b f8 0f ad ba
    f1 fe aa b3 d1 4b a1 10 17 31 8a 71 3b cb 65 3d
    01 fa 22 06 6a 17 80 1e 27 bf ed 7b 97 a1 ac e8
    1c e7 b6 d2 11 85 12 f2 6f c2 6a 18 91 7b 3b f9
    27 ee 78 bc 65 9d cb 75 f7 4b b0 27 fe 74 ad 78
    33 03 7f 29 30 b8 e2 45 d0 1c a2 bd 19 23 73 f2
    52 fc d4 eb 9a a2 50 f5 02 cf b4 aa 22 93 c7 22
    69 2e 0e 63 be 69 0d ea 5b c3 0b fb f6 31 e7 1a
    b9 9a b1 18 c4 f4 da 93 8a 4e 15 e3 d3 32 99 3f
    6f 03 93 ad 85 06 d9 89 28 a0 cf 86 6e c0 6a 33
    a7 a0 79 04 e2 44 e8 20 6b f5 92 1a 9b 6d b0 19
    d0 33 54 aa 4f 30 0e 45 db 14 b4 ff 5e 74 a9 64
    26 4d ad 6c 27 60 b8 c0 89 52 44 eb 92 88 5c 50
    26 1d f4 1c a3 78 b8 7c ec 29 68 42 7c 17 14 63
    e4 39 c6 e1 5e fe c4 a7 61 10 b6 21 73 ef 74 05
    04 dc 9e df 91 fd 3b 95 97 00 20 85 b9 5a 6b 3c
    dc b9 32 d8 0e dd 6b ea 62 89 57 50 e7 ec bb 52
    2c 1f e2 8f 60 f6 de 02 50 47 a4 a3 fc fc d5 83
    dd 67 17 95 11 5d 59 eb c5 98 98 08 6b 00 0e 48
    39 b6 51 06 61 6d 91 b3 a1 e8 95 1e d1 6d a5 76
    d2 b2 4d a4 a0 ae 44 52 18 5f 18 e9 aa 27 a4 66
    ad 5e 6d 95 f2 bb 14 a3 ae 82 b2 32 2e ab 79 9f
    ff 81 44 c0 86 ca b8 47 85 b2 98 5d 1d e2 91 bc
    43 ee 96 61 30 05 8c f0 74 14 37 ef 75 e9 b5 2b
    89 ae 82 89 95 48 2b 99 e2 eb f6 32 a7 23 f2 5f
    d5 4c 6a 24 e9 d0 73 a0 e1 e6 6f cb ed 8a 53 1f
    50 9d 45 ba 85 86 35 69 71 35 b0 30 c8 93 fa 29
    db 3b 1f 30 7f 8b 4e b1 ff 2f 2d 3a 2f a9 b5 15
    2a ed f8 6f 9f 37 de 84 b9 98 e6 dc 3f 66 ed d0
    c2 22 3c 42 06 70 d8 0f e0 c0 97 32 bb 11 c7 df
    56 cc 35 70 32 92 e2 86 f3 d8 04 ee 61 46 df a3
    86 12 bf ab 96 db f4 e3 7c a0 ca 23 70 6a 59 2c
    d7 61 6f d5 87 03 21 47 6a 95 90 e0 88 8f 4e d4
    f7 e4 fd 6b 91 d5 c6 11 92 17
<<< TLS 1.2, RecordHeader [length 0005]
    14 03 03 00 01
<<< TLS 1.3, ChangeCipherSpec [length 0001]
    01
<<< TLS 1.2, RecordHeader [length 0005]
    17 03 03 00 17
<<< TLS 1.3, InnerContent [length 0001]
    16
<<< TLS 1.3, Handshake [length 0006], EncryptedExtensions
    08 00 00 02 00 00
<<< TLS 1.2, RecordHeader [length 0005]
    17 03 03 03 47
<<< TLS 1.3, InnerContent [length 0001]
    16
<<< TLS 1.3, Handshake [length 0336], Certificate
    0b 00 03 32 00 00 03 2e 00 03 29 30 82 03 25 30
    82 02 0d a0 03 02 01 02 02 01 02 30 0d 06 09 2a
    86 48 86 f7 0d 01 01 0b 05 00 30 12 31 10 30 0e
    06 03 55 04 03 0c 07 52 6f 6f 74 20 43 41 30 20
    17 0d 31 36 30 31 31 34 32 32 32 39 34 36 5a 18
    0f 32 31 31 36 30 31 31 35 32 32 32 39 34 36 5a
    30 19 31 17 30 15 06 03 55 04 03 0c 0e 73 65 72
    76 65 72 2e 65 78 61 6d 70 6c 65 30 82 01 22 30
    0d 06 09 2a 86 48 86 f7 0d 01 01 01 05 00 03 82
    01 0f 00 30 82 01 0a 02 82 01 01 00 d5 5d 60 6a
    df fc 61 ee 48 aa 8c 11 48 43 a5 6d b6 52 5d aa
    98 49 b1 61 92 35 b1 fc 3a 04 25 0c 6d 79 ff b4
    d5 c9 e9 5c 1c 3b e0 ab b3 b8 7d a3 de 6d bd e0
    dd d7 5a bf 14 47 11 42 5e a6 82 d0 61 c1 7f dd
    13 46 e6 09 85 07 0e f2 d4 fc 1a 64 d2 0a ad 20
    ab 20 6b 96 f0 ad cc c4 19 53 55 dc 01 1d a4 b3
    ef 8a b4 49 53 5d 8a 05 1c f1 dc e1 44 bf c5 d7
    e2 77 19 57 5c 97 0b 75 ee 88 43 71 0f ca 6c c1
    b4 b2 50 a7 77 46 6c 58 0f 11 bf f1 76 24 5a ae
    39 42 b7 51 67 29 e1 d0 55 30 6f 17 e4 91 ea ad
    f8 28 c2 43 6f a2 64 a9 fb 9d 98 92 62 48 3e eb
    0d 4f 82 4a 8a ff 3f 72 ee 96 b5 ae a1 c1 98 ba
    ef 7d 90 75 6d ff 5a 52 9e ab f5 c0 7e d0 87 43
    db 85 07 07 0f 7d 38 7a fd d1 d3 ee 65 1d d3 ea
    39 6a 87 37 ee 4a d3 e0 0d 6e f5 70 ac c2 bd f1
    6e f3 92 95 5e a9 f0 a1 65 95 93 8d 02 03 01 00
    01 a3 7d 30 7b 30 1d 06 03 55 1d 0e 04 16 04 14
    c0 e7 84 bf e8 59 27 33 10 b0 52 4f 51 52 2f 06
    d6 c0 7a cd 30 1f 06 03 55 1d 23 04 18 30 16 80
    14 70 7f 2e ae 83 68 59 98 04 23 2a cd eb 3e 17
    cd 24 dd 01 49 30 09 06 03 55 1d 13 04 02 30 00
    30 13 06 03 55 1d 25 04 0c 30 0a 06 08 2b 06 01
    05 05 07 03 01 30 19 06 03 55 1d 11 04 12 30 10
    82 0e 73 65 72 76 65 72 2e 65 78 61 6d 70 6c 65
    30 0d 06 09 2a 86 48 86 f7 0d 01 01 0b 05 00 03
    82 01 01 00 7b d3 04 43 75 8a 0f 11 ae c4 fb d7
    a1 a2 9e fe 20 18 d5 f4 2f 31 88 46 b6 75 8c ee
    e5 9b 97 a6 b9 a3 cd 60 9a 46 c3 48 97 e5 97 68
    f7 5a 86 35 73 d9 69 9e f9 5f 74 b9 e6 94 13 01
    cb 6a dc e3 c4 04 e9 65 da 9c a4 8b 28 f3 f9 9a
    7f bf 97 1f 45 92 e5 05 b1 56 e6 0b f6 47 de 1e
    89 b6 2b e1 4d df 4a 7e 01 d3 23 dc 97 8c 47 fe
    5f c7 cc 98 46 0e c4 83 5b ca 8a f1 52 09 be 6b
    ec 3f 09 8b d0 93 02 bf e1 51 e7 d1 7e 34 56 19
    74 d0 ff 28 25 de b7 9f 56 52 91 7d 20 29 85 0a
    80 44 5f 71 32 25 71 0f c2 16 e2 5f 6b 1d 3f 32
    5b 0a 3c 74 1c b9 62 f1 ed 07 50 a3 6d b4 b4 31
    0a c0 53 44 6a 3a 88 84 8b 2d a9 b0 37 8e e6 18
    36 bd 9a 20 40 0f 01 92 8b 3d aa 61 e7 ae 2c ed
    36 cd 3a 07 86 74 3a 29 b3 d7 3a b4 00 a9 c2 f5
    92 78 0e e2 0f a3 fe bb be e0 06 53 84 59 1d 90
    69 e5 b6 f9 00 00
<<< TLS 1.2, RecordHeader [length 0005]
    17 03 03 01 19
<<< TLS 1.3, InnerContent [length 0001]
    16
<<< TLS 1.3, Handshake [length 0108], CertificateVerify
    0f 00 01 04 08 04 01 00 b8 42 7c 01 cf 08 61 d6
    91 48 e4 fd 6a 63 13 f7 d6 05 a0 fb 1d 7a 13 40
    70 51 ed 01 b8 5a e2 30 bf 30 bf 6d da bd 24 c1
    d8 65 17 07 53 1e 1b 71 8c eb e0 28 ea af 7a 1f
    61 7c 7e c5 89 3c b3 d6 ca 98 f4 2e da 27 32 44
    d5 9e ba 29 15 aa 80 91 5a 52 bb 70 47 0d fc 86
    d6 1a de 70 6a f7 5f 15 f4 54 f4 86 76 8c 56 80
    1d 20 33 a9 30 1b 0e d3 e1 57 2f e1 0d 8d 5a df
    a2 e3 cd ac 3e 59 a9 ec 63 77 c0 af dd 7e e3 85
    1b 85 54 26 4e 9a e7 87 8c 66 02 4b e2 f9 00 6f
    af b2 9e 4f 79 c8 51 eb 54 d8 ae 70 89 ae a9 31
    1e 2d 88 0d eb 14 c5 66 f9 79 e4 4f b5 a9 03 f2
    c5 43 aa f1 d0 ce ed 03 6d 22 d6 96 e1 4f e1 01
    9f bc bc 7c 1c 60 8a 61 b4 a4 d2 36 9d d5 d5 da
    3e e7 84 20 a2 5b 81 f5 00 dc 27 10 7a 1f 04 dc
    cf da 99 29 66 8f 72 b3 7f 6b 71 04 b4 d0 7e c0
    19 4a 1d 14 df dc 0b ea
<<< TLS 1.2, RecordHeader [length 0005]
    17 03 03 00 35
<<< TLS 1.3, InnerContent [length 0001]
    16
<<< TLS 1.3, Handshake [length 0024], Finished
    14 00 00 20 9c 61 e3 b5 2c c9 a8 32 d4 19 3f 83
    88 f2 e2 e2 05 ec a5 10 6b 1a 02 0f b9 3e 51 e6
    54 de c2 4a
>>> TLS 1.2, RecordHeader [length 0005]
    14 03 03 00 01
>>> TLS 1.3, ChangeCipherSpec [length 0001]
    01
>>> TLS 1.2, RecordHeader [length 0005]
    17 03 03 00 35
>>> TLS 1.2, InnerContent [length 0001]
    16
>>> TLS 1.3, Handshake [length 0024], Finished
    14 00 00 20 96 62 6c 57 b8 93 13 f4 3b 18 c3 d2
    2f 66 24 77 f4 0e 82 8f d8 7f 17 b3 d5 7b 15 60
    d6 1e 89 4c
---
Certificate chain
 0 s:CN=server.example
   i:CN=Root CA
   a:PKEY: RSA, 2048 (bit); sigalg: sha256WithRSAEncryption
   v:NotBefore: Jan 14 22:29:46 2016 GMT; NotAfter: Jan 15 22:29:46 2116 GMT
---
Server certificate
-----BEGIN CERTIFICATE-----
MIIDJTCCAg2gAwIBAgIBAjANBgkqhkiG9w0BAQsFADASMRAwDgYDVQQDDAdSb290
IENBMCAXDTE2MDExNDIyMjk0NloYDzIxMTYwMTE1MjIyOTQ2WjAZMRcwFQYDVQQD
DA5zZXJ2ZXIuZXhhbXBsZTCCASIwDQYJKoZIhvcNAQEBBQADggEPADCCAQoCggEB
ANVdYGrf/GHuSKqMEUhDpW22Ul2qmEmxYZI1sfw6BCUMbXn/tNXJ6VwcO+Crs7h9
o95tveDd11q/FEcRQl6mgtBhwX/dE0bmCYUHDvLU/Bpk0gqtIKsga5bwrczEGVNV
3AEdpLPvirRJU12KBRzx3OFEv8XX4ncZV1yXC3XuiENxD8pswbSyUKd3RmxYDxG/
8XYkWq45QrdRZynh0FUwbxfkkeqt+CjCQ2+iZKn7nZiSYkg+6w1PgkqK/z9y7pa1
rqHBmLrvfZB1bf9aUp6r9cB+0IdD24UHBw99OHr90dPuZR3T6jlqhzfuStPgDW71
cKzCvfFu85KVXqnwoWWVk40CAwEAAaN9MHswHQYDVR0OBBYEFMDnhL/oWSczELBS
T1FSLwbWwHrNMB8GA1UdIwQYMBaAFHB/Lq6DaFmYBCMqzes+F80k3QFJMAkGA1Ud
EwQCMAAwEwYDVR0lBAwwCgYIKwYBBQUHAwEwGQYDVR0RBBIwEIIOc2VydmVyLmV4
YW1wbGUwDQYJKoZIhvcNAQELBQADggEBAHvTBEN1ig8RrsT716Ginv4gGNX0LzGI
RrZ1jO7lm5emuaPNYJpGw0iX5Zdo91qGNXPZaZ75X3S55pQTActq3OPEBOll2pyk
iyjz+Zp/v5cfRZLlBbFW5gv2R94eibYr4U3fSn4B0yPcl4xH/l/HzJhGDsSDW8qK
8VIJvmvsPwmL0JMCv+FR59F+NFYZdND/KCXet59WUpF9ICmFCoBEX3EyJXEPwhbi
X2sdPzJbCjx0HLli8e0HUKNttLQxCsBTRGo6iISLLamwN47mGDa9miBADwGSiz2q
YeeuLO02zToHhnQ6KbPXOrQAqcL1kngO4g+j/ru+4AZThFkdkGnltvk=
-----END CERTIFICATE-----
subject=CN=server.example
issuer=CN=Root CA
---
No client certificate CA names sent
Peer signing digest: SHA256
Peer signature type: rsa_pss_rsae_sha256
Negotiated TLS1.3 group: X25519MLKEM768
---
SSL handshake has read 2437 bytes and written 1467 bytes
Verification error: unable to verify the first certificate
---
New, TLSv1.3, Cipher is TLS_AES_128_GCM_SHA256
Protocol: TLSv1.3
Server public key is 2048 bit
This TLS version forbids renegotiation.
Compression: NONE
Expansion: NONE
No ALPN negotiated
Early data was not sent
Verify return code: 21 (unable to verify the first certificate)
---
<<< TLS 1.2, RecordHeader [length 0005]
    17 03 03 00 8b
<<< TLS 1.3, InnerContent [length 0001]
    16
<<< TLS 1.3, Handshake [length 007a], NewSessionTicket
    04 00 00 76 00 09 3a 80 9f cd 74 5d 00 00 69 8f
    2c 84 11 32 62 24 fe bc f0 71 1a ce a8 a5 96 07
    3f 63 f2 22 47 01 34 45 04 6f 0e 57 6d 89 9e b3
    ea f9 93 cc 60 32 2a 54 e0 d8 cc d3 0b 59 86 bc
    a8 58 34 67 27 ab 84 d7 83 de 33 01 1b 6b 88 dd
    11 87 6e 98 0d a2 6b 6a 8c 4d 67 b1 57 a0 68 3b
    67 09 6a 55 03 82 15 c8 cf b4 3f ba aa 0c 0d 42
    69 b3 a8 e8 30 88 7f 57 00 00
---
Post-Handshake New Session Ticket arrived:
SSL-Session:
    Protocol  : TLSv1.3
    Cipher    : TLS_AES_128_GCM_SHA256
    Session-ID: 06178482ED4FE5344BBCA93861C8674764A472312D56E79FB400A3E0CEDCEF73
    Session-ID-ctx: 
    Resumption PSK: 6954DA9A0EF5520F15B61FF51C82C6641286C4C92BA2D29F565CE5B77BF76341
    PSK identity: None
    PSK identity hint: None
    SRP username: None
    TLS session ticket lifetime hint: 604800 (seconds)
    TLS session ticket:
    0000 - 8f 2c 84 11 32 62 24 fe-bc f0 71 1a ce a8 a5 96   .,..2b$...q.....
    0010 - 07 3f 63 f2 22 47 01 34-45 04 6f 0e 57 6d 89 9e   .?c."G.4E.o.Wm..
    0020 - b3 ea f9 93 cc 60 32 2a-54 e0 d8 cc d3 0b 59 86   .....`2*T.....Y.
    0030 - bc a8 58 34 67 27 ab 84-d7 83 de 33 01 1b 6b 88   ..X4g'.....3..k.
    0040 - dd 11 87 6e 98 0d a2 6b-6a 8c 4d 67 b1 57 a0 68   ...n...kj.Mg.W.h
    0050 - 3b 67 09 6a 55 03 82 15-c8 cf b4 3f ba aa 0c 0d   ;g.jU......?....
    0060 - 42 69 b3 a8 e8 30 88 7f-57                        Bi...0..W

    Start Time: 1790649318
    Timeout   : 7200 (sec)
    Verify return code: 21 (unable to verify the first certificate)
    Extended master secret: no
    Max Early Data: 0
---
read R BLOCK
>>> TLS 1.2, RecordHeader [length 0005]
    17 03 03 00 13
>>> TLS 1.2, InnerContent [length 0001]
    15
>>> TLS 1.3, Alert [length 0002], warning close_notify
    01 00
Connecting to 127.0.0.1
SSL_connect:before SSL initialization
SSL_connect:SSLv3/TLS write client hello
SSL_connect:SSLv3/TLS write client hello
SSL_connect:SSLv3/TLS read server hello
Can't use SSL_get_servername
SSL_connect:TLSv1.3 read encrypted extensions
depth=0 CN=server.example
verify error:num=20:unable to get local issuer certificate
verify return:1
depth=0 CN=server.example
verify error:num=21:unable to verify the first certificate
verify return:1
depth=0 CN=server.example
verify return:1
SSL_connect:SSLv3/TLS read server certificate
SSL_connect:TLSv1.3 read server certificate verify
SSL_connect:SSLv3/TLS read finished
SSL_connect:SSLv3/TLS write change cipher spec
SSL_connect:SSLv3/TLS write finished
SSL_connect:SSL negotiation finished successfully
SSL_connect:SSL negotiation finished successfully
SSL_connect:SSLv3/TLS read server session ticket
DONE
SSL3 alert write:warning:close notify
