CONNECTED(00000003)
>>> TLS 1.0, RecordHeader [length 0005]
    16 03 01 05 76
>>> TLS 1.3, Handshake [length 0576], ClientHello
    01 00 05 72 03 03 21 7a c0 a6 ca fe 37 4b 96 30
    2f 9b b4 32 07 1b 9a 86 fb 2b d8 0f 7e 21 59 a3
    79 c9 91 66 2e 77 20 ba f8 2b d3 7e 62 9a a5 74
    4b 16 b0 7f ce 2f 6e c3 38 43 24 4e 8a db 8d 1a
    a3 51 4d d3 71 84 19 00 06 13 02 13 03 13 01 01
    00 05 23 00 0b 00 04 03 00 01 02 00 0a 00 06 00
    04 11 ec 00 1d 00 23 00 00 00 16 00 00 00 17 00
    00 00 0d 00 2a 00 28 09 05 09 06 09 04 04 03 05
    03 06 03 08 07 08 08 08 1a 08 1b 08 1c 08 09 08
    0a 08 0b 08 04 08 05 08 06 04 01 05 01 06 01 00
    2b 00 03 02 03 04 00 2d 00 02 01 01 00 33 04 c6
    04 c4 11 ec 04 c0 37 7a c6 64 65 8d fb cb 2d 59
    14 64 f1 36 4d c2 44 67 cc 95 09 a1 24 5c 28 60
    c9 f6 12 97 97 1b 79 aa 91 19 d1 0c 86 a7 db 19
    97 40 1c c3 e3 6f 6f c0 04 26 02 cb 19 28 18 3c
    2c bf 1d f5 47 85 62 63 88 70 b8 ba 1b b2 2b 7c
    1c e5 d1 53 29 9a 8f d8 40 c1 90 9b 85 ad 15 1e
    2d 14 38 d5 08 70 69 55 86 39 e4 08 1d ab 19 22
    90 bc 52 e2 a0 c1 57 5c c5 76 81 db a6 9e 3f 1b
    3f 21 18 15 3a ba 9b 8e d5 c0 5b f7 52 b2 00 a8
    35 e2 44 73 cc 2f 8d e7 9b 0e c4 9b ee 7c 02 76
    1b 9b 00 c1 ae 3d 15 62 7a 21 c0 12 2a b4 c7 c1
    7f 9e 33 14 c3 a8 0b bf 78 86 8c 08 b1 e4 68 10
    7e 5b 54 48 97 6a fe f9 a2 3d 51 06 69 95 52 dc
    e6 90 e6 92 9b c2 57 b2 42 2b cd 98 c8 b7 ac 5a
    ce 4f 41 2c 6a bb 24 79 cb 13 f0 95 c6 6c 4a 12
    1a 1c 43 46 ec c7 0e 85 4e cb f8 84 95 eb 7e 6b
    54 53 4a 25 73 fe 37 7b 8e 5b 1b 6f 50 2f e4 8b
    a5 9e 53 00 cd 51 92 ac 2c 1f ff 0c b0 b1 f8 b5
    1c 9a 2c 75 6b 99 33 83 6d d4 37 c8 98 39 c8 f5
    94 23 f4 5b 9c 87 7a 84 2d c1 c8 7b d4 c9 48 24
    b5 ac 81 10 78 e5 32 d2 06 33 44 73 c4 c9 71 84
    c2 c0 4b 1c d6 bc cf 21 5e 4c f0 c1 b7 3a 83 1a
    20 a1 20 c1 bf 9d 60 b7 f4 4a be 95 23 c1 79 6a
    80 6b 50 9c a3 30 9a 47 e7 a7 4e a0 08 c3 c6 c2
    d2 b4 29 50 03 3f cf b6 b9 99 86 cd a2 72 b3 7d
    f4 2f 4c 62 6b e8 48 55 76 4a 53 3f a5 ad ae 2a
    63 c0 31 44 4f 80 58 6b dc 03 c5 82 07 a1 9a 90
    1c a5 05 79 16 7c e0 61 09 85 f4 5b e9 52 11 8c
    73 c5 42 4b 84 bf 45 03 6c c4 41 41 77 71 58 b2
    20 7a 3c 51 19 c4 65 60 0c 0b 77 46 31 f1 89 6c
    39 ec b1 e1 ac b1 e0 6a 5c bf 91 a3 bf 26 34 f0
    66 be 6e f2 a9 e8 c3 58 53 38 84 3f 65 35 c4 06
    2d ca 4b 8e 65 d9 1d 84 48 08 90 c3 8a e2 d9 7f
    e0 99 7f 9f f3 06 70 11 82 fb 85 48 d9 b4 a3 73
    f8 c5 dc a8 0e 15 9a ac 28 1b 49 e2 dc 08 74 a7
    76 e4 7c 49 ff f3 c6 86 03 bd 4f e0 11 9b f9 05
    17 16 85 42 00 45 2f 99 8e af 22 17 9d 01 3c 54
    57 4c 5e 11 3a 36 5a 75 2c e7 ae 72 45 7f b2 6a
    17 c1 15 8d 39 d3 a1 b0 35 2c 0e 81 90 0e 77 6b
    e3 58 be 66 12 a6 2c 99 81 6d 4b 66 aa 8a 72 bd
    75 7b 29 20 ae 22 a4 0f 47 c5 52 84 5b 96 5f 4a
    cf be 44 a9 d5 b6 81 5d 58 93 94 8b 97 da 0a 9c
    2e 86 78 ca e1 11 74 43 26 7a 05 30 69 f3 25 29
    60 52 0a 9b 2d 93 31 49 85 73 78 d5 d1 a2 98 88
    40 45 ac 6e 60 1c 45 6f 72 c2 3a a3 55 22 03 b3
    b9 67 ad a0 65 32 4c d3 14 cc 78 33 a8 bc 06 d6
    21 36 1b aa 8f ed e8 3e 10 b3 25 5a 52 bc af 80
    58 c2 d0 40 d1 98 16 a4 6c 1a a1 92 2a 98 03 75
    cc 5a 41 ef cb b0 3f e3 c3 bd cc 96 76 45 29 bf
    c5 60 95 c4 c7 30 e7 8a e5 a6 a9 b8 35 59 51 e2
    9d 76 b4 3b 81 46 16 3c ba 30 5e fc 09 53 f9 32
    ee a5 6a 62 f5 14 2c fc 2a 84 f7 26 a4 b2 6a 33
    fb 9b ce f9 36 5c 7a 78 dd d4 64 79 91 37 39 b5
    82 68 d0 77 a9 4a 81 08 08 2b 55 e1 47 fb 63 7f
    b7 06 0b 76 a0 c2 55 d7 6b fa 5c 2d 76 a6 34 c6
    30 7c 70 79 11 dd 2b 17 05 c4 4a 6e d7 0e 9d 2c
    5f 89 43 47 92 c9 b1 7c 77 be c8 43 63 c8 84 70
    7c d0 7b 63 97 42 28 27 1b 30 1a 3e 47 70 28 4d
    69 ae 42 36 7b c2 00 3f e9 a4 b1 31 5a 8f 95 bc
    36 4c c3 8b 43 a4 69 cf 89 71 b9 f1 98 15 f3 53
    bc 8c 85 7e 69 67 30 72 a0 5c e7 c6 d4 49 2d 35
    95 2b eb 64 a8 91 a0 ad 7a 16 8f a2 c0 57 6f 95
    bc 82 60 aa 69 35 5e 09 cb 66 bd 35 37 c2 87 53
    5f 00 c2 cf 1b ad e6 fb 19 38 a7 0f b1 b6 b0 0a
    2b 6e 82 d4 85 db c7 a8 67 61 8f c9 d4 41 9b 01
    0a 4d db 03 6f 01 74 32 43 b8 65 2a 4e 0d fa 94
    61 bb 6c 28 9b 5e 9e 57 53 d6 34 b5 b9 09 4e 07
    b5 a1 c5 70 61 b3 f9 8e fd 73 65 14 70 40 fe 22
    39 d9 f1 be 1f 51 a7 b1 2b 51 2c d0 71 65 a4 72
    b4 58 89 b3 f7 08 73 5b b8 5b a8 29 e0 ea 0c 6a
    a7 14 9f 17 47 7f 29 45 d9 eb a5 26 75 8f 11 84
    44 30 d2 bc 08 c9 28 06 fa 39 de 20 1a fb d1 2e
    6a c1 9c b3 25 61 24 70 86 3d f3 20 98 d6 31 c6
    87 87 c9 26 d5 32 c5 39 f4 aa 53 c8 70 4c ff b5
    dd 8a f1 46 b3 37 4f 0c 22 70 26 9b 10 76 e0 c0
    35 c4 04 cb 76 d1 71 1d 9d 3f 3e e7 88 bc 57 f1
    cd 2e b3 73 95 7b
<<< TLS 1.2, RecordHeader [length 0005]
    16 03 03 04 ba
<<< TLS 1.3, Handshake [length 04ba], ServerHello
    02 00 04 b6 03 03 ce 6f 51 a3 1d a8 31 d4 11 b0
    79 8e ea a0 c0 45 76 6f 71 4e df 38 ae 7f ec 21
    8b 7a a4 b2 0a 62 20 ba f8 2b d3 7e 62 9a a5 74
    4b 16 b0 7f ce 2f 6e c3 38 43 24 4e 8a db 8d 1a
    a3 51 4d d3 71 84 19 13 02 00 04 6e 00 2b 00 02
    03 04 00 33 04 64 11 ec 04 60 31 07 a0 6a e0 26
    df d0 78 54 11 96 a8 15 cc 2b 17 9d 87 bd 2f 01
    be 0e 4e 32 eb c0 92 02 86 f4 f3 f2 92 71 0e a9
    85 b0 b0 00 19 e3 7d 54 ac 37 5b aa 7e 60 ae a4
    cb 1f 72 18 06 8e 5e 22 32 02 80 3c be a2 97 19
    e8 91 34 69 17 7c 06 ab 41 14 02 2e d9 90 ce 6f
    2d 85 0a 71 98 86 20 05 77 45 80 b3 df f9 8e 25
    bc 68 b9 77 06 34 f4 4a b3 32 ae 5c 03 a1 c9 1e
    4a 09 86 c1 ce a4 e3 67 13 8f 1c 73 2a fc a6 20
    88 d9 53 03 cb 9c 94 c8 f6 de d0 21 51 29 55 4c
    57 35 d5 a2 d0 26 c8 8a 74 35 a7 6a 2d f1 8a 5b
    e8 cd cf dc ba 9f bd 13 7c b2 f2 89 53 8e 21 0b
    19 ca 22 57 2d 7a 7c 32 20 b3 bf 75 80 cb 1d fe
    34 34 67 57 c1 5f 25 02 17 e8 ed 27 1e 26 81 46
    11 c7 74 38 1c 55 18 06 89 fb 49 98 0a 48 59 2f
    cb 9a b1 63 49 5b 16 34 ce 9c 55 df 3d dc 88 f3
    a3 76 69 32 3a 1c fb 23 1b 6b 27 26 c8 06 26 15
    29 bd f1 2d e9 7e 8b 27 ff e0 af 85 6f 63 1a 41
    55 e1 33 1b e3 cf 1f 1a 72 aa d3 a7 a2 a1 2e 79
    21 c7 e8 83 f7 a9 88 0f 9d b5 aa 53 b5 32 56 4d
    2a fe 6c 21 83 0c e9 75 7d db 51 16 45 35 31 b4
    f9 2c 82 da 03 cf 9d 2b ca f7 85 44 53 61 61 81
    e8 bb 19 a3 df dc 28 fe 53 02 59 34 d9 cf 5f a2
    52 5a 5c 08 3c c0 75 a1 81 9b 22 4b ad 16 c1 3f
    3a 4c cb da cc 11 ae 9c 2c bc fc ac a1 9b b6 3c
    94 f9 91 29 e4 dd 29 32 f5 94 29 f7 b9 f8 19 4b
    8e 9d 4c 6b b1 4e 9c 6a fb 80 00 37 d0 d6 7c 33
    9e 13 37 ed 32 6c a0 48 bf fc b1 eb 3f 6b 21 0d
    85 07 97 c5 e2 4c a1 e2 ac d7 58 48 3d 03 69 84
    16 0e 10 e9 1f 42 04 e2 33 df aa c0 52 72 92 0c
    e6 6b b7 f6 ad e7 8d 66 bc b5 9b eb 70 78 0c 52
    20 b6 fe d2 0a 08 e9 9a df ef 2c 98 85 3c 6f 7f
    9f d9 d5 6a 0f c1 d8 d1 c1 b8 9c dc ef 23 e6 be
    c8 ee 67 66 33 7c 3a 36 12 32 3a c3 e1 6a bc 18
    07 eb 4b 78 ff 04 9a d9 30 18 4c 0f 23 8b 70 bb
    38 61 6f 28 63 2a e8 4f 19 ab cd 48 36 6d 4a b0
    62 50 fa d9 71 b5 3d f7 6c 18 78 e2 86 0f 01 bd
    b9 2c 71 1f ad d8 9b d2 5c ee d0 7a 8c 52 e0 e9
    10 61 1b fc b5 b3 35 d5 26 e4 1a d7 14 d5 80 93
    42 7d a8 36 36 f7 c3 89 3f 31 b6 5c b2 9a ed 87
    22 72 74 cd c4 26 c3 c7 6a da 0e e5 c5 5b 8a 62
    24 0c 30 8a 2d 02 dd cf 12 6f 64 ae 8f f8 4f 2a
    c8 60 e9 47 ce 2c ac 5e 9b 40 89 e9 9e 56 ed 62
    25 ab b6 d7 b5 e5 e3 b7 89 7f c1 d6 9c 8e cc ac
    de dc 6c 2f 50 54 03 5e e8 f9 0e 4b 03 97 4f 05
    fe 07 2f 9e fd 4a d0 da 5a 43 6d 7e 51 1e 62 0f
    6f 9e 41 50 1f db a8 fb bd 8b d5 f7 b8 a9 6c 31
    2a 98 d4 9c d6 fc 06 36 3c d3 9e 8b f7 14 cd 10
    ac 18 15 cf 21 46 d3 b0 0d 26 ca 81 b7 17 ce 22
    0e f6 14 6c 5f ce b3 28 43 d7 57 1e a2 a3 61 68
    6b 8b 74 3e b1 66 ef e6 bc 8e 6b 4c 71 29 2a a0
    d9 9e c8 92 13 f1 eb ac 32 c8 d0 27 d7 a7 f6 84
    ed 84 08 7e 90 81 56 9f 9e 27 1d 60 5e 9b 4b be
    26 df 67 36 bd ed 9c 34 da 6f c4 ec 42 0b b8 23
    47 50 ee a0 28 88 cf a0 27 15 16 47 0e 32 ef 78
    15 b1 03 cd 1b ba c8 72 1f 98 df 49 0a 9b 4a 2f
    fa 7e 21 ca 0f 38 ef 39 a0 c8 05 71 d4 98 1d 52
    b0 ae ef 84 04 cd 97 35 e9 18 80 97 de 76 62 b5
    e9 b4 c9 cf e3 ab 21 3a 0e a5 2b f8 aa 2a 59 95
    43 18 0c 7b cb 96 73 1c 14 06 7c a6 c3 35 88 5f
    bd 4d aa d8 af c0 b5 fc 67 14 25 62 78 5f 6f 85
    8b 8f 7b f3 e5 f0 ad a8 10 8e b0 de 1f 22 84 1c
    a1 9c fc f6 76 b4 31 c1 59 85 b6 da 30 6a 19 c6
    3a fe e1 76 39 6b 81 fc cb 4f 4e 83 f4 0f 67 e4
    0c 20 e4 29 80 16 75 83 6a 90 0f 21 a9 87 01 b8
    58 39 36 7a b5 68 b6 8b 37 ba 84 31 cf 80 ec 98
    93 f1 cf 97 b1 e8 26 78 77 00 ae 46 44 99 7d f1
    11 da 97 18 50 ad 3c a4 d9 39 d2 5b 80 7b 08 7e
    e3 0e 45 ce 21 ec 52 20 b8 65 d5 5c 64 f2 38 8b
    f6 ae 37 c9 03 05 0d 21 c2 64 0a 4e 46 7b 68 28
    3e 51 fd 8b 23 08 76 42 ee 3d
<<< TLS 1.2, RecordHeader [length 0005]
    14 03 03 00 01
<<< TLS 1.3, ChangeCipherSpec [length 0001]
    01
<<< TLS 1.2, RecordHeader [length 0005]
    17 03 03 00 17
<<< TLS 1.3, InnerContent [length 0001]
    16
<<< TLS 1.3, Handshake [length 0006], EncryptedExtensions
    08 00 00 02 00 00
<<< TLS 1.2, RecordHeader [length 0005]
    17 03 03 03 47
<<< TLS 1.3, InnerContent [length 0001]
    16
<<< TLS 1.3, Handshake [length 0336], Certificate
    0b 00 03 32 00 00 03 2e 00 03 29 30 82 03 25 30
    82 02 0d a0 03 02 01 02 02 01 02 30 0d 06 09 2a
    86 48 86 f7 0d 01 01 0b 05 00 30 12 31 10 30 0e
    06 03 55 04 03 0c 07 52 6f 6f 74 20 43 41 30 20
    17 0d 31 36 30 31 31 34 32 32 32 39 34 36 5a 18
    0f 32 31 31 36 30 31 31 35 32 32 32 39 34 36 5a
    30 19 31 17 30 15 06 03 55 04 03 0c 0e 73 65 72
    76 65 72 2e 65 78 61 6d 70 6c 65 30 82 01 22 30
    0d 06 09 2a 86 48 86 f7 0d 01 01 01 05 00 03 82
    01 0f 00 30 82 01 0a 02 82 01 01 00 d5 5d 60 6a
    df fc 61 ee 48 aa 8c 11 48 43 a5 6d b6 52 5d aa
    98 49 b1 61 92 35 b1 fc 3a 04 25 0c 6d 79 ff b4
    d5 c9 e9 5c 1c 3b e0 ab b3 b8 7d a3 de 6d bd e0
    dd d7 5a bf 14 47 11 42 5e a6 82 d0 61 c1 7f dd
    13 46 e6 09 85 07 0e f2 d4 fc 1a 64 d2 0a ad 20
    ab 20 6b 96 f0 ad cc c4 19 53 55 dc 01 1d a4 b3
    ef 8a b4 49 53 5d 8a 05 1c f1 dc e1 44 bf c5 d7
    e2 77 19 57 5c 97 0b 75 ee 88 43 71 0f ca 6c c1
    b4 b2 50 a7 77 46 6c 58 0f 11 bf f1 76 24 5a ae
    39 42 b7 51 67 29 e1 d0 55 30 6f 17 e4 91 ea ad
    f8 28 c2 43 6f a2 64 a9 fb 9d 98 92 62 48 3e eb
    0d 4f 82 4a 8a ff 3f 72 ee 96 b5 ae a1 c1 98 ba
    ef 7d 90 75 6d ff 5a 52 9e ab f5 c0 7e d0 87 43
    db 85 07 07 0f 7d 38 7a fd d1 d3 ee 65 1d d3 ea
    39 6a 87 37 ee 4a d3 e0 0d 6e f5 70 ac c2 bd f1
    6e f3 92 95 5e a9 f0 a1 65 95 93 8d 02 03 01 00
    01 a3 7d 30 7b 30 1d 06 03 55 1d 0e 04 16 04 14
    c0 e7 84 bf e8 59 27 33 10 b0 52 4f 51 52 2f 06
    d6 c0 7a cd 30 1f 06 03 55 1d 23 04 18 30 16 80
    14 70 7f 2e ae 83 68 59 98 04 23 2a cd eb 3e 17
    cd 24 dd 01 49 30 09 06 03 55 1d 13 04 02 30 00
    30 13 06 03 55 1d 25 04 0c 30 0a 06 08 2b 06 01
    05 05 07 03 01 30 19 06 03 55 1d 11 04 12 30 10
    82 0e 73 65 72 76 65 72 2e 65 78 61 6d 70 6c 65
    30 0d 06 09 2a 86 48 86 f7 0d 01 01 0b 05 00 03
    82 01 01 00 7b d3 04 43 75 8a 0f 11 ae c4 fb d7
    a1 a2 9e fe 20 18 d5 f4 2f 31 88 46 b6 75 8c ee
    e5 9b 97 a6 b9 a3 cd 60 9a 46 c3 48 97 e5 97 68
    f7 5a 86 35 73 d9 69 9e f9 5f 74 b9 e6 94 13 01
    cb 6a dc e3 c4 04 e9 65 da 9c a4 8b 28 f3 f9 9a
    7f bf 97 1f 45 92 e5 05 b1 56 e6 0b f6 47 de 1e
    89 b6 2b e1 4d df 4a 7e 01 d3 23 dc 97 8c 47 fe
    5f c7 cc 98 46 0e c4 83 5b ca 8a f1 52 09 be 6b
    ec 3f 09 8b d0 93 02 bf e1 51 e7 d1 7e 34 56 19
    74 d0 ff 28 25 de b7 9f 56 52 91 7d 20 29 85 0a
    80 44 5f 71 32 25 71 0f c2 16 e2 5f 6b 1d 3f 32
    5b 0a 3c 74 1c b9 62 f1 ed 07 50 a3 6d b4 b4 31
    0a c0 53 44 6a 3a 88 84 8b 2d a9 b0 37 8e e6 18
    36 bd 9a 20 40 0f 01 92 8b 3d aa 61 e7 ae 2c ed
    36 cd 3a 07 86 74 3a 29 b3 d7 3a b4 00 a9 c2 f5
    92 78 0e e2 0f a3 fe bb be e0 06 53 84 59 1d 90
    69 e5 b6 f9 00 00
<<< TLS 1.2, RecordHeader [length 0005]
    17 03 03 01 19
<<< TLS 1.3, InnerContent [length 0001]
    16
<<< TLS 1.3, Handshake [length 0108], CertificateVerify
    0f 00 01 04 08 04 01 00 ac 54 cc 4b d2 c7 3c 82
    67 84 14 55 86 eb 2c 2d 95 f1 1d 26 f0 b9 29 37
    e6 f4 b5 c2 7a 96 d1 f7 6a b6 64 cd e4 2b 83 5c
    d3 03 01 e0 04 96 37 ae d4 59 2d c4 58 2a a3 ef
    39 cf a9 3d 97 81 d9 bf b4 1b b0 91 ae bf d0 c0
    d2 df 68 9f 05 52 d6 28 c6 47 ef 0f 7b 87 0e 0c
    6e 3b 13 4a d5 ec 7f d3 0c 19 5f d0 cd 77 67 37
    85 56 dd 81 48 a1 04 0e e5 e6 74 2b e0 ce dc 5a
    d5 a9 66 ea 6e 19 c1 a2 d2 74 51 72 db 3b 5a ac
    a3 77 e5 fc 83 db ac f7 0e 76 5f c6 27 30 76 b6
    7e 59 60 01 eb 7e ad 47 7b aa c6 f9 46 f6 9c b9
    b1 28 7c b4 9e 5c f4 82 45 25 ca c5 c9 ec 01 2e
    65 54 c3 4b 0f 4c 1d 20 32 75 2a 30 17 97 d5 92
    f5 e9 a5 ac 4d b0 82 90 84 a0 0d 00 68 5b 6d cd
    46 59 79 26 61 53 84 50 d2 5b d5 7c 13 de aa bc
    2f dc 24 d3 12 98 c9 f0 d0 78 db e8 09 31 a4 75
    75 78 db ba 69 f1 f3 7d
<<< TLS 1.2, RecordHeader [length 0005]
    17 03 03 00 45
<<< TLS 1.3, InnerContent [length 0001]
    16
<<< TLS 1.3, Handshake [length 0034], Finished
    14 00 00 30 9f ed c5 67 12 88 42 94 44 a6 0b 98
    25 9a 28 d6 73 e4 66 cc 3f 45 aa ac ef bb 3c 7c
    e9 e2 2b f9 08 03 21 56 fe b0 39 00 0d c2 14 16
    27 71 b8 de
>>> TLS 1.2, RecordHeader [length 0005]
    14 03 03 00 01
>>> TLS 1.3, ChangeCipherSpec [length 0001]
    01
>>> TLS 1.2, RecordHeader [length 0005]
    17 03 03 00 45
>>> TLS 1.2, InnerContent [length 0001]
    16
>>> TLS 1.3, Handshake [length 0034], Finished
    14 00 00 30 59 73 89 00 2a 0b 9f 40 62 cd 6b 29
    5b e9 7c 08 50 5a e0 a7 35 5f 2a 45 47 a2 72 eb
    c2 40 33 ee 8f ed 78 78 fa b7 17 da 90 a2 c5 aa
    76 37 db f7
---
Certificate chain
 0 s:CN=server.example
   i:CN=Root CA
   a:PKEY: RSA, 2048 (bit); sigalg: sha256WithRSAEncryption
   v:NotBefore: Jan 14 22:29:46 2016 GMT; NotAfter: Jan 15 22:29:46 2116 GMT
---
Server certificate
-----BEGIN CERTIFICATE-----
MIIDJTCCAg2gAwIBAgIBAjANBgkqhkiG9w0BAQsFADASMRAwDgYDVQQDDAdSb290
IENBMCAXDTE2MDExNDIyMjk0NloYDzIxMTYwMTE1MjIyOTQ2WjAZMRcwFQYDVQQD
DA5zZXJ2ZXIuZXhhbXBsZTCCASIwDQYJKoZIhvcNAQEBBQADggEPADCCAQoCggEB
ANVdYGrf/GHuSKqMEUhDpW22Ul2qmEmxYZI1sfw6BCUMbXn/tNXJ6VwcO+Crs7h9
o95tveDd11q/FEcRQl6mgtBhwX/dE0bmCYUHDvLU/Bpk0gqtIKsga5bwrczEGVNV
3AEdpLPvirRJU12KBRzx3OFEv8XX4ncZV1yXC3XuiENxD8pswbSyUKd3RmxYDxG/
8XYkWq45QrdRZynh0FUwbxfkkeqt+CjCQ2+iZKn7nZiSYkg+6w1PgkqK/z9y7pa1
rqHBmLrvfZB1bf9aUp6r9cB+0IdD24UHBw99OHr90dPuZR3T6jlqhzfuStPgDW71
cKzCvfFu85KVXqnwoWWVk40CAwEAAaN9MHswHQYDVR0OBBYEFMDnhL/oWSczELBS
T1FSLwbWwHrNMB8GA1UdIwQYMBaAFHB/Lq6DaFmYBCMqzes+F80k3QFJMAkGA1Ud
EwQCMAAwEwYDVR0lBAwwCgYIKwYBBQUHAwEwGQYDVR0RBBIwEIIOc2VydmVyLmV4
YW1wbGUwDQYJKoZIhvcNAQELBQADggEBAHvTBEN1ig8RrsT716Ginv4gGNX0LzGI
RrZ1jO7lm5emuaPNYJpGw0iX5Zdo91qGNXPZaZ75X3S55pQTActq3OPEBOll2pyk
iyjz+Zp/v5cfRZLlBbFW5gv2R94eibYr4U3fSn4B0yPcl4xH/l/HzJhGDsSDW8qK
8VIJvmvsPwmL0JMCv+FR59F+NFYZdND/KCXet59WUpF9ICmFCoBEX3EyJXEPwhbi
X2sdPzJbCjx0HLli8e0HUKNttLQxCsBTRGo6iISLLamwN47mGDa9miBADwGSiz2q
YeeuLO02zToHhnQ6KbPXOrQAqcL1kngO4g+j/ru+4AZThFkdkGnltvk=
-----END CERTIFICATE-----
subject=CN=server.example
issuer=CN=Root CA
---
No client certificate CA names sent
Peer signing digest: SHA256
Peer signature type: rsa_pss_rsae_sha256
Negotiated TLS1.3 group: X25519MLKEM768
---
SSL handshake has read 2453 bytes and written 1483 bytes
Verification error: unable to verify the first certificate
---
New, TLSv1.3, Cipher is TLS_AES_256_GCM_SHA384
Protocol: TLSv1.3
Server public key is 2048 bit
This TLS version forbids renegotiation.
Compression: NONE
Expansion: NONE
No ALPN negotiated
Early data was not sent
Verify return code: 21 (unable to verify the first certificate)
---
>>> TLS 1.2, RecordHeader [length 0005]
    17 03 03 00 13
>>> TLS 1.2, InnerContent [length 0001]
    15
>>> TLS 1.3, Alert [length 0002], warning close_notify
    01 00
Connecting to 127.0.0.1
SSL_connect:before SSL initialization
SSL_connect:SSLv3/TLS write client hello
SSL_connect:SSLv3/TLS write client hello
SSL_connect:SSLv3/TLS read server hello
Can't use SSL_get_servername
SSL_connect:TLSv1.3 read encrypted extensions
depth=0 CN=server.example
verify error:num=20:unable to get local issuer certificate
verify return:1
depth=0 CN=server.example
verify error:num=21:unable to verify the first certificate
verify return:1
depth=0 CN=server.example
verify return:1
SSL_connect:SSLv3/TLS read server certificate
SSL_connect:TLSv1.3 read server certificate verify
SSL_connect:SSLv3/TLS read finished
SSL_connect:SSLv3/TLS write change cipher spec
SSL_connect:SSLv3/TLS write finished
DONE
SSL3 alert write:warning:close notify
