CONNECTED(00000003)
>>> TLS 1.0, RecordHeader [length 0005]
    16 03 01 00 d6
>>> TLS 1.3, Handshake [length 00d6], ClientHello
    01 00 00 d2 03 03 17 5e 37 6f 34 6c a2 34 be db
    9c 97 fc fb cc a1 fa 9e b7 0e 94 80 13 f1 2a f0
    5a e7 9c 6f 41 c3 20 de 4e 56 ba 79 bd d4 0a 54
    66 f1 13 92 5a 66 f1 ba 35 a2 62 d0 5c e1 a5 57
    72 f9 06 33 79 07 97 00 06 13 02 13 03 13 01 01
    00 00 83 00 0b 00 04 03 00 01 02 00 0a 00 06 00
    04 00 1d 11 ec 00 23 00 00 00 16 00 00 00 17 00
    00 00 0d 00 2a 00 28 09 05 09 06 09 04 04 03 05
    03 06 03 08 07 08 08 08 1a 08 1b 08 1c 08 09 08
    0a 08 0b 08 04 08 05 08 06 04 01 05 01 06 01 00
    2b 00 03 02 03 04 00 2d 00 02 01 01 00 33 00 26
    00 24 00 1d 00 20 76 a8 25 3d 3b 1e af 9b a6 3d
    65 51 ce a2 25 59 49 fd 1b f5 53 3e e1 61 f3 1f
    af 58 e3 d1 72 29
<<< TLS 1.2, RecordHeader [length 0005]
    16 03 03 00 58
<<< TLS 1.3, Handshake [length 0058], ServerHello
    02 00 00 54 03 03 cf 21 ad 74 e5 9a 61 11 be 1d
    8c 02 1e 65 b8 91 c2 a2 11 16 7a bb 8c 5e 07 9e
    09 e2 c8 a8 33 9c 20 de 4e 56 ba 79 bd d4 0a 54
    66 f1 13 92 5a 66 f1 ba 35 a2 62 d0 5c e1 a5 57
    72 f9 06 33 79 07 97 13 02 00 00 0c 00 2b 00 02
    03 04 00 33 00 02 11 ec
>>> TLS 1.2, RecordHeader [length 0005]
    14 03 03 00 01
>>> TLS 1.3, ChangeCipherSpec [length 0001]
    01
>>> TLS 1.2, RecordHeader [length 0005]
    16 03 03 05 76
>>> TLS 1.3, Handshake [length 0576], ClientHello
    01 00 05 72 03 03 17 5e 37 6f 34 6c a2 34 be db
    9c 97 fc fb cc a1 fa 9e b7 0e 94 80 13 f1 2a f0
    5a e7 9c 6f 41 c3 20 de 4e 56 ba 79 bd d4 0a 54
    66 f1 13 92 5a 66 f1 ba 35 a2 62 d0 5c e1 a5 57
    72 f9 06 33 79 07 97 00 06 13 02 13 03 13 01 01
    00 05 23 00 0b 00 04 03 00 01 02 00 0a 00 06 00
    04 00 1d 11 ec 00 23 00 00 00 16 00 00 00 17 00
    00 00 0d 00 2a 00 28 09 05 09 06 09 04 04 03 05
    03 06 03 08 07 08 08 08 1a 08 1b 08 1c 08 09 08
    0a 08 0b 08 04 08 05 08 06 04 01 05 01 06 01 00
    2b 00 03 02 03 04 00 2d 00 02 01 01 00 33 04 c6
    04 c4 11 ec 04 c0 4b 47 0c 99 fc b9 27 8a cf a4
    16 48 4b 26 29 b6 5c 99 c9 30 17 f0 c4 aa 9c e9
    c3 18 4c 3c 7e 61 9e 11 c0 23 43 97 63 88 c3 04
    46 b1 6c 06 94 78 aa b8 88 b1 b3 78 a4 f2 90 4b
    10 4a a5 f4 a8 ba 21 9c 02 23 8d f7 b8 ab 8e e1
    6d ea f6 73 e4 12 3a 90 57 09 10 95 4c 6b e2 27
    0b e4 09 b1 e9 70 9f d4 cb b6 28 b6 05 21 76 59
    2b 17 8d 9c a4 2e b1 69 83 1c 5d ce 0b 5a 22 aa
    a6 f9 91 af b8 bb c7 80 27 24 10 68 94 55 28 14
    c5 23 20 cf 38 b2 73 54 79 f2 65 b3 0e 89 34 e9
    d0 6f 72 b8 a0 5e d3 1f 5d e7 19 ad 50 8b eb 91
    77 5a c4 7c b6 f4 4d b6 10 7a 60 42 78 e7 3a 81
    4f f7 50 5e a3 c9 50 06 09 23 01 2d e4 27 ce aa
    e6 04 b5 31 ad 99 3c 51 71 10 04 70 61 b7 d3 a4
    21 7b 08 88 51 fc 07 f9 f8 ae 2f db 09 d2 1b 36
    dd 7a af 73 b5 91 fa a3 65 56 98 00 c1 2c b0 64
    89 1f 2d 5a 1f b9 c7 8d d4 c6 62 21 73 cc ce 81
    85 2c 92 62 78 1b 7a 90 ca 15 44 b1 1a f2 f8 70
    6e fb 6c 74 f8 a7 a2 f9 88 a5 19 15 d4 2c 71 0d
    c1 b4 16 53 cc 58 40 2d fa c5 1d 2c 46 20 42 d4
    88 27 0b 57 5a 58 1f 97 b3 a9 41 70 68 7a cc cd
    13 24 84 ec 72 10 66 98 7e b3 f0 15 86 e0 48 b8
    08 36 78 8a 65 2f 47 77 24 c0 6a 86 f5 a2 5c 75
    12 38 a1 94 ea c6 64 56 f7 c2 24 c6 ae a0 ea 20
    60 31 6b dd 27 a0 e6 80 21 0f 7b cb f4 3c 02 1e
    67 2d 4e 47 98 0d 3c 76 b8 78 c0 1c fb 46 a0 7a
    76 b3 f8 29 a0 09 43 57 b8 93 90 f0 54 04 a2 8f
    2f a4 07 8a 5c a6 27 18 c2 96 c3 1a c3 89 31 90
    e6 18 4b 82 1e 06 5c 8f 0a 16 15 0b da 66 64 56
    75 f8 d6 c0 ba e4 81 71 5a 66 d6 db 52 ee 99 27
    82 89 ad 19 bb 3e ed 58 29 a9 c2 12 14 b3 95 9f
    57 6f 83 a0 4d de 67 2f 87 06 9d a8 55 a5 00 40
    05 78 29 1c b9 77 62 d0 56 aa 3e 25 4d 83 21 b9
    10 59 27 b4 91 28 42 29 c3 39 96 02 78 65 91 5c
    a6 30 05 26 a1 d0 67 a1 17 11 99 98 43 7f 31 d6
    64 04 f3 af bd f6 5f d0 ca 99 f6 97 a4 5e 15 9a
    7f 20 40 ad 1a 3d 64 35 2c e3 31 4e 05 cb 93 e8
    22 3d c1 34 cd d4 36 9b d7 14 32 42 c4 7e e0 e9
    82 d9 d0 bc 76 24 3a 9f 5a c6 4d 4c b4 9c 94 71
    b2 96 58 86 57 17 51 65 8d 7b 47 9f db 44 1c 7b
    f2 81 b1 26 30 af a8 7f e2 22 c2 f2 fa c6 79 2b
    52 8b 35 c3 9f e4 0f fb 37 c0 6e 80 3e e0 27 55
    0c 4c 4e e3 ab 39 b1 f9 98 77 f9 81 76 40 59 2d
    9a 89 5d c9 67 65 ac 87 37 84 a5 84 e0 9d 76 a4
    7b 4b 6c 74 75 17 74 d8 6a c2 ee 8b 20 bf 21 89
    4d 88 3f 43 01 1e 3e 1c 77 cf 96 10 4f 17 64 1a
    b2 0b 41 d3 5d 34 3a 7e 06 79 a4 5e b4 56 13 6a
    ae 91 bb 4d 2e 74 34 ee 55 a1 60 e6 02 1f a9 4a
    03 dc 38 78 54 03 cb b0 2a 18 f5 ac 1a f8 3f 65
    c2 6d 13 63 b8 a5 f4 1a ca bc aa e7 23 2b ee b8
    39 d9 f4 4a 45 70 3a 8e d4 25 53 28 95 3b 3c 59
    37 5a 0a d5 04 0e f9 a1 5c d6 53 b7 b4 46 b5 91
    08 9a 58 96 85 5f 82 69 bc 0c 02 f2 8a b2 af e9
    be 63 aa b0 4b 98 ae 57 4b a7 92 87 88 44 33 26
    17 10 44 e6 4c b3 62 e2 c5 6d 88 68 4e 8b 33 fd
    59 5d ea 99 09 4d 50 4f 7b 00 56 0d b6 bc 48 11
    36 37 45 0f 36 ba 51 2d 46 16 a3 38 73 42 97 38
    b4 a4 99 78 eb 97 ee 2a 8f 83 7a 27 0e 5c bc 8f
    ea ad 8e 92 03 1c 59 3d 90 c7 98 ac 69 a7 46 7a
    6e a6 93 9f 9c 6c 46 d5 42 9a 3c f8 26 15 3b 2b
    80 45 77 3e 52 95 52 9b cf 34 33 75 9b 78 3e ec
    7b bd 5c b5 83 9c 61 1c 31 49 28 25 26 2f 43 a5
    c8 45 b1 b8 22 a6 94 eb 4c b4 30 f3 9d 7b e9 92
    be c6 40 dd 82 a9 a5 f3 ce f7 85 4f fe 6c 8c 9c
    d7 57 5f 32 50 30 cc 8e fa 65 1f 07 d1 b7 82 82
    52 38 cc 32 33 e9 84 7f 52 24 b9 c9 b3 9c eb b8
    8c 70 3d c8 94 54 31 95 6e b5 a8 54 e2 64 84 4a
    5c 82 55 57 7e d1 58 61 72 26 14 3f f5 28 a7 e2
    79 c1 ca 25 ca 27 6a c2 34 16 36 c8 b7 56 76 b3
    e3 17 c4 f1 50 93 cf 4b 3b 0e 60 37 57 20 4c 45
    3a 87 91 40 47 65 41 9c 30 40 bc 45 00 97 70 a4
    50 2f 08 ab a8 10 6e a1 95 09 30 94 4b b6 50 44
    33 c9 0e a0 79 5a a2 56 0d 31 24 fc bf 46 ba 9b
    4b cf 7e 34 a7 bd e5 85 c6 49 e1 ba 9e 20 18 f5
    39 9e 09 91 b6 9c 15 ee be af b2 e6 43 eb e6 be
    82 eb 98 ba 8f a2 86 ae f4 a5 11 9e 02 63 34 73
    f6 b6 5f e4 b5 72
<<< TLS 1.2, RecordHeader [length 0005]
    14 03 03 00 01
<<< TLS 1.3, ChangeCipherSpec [length 0001]
    01
<<< TLS 1.2, RecordHeader [length 0005]
    16 03 03 04 ba
<<< TLS 1.3, Handshake [length 04ba], ServerHello
    02 00 04 b6 03 03 56 2e 19 e1 40 64 eb 08 23 22
    7c fb eb 89 34 ea c2 5e 69 f9 66 ed 7b 8f 58 9c
    19 48 e2 c7 89 26 20 de 4e 56 ba 79 bd d4 0a 54
    66 f1 13 92 5a 66 f1 ba 35 a2 62 d0 5c e1 a5 57
    72 f9 06 33 79 07 97 13 02 00 04 6e 00 2b 00 02
    03 04 00 33 04 64 11 ec 04 60 b4 31 8e 0d 2e 9f
    7e 29 46 53 1a 9d 7b e1 4f 39 81 1c 6f 2c 39 d2
    5d c9 81 3c 2b 9e 73 53 4d 6d ed 5a c7 c3 51 ab
    82 b3 21 a5 3a 14 9a 77 fb e4 2f 3d ea 24 13 b5
    0e 36 c5 6c 29 cf 75 85 60 b0 1d 57 d6 31 2c 39
    e9 a2 b8 20 8c 59 27 27 98 4a ba 20 b7 e1 bf 49
    e6 e9 09 aa b7 c6 71 09 8a 9a 61 32 c6 fd eb 98
    cb a3 e5 a7 89 a4 3f 82 41 f7 aa c2 16 e0 28 6c
    48 49 4b 50 f1 68 cf c0 ef a0 57 84 c5 f3 dc 31
    55 71 0c 03 2d 04 68 59 e5 b5 20 00 a5 ba 49 29
    b5 ff f8 3f ec 77 a7 f4 38 2f 3d d9 e2 c3 b6 98
    5d 36 29 0b ed c6 da f3 bc 2d 62 76 22 ef 10 f6
    35 3d 2a 9f 04 c8 48 30 2c be c1 6a 40 37 07 fc
    dd d6 68 2a 35 91 a0 6a 30 3b aa c6 4e 85 8d c3
    b2 bd 4a 44 26 74 3f 16 2f d6 12 f3 81 34 8d de
    bd 74 c5 4c 51 07 d4 17 77 f4 37 b9 6c 43 47 67
    77 76 d7 7b 8e 11 78 f9 c6 e3 42 66 b6 95 24 bf
    3c a9 0c df c7 89 20 86 ef b5 43 16 9d 1f 83 ec
    cb d9 e5 b8 9d 8e 25 9b 4c f8 08 cf de 3a e5 16
    e5 ed 93 73 99 23 63 8e 4b 96 56 33 d2 74 0b 53
    1f 00 5c bf dd 2f 4d 0d 79 a1 59 cd 49 66 2d e9
    bb 2a 98 7a 71 d0 03 26 14 90 fc 87 ad b6 70 40
    be eb ac 60 d7 95 09 4b 27 3d d8 6d 98 bc 6a b0
    a2 b9 bd ce d0 47 9b 0a 18 bc 42 ea a8 65 ea 48
    8a 2b 6e 49 18 72 dd aa f5 79 f8 84 e0 b1 2c b6
    a2 c4 c1 d9 d9 8a 31 16 da 5f 9e a6 de 4b 7b 96
    55 ea 49 c3 ee 03 e2 d6 0b 9d 3c 45 5c 46 7f 6f
    8d 57 86 18 7e be 26 dc bf d8 a0 d3 fb cb e2 72
    d5 b9 66 10 7c 72 54 b8 38 ce e8 64 4d 08 80 aa
    9e 65 b3 29 81 ed d6 b6 55 84 1f a0 69 85 5a ac
    8a c7 76 ef c4 a0 5b 97 ba 2c 31 e9 8a b6 5e 38
    c8 9f c9 72 aa 06 33 a4 f1 52 03 9b 89 80 64 33
    7e f0 75 0a ac 64 bd de 11 14 74 42 51 33 19 81
    69 91 e9 d5 9a 24 ba ad 29 a6 f0 7d 8f 44 a4 ef
    ed 7a 2c 72 e2 d6 b0 c0 c9 c2 76 45 fd be 43 ee
    5c 66 36 8a 05 57 23 a6 02 f6 7b d7 c1 24 9f fa
    a8 9b bf 22 e3 5c 6f d5 98 ad f9 1e 13 6a 05 cb
    98 fa cd 50 5e 31 37 ff 3e 5c 16 69 0c 1c bd 46
    a3 14 ca e6 ab 11 e3 df 1a 18 c9 25 26 74 65 aa
    e3 e6 6a 60 6e a2 f9 41 cb 5c e2 61 31 2c 6a c6
    f7 67 16 41 01 f7 93 07 e3 36 31 b8 9a fa 2b 7d
    14 d9 d6 84 93 e7 dc dd 76 20 6c f5 49 d7 ab 72
    7f a3 52 9b f0 6e e8 d3 43 15 c2 d8 c5 01 e8 60
    77 06 25 05 84 20 23 1e d6 aa 80 a4 72 ce d0 91
    2c 02 c9 5f d8 69 35 6d 19 06 4d cc 3d 89 55 2b
    b6 65 13 7b 9c b4 43 8d c1 57 fd de c3 c9 b0 02
    b4 0b e0 e9 7a b3 d5 12 ee 21 2a 39 07 cd 0b a3
    fb 66 5e 61 e2 dd 96 06 45 11 ff fe 4b 97 65 25
    a2 87 0d b5 14 d2 2d 06 e1 43 bd c6 df ff b1 f3
    d9 eb a2 90 1d 7c 5a 4f aa f7 94 7c 3e 74 81 12
    16 be f8 5b 21 d5 4f 66 bf 64 db d9 96 02 c0 18
    20 89 af 00 ef e3 6d 7f 3a c3 02 ba fe 8b 13 98
    c1 63 85 e9 75 3d 7d c0 94 4d 1b e6 3d 58 ff 3e
    cc 7c 7a df d5 29 ef 01 21 27 24 b5 7d 51 89 7d
    b2 ee b2 a3 b6 75 68 46 2d a1 a8 07 79 d2 66 57
    e0 3c 11 98 75 3d 33 93 a5 a8 62 f8 24 36 be 00
    a5 90 3b 13 3f 62 3f fd 33 da 37 67 4b 31 a1 68
    45 a7 45 cf 85 3b b9 e5 ff d9 61 87 26 56 92 7e
    c4 17 10 67 96 40 45 ee ae ac 1f 81 36 7a 7a 36
    ae 1d 21 f9 df b6 f0 5c c6 ee d9 36 e3 a1 2a 6c
    96 d7 31 65 9f d8 5f 56 f8 d4 17 c9 09 38 03 bf
    a8 a8 a0 bf 1d fc c6 de 7e 8c 5d f0 68 15 f7 d4
    60 88 3c 1c b5 46 38 f8 20 21 20 f3 51 c6 75 90
    8b 4c 45 53 ab 77 8a 79 85 cc 5d b2 dc 94 fc 4c
    f9 80 02 c9 0d 10 98 5f ce 1b 13 c4 1f 7c 11 da
    f5 6b ed b0 f5 18 58 c9 9b 12 55 87 a5 c8 26 8f
    e2 57 25 88 7c bd 7d d4 9d 06 08 b6 3b 58 80 d2
    56 d9 35 2c 78 f0 02 75 4b 06 c4 71 cc 66 11 c9
    b3 84 5a cf 47 ee fe a8 c2 41 53 b9 d4 9d f8 03
    d4 c5 34 6c c9 03 70 11 bd e9 63 9d de ff 92 a1
    90 b9 f0 8e 96 1d 2b c6 47 24
<<< TLS 1.2, RecordHeader [length 0005]
    17 03 03 00 17
<<< TLS 1.3, InnerContent [length 0001]
    16
<<< TLS 1.3, Handshake [length 0006], EncryptedExtensions
    08 00 00 02 00 00
<<< TLS 1.2, RecordHeader [length 0005]
    17 03 03 03 47
<<< TLS 1.3, InnerContent [length 0001]
    16
<<< TLS 1.3, Handshake [length 0336], Certificate
    0b 00 03 32 00 00 03 2e 00 03 29 30 82 03 25 30
    82 02 0d a0 03 02 01 02 02 01 02 30 0d 06 09 2a
    86 48 86 f7 0d 01 01 0b 05 00 30 12 31 10 30 0e
    06 03 55 04 03 0c 07 52 6f 6f 74 20 43 41 30 20
    17 0d 31 36 30 31 31 34 32 32 32 39 34 36 5a 18
    0f 32 31 31 36 30 31 31 35 32 32 32 39 34 36 5a
    30 19 31 17 30 15 06 03 55 04 03 0c 0e 73 65 72
    76 65 72 2e 65 78 61 6d 70 6c 65 30 82 01 22 30
    0d 06 09 2a 86 48 86 f7 0d 01 01 01 05 00 03 82
    01 0f 00 30 82 01 0a 02 82 01 01 00 d5 5d 60 6a
    df fc 61 ee 48 aa 8c 11 48 43 a5 6d b6 52 5d aa
    98 49 b1 61 92 35 b1 fc 3a 04 25 0c 6d 79 ff b4
    d5 c9 e9 5c 1c 3b e0 ab b3 b8 7d a3 de 6d bd e0
    dd d7 5a bf 14 47 11 42 5e a6 82 d0 61 c1 7f dd
    13 46 e6 09 85 07 0e f2 d4 fc 1a 64 d2 0a ad 20
    ab 20 6b 96 f0 ad cc c4 19 53 55 dc 01 1d a4 b3
    ef 8a b4 49 53 5d 8a 05 1c f1 dc e1 44 bf c5 d7
    e2 77 19 57 5c 97 0b 75 ee 88 43 71 0f ca 6c c1
    b4 b2 50 a7 77 46 6c 58 0f 11 bf f1 76 24 5a ae
    39 42 b7 51 67 29 e1 d0 55 30 6f 17 e4 91 ea ad
    f8 28 c2 43 6f a2 64 a9 fb 9d 98 92 62 48 3e eb
    0d 4f 82 4a 8a ff 3f 72 ee 96 b5 ae a1 c1 98 ba
    ef 7d 90 75 6d ff 5a 52 9e ab f5 c0 7e d0 87 43
    db 85 07 07 0f 7d 38 7a fd d1 d3 ee 65 1d d3 ea
    39 6a 87 37 ee 4a d3 e0 0d 6e f5 70 ac c2 bd f1
    6e f3 92 95 5e a9 f0 a1 65 95 93 8d 02 03 01 00
    01 a3 7d 30 7b 30 1d 06 03 55 1d 0e 04 16 04 14
    c0 e7 84 bf e8 59 27 33 10 b0 52 4f 51 52 2f 06
    d6 c0 7a cd 30 1f 06 03 55 1d 23 04 18 30 16 80
    14 70 7f 2e ae 83 68 59 98 04 23 2a cd eb 3e 17
    cd 24 dd 01 49 30 09 06 03 55 1d 13 04 02 30 00
    30 13 06 03 55 1d 25 04 0c 30 0a 06 08 2b 06 01
    05 05 07 03 01 30 19 06 03 55 1d 11 04 12 30 10
    82 0e 73 65 72 76 65 72 2e 65 78 61 6d 70 6c 65
    30 0d 06 09 2a 86 48 86 f7 0d 01 01 0b 05 00 03
    82 01 01 00 7b d3 04 43 75 8a 0f 11 ae c4 fb d7
    a1 a2 9e fe 20 18 d5 f4 2f 31 88 46 b6 75 8c ee
    e5 9b 97 a6 b9 a3 cd 60 9a 46 c3 48 97 e5 97 68
    f7 5a 86 35 73 d9 69 9e f9 5f 74 b9 e6 94 13 01
    cb 6a dc e3 c4 04 e9 65 da 9c a4 8b 28 f3 f9 9a
    7f bf 97 1f 45 92 e5 05 b1 56 e6 0b f6 47 de 1e
    89 b6 2b e1 4d df 4a 7e 01 d3 23 dc 97 8c 47 fe
    5f c7 cc 98 46 0e c4 83 5b ca 8a f1 52 09 be 6b
    ec 3f 09 8b d0 93 02 bf e1 51 e7 d1 7e 34 56 19
    74 d0 ff 28 25 de b7 9f 56 52 91 7d 20 29 85 0a
    80 44 5f 71 32 25 71 0f c2 16 e2 5f 6b 1d 3f 32
    5b 0a 3c 74 1c b9 62 f1 ed 07 50 a3 6d b4 b4 31
    0a c0 53 44 6a 3a 88 84 8b 2d a9 b0 37 8e e6 18
    36 bd 9a 20 40 0f 01 92 8b 3d aa 61 e7 ae 2c ed
    36 cd 3a 07 86 74 3a 29 b3 d7 3a b4 00 a9 c2 f5
    92 78 0e e2 0f a3 fe bb be e0 06 53 84 59 1d 90
    69 e5 b6 f9 00 00
<<< TLS 1.2, RecordHeader [length 0005]
    17 03 03 01 19
<<< TLS 1.3, InnerContent [length 0001]
    16
<<< TLS 1.3, Handshake [length 0108], CertificateVerify
    0f 00 01 04 08 04 01 00 a9 28 c1 08 91 eb 25 c3
    49 ac ea 04 93 50 93 4c da f3 63 d8 78 a9 df d7
    be 84 01 96 fd db a4 8b df b1 ef 02 a1 25 39 96
    e4 5e 64 34 e0 0e 91 ef 05 03 e2 6a 7d a8 8c 4e
    6c 09 be b6 5c 60 7a 1e 19 82 d1 e1 db 3b 9a ae
    fe 59 be 36 a1 42 5c e7 36 04 c5 16 9b 41 8a f2
    0f 09 27 93 70 b7 f5 42 c8 dc 7c 16 23 b7 f9 f2
    41 50 f6 28 d7 ba 34 0c 8f 2c 2e 87 ba 9b 48 d3
    fe 24 c8 7c 90 40 79 7c 2b 29 40 67 fc 15 c7 d0
    cd e8 ea 41 83 7a e7 06 a8 b1 45 e8 e2 ca ef e3
    f2 c0 78 f8 ae ee ea 73 72 69 58 2f c0 da b3 b5
    1d c1 26 28 59 7f 07 82 e8 0d b4 4d 7c 6e 24 d5
    9f b9 9d 23 16 24 e4 21 26 73 89 0a cf 3d 10 48
    d1 42 2a 1f 30 84 ff 19 9e bf b4 0a a3 03 95 76
    a0 cd 9e 69 c8 c9 0f 0f c0 45 b9 8a 42 03 3c 75
    14 df c8 3b 7d fc 96 83 20 67 a7 4e 91 c9 92 b7
    4a 45 90 a0 b1 77 ac f8
<<< TLS 1.2, RecordHeader [length 0005]
    17 03 03 00 45
<<< TLS 1.3, InnerContent [length 0001]
    16
<<< TLS 1.3, Handshake [length 0034], Finished
    14 00 00 30 b8 0b 18 a9 a4 fb 0f 88 6b 49 43 af
    c7 5a 86 29 be da 0e e0 b4 37 29 e3 fa 47 87 78
    d3 c8 e8 11 cf e6 1e 90 b0 e5 59 65 d5 e5 fc a3
    44 0d 19 e4
>>> TLS 1.2, RecordHeader [length 0005]
    17 03 03 00 45
>>> TLS 1.2, InnerContent [length 0001]
    16
>>> TLS 1.3, Handshake [length 0034], Finished
    14 00 00 30 4b ec 1f 36 0b 8b a4 07 eb d9 c3 d0
    4d 72 48 40 ad c6 5f 73 c2 b3 d5 57 2e 14 4b 8f
    b3 0e 15 27 92 20 a0 e3 06 75 3b ed 53 ca 82 ee
    27 b4 5e 3b
---
Certificate chain
 0 s:CN=server.example
   i:CN=Root CA
   a:PKEY: RSA, 2048 (bit); sigalg: sha256WithRSAEncryption
   v:NotBefore: Jan 14 22:29:46 2016 GMT; NotAfter: Jan 15 22:29:46 2116 GMT
---
Server certificate
-----BEGIN CERTIFICATE-----
MIIDJTCCAg2gAwIBAgIBAjANBgkqhkiG9w0BAQsFADASMRAwDgYDVQQDDAdSb290
IENBMCAXDTE2MDExNDIyMjk0NloYDzIxMTYwMTE1MjIyOTQ2WjAZMRcwFQYDVQQD
DA5zZXJ2ZXIuZXhhbXBsZTCCASIwDQYJKoZIhvcNAQEBBQADggEPADCCAQoCggEB
ANVdYGrf/GHuSKqMEUhDpW22Ul2qmEmxYZI1sfw6BCUMbXn/tNXJ6VwcO+Crs7h9
o95tveDd11q/FEcRQl6mgtBhwX/dE0bmCYUHDvLU/Bpk0gqtIKsga5bwrczEGVNV
3AEdpLPvirRJU12KBRzx3OFEv8XX4ncZV1yXC3XuiENxD8pswbSyUKd3RmxYDxG/
8XYkWq45QrdRZynh0FUwbxfkkeqt+CjCQ2+iZKn7nZiSYkg+6w1PgkqK/z9y7pa1
rqHBmLrvfZB1bf9aUp6r9cB+0IdD24UHBw99OHr90dPuZR3T6jlqhzfuStPgDW71
cKzCvfFu85KVXqnwoWWVk40CAwEAAaN9MHswHQYDVR0OBBYEFMDnhL/oWSczELBS
T1FSLwbWwHrNMB8GA1UdIwQYMBaAFHB/Lq6DaFmYBCMqzes+F80k3QFJMAkGA1Ud
EwQCMAAwEwYDVR0lBAwwCgYIKwYBBQUHAwEwGQYDVR0RBBIwEIIOc2VydmVyLmV4
YW1wbGUwDQYJKoZIhvcNAQELBQADggEBAHvTBEN1ig8RrsT716Ginv4gGNX0LzGI
RrZ1jO7lm5emuaPNYJpGw0iX5Zdo91qGNXPZaZ75X3S55pQTActq3OPEBOll2pyk
iyjz+Zp/v5cfRZLlBbFW5gv2R94eibYr4U3fSn4B0yPcl4xH/l/HzJhGDsSDW8qK
8VIJvmvsPwmL0JMCv+FR59F+NFYZdND/KCXet59WUpF9ICmFCoBEX3EyJXEPwhbi
X2sdPzJbCjx0HLli8e0HUKNttLQxCsBTRGo6iISLLamwN47mGDa9miBADwGSiz2q
YeeuLO02zToHhnQ6KbPXOrQAqcL1kngO4g+j/ru+4AZThFkdkGnltvk=
-----END CERTIFICATE-----
subject=CN=server.example
issuer=CN=Root CA
---
No client certificate CA names sent
Peer signing digest: SHA256
Peer signature type: rsa_pss_rsae_sha256
Negotiated TLS1.3 group: X25519MLKEM768
---
SSL handshake has read 2546 bytes and written 1702 bytes
Verification error: unable to verify the first certificate
---
New, TLSv1.3, Cipher is TLS_AES_256_GCM_SHA384
Protocol: TLSv1.3
Server public key is 2048 bit
This TLS version forbids renegotiation.
Compression: NONE
Expansion: NONE
No ALPN negotiated
Early data was not sent
Verify return code: 21 (unable to verify the first certificate)
---
>>> TLS 1.2, RecordHeader [length 0005]
    17 03 03 00 13
>>> TLS 1.2, InnerContent [length 0001]
    15
>>> TLS 1.3, Alert [length 0002], warning close_notify
    01 00
Connecting to 127.0.0.1
SSL_connect:before SSL initialization
SSL_connect:SSLv3/TLS write client hello
SSL_connect:SSLv3/TLS write client hello
SSL_connect:SSLv3/TLS read server hello
SSL_connect:SSLv3/TLS write change cipher spec
SSL_connect:SSLv3/TLS write client hello
SSL_connect:SSLv3/TLS write client hello
SSL_connect:SSLv3/TLS read server hello
Can't use SSL_get_servername
SSL_connect:TLSv1.3 read encrypted extensions
depth=0 CN=server.example
verify error:num=20:unable to get local issuer certificate
verify return:1
depth=0 CN=server.example
verify error:num=21:unable to verify the first certificate
verify return:1
depth=0 CN=server.example
verify return:1
SSL_connect:SSLv3/TLS read server certificate
SSL_connect:TLSv1.3 read server certificate verify
SSL_connect:SSLv3/TLS read finished
SSL_connect:SSLv3/TLS write finished
DONE
SSL3 alert write:warning:close notify
