CONNECTED(00000003)
>>> TLS 1.0, RecordHeader [length 0005]
    16 03 01 00 d6
>>> TLS 1.3, Handshake [length 00d6], ClientHello
    01 00 00 d2 03 03 ed 19 14 78 84 63 95 ed 16 c8
    f0 cd 50 cc 59 86 93 c5 91 29 3d c0 41 55 57 69
    d9 f1 58 89 c0 10 20 5b 3c e8 e3 33 f3 a0 11 c3
    2e 9e b8 00 c8 4e f8 65 fe 4d 68 c0 a6 df f7 65
    00 07 7e f5 b7 25 f8 00 06 13 02 13 03 13 01 01
    00 00 83 00 0b 00 04 03 00 01 02 00 0a 00 06 00
    04 00 1d 11 ec 00 23 00 00 00 16 00 00 00 17 00
    00 00 0d 00 2a 00 28 09 05 09 06 09 04 04 03 05
    03 06 03 08 07 08 08 08 1a 08 1b 08 1c 08 09 08
    0a 08 0b 08 04 08 05 08 06 04 01 05 01 06 01 00
    2b 00 03 02 03 04 00 2d 00 02 01 01 00 33 00 26
    00 24 00 1d 00 20 78 94 66 8f b9 9c bc d2 b0 06
    3f 41 97 1c 8d 60 88 03 d9 ce a7 87 af 8f cb e1
    7c 5c 47 41 ad 1c
<<< TLS 1.2, RecordHeader [length 0005]
    16 03 03 00 58
<<< TLS 1.3, Handshake [length 0058], ServerHello
    02 00 00 54 03 03 cf 21 ad 74 e5 9a 61 11 be 1d
    8c 02 1e 65 b8 91 c2 a2 11 16 7a bb 8c 5e 07 9e
    09 e2 c8 a8 33 9c 20 5b 3c e8 e3 33 f3 a0 11 c3
    2e 9e b8 00 c8 4e f8 65 fe 4d 68 c0 a6 df f7 65
    00 07 7e f5 b7 25 f8 13 01 00 00 0c 00 2b 00 02
    03 04 00 33 00 02 11 ec
>>> TLS 1.2, RecordHeader [length 0005]
    14 03 03 00 01
>>> TLS 1.3, ChangeCipherSpec [length 0001]
    01
>>> TLS 1.2, RecordHeader [length 0005]
    16 03 03 05 76
>>> TLS 1.3, Handshake [length 0576], ClientHello
    01 00 05 72 03 03 ed 19 14 78 84 63 95 ed 16 c8
    f0 cd 50 cc 59 86 93 c5 91 29 3d c0 41 55 57 69
    d9 f1 58 89 c0 10 20 5b 3c e8 e3 33 f3 a0 11 c3
    2e 9e b8 00 c8 4e f8 65 fe 4d 68 c0 a6 df f7 65
    00 07 7e f5 b7 25 f8 00 06 13 02 13 03 13 01 01
    00 05 23 00 0b 00 04 03 00 01 02 00 0a 00 06 00
    04 00 1d 11 ec 00 23 00 00 00 16 00 00 00 17 00
    00 00 0d 00 2a 00 28 09 05 09 06 09 04 04 03 05
    03 06 03 08 07 08 08 08 1a 08 1b 08 1c 08 09 08
    0a 08 0b 08 04 08 05 08 06 04 01 05 01 06 01 00
    2b 00 03 02 03 04 00 2d 00 02 01 01 00 33 04 c6
    04 c4 11 ec 04 c0 4c a8 58 04 ab 7a f6 29 14 a0
    06 11 68 26 12 d7 90 21 10 d7 22 ec 69 46 72 e7
    36 63 5c 3d 76 b9 1b c2 c7 8c 1a 27 c8 46 09 b4
    34 19 c8 05 02 76 de 11 0e 76 a3 92 bb fc c1 6c
    98 ad df 68 25 74 87 b4 90 3a 70 ca b0 5c 59 56
    3a 7e 41 8a 8b 96 b3 e2 87 c1 f0 c4 92 5f 43 36
    1c f3 5a b4 80 57 19 f4 29 2c eb 70 ea d6 c4 5f
    85 5f bb 11 8c 00 f6 3d f7 02 1c eb 3c 8b f0 b6
    88 67 57 7a 34 88 3a 12 3b a6 aa 10 91 19 ac 00
    9e 92 27 47 95 10 01 5b 44 30 c5 80 b8 b3 a6 d9
    e7 70 c3 fc 1c b7 2c 5f 9c 51 33 da 77 1d bc 14
    c3 fb 81 90 9f d0 87 cd d3 8c 45 c4 b0 98 24 cd
    71 69 51 2d 9a 98 b9 26 c6 a5 8c 43 8a 95 ac 23
    69 15 48 96 07 ca 18 cb ae d5 4d 6c f6 25 7f 05
    8f 08 43 95 fa 9a 28 08 40 b2 85 a0 8c 70 b8 c7
    36 a1 55 6c 76 17 44 49 ad 33 f1 1a 01 b9 42 6a
    f4 be 83 f4 29 a7 94 55 20 e4 ac 06 6a a2 96 f0
    74 c8 39 77 9d 9a cd 95 ba 91 2e c4 04 0d 0c 28
    b6 a5 08 46 84 3e d3 12 2f 26 14 26 33 b8 2a 0a
    a7 ae 4c 02 96 d1 56 5a 3b 85 34 83 92 7c 8d eb
    9a 70 4a 25 41 e8 11 bb 54 7b 3d 23 38 44 37 71
    06 89 2a 12 87 5f 8d 55 7d 74 f1 34 af 9a a6 bc
    05 17 c2 56 87 20 81 cb 11 30 16 ef bc 07 f2 00
    82 5d e4 3c 64 61 6d 68 96 1c 70 d6 61 15 52 b1
    44 36 b9 e4 61 56 42 49 82 a0 d3 7a 3e 5b 31 74
    96 79 5f e0 65 c1 c6 17 d2 c5 a6 0e 57 33 3a 58
    3c 9e bc ae 09 16 30 56 a1 c8 d5 24 94 94 b9 37
    78 c7 7e fa e2 20 71 ba 75 eb 17 61 32 c8 ca 5f
    fc 1f 98 12 b5 33 26 22 cb b4 11 95 18 71 c8 a0
    43 5d 38 bf e6 a1 ac f8 09 9e 38 98 b9 9f 13 19
    20 02 41 85 50 47 1f a2 29 f8 10 52 40 98 6c 16
    eb b4 01 1a 12 65 d5 29 1b 5b ab a3 c3 7e 55 d1
    63 48 09 a3 e2 86 71 82 d4 6d 64 33 6d 27 11 11
    45 33 07 da 78 3f 27 fc 24 a6 19 30 ae c7 c3 d8
    71 4c a6 6b 90 a2 74 8e 86 73 19 41 8b 09 82 66
    48 f7 d6 96 c8 1c 95 39 68 14 33 41 c8 44 71 a9
    86 06 c4 43 09 27 2e a5 85 cf a8 2d 15 82 14 f3
    79 63 92 1a 9c 7e 14 24 dc d3 0a 81 86 0d 58 e2
    86 ab 61 0c 49 aa ca ec 56 34 77 3c a2 0d c2 4e
    05 e6 72 ea c0 05 a4 e7 9f 59 29 ce 4d 37 89 2c
    0c 47 62 bc 5e 49 fa 21 58 81 c7 23 ab 10 08 64
    a7 0a 83 35 91 65 8f 61 70 38 f9 c1 1e bf 15 c6
    c9 f1 9a 8f 27 4f c2 63 78 78 c6 0d 97 09 bf 82
    79 4b 30 77 4f e2 13 01 9e c2 ac fa a3 c0 ba a1
    1b 08 e3 ce 6a e0 25 0b 43 ae 44 7b 25 8d 32 b5
    c5 a3 96 e2 c6 a8 6d 09 42 22 b9 af c6 b9 16 a8
    65 c5 62 37 5d e1 5c 7a 09 14 33 59 e0 2f 01 20
    a7 7b dc 88 c8 a5 46 dc 01 b4 52 aa 04 da 87 95
    4a f6 18 17 ca 20 e6 ab c5 01 53 07 13 09 54 e0
    90 a1 e2 8b b0 d5 66 11 c8 4a 6e f8 a4 9c df 4c
    96 cf 81 2d 0c c3 b5 6f 99 9f 23 e8 c5 7c c4 69
    fa 14 9e 4a 67 91 27 67 26 ea c1 29 00 a5 10 de
    65 5a 9a ac b8 d1 08 30 c6 c4 5c c1 e3 83 99 25
    42 ce e9 2c b8 ca 16 0a 06 3d 7c 92 1c 6a 86 20
    1e 74 47 74 1c c2 d2 4c bb 7b 79 b9 f3 da ba 69
    08 91 86 30 ad f7 4a 68 15 03 2d 12 16 a7 19 88
    4b c8 16 4e b8 78 4b 10 1c 2d e3 f8 26 1c 63 02
    de f7 70 48 ec 88 96 e2 5e 1c b8 0b 59 08 af 91
    55 58 0f d4 a0 9e 30 3c ca 74 16 45 47 7e b3 40
    8e 5f ea a3 08 57 55 6f 3a 91 5f 08 bb 88 b0 b5
    df 20 6e a8 8a 7a 5a 5b 26 6d 00 41 df 8c 7c dd
    66 c8 27 58 44 f4 b4 93 6d 10 cc 15 f9 82 1d 2a
    18 88 0a 10 07 ab 0d 05 11 c7 51 43 03 50 bc 96
    94 03 7e 94 ea 67 0e ac 82 68 23 56 39 da 4d e2
    bc 41 06 07 a7 7a b3 24 22 e5 50 62 27 c1 f9 9c
    aa 12 9a 71 03 44 0c 66 e7 5f 48 12 0d d0 ea 0d
    3c 1c 3e 45 9c 91 4f d5 6c 07 dc 69 01 ea 7c 67
    81 40 c6 7a af ec 27 ba 24 68 cb 67 95 06 24 bc
    6c a0 a7 52 0b e1 ad 3d 23 af f5 09 41 39 21 96
    e7 46 0c f6 7b 55 02 b4 60 8a 10 a5 de 69 c5 07
    20 3b 0d 97 33 5f ea 00 25 d7 22 4a 62 73 17 ec
    94 90 3b 8b cf 59 34 3c c2 c6 0d 23 ad 1a 45 76
    e6 c7 78 80 dc 6e 1e 6f ab fd dd 07 57 96 1e 9e
    d6 84 dc c4 08 b3 6d 10 de 6a 79 42 b4 e0 5e 96
    88 20 dd 45 8c 60 ba 02 f0 0b f6 02 bf ee 02 5e
    4c 2b 8f a4 1c 01 94 31 4c 7a da c9 a8 3b b3 c8
    49 6f 6c 16 4c 75
<<< TLS 1.2, RecordHeader [length 0005]
    14 03 03 00 01
<<< TLS 1.3, ChangeCipherSpec [length 0001]
    01
<<< TLS 1.2, RecordHeader [length 0005]
    16 03 03 04 ba
<<< TLS 1.3, Handshake [length 04ba], ServerHello
    02 00 04 b6 03 03 d8 41 73 3a 21 e1 dd 3c a3 35
    d8 4c 62 6e 75 36 80 6a cc 90 83 e3 d3 df f3 c1
    ca c5 b6 3d 65 f2 20 5b 3c e8 e3 33 f3 a0 11 c3
    2e 9e b8 00 c8 4e f8 65 fe 4d 68 c0 a6 df f7 65
    00 07 7e f5 b7 25 f8 13 01 00 04 6e 00 2b 00 02
    03 04 00 33 04 64 11 ec 04 60 e4 ec fc 13 8d 6e
    42 0c 5a 89 c8 d2 ba c2 4f 75 98 d3 68 10 27 ac
    e9 7c 7a f3 75 d3 ec 9d 01 17 a3 56 f9 37 a8 c2
    2f 3c a4 30 c5 19 de 25 c1 da ca 03 5d 07 1e b0
    6e d2 b5 e9 fd e3 18 5f 75 91 f2 8f 59 7e c9 3d
    4b d9 bc 01 80 60 e6 52 66 d7 9a ba a0 5f fb 08
    7b f5 0c 8d 11 48 a6 c1 0f e1 2a 73 2c 06 86 8a
    89 20 75 59 3a 6a 9b ce 84 13 f4 ab fa e9 21 f9
    70 c7 3c ff 9d d1 a5 25 05 6e b3 9d 1d 55 a1 55
    d8 1b ad 48 57 3c 05 fc fe 7d 30 91 5e 04 e7 9c
    3e 28 09 17 79 33 74 75 23 de a3 1b 3e 4f 57 82
    09 25 e4 1a 4d 5b 22 0e 08 e2 7a 27 fa b3 6a 54
    10 76 e7 fb 5a e0 e6 d5 2a dd 51 c0 f4 2d c5 2d
    95 2b a8 d7 7b ba d8 c8 8e 6c ba d6 a8 e3 20 83
    c0 80 b2 5f d9 a8 1d 32 6f 77 72 68 5e 11 74 16
    b6 aa bb 48 fc f2 28 e1 4e 25 1a 00 5c 11 c4 57
    27 a2 9c 04 2c bb 70 58 d8 6a dc bf 86 72 73 49
    d0 2e 6a 6e 20 d1 8c ba b1 f6 08 c1 5a cd 69 ba
    f1 6e 50 e5 fa e1 c4 2c b6 55 e5 5e 7f ce 83 5b
    50 2b e7 14 f6 fb 5a 70 8e e1 45 dd 3c 18 8a 35
    4b ec a9 b5 13 33 2a f0 ec 4d 58 8e 0b d8 50 9d
    d8 53 12 14 a4 39 db 7f bb 3d 95 4c b4 5c e1 04
    5e ae 45 9a 10 e6 3a 14 2b 3f f1 57 7b 2f 80 d5
    bd 73 c0 fc 3b 03 53 7b ea 9e f4 3a 63 ec e8 d7
    4d cb 12 2b 15 a5 0b 14 dc c8 64 b1 1c da 8e 45
    02 4f 8a de 29 37 f5 77 0f 0c 8b e0 3a 33 78 c3
    42 20 70 f6 6d 70 9d 55 5a 8b 6c 76 2a 62 4e df
    a5 92 cc 8b 3c b4 96 d5 d1 10 64 89 ed 0e 32 53
    14 d8 2f bf 29 01 f4 ba 58 7d ce 61 2d 0d ee 86
    0c 07 d4 5c 9e 7e f0 9b e6 65 29 b8 dd 05 48 fa
    5e a8 6c ae 7a cf 15 61 bc 54 15 15 94 c8 a7 2c
    f9 7d bb 15 93 5d b3 4b ae fa 87 32 63 4c 20 4e
    b2 2d 09 b1 8a 1e cc 5f d5 3f a7 4a 9c 2b e6 5a
    e6 ef 6c f2 b0 88 55 cb 43 46 97 e5 5f de 30 01
    54 81 d0 06 fe d2 d6 c6 6d d3 ab 5d e3 41 2c ac
    10 12 fd 04 95 67 90 84 bd 66 bc c9 96 9c 99 5b
    e5 27 3c cb c2 78 b5 53 d5 7b f1 ab 89 08 e4 67
    96 30 50 78 4e 97 72 a7 8b ba 36 e0 30 60 7b 41
    44 a7 64 dc 4f c2 40 6e af 81 f8 4e 5d c8 1a 39
    3f 55 c3 ef 39 b9 59 96 30 c1 f5 52 90 45 9f e5
    c9 d2 9a 7c 12 a4 b3 42 75 47 3f c8 f5 2a 9a fc
    84 ff 80 35 ea 63 53 fd d9 ee 1f a7 36 cf c8 f8
    2f 75 af df 1d aa d5 b3 9e c5 ba 9e 51 c7 93 16
    9e e2 ba f2 40 6b bc 86 9f ed 72 03 8c 35 14 d0
    c6 52 fd 58 cf ad e0 d1 41 d0 21 0c 33 f6 0a 95
    af 3f 11 83 9d 1e 89 48 af 2b 81 94 b4 10 1f db
    10 d8 30 86 fa d5 fc fe 45 22 49 33 b2 e1 e9 e9
    ab 9e ed 3e ec d8 40 a1 30 10 69 9c 33 db ae 45
    83 bf d3 4e f1 35 30 e7 ba 6e 0d 9f a7 97 cc d4
    e4 98 0e d6 91 22 9a fb fb 78 a9 dd 97 48 e0 16
    13 30 ab c6 83 16 0b 0b 21 ce ee 7b 2e 5c fb fe
    dd 83 99 82 42 c9 9f cb 07 e9 1e 54 ce 1c 80 b1
    a1 60 f2 ca 56 bd 33 37 ca ed 5b 8a 65 9d 39 1d
    38 e8 ef 3a 8f f6 ed 7f c3 6a 63 8f 73 c1 c8 07
    ec 69 fc 0c e4 80 6c 39 a0 9c 70 b8 77 73 ef 77
    1e fc 01 0b c9 dc 6b 4f c5 df bb e6 02 01 67 1f
    e8 27 d8 f0 64 30 e4 9c 0f 44 ea 5b 14 b6 40 e9
    7c fa 1b 6d 28 17 50 1a 4c 3a 0e e7 3d 21 6e 44
    44 13 7d c5 07 ce 90 64 0f cb cf 3b 53 48 dc 67
    5e 23 e6 30 43 1e a6 e7 c0 58 6f 65 8f 4d 9d 34
    09 c7 d2 09 ee cf ea 88 8b f6 1b 93 d9 ee 91 bf
    34 cf a4 b9 90 2a 13 67 fe 9b 80 64 df 80 ea 0b
    d4 ee af f3 17 f3 49 22 c4 f4 36 af 80 f0 21 b9
    5b b3 4a f8 d8 23 9a 24 f1 4d f1 fb 8c 33 c8 29
    73 2c 96 de ab 75 83 93 b7 e0 d5 ad 7b 69 14 2e
    f2 6c f8 54 58 59 75 bc ec a7 b6 53 2a 92 a9 58
    4f 3f 56 92 cd 03 9e c9 06 e8 d6 5b c0 64 72 78
    cd f0 ea db 01 48 e3 35 62 73 43 cd 43 60 e8 b7
    d5 45 9a 4f f1 1a e4 3a 96 e2 7e 3d 97 df cb 90
    e5 98 c0 c6 19 82 2e b2 7d 38 fa 42 30 62 60 2a
    aa 57 38 47 a8 f7 1c 19 06 6d
<<< TLS 1.2, RecordHeader [length 0005]
    17 03 03 00 17
<<< TLS 1.3, InnerContent [length 0001]
    16
<<< TLS 1.3, Handshake [length 0006], EncryptedExtensions
    08 00 00 02 00 00
<<< TLS 1.2, RecordHeader [length 0005]
    17 03 03 03 47
<<< TLS 1.3, InnerContent [length 0001]
    16
<<< TLS 1.3, Handshake [length 0336], Certificate
    0b 00 03 32 00 00 03 2e 00 03 29 30 82 03 25 30
    82 02 0d a0 03 02 01 02 02 01 02 30 0d 06 09 2a
    86 48 86 f7 0d 01 01 0b 05 00 30 12 31 10 30 0e
    06 03 55 04 03 0c 07 52 6f 6f 74 20 43 41 30 20
    17 0d 31 36 30 31 31 34 32 32 32 39 34 36 5a 18
    0f 32 31 31 36 30 31 31 35 32 32 32 39 34 36 5a
    30 19 31 17 30 15 06 03 55 04 03 0c 0e 73 65 72
    76 65 72 2e 65 78 61 6d 70 6c 65 30 82 01 22 30
    0d 06 09 2a 86 48 86 f7 0d 01 01 01 05 00 03 82
    01 0f 00 30 82 01 0a 02 82 01 01 00 d5 5d 60 6a
    df fc 61 ee 48 aa 8c 11 48 43 a5 6d b6 52 5d aa
    98 49 b1 61 92 35 b1 fc 3a 04 25 0c 6d 79 ff b4
    d5 c9 e9 5c 1c 3b e0 ab b3 b8 7d a3 de 6d bd e0
    dd d7 5a bf 14 47 11 42 5e a6 82 d0 61 c1 7f dd
    13 46 e6 09 85 07 0e f2 d4 fc 1a 64 d2 0a ad 20
    ab 20 6b 96 f0 ad cc c4 19 53 55 dc 01 1d a4 b3
    ef 8a b4 49 53 5d 8a 05 1c f1 dc e1 44 bf c5 d7
    e2 77 19 57 5c 97 0b 75 ee 88 43 71 0f ca 6c c1
    b4 b2 50 a7 77 46 6c 58 0f 11 bf f1 76 24 5a ae
    39 42 b7 51 67 29 e1 d0 55 30 6f 17 e4 91 ea ad
    f8 28 c2 43 6f a2 64 a9 fb 9d 98 92 62 48 3e eb
    0d 4f 82 4a 8a ff 3f 72 ee 96 b5 ae a1 c1 98 ba
    ef 7d 90 75 6d ff 5a 52 9e ab f5 c0 7e d0 87 43
    db 85 07 07 0f 7d 38 7a fd d1 d3 ee 65 1d d3 ea
    39 6a 87 37 ee 4a d3 e0 0d 6e f5 70 ac c2 bd f1
    6e f3 92 95 5e a9 f0 a1 65 95 93 8d 02 03 01 00
    01 a3 7d 30 7b 30 1d 06 03 55 1d 0e 04 16 04 14
    c0 e7 84 bf e8 59 27 33 10 b0 52 4f 51 52 2f 06
    d6 c0 7a cd 30 1f 06 03 55 1d 23 04 18 30 16 80
    14 70 7f 2e ae 83 68 59 98 04 23 2a cd eb 3e 17
    cd 24 dd 01 49 30 09 06 03 55 1d 13 04 02 30 00
    30 13 06 03 55 1d 25 04 0c 30 0a 06 08 2b 06 01
    05 05 07 03 01 30 19 06 03 55 1d 11 04 12 30 10
    82 0e 73 65 72 76 65 72 2e 65 78 61 6d 70 6c 65
    30 0d 06 09 2a 86 48 86 f7 0d 01 01 0b 05 00 03
    82 01 01 00 7b d3 04 43 75 8a 0f 11 ae c4 fb d7
    a1 a2 9e fe 20 18 d5 f4 2f 31 88 46 b6 75 8c ee
    e5 9b 97 a6 b9 a3 cd 60 9a 46 c3 48 97 e5 97 68
    f7 5a 86 35 73 d9 69 9e f9 5f 74 b9 e6 94 13 01
    cb 6a dc e3 c4 04 e9 65 da 9c a4 8b 28 f3 f9 9a
    7f bf 97 1f 45 92 e5 05 b1 56 e6 0b f6 47 de 1e
    89 b6 2b e1 4d df 4a 7e 01 d3 23 dc 97 8c 47 fe
    5f c7 cc 98 46 0e c4 83 5b ca 8a f1 52 09 be 6b
    ec 3f 09 8b d0 93 02 bf e1 51 e7 d1 7e 34 56 19
    74 d0 ff 28 25 de b7 9f 56 52 91 7d 20 29 85 0a
    80 44 5f 71 32 25 71 0f c2 16 e2 5f 6b 1d 3f 32
    5b 0a 3c 74 1c b9 62 f1 ed 07 50 a3 6d b4 b4 31
    0a c0 53 44 6a 3a 88 84 8b 2d a9 b0 37 8e e6 18
    36 bd 9a 20 40 0f 01 92 8b 3d aa 61 e7 ae 2c ed
    36 cd 3a 07 86 74 3a 29 b3 d7 3a b4 00 a9 c2 f5
    92 78 0e e2 0f a3 fe bb be e0 06 53 84 59 1d 90
    69 e5 b6 f9 00 00
<<< TLS 1.2, RecordHeader [length 0005]
    17 03 03 01 19
<<< TLS 1.3, InnerContent [length 0001]
    16
<<< TLS 1.3, Handshake [length 0108], CertificateVerify
    0f 00 01 04 08 04 01 00 75 f2 76 29 04 59 cd ca
    4d 19 a2 ed a8 c9 51 67 bc b6 cb f3 1a 01 8c 25
    6e e5 ff fc fb 32 1e c7 de 96 25 f1 5b c7 fa b7
    81 a4 f9 9e 44 4c 57 5a 99 9f e8 ee ac b0 ea b2
    de 54 6c 27 1f 2c 10 d1 7f cd 8f 02 23 53 40 03
    87 f1 5c 9f 15 a3 cd 0f d5 54 a1 93 35 77 c3 7a
    39 9a d4 ab 47 75 9d f1 9f 00 a2 51 9e 45 3d 35
    bb df 48 70 76 9a 1f 93 f2 c3 bf c6 88 6c 2e 5a
    18 4a 91 f4 7e 23 d2 0f a6 a4 a8 5f 3b d3 a5 d7
    ef 63 16 1e 89 52 32 48 ea ad 94 af 5e e2 51 cb
    86 98 0a c2 16 fd 5c d3 11 14 70 49 69 5d 72 91
    8d f7 96 43 da 8b 82 1c a9 44 2c 95 3f 95 23 72
    37 ed 44 ae ac de 7d ee b5 4f 13 82 9b 15 43 5f
    9f c0 5a f7 4e a1 4c 0f e0 47 72 bf 21 7a 34 f1
    1b ff d4 e3 9c 1c 60 a3 a5 92 c1 86 9f 3f 6d 40
    f9 e2 2b 16 f4 c6 41 5f c7 90 b4 ad 5b 38 9b 5f
    95 e6 01 af 8a 8c 53 fd
<<< TLS 1.2, RecordHeader [length 0005]
    17 03 03 00 35
<<< TLS 1.3, InnerContent [length 0001]
    16
<<< TLS 1.3, Handshake [length 0024], Finished
    14 00 00 20 a4 8d 56 c7 0a 4a dd c7 64 d9 5f ad
    17 09 6c f0 f4 7e 86 be fa c6 ba 2a 1b 0f 3f 1e
    86 8e 67 fa
>>> TLS 1.2, RecordHeader [length 0005]
    17 03 03 00 35
>>> TLS 1.2, InnerContent [length 0001]
    16
>>> TLS 1.3, Handshake [length 0024], Finished
    14 00 00 20 32 db 87 49 a8 0a 2e af 5a 87 6e 4d
    38 7f 7c 0b 0d ea 44 f5 5a 67 3a b0 4a 27 82 9d
    3e aa 16 29
---
Certificate chain
 0 s:CN=server.example
   i:CN=Root CA
   a:PKEY: RSA, 2048 (bit); sigalg: sha256WithRSAEncryption
   v:NotBefore: Jan 14 22:29:46 2016 GMT; NotAfter: Jan 15 22:29:46 2116 GMT
---
Server certificate
-----BEGIN CERTIFICATE-----
MIIDJTCCAg2gAwIBAgIBAjANBgkqhkiG9w0BAQsFADASMRAwDgYDVQQDDAdSb290
IENBMCAXDTE2MDExNDIyMjk0NloYDzIxMTYwMTE1MjIyOTQ2WjAZMRcwFQYDVQQD
DA5zZXJ2ZXIuZXhhbXBsZTCCASIwDQYJKoZIhvcNAQEBBQADggEPADCCAQoCggEB
ANVdYGrf/GHuSKqMEUhDpW22Ul2qmEmxYZI1sfw6BCUMbXn/tNXJ6VwcO+Crs7h9
o95tveDd11q/FEcRQl6mgtBhwX/dE0bmCYUHDvLU/Bpk0gqtIKsga5bwrczEGVNV
3AEdpLPvirRJU12KBRzx3OFEv8XX4ncZV1yXC3XuiENxD8pswbSyUKd3RmxYDxG/
8XYkWq45QrdRZynh0FUwbxfkkeqt+CjCQ2+iZKn7nZiSYkg+6w1PgkqK/z9y7pa1
rqHBmLrvfZB1bf9aUp6r9cB+0IdD24UHBw99OHr90dPuZR3T6jlqhzfuStPgDW71
cKzCvfFu85KVXqnwoWWVk40CAwEAAaN9MHswHQYDVR0OBBYEFMDnhL/oWSczELBS
T1FSLwbWwHrNMB8GA1UdIwQYMBaAFHB/Lq6DaFmYBCMqzes+F80k3QFJMAkGA1Ud
EwQCMAAwEwYDVR0lBAwwCgYIKwYBBQUHAwEwGQYDVR0RBBIwEIIOc2VydmVyLmV4
YW1wbGUwDQYJKoZIhvcNAQELBQADggEBAHvTBEN1ig8RrsT716Ginv4gGNX0LzGI
RrZ1jO7lm5emuaPNYJpGw0iX5Zdo91qGNXPZaZ75X3S55pQTActq3OPEBOll2pyk
iyjz+Zp/v5cfRZLlBbFW5gv2R94eibYr4U3fSn4B0yPcl4xH/l/HzJhGDsSDW8qK
8VIJvmvsPwmL0JMCv+FR59F+NFYZdND/KCXet59WUpF9ICmFCoBEX3EyJXEPwhbi
X2sdPzJbCjx0HLli8e0HUKNttLQxCsBTRGo6iISLLamwN47mGDa9miBADwGSiz2q
YeeuLO02zToHhnQ6KbPXOrQAqcL1kngO4g+j/ru+4AZThFkdkGnltvk=
-----END CERTIFICATE-----
subject=CN=server.example
issuer=CN=Root CA
---
No client certificate CA names sent
Peer signing digest: SHA256
Peer signature type: rsa_pss_rsae_sha256
Negotiated TLS1.3 group: X25519MLKEM768
---
SSL handshake has read 2530 bytes and written 1686 bytes
Verification error: unable to verify the first certificate
---
New, TLSv1.3, Cipher is TLS_AES_128_GCM_SHA256
Protocol: TLSv1.3
Server public key is 2048 bit
This TLS version forbids renegotiation.
Compression: NONE
Expansion: NONE
No ALPN negotiated
Early data was not sent
Verify return code: 21 (unable to verify the first certificate)
---
<<< TLS 1.2, RecordHeader [length 0005]
    17 03 03 00 8b
<<< TLS 1.3, InnerContent [length 0001]
    16
<<< TLS 1.3, Handshake [length 007a], NewSessionTicket
    04 00 00 76 00 09 3a 80 91 d9 00 73 00 00 69 9c
    d6 f9 4d b7 96 ee db 63 2c 4e 1f 80 ec 58 b8 9a
    fd 36 37 81 04 b5 41 a8 93 26 d7 86 5f b8 12 08
    bd 99 43 a1 1b 4c 41 61 88 95 94 34 e1 e1 ec 3a
    a9 03 a7 cd 56 7b 87 61 f4 3c 3e e4 2e 01 61 52
    59 53 7b 1b 86 45 1e 7e 22 61 20 cf 85 96 55 fb
    55 d1 e3 14 c1 ef d6 fd 7b 40 2a e8 70 24 de f0
    db 47 e2 c9 1b f4 2a 1e 00 00
---
Post-Handshake New Session Ticket arrived:
SSL-Session:
    Protocol  : TLSv1.3
    Cipher    : TLS_AES_128_GCM_SHA256
    Session-ID: D4FDB5B83118DC7FBF5462F8214F6D13A0771C388410383A93486DAB5E96F326
    Session-ID-ctx: 
    Resumption PSK: 12402EAE7DD9BF547E4486A824CB0356A8B4BC934B06FFBF1F18698DB53A5E83
    PSK identity: None
    PSK identity hint: None
    SRP username: None
    TLS session ticket lifetime hint: 604800 (seconds)
    TLS session ticket:
    0000 - 9c d6 f9 4d b7 96 ee db-63 2c 4e 1f 80 ec 58 b8   ...M....c,N...X.
    0010 - 9a fd 36 37 81 04 b5 41-a8 93 26 d7 86 5f b8 12   ..67...A..&.._..
    0020 - 08 bd 99 43 a1 1b 4c 41-61 88 95 94 34 e1 e1 ec   ...C..LAa...4...
    0030 - 3a a9 03 a7 cd 56 7b 87-61 f4 3c 3e e4 2e 01 61   :....V{.a.<>...a
    0040 - 52 59 53 7b 1b 86 45 1e-7e 22 61 20 cf 85 96 55   RYS{..E.~"a ...U
    0050 - fb 55 d1 e3 14 c1 ef d6-fd 7b 40 2a e8 70 24 de   .U.......{@*.p$.
    0060 - f0 db 47 e2 c9 1b f4 2a-1e                        ..G....*.

    Start Time: 1790649641
    Timeout   : 7200 (sec)
    Verify return code: 21 (unable to verify the first certificate)
    Extended master secret: no
    Max Early Data: 0
---
read R BLOCK
>>> TLS 1.2, RecordHeader [length 0005]
    17 03 03 00 13
>>> TLS 1.2, InnerContent [length 0001]
    15
>>> TLS 1.3, Alert [length 0002], warning close_notify
    01 00
Connecting to 127.0.0.1
SSL_connect:before SSL initialization
SSL_connect:SSLv3/TLS write client hello
SSL_connect:SSLv3/TLS write client hello
SSL_connect:SSLv3/TLS read server hello
SSL_connect:SSLv3/TLS write change cipher spec
SSL_connect:SSLv3/TLS write client hello
SSL_connect:SSLv3/TLS write client hello
SSL_connect:SSLv3/TLS read server hello
Can't use SSL_get_servername
SSL_connect:TLSv1.3 read encrypted extensions
depth=0 CN=server.example
verify error:num=20:unable to get local issuer certificate
verify return:1
depth=0 CN=server.example
verify error:num=21:unable to verify the first certificate
verify return:1
depth=0 CN=server.example
verify return:1
SSL_connect:SSLv3/TLS read server certificate
SSL_connect:TLSv1.3 read server certificate verify
SSL_connect:SSLv3/TLS read finished
SSL_connect:SSLv3/TLS write finished
SSL_connect:SSL negotiation finished successfully
SSL_connect:SSL negotiation finished successfully
SSL_connect:SSLv3/TLS read server session ticket
DONE
SSL3 alert write:warning:close notify
