CONNECTED(00000003)
>>> TLS 1.0, RecordHeader [length 0005]
    16 03 01 05 76
>>> TLS 1.3, Handshake [length 0576], ClientHello
    01 00 05 72 03 03 f0 2f 8c 85 8d 8d 14 96 6e d5
    34 45 eb 24 4d 5d a7 1c dd b2 1c 71 e3 e8 cb b0
    ea e8 71 ec 32 16 20 3c 37 03 d2 92 7f 6d 5d e1
    bd 9a d0 f7 46 e7 6b 53 7c c7 2b d3 9b 10 7b 34
    5f ba 27 8d 9f 7e 3c 00 06 13 02 13 03 13 01 01
    00 05 23 00 0b 00 04 03 00 01 02 00 0a 00 06 00
    04 11 ec 00 1d 00 23 00 00 00 16 00 00 00 17 00
    00 00 0d 00 2a 00 28 09 05 09 06 09 04 04 03 05
    03 06 03 08 07 08 08 08 1a 08 1b 08 1c 08 09 08
    0a 08 0b 08 04 08 05 08 06 04 01 05 01 06 01 00
    2b 00 03 02 03 04 00 2d 00 02 01 01 00 33 04 c6
    04 c4 11 ec 04 c0 93 b4 0a 31 ca 9d 04 16 2c 49
    d4 41 a8 71 9d 0b 50 3d a9 9b 2f a5 92 42 a7 dc
    37 ea a1 21 cd 99 50 c6 77 44 da 4c 69 0d e4 05
    f0 43 0a d7 b0 66 71 f3 be e5 18 0c c8 c6 80 b6
    f6 92 55 ac 68 b2 c2 b1 82 86 c4 f2 5b 13 03 a5
    66 7c ab 7a 93 f4 8e 9f 5c 5a c3 63 1f 2e 4c 55
    a6 41 a2 ac 96 8a d1 b1 08 6f 78 97 e2 67 8d 49
    d8 31 74 e8 b0 0e a7 32 6a b1 50 51 f1 7a 7f 2a
    83 4d 09 9f 38 a6 93 c6 a4 0f 93 29 23 2a 6b 91
    45 91 5a 01 e2 70 b7 e1 26 c6 d0 a0 ee 27 11 f3
    90 5c 18 38 c1 2a c8 83 3d f1 66 71 c6 83 77 82
    64 af 8a a8 20 15 8e e8 02 b8 1a fb 6c a0 6c 1b
    1c 12 8f 3e b0 9f 73 b9 19 e4 23 3d 35 f5 a8 32
    56 ce 45 d7 c8 42 b7 28 74 e9 be 24 c3 77 62 79
    c6 c8 d7 59 99 0b 1f 46 21 73 ab e2 3b d9 2a ca
    bb a3 87 e3 db 48 df c9 7c 0f 65 0d 37 b4 4a aa
    bb 78 62 6b 76 cb 61 33 4c 84 52 06 a8 8a 49 b4
    04 9b 39 51 05 4a 42 15 96 ab e8 c2 23 5b 99 9a
    7c b3 93 0f 55 95 c7 4a 96 c1 d8 5c 19 59 0a 98
    89 00 9b 61 08 7c e3 8a 79 03 12 f1 eb 5d 1c d9
    12 7a ba 8a d1 e4 b8 83 c4 54 a0 a5 c2 d5 0b 3d
    7f a3 6b d3 f9 aa 99 17 98 4a 20 cb 68 c6 b7 ac
    02 ca e7 51 bb 5f 60 b1 1f 1b ad c0 36 16 d8 79
    5f 5f 7c 38 20 4c 7d db a6 b6 20 b2 60 2b d8 8a
    90 61 53 a8 58 cc e2 47 27 d3 08 71 25 25 1a bc
    94 29 b3 d1 ad ba 04 11 f3 7b 1a c1 28 91 ff 88
    38 62 8c 2f ed 58 8c f9 b7 60 3b 16 95 39 b9 12
    fe 61 25 ce e8 b1 8a c5 ce 58 a2 25 1d b6 1b 41
    26 3f c4 08 83 20 52 6a ff 21 52 02 12 5f ec d5
    92 3c 67 33 2e 06 3b ae 36 76 5e 7c 3e 43 a6 67
    c3 b6 73 25 e1 0e 25 ea b0 ec 18 9d 9b 98 6f 59
    d6 3b fc 99 10 ca 3a 3f 5a 76 af 3a 5a 4b e8 0a
    6c bc 98 37 11 26 bb b8 24 45 85 c9 02 56 e6 cf
    2c 25 b2 4c 19 84 69 b5 4e d4 04 a6 17 41 52 e1
    fa cf 36 7b ad c7 39 40 32 40 35 ca 89 28 a9 1a
    1e f1 c8 ca f0 6b 46 89 d6 cb db 23 9c a3 44 2f
    47 35 94 75 3a 71 8c 18 ae 5c 11 b5 e7 70 33 94
    db 9b d8 f3 62 e0 e1 75 af 9b 15 97 c9 2a e1 6b
    5d 8b ab 7c 6c ba 18 cc 57 34 5a 4c 1c f2 1c 23
    83 29 79 82 91 a7 64 f6 03 e6 9c 5b f1 ea 0b c9
    c5 79 38 90 be 63 11 cb 42 06 01 83 18 84 1d c1
    88 a0 83 b0 43 d3 95 69 28 6f a3 83 b2 f8 64 80
    ae c6 1a d5 4a 11 cf a3 60 9d 93 93 b6 e8 95 25
    85 bb 6a 94 66 85 49 bc 10 c2 40 e7 b2 13 34 90
    b5 26 93 4f fd 53 27 c4 ab 9d a6 b6 2a 01 99 12
    0c d6 45 8a a4 32 4b 24 03 8c e0 17 81 f2 3a ac
    aa 02 e6 92 aa 3e fa 7d 43 0b 64 d7 00 12 19 f6
    ac 6e 25 36 5e 5c 2e 1b aa 8d a9 ac af 64 f4 b7
    02 c9 13 f6 16 8a 55 03 1e d8 37 32 52 da 70 cb
    e5 a8 2f 32 1a d2 c6 46 49 97 66 79 4b 16 ba 64
    43 06 39 5e 34 fb bc 07 d0 13 91 c9 a4 61 9a 95
    72 26 91 7d d9 36 bb 67 2e 8a 62 37 f9 0c a6 f3
    9a 35 e2 52 57 3e 75 20 c0 e1 1a 83 32 98 a9 c9
    75 b9 ea 59 60 d9 1d bf 92 04 66 cb 25 49 6b a2
    ab 21 0b 65 63 b6 9b c9 0f fa 53 a7 f2 10 4a a5
    12 65 7c 72 21 28 24 10 31 fb 3e 8b ea ce e2 24
    2a 66 58 c3 d5 23 98 d2 6a a2 d5 d7 77 4b 93 0d
    17 42 82 15 fa 6b 71 66 27 db d2 a8 2a 55 1d 24
    1b 8a d6 21 92 a1 c3 6a 04 ea b2 f7 68 3a 0f ba
    1f 15 27 39 ab 62 94 e0 c9 c9 22 a8 3b ea c4 59
    e0 0b 0b 11 89 5a 49 9c 1c 83 27 83 d2 88 37 09
    4b a7 18 f8 cb 9e 57 51 35 76 a5 60 c3 81 18 f1
    48 97 e9 44 92 ac b1 4b 07 86 59 54 31 15 72 50
    78 5c ba e3 f9 5f f4 37 0f 25 49 86 0d e0 32 5b
    15 71 1a 99 4d 99 a7 00 52 ec 03 fc 76 91 70 79
    8f e2 ba ad ad 38 6a 21 37 ae 0f 67 bd 00 99 c5
    2f d4 c2 73 3b 68 19 09 c1 87 65 64 60 88 0c 25
    12 33 f6 33 38 17 b4 cf 19 c2 bd b9 93 29 8e f9
    48 a3 a4 51 b2 f6 0a 35 4c 21 b1 52 4c 72 1c b3
    1e 8a aa a5 07 82 59 11 97 1c 18 13 a8 b5 9f 06
    6a 5c ba e6 37 a8 66 59 b7 42 79 8d 37 7b 18 36
    a5 6d c9 c0 d8 02 95 1e 51 64 ca a8 aa 82 02 5e
    f8 51 54 67 11 82 4c 88 fa 2c 1f c4 97 3a 05 d2
    9a 5a 68 48 cf b5 2a 86 62 bb aa 41 f6 f0 f9 f7
    2f 22 c9 3c ad 59 d4 86 e4 8c ab 77 9c d3 7b dd
    33 92 33 c9 6a e5 ce 51 d9 b9 7b 98 31 c7 28 fc
    a6 83 7c be bc 18
<<< TLS 1.2, RecordHeader [length 0005]
    16 03 03 04 ba
<<< TLS 1.3, Handshake [length 04ba], ServerHello
    02 00 04 b6 03 03 77 c9 c3 c4 cb 27 f5 57 3a 27
    f6 9b 2d a8 3d 82 87 ed 63 d4 cc 8d 78 ff 29 2f
    52 04 67 c2 2b d7 20 3c 37 03 d2 92 7f 6d 5d e1
    bd 9a d0 f7 46 e7 6b 53 7c c7 2b d3 9b 10 7b 34
    5f ba 27 8d 9f 7e 3c 13 02 00 04 6e 00 33 04 64
    11 ec 04 60 22 b1 6f b5 de e8 3d a7 40 ad 61 b1
    ef cb 98 41 a4 74 f6 57 8a c5 72 95 4b 7c af a4
    64 1d 75 eb 63 58 e1 8b b0 f3 c2 9d d8 10 ba b1
    7e bb 9b 4d 9f 8b d7 c8 8a ce 6c d6 27 b8 60 8e
    ef 4c ea b8 d0 6e dc 73 bf d7 37 1a 9d 70 66 ab
    3e d4 55 e3 de 7d de b7 41 96 ae de 9b cd 9c 1a
    27 6d db 95 fc 91 7e ca 8e 49 ba ea 54 d8 fd 80
    d3 12 f6 6f e9 26 7e 1f 6d 2b cc a7 90 0d d5 30
    d2 2a 56 25 10 91 6f 63 b2 69 b2 ee f7 2b 9a e7
    5c 83 68 0e a9 86 0f fe d2 71 72 b5 c5 86 74 e1
    68 1f c0 97 cc b2 01 8f e3 7d 0b 19 f4 26 60 f1
    fd 6b e7 9b 22 a9 b6 c6 44 7a 80 df 27 1e ed c8
    af 60 6f 93 07 d7 0b d8 7a b0 6a 4d 58 fc e8 bc
    9a 2b a8 45 15 b2 ae 59 aa bb 15 13 c7 b6 82 12
    8b 7f fb 78 e4 11 ad 35 f9 ba cb 92 ad ae cf 62
    c5 53 d4 0c 0f 63 83 d8 ba 27 bd 4d e2 26 60 80
    ee b0 10 2c b2 a4 80 ea 94 10 59 17 3a a0 15 a9
    ff a4 8a bf 80 b7 32 c6 26 27 c6 8e 49 69 d2 d6
    f3 fc 2c cc 19 bf 61 b2 29 75 96 4e 5a f1 d7 f2
    01 93 dd 81 d5 99 03 f6 16 51 30 ab 67 ec a5 ce
    e5 50 cf bb a8 65 34 b2 4f 76 f8 70 d1 b9 22 4e
    b7 ba 4a 48 08 d4 b7 d2 e8 92 57 8c 61 dc 8b 77
    8b 69 d0 df db 8e e0 b4 af 4e e4 2f 66 8f b7 2e
    f5 36 35 d9 15 93 fb 44 42 07 80 02 96 56 83 f8
    0e fe 4c 50 d9 be a6 25 3c 4a a4 4a 3e 49 b5 36
    ac 41 71 71 51 44 45 87 2e 99 73 df 12 3c 91 ac
    2f 8c 18 65 42 f9 76 8e e9 25 67 c6 12 88 60 cf
    70 a1 1a 29 18 7f 2e 16 96 8d f7 ae 87 d0 4f 14
    ab 7d 7d b2 6b 5e de 0e f7 80 f0 79 aa 0b df 0f
    dd 49 0e 99 af f1 b3 97 14 f7 29 87 3c ef 6a 4c
    ef 8b d7 67 eb b0 0a ca 9a d3 78 19 2c 5c 7a bc
    de 92 15 04 f9 18 b3 18 85 2c 37 ca 03 03 dc 0b
    bd f0 be df 72 0d 00 35 13 27 2b b5 ff 29 3e 4d
    fc 8d 9d 95 eb 6d b9 45 4d 77 41 90 95 25 8d c2
    d0 6f 9f 4a 48 5e 19 f3 ee 9a 86 e7 73 62 f5 4b
    8d 3a 43 5a a4 4d 47 3b 28 86 b7 74 a1 c2 86 c2
    6c ff a3 1b 1b 72 58 ef cf 43 bf 26 4d 75 0b 52
    25 30 d4 de fb 88 f0 9a 0f ca 22 e3 01 a1 fe b0
    94 16 20 79 b2 82 d1 e8 f1 ec ae 52 0c 23 e6 a5
    77 e3 83 3c 2e f3 29 f6 6e e1 6a 7c bc 50 ec db
    09 3b fd ff 7a 09 84 a1 b2 d1 83 7a f3 c5 d0 a3
    22 14 fd 89 da 7d 0b 6d 62 6c 37 a3 5c 82 12 23
    40 9f 24 9b 30 88 b2 10 fc 3b 42 8b dc 03 aa b1
    c2 ee 0f 3d b4 59 71 e2 00 7f af f9 42 73 32 38
    c5 58 bd e6 4f cc 0d ea 7d 7c 15 da d6 94 7e 3f
    e4 a6 bb ed d6 63 42 aa 33 03 19 b2 80 bc ac bb
    b4 98 b7 01 88 ba 87 a3 d3 16 0d a2 36 10 ff 43
    0c 0c a7 f0 f1 f7 5a 4d 51 bc 4d 55 8c 7c f0 5e
    e7 98 a1 55 6f 9e 31 5e 0d b2 02 37 34 65 30 7e
    93 69 2f 0b 6a e3 fd 1e d2 7f 37 83 c4 5f ee cd
    75 67 f7 b5 2b dd 3a b0 b6 1e 35 1d 47 32 26 79
    29 78 74 af 92 c0 a7 1f 16 ff dd fc f8 a6 56 3b
    c8 4f a8 14 ab 37 9f 77 23 e5 62 36 a4 4c 49 43
    97 56 a3 df 27 55 26 95 37 32 e0 17 1d c0 ff c6
    03 eb a9 d4 d7 44 53 94 42 77 49 f9 d5 aa f5 a5
    9c 98 a0 5d 6b 98 da f4 a1 65 43 f1 e8 f2 be 98
    d5 d0 3b c2 d4 4d 08 a5 b2 40 14 1b 76 00 c7 45
    41 28 9e 41 43 d9 fd 7e c8 4d 8f b3 cc 85 39 c2
    00 b5 97 bb c3 57 88 7c e9 a7 ac 5c 32 ef 96 d9
    90 83 2e ea 91 0f 45 8b e2 fc 33 ca 09 4f 59 e6
    d9 14 7b 15 ae bf 59 84 dc 21 4d d4 4d c8 00 2c
    27 55 f2 fd 85 c3 7e f1 94 5f 4f 44 18 88 af 72
    a2 77 12 c8 88 9a 06 a4 30 ef ea 7c 77 57 ad 3e
    46 f7 34 d1 fe 38 46 54 d9 3d bd 0a 01 1a 4f a2
    9f af f4 80 f6 67 fd 26 ba 00 2d 80 68 00 b2 b8
    46 c1 3b 52 0f 37 22 36 e9 43 36 d0 7f b8 99 b8
    d7 9a 1e d1 58 10 c1 11 ca 54 33 3c 43 f8 f7 b5
    d0 bf 3f 30 00 65 7d 05 0b cb c7 8b e2 d5 1f 7d
    58 fd b7 94 1a 4c fd fc f9 38 56 49 34 09 92 c3
    9d 9d 19 5b d6 df 92 bd 01 b0 7e a8 89 53 83 d2
    a1 31 e8 41 00 2b 00 02 03 04
<<< TLS 1.2, RecordHeader [length 0005]
    14 03 03 00 01
<<< TLS 1.3, ChangeCipherSpec [length 0001]
    01
<<< TLS 1.2, RecordHeader [length 0005]
    17 03 03 04 89
<<< TLS 1.3, InnerContent [length 0001]
    16
<<< TLS 1.3, Handshake [length 0006], EncryptedExtensions
    08 00 00 02 00 00
<<< TLS 1.3, Handshake [length 0336], Certificate
    0b 00 03 32 00 00 03 2e 00 03 29 30 82 03 25 30
    82 02 0d a0 03 02 01 02 02 01 02 30 0d 06 09 2a
    86 48 86 f7 0d 01 01 0b 05 00 30 12 31 10 30 0e
    06 03 55 04 03 0c 07 52 6f 6f 74 20 43 41 30 20
    17 0d 31 36 30 31 31 34 32 32 32 39 34 36 5a 18
    0f 32 31 31 36 30 31 31 35 32 32 32 39 34 36 5a
    30 19 31 17 30 15 06 03 55 04 03 0c 0e 73 65 72
    76 65 72 2e 65 78 61 6d 70 6c 65 30 82 01 22 30
    0d 06 09 2a 86 48 86 f7 0d 01 01 01 05 00 03 82
    01 0f 00 30 82 01 0a 02 82 01 01 00 d5 5d 60 6a
    df fc 61 ee 48 aa 8c 11 48 43 a5 6d b6 52 5d aa
    98 49 b1 61 92 35 b1 fc 3a 04 25 0c 6d 79 ff b4
    d5 c9 e9 5c 1c 3b e0 ab b3 b8 7d a3 de 6d bd e0
    dd d7 5a bf 14 47 11 42 5e a6 82 d0 61 c1 7f dd
    13 46 e6 09 85 07 0e f2 d4 fc 1a 64 d2 0a ad 20
    ab 20 6b 96 f0 ad cc c4 19 53 55 dc 01 1d a4 b3
    ef 8a b4 49 53 5d 8a 05 1c f1 dc e1 44 bf c5 d7
    e2 77 19 57 5c 97 0b 75 ee 88 43 71 0f ca 6c c1
    b4 b2 50 a7 77 46 6c 58 0f 11 bf f1 76 24 5a ae
    39 42 b7 51 67 29 e1 d0 55 30 6f 17 e4 91 ea ad
    f8 28 c2 43 6f a2 64 a9 fb 9d 98 92 62 48 3e eb
    0d 4f 82 4a 8a ff 3f 72 ee 96 b5 ae a1 c1 98 ba
    ef 7d 90 75 6d ff 5a 52 9e ab f5 c0 7e d0 87 43
    db 85 07 07 0f 7d 38 7a fd d1 d3 ee 65 1d d3 ea
    39 6a 87 37 ee 4a d3 e0 0d 6e f5 70 ac c2 bd f1
    6e f3 92 95 5e a9 f0 a1 65 95 93 8d 02 03 01 00
    01 a3 7d 30 7b 30 1d 06 03 55 1d 0e 04 16 04 14
    c0 e7 84 bf e8 59 27 33 10 b0 52 4f 51 52 2f 06
    d6 c0 7a cd 30 1f 06 03 55 1d 23 04 18 30 16 80
    14 70 7f 2e ae 83 68 59 98 04 23 2a cd eb 3e 17
    cd 24 dd 01 49 30 09 06 03 55 1d 13 04 02 30 00
    30 13 06 03 55 1d 25 04 0c 30 0a 06 08 2b 06 01
    05 05 07 03 01 30 19 06 03 55 1d 11 04 12 30 10
    82 0e 73 65 72 76 65 72 2e 65 78 61 6d 70 6c 65
    30 0d 06 09 2a 86 48 86 f7 0d 01 01 0b 05 00 03
    82 01 01 00 7b d3 04 43 75 8a 0f 11 ae c4 fb d7
    a1 a2 9e fe 20 18 d5 f4 2f 31 88 46 b6 75 8c ee
    e5 9b 97 a6 b9 a3 cd 60 9a 46 c3 48 97 e5 97 68
    f7 5a 86 35 73 d9 69 9e f9 5f 74 b9 e6 94 13 01
    cb 6a dc e3 c4 04 e9 65 da 9c a4 8b 28 f3 f9 9a
    7f bf 97 1f 45 92 e5 05 b1 56 e6 0b f6 47 de 1e
    89 b6 2b e1 4d df 4a 7e 01 d3 23 dc 97 8c 47 fe
    5f c7 cc 98 46 0e c4 83 5b ca 8a f1 52 09 be 6b
    ec 3f 09 8b d0 93 02 bf e1 51 e7 d1 7e 34 56 19
    74 d0 ff 28 25 de b7 9f 56 52 91 7d 20 29 85 0a
    80 44 5f 71 32 25 71 0f c2 16 e2 5f 6b 1d 3f 32
    5b 0a 3c 74 1c b9 62 f1 ed 07 50 a3 6d b4 b4 31
    0a c0 53 44 6a 3a 88 84 8b 2d a9 b0 37 8e e6 18
    36 bd 9a 20 40 0f 01 92 8b 3d aa 61 e7 ae 2c ed
    36 cd 3a 07 86 74 3a 29 b3 d7 3a b4 00 a9 c2 f5
    92 78 0e e2 0f a3 fe bb be e0 06 53 84 59 1d 90
    69 e5 b6 f9 00 00
<<< TLS 1.3, Handshake [length 0108], CertificateVerify
    0f 00 01 04 08 06 01 00 0b 81 46 9a 20 98 1c d4
    a6 3e 91 a2 77 6e f3 ff 69 d7 01 ff a5 13 79 05
    c0 5c 4a bb e3 f5 db fd 00 90 84 f4 2d c7 78 8e
    55 ec 55 1a 7f af f8 49 dc 26 7b b7 1c 8f 0f e4
    e8 de f4 ee 56 b8 2b 05 6c 19 a8 1f 27 e5 ed 8f
    bb 2b 93 b5 f4 5e 73 13 7d e6 5f fe 15 dc ac eb
    72 b0 06 8c 72 82 8b 41 5f ae 49 f7 9a 22 ff 16
    69 40 69 69 35 aa e4 e6 2d bb 28 5b 93 5a c0 04
    6b 11 60 ca 45 fe c2 4d 56 4e 6e 71 db e0 bb 40
    fc 36 20 11 96 43 1a e0 da 7e b7 2f 26 5e 06 09
    9f 41 7d 45 ef 99 76 43 b2 f3 77 b8 39 33 23 f0
    38 57 a6 c6 4d cc 03 fd ca 63 c0 74 e5 3f 96 de
    57 a9 8b 0f f7 d8 5c 17 f5 c5 65 37 a5 96 9e a4
    ff 5c 58 5d c4 ce e6 33 99 4b ae e1 95 3e 02 1d
    cd da fc 19 58 e1 00 4a 78 4b 57 1b ad c7 95 af
    ec 08 cf 5d ae dd 2a d2 9d da f0 3d 4e 9a 07 33
    1b 9d 84 4e 89 a4 09 60
<<< TLS 1.3, Handshake [length 0034], Finished
    14 00 00 30 e2 14 45 d5 71 c5 b7 47 60 72 c7 65
    d8 2e 3a ac ba a4 c6 35 cc 3f 12 26 d5 b0 13 8f
    b6 51 57 0e 7c 81 bf 75 03 a4 81 4f 1e cd 92 3c
    b7 01 32 32
>>> TLS 1.2, RecordHeader [length 0005]
    14 03 03 00 01
>>> TLS 1.3, ChangeCipherSpec [length 0001]
    01
>>> TLS 1.2, RecordHeader [length 0005]
    17 03 03 00 45
>>> TLS 1.2, InnerContent [length 0001]
    16
>>> TLS 1.3, Handshake [length 0034], Finished
    14 00 00 30 41 17 13 a2 32 f2 b6 4d b2 25 6d 45
    e6 5e 44 db ff 44 ad f0 18 2b 0d c1 d8 1a b7 00
    b1 56 68 75 92 6a da 9b 33 2d 07 6f 82 2f 7c 1e
    d9 4a 12 83
---
Certificate chain
 0 s:CN=server.example
   i:CN=Root CA
   a:PKEY: RSA, 2048 (bit); sigalg: sha256WithRSAEncryption
   v:NotBefore: Jan 14 22:29:46 2016 GMT; NotAfter: Jan 15 22:29:46 2116 GMT
---
Server certificate
-----BEGIN CERTIFICATE-----
MIIDJTCCAg2gAwIBAgIBAjANBgkqhkiG9w0BAQsFADASMRAwDgYDVQQDDAdSb290
IENBMCAXDTE2MDExNDIyMjk0NloYDzIxMTYwMTE1MjIyOTQ2WjAZMRcwFQYDVQQD
DA5zZXJ2ZXIuZXhhbXBsZTCCASIwDQYJKoZIhvcNAQEBBQADggEPADCCAQoCggEB
ANVdYGrf/GHuSKqMEUhDpW22Ul2qmEmxYZI1sfw6BCUMbXn/tNXJ6VwcO+Crs7h9
o95tveDd11q/FEcRQl6mgtBhwX/dE0bmCYUHDvLU/Bpk0gqtIKsga5bwrczEGVNV
3AEdpLPvirRJU12KBRzx3OFEv8XX4ncZV1yXC3XuiENxD8pswbSyUKd3RmxYDxG/
8XYkWq45QrdRZynh0FUwbxfkkeqt+CjCQ2+iZKn7nZiSYkg+6w1PgkqK/z9y7pa1
rqHBmLrvfZB1bf9aUp6r9cB+0IdD24UHBw99OHr90dPuZR3T6jlqhzfuStPgDW71
cKzCvfFu85KVXqnwoWWVk40CAwEAAaN9MHswHQYDVR0OBBYEFMDnhL/oWSczELBS
T1FSLwbWwHrNMB8GA1UdIwQYMBaAFHB/Lq6DaFmYBCMqzes+F80k3QFJMAkGA1Ud
EwQCMAAwEwYDVR0lBAwwCgYIKwYBBQUHAwEwGQYDVR0RBBIwEIIOc2VydmVyLmV4
YW1wbGUwDQYJKoZIhvcNAQELBQADggEBAHvTBEN1ig8RrsT716Ginv4gGNX0LzGI
RrZ1jO7lm5emuaPNYJpGw0iX5Zdo91qGNXPZaZ75X3S55pQTActq3OPEBOll2pyk
iyjz+Zp/v5cfRZLlBbFW5gv2R94eibYr4U3fSn4B0yPcl4xH/l/HzJhGDsSDW8qK
8VIJvmvsPwmL0JMCv+FR59F+NFYZdND/KCXet59WUpF9ICmFCoBEX3EyJXEPwhbi
X2sdPzJbCjx0HLli8e0HUKNttLQxCsBTRGo6iISLLamwN47mGDa9miBADwGSiz2q
YeeuLO02zToHhnQ6KbPXOrQAqcL1kngO4g+j/ru+4AZThFkdkGnltvk=
-----END CERTIFICATE-----
subject=CN=server.example
issuer=CN=Root CA
---
No client certificate CA names sent
Peer signing digest: SHA512
Peer signature type: rsa_pss_rsae_sha512
Negotiated TLS1.3 group: X25519MLKEM768
---
SSL handshake has read 2387 bytes and written 1483 bytes
Verification error: unable to verify the first certificate
---
New, TLSv1.3, Cipher is TLS_AES_256_GCM_SHA384
Protocol: TLSv1.3
Server public key is 2048 bit
This TLS version forbids renegotiation.
Compression: NONE
Expansion: NONE
No ALPN negotiated
Early data was not sent
Verify return code: 21 (unable to verify the first certificate)
---
>>> TLS 1.2, RecordHeader [length 0005]
    17 03 03 00 13
>>> TLS 1.2, InnerContent [length 0001]
    15
>>> TLS 1.3, Alert [length 0002], warning close_notify
    01 00
Connecting to 127.0.0.1
SSL_connect:before SSL initialization
SSL_connect:SSLv3/TLS write client hello
SSL_connect:SSLv3/TLS write client hello
SSL_connect:SSLv3/TLS read server hello
Can't use SSL_get_servername
SSL_connect:TLSv1.3 read encrypted extensions
depth=0 CN=server.example
verify error:num=20:unable to get local issuer certificate
verify return:1
depth=0 CN=server.example
verify error:num=21:unable to verify the first certificate
verify return:1
depth=0 CN=server.example
verify return:1
SSL_connect:SSLv3/TLS read server certificate
SSL_connect:TLSv1.3 read server certificate verify
SSL_connect:SSLv3/TLS read finished
SSL_connect:SSLv3/TLS write change cipher spec
SSL_connect:SSLv3/TLS write finished
DONE
SSL3 alert write:warning:close notify
