CONNECTED(00000003)
>>> TLS 1.0, RecordHeader [length 0005]
    16 03 01 00 d6
>>> TLS 1.3, Handshake [length 00d6], ClientHello
    01 00 00 d2 03 03 4a c8 4c a5 e7 0f 8c c7 75 28
    8b 2b 81 56 4f 86 63 67 8e f8 5c bf 16 19 de 3c
    4a 9f 54 c4 c9 91 20 a1 68 b5 27 4a ba 24 54 16
    23 6e a6 13 6b ec a2 4b 8b 02 66 b5 a9 93 30 4f
    44 2c 9e 61 84 88 2d 00 06 13 02 13 03 13 01 01
    00 00 83 00 0b 00 04 03 00 01 02 00 0a 00 06 00
    04 11 ec 00 1d 00 23 00 00 00 16 00 00 00 17 00
    00 00 0d 00 2a 00 28 09 05 09 06 09 04 04 03 05
    03 06 03 08 07 08 08 08 1a 08 1b 08 1c 08 09 08
    0a 08 0b 08 04 08 05 08 06 04 01 05 01 06 01 00
    2b 00 03 02 03 04 00 2d 00 02 01 01 00 33 00 26
    00 24 00 1d 00 20 72 71 21 65 e5 4c 6c d1 06 76
    b2 03 17 e7 ba 49 2e f7 4f d0 bf d8 41 6d 42 6e
    56 7b 34 b3 41 22
<<< TLS 1.2, RecordHeader [length 0005]
    16 03 03 00 58
<<< TLS 1.3, Handshake [length 0058], ServerHello
    02 00 00 54 03 03 cf 21 ad 74 e5 9a 61 11 be 1d
    8c 02 1e 65 b8 91 c2 a2 11 16 7a bb 8c 5e 07 9e
    09 e2 c8 a8 33 9c 20 a1 68 b5 27 4a ba 24 54 16
    23 6e a6 13 6b ec a2 4b 8b 02 66 b5 a9 93 30 4f
    44 2c 9e 61 84 88 2d 13 02 00 00 0c 00 2b 00 02
    03 04 00 33 00 02 11 ec
>>> TLS 1.2, RecordHeader [length 0005]
    14 03 03 00 01
>>> TLS 1.3, ChangeCipherSpec [length 0001]
    01
>>> TLS 1.2, RecordHeader [length 0005]
    16 03 03 05 76
>>> TLS 1.3, Handshake [length 0576], ClientHello
    01 00 05 72 03 03 4a c8 4c a5 e7 0f 8c c7 75 28
    8b 2b 81 56 4f 86 63 67 8e f8 5c bf 16 19 de 3c
    4a 9f 54 c4 c9 91 20 a1 68 b5 27 4a ba 24 54 16
    23 6e a6 13 6b ec a2 4b 8b 02 66 b5 a9 93 30 4f
    44 2c 9e 61 84 88 2d 00 06 13 02 13 03 13 01 01
    00 05 23 00 0b 00 04 03 00 01 02 00 0a 00 06 00
    04 11 ec 00 1d 00 23 00 00 00 16 00 00 00 17 00
    00 00 0d 00 2a 00 28 09 05 09 06 09 04 04 03 05
    03 06 03 08 07 08 08 08 1a 08 1b 08 1c 08 09 08
    0a 08 0b 08 04 08 05 08 06 04 01 05 01 06 01 00
    2b 00 03 02 03 04 00 2d 00 02 01 01 00 33 04 c6
    04 c4 11 ec 04 c0 4b c2 ac 71 87 42 5f 8b 16 de
    44 39 35 38 17 4a 0b 68 5b 84 7f 54 0b c4 7c 21
    75 ee 2c 0d 4b b6 81 99 9c 99 e2 46 ab 4b 42 17
    e5 4a 5b 3b d0 26 1d b9 18 54 46 b3 1c 60 94 4e
    db 49 f2 87 66 b7 88 33 cf 74 0f 0b 39 2e fd 4b
    7f b3 d8 8e 5d a0 63 81 f1 a3 36 31 75 0f 74 19
    29 00 2d a1 a1 8b 97 e1 bc a1 79 c3 67 01 9e 20
    c7 10 66 a9 cb 00 29 08 37 a2 3c 8e c6 08 b9 98
    2a f5 d5 6d 6a d7 47 dd db a8 7b 67 09 eb f3 03
    61 83 17 8c c3 bc 4a 35 01 d3 c1 89 4b 2b a2 78
    2b 64 71 b7 01 fe 45 19 ca eb 9a ef 73 a4 bc 08
    9d 72 dc 0f ad e7 4c 9e 61 99 a2 5a a9 90 b9 99
    ce 00 a3 4e 18 84 1f 76 4d 87 a9 88 ec 16 31 fc
    71 ab c6 87 1d e0 6a 27 bb f6 cb b4 d6 75 61 f3
    31 86 b7 88 6c b0 8b 18 fa 0c a3 55 82 88 17 6f
    ed 9b 86 0f c0 bd 88 66 af 1e 63 27 4c f3 40 18
    3a 4f b3 0b 5b 73 c9 2a 89 02 43 4c ac 3b 59 4c
    55 ae 10 b6 0a 07 0b eb db 2e a9 0a 67 b2 04 65
    f1 14 0d 1e c1 5e ae 80 39 34 e8 1b 57 a6 22 3a
    f0 40 c5 e1 a6 82 04 a0 dd 99 5e 50 d2 33 b9 68
    4c 27 ac b5 02 bc 2d e6 6c ab 9d d0 9c b2 5b 75
    27 36 ad 54 45 cb b7 04 01 96 a4 8f 7c fc 44 a7
    a1 55 f8 d7 05 91 a0 93 b4 d5 1a ee e8 41 89 f1
    22 cd 37 15 9b f4 c3 cd 66 75 0f 49 03 94 32 39
    c7 18 6d 73 bb 29 0d 8a 52 c0 89 6e f6 49 c2 08
    28 7c cb a4 94 47 97 cf 30 3a c9 cf c4 57 5f 93
    2e db a6 6e 55 83 46 8c 94 4f 94 b6 80 c7 ec 45
    b5 a4 04 14 d6 81 47 46 98 83 9a 10 27 e2 10 8f
    b0 76 c6 05 94 8b ba 4d 4c 00 4a e9 b8 18 3a 4a
    b6 eb bb 4c 33 c8 78 6c 1a 88 be 1c 64 d9 f0 ba
    f2 f8 48 29 2a ac ca 4b 4c 18 94 26 a1 3b b0 9a
    89 95 84 16 48 74 6c cd 49 09 87 5d 7c 46 85 04
    07 49 28 82 c7 bb 3a 81 3c 57 aa 73 0b d3 f0 86
    55 72 6b de d3 31 bb c9 21 4c b3 5a 78 d1 15 81
    ea a9 40 7a 8b 41 46 12 e6 89 26 2f 45 7a c7 fb
    6a a4 c8 85 d3 87 17 75 61 43 b1 47 64 e8 a0 0d
    3f b1 cb cf b4 1b 09 b4 2a 26 07 78 07 53 23 5c
    23 50 2f 51 32 16 91 1f be 74 b3 39 03 64 70 63
    ab f4 d3 5e 08 69 84 20 12 52 46 20 c6 04 3c b2
    70 14 4b 16 23 1c 07 45 a0 b3 d3 ad 36 c5 15 80
    f2 ab c2 17 34 42 cc 3c 5e a1 b8 08 d3 20 b1 b4
    6f d8 55 5e e1 28 c7 87 0a 07 95 b4 23 e7 a6 2f
    2b 41 7c d5 37 71 f2 4b 76 5c da 78 20 e6 7f d8
    3c c4 d3 59 1f 05 06 c3 bc 5b 1d 89 36 27 7f 29
    61 18 74 cd 43 22 53 a2 f9 79 4f 02 61 6c f9 b7
    cc 64 71 53 b5 68 2b 57 c0 41 d6 b9 ac d5 50 1b
    d7 8e 5d 62 89 46 10 b4 04 d6 7d a1 17 15 b2 eb
    ae 21 3c 2b 1d ab 6a cd cc 55 09 f5 1e 76 b6 2e
    06 54 a0 7c a7 19 a4 25 65 ec d2 32 94 9c 4c ba
    b8 73 9c 15 8b f3 28 15 1e 64 63 e8 06 c0 62 b8
    3a bc 6b be 6a e0 15 cb 44 57 2e f0 9d 1d 76 21
    d3 bb 3e 4e 7a 40 a8 8c 79 43 6c 37 05 06 2b fe
    aa 6a fb 83 47 44 86 c1 e6 35 cc a9 71 5a 5c 55
    39 50 07 2e 3b d2 80 dd 41 8a 7d 64 3c 47 0c 69
    7d 2b 95 a2 6b 83 61 78 6c b9 81 90 9d d8 a7 d2
    5c 9a 77 bb 3d a4 fb 3b bb 50 a8 5d 2a 31 b0 49
    79 7c a8 15 47 4b 60 78 53 70 85 e6 3f 9c 53 60
    a3 52 74 0c 55 31 7a c2 b5 ae 24 38 42 32 79 8f
    b4 32 a4 58 01 a7 2a ab 63 b2 39 e6 80 79 f3 2c
    85 7c e6 21 d1 24 32 b8 b4 b2 3f 6a 2b 9c 2c 7b
    b3 f6 91 3d 45 2c 2e 47 af 96 14 8b 80 14 90 e6
    58 c9 8d 6a 1d 58 0c 95 72 d0 2e af b4 5f e8 57
    ac 3e 5a 80 82 e0 17 cf 4c 5e c0 d9 ac 17 d5 ab
    55 08 20 dd 33 40 63 83 c0 8f 0c 96 38 7a 5c 5e
    cc 89 52 54 93 a7 11 ba 1a 7c 0d 8b 71 39 21 05
    8d 31 14 4f 9b 26 16 67 94 b4 1a 8a 9a 22 23 25
    8d d9 1c 53 70 29 18 ba 18 09 2a 9d df 76 09 d7
    0c 46 a3 b6 45 a9 b7 3f 6d 40 35 63 c9 bd 8f 98
    51 77 1a 75 f2 b2 17 1b 68 6e 74 6a 25 bf 9c 29
    71 b8 79 59 36 4f c8 7a 3c d5 e9 08 14 7c 10 51
    a0 73 b2 4a c2 d5 a1 14 c0 41 4c 58 47 87 71 35
    4e 2c 5a cb a4 a7 89 b7 b9 39 82 45 2f b7 51 28
    1a 3a 48 ec d1 19 75 c0 96 3b 8c b3 dc ac 8d c2
    a3 d2 75 72 0c 00 ae fa 7d e0 92 b9 8b b1 56 0b
    8e 31 77 c8 ff 6d a0 69 b9 a1 1f 4e 4d ff c3 c5
    15 08 eb a0 e3 8a 86 58 99 58 c7 97 d0 5b 26 cd
    1c 4b c4 f0 da 45
<<< TLS 1.2, RecordHeader [length 0005]
    14 03 03 00 01
<<< TLS 1.3, ChangeCipherSpec [length 0001]
    01
<<< TLS 1.2, RecordHeader [length 0005]
    16 03 03 04 ba
<<< TLS 1.3, Handshake [length 04ba], ServerHello
    02 00 04 b6 03 03 49 8c 15 7f 7e a8 9c c5 f9 44
    87 a6 90 0e ad 00 16 70 21 65 4e ef d8 71 c5 2f
    be 30 7a d8 17 5e 20 a1 68 b5 27 4a ba 24 54 16
    23 6e a6 13 6b ec a2 4b 8b 02 66 b5 a9 93 30 4f
    44 2c 9e 61 84 88 2d 13 02 00 04 6e 00 33 04 64
    11 ec 04 60 47 8a 26 08 42 da b4 7b a2 90 63 36
    85 a2 d7 10 0b 4e 98 04 a7 95 bc 4e 30 77 ae 13
    e7 69 98 b2 3e 27 d7 48 1c ad a5 e6 3d 80 07 fd
    b9 d6 5e 69 95 9d 80 b2 68 4b 57 48 ec 57 2b 4f
    3e 27 a8 4f ed 86 a7 6a 9d ca e5 5d cd 0e d7 8c
    25 8e 43 fd c9 e3 15 7a ff a7 38 a5 ca ef 4b 0e
    f6 96 77 a4 d9 c7 28 bc 86 08 27 cd 01 01 ac fe
    40 ac 38 08 30 b0 e9 2e a9 95 90 7f b8 8e 63 a2
    e3 bd 82 68 1b f5 10 c1 8b b5 fa 67 fb dc 6d 2a
    32 54 17 a1 29 6e 22 ec 46 13 e7 14 13 5e 9d 72
    3a 99 8a a6 ef 2e ef d8 a9 97 fe a5 d2 b7 59 33
    bd 98 4a 2e 23 3e 79 d7 96 0a f6 fc b2 c9 73 9d
    8e 70 29 b1 a0 36 e0 82 f0 55 6c 2c 1b 90 24 04
    86 4d 25 75 66 7a 80 a1 06 e3 fb 45 67 7f 5e 35
    57 d0 b0 85 39 cc 98 c7 63 3a 2a 8a d0 4c 13 39
    98 19 68 4f b6 86 82 59 2f 65 f2 42 01 81 c7 9a
    bd f0 75 70 7a 7e 2d c7 20 06 39 05 dd 60 23 37
    98 e4 21 c0 84 5c 7d 51 9f 6a 9b b4 66 e4 96 3b
    e7 b1 6b a7 84 b5 3b a3 50 18 10 5d b5 03 73 85
    12 af 06 c5 ce f2 52 80 18 3a 0a f4 a2 ba 19 fb
    12 cf 02 17 f1 ec c1 d0 1c 5d 49 55 77 af 8e 75
    fc aa de 0a 75 4c 24 13 e9 b6 14 8c 04 38 e4 11
    f7 2d ac 84 ac de e4 02 50 dc d7 0e 4c 29 00 05
    97 8f 29 06 f1 ba 0b 77 e8 32 b3 13 4f 15 30 9b
    a9 c0 54 6e 9d ee 1f 80 09 a1 7d 75 92 70 0e 0f
    ff cd d3 a2 e2 48 e0 99 a5 ba d1 2a d6 24 e4 22
    a4 23 09 c9 26 fa e8 ca aa 7e d0 95 41 fd c5 2d
    85 51 c7 1d 59 39 ae 16 48 58 1e 63 50 e1 b8 d0
    06 94 0e d0 37 55 83 51 c3 ce bb 3c 89 41 a7 d9
    fb 93 e8 88 f7 d6 28 03 38 85 8c b9 f1 c1 28 d4
    0e cd 57 6b 02 da a8 da 59 c5 f9 58 87 75 c7 3e
    d1 0e 14 ca 8f 4c 9f 0b 69 0c 68 df d8 02 30 24
    46 6f 86 09 87 80 16 b3 a9 3e 95 7d a1 87 02 2d
    fe 7f 07 52 ca d7 11 3c ef 00 65 81 47 ca 59 dd
    24 85 c0 dc da 57 06 8f 77 ab 12 fe 7f ec 20 52
    b7 a2 5f 3d bf 80 95 2d b3 7e 79 0f c0 5d b9 81
    0e ec be 75 6d ea 33 13 99 b1 27 f8 b6 39 e8 09
    ba c4 ff e2 11 6c 33 78 e7 0b 5c 78 e2 f1 9a b7
    41 f5 d7 67 b6 20 50 42 3c 47 05 06 52 23 ff 17
    fa dd 16 84 aa 11 d3 e1 4a c8 76 d5 6f 98 a3 97
    86 8c 73 2c 40 05 bc e9 e3 49 89 79 75 5d c5 91
    fe c6 68 f3 d5 8a b5 6d 2f a8 ff 66 b8 96 9f 73
    ad c2 7c c8 f0 d7 b7 35 6f 76 62 cc 11 b5 3d bc
    b6 da 84 d1 c8 9e 23 01 29 e0 d0 7a 52 05 53 58
    f8 15 cf a7 68 46 7e 36 3b 1f cd ab bc 34 94 ca
    cd db 55 4b 0a 5e 5f 2b c3 67 4a a7 d1 42 54 e3
    b8 d0 d7 4e 3f eb b4 48 c0 90 ce 41 61 7a c3 8d
    63 a1 42 02 44 bf 78 dd bb 87 96 0e 1e f0 7e ab
    e4 f5 18 25 fe 65 da f4 fb 36 a1 74 72 96 52 f0
    8f 0d c6 9d f8 28 8e 14 b5 a3 a9 22 00 24 56 f2
    e3 ca 6c 75 80 63 9b 4e 26 1a a2 9d c6 76 43 f7
    74 c1 72 0b 0a b7 6f f8 f3 2f 1f 19 8c ed 96 51
    51 fb 5b 7b 16 29 24 db 55 e1 9a 02 a3 63 51 e3
    40 28 77 a8 80 62 c7 53 39 54 2d 45 3c 24 26 f8
    0c 27 5f 80 98 d0 4d fc d6 83 23 00 8a e9 d3 6b
    31 9b a9 4e 99 47 a7 42 6a 18 05 2e 38 ae 9b 4c
    dc 3d 83 75 6f 32 63 ea 65 3a 26 d5 a1 12 3c 4e
    7c 94 ed 82 8e c3 1c 3d 33 d1 00 53 f8 54 a3 e4
    01 91 4c f4 f0 c9 ae 94 0d f5 10 32 27 66 b5 ef
    c0 5c e4 df d3 88 92 e7 f9 83 11 ea 53 de 00 d1
    30 47 63 fa 48 eb 0f c4 e5 00 cf 53 42 c5 c1 eb
    66 f7 a4 6a 18 d4 9b ce 4e c1 aa 6e 05 1b c5 23
    fb c6 b2 68 db 40 45 86 5c c2 9a 1f 5a 89 1e 9e
    b0 0c 46 0a 0e 87 ad 8f 56 dd 27 f4 67 47 16 4f
    b3 da fb 87 7b 3a 3a db 08 64 2f a1 c5 4b 1c ac
    32 40 80 a3 c7 4a d1 0c 7f 12 bc d7 ec df e1 7a
    4e db 52 45 cf a3 d0 25 0c 4e 75 58 9d fe ed 65
    5f de 75 a8 2c 5a f5 42 05 4e 36 c8 74 c0 19 5a
    4d 3b 88 57 17 b8 60 6b 7f 42 64 63 a4 ff b7 f0
    9b 89 48 64 14 af 57 47 f3 e9 27 7e ea 7b 09 1e
    ee a6 6e 2a 00 2b 00 02 03 04
<<< TLS 1.2, RecordHeader [length 0005]
    17 03 03 04 89
<<< TLS 1.3, InnerContent [length 0001]
    16
<<< TLS 1.3, Handshake [length 0006], EncryptedExtensions
    08 00 00 02 00 00
<<< TLS 1.3, Handshake [length 0336], Certificate
    0b 00 03 32 00 00 03 2e 00 03 29 30 82 03 25 30
    82 02 0d a0 03 02 01 02 02 01 02 30 0d 06 09 2a
    86 48 86 f7 0d 01 01 0b 05 00 30 12 31 10 30 0e
    06 03 55 04 03 0c 07 52 6f 6f 74 20 43 41 30 20
    17 0d 31 36 30 31 31 34 32 32 32 39 34 36 5a 18
    0f 32 31 31 36 30 31 31 35 32 32 32 39 34 36 5a
    30 19 31 17 30 15 06 03 55 04 03 0c 0e 73 65 72
    76 65 72 2e 65 78 61 6d 70 6c 65 30 82 01 22 30
    0d 06 09 2a 86 48 86 f7 0d 01 01 01 05 00 03 82
    01 0f 00 30 82 01 0a 02 82 01 01 00 d5 5d 60 6a
    df fc 61 ee 48 aa 8c 11 48 43 a5 6d b6 52 5d aa
    98 49 b1 61 92 35 b1 fc 3a 04 25 0c 6d 79 ff b4
    d5 c9 e9 5c 1c 3b e0 ab b3 b8 7d a3 de 6d bd e0
    dd d7 5a bf 14 47 11 42 5e a6 82 d0 61 c1 7f dd
    13 46 e6 09 85 07 0e f2 d4 fc 1a 64 d2 0a ad 20
    ab 20 6b 96 f0 ad cc c4 19 53 55 dc 01 1d a4 b3
    ef 8a b4 49 53 5d 8a 05 1c f1 dc e1 44 bf c5 d7
    e2 77 19 57 5c 97 0b 75 ee 88 43 71 0f ca 6c c1
    b4 b2 50 a7 77 46 6c 58 0f 11 bf f1 76 24 5a ae
    39 42 b7 51 67 29 e1 d0 55 30 6f 17 e4 91 ea ad
    f8 28 c2 43 6f a2 64 a9 fb 9d 98 92 62 48 3e eb
    0d 4f 82 4a 8a ff 3f 72 ee 96 b5 ae a1 c1 98 ba
    ef 7d 90 75 6d ff 5a 52 9e ab f5 c0 7e d0 87 43
    db 85 07 07 0f 7d 38 7a fd d1 d3 ee 65 1d d3 ea
    39 6a 87 37 ee 4a d3 e0 0d 6e f5 70 ac c2 bd f1
    6e f3 92 95 5e a9 f0 a1 65 95 93 8d 02 03 01 00
    01 a3 7d 30 7b 30 1d 06 03 55 1d 0e 04 16 04 14
    c0 e7 84 bf e8 59 27 33 10 b0 52 4f 51 52 2f 06
    d6 c0 7a cd 30 1f 06 03 55 1d 23 04 18 30 16 80
    14 70 7f 2e ae 83 68 59 98 04 23 2a cd eb 3e 17
    cd 24 dd 01 49 30 09 06 03 55 1d 13 04 02 30 00
    30 13 06 03 55 1d 25 04 0c 30 0a 06 08 2b 06 01
    05 05 07 03 01 30 19 06 03 55 1d 11 04 12 30 10
    82 0e 73 65 72 76 65 72 2e 65 78 61 6d 70 6c 65
    30 0d 06 09 2a 86 48 86 f7 0d 01 01 0b 05 00 03
    82 01 01 00 7b d3 04 43 75 8a 0f 11 ae c4 fb d7
    a1 a2 9e fe 20 18 d5 f4 2f 31 88 46 b6 75 8c ee
    e5 9b 97 a6 b9 a3 cd 60 9a 46 c3 48 97 e5 97 68
    f7 5a 86 35 73 d9 69 9e f9 5f 74 b9 e6 94 13 01
    cb 6a dc e3 c4 04 e9 65 da 9c a4 8b 28 f3 f9 9a
    7f bf 97 1f 45 92 e5 05 b1 56 e6 0b f6 47 de 1e
    89 b6 2b e1 4d df 4a 7e 01 d3 23 dc 97 8c 47 fe
    5f c7 cc 98 46 0e c4 83 5b ca 8a f1 52 09 be 6b
    ec 3f 09 8b d0 93 02 bf e1 51 e7 d1 7e 34 56 19
    74 d0 ff 28 25 de b7 9f 56 52 91 7d 20 29 85 0a
    80 44 5f 71 32 25 71 0f c2 16 e2 5f 6b 1d 3f 32
    5b 0a 3c 74 1c b9 62 f1 ed 07 50 a3 6d b4 b4 31
    0a c0 53 44 6a 3a 88 84 8b 2d a9 b0 37 8e e6 18
    36 bd 9a 20 40 0f 01 92 8b 3d aa 61 e7 ae 2c ed
    36 cd 3a 07 86 74 3a 29 b3 d7 3a b4 00 a9 c2 f5
    92 78 0e e2 0f a3 fe bb be e0 06 53 84 59 1d 90
    69 e5 b6 f9 00 00
<<< TLS 1.3, Handshake [length 0108], CertificateVerify
    0f 00 01 04 08 04 01 00 5e 05 b7 59 de f4 90 58
    30 8c ed 1a f9 fa ce 8c 68 4b 1c 79 54 a0 90 ae
    89 18 2f 24 72 aa 22 12 46 5a 26 ac 2a 91 72 a1
    4f f3 7e 20 e2 0a 3a 95 68 5a c1 32 4b ac 0d 35
    a5 c5 26 a2 83 ad 75 e0 8a 68 f5 f4 3a 41 b0 dd
    d9 19 9c 0b df 5f 32 55 c5 67 02 06 c8 96 6a 9e
    98 88 5e b3 cb ee 22 cc d3 bf 8f e2 81 f1 45 79
    cc 74 cb a6 c3 0d 0b ee 83 b1 1c b6 1b 43 b5 76
    3b 1f 09 72 d7 8b 9b 2a d4 dd 2b 58 f9 d0 91 63
    3d 9f 02 b2 8e ff 81 47 ff b9 f4 0c e6 f1 cf e2
    b3 53 b9 ed c2 66 c4 36 af fc f6 c2 37 b8 06 37
    0f ef c1 53 60 72 37 6e 59 ad bc ce a4 c4 be 09
    a1 29 ca b6 ca 51 b7 c3 2c a2 84 86 dc c0 6a 96
    c8 54 f8 a1 d2 ef 3a f3 55 6b 3c 59 70 c9 62 2a
    fe 93 8d 73 45 2a a8 01 6a 82 a4 8c 26 37 e8 e8
    21 b3 69 72 93 e0 c9 1a f8 56 4d dd 2b 5e bc 48
    02 29 65 9d 5c bc f6 1f
<<< TLS 1.3, Handshake [length 0034], Finished
    14 00 00 30 2e c2 93 8d 05 51 ba af e3 0e b7 e4
    33 f6 c5 83 63 05 e3 42 27 41 e3 e4 66 a7 68 41
    cb 9f 5c c4 00 12 99 4d bf dd 77 c1 0a 1c a0 32
    0e d9 29 5c
>>> TLS 1.2, RecordHeader [length 0005]
    17 03 03 00 45
>>> TLS 1.2, InnerContent [length 0001]
    16
>>> TLS 1.3, Handshake [length 0034], Finished
    14 00 00 30 b2 9a 17 84 cb a7 65 25 50 e6 c1 0a
    11 be 7e fd 83 ca 87 03 8d 39 89 b6 27 90 d1 70
    99 af 54 31 3d 85 9b 1a 67 b5 52 24 7d a3 2f 52
    e5 10 d6 77
---
Certificate chain
 0 s:CN=server.example
   i:CN=Root CA
   a:PKEY: RSA, 2048 (bit); sigalg: sha256WithRSAEncryption
   v:NotBefore: Jan 14 22:29:46 2016 GMT; NotAfter: Jan 15 22:29:46 2116 GMT
---
Server certificate
-----BEGIN CERTIFICATE-----
MIIDJTCCAg2gAwIBAgIBAjANBgkqhkiG9w0BAQsFADASMRAwDgYDVQQDDAdSb290
IENBMCAXDTE2MDExNDIyMjk0NloYDzIxMTYwMTE1MjIyOTQ2WjAZMRcwFQYDVQQD
DA5zZXJ2ZXIuZXhhbXBsZTCCASIwDQYJKoZIhvcNAQEBBQADggEPADCCAQoCggEB
ANVdYGrf/GHuSKqMEUhDpW22Ul2qmEmxYZI1sfw6BCUMbXn/tNXJ6VwcO+Crs7h9
o95tveDd11q/FEcRQl6mgtBhwX/dE0bmCYUHDvLU/Bpk0gqtIKsga5bwrczEGVNV
3AEdpLPvirRJU12KBRzx3OFEv8XX4ncZV1yXC3XuiENxD8pswbSyUKd3RmxYDxG/
8XYkWq45QrdRZynh0FUwbxfkkeqt+CjCQ2+iZKn7nZiSYkg+6w1PgkqK/z9y7pa1
rqHBmLrvfZB1bf9aUp6r9cB+0IdD24UHBw99OHr90dPuZR3T6jlqhzfuStPgDW71
cKzCvfFu85KVXqnwoWWVk40CAwEAAaN9MHswHQYDVR0OBBYEFMDnhL/oWSczELBS
T1FSLwbWwHrNMB8GA1UdIwQYMBaAFHB/Lq6DaFmYBCMqzes+F80k3QFJMAkGA1Ud
EwQCMAAwEwYDVR0lBAwwCgYIKwYBBQUHAwEwGQYDVR0RBBIwEIIOc2VydmVyLmV4
YW1wbGUwDQYJKoZIhvcNAQELBQADggEBAHvTBEN1ig8RrsT716Ginv4gGNX0LzGI
RrZ1jO7lm5emuaPNYJpGw0iX5Zdo91qGNXPZaZ75X3S55pQTActq3OPEBOll2pyk
iyjz+Zp/v5cfRZLlBbFW5gv2R94eibYr4U3fSn4B0yPcl4xH/l/HzJhGDsSDW8qK
8VIJvmvsPwmL0JMCv+FR59F+NFYZdND/KCXet59WUpF9ICmFCoBEX3EyJXEPwhbi
X2sdPzJbCjx0HLli8e0HUKNttLQxCsBTRGo6iISLLamwN47mGDa9miBADwGSiz2q
YeeuLO02zToHhnQ6KbPXOrQAqcL1kngO4g+j/ru+4AZThFkdkGnltvk=
-----END CERTIFICATE-----
subject=CN=server.example
issuer=CN=Root CA
---
No client certificate CA names sent
Peer signing digest: SHA256
Peer signature type: rsa_pss_rsae_sha256
Negotiated TLS1.3 group: X25519MLKEM768
---
SSL handshake has read 2480 bytes and written 1702 bytes
Verification error: unable to verify the first certificate
---
New, TLSv1.3, Cipher is TLS_AES_256_GCM_SHA384
Protocol: TLSv1.3
Server public key is 2048 bit
This TLS version forbids renegotiation.
Compression: NONE
Expansion: NONE
No ALPN negotiated
Early data was not sent
Verify return code: 21 (unable to verify the first certificate)
---
>>> TLS 1.2, RecordHeader [length 0005]
    17 03 03 00 13
>>> TLS 1.2, InnerContent [length 0001]
    15
>>> TLS 1.3, Alert [length 0002], warning close_notify
    01 00
Connecting to 127.0.0.1
SSL_connect:before SSL initialization
SSL_connect:SSLv3/TLS write client hello
SSL_connect:SSLv3/TLS write client hello
SSL_connect:SSLv3/TLS read server hello
SSL_connect:SSLv3/TLS write change cipher spec
SSL_connect:SSLv3/TLS write client hello
SSL_connect:SSLv3/TLS write client hello
SSL_connect:SSLv3/TLS read server hello
Can't use SSL_get_servername
SSL_connect:TLSv1.3 read encrypted extensions
depth=0 CN=server.example
verify error:num=20:unable to get local issuer certificate
verify return:1
depth=0 CN=server.example
verify error:num=21:unable to verify the first certificate
verify return:1
depth=0 CN=server.example
verify return:1
SSL_connect:SSLv3/TLS read server certificate
SSL_connect:TLSv1.3 read server certificate verify
SSL_connect:SSLv3/TLS read finished
SSL_connect:SSLv3/TLS write finished
DONE
SSL3 alert write:warning:close notify
