CONNECTED(00000003)
>>> TLS 1.0, RecordHeader [length 0005]
    16 03 01 05 76
>>> TLS 1.3, Handshake [length 0576], ClientHello
    01 00 05 72 03 03 4a 6d 5e 5f 94 a1 77 cc b5 44
    e8 2d 11 83 8d d7 bf eb 18 7e 29 6f 91 8d 22 93
    f0 4a ee ff 97 76 20 fb 9e 9f 54 ba 9f 09 6c 16
    e0 cf b8 78 c0 a3 03 c4 83 ab d0 5b 38 fb eb f6
    d0 17 dd c8 86 3c e6 00 06 13 02 13 03 13 01 01
    00 05 23 00 0b 00 04 03 00 01 02 00 0a 00 06 00
    04 11 ec 00 1d 00 23 00 00 00 16 00 00 00 17 00
    00 00 0d 00 2a 00 28 09 05 09 06 09 04 04 03 05
    03 06 03 08 07 08 08 08 1a 08 1b 08 1c 08 09 08
    0a 08 0b 08 04 08 05 08 06 04 01 05 01 06 01 00
    2b 00 03 02 03 04 00 2d 00 02 01 01 00 33 04 c6
    04 c4 11 ec 04 c0 47 16 40 f7 47 88 f3 44 cd 7a
    66 bc b9 cc 66 02 52 75 ae 17 6a 8d 39 59 02 5a
    20 83 e4 0f 34 17 ba 9c 6a 4e c6 67 59 ea 40 47
    50 98 ae 5f 97 a5 38 f7 ba 30 fc af 3a c5 a1 fc
    3b 0e 87 8c 86 67 50 3e 47 e2 87 ff d0 3e 50 b0
    74 1b 7c 28 dc e0 ad 6d 98 5b bd 69 3c 55 f4 ba
    88 da 50 9d 0a 13 02 61 75 a5 77 c9 1c 9a 59 0a
    e3 7c 44 eb 8c b5 e6 c8 e1 4a 70 0e 64 4e 1c 80
    91 af 55 0a df 87 b2 50 03 55 b7 14 71 39 8b 61
    a5 ab 5a c9 0b 4b 43 55 9e b6 0b 6a 25 40 1f 79
    77 ab 57 51 55 5c 0c c8 e8 30 6f 4a b4 4e 2b 36
    63 b7 87 8f a5 70 c3 e7 b3 9c ef 0c 24 fd 93 04
    28 97 59 8d 22 b8 0f db ca 0e 66 0b cb e2 0d f7
    ac 3a 59 71 44 f2 a3 7a e4 d3 88 e4 10 26 aa 40
    38 b7 b2 2e 7d 45 7c 4e 46 6b 7a 4c c8 d7 b3 68
    02 51 10 b3 27 9c a4 d1 cd 40 b3 8c 4a 0c 79 d9
    f6 cd 8d d4 57 d7 95 c8 9d 00 98 36 2c 82 b2 14
    ae d5 4c 67 66 78 1c f1 06 12 82 c9 ad 16 5c 3d
    55 0a 41 1b a5 94 28 a7 a9 8b d7 37 04 35 aa 63
    57 36 3b 86 7c 78 3a 4c e8 da 78 36 11 2f 81 51
    5b 52 29 22 97 a7 69 0f 96 ce 09 d9 ac b8 4c c4
    b2 cb 5f b1 a9 01 0c 40 7e 9e eb 89 40 db b5 84
    85 19 f6 d9 04 73 67 7f 85 40 95 1c 69 09 2e f0
    15 25 a5 0e 84 33 a3 ab 78 58 e6 97 98 88 d0 3f
    09 85 12 93 a6 72 90 50 c1 07 53 64 26 d9 0e fc
    66 57 f1 c7 2d e1 92 ab e1 9a 1f 6e 00 1e ef 93
    94 08 d9 0c 71 c3 15 93 bb 4e 8d a1 bf f3 b8 a0
    ac e1 7d c8 3c 92 14 95 7e 71 f3 a3 d4 d9 3e 21
    d8 8c c0 bc b2 9a 0a 58 47 dc 9c eb 00 69 4d fc
    33 17 78 1c 37 27 b5 36 a0 a5 f4 44 96 33 22 94
    df 81 ae 3a 49 1b 13 80 be 31 a6 56 51 13 b4 70
    76 5c 30 18 57 46 34 65 f1 8b 91 91 e0 b6 a5 48
    3b 49 84 76 62 5c 22 8d 48 af 66 97 bc c8 51 76
    ed c6 4d dc d5 7a be 42 ad 62 a9 4a 57 c2 26 c5
    1b b2 2f 93 37 71 a5 2c 6f 0a 81 ba 33 7b 85 69
    40 61 01 21 be 19 b8 f1 66 4f 88 4c 03 f4 48 6e
    da 20 01 40 5a b3 5d 39 bc cd 2c 61 b6 b8 82 73
    0b c1 20 b0 9f 30 c1 6e 2e b6 36 94 23 1a 5f 6c
    14 44 90 bb e3 82 b1 eb 60 1e 0d 81 66 cd 84 cf
    a8 87 af 4a 25 80 bd b6 54 4c 70 4c d1 ec 9e 4b
    79 68 4b 92 32 70 bb 63 1b d1 35 b5 44 a9 a8 16
    cc 1b ca 73 94 0b aa 6c 19 af d5 84 a7 9e 6a 87
    37 22 3a ab 65 5f e9 8a 63 c7 8c 7c 9e d8 c8 16
    b5 39 fc 26 64 b3 64 5a 9f 22 97 90 95 c5 f5 93
    1e 23 e5 1d 38 d0 79 25 d2 1d 7d 71 7e eb ab 17
    07 fa 08 92 a2 29 e3 e8 39 90 ea 79 39 22 51 06
    15 0a cc ab 6c 1e e9 0f 1c 03 ce e3 db b2 da 39
    c4 aa d3 80 b0 66 05 4f c8 c6 26 cb 10 ed 94 cf
    17 d8 0d f5 67 af 68 72 26 31 62 24 23 75 62 27
    6c 24 5e c6 bd 1d e5 8b 91 cc 38 3a 95 31 71 91
    1a 82 fa 51 c3 eb 0f a8 d0 90 12 98 be cb 71 95
    64 d0 0d 45 85 8a e1 34 9c e1 bb 1f 8e 56 67 ae
    8c a4 db 36 63 c3 a5 46 39 5a 30 69 7b 6b 03 21
    3c 56 40 6c 1e 97 96 7c ea 4e 2f 47 98 2c e9 30
    51 92 90 29 93 7c 46 35 b8 48 43 43 4a c4 4d 8e
    e4 7b b2 6b 65 d8 91 8c e2 89 5e 8e 56 96 3e 2c
    aa ef 33 33 16 15 7b 41 55 28 af 29 5f 28 b1 7b
    8e 2b 0a 67 16 b7 e9 71 67 c9 51 67 88 1a 8b 90
    79 93 63 53 a1 39 31 48 bd 1c 69 26 79 31 74 60
    88 e0 e4 7d e1 a1 24 59 46 ca d1 f2 84 3f 97 ad
    51 e4 68 ed 0b 2f 39 c8 29 f7 98 75 79 ea 66 93
    34 23 61 3c c0 7f b2 83 b2 f5 cb fc a0 89 6c a4
    1f 34 35 88 95 bb c3 72 5a 21 8b 05 83 c1 42 9d
    cc 69 2b e3 41 a6 e9 d9 2c 85 1c 22 a3 d3 5e ab
    05 5f 84 5b 10 43 f4 9e 65 c8 5f 23 66 b3 b4 26
    aa 94 31 af 25 b8 a0 6c 3c a2 ae 23 83 8f 14 1e
    12 83 0b 0a e1 90 0e 67 6b 6f 46 3e 98 0c 0c 33
    26 78 93 b6 b4 81 49 a9 da 44 a6 7f 71 80 ba 6b
    59 87 c5 22 28 f9 02 4d ec 73 74 7b 7b 40 52 c4
    64 a7 b9 8f 29 4f c2 58 0a 1c 56 73 15 d6 97 e4
    32 6b 1e 90 7b 3b 7a bd fb f3 2b a0 64 aa 50 eb
    40 7d 85 0f ba e0 2e eb 03 cc 4f 28 cf a9 52 cb
    7a 65 48 c7 28 38 57 57 42 36 f0 25 4a c5 9b d9
    78 ec 21 33 ff aa 30 56 92 ce fe e1 cc ea dd d5
    27 82 5c c6 b4 e3 95 5e be 24 53 f6 2f df 12 96
    4a 68 f4 19 54 bc f8 a7 89 18 cc 36 7d 63 80 d2
    90 76 5c 06 48 7a
<<< TLS 1.2, RecordHeader [length 0005]
    16 03 03 04 ba
<<< TLS 1.3, Handshake [length 04ba], ServerHello
    02 00 04 b6 03 03 2e 21 db 94 35 f3 c3 64 c9 94
    19 79 21 fd af 14 f6 c9 08 00 6d 09 b1 ee 78 8f
    1c 7c 0b 00 b8 c7 20 fb 9e 9f 54 ba 9f 09 6c 16
    e0 cf b8 78 c0 a3 03 c4 83 ab d0 5b 38 fb eb f6
    d0 17 dd c8 86 3c e6 13 02 00 04 6e 00 2b 00 02
    03 04 00 33 04 64 11 ec 04 60 d8 96 ce 24 aa f7
    df 9e c0 be 3d b7 01 33 ad fe 67 31 7c 16 ef 88
    3b e1 57 4c bd 61 57 39 a7 98 16 0a 0a e7 da c1
    2b 8a 9f 18 13 f7 16 7f 97 09 d2 cc 3b 36 1d 03
    b8 46 e6 b4 77 93 6c 99 27 87 c5 97 fc b3 a9 5b
    c4 b8 92 8c f7 90 6a c7 3c b7 63 3f 42 6f e1 a5
    fe 4c fa 9b 05 0b ea 48 58 c3 32 06 ea 6d c6 35
    bf 45 5b 3f 34 a5 9f d1 e1 54 31 75 8e 6d a1 b8
    51 a2 c9 05 6c 61 aa 7d 79 87 31 f3 c5 2a 9e e0
    c2 8d c0 55 05 5c 51 ae 48 16 ba 75 14 07 e6 cb
    da 42 97 9c 09 5d 48 52 23 39 b9 14 e8 e8 8b 76
    c5 ab e4 b9 7a 6a 7c 54 27 10 d0 27 d5 c2 2c 79
    f6 21 a3 cb 5e 0f 68 8b 06 33 c5 e3 c6 b2 32 15
    39 23 e1 c9 11 46 09 01 a9 50 b9 0a be e3 f7 f9
    49 ba 23 b6 a5 a9 c2 58 46 80 72 7d 06 c2 a5 bb
    5a 98 0e ca 04 a5 c4 c2 68 26 d6 c6 af 55 cb 4d
    91 f6 2f 74 f0 79 07 e4 69 6d 23 8c 6d dd ed de
    58 06 82 3d 45 77 67 21 7f a9 1d 69 17 84 75 b4
    32 7d 24 81 be ba 5d 75 a7 fe 2f 10 d4 c2 3b 87
    e9 3e 44 65 c5 02 64 2d cd 58 af aa d7 da 2f f5
    69 f5 77 f1 a2 b3 62 56 8c 2a 49 14 24 77 51 06
    dc 06 63 2c 3f e9 05 1d 76 11 ad 5a 90 28 86 5f
    79 80 11 90 f9 27 cb 8c 44 9e eb f5 6b fe bb 56
    8b b8 11 51 1c 5a 27 22 7a cd 9c 28 24 7d dc 0a
    47 92 34 52 00 2c 73 3e f8 a5 a4 fe cc 6c 8e 45
    0f 01 e4 48 f7 12 96 33 7e 5e a9 01 e1 fa 38 7c
    7b 05 1e 8f 39 54 b2 e2 a3 70 8c 16 3a 1d c5 63
    16 c9 fe b7 fb 91 34 60 3c 90 b7 63 58 cb 97 87
    9a e5 d4 16 55 71 d3 85 77 24 53 96 bf f2 a1 bf
    de 3b 62 e3 76 da 82 6a 88 cb 76 da 2f 8c e7 ee
    2c 15 09 cd d6 50 c5 f7 f3 11 2a 60 a9 7e 95 34
    34 34 dd c6 c1 9c bd ea b3 ff 58 9c f1 cf 90 e8
    70 83 7e 02 ea 0f 52 d5 ac a2 59 0d 25 0e 1d c9
    75 76 bb 3f f2 a6 89 d9 5d 78 9f 24 9f b3 eb 5f
    b8 1a 58 df 91 b0 8f 2b d8 bb 56 d9 4b d8 64 38
    07 5d d9 42 f3 ac 17 61 d4 f9 79 a0 23 ba 33 48
    a5 0e 3e 49 73 50 c1 76 d2 e2 ef 04 1c 97 56 66
    0e c0 92 40 e8 1e f8 ce a8 8f e7 7e 99 9e 38 0f
    2f f1 cb a6 14 3c c8 ad a9 be fb 23 02 90 4f 41
    db a4 45 1b 13 6c 4d af 57 dd 77 42 c6 80 35 e0
    15 82 20 03 de 3e 3e 76 da f2 00 0a 56 68 19 57
    e9 07 f4 87 8f 5b 74 28 6e 29 f6 d3 8b ca 3f 81
    86 2f 15 d9 a1 81 fb 55 23 29 56 09 03 a4 f8 46
    90 d7 89 5d aa 82 75 87 78 58 4f 30 b3 e6 3a 2a
    0a 5d c0 02 e6 da af 34 ec 3c de dc 6b 7e 2c 26
    6c dc 2d 26 fc 1b cb cf 46 96 b1 2c 76 e8 42 b9
    ae a6 78 3c b0 84 db 0f 9a 76 f7 83 70 39 e2 cb
    71 7f 6d bd 04 7b 69 36 9f a5 a1 3d 5f b5 5a c8
    24 3a 53 9f a4 83 08 ec 8f 4d 71 87 7c 9b af 83
    8a a0 74 80 65 5d b5 81 42 48 e2 47 2f d0 0c 72
    de 9e e3 af 33 8a 0b ea 79 de 34 ae 1a 5d 32 40
    7a 6f ba b5 57 df 3c c2 fa f2 54 82 93 9e 11 bd
    72 f1 e3 0f 44 78 10 d6 8c 6b 69 a7 3f 22 36 1e
    cf 92 70 d2 f8 1e ba 82 6b dd d5 da e8 73 b0 1a
    fe 21 d9 9d cf 99 d7 4a e1 ac 6f 07 0f 24 5c 86
    41 95 f7 28 5e 28 b5 b3 61 00 df c9 75 b2 a4 2d
    3d ea ff 4d 8e 4f cd a1 38 1e 4c e7 58 12 28 73
    83 e5 43 8f 51 84 88 ff d3 ee cc 15 f3 0c 1f 8a
    c2 b4 e1 61 3b b8 25 ae 12 5b e4 2f 88 d9 e9 c4
    26 af a8 7f 9c c5 25 48 f0 db 48 49 80 75 74 90
    b1 49 f0 8d 57 e7 ab 6f 3b 90 24 dd fe eb 49 af
    f5 a4 8f 9a aa 95 d3 fd b9 b1 f0 de e8 7f 89 a9
    1d d9 13 17 05 59 1e 5c 2b 6a d8 26 e6 c5 57 84
    2e e8 e3 74 99 3c e3 8c 20 b3 d0 6c 97 58 38 27
    b3 6b e8 64 22 c7 04 c8 af 74 41 8a 91 12 80 67
    b9 95 51 36 7e ce 6b b5 94 63 91 94 71 e2 1d 38
    41 5f 6d ba 2b 30 c1 83 3c c1 9e 77 57 7f d6 c7
    b2 a3 5f 6c b7 ad 3d 06 32 69 b3 68 d5 0a 62 7a
    78 80 9e d5 fd 51 dd 7b 4f fa f4 3f 14 ae b9 d7
    ee ff 67 87 19 7f a1 81 38 97 0d 2e 79 69 b5 17
    89 e0 82 5c c7 94 7b 9c 26 6a
<<< TLS 1.2, RecordHeader [length 0005]
    14 03 03 00 01
<<< TLS 1.3, ChangeCipherSpec [length 0001]
    01
<<< TLS 1.2, RecordHeader [length 0005]
    17 03 03 00 17
<<< TLS 1.3, InnerContent [length 0001]
    16
<<< TLS 1.3, Handshake [length 0006], EncryptedExtensions
    08 00 00 02 00 00
<<< TLS 1.2, RecordHeader [length 0005]
    17 03 03 03 47
<<< TLS 1.3, InnerContent [length 0001]
    16
<<< TLS 1.3, Handshake [length 0336], Certificate
    0b 00 03 32 00 00 03 2e 00 03 29 30 82 03 25 30
    82 02 0d a0 03 02 01 02 02 01 02 30 0d 06 09 2a
    86 48 86 f7 0d 01 01 0b 05 00 30 12 31 10 30 0e
    06 03 55 04 03 0c 07 52 6f 6f 74 20 43 41 30 20
    17 0d 31 36 30 31 31 34 32 32 32 39 34 36 5a 18
    0f 32 31 31 36 30 31 31 35 32 32 32 39 34 36 5a
    30 19 31 17 30 15 06 03 55 04 03 0c 0e 73 65 72
    76 65 72 2e 65 78 61 6d 70 6c 65 30 82 01 22 30
    0d 06 09 2a 86 48 86 f7 0d 01 01 01 05 00 03 82
    01 0f 00 30 82 01 0a 02 82 01 01 00 d5 5d 60 6a
    df fc 61 ee 48 aa 8c 11 48 43 a5 6d b6 52 5d aa
    98 49 b1 61 92 35 b1 fc 3a 04 25 0c 6d 79 ff b4
    d5 c9 e9 5c 1c 3b e0 ab b3 b8 7d a3 de 6d bd e0
    dd d7 5a bf 14 47 11 42 5e a6 82 d0 61 c1 7f dd
    13 46 e6 09 85 07 0e f2 d4 fc 1a 64 d2 0a ad 20
    ab 20 6b 96 f0 ad cc c4 19 53 55 dc 01 1d a4 b3
    ef 8a b4 49 53 5d 8a 05 1c f1 dc e1 44 bf c5 d7
    e2 77 19 57 5c 97 0b 75 ee 88 43 71 0f ca 6c c1
    b4 b2 50 a7 77 46 6c 58 0f 11 bf f1 76 24 5a ae
    39 42 b7 51 67 29 e1 d0 55 30 6f 17 e4 91 ea ad
    f8 28 c2 43 6f a2 64 a9 fb 9d 98 92 62 48 3e eb
    0d 4f 82 4a 8a ff 3f 72 ee 96 b5 ae a1 c1 98 ba
    ef 7d 90 75 6d ff 5a 52 9e ab f5 c0 7e d0 87 43
    db 85 07 07 0f 7d 38 7a fd d1 d3 ee 65 1d d3 ea
    39 6a 87 37 ee 4a d3 e0 0d 6e f5 70 ac c2 bd f1
    6e f3 92 95 5e a9 f0 a1 65 95 93 8d 02 03 01 00
    01 a3 7d 30 7b 30 1d 06 03 55 1d 0e 04 16 04 14
    c0 e7 84 bf e8 59 27 33 10 b0 52 4f 51 52 2f 06
    d6 c0 7a cd 30 1f 06 03 55 1d 23 04 18 30 16 80
    14 70 7f 2e ae 83 68 59 98 04 23 2a cd eb 3e 17
    cd 24 dd 01 49 30 09 06 03 55 1d 13 04 02 30 00
    30 13 06 03 55 1d 25 04 0c 30 0a 06 08 2b 06 01
    05 05 07 03 01 30 19 06 03 55 1d 11 04 12 30 10
    82 0e 73 65 72 76 65 72 2e 65 78 61 6d 70 6c 65
    30 0d 06 09 2a 86 48 86 f7 0d 01 01 0b 05 00 03
    82 01 01 00 7b d3 04 43 75 8a 0f 11 ae c4 fb d7
    a1 a2 9e fe 20 18 d5 f4 2f 31 88 46 b6 75 8c ee
    e5 9b 97 a6 b9 a3 cd 60 9a 46 c3 48 97 e5 97 68
    f7 5a 86 35 73 d9 69 9e f9 5f 74 b9 e6 94 13 01
    cb 6a dc e3 c4 04 e9 65 da 9c a4 8b 28 f3 f9 9a
    7f bf 97 1f 45 92 e5 05 b1 56 e6 0b f6 47 de 1e
    89 b6 2b e1 4d df 4a 7e 01 d3 23 dc 97 8c 47 fe
    5f c7 cc 98 46 0e c4 83 5b ca 8a f1 52 09 be 6b
    ec 3f 09 8b d0 93 02 bf e1 51 e7 d1 7e 34 56 19
    74 d0 ff 28 25 de b7 9f 56 52 91 7d 20 29 85 0a
    80 44 5f 71 32 25 71 0f c2 16 e2 5f 6b 1d 3f 32
    5b 0a 3c 74 1c b9 62 f1 ed 07 50 a3 6d b4 b4 31
    0a c0 53 44 6a 3a 88 84 8b 2d a9 b0 37 8e e6 18
    36 bd 9a 20 40 0f 01 92 8b 3d aa 61 e7 ae 2c ed
    36 cd 3a 07 86 74 3a 29 b3 d7 3a b4 00 a9 c2 f5
    92 78 0e e2 0f a3 fe bb be e0 06 53 84 59 1d 90
    69 e5 b6 f9 00 00
<<< TLS 1.2, RecordHeader [length 0005]
    17 03 03 01 19
<<< TLS 1.3, InnerContent [length 0001]
    16
<<< TLS 1.3, Handshake [length 0108], CertificateVerify
    0f 00 01 04 08 04 01 00 9d 36 ce 40 f2 41 6d 1b
    93 2f 53 e3 aa 48 1d ed 65 10 28 4d 5f cf de de
    84 44 13 dc 71 5f 75 00 05 56 af 91 f1 a6 f0 67
    14 43 2c 5d 47 b2 4e bb d0 55 3b fb 8f 67 67 7f
    46 f4 52 2a 0e 00 66 f9 b3 fe 14 5b 5f 71 1b 0e
    17 df 33 f7 3c 8c a7 5b 9c dd fe cf aa 52 f9 11
    21 aa 67 bc 72 1b ad 19 e3 3e 52 c9 6e 4e a9 a1
    d5 dc 0a 1c 08 ca 1c 86 1b 05 d0 a5 34 ea 44 18
    83 62 99 46 7d 0c 4a fa 93 a2 b7 55 b3 48 a3 05
    11 02 88 1d e3 20 5b 13 41 9d 73 08 f6 f9 f0 0e
    0f c0 d7 ab 15 0b 4e fe f0 42 fb 2f 95 25 f7 cd
    a8 e7 a7 5f ab eb 21 a4 2c b7 45 8a f3 2c 81 f3
    bf 94 cd f4 32 57 d6 d2 8b 2a 9f ed 07 b8 68 a9
    11 e8 c9 7b ac 91 89 f3 f9 df 0f ee ec a8 59 50
    9e 11 2f e0 a9 06 14 ac 35 15 d4 a5 60 18 e4 47
    db e7 6e 5a f4 cf 22 9d 1b 5e 8e 7b 23 48 e2 8f
    a1 28 b7 9d 2f c9 96 20
<<< TLS 1.2, RecordHeader [length 0005]
    17 03 03 00 45
<<< TLS 1.3, InnerContent [length 0001]
    16
<<< TLS 1.3, Handshake [length 0034], Finished
    14 00 00 30 71 d3 ad 8a a7 5b cf 4b 76 74 55 a0
    56 96 14 6d 3a 37 ae ba 68 ff 2d 6a 0c a4 a0 20
    9c 25 29 8a af c8 48 1c be 94 47 2f 6a 39 78 7e
    3d b8 e0 79
>>> TLS 1.2, RecordHeader [length 0005]
    14 03 03 00 01
>>> TLS 1.3, ChangeCipherSpec [length 0001]
    01
>>> TLS 1.2, RecordHeader [length 0005]
    17 03 03 00 45
>>> TLS 1.2, InnerContent [length 0001]
    16
>>> TLS 1.3, Handshake [length 0034], Finished
    14 00 00 30 51 60 77 b5 6c 68 e8 bf c5 f1 62 f7
    6a bf 78 53 02 17 37 8a f8 cf 8c 1b 0e d1 62 9a
    4e df 4a 0c 20 e2 ae a9 f6 9f 70 44 dd 94 9a f9
    4f b8 36 41
---
Certificate chain
 0 s:CN=server.example
   i:CN=Root CA
   a:PKEY: RSA, 2048 (bit); sigalg: sha256WithRSAEncryption
   v:NotBefore: Jan 14 22:29:46 2016 GMT; NotAfter: Jan 15 22:29:46 2116 GMT
---
Server certificate
-----BEGIN CERTIFICATE-----
MIIDJTCCAg2gAwIBAgIBAjANBgkqhkiG9w0BAQsFADASMRAwDgYDVQQDDAdSb290
IENBMCAXDTE2MDExNDIyMjk0NloYDzIxMTYwMTE1MjIyOTQ2WjAZMRcwFQYDVQQD
DA5zZXJ2ZXIuZXhhbXBsZTCCASIwDQYJKoZIhvcNAQEBBQADggEPADCCAQoCggEB
ANVdYGrf/GHuSKqMEUhDpW22Ul2qmEmxYZI1sfw6BCUMbXn/tNXJ6VwcO+Crs7h9
o95tveDd11q/FEcRQl6mgtBhwX/dE0bmCYUHDvLU/Bpk0gqtIKsga5bwrczEGVNV
3AEdpLPvirRJU12KBRzx3OFEv8XX4ncZV1yXC3XuiENxD8pswbSyUKd3RmxYDxG/
8XYkWq45QrdRZynh0FUwbxfkkeqt+CjCQ2+iZKn7nZiSYkg+6w1PgkqK/z9y7pa1
rqHBmLrvfZB1bf9aUp6r9cB+0IdD24UHBw99OHr90dPuZR3T6jlqhzfuStPgDW71
cKzCvfFu85KVXqnwoWWVk40CAwEAAaN9MHswHQYDVR0OBBYEFMDnhL/oWSczELBS
T1FSLwbWwHrNMB8GA1UdIwQYMBaAFHB/Lq6DaFmYBCMqzes+F80k3QFJMAkGA1Ud
EwQCMAAwEwYDVR0lBAwwCgYIKwYBBQUHAwEwGQYDVR0RBBIwEIIOc2VydmVyLmV4
YW1wbGUwDQYJKoZIhvcNAQELBQADggEBAHvTBEN1ig8RrsT716Ginv4gGNX0LzGI
RrZ1jO7lm5emuaPNYJpGw0iX5Zdo91qGNXPZaZ75X3S55pQTActq3OPEBOll2pyk
iyjz+Zp/v5cfRZLlBbFW5gv2R94eibYr4U3fSn4B0yPcl4xH/l/HzJhGDsSDW8qK
8VIJvmvsPwmL0JMCv+FR59F+NFYZdND/KCXet59WUpF9ICmFCoBEX3EyJXEPwhbi
X2sdPzJbCjx0HLli8e0HUKNttLQxCsBTRGo6iISLLamwN47mGDa9miBADwGSiz2q
YeeuLO02zToHhnQ6KbPXOrQAqcL1kngO4g+j/ru+4AZThFkdkGnltvk=
-----END CERTIFICATE-----
subject=CN=server.example
issuer=CN=Root CA
---
No client certificate CA names sent
Peer signing digest: SHA256
Peer signature type: rsa_pss_rsae_sha256
Negotiated TLS1.3 group: X25519MLKEM768
---
SSL handshake has read 2453 bytes and written 1483 bytes
Verification error: unable to verify the first certificate
---
New, TLSv1.3, Cipher is TLS_AES_256_GCM_SHA384
Protocol: TLSv1.3
Server public key is 2048 bit
This TLS version forbids renegotiation.
Compression: NONE
Expansion: NONE
No ALPN negotiated
Early data was not sent
Verify return code: 21 (unable to verify the first certificate)
---
>>> TLS 1.2, RecordHeader [length 0005]
    17 03 03 00 13
>>> TLS 1.2, InnerContent [length 0001]
    15
>>> TLS 1.3, Alert [length 0002], warning close_notify
    01 00
Connecting to 127.0.0.1
SSL_connect:before SSL initialization
SSL_connect:SSLv3/TLS write client hello
SSL_connect:SSLv3/TLS write client hello
SSL_connect:SSLv3/TLS read server hello
Can't use SSL_get_servername
SSL_connect:TLSv1.3 read encrypted extensions
depth=0 CN=server.example
verify error:num=20:unable to get local issuer certificate
verify return:1
depth=0 CN=server.example
verify error:num=21:unable to verify the first certificate
verify return:1
depth=0 CN=server.example
verify return:1
SSL_connect:SSLv3/TLS read server certificate
SSL_connect:TLSv1.3 read server certificate verify
SSL_connect:SSLv3/TLS read finished
SSL_connect:SSLv3/TLS write change cipher spec
SSL_connect:SSLv3/TLS write finished
DONE
SSL3 alert write:warning:close notify
