CONNECTED(00000003)
>>> TLS 1.0, RecordHeader [length 0005]
    16 03 01 05 76
>>> TLS 1.3, Handshake [length 0576], ClientHello
    01 00 05 72 03 03 7d 56 20 4f 97 29 82 5c a5 a0
    da 0d af 05 2b a6 2d 50 b0 e9 33 20 09 69 c1 68
    a0 ab 63 85 e6 03 20 8e 24 14 57 76 a9 a9 50 0a
    59 f3 7f 63 29 f9 a1 b5 dd 44 b1 75 37 28 3f 54
    97 13 92 e9 6d f6 fc 00 06 13 02 13 03 13 01 01
    00 05 23 00 0b 00 04 03 00 01 02 00 0a 00 06 00
    04 11 ec 00 1d 00 23 00 00 00 16 00 00 00 17 00
    00 00 0d 00 2a 00 28 09 05 09 06 09 04 04 03 05
    03 06 03 08 07 08 08 08 1a 08 1b 08 1c 08 09 08
    0a 08 0b 08 04 08 05 08 06 04 01 05 01 06 01 00
    2b 00 03 02 03 04 00 2d 00 02 01 01 00 33 04 c6
    04 c4 11 ec 04 c0 ea c9 90 74 23 10 fb f4 3c d6
    16 3e 27 37 3a 44 17 cf ff 33 a2 31 47 ab ed 7a
    1e bf ea 9d 82 c8 2b 7f 36 56 01 d5 18 ac 17 37
    33 36 a8 54 a2 5a 61 45 28 a5 c7 80 82 61 4b 33
    6a b7 3a 13 56 b8 fa 75 96 9b 69 6a c5 69 26 02
    19 74 e0 c1 30 01 2a 04 c4 19 31 f8 4e f6 1b 6d
    d7 30 be 60 e1 8f 8d 93 74 d8 b2 6b 78 d8 3b f0
    75 4a 8a 4b af 99 88 a1 0d 23 5b 88 e9 1d 9a 8c
    1f bc 39 9b 5d 7a a9 1f 11 09 f8 a8 6d ef a8 c3
    9d 31 44 50 75 23 81 24 57 64 90 4c 15 71 a4 27
    11 be 2a 2b b8 ab 64 c7 ad db 85 2e 5b 60 bf 20
    b9 e8 a7 34 af 23 67 e0 c4 53 13 0a 2b 85 a9 78
    69 15 6e 1c 4a 45 a0 d1 36 49 08 0c a5 5b bf 15
    e9 a2 6e 43 a8 8c 70 6b ec a5 60 d4 d8 7e 39 3c
    a2 79 b2 36 31 18 a2 57 67 23 ce cc 0d 4a 99 4b
    27 65 94 56 eb 1f 48 f9 98 4d b6 07 d6 51 82 0b
    23 7c b0 70 a0 b3 f9 92 bc 77 a7 01 c4 72 13 fb
    08 a0 67 68 73 d0 22 78 49 84 fb c8 1c 17 3a b9
    65 a8 c1 a9 46 59 8a 25 cd 53 23 4d 92 90 4a f6
    d4 46 57 5a 62 9a 99 53 a3 e9 74 50 87 b6 c5 82
    3b 6a 38 5d 98 c1 a8 7e 95 bf 36 aa 42 7d 2c c4
    ca 19 a6 fe e2 ae 32 83 a3 76 08 26 a0 c8 b7 fb
    b8 1f f2 cc 1d b7 24 c3 e8 85 1b ea ea 54 9f 0b
    00 45 e3 c9 0b 1a 5e a2 10 c4 d6 71 64 ee 22 8b
    e4 d5 a9 f2 a2 92 97 4c 00 75 a5 c2 09 b6 0d 8a
    3a 11 3e 09 cd 92 2a 1d 7d b9 87 e5 53 93 f4 88
    5b 7f 38 54 5c 55 30 31 4b 4a 24 3b 69 50 b8 11
    1a 28 70 fa 35 1e 38 e0 15 b1 a9 5b 58 5b 9b 59
    4c 1b 0a 35 23 e8 b1 22 09 d7 25 98 80 a1 c0 41
    2a 2a 08 b1 de 83 06 b6 45 ad ed d8 3d 21 12 a5
    c3 6b 1f 2c e7 1a 5a 72 47 eb 24 7e d0 25 94 e6
    80 6f 3a 0a 45 48 f2 cf ef 99 6f a9 f2 36 27 a2
    74 b3 aa 8d 3e 46 3f af 14 af a8 06 56 2f a5 5b
    9f d9 ae 2b 31 23 68 95 7f df 98 a1 71 58 10 ca
    26 56 18 3c 1b 0a 5c 49 fe 16 26 7b 6c c0 1c 65
    0d 2c b6 4d 30 11 14 52 03 36 5a 19 02 8c b9 49
    0f 28 38 55 f3 6b 18 92 1c c4 4b 5b 5b 82 27 1a
    fa a8 b0 84 7c 7f 9a 7f b6 e9 59 26 0b cd 1f 01
    1c ed 6a cd b3 89 b7 e8 b7 c7 10 d5 5f e9 a1 55
    56 69 27 24 d9 aa ab 79 b1 80 ab 7c e3 d3 a5 24
    07 ca e5 57 61 59 38 11 2d ca 64 e3 d5 57 7c 6c
    a2 ff 29 8c ce 76 cf 33 d1 37 38 91 7d 7c f8 69
    08 15 88 48 9b 48 82 41 25 a7 53 9a 26 b7 83 81
    14 aa 21 05 7d dc f3 84 e9 54 3e 3f b6 53 42 aa
    4e d2 87 3e 0f 2a cc 25 cc 13 da 21 7d 8d 41 04
    71 74 4f 5d 60 81 d2 f3 48 62 01 a7 37 7a 2f bf
    d1 a0 0d 60 2c e7 77 60 4e 2b 41 db a1 18 b8 d3
    09 ba 50 3b 49 b3 4b 24 cc 8e b4 82 a3 6a 84 4c
    9c 93 0c 65 71 33 d9 a8 55 11 ca 35 c9 95 a7 87
    83 0b f1 eb ab 88 72 bc 3e 56 a7 40 f2 27 66 72
    67 8e 01 5c 86 43 ba 9c 96 44 a0 db 0a 92 a1 29
    6a 15 13 37 0a 2b 93 99 a1 1f 11 cb 75 77 a1 92
    8b 2a 28 36 5f 23 36 ae f1 4b 0d 93 85 68 a6 eb
    ab 4f 18 45 67 80 0d 98 03 98 fa 07 00 70 f8 3d
    b5 a7 92 92 36 78 14 54 cd 8a d0 70 29 a9 57 05
    7a b1 cb e3 c4 2e f5 24 0f 04 0f 78 93 1e 04 e7
    26 22 28 67 0b 94 84 28 a3 0d 32 d1 38 0d c4 9a
    9b 9c 08 99 60 4b 9e 07 57 8f 01 9e fd 31 2f aa
    3c 71 c6 b1 42 de fa a7 dc 82 97 ed 48 70 fb 96
    b6 f5 d7 6e be 01 b9 bb 2a 66 b9 c8 4c 8c 72 b9
    f7 90 06 fe a9 5c 45 a9 29 de c3 b1 69 f2 3e 71
    f3 79 1e 7a 84 76 44 c4 94 4b 34 9a c2 19 bf 81
    42 fc a4 b8 ee 43 5d b0 e6 40 e6 3b 5d 58 f8 2f
    b3 a6 47 ce 25 55 39 39 b1 24 38 4e 00 d8 3d 47
    55 55 81 ba b7 8b 31 10 0c 67 bb 29 47 86 bc 64
    32 48 31 75 e1 1c 46 09 08 26 f7 97 21 11 81 63
    8b 15 1d 3c 65 1c 33 b6 a3 f9 76 0b 0f 2b ce 63
    90 9d a6 d8 34 f4 52 4d ae b2 9e 6d b4 7c cc e6
    76 e1 c5 ca 80 0b 93 95 d3 9f 0a 75 26 5c 04 8f
    7c b2 63 54 16 1f e0 57 ca b5 69 10 23 1c 43 af
    30 2c 34 09 09 e1 e4 66 c7 51 6a f7 a5 7c 91 7a
    3c c1 28 b1 ff 99 93 19 79 1c 80 85 56 7d 37 51
    a6 67 04 83 3b 47 5b 96 e4 5a 47 ce 2d 9a 33 2c
    cd b1 3c 12 a3 ae 61 ac 20 ae 3d 8b a3 e1 83 d0
    cd d7 5c f1 cd 5e dc 9d 6d b9 6f ec 9b 16 e7 62
    18 af a0 9d 90 5b ac e8 aa b1 97 a9 ad 10 1b 09
    df 02 42 d3 af 62
<<< TLS 1.2, RecordHeader [length 0005]
    16 03 03 04 ba
<<< TLS 1.3, Handshake [length 04ba], ServerHello
    02 00 04 b6 03 03 ff 9c 9a 39 43 25 e1 f2 f3 38
    06 f9 f4 06 3a 94 be d3 d0 38 92 61 e0 2c 05 49
    53 d6 25 0a 47 62 20 8e 24 14 57 76 a9 a9 50 0a
    59 f3 7f 63 29 f9 a1 b5 dd 44 b1 75 37 28 3f 54
    97 13 92 e9 6d f6 fc 13 01 00 04 6e 00 33 04 64
    11 ec 04 60 b6 fc c7 5a 5a 39 8d ba cc c3 d4 6e
    bb f4 dd 0c c9 c0 c8 45 dc 99 8a c3 47 c4 4a fe
    59 bd 9f 59 ff ae e7 a4 05 15 9d 95 67 8f 64 18
    c4 b9 bc 6d ba 31 30 f3 65 cb 5b a5 98 49 14 a0
    1c 5c ac 02 bb 02 e7 0a 0a f3 35 28 61 14 80 72
    4b 36 46 32 ec 54 43 a2 f2 6e e3 1c 50 3b d2 c6
    79 2e d3 80 a3 6c e2 b6 52 95 18 2d ab 3b b2 23
    5f 37 e9 a9 e5 ff d7 89 ae 6c 06 ee fb 43 07 00
    67 c7 0b 20 f4 33 13 dd ce f7 e7 b8 78 e3 38 a7
    cc e8 37 2e 9d c9 20 e2 f7 65 97 29 b2 c9 b4 a3
    ad a9 d5 a8 be 5b 74 67 44 27 7f 0b 2e 37 3f a4
    dc 7b 82 7c 50 e5 a0 1c 04 45 cb 59 bc fa 55 58
    ce bc 01 f5 a7 10 06 39 14 68 2e 6c f6 76 e5 e9
    79 e2 e3 90 ff 4e c7 4e f1 03 ec 74 54 a9 1a 52
    29 27 c0 3e 84 fa cd 70 b1 89 da cf f4 89 a5 06
    3c 36 fa 46 d9 06 5a 7a 1c 64 21 78 83 a1 51 03
    07 66 0e c8 aa 66 94 7a bf c2 ae 11 3a b7 e0 12
    72 f1 8b 0e f4 4d fc ae 7a a6 b6 96 16 39 59 a0
    3d 88 9c 92 f3 7c b6 46 99 a4 03 3f 1d 79 2f 00
    42 92 87 f1 4f 2a 23 54 42 cd ea 05 1c 36 71 11
    91 63 15 63 c0 f6 fe 58 3e 9a 68 87 83 ed 38 cd
    42 65 30 e8 a3 00 6e 01 04 90 96 ad b5 46 5e e3
    5c fa ba 34 65 08 28 20 7a 18 c8 0f d3 37 cf 6a
    df eb 27 17 87 a0 3f 3f 90 02 8a b1 56 25 27 a5
    32 92 44 c5 b8 a7 b5 7e 74 72 02 7d 9e 92 1a 63
    66 6d 97 81 0b 7f ec d4 dd b4 42 2d 11 40 21 d0
    fb be 4d 3d 71 24 ee 9f 33 0a cf 60 82 fb cf 87
    c7 6f 71 c5 c4 9e 13 2d 48 aa 0e cf 27 eb fe c9
    86 d5 ce ba 0d 3a bb 50 54 16 d8 04 2f 17 15 35
    a1 a9 d2 cc fd 20 f2 5d eb 7f 3d 44 32 14 02 60
    95 2e 87 27 3b d7 3f 22 04 41 92 70 b4 39 b9 44
    b8 4c 57 91 74 7d 66 77 84 23 78 63 aa 53 a0 22
    b1 09 d0 76 43 e8 70 9c 51 be 8a 9f fc 08 c2 a3
    28 73 c2 84 33 59 3d a5 75 f1 d9 19 0d 64 58 04
    a0 ed 67 0a 1c 10 7c 16 87 fc 5b b7 b2 9a ed 66
    46 3b c8 ce 62 7f f3 2f b7 0f 30 15 c4 d2 94 4e
    04 15 0e 17 cf c9 37 db 4c 84 13 48 e9 c2 b7 8f
    1f f8 43 46 ac 93 11 01 d7 9b 37 54 69 94 ba e6
    a2 6c 2d 17 92 01 d3 be 7a 4f c9 b7 fb 66 79 69
    8e 8a 26 37 71 60 d5 ee 9b bd 3b 3b 3b 49 c9 36
    4c 5c 72 f6 cb 3a ef d7 40 da 14 1c 63 c8 33 4b
    14 d8 ba 0a 41 37 b5 a8 01 71 55 82 e3 04 4d 9b
    6f 5f ef f6 75 9d 21 72 52 0d 24 7d 01 48 38 9a
    32 e3 ab ac c0 49 35 77 41 9b ba 40 fe d9 59 3a
    9d 8a da ca 9c 4f 63 9d 5a e8 7c fc f3 f9 30 68
    cd e0 fa b8 8e ee 49 00 16 58 1e c1 5c bd 82 73
    12 a8 6c 30 64 fc 95 54 18 d1 a9 8f d7 3c 5a cd
    d8 85 78 29 f2 e9 d1 7f 97 57 a4 a2 72 92 8e e3
    ae 14 6a fe 8a 3a 58 e4 bd 48 52 8c 4d cc 73 25
    7f 58 ee 04 8b 69 fd 37 bc ff 0e dc 56 7b c7 ca
    f9 1f 1f 48 b2 ed 97 97 9d e2 82 10 4b 2c 22 c0
    6b 93 1d a9 d7 b9 70 68 a7 6d 58 45 29 46 74 69
    42 36 64 ec 41 48 07 0c 70 21 1c 65 a6 4a f8 fb
    4f 78 b2 8d b9 aa 19 5a 0e d6 4a 5c 0f 17 59 3d
    a7 47 16 ea 8b 7d a6 25 b3 74 f5 5d f5 0d 7e aa
    81 88 db c4 f5 59 e1 b5 be 83 b3 0f 9f b5 0b 5e
    76 51 2d 76 ed b2 c7 a3 a6 64 9d 0e e4 c3 ae c5
    ab 0c 1d aa 5f a3 6a a7 51 48 49 bf 33 8e 1a 92
    35 a7 4c 72 85 22 ab aa 71 be 65 ee a8 e1 c0 0b
    47 82 78 3e 6f e1 94 c7 68 fd 12 01 32 db e6 69
    5d 46 57 8f 9d f5 d0 21 0b 16 69 d3 26 df 87 33
    06 ee d8 bf 58 e1 89 a9 2c 74 94 2b 72 2d dc d9
    65 98 07 49 3e 5e 5b af e2 b4 5d 22 78 8f 66 e3
    3c 88 d8 a1 25 1f 14 bd e2 cc 6f a8 55 4e 83 1d
    08 29 25 76 e9 68 17 8c 87 f2 9e d0 d6 28 0e d3
    35 be 93 ac 56 68 e9 5e f5 c5 91 4d fe c1 04 72
    ea 8a 5c f1 3d e2 8f 2f de 10 2d 4e 05 32 10 55
    c2 34 98 88 61 6e 72 b4 29 33 fe 00 b0 f3 d9 73
    78 f8 31 12 71 2e ac d5 67 37 25 48 5c 1c b9 ab
    01 39 94 f6 6c 3a d7 5b 73 09 7d 66 8c 0c d0 0b
    b1 50 8c 65 00 2b 00 02 03 04
<<< TLS 1.2, RecordHeader [length 0005]
    14 03 03 00 01
<<< TLS 1.3, ChangeCipherSpec [length 0001]
    01
<<< TLS 1.2, RecordHeader [length 0005]
    17 03 03 04 83
<<< TLS 1.3, InnerContent [length 0001]
    16
<<< TLS 1.3, Handshake [length 0010], EncryptedExtensions
    08 00 00 0c 00 0a 00 0a 00 06 00 04 11 ec 00 1d
<<< TLS 1.3, Handshake [length 0336], Certificate
    0b 00 03 32 00 00 03 2e 00 03 29 30 82 03 25 30
    82 02 0d a0 03 02 01 02 02 01 02 30 0d 06 09 2a
    86 48 86 f7 0d 01 01 0b 05 00 30 12 31 10 30 0e
    06 03 55 04 03 0c 07 52 6f 6f 74 20 43 41 30 20
    17 0d 31 36 30 31 31 34 32 32 32 39 34 36 5a 18
    0f 32 31 31 36 30 31 31 35 32 32 32 39 34 36 5a
    30 19 31 17 30 15 06 03 55 04 03 0c 0e 73 65 72
    76 65 72 2e 65 78 61 6d 70 6c 65 30 82 01 22 30
    0d 06 09 2a 86 48 86 f7 0d 01 01 01 05 00 03 82
    01 0f 00 30 82 01 0a 02 82 01 01 00 d5 5d 60 6a
    df fc 61 ee 48 aa 8c 11 48 43 a5 6d b6 52 5d aa
    98 49 b1 61 92 35 b1 fc 3a 04 25 0c 6d 79 ff b4
    d5 c9 e9 5c 1c 3b e0 ab b3 b8 7d a3 de 6d bd e0
    dd d7 5a bf 14 47 11 42 5e a6 82 d0 61 c1 7f dd
    13 46 e6 09 85 07 0e f2 d4 fc 1a 64 d2 0a ad 20
    ab 20 6b 96 f0 ad cc c4 19 53 55 dc 01 1d a4 b3
    ef 8a b4 49 53 5d 8a 05 1c f1 dc e1 44 bf c5 d7
    e2 77 19 57 5c 97 0b 75 ee 88 43 71 0f ca 6c c1
    b4 b2 50 a7 77 46 6c 58 0f 11 bf f1 76 24 5a ae
    39 42 b7 51 67 29 e1 d0 55 30 6f 17 e4 91 ea ad
    f8 28 c2 43 6f a2 64 a9 fb 9d 98 92 62 48 3e eb
    0d 4f 82 4a 8a ff 3f 72 ee 96 b5 ae a1 c1 98 ba
    ef 7d 90 75 6d ff 5a 52 9e ab f5 c0 7e d0 87 43
    db 85 07 07 0f 7d 38 7a fd d1 d3 ee 65 1d d3 ea
    39 6a 87 37 ee 4a d3 e0 0d 6e f5 70 ac c2 bd f1
    6e f3 92 95 5e a9 f0 a1 65 95 93 8d 02 03 01 00
    01 a3 7d 30 7b 30 1d 06 03 55 1d 0e 04 16 04 14
    c0 e7 84 bf e8 59 27 33 10 b0 52 4f 51 52 2f 06
    d6 c0 7a cd 30 1f 06 03 55 1d 23 04 18 30 16 80
    14 70 7f 2e ae 83 68 59 98 04 23 2a cd eb 3e 17
    cd 24 dd 01 49 30 09 06 03 55 1d 13 04 02 30 00
    30 13 06 03 55 1d 25 04 0c 30 0a 06 08 2b 06 01
    05 05 07 03 01 30 19 06 03 55 1d 11 04 12 30 10
    82 0e 73 65 72 76 65 72 2e 65 78 61 6d 70 6c 65
    30 0d 06 09 2a 86 48 86 f7 0d 01 01 0b 05 00 03
    82 01 01 00 7b d3 04 43 75 8a 0f 11 ae c4 fb d7
    a1 a2 9e fe 20 18 d5 f4 2f 31 88 46 b6 75 8c ee
    e5 9b 97 a6 b9 a3 cd 60 9a 46 c3 48 97 e5 97 68
    f7 5a 86 35 73 d9 69 9e f9 5f 74 b9 e6 94 13 01
    cb 6a dc e3 c4 04 e9 65 da 9c a4 8b 28 f3 f9 9a
    7f bf 97 1f 45 92 e5 05 b1 56 e6 0b f6 47 de 1e
    89 b6 2b e1 4d df 4a 7e 01 d3 23 dc 97 8c 47 fe
    5f c7 cc 98 46 0e c4 83 5b ca 8a f1 52 09 be 6b
    ec 3f 09 8b d0 93 02 bf e1 51 e7 d1 7e 34 56 19
    74 d0 ff 28 25 de b7 9f 56 52 91 7d 20 29 85 0a
    80 44 5f 71 32 25 71 0f c2 16 e2 5f 6b 1d 3f 32
    5b 0a 3c 74 1c b9 62 f1 ed 07 50 a3 6d b4 b4 31
    0a c0 53 44 6a 3a 88 84 8b 2d a9 b0 37 8e e6 18
    36 bd 9a 20 40 0f 01 92 8b 3d aa 61 e7 ae 2c ed
    36 cd 3a 07 86 74 3a 29 b3 d7 3a b4 00 a9 c2 f5
    92 78 0e e2 0f a3 fe bb be e0 06 53 84 59 1d 90
    69 e5 b6 f9 00 00
<<< TLS 1.3, Handshake [length 0108], CertificateVerify
    0f 00 01 04 08 04 01 00 b6 0a c7 47 32 12 5a 90
    29 5b ca 9d a6 b1 7f 58 29 3f 93 3f 9b 01 c8 5d
    d4 df 5d 3b 6a f4 34 96 bb 3a 9f 86 d3 b3 3c 08
    c3 cd 2b 90 1d 50 94 35 4b 91 a5 24 32 b3 24 b2
    f0 76 ba d8 e5 1f 03 12 0e fa ef 54 97 75 cc 69
    8c f6 10 30 dd 3a c2 12 23 9e 01 e3 5b a2 b6 d7
    db f7 ba 5c 5c 92 e2 a0 a7 16 51 fb 86 49 b6 4d
    34 77 d1 49 1e b8 2e 65 da be 7b 7e ad 0c a8 dd
    a7 da e4 8b df 74 27 b4 40 d9 7b f6 d6 cd 1e 8b
    69 c9 af 36 84 36 1a 20 c7 bb 4d 66 d2 62 b4 52
    54 6e 6c d7 f6 1f 1d 54 4e 8e 83 cc ff 67 4d cf
    74 db bb 9c 2e 5c 36 dd 30 fb 1e 2c 46 9c 57 ae
    c2 e4 6d 9f 6b 7c e1 ee 36 d1 ed 00 d4 0a 85 6a
    54 20 6e 39 c1 1d 17 bb c7 c3 e2 5d 57 10 d7 c4
    a7 db 5f 3f 6f 9c bd 18 e2 7f 8a ec 6d a6 b9 38
    bf 3e 82 40 94 4b 34 9a f7 ce ef 99 de 22 9d 90
    b5 4b b8 15 c2 36 9a 6b
<<< TLS 1.3, Handshake [length 0024], Finished
    14 00 00 20 48 30 7c 42 15 b5 a3 14 18 ef 82 6a
    7a a3 5c ee 2a 41 3d 0d 05 ad 93 29 ac f7 c0 fc
    42 03 2f a7
>>> TLS 1.2, RecordHeader [length 0005]
    14 03 03 00 01
>>> TLS 1.3, ChangeCipherSpec [length 0001]
    01
>>> TLS 1.2, RecordHeader [length 0005]
    17 03 03 00 35
>>> TLS 1.2, InnerContent [length 0001]
    16
>>> TLS 1.3, Handshake [length 0024], Finished
    14 00 00 20 4f 9f 0d 4b d8 55 e9 f2 e1 39 1f bb
    e4 6b 05 d0 29 58 08 32 53 2c ed 69 f7 03 40 31
    58 08 86 a8
---
Certificate chain
 0 s:CN=server.example
   i:CN=Root CA
   a:PKEY: RSA, 2048 (bit); sigalg: sha256WithRSAEncryption
   v:NotBefore: Jan 14 22:29:46 2016 GMT; NotAfter: Jan 15 22:29:46 2116 GMT
---
Server certificate
-----BEGIN CERTIFICATE-----
MIIDJTCCAg2gAwIBAgIBAjANBgkqhkiG9w0BAQsFADASMRAwDgYDVQQDDAdSb290
IENBMCAXDTE2MDExNDIyMjk0NloYDzIxMTYwMTE1MjIyOTQ2WjAZMRcwFQYDVQQD
DA5zZXJ2ZXIuZXhhbXBsZTCCASIwDQYJKoZIhvcNAQEBBQADggEPADCCAQoCggEB
ANVdYGrf/GHuSKqMEUhDpW22Ul2qmEmxYZI1sfw6BCUMbXn/tNXJ6VwcO+Crs7h9
o95tveDd11q/FEcRQl6mgtBhwX/dE0bmCYUHDvLU/Bpk0gqtIKsga5bwrczEGVNV
3AEdpLPvirRJU12KBRzx3OFEv8XX4ncZV1yXC3XuiENxD8pswbSyUKd3RmxYDxG/
8XYkWq45QrdRZynh0FUwbxfkkeqt+CjCQ2+iZKn7nZiSYkg+6w1PgkqK/z9y7pa1
rqHBmLrvfZB1bf9aUp6r9cB+0IdD24UHBw99OHr90dPuZR3T6jlqhzfuStPgDW71
cKzCvfFu85KVXqnwoWWVk40CAwEAAaN9MHswHQYDVR0OBBYEFMDnhL/oWSczELBS
T1FSLwbWwHrNMB8GA1UdIwQYMBaAFHB/Lq6DaFmYBCMqzes+F80k3QFJMAkGA1Ud
EwQCMAAwEwYDVR0lBAwwCgYIKwYBBQUHAwEwGQYDVR0RBBIwEIIOc2VydmVyLmV4
YW1wbGUwDQYJKoZIhvcNAQELBQADggEBAHvTBEN1ig8RrsT716Ginv4gGNX0LzGI
RrZ1jO7lm5emuaPNYJpGw0iX5Zdo91qGNXPZaZ75X3S55pQTActq3OPEBOll2pyk
iyjz+Zp/v5cfRZLlBbFW5gv2R94eibYr4U3fSn4B0yPcl4xH/l/HzJhGDsSDW8qK
8VIJvmvsPwmL0JMCv+FR59F+NFYZdND/KCXet59WUpF9ICmFCoBEX3EyJXEPwhbi
X2sdPzJbCjx0HLli8e0HUKNttLQxCsBTRGo6iISLLamwN47mGDa9miBADwGSiz2q
YeeuLO02zToHhnQ6KbPXOrQAqcL1kngO4g+j/ru+4AZThFkdkGnltvk=
-----END CERTIFICATE-----
subject=CN=server.example
issuer=CN=Root CA
---
No client certificate CA names sent
Peer signing digest: SHA256
Peer signature type: rsa_pss_rsae_sha256
Negotiated TLS1.3 group: X25519MLKEM768
---
SSL handshake has read 2381 bytes and written 1467 bytes
Verification error: unable to verify the first certificate
---
New, TLSv1.3, Cipher is TLS_AES_128_GCM_SHA256
Protocol: TLSv1.3
Server public key is 2048 bit
This TLS version forbids renegotiation.
Compression: NONE
Expansion: NONE
No ALPN negotiated
Early data was not sent
Verify return code: 21 (unable to verify the first certificate)
---
>>> TLS 1.2, RecordHeader [length 0005]
    17 03 03 00 13
>>> TLS 1.2, InnerContent [length 0001]
    15
>>> TLS 1.3, Alert [length 0002], warning close_notify
    01 00
Connecting to 127.0.0.1
SSL_connect:before SSL initialization
SSL_connect:SSLv3/TLS write client hello
SSL_connect:SSLv3/TLS write client hello
SSL_connect:SSLv3/TLS read server hello
Can't use SSL_get_servername
SSL_connect:TLSv1.3 read encrypted extensions
depth=0 CN=server.example
verify error:num=20:unable to get local issuer certificate
verify return:1
depth=0 CN=server.example
verify error:num=21:unable to verify the first certificate
verify return:1
depth=0 CN=server.example
verify return:1
SSL_connect:SSLv3/TLS read server certificate
SSL_connect:TLSv1.3 read server certificate verify
SSL_connect:SSLv3/TLS read finished
SSL_connect:SSLv3/TLS write change cipher spec
SSL_connect:SSLv3/TLS write finished
DONE
SSL3 alert write:warning:close notify
