CONNECTED(00000003)
>>> TLS 1.0, RecordHeader [length 0005]
    16 03 01 05 76
>>> TLS 1.3, Handshake [length 0576], ClientHello
    01 00 05 72 03 03 71 84 f5 30 46 8a 00 51 57 13
    ac 10 df 1e 17 54 e6 4e 9b fd 57 81 1f 47 59 0b
    8d ad 5f 65 5d f8 20 40 e8 78 49 29 e2 83 6f 5a
    6d 35 71 bd 9c 61 42 20 07 fd 17 db 8a c0 e4 d7
    ee b6 07 39 f6 be cb 00 06 13 02 13 03 13 01 01
    00 05 23 00 0b 00 04 03 00 01 02 00 0a 00 06 00
    04 11 ec 00 1d 00 23 00 00 00 16 00 00 00 17 00
    00 00 0d 00 2a 00 28 09 05 09 06 09 04 04 03 05
    03 06 03 08 07 08 08 08 1a 08 1b 08 1c 08 09 08
    0a 08 0b 08 04 08 05 08 06 04 01 05 01 06 01 00
    2b 00 03 02 03 04 00 2d 00 02 01 01 00 33 04 c6
    04 c4 11 ec 04 c0 79 da 88 0e 64 90 f9 d1 b6 a7
    29 8c 12 37 57 e6 76 10 1e 79 35 3e b9 23 21 5b
    6a 9d 29 b9 e4 64 41 5f 27 ad 02 e6 b7 99 80 9f
    94 cb 38 28 da c6 3f 09 4a 6b 81 25 04 c9 90 a7
    4c 88 05 17 03 0e ca 93 24 77 14 84 86 b7 21 f1
    39 dd a5 62 d8 f4 a4 85 db 6f 24 a9 4c 33 f3 4d
    ad b3 a4 28 b6 8d 1e 49 b1 87 f3 ab 7d 16 a2 a6
    02 19 d3 33 a0 9c d5 ba 2d f5 33 a8 f6 a4 51 45
    c2 17 88 57 e9 37 aa 81 08 9c 39 a9 cd 9f 14 cc
    ce 75 49 a9 a1 7b 03 e0 6b cf c5 7a 01 08 04 26
    88 3d 54 e5 bc 31 04 a7 e0 2a cd ae 39 9f 87 e5
    04 df ab cb c8 71 37 94 05 7c 83 18 16 81 b1 47
    7e 99 98 34 4b 6d 17 f1 2d 0b 01 ab 0e db 10 37
    c0 4a 1a 96 22 62 f4 9a bf 00 22 f1 d8 36 65 0b
    24 03 1c 4a ed 69 47 fc 85 9b 06 f1 71 98 41 22
    ae b0 27 2b 87 5e d4 c6 6c 8b 2a 6d 90 d7 0c 4a
    38 4a 4a 2c 41 e8 15 92 cc 7a 17 65 51 ca e9 60
    b2 90 ca 17 78 35 9b e3 69 a0 41 ea 7b fc b8 80
    80 a8 7a a8 e9 33 00 61 8a 67 45 33 bf d4 29 71
    9b 2a b7 18 7e 64 89 2d 4b b3 af 04 45 8b f7 69
    41 4a 4c 4b aa 72 75 38 60 b3 e3 15 3e 0e 51 c4
    63 20 6f bf 4a 06 4b eb 16 36 2b a0 c3 d4 7f ae
    bc b4 e2 27 cc 16 06 17 01 99 67 31 23 7e 8e d0
    4f e8 7c 00 70 b8 2f 21 3b 53 f0 ea 52 d1 a4 39
    fe 35 88 22 ea c2 3f ca bd 70 cb af c4 c3 1b 93
    e8 12 a2 16 c0 0b 36 59 a5 54 7d 95 f8 90 1f ec
    71 a6 a2 88 fc 97 53 6b cb 7d 41 1b 8a 1a 6c 19
    b6 c7 ca ac bb 81 32 f7 b0 28 8a 7a 4f b4 1b d1
    ec 0a d9 59 44 ea 43 63 60 35 10 0d 1a 5f 14 0c
    63 e7 d5 ab 41 09 d0 39 79 4a e4 e0 c9 cc f9 8a
    93 a0 02 48 23 8c 3d c4 5a a8 23 4a 3a 63 c0 82
    b0 c1 47 a9 87 6c c4 b4 dc d2 33 a2 e8 6f 0e 84
    b6 45 65 4c ed 37 6f 94 79 26 75 b9 1b 1a 3a 8a
    0a f6 1c 49 41 7c 3b cb 44 d7 2b cc ab 51 2d ba
    d4 ce af 18 97 4e 29 87 6b 04 2a 12 00 4e 13 a2
    4a 33 f9 75 f6 e1 8e ca 4a 2d ee a4 53 87 c6 cf
    5c 58 97 e7 b1 8b cc 31 90 a9 11 78 24 59 c8 f2
    53 84 e1 35 ab b5 b5 a5 47 42 82 0a 48 47 9e 53
    87 98 f9 26 6e 39 c8 2f a9 69 79 3b 47 cf c1 3a
    b1 51 1c d2 a7 64 51 7b 83 51 6b 90 59 5a b1 1e
    d7 c4 e8 63 c4 43 17 0a 10 ba 61 7b f8 6d 62 19
    3e f2 29 30 62 43 0f 0d 8b ab 69 62 48 84 06 a4
    ed e9 81 35 17 39 47 49 bf dc d6 ab fd b9 6b c1
    87 b4 91 68 a9 3a 3c 30 dd 97 c3 6a 62 47 f4 42
    ce be e5 32 33 ca 98 69 15 41 09 0b 8e da 81 63
    b3 26 8f 7c 1c a5 13 4a 9a af 42 25 98 e4 ce a7
    0c 39 5b f1 33 dd 66 32 5e 46 22 e5 c0 35 7b cb
    5c 99 d1 53 f4 91 6d c4 07 93 12 0b 20 87 18 be
    0e c1 9f bd f9 37 5f ac 4f 7a 6a 7a 05 e7 14 d0
    91 2e 1c 3c 69 58 88 c0 33 e1 89 60 92 74 04 b6
    9d 9a 9a 09 7e 29 77 0b d1 93 4d da 31 97 e9 5a
    fa 48 5f 83 28 cd 49 6a 4b 78 27 98 5d 47 1b 82
    0b 00 5d f6 7a a2 ab 03 c2 31 3a da 95 c9 9d 10
    c4 20 e5 c7 18 97 3a 75 06 25 95 83 93 08 15 b3
    4d 34 b6 e6 e5 0c aa f6 1a ad 9b 51 f5 a4 b0 5c
    f9 a4 6f 39 51 c0 6a 40 78 4b 4a c5 93 cc e6 e9
    85 4c 1c ce b0 36 5f 6f d2 27 1e 71 21 68 75 ce
    bf e6 5a a0 b2 55 e3 0a b6 70 22 ba 41 00 d0 fc
    b2 32 1f 82 20 d0 99 bc 70 d7 5e 99 68 cc ea 48
    65 ee 38 28 72 c5 16 4b 18 48 ed f1 2e 0f d5 0e
    5e 38 ad 33 c4 8f c4 15 99 8d 24 89 72 d9 0d e8
    09 73 33 06 b5 9f 4b 80 55 7b c4 dd 40 b3 2a 3a
    63 59 7b 3a 2c 7a b0 f2 16 a9 8d 98 37 1e 6b 26
    d4 6b 45 8c 34 0e c1 69 bc 2b 76 02 05 96 60 4b
    f3 05 67 71 b5 98 5c 06 af 00 1d d8 a1 9b f5 e7
    c7 92 f5 55 ca a0 04 93 a5 b2 53 21 3b 04 25 a4
    83 57 2d fd e4 3d 20 38 20 91 7a 01 c7 6c a2 13
    20 c1 38 14 4b 2a 28 35 a9 89 ca 23 62 54 c2 cb
    79 92 da 16 69 f9 b0 2f 9a a9 78 cc 3e 73 b3 15
    a4 d2 1e fd 62 45 49 b8 06 59 65 3d 6c 5a 47 45
    85 0d b5 20 c7 2d 69 2a 92 cb b3 26 43 ce ec 6a
    a3 6e 78 ba 6b 20 9b d8 32 24 56 73 17 7d 20 95
    7d 8a 98 21 c1 57 27 47 2a 58 4a 11 c2 39 63 9b
    ff b5 55 f1 e8 91 da f2 57 a4 18 47 99 9c 7a f8
    b7 6d 69 06 b0 ed ed 3c 05 00 a9 4c 13 f1 3c 45
    92 a0 6a d7 29 0c a9 3e 1f 21 1f bb 12 d9 2f 25
    2f 01 df 02 e9 15
<<< TLS 1.2, RecordHeader [length 0005]
    16 03 03 04 ba
<<< TLS 1.3, Handshake [length 04ba], ServerHello
    02 00 04 b6 03 03 47 55 04 86 df 91 86 b0 fc 5c
    45 24 32 2a bf 74 00 33 79 0d 49 46 fd 25 a4 0f
    57 fb bf 41 31 91 20 40 e8 78 49 29 e2 83 6f 5a
    6d 35 71 bd 9c 61 42 20 07 fd 17 db 8a c0 e4 d7
    ee b6 07 39 f6 be cb 13 02 00 04 6e 00 2b 00 02
    03 04 00 33 04 64 11 ec 04 60 ec 26 43 ab ec 0f
    f3 ce 2c e8 d7 2d 56 13 bf 8f 10 47 83 05 ac 4d
    48 cd 24 96 ad f6 48 a5 3d 7e 4e ef b4 b3 0d 4e
    af 40 f1 d7 a9 d7 bc 15 14 a3 84 0e e4 5b fc 6f
    be 35 cf 0c c5 ae cd c9 3a cc 0a 52 93 16 29 f6
    0e 11 e7 07 bf 3b 18 48 a6 91 0c ba 71 b0 c8 ed
    ff e6 7c cd c7 58 38 57 36 78 94 a4 99 96 73 ad
    b1 d6 25 f8 76 92 d8 bd f6 e7 85 b6 c8 bc af e4
    c7 f8 66 d1 8e 47 03 da fd f8 ba b0 13 47 34 37
    c1 2e 84 39 55 71 b4 6e 97 a6 3b 7d 9e 92 5b b6
    c3 ce e3 06 70 f5 6e 54 80 d2 d6 e8 2b cb 4d bd
    d3 12 11 d3 3a 32 97 11 2b c9 ae 04 ae 0c 3d db
    65 11 55 5c f2 26 c4 4a 79 47 66 8e b7 60 ba 08
    15 fc e1 e9 ac 8c 18 ff 12 bc 54 84 b4 2a ab 7d
    43 39 51 be 8a 8e 03 4a ac 5e 4e e6 8c e2 b4 fa
    a2 9c 2c 8a 07 6e 01 32 e5 94 23 7b 75 ac f1 6c
    15 22 65 b7 74 02 e3 c4 a7 ec e2 8f 5f 5a 38 f0
    ba f6 af 96 8e d9 28 a7 62 74 e4 0b c2 64 46 3f
    77 2a d5 3e 4c d3 c6 aa 82 16 57 3e 90 68 51 46
    41 cf 11 44 2f 9e b4 a9 83 9d c3 02 ac ac 88 81
    ba ab 71 70 34 dd 0c cc 28 d6 5a 81 72 29 b0 a9
    1d ad 6d 0a 31 59 1f f1 b6 b3 f8 3b c0 26 16 2c
    48 d7 62 73 a0 58 3b bd 17 66 7e 0a 2c ae 73 99
    16 c6 0f d2 5d 36 a2 bd 10 d9 02 e0 2f ad bd 14
    a5 c6 db eb 21 72 fa e9 d9 d2 16 80 86 87 0f 93
    ee b0 91 5e 27 61 69 0c 53 94 36 ea 7d 84 28 54
    33 0b 73 50 c2 ea e8 97 f4 d9 d4 92 c6 82 ff 28
    89 63 d5 24 a3 85 63 5a 6a e9 48 20 79 16 76 ba
    d2 b0 ba 9a 5a e9 45 21 17 16 66 73 79 cd e8 53
    01 a0 0e 06 fc 1f c2 9f b4 46 f9 41 8e 90 76 cd
    91 68 ab c6 85 bd 65 55 af 3c fb f3 07 d1 08 1e
    63 61 c2 e9 86 48 d4 4f f9 ac 67 a0 28 d7 f4 69
    c2 37 ec 26 d1 2c db 92 4e 60 85 5d f6 7f 5a 11
    71 a6 2b d4 82 45 7b e0 8a a5 75 d0 10 af 74 50
    c6 88 75 b0 e1 e7 8f 16 e4 32 b8 c0 dd 80 f5 4c
    93 14 ee 24 19 f6 25 a0 3f d8 dd 46 9b 43 14 de
    eb 17 94 ed ab 8b b2 6d c2 0b 48 69 b6 a0 02 32
    11 e0 b2 a8 bb ff b2 f7 5f 57 29 21 ef 42 1f 3d
    b9 8f cf 8e 56 9d 67 e6 47 cb 69 e9 13 6e 78 9e
    f4 08 ec 57 4b 52 9b e0 16 85 32 84 af 9d 99 16
    95 84 7d 2e 95 31 d9 08 3f 14 95 4b bd 65 a9 e1
    e8 5d 92 e7 38 16 0a 3d 07 4d 16 df b5 97 12 e8
    96 36 ca 87 26 7e 68 5c 21 6c 29 a0 18 d7 3e 4d
    7e e0 4e de 5e 21 12 0e 3d 1a 23 9e 5a bf 19 3d
    dc 92 9f 56 4a 8e e1 4c a7 c0 94 3a 04 ef c6 b0
    9d 75 b4 37 92 79 b8 3d 13 bc 92 66 56 ff 2f ef
    01 6e c7 76 5f ac fe 39 ee 53 70 99 67 14 dd 12
    fc e3 c1 6f 30 a6 21 ad b9 07 02 9d 44 b5 16 c9
    66 17 eb 5c 36 c8 5c 36 03 16 b0 3c d6 00 d6 8a
    15 d2 6b 5a e9 f0 53 2e 67 9f 71 09 bc a6 49 2e
    0a 17 76 68 2a 99 a9 58 41 a6 65 92 f8 4b c6 c5
    2c f5 c0 b1 38 13 25 6f 2a ff 82 bd f6 70 b5 b2
    bc d1 c9 2a 93 f7 b0 5b c6 11 a3 01 06 b4 b8 55
    3a f0 17 ce 54 bd e7 3e c5 55 fd e3 4b 68 7f 50
    16 45 fd 65 91 0a de 36 e2 69 15 af 63 1b b1 91
    42 bb 5d 6a 2f 3d 6e 04 f5 b7 49 86 1c 52 3b 08
    88 83 8a 46 e0 1b 2a ce 2f 47 8c 3e fd 87 ef 1b
    f7 bb 9b 32 0c f2 30 84 4a e3 05 7a f4 51 bb df
    4a 68 22 e0 c5 02 b7 08 eb f9 b6 01 e1 55 8c 37
    d5 52 b9 33 25 d7 88 63 cb 8f 1b e9 3d 80 d1 b5
    dc 6e 0b 15 b2 54 4f 7d e6 f8 93 f5 f8 ff 92 06
    e8 a1 a5 4d 49 9c 23 b4 3f b0 42 d5 30 70 7b 2e
    c9 2f 89 fc 16 f4 0c 7c a7 0b 5f a0 ae 26 b0 2c
    9a fa f3 47 72 40 4d 9e 79 88 f6 2b fa 88 12 0b
    db c3 54 ef ca 10 63 fe 4c 97 6a dd 1e 9e 74 7c
    95 81 e9 38 e4 21 8f 90 62 3b 10 ef ff 12 cb 21
    3d f0 6f 74 10 ed 48 27 7f e2 02 29 2c 87 1a bc
    8c f5 00 29 46 dc 13 0d e7 bd 49 43 38 17 f3 47
    ba 93 fc e6 8a 27 b1 2b cb 5d 52 b1 d6 ec 00 56
    f5 f2 13 87 d7 50 68 34 c5 14 66 40 1e f6 a1 8a
    e3 55 2b 2e 1c 12 fe b2 59 6f
<<< TLS 1.2, RecordHeader [length 0005]
    14 03 03 00 01
<<< TLS 1.3, ChangeCipherSpec [length 0001]
    01
<<< TLS 1.2, RecordHeader [length 0005]
    17 03 03 00 17
<<< TLS 1.3, InnerContent [length 0001]
    16
<<< TLS 1.3, Handshake [length 0006], EncryptedExtensions
    08 00 00 02 00 00
<<< TLS 1.2, RecordHeader [length 0005]
    17 03 03 03 47
<<< TLS 1.3, InnerContent [length 0001]
    16
<<< TLS 1.3, Handshake [length 0336], Certificate
    0b 00 03 32 00 00 03 2e 00 03 29 30 82 03 25 30
    82 02 0d a0 03 02 01 02 02 01 02 30 0d 06 09 2a
    86 48 86 f7 0d 01 01 0b 05 00 30 12 31 10 30 0e
    06 03 55 04 03 0c 07 52 6f 6f 74 20 43 41 30 20
    17 0d 31 36 30 31 31 34 32 32 32 39 34 36 5a 18
    0f 32 31 31 36 30 31 31 35 32 32 32 39 34 36 5a
    30 19 31 17 30 15 06 03 55 04 03 0c 0e 73 65 72
    76 65 72 2e 65 78 61 6d 70 6c 65 30 82 01 22 30
    0d 06 09 2a 86 48 86 f7 0d 01 01 01 05 00 03 82
    01 0f 00 30 82 01 0a 02 82 01 01 00 d5 5d 60 6a
    df fc 61 ee 48 aa 8c 11 48 43 a5 6d b6 52 5d aa
    98 49 b1 61 92 35 b1 fc 3a 04 25 0c 6d 79 ff b4
    d5 c9 e9 5c 1c 3b e0 ab b3 b8 7d a3 de 6d bd e0
    dd d7 5a bf 14 47 11 42 5e a6 82 d0 61 c1 7f dd
    13 46 e6 09 85 07 0e f2 d4 fc 1a 64 d2 0a ad 20
    ab 20 6b 96 f0 ad cc c4 19 53 55 dc 01 1d a4 b3
    ef 8a b4 49 53 5d 8a 05 1c f1 dc e1 44 bf c5 d7
    e2 77 19 57 5c 97 0b 75 ee 88 43 71 0f ca 6c c1
    b4 b2 50 a7 77 46 6c 58 0f 11 bf f1 76 24 5a ae
    39 42 b7 51 67 29 e1 d0 55 30 6f 17 e4 91 ea ad
    f8 28 c2 43 6f a2 64 a9 fb 9d 98 92 62 48 3e eb
    0d 4f 82 4a 8a ff 3f 72 ee 96 b5 ae a1 c1 98 ba
    ef 7d 90 75 6d ff 5a 52 9e ab f5 c0 7e d0 87 43
    db 85 07 07 0f 7d 38 7a fd d1 d3 ee 65 1d d3 ea
    39 6a 87 37 ee 4a d3 e0 0d 6e f5 70 ac c2 bd f1
    6e f3 92 95 5e a9 f0 a1 65 95 93 8d 02 03 01 00
    01 a3 7d 30 7b 30 1d 06 03 55 1d 0e 04 16 04 14
    c0 e7 84 bf e8 59 27 33 10 b0 52 4f 51 52 2f 06
    d6 c0 7a cd 30 1f 06 03 55 1d 23 04 18 30 16 80
    14 70 7f 2e ae 83 68 59 98 04 23 2a cd eb 3e 17
    cd 24 dd 01 49 30 09 06 03 55 1d 13 04 02 30 00
    30 13 06 03 55 1d 25 04 0c 30 0a 06 08 2b 06 01
    05 05 07 03 01 30 19 06 03 55 1d 11 04 12 30 10
    82 0e 73 65 72 76 65 72 2e 65 78 61 6d 70 6c 65
    30 0d 06 09 2a 86 48 86 f7 0d 01 01 0b 05 00 03
    82 01 01 00 7b d3 04 43 75 8a 0f 11 ae c4 fb d7
    a1 a2 9e fe 20 18 d5 f4 2f 31 88 46 b6 75 8c ee
    e5 9b 97 a6 b9 a3 cd 60 9a 46 c3 48 97 e5 97 68
    f7 5a 86 35 73 d9 69 9e f9 5f 74 b9 e6 94 13 01
    cb 6a dc e3 c4 04 e9 65 da 9c a4 8b 28 f3 f9 9a
    7f bf 97 1f 45 92 e5 05 b1 56 e6 0b f6 47 de 1e
    89 b6 2b e1 4d df 4a 7e 01 d3 23 dc 97 8c 47 fe
    5f c7 cc 98 46 0e c4 83 5b ca 8a f1 52 09 be 6b
    ec 3f 09 8b d0 93 02 bf e1 51 e7 d1 7e 34 56 19
    74 d0 ff 28 25 de b7 9f 56 52 91 7d 20 29 85 0a
    80 44 5f 71 32 25 71 0f c2 16 e2 5f 6b 1d 3f 32
    5b 0a 3c 74 1c b9 62 f1 ed 07 50 a3 6d b4 b4 31
    0a c0 53 44 6a 3a 88 84 8b 2d a9 b0 37 8e e6 18
    36 bd 9a 20 40 0f 01 92 8b 3d aa 61 e7 ae 2c ed
    36 cd 3a 07 86 74 3a 29 b3 d7 3a b4 00 a9 c2 f5
    92 78 0e e2 0f a3 fe bb be e0 06 53 84 59 1d 90
    69 e5 b6 f9 00 00
<<< TLS 1.2, RecordHeader [length 0005]
    17 03 03 01 19
<<< TLS 1.3, InnerContent [length 0001]
    16
<<< TLS 1.3, Handshake [length 0108], CertificateVerify
    0f 00 01 04 08 04 01 00 3a ca ab ec 8e 09 7a 88
    c3 55 89 26 f6 62 8c 18 d7 74 48 76 0d 81 ff e0
    0b 31 47 ea 3f 03 f9 89 a5 b9 06 f1 fc 80 dc 69
    b6 ad 01 c1 f3 36 bb ce 6d 15 47 8e ba ec 50 e6
    5e 66 b9 d0 8a ad 30 8f 61 a8 91 05 ba 4b 96 07
    33 1c 3e ed e3 f2 18 35 c0 07 c5 e8 60 40 f6 cd
    2d 95 49 a9 32 fd c6 b1 4d 73 6d 55 80 44 67 6e
    c0 80 38 75 52 de cf 49 c6 b2 25 2e ec a9 0a 3e
    3d a6 ed 02 42 cf ea 4e 08 62 43 5c a4 a0 83 40
    6c 51 8f 91 8d cd ac 33 b9 21 06 5c 3a 60 88 39
    ca f5 5b 9d 7a df 5d ba b4 6e 86 57 83 01 eb 5c
    ed 70 35 7e 6d d7 75 90 66 62 3b 89 44 aa 69 05
    91 48 be fd 82 41 04 e7 85 2f 31 3d 7f e2 b8 0c
    d9 9f c6 38 e2 a5 e9 13 3d a3 12 38 87 a7 24 62
    87 c9 93 9e 9a 63 4e a2 09 c9 cd 69 0c 86 42 f0
    1b cd 36 60 6f 41 4c 89 97 d7 dc 31 87 0c c3 11
    91 eb 30 0b 11 7b 7b c1
<<< TLS 1.2, RecordHeader [length 0005]
    17 03 03 00 45
<<< TLS 1.3, InnerContent [length 0001]
    16
<<< TLS 1.3, Handshake [length 0034], Finished
    14 00 00 30 aa 5f 92 74 a2 ac c6 ec 53 b1 09 69
    67 41 9c d3 45 6f d2 d7 86 d4 f4 3a 09 03 a8 21
    d3 2c 02 f6 13 71 ad 90 14 96 27 21 c4 c5 09 ec
    c4 9e dc dd
>>> TLS 1.2, RecordHeader [length 0005]
    14 03 03 00 01
>>> TLS 1.3, ChangeCipherSpec [length 0001]
    01
>>> TLS 1.2, RecordHeader [length 0005]
    17 03 03 00 45
>>> TLS 1.2, InnerContent [length 0001]
    16
>>> TLS 1.3, Handshake [length 0034], Finished
    14 00 00 30 91 43 1d c6 34 96 f1 a9 3b cc 0b ef
    48 7f ab 69 08 c0 68 87 8e 4e 58 af 0d 07 cf 21
    08 58 5c 56 67 48 08 db 67 54 7a 57 ec 96 7d ff
    b0 14 ba fc
---
Certificate chain
 0 s:CN=server.example
   i:CN=Root CA
   a:PKEY: RSA, 2048 (bit); sigalg: sha256WithRSAEncryption
   v:NotBefore: Jan 14 22:29:46 2016 GMT; NotAfter: Jan 15 22:29:46 2116 GMT
---
Server certificate
-----BEGIN CERTIFICATE-----
MIIDJTCCAg2gAwIBAgIBAjANBgkqhkiG9w0BAQsFADASMRAwDgYDVQQDDAdSb290
IENBMCAXDTE2MDExNDIyMjk0NloYDzIxMTYwMTE1MjIyOTQ2WjAZMRcwFQYDVQQD
DA5zZXJ2ZXIuZXhhbXBsZTCCASIwDQYJKoZIhvcNAQEBBQADggEPADCCAQoCggEB
ANVdYGrf/GHuSKqMEUhDpW22Ul2qmEmxYZI1sfw6BCUMbXn/tNXJ6VwcO+Crs7h9
o95tveDd11q/FEcRQl6mgtBhwX/dE0bmCYUHDvLU/Bpk0gqtIKsga5bwrczEGVNV
3AEdpLPvirRJU12KBRzx3OFEv8XX4ncZV1yXC3XuiENxD8pswbSyUKd3RmxYDxG/
8XYkWq45QrdRZynh0FUwbxfkkeqt+CjCQ2+iZKn7nZiSYkg+6w1PgkqK/z9y7pa1
rqHBmLrvfZB1bf9aUp6r9cB+0IdD24UHBw99OHr90dPuZR3T6jlqhzfuStPgDW71
cKzCvfFu85KVXqnwoWWVk40CAwEAAaN9MHswHQYDVR0OBBYEFMDnhL/oWSczELBS
T1FSLwbWwHrNMB8GA1UdIwQYMBaAFHB/Lq6DaFmYBCMqzes+F80k3QFJMAkGA1Ud
EwQCMAAwEwYDVR0lBAwwCgYIKwYBBQUHAwEwGQYDVR0RBBIwEIIOc2VydmVyLmV4
YW1wbGUwDQYJKoZIhvcNAQELBQADggEBAHvTBEN1ig8RrsT716Ginv4gGNX0LzGI
RrZ1jO7lm5emuaPNYJpGw0iX5Zdo91qGNXPZaZ75X3S55pQTActq3OPEBOll2pyk
iyjz+Zp/v5cfRZLlBbFW5gv2R94eibYr4U3fSn4B0yPcl4xH/l/HzJhGDsSDW8qK
8VIJvmvsPwmL0JMCv+FR59F+NFYZdND/KCXet59WUpF9ICmFCoBEX3EyJXEPwhbi
X2sdPzJbCjx0HLli8e0HUKNttLQxCsBTRGo6iISLLamwN47mGDa9miBADwGSiz2q
YeeuLO02zToHhnQ6KbPXOrQAqcL1kngO4g+j/ru+4AZThFkdkGnltvk=
-----END CERTIFICATE-----
subject=CN=server.example
issuer=CN=Root CA
---
No client certificate CA names sent
Peer signing digest: SHA256
Peer signature type: rsa_pss_rsae_sha256
Negotiated TLS1.3 group: X25519MLKEM768
---
SSL handshake has read 2453 bytes and written 1483 bytes
Verification error: unable to verify the first certificate
---
New, TLSv1.3, Cipher is TLS_AES_256_GCM_SHA384
Protocol: TLSv1.3
Server public key is 2048 bit
This TLS version forbids renegotiation.
Compression: NONE
Expansion: NONE
No ALPN negotiated
Early data was not sent
Verify return code: 21 (unable to verify the first certificate)
---
>>> TLS 1.2, RecordHeader [length 0005]
    17 03 03 00 13
>>> TLS 1.2, InnerContent [length 0001]
    15
>>> TLS 1.3, Alert [length 0002], warning close_notify
    01 00
Connecting to 127.0.0.1
SSL_connect:before SSL initialization
SSL_connect:SSLv3/TLS write client hello
SSL_connect:SSLv3/TLS write client hello
SSL_connect:SSLv3/TLS read server hello
Can't use SSL_get_servername
SSL_connect:TLSv1.3 read encrypted extensions
depth=0 CN=server.example
verify error:num=20:unable to get local issuer certificate
verify return:1
depth=0 CN=server.example
verify error:num=21:unable to verify the first certificate
verify return:1
depth=0 CN=server.example
verify return:1
SSL_connect:SSLv3/TLS read server certificate
SSL_connect:TLSv1.3 read server certificate verify
SSL_connect:SSLv3/TLS read finished
SSL_connect:SSLv3/TLS write change cipher spec
SSL_connect:SSLv3/TLS write finished
DONE
SSL3 alert write:warning:close notify
