CONNECTED(00000003)
>>> TLS 1.0, RecordHeader [length 0005]
    16 03 01 05 76
>>> TLS 1.3, Handshake [length 0576], ClientHello
    01 00 05 72 03 03 66 f8 06 79 75 b4 ca 0a 67 46
    49 0d b4 87 b5 71 09 58 2b 77 6d 33 74 84 a2 82
    06 b2 bd a8 2b f4 20 a5 a3 bf 4d ca b4 9a e9 f6
    10 9c 23 80 2e 0e b3 fb cc b8 73 88 b0 51 71 67
    1d 2e 04 fe c6 fb 48 00 06 13 02 13 03 13 01 01
    00 05 23 00 0b 00 04 03 00 01 02 00 0a 00 06 00
    04 11 ec 00 1d 00 23 00 00 00 16 00 00 00 17 00
    00 00 0d 00 2a 00 28 09 05 09 06 09 04 04 03 05
    03 06 03 08 07 08 08 08 1a 08 1b 08 1c 08 09 08
    0a 08 0b 08 04 08 05 08 06 04 01 05 01 06 01 00
    2b 00 03 02 03 04 00 2d 00 02 01 01 00 33 04 c6
    04 c4 11 ec 04 c0 41 91 bb 1c 97 05 51 0c b0 d0
    9a b3 d9 07 05 ec 88 0a 37 51 40 38 28 56 5d 5a
    06 57 a3 6b 1c e9 a4 b4 39 43 cc 2c 81 7f 8c cd
    e8 0a 10 ee 9b 33 a1 d9 6a 70 0c cc 72 31 3a 17
    e7 ad fc 67 4a 71 19 86 e4 4c 88 a2 e3 1f ac 95
    7a 1a 81 03 60 96 88 06 c6 61 03 64 9e 36 ab 91
    b5 6a 0d 86 aa 6f 6c 97 c7 60 3b 8c b8 d9 65 f3
    17 a7 1e 94 64 15 39 75 76 19 c4 24 38 70 84 08
    c3 29 0b 29 46 98 a3 a2 d4 93 13 73 a0 f3 14 ab
    2a 98 c7 ec 38 47 6f 22 8e 23 92 84 05 10 75 a2
    d7 6c 55 62 b9 e0 94 8a 6d a4 65 f7 9b 77 6a 88
    4c c9 f8 b8 90 99 20 7b bc 62 41 f0 81 24 77 59
    0c d7 78 51 a8 46 a0 95 cd e6 b1 05 80 a4 c5 b8
    a5 bc a3 61 93 e5 5c 31 a7 75 56 ef 75 ca a0 4c
    8e 65 7c 24 37 08 5a 12 48 b2 b3 92 b5 58 2c 81
    31 75 28 f9 37 97 fd b6 73 b1 3a ca cc 6c a9 bd
    e1 98 e8 13 4e 22 e9 7e c3 5a b3 aa cc ce d7 d0
    34 a1 68 0a 7a 88 58 d5 00 04 a2 70 06 db 76 16
    24 54 7c 61 91 6f ba 7a 10 0d 70 8d dc 53 04 3c
    49 c0 90 6b 5e 21 41 1f 12 01 36 97 20 b3 e4 ca
    02 71 b3 6f 88 c7 38 55 aa 73 77 67 53 f9 07 20
    29 e8 83 a6 03 c0 29 43 56 cd c9 cd 47 f6 58 43
    79 79 28 92 52 db a7 87 51 11 64 ab 43 29 64 97
    49 10 b4 96 63 61 b9 a0 5b 40 b9 c6 8c fa 85 0f
    2e e0 84 41 0a 79 68 b2 1b a8 23 16 71 80 29 32
    00 af d2 72 b4 90 67 23 77 cc 55 9f 42 b9 63 46
    68 ff 3c c7 fc 3b 47 9d a4 c3 68 f0 4f b1 8c b1
    0e eb 67 ed cc 24 db 36 32 ef 17 6e 36 3b b2 38
    72 59 3c 0c 07 54 0c 7d 3f 70 30 eb d6 30 65 1a
    c7 ab 90 6f 40 59 b0 a4 b4 a2 0e b9 27 76 b8 ad
    d2 78 17 30 95 23 1e b4 07 ff 63 ae 7b 97 50 6b
    51 00 e5 c1 af 1c 38 69 85 48 08 24 6c 6e 1f e9
    a9 cc 34 5c 77 55 1c b8 d1 b6 eb 2c aa da d2 53
    b1 25 9f 0e c5 7b f9 66 45 73 7a 44 ab 03 bc 1e
    14 0f 5a ea 30 f0 48 91 aa 4a 2a 6b d8 c9 52 f3
    c3 07 fb 67 16 d9 6f 0e 07 5b a9 c5 57 98 37 b0
    8c b1 98 f9 ab 3f fb e0 93 8a 45 9d 9a d7 66 92
    a8 6a 33 02 54 04 0a 62 63 54 62 7c 6c c5 a0 d5
    49 4c e1 58 e6 53 1e 43 c8 49 dd da 30 c8 a9 01
    1d 77 aa 5b ac cf 2b 88 5e b0 cb 0e e1 5a 08 dc
    78 2b 4c 5b 44 25 53 25 9b 64 56 84 4b 04 b5 2b
    3a 30 b1 2b fc 88 bc 60 75 6c 29 fa 74 3d a8 60
    bd cb 20 de 21 21 84 8a 5d 5c b0 87 b8 c9 37 23
    e3 31 3f 7a 69 09 6c 4a 1f 41 be d0 15 06 06 59
    7a 44 25 8f 76 8b 51 91 ca b1 45 82 84 d2 18 a9
    d3 62 a3 b3 f0 3c 3b 27 54 47 2b 06 b8 57 00 5a
    2a 4c ce 46 8f 6a 53 47 72 71 19 dd d6 8f 0f 16
    aa a0 ea a0 0b 9a 45 77 eb 4d e9 8a 29 94 e8 41
    a4 24 a4 fa 86 20 bd 5c af 34 f7 49 c7 a2 4e 44
    f2 b0 b1 5b 05 84 bc 11 25 68 41 18 e4 4b b2 52
    81 7e 37 5b b2 d8 52 bf 34 b0 dd e3 24 5d 48 c9
    98 90 c2 9b 21 3a ef 56 7a 90 97 a3 04 96 1c 28
    e7 2e a6 92 16 ec a0 3a 22 c6 bf 65 49 23 22 d7
    bd c0 9a b8 7b c3 14 b1 89 59 e0 7b 58 3d fa 3a
    96 12 a9 ed 64 43 7a f5 84 44 89 b9 13 fc 73 6a
    91 6b af f9 83 e4 ca 51 d1 db 96 c7 e8 b4 26 e0
    4c 3d 4b 5f db 09 55 69 fc 13 4d 2c 13 17 c6 5a
    f1 16 bb 54 a5 85 fa 61 14 25 d9 91 06 19 8d 37
    fa bf dc f1 a0 36 98 52 30 8a 9b 56 a7 3a c5 d0
    cc fb a2 67 21 26 b6 1f 23 79 bb 7b 2d 0c a0 73
    e7 41 68 e8 39 6b 94 94 3c c4 5c 1d d1 22 60 3d
    e2 78 91 89 0e ee a6 65 83 38 6d f5 26 8a aa 07
    12 14 31 17 1f 97 63 1d d5 77 b0 ab 68 15 88 8a
    67 4c 8f 17 a9 15 af 60 9b c7 b4 c3 36 51 11 f6
    88 7a 6c d7 25 60 a8 0f 56 d9 98 73 12 63 6b 8a
    1e ff 4a 89 bc 16 c0 93 2c ca 94 10 86 84 5b 24
    b3 b7 4e 07 94 20 93 11 4c f0 9c 35 bc 53 1f 41
    7a 50 ba 47 c6 95 fa b7 77 36 35 86 fa 87 f0 4a
    3b 54 83 76 1c 29 1f 32 a6 32 00 4a 6b 60 5b 5c
    e3 6b 9d dc 5c 24 ba f3 9e 12 b5 a3 06 94 7f 1a
    25 a1 f0 3a 0a 25 7c 5e 0f 16 a4 06 79 cd fa b4
    b4 b1 26 76 1e e6 4c 97 33 cb 27 20 64 ea 48 20
    d1 24 35 a7 a5 55 dc 65 38 a8 71 e9 53 8b b0 e6
    2d 09 90 16 ff 3b d4 33 c1 05 2a e0 34 1f 93 b3
    e7 36 87 8e e3 48 07 d3 f4 c1 c2 e4 37 83 2e b4
    b7 4a e7 53 e2 03 2f 23 19 fa a2 5a cc 31 4f e0
    13 25 ab 3f 45 24
<<< TLS 1.2, RecordHeader [length 0005]
    16 03 03 04 ba
<<< TLS 1.3, Handshake [length 04ba], ServerHello
    02 00 04 b6 03 03 2f 62 18 ad 6d cc 72 12 77 85
    8b b9 d9 22 65 1c 01 93 37 a7 0a 20 39 95 4a 2d
    db de 57 25 57 3b 20 a5 a3 bf 4d ca b4 9a e9 f6
    10 9c 23 80 2e 0e b3 fb cc b8 73 88 b0 51 71 67
    1d 2e 04 fe c6 fb 48 13 02 00 04 6e 00 33 04 64
    11 ec 04 60 b9 d4 94 b1 f8 7a c9 1c 34 41 99 35
    0c d1 3e 62 f6 e9 f5 88 db f5 38 eb 2f c7 56 cd
    24 68 67 19 82 65 39 46 a1 ae 9c e1 1b 2e ec e1
    cc e5 59 94 33 70 21 b8 6b 53 09 b3 2c 7a f7 07
    d3 0d af 03 e8 b3 21 2d ae 47 ab b9 53 33 71 12
    1e f4 ff 6e a5 39 9e ca 02 6b 10 5e 62 6f ee 04
    a5 fd 98 40 75 0a 54 d0 95 5f c7 c5 46 96 0a eb
    93 9d 92 62 60 4c 28 d1 dd 15 9b 82 2e ef c1 ff
    ae 3d 38 18 06 34 b9 54 ec 51 3a 5e 88 93 cf c4
    15 7c 64 5d 2b 93 31 59 d1 4a 86 04 33 ac d6 86
    7a de 76 b2 83 fe 95 15 49 55 06 cd da fc 34 4f
    07 7f e2 e1 fc 84 8f 88 64 47 3d df b5 2b c2 56
    48 c6 66 05 81 3a bd 29 e5 10 f0 8d 72 98 ea 96
    5f 42 ed e0 0f 03 3e c6 5f 42 e1 2d 85 c4 8f 45
    61 ef 44 77 e5 37 4a 8f af 13 e6 33 dd 6c cd c0
    12 c2 13 e0 71 98 40 99 b0 48 c4 1f 84 18 72 be
    93 15 94 0a af f4 72 d9 96 f5 4d 39 83 77 6d 9a
    ee b6 a5 c7 39 ae 6f f1 30 9d 7c 0e 65 78 52 98
    fd 91 f5 4e de bf 22 e1 03 10 6e 56 b8 ad a8 47
    c2 5c 81 72 3e c5 65 59 e3 74 03 9b ad 09 5c ec
    3a 5c e6 8e 0b bf 3a e3 5c e6 06 0a 84 ee 5c 99
    65 b3 39 1b 4c 03 88 bc 11 30 35 ae 6e 25 a4 5f
    11 eb 76 00 c8 5c 9d 4a e1 96 70 fd ef 0a 10 3b
    da 01 eb df fe 56 85 b8 4d 2b 72 b4 8d 29 a4 33
    b7 bb d7 ca 4c 75 7c 1d c9 89 be 4d 9b 3c 96 43
    0b 54 89 06 1c 35 16 1e 03 55 59 7d 16 91 25 1e
    7c 29 1c bb 21 20 c2 88 cd 9a 94 9a 05 98 36 23
    2d 71 78 cf cb 99 71 6b 83 cc a7 02 39 16 04 17
    8a 40 38 b8 11 df ac 66 d3 fe 34 26 a8 ed c1 23
    5d 60 f9 35 91 27 a9 92 50 55 8e a6 dc 9b 4d e3
    11 bf 18 77 48 a4 ac 91 44 87 73 ac 3c fd e6 19
    20 74 92 36 d5 b2 6d a9 e9 c4 63 c1 35 a9 55 c0
    05 9b fb 23 88 0b be ad 8c e0 52 10 2b 6f 5a ac
    80 d4 0b 16 50 cf 35 95 b4 d9 da b6 45 85 a9 cc
    1b f0 27 6c e2 68 b1 63 47 d8 05 d9 4d 0e 2f 35
    73 b3 11 3b 91 a2 97 ea 53 f7 3f ac da 5d d4 3c
    de f1 01 f3 2d a8 bb 1b df 12 98 72 08 cf 2e 54
    e2 84 e8 54 d4 e9 b5 16 41 37 4c 8b 67 d5 e1 74
    5c 51 4b 2e 8d bc c6 53 21 51 1f cd 75 6f bb ab
    57 58 76 ec 6a d5 38 88 0c 3c 2c 81 e2 f0 c0 91
    ff ba b2 1e 5e 1f da ee cd 04 a4 4b b5 8e 10 b1
    06 ca 3f 31 8d 09 65 4d 27 89 0b 73 84 c6 93 ca
    c1 52 1a 1b 20 07 5d 22 9a 53 6b 89 81 3f ce c0
    85 cc af ab 78 9d c7 b7 cb 66 b7 7d 6d 9a cd 4c
    23 f1 e2 d1 8b 40 dd 37 42 3f 4b 7d 97 2a 12 84
    57 96 ed c8 b2 59 22 63 ac c1 91 49 1b 04 f1 33
    47 6a 9b 53 26 0d 05 0b 92 31 0d 53 9b 93 2c d3
    4f 69 83 09 c2 d5 2a 1e 38 b5 c3 c6 0f c4 52 e6
    8e 72 5b a9 fa d0 ae 2f 1a 84 9c d5 49 3f 1e b3
    a4 d2 8e ab 3e ab f1 fc 93 e5 81 2c f5 5d 8f 84
    bb 05 16 30 e3 49 83 aa a9 d0 c8 2d 3c 82 b4 0e
    73 c3 0a eb 4d c7 e3 3d fd 5f 19 2f 6d 41 6e af
    c1 f9 25 67 f4 35 78 56 18 d0 2b 19 b6 0c a9 e4
    7f 83 3e 84 3c 22 c2 1d cb 66 81 eb 9d e4 6c 26
    a0 58 05 7f fa f8 68 96 c4 04 e8 4e 07 38 01 71
    70 b4 9c d4 fc d3 00 35 a0 a8 66 c5 cb 84 b3 64
    3b 05 fc 9e 88 77 71 ed b1 5b b3 1d 63 ee 50 c0
    aa b3 26 97 14 52 0c e0 92 08 76 31 5c 46 33 4f
    88 69 34 35 8c 20 b7 29 5d b8 37 be a7 bb 84 35
    19 25 9d 4e df 0d 00 91 8a a1 1c 2b d0 a2 89 d6
    e2 eb fd 37 40 0c 73 7f 12 8a 33 73 b8 e3 5b c3
    96 36 ce 30 42 1a b6 a0 39 83 5c 21 02 68 35 24
    6b e7 dd 4a f8 c6 c1 ba 6a 09 12 8d 7c 89 92 9d
    14 96 38 da 95 7c 39 0f bf 1f cc 81 45 1b 88 f3
    0f ad 94 7e fa 43 5c 6e 73 10 d4 62 a9 2c b3 aa
    bf e3 f6 97 5d 3d 90 0d fa e8 b9 ca ec 9c bd ca
    99 cc cb 06 a7 ff c0 a8 ec 75 e2 39 5e b0 6a 0d
    34 c4 de 00 8a 6b 08 7c f4 bc e9 4e 26 54 fa 3b
    d5 a3 3d 8b d6 6b bb e2 20 f9 6f 2d 8f dc 87 ba
    06 27 27 6c 6e 0b bf c7 28 51 e7 a7 04 52 01 65
    b1 26 ac 18 00 2b 00 02 03 04
<<< TLS 1.2, RecordHeader [length 0005]
    14 03 03 00 01
<<< TLS 1.3, ChangeCipherSpec [length 0001]
    01
<<< TLS 1.2, RecordHeader [length 0005]
    17 03 03 04 89
<<< TLS 1.3, InnerContent [length 0001]
    16
<<< TLS 1.3, Handshake [length 0006], EncryptedExtensions
    08 00 00 02 00 00
<<< TLS 1.3, Handshake [length 0336], Certificate
    0b 00 03 32 00 00 03 2e 00 03 29 30 82 03 25 30
    82 02 0d a0 03 02 01 02 02 01 02 30 0d 06 09 2a
    86 48 86 f7 0d 01 01 0b 05 00 30 12 31 10 30 0e
    06 03 55 04 03 0c 07 52 6f 6f 74 20 43 41 30 20
    17 0d 31 36 30 31 31 34 32 32 32 39 34 36 5a 18
    0f 32 31 31 36 30 31 31 35 32 32 32 39 34 36 5a
    30 19 31 17 30 15 06 03 55 04 03 0c 0e 73 65 72
    76 65 72 2e 65 78 61 6d 70 6c 65 30 82 01 22 30
    0d 06 09 2a 86 48 86 f7 0d 01 01 01 05 00 03 82
    01 0f 00 30 82 01 0a 02 82 01 01 00 d5 5d 60 6a
    df fc 61 ee 48 aa 8c 11 48 43 a5 6d b6 52 5d aa
    98 49 b1 61 92 35 b1 fc 3a 04 25 0c 6d 79 ff b4
    d5 c9 e9 5c 1c 3b e0 ab b3 b8 7d a3 de 6d bd e0
    dd d7 5a bf 14 47 11 42 5e a6 82 d0 61 c1 7f dd
    13 46 e6 09 85 07 0e f2 d4 fc 1a 64 d2 0a ad 20
    ab 20 6b 96 f0 ad cc c4 19 53 55 dc 01 1d a4 b3
    ef 8a b4 49 53 5d 8a 05 1c f1 dc e1 44 bf c5 d7
    e2 77 19 57 5c 97 0b 75 ee 88 43 71 0f ca 6c c1
    b4 b2 50 a7 77 46 6c 58 0f 11 bf f1 76 24 5a ae
    39 42 b7 51 67 29 e1 d0 55 30 6f 17 e4 91 ea ad
    f8 28 c2 43 6f a2 64 a9 fb 9d 98 92 62 48 3e eb
    0d 4f 82 4a 8a ff 3f 72 ee 96 b5 ae a1 c1 98 ba
    ef 7d 90 75 6d ff 5a 52 9e ab f5 c0 7e d0 87 43
    db 85 07 07 0f 7d 38 7a fd d1 d3 ee 65 1d d3 ea
    39 6a 87 37 ee 4a d3 e0 0d 6e f5 70 ac c2 bd f1
    6e f3 92 95 5e a9 f0 a1 65 95 93 8d 02 03 01 00
    01 a3 7d 30 7b 30 1d 06 03 55 1d 0e 04 16 04 14
    c0 e7 84 bf e8 59 27 33 10 b0 52 4f 51 52 2f 06
    d6 c0 7a cd 30 1f 06 03 55 1d 23 04 18 30 16 80
    14 70 7f 2e ae 83 68 59 98 04 23 2a cd eb 3e 17
    cd 24 dd 01 49 30 09 06 03 55 1d 13 04 02 30 00
    30 13 06 03 55 1d 25 04 0c 30 0a 06 08 2b 06 01
    05 05 07 03 01 30 19 06 03 55 1d 11 04 12 30 10
    82 0e 73 65 72 76 65 72 2e 65 78 61 6d 70 6c 65
    30 0d 06 09 2a 86 48 86 f7 0d 01 01 0b 05 00 03
    82 01 01 00 7b d3 04 43 75 8a 0f 11 ae c4 fb d7
    a1 a2 9e fe 20 18 d5 f4 2f 31 88 46 b6 75 8c ee
    e5 9b 97 a6 b9 a3 cd 60 9a 46 c3 48 97 e5 97 68
    f7 5a 86 35 73 d9 69 9e f9 5f 74 b9 e6 94 13 01
    cb 6a dc e3 c4 04 e9 65 da 9c a4 8b 28 f3 f9 9a
    7f bf 97 1f 45 92 e5 05 b1 56 e6 0b f6 47 de 1e
    89 b6 2b e1 4d df 4a 7e 01 d3 23 dc 97 8c 47 fe
    5f c7 cc 98 46 0e c4 83 5b ca 8a f1 52 09 be 6b
    ec 3f 09 8b d0 93 02 bf e1 51 e7 d1 7e 34 56 19
    74 d0 ff 28 25 de b7 9f 56 52 91 7d 20 29 85 0a
    80 44 5f 71 32 25 71 0f c2 16 e2 5f 6b 1d 3f 32
    5b 0a 3c 74 1c b9 62 f1 ed 07 50 a3 6d b4 b4 31
    0a c0 53 44 6a 3a 88 84 8b 2d a9 b0 37 8e e6 18
    36 bd 9a 20 40 0f 01 92 8b 3d aa 61 e7 ae 2c ed
    36 cd 3a 07 86 74 3a 29 b3 d7 3a b4 00 a9 c2 f5
    92 78 0e e2 0f a3 fe bb be e0 06 53 84 59 1d 90
    69 e5 b6 f9 00 00
<<< TLS 1.3, Handshake [length 0108], CertificateVerify
    0f 00 01 04 08 06 01 00 91 a8 cd c4 b7 9f fe b7
    4a 9d ba 9e fa e5 ce 62 9f cf b8 bf 27 71 04 21
    56 d2 2b 51 fd c1 5b ed b0 37 d4 e1 4b 5f 24 5b
    0b f2 c7 93 ef 23 6a 05 9f c2 78 a2 a2 0c ec 40
    ea 10 bf fb e6 11 fd d3 6b 25 a0 e8 3c 35 71 ef
    95 c3 0d 18 4d 56 74 2a d9 30 1d 9f 6a d7 a5 ca
    2f 05 be 83 a4 e6 9a d0 6a 72 93 e4 b6 80 3b a8
    65 4d a9 4a 2e 23 d6 83 6f e9 90 15 56 2e 85 75
    18 a5 29 55 8b e4 2b 8f 0f 72 51 bf 1f 23 1f c4
    10 39 c2 31 d5 93 6f 15 7b f9 76 c9 ee 9c 5b 12
    47 12 56 f3 22 06 a2 64 d4 1e ab ee 43 6a 98 1b
    fa 28 a4 44 16 d0 c9 4e 5e bd 0f 37 8b 28 b6 fa
    81 e1 42 f1 53 0b 4a 5d 92 67 41 ac 92 89 9a 41
    9a 0c 81 db 02 c9 a6 68 8b 01 e6 aa 77 cd 65 4b
    fb 27 9e 15 82 79 98 11 cd fb 21 43 cb a0 d2 25
    a8 1c aa c4 0b 85 29 c5 db 93 1d df db a5 e3 c9
    c1 fe 2f de d8 d0 30 72
<<< TLS 1.3, Handshake [length 0034], Finished
    14 00 00 30 0b 78 94 2f 14 ca 1a d7 de ca fc 9d
    8a 1e f9 b3 4f 22 23 ce e1 62 5c ce 60 d2 9c 7d
    f8 6c c9 46 52 69 04 f7 14 31 30 69 19 b1 44 6c
    f4 40 d7 b2
>>> TLS 1.2, RecordHeader [length 0005]
    14 03 03 00 01
>>> TLS 1.3, ChangeCipherSpec [length 0001]
    01
>>> TLS 1.2, RecordHeader [length 0005]
    17 03 03 00 45
>>> TLS 1.2, InnerContent [length 0001]
    16
>>> TLS 1.3, Handshake [length 0034], Finished
    14 00 00 30 5e 1a 11 51 da 1d 53 09 66 77 55 3d
    63 57 56 22 8b 28 77 2f cf c2 6f b1 04 9a f4 84
    dd 2c c7 f7 c1 89 fe 52 5d e0 c2 7f 4d bc 86 57
    14 10 74 c0
---
Certificate chain
 0 s:CN=server.example
   i:CN=Root CA
   a:PKEY: RSA, 2048 (bit); sigalg: sha256WithRSAEncryption
   v:NotBefore: Jan 14 22:29:46 2016 GMT; NotAfter: Jan 15 22:29:46 2116 GMT
---
Server certificate
-----BEGIN CERTIFICATE-----
MIIDJTCCAg2gAwIBAgIBAjANBgkqhkiG9w0BAQsFADASMRAwDgYDVQQDDAdSb290
IENBMCAXDTE2MDExNDIyMjk0NloYDzIxMTYwMTE1MjIyOTQ2WjAZMRcwFQYDVQQD
DA5zZXJ2ZXIuZXhhbXBsZTCCASIwDQYJKoZIhvcNAQEBBQADggEPADCCAQoCggEB
ANVdYGrf/GHuSKqMEUhDpW22Ul2qmEmxYZI1sfw6BCUMbXn/tNXJ6VwcO+Crs7h9
o95tveDd11q/FEcRQl6mgtBhwX/dE0bmCYUHDvLU/Bpk0gqtIKsga5bwrczEGVNV
3AEdpLPvirRJU12KBRzx3OFEv8XX4ncZV1yXC3XuiENxD8pswbSyUKd3RmxYDxG/
8XYkWq45QrdRZynh0FUwbxfkkeqt+CjCQ2+iZKn7nZiSYkg+6w1PgkqK/z9y7pa1
rqHBmLrvfZB1bf9aUp6r9cB+0IdD24UHBw99OHr90dPuZR3T6jlqhzfuStPgDW71
cKzCvfFu85KVXqnwoWWVk40CAwEAAaN9MHswHQYDVR0OBBYEFMDnhL/oWSczELBS
T1FSLwbWwHrNMB8GA1UdIwQYMBaAFHB/Lq6DaFmYBCMqzes+F80k3QFJMAkGA1Ud
EwQCMAAwEwYDVR0lBAwwCgYIKwYBBQUHAwEwGQYDVR0RBBIwEIIOc2VydmVyLmV4
YW1wbGUwDQYJKoZIhvcNAQELBQADggEBAHvTBEN1ig8RrsT716Ginv4gGNX0LzGI
RrZ1jO7lm5emuaPNYJpGw0iX5Zdo91qGNXPZaZ75X3S55pQTActq3OPEBOll2pyk
iyjz+Zp/v5cfRZLlBbFW5gv2R94eibYr4U3fSn4B0yPcl4xH/l/HzJhGDsSDW8qK
8VIJvmvsPwmL0JMCv+FR59F+NFYZdND/KCXet59WUpF9ICmFCoBEX3EyJXEPwhbi
X2sdPzJbCjx0HLli8e0HUKNttLQxCsBTRGo6iISLLamwN47mGDa9miBADwGSiz2q
YeeuLO02zToHhnQ6KbPXOrQAqcL1kngO4g+j/ru+4AZThFkdkGnltvk=
-----END CERTIFICATE-----
subject=CN=server.example
issuer=CN=Root CA
---
No client certificate CA names sent
Peer signing digest: SHA512
Peer signature type: rsa_pss_rsae_sha512
Negotiated TLS1.3 group: X25519MLKEM768
---
SSL handshake has read 2387 bytes and written 1483 bytes
Verification error: unable to verify the first certificate
---
New, TLSv1.3, Cipher is TLS_AES_256_GCM_SHA384
Protocol: TLSv1.3
Server public key is 2048 bit
This TLS version forbids renegotiation.
Compression: NONE
Expansion: NONE
No ALPN negotiated
Early data was not sent
Verify return code: 21 (unable to verify the first certificate)
---
>>> TLS 1.2, RecordHeader [length 0005]
    17 03 03 00 13
>>> TLS 1.2, InnerContent [length 0001]
    15
>>> TLS 1.3, Alert [length 0002], warning close_notify
    01 00
Connecting to 127.0.0.1
SSL_connect:before SSL initialization
SSL_connect:SSLv3/TLS write client hello
SSL_connect:SSLv3/TLS write client hello
SSL_connect:SSLv3/TLS read server hello
Can't use SSL_get_servername
SSL_connect:TLSv1.3 read encrypted extensions
depth=0 CN=server.example
verify error:num=20:unable to get local issuer certificate
verify return:1
depth=0 CN=server.example
verify error:num=21:unable to verify the first certificate
verify return:1
depth=0 CN=server.example
verify return:1
SSL_connect:SSLv3/TLS read server certificate
SSL_connect:TLSv1.3 read server certificate verify
SSL_connect:SSLv3/TLS read finished
SSL_connect:SSLv3/TLS write change cipher spec
SSL_connect:SSLv3/TLS write finished
DONE
SSL3 alert write:warning:close notify
