CONNECTED(00000003)
>>> TLS 1.0, RecordHeader [length 0005]
    16 03 01 05 76
>>> TLS 1.3, Handshake [length 0576], ClientHello
    01 00 05 72 03 03 8a a7 5b 62 7e 33 a2 a5 a0 32
    de 2f 66 16 57 4a d7 c3 bf 03 d1 d2 48 15 31 56
    ed 05 3f 39 c3 dc 20 86 a1 7e 2d 24 61 4e 8e 69
    95 5f ed 87 1c d2 b1 54 fc ae 6a 08 65 8f 13 06
    68 6d 4d 56 3f e5 06 00 06 13 02 13 03 13 01 01
    00 05 23 00 0b 00 04 03 00 01 02 00 0a 00 06 00
    04 11 ec 00 1d 00 23 00 00 00 16 00 00 00 17 00
    00 00 0d 00 2a 00 28 09 05 09 06 09 04 04 03 05
    03 06 03 08 07 08 08 08 1a 08 1b 08 1c 08 09 08
    0a 08 0b 08 04 08 05 08 06 04 01 05 01 06 01 00
    2b 00 03 02 03 04 00 2d 00 02 01 01 00 33 04 c6
    04 c4 11 ec 04 c0 21 03 05 1e e7 96 b6 b3 04 63
    42 a0 d9 44 1c 33 10 7c 2f 95 6f 99 48 58 8c 3b
    90 4a 63 7a e8 95 4a 50 50 26 e6 61 84 81 ac 0d
    e9 c5 4f 98 ea cf 8d 1c 5c a7 5a 00 30 a7 5f bc
    25 44 ed d0 1c 73 34 4d 8e 09 b4 e1 a8 6d 25 32
    1b c3 d3 82 b9 f3 2f a2 13 42 05 c0 ba 27 2b b4
    c6 f8 b5 e6 da 21 2f 01 1a 65 0c 43 93 8b 32 1a
    e0 3d 63 e7 27 51 f6 2c b9 73 73 19 51 9c 55 28
    b5 2a 03 4f b0 72 7c 3f 61 79 39 31 5f 97 97 af
    f0 43 79 15 04 39 93 25 ae bb 53 ca 81 96 04 f1
    92 7c 11 ca 4f d1 32 28 db 7b c3 e6 8b 58 0c 49
    a2 21 f9 00 94 c5 4a 06 74 94 e5 07 89 4d 59 06
    de 87 2d f2 60 00 1a 2b 59 39 31 05 fc cb 58 8d
    61 cc a7 b8 b4 ba ab 2e 9c 18 95 4a 66 ad fe 9a
    20 d0 c9 00 f9 d2 1e 33 49 b3 a3 0a 9c 75 e8 2e
    55 36 13 46 23 51 e8 43 57 9f 8c cf f6 3b b0 ff
    58 72 15 1a ab 07 b7 03 40 8c 52 21 3a 45 25 5b
    74 c9 7a c1 ec 04 16 75 a6 9b 2f 6b 63 9d 63 10
    ee 15 81 46 c0 71 5c 4b 8f c1 64 96 bf 20 57 f3
    9c 25 c6 fb b6 22 a6 35 0a 26 7d 32 31 2e 5b c7
    21 04 7b 04 ad 42 6c c0 e8 6e 9f 73 2d c8 85 14
    cd 15 98 51 1b 10 d1 79 93 c9 f6 80 5f ea 54 c2
    b8 3a 23 d2 35 62 5c 01 69 20 9d 03 d4 73 95 a2
    9e 7f b6 58 25 51 53 2a 11 90 e9 48 5c 9a aa 6d
    73 b0 5f 7f 08 4c d8 2a 84 d3 4c 03 f4 06 08 29
    a5 0b 7d 9b be 1e 64 0f 55 71 37 09 52 3f c3 b0
    25 b7 ab 3d 14 54 04 e5 a3 61 be 33 60 4d 50 16
    5c 39 67 e5 52 55 70 5a 6b 41 ba bf 2b 25 a3 9b
    d2 79 8f 8c cf 8f e7 3d 52 a7 83 0c f0 96 5c 39
    c7 a8 b9 47 9a c3 b2 f3 a3 88 dd 17 8e 7d f2 5e
    5e 60 5e 83 6b 07 24 26 0a ae 54 09 37 02 bc 98
    fa 6d 60 48 b8 5b dc 0e 9f e1 89 7a e5 96 ad e7
    00 c7 42 1b 34 00 13 c1 9a ac d9 82 be f8 12 ca
    9d e3 cb 96 9a 65 17 d3 97 de 0c a2 6e a3 af 82
    18 2a 92 16 b3 a4 2b 26 51 43 1f 17 5b a4 52 e9
    b5 cb 27 60 04 f8 3e 89 73 72 a7 94 5f 37 66 1d
    2d f6 6e b3 fa 32 a4 c8 04 c7 b5 44 0f e8 95 bf
    d0 a6 ea 69 1a cd 6b 6e 34 5b 31 0f 9b c0 99 f9
    ae 60 f1 98 8d cb 60 91 51 38 81 58 85 f5 e3 4d
    c3 95 46 e6 03 31 28 2c 67 9a 79 34 0e 3a 16 d9
    69 c2 10 6b 81 c0 5b ac 48 33 bd 19 58 7c 96 31
    a4 5c 81 2b 74 43 83 f8 cb 6e d2 36 8f 9e c1 c8
    ae d5 3a 01 54 b0 81 10 86 5d 18 7d b7 dc 9b d0
    d9 81 30 6c c8 ff 87 82 b8 15 27 e3 79 69 22 13
    9a 68 cc 8b 38 54 94 f1 1a 39 f3 57 12 2f 30 17
    14 8c 1f 48 17 26 c9 26 3c cd 88 6e a3 c9 ac a8
    12 95 b4 80 57 fc 58 91 25 1c 0a 57 6b 0a c8 6c
    cb d1 d9 b1 0a e0 5d a3 7c 30 03 e4 78 39 2c 69
    93 46 35 a1 18 ca 1e d2 47 2a f3 c4 0e 80 05 22
    d5 70 c5 55 37 69 d7 83 aa a3 61 5f 85 5e c6 c9
    a2 0b 71 ba 7f 71 84 6c c4 10 51 37 97 95 5b 3a
    dd 95 84 46 96 9d d4 c3 9d 45 78 b5 0e 05 c8 52
    15 25 35 05 6a 70 11 32 94 e8 10 a2 b3 35 59 0b
    c4 5c 43 9f b4 1b 90 31 31 9e a4 3a 81 a0 39 a1
    b9 c8 75 5c f0 19 8b 2c 6f 45 67 a0 91 b2 a7 65
    80 87 c9 17 4d 42 f9 c5 e9 93 ae 0c 50 32 c7 38
    06 54 c2 49 9b c5 76 40 d5 94 f5 d0 75 3e f9 7e
    1e 09 5c dd c2 b1 c9 e8 1a ae 56 3e 65 43 3d 88
    27 19 c1 07 8a d9 d2 8f 04 a9 2b 47 38 69 75 d7
    25 7c 25 5c 5c 6a 4c 0f c6 b4 76 fb 47 83 47 ae
    de 9a 02 62 64 c0 5f cb 83 db 10 27 61 74 7e 61
    9c c7 82 21 04 4e 2a 58 04 99 50 af 5c 53 03 b8
    54 30 e1 c5 3c 00 9e 1b 14 34 34 a2 66 1c 81 5c
    c6 db 10 77 f2 2f 0e 7c 81 5b e9 53 8e 31 4f 1f
    54 3c d2 4c 7f 4d 0c be 55 09 8f d6 73 a1 8c a0
    4a 93 b9 70 5d c9 74 e9 e4 b7 dd 01 ad 12 05 5c
    74 d0 7b df f6 75 02 7b 8b 58 6a 30 b1 32 83 2a
    f6 29 ae bb 89 bf 55 cd dc 9c 5f 63 cb af a4 18
    3b 3e f9 02 06 18 ca ee 2c af c6 00 cb e9 43 2d
    83 6a 85 89 07 a2 a6 52 8a 83 b9 9c 3b fa 8d d2
    38 8d 74 42 53 30 95 0e d8 11 39 a4 13 57 5f e4
    5d 40 35 6f 9f b8 6e 68 c6 95 4b 55 44 b8 3a 47
    a3 25 10 77 57 b3 af 6c 2a 6b 51 b5 a9 22 e5 fe
    96 d6 ef c2 e9 47 b6 a1 cd e7 55 52 cb f9 d5 4c
    64 29 99 94 4a 30 4b a4 d4 9e 5c 3b 6d b7 6a 91
    a1 1b 11 32 15 14 15 11 06 3b 1b 51 f4 d7 d3 61
    76 06 1d e8 30 0f
<<< TLS 1.2, RecordHeader [length 0005]
    16 03 03 04 ba
<<< TLS 1.3, Handshake [length 04ba], ServerHello
    02 00 04 b6 03 03 10 df a9 0e 8b 14 1d 6f 38 a0
    d3 49 71 99 81 07 e7 9f 46 6e f8 94 01 b6 cb f6
    81 7d c8 3f ec 7a 20 86 a1 7e 2d 24 61 4e 8e 69
    95 5f ed 87 1c d2 b1 54 fc ae 6a 08 65 8f 13 06
    68 6d 4d 56 3f e5 06 13 02 00 04 6e 00 2b 00 02
    03 04 00 33 04 64 11 ec 04 60 fc d1 92 03 e3 01
    08 41 87 03 3f a9 c8 f5 83 ad 57 84 f4 68 3c 1d
    58 cf 70 8a 98 90 84 c7 7f 89 73 5d 83 ac 67 3a
    15 0b f3 1a ff 75 86 21 aa b2 fe 34 cf 36 bd fd
    8f 78 23 dd 01 32 36 2f b1 87 96 35 81 00 1a ed
    38 22 f2 da da 49 65 c5 a0 96 28 a3 66 6c 39 64
    6f 4b 45 3c 74 eb 82 53 2b 6a 3e 19 a7 9e 53 31
    95 60 15 19 14 35 9a d2 56 55 33 fe d0 f3 ae 28
    43 cd 5f a2 2a 79 68 7e 05 a4 0d 94 6c 36 31 8e
    9e f2 28 e8 91 be c0 82 a6 c6 a3 07 30 67 d3 4a
    e8 c4 43 30 62 5c d8 91 c3 b3 5b 6f 0a d9 a9 57
    b0 1f 51 93 3c 9e 21 fd e7 20 46 83 6f e7 30 cf
    a5 11 57 ef 3d 96 f3 e6 52 20 49 dc d1 dd e5 56
    26 6b 63 04 f6 21 7b ad cd ed dc 58 95 81 47 13
    2a 99 81 e8 52 1a 4a 78 ad e2 1b 2e e9 9c 0b 80
    a7 7e 6f 7e ea 2f 39 91 4f 2a 88 88 36 94 11 9d
    49 46 9a 8d 5d d9 9c 54 a2 25 41 d6 d2 69 20 06
    b8 2f cb 2e 32 6e 35 48 f2 66 3c 67 64 6e 21 21
    68 f4 24 f6 78 f3 0d eb ce 5b b8 e7 01 42 e4 5c
    e4 46 d3 ec 13 18 6b 4d ce f7 a7 3d bc e5 00 33
    da 7f 52 fa d9 fa 17 b0 58 24 9e f3 8d d6 5a 04
    96 32 22 9a 50 73 85 9f e1 bb 52 1a 83 32 bd 67
    61 7a f8 f0 67 25 f0 60 45 0d e7 4e 81 cb d2 53
    d6 12 6c c0 a5 40 c6 80 38 fd 01 1a ca cb d3 38
    8e 6e b6 6a 00 87 7d 5e 81 2e 93 07 dd f5 0d bb
    0d 81 38 95 9e 30 79 8a a3 5f 84 0e 05 a8 66 e0
    cf dc 0d b6 f7 9e 06 5c 08 15 e1 c8 d1 61 b9 2b
    d1 67 ee 4c 94 74 c4 dd 7d 42 07 c3 81 ca 73 6b
    05 bf f9 9c 68 f5 eb 76 32 a5 c6 0f ef f6 10 b3
    e1 92 71 f2 7a 75 91 e2 49 40 f1 52 16 9c 64 d7
    13 2f 60 4d 45 c8 72 bd f0 7a 39 39 d6 d5 45 77
    cb 64 8f 0b 43 d9 f3 f2 d3 4b 58 2f 96 2d d3 27
    c3 a2 21 8d 9e 17 6b 0c 91 0b d4 a1 85 b6 7f 25
    92 d2 05 d2 ef ea 14 9a bd da 5e 57 3d 53 f9 e9
    c8 61 38 fd f8 34 3f ad dc bb 42 14 a9 8b 59 61
    5e 5c f2 3b d7 cf f6 b5 2d 87 10 a5 b9 05 e4 9a
    8b c8 92 2e 11 95 2a 09 c8 e5 df e3 77 99 de 99
    ba c5 38 07 b5 88 27 fe 8a 58 20 e0 f9 55 8a 2b
    98 81 b5 cd 8c 2b 40 c4 35 a1 94 b6 94 08 8f af
    b0 b8 01 f8 46 02 64 0c 3f 2c c2 e9 7c 90 82 fa
    ac 6e 72 bb 5c e5 84 d7 64 5c 44 ef e9 a0 38 91
    28 21 4b 22 44 30 7a ba c8 52 30 b6 43 a7 1f a0
    a7 32 d6 31 fc b1 1b 9d 3f 22 fd 43 bd 87 8e 16
    e2 97 c7 fb 40 f1 79 5e fb 05 6d 75 c9 8f d3 5c
    90 f3 54 3c c3 a9 ee cc 42 03 fa a9 60 a4 12 40
    f0 68 7f 47 b5 7a ee 4e 1b c9 a2 04 73 2d 99 44
    ad 17 fb 9c 6f a9 72 db a3 cf be d5 00 97 98 c7
    fb 7e 9c 76 48 cb 95 1c ab 35 8d 58 e1 9c f1 d3
    13 2e a6 d7 28 36 5c a7 e4 5e 1a 9d 16 34 b3 6b
    c5 35 e6 78 72 65 d0 d5 11 57 f3 39 c4 f2 18 8b
    9a e0 68 a6 c3 60 8a 8c 01 ad 23 a4 a2 3e 7a 8f
    06 57 37 a1 03 75 83 c0 8d 11 54 d6 e1 74 3e e8
    09 2a bd 70 fb 4f 10 ab 96 f9 48 3c 49 ea 37 08
    c1 c6 dc 89 2f 72 9a 4f 98 a8 be bb 36 c9 76 69
    2d b5 aa e4 7a 58 8e c7 7b 19 1c c1 ae 3a 26 52
    7c fb 16 87 4c f1 9f df 84 b8 5d 75 5f d2 7e 2a
    44 8c 9d bb be 75 39 9e 7b 6b 56 48 ce d1 79 19
    6b bf 9f de ce cb 2a 28 7f 72 4e 45 48 5b d6 33
    d0 63 85 c0 af bd 05 38 67 4a 33 46 c5 94 02 5b
    9d b2 0e 4b 47 be 97 85 65 06 7f b9 49 d7 e8 54
    30 40 63 08 cc b4 38 6f 5e 23 de df bb 60 36 81
    10 8e d3 ab eb e5 15 3e b6 0e 33 60 f9 ca c1 f8
    1f 7e 22 43 57 66 0d 18 f6 ca c0 f0 e8 98 51 15
    b5 01 96 06 10 63 62 29 2a 34 03 ae d7 6e 14 0a
    60 73 14 58 65 2c b3 d6 54 73 c1 a6 e8 58 85 f9
    a8 c5 73 d5 c0 29 23 f3 13 c5 ee 2d 42 aa a0 cb
    33 c4 fe 4f ce ba e5 53 08 15 2d 35 4f 23 f9 25
    02 ed 94 f3 34 cb 97 9d d0 75 e9 0b 9e c0 71 f8
    65 eb a9 46 41 0e 19 dc b6 71 16 9c e3 2e 20 d0
    f1 9f e7 7c f5 69 41 06 2d de 08 f6 13 5a 14 a3
    47 89 58 fb 06 57 66 60 5c 5d
<<< TLS 1.2, RecordHeader [length 0005]
    14 03 03 00 01
<<< TLS 1.3, ChangeCipherSpec [length 0001]
    01
<<< TLS 1.2, RecordHeader [length 0005]
    17 03 03 00 17
<<< TLS 1.3, InnerContent [length 0001]
    16
<<< TLS 1.3, Handshake [length 0006], EncryptedExtensions
    08 00 00 02 00 00
<<< TLS 1.2, RecordHeader [length 0005]
    17 03 03 03 47
<<< TLS 1.3, InnerContent [length 0001]
    16
<<< TLS 1.3, Handshake [length 0336], Certificate
    0b 00 03 32 00 00 03 2e 00 03 29 30 82 03 25 30
    82 02 0d a0 03 02 01 02 02 01 02 30 0d 06 09 2a
    86 48 86 f7 0d 01 01 0b 05 00 30 12 31 10 30 0e
    06 03 55 04 03 0c 07 52 6f 6f 74 20 43 41 30 20
    17 0d 31 36 30 31 31 34 32 32 32 39 34 36 5a 18
    0f 32 31 31 36 30 31 31 35 32 32 32 39 34 36 5a
    30 19 31 17 30 15 06 03 55 04 03 0c 0e 73 65 72
    76 65 72 2e 65 78 61 6d 70 6c 65 30 82 01 22 30
    0d 06 09 2a 86 48 86 f7 0d 01 01 01 05 00 03 82
    01 0f 00 30 82 01 0a 02 82 01 01 00 d5 5d 60 6a
    df fc 61 ee 48 aa 8c 11 48 43 a5 6d b6 52 5d aa
    98 49 b1 61 92 35 b1 fc 3a 04 25 0c 6d 79 ff b4
    d5 c9 e9 5c 1c 3b e0 ab b3 b8 7d a3 de 6d bd e0
    dd d7 5a bf 14 47 11 42 5e a6 82 d0 61 c1 7f dd
    13 46 e6 09 85 07 0e f2 d4 fc 1a 64 d2 0a ad 20
    ab 20 6b 96 f0 ad cc c4 19 53 55 dc 01 1d a4 b3
    ef 8a b4 49 53 5d 8a 05 1c f1 dc e1 44 bf c5 d7
    e2 77 19 57 5c 97 0b 75 ee 88 43 71 0f ca 6c c1
    b4 b2 50 a7 77 46 6c 58 0f 11 bf f1 76 24 5a ae
    39 42 b7 51 67 29 e1 d0 55 30 6f 17 e4 91 ea ad
    f8 28 c2 43 6f a2 64 a9 fb 9d 98 92 62 48 3e eb
    0d 4f 82 4a 8a ff 3f 72 ee 96 b5 ae a1 c1 98 ba
    ef 7d 90 75 6d ff 5a 52 9e ab f5 c0 7e d0 87 43
    db 85 07 07 0f 7d 38 7a fd d1 d3 ee 65 1d d3 ea
    39 6a 87 37 ee 4a d3 e0 0d 6e f5 70 ac c2 bd f1
    6e f3 92 95 5e a9 f0 a1 65 95 93 8d 02 03 01 00
    01 a3 7d 30 7b 30 1d 06 03 55 1d 0e 04 16 04 14
    c0 e7 84 bf e8 59 27 33 10 b0 52 4f 51 52 2f 06
    d6 c0 7a cd 30 1f 06 03 55 1d 23 04 18 30 16 80
    14 70 7f 2e ae 83 68 59 98 04 23 2a cd eb 3e 17
    cd 24 dd 01 49 30 09 06 03 55 1d 13 04 02 30 00
    30 13 06 03 55 1d 25 04 0c 30 0a 06 08 2b 06 01
    05 05 07 03 01 30 19 06 03 55 1d 11 04 12 30 10
    82 0e 73 65 72 76 65 72 2e 65 78 61 6d 70 6c 65
    30 0d 06 09 2a 86 48 86 f7 0d 01 01 0b 05 00 03
    82 01 01 00 7b d3 04 43 75 8a 0f 11 ae c4 fb d7
    a1 a2 9e fe 20 18 d5 f4 2f 31 88 46 b6 75 8c ee
    e5 9b 97 a6 b9 a3 cd 60 9a 46 c3 48 97 e5 97 68
    f7 5a 86 35 73 d9 69 9e f9 5f 74 b9 e6 94 13 01
    cb 6a dc e3 c4 04 e9 65 da 9c a4 8b 28 f3 f9 9a
    7f bf 97 1f 45 92 e5 05 b1 56 e6 0b f6 47 de 1e
    89 b6 2b e1 4d df 4a 7e 01 d3 23 dc 97 8c 47 fe
    5f c7 cc 98 46 0e c4 83 5b ca 8a f1 52 09 be 6b
    ec 3f 09 8b d0 93 02 bf e1 51 e7 d1 7e 34 56 19
    74 d0 ff 28 25 de b7 9f 56 52 91 7d 20 29 85 0a
    80 44 5f 71 32 25 71 0f c2 16 e2 5f 6b 1d 3f 32
    5b 0a 3c 74 1c b9 62 f1 ed 07 50 a3 6d b4 b4 31
    0a c0 53 44 6a 3a 88 84 8b 2d a9 b0 37 8e e6 18
    36 bd 9a 20 40 0f 01 92 8b 3d aa 61 e7 ae 2c ed
    36 cd 3a 07 86 74 3a 29 b3 d7 3a b4 00 a9 c2 f5
    92 78 0e e2 0f a3 fe bb be e0 06 53 84 59 1d 90
    69 e5 b6 f9 00 00
<<< TLS 1.2, RecordHeader [length 0005]
    17 03 03 01 19
<<< TLS 1.3, InnerContent [length 0001]
    16
<<< TLS 1.3, Handshake [length 0108], CertificateVerify
    0f 00 01 04 08 04 01 00 5f 87 7c 84 35 b7 68 b3
    7e 5b 94 38 9d 13 23 e0 11 11 c1 7b 9c 46 77 b4
    71 f9 d7 1e 47 e6 7a 81 b3 95 4a 60 99 71 eb 8f
    3f d3 01 32 7e f9 d7 77 ef 91 e2 88 bf f7 32 5b
    71 ac 1c 6c 3c b7 55 b1 ce 5f 26 2b d6 5a 42 79
    a5 4e 9f 0f f8 b6 7e 2e d5 19 56 8b 20 93 f7 15
    31 2b 44 fe 56 bd cb 81 14 fa 77 9c 1d c8 a5 15
    a6 7f 1d 62 25 74 fd b0 17 a6 89 e7 25 95 33 98
    96 12 0e 76 41 3a 94 74 26 65 d4 99 b4 d4 df 23
    85 dd 6d 40 28 e6 bb 52 aa 5d 30 94 a3 0e c6 45
    ff df be 76 43 b2 2a e5 5c 9b 41 f6 92 5e 69 d8
    5c 36 8a f1 c6 cb 31 8e 80 7f bb 4e 73 25 a0 13
    7a 86 58 52 c4 d4 f8 79 8e fc df 7e 1b cb 50 a6
    59 d5 07 22 e3 6c c3 b9 8b 2c 90 72 61 1a 04 1f
    b3 af 92 a2 1d ca 69 04 4b 41 37 da b7 9a d7 1d
    0f b1 cc f3 36 a2 54 81 15 63 f7 1a 78 b4 aa 16
    ad 4f a5 fc 23 79 6e a6
<<< TLS 1.2, RecordHeader [length 0005]
    17 03 03 00 45
<<< TLS 1.3, InnerContent [length 0001]
    16
<<< TLS 1.3, Handshake [length 0034], Finished
    14 00 00 30 d3 6e a6 c7 3c 96 ae c9 50 7e 4c 92
    df 75 eb ee 51 93 75 2a 5d 30 a0 d7 d6 c5 4e 48
    bb 27 4e a2 b9 dd 08 ae d2 5e 80 1d 63 9d fb 2f
    11 87 39 b3
>>> TLS 1.2, RecordHeader [length 0005]
    14 03 03 00 01
>>> TLS 1.3, ChangeCipherSpec [length 0001]
    01
>>> TLS 1.2, RecordHeader [length 0005]
    17 03 03 00 45
>>> TLS 1.2, InnerContent [length 0001]
    16
>>> TLS 1.3, Handshake [length 0034], Finished
    14 00 00 30 2c 9a 8c 91 eb f3 2c 6f d7 7f 26 ad
    1f a1 51 8c 1e c6 ce f2 8c 56 08 49 f7 2a ff 83
    7e b6 a1 b5 9f ef 8e 18 17 ad 97 1a 9f 05 f1 c2
    c7 b9 60 da
---
Certificate chain
 0 s:CN=server.example
   i:CN=Root CA
   a:PKEY: RSA, 2048 (bit); sigalg: sha256WithRSAEncryption
   v:NotBefore: Jan 14 22:29:46 2016 GMT; NotAfter: Jan 15 22:29:46 2116 GMT
---
Server certificate
-----BEGIN CERTIFICATE-----
MIIDJTCCAg2gAwIBAgIBAjANBgkqhkiG9w0BAQsFADASMRAwDgYDVQQDDAdSb290
IENBMCAXDTE2MDExNDIyMjk0NloYDzIxMTYwMTE1MjIyOTQ2WjAZMRcwFQYDVQQD
DA5zZXJ2ZXIuZXhhbXBsZTCCASIwDQYJKoZIhvcNAQEBBQADggEPADCCAQoCggEB
ANVdYGrf/GHuSKqMEUhDpW22Ul2qmEmxYZI1sfw6BCUMbXn/tNXJ6VwcO+Crs7h9
o95tveDd11q/FEcRQl6mgtBhwX/dE0bmCYUHDvLU/Bpk0gqtIKsga5bwrczEGVNV
3AEdpLPvirRJU12KBRzx3OFEv8XX4ncZV1yXC3XuiENxD8pswbSyUKd3RmxYDxG/
8XYkWq45QrdRZynh0FUwbxfkkeqt+CjCQ2+iZKn7nZiSYkg+6w1PgkqK/z9y7pa1
rqHBmLrvfZB1bf9aUp6r9cB+0IdD24UHBw99OHr90dPuZR3T6jlqhzfuStPgDW71
cKzCvfFu85KVXqnwoWWVk40CAwEAAaN9MHswHQYDVR0OBBYEFMDnhL/oWSczELBS
T1FSLwbWwHrNMB8GA1UdIwQYMBaAFHB/Lq6DaFmYBCMqzes+F80k3QFJMAkGA1Ud
EwQCMAAwEwYDVR0lBAwwCgYIKwYBBQUHAwEwGQYDVR0RBBIwEIIOc2VydmVyLmV4
YW1wbGUwDQYJKoZIhvcNAQELBQADggEBAHvTBEN1ig8RrsT716Ginv4gGNX0LzGI
RrZ1jO7lm5emuaPNYJpGw0iX5Zdo91qGNXPZaZ75X3S55pQTActq3OPEBOll2pyk
iyjz+Zp/v5cfRZLlBbFW5gv2R94eibYr4U3fSn4B0yPcl4xH/l/HzJhGDsSDW8qK
8VIJvmvsPwmL0JMCv+FR59F+NFYZdND/KCXet59WUpF9ICmFCoBEX3EyJXEPwhbi
X2sdPzJbCjx0HLli8e0HUKNttLQxCsBTRGo6iISLLamwN47mGDa9miBADwGSiz2q
YeeuLO02zToHhnQ6KbPXOrQAqcL1kngO4g+j/ru+4AZThFkdkGnltvk=
-----END CERTIFICATE-----
subject=CN=server.example
issuer=CN=Root CA
---
No client certificate CA names sent
Peer signing digest: SHA256
Peer signature type: rsa_pss_rsae_sha256
Negotiated TLS1.3 group: X25519MLKEM768
---
SSL handshake has read 2453 bytes and written 1483 bytes
Verification error: unable to verify the first certificate
---
New, TLSv1.3, Cipher is TLS_AES_256_GCM_SHA384
Protocol: TLSv1.3
Server public key is 2048 bit
This TLS version forbids renegotiation.
Compression: NONE
Expansion: NONE
No ALPN negotiated
Early data was not sent
Verify return code: 21 (unable to verify the first certificate)
---
>>> TLS 1.2, RecordHeader [length 0005]
    17 03 03 00 13
>>> TLS 1.2, InnerContent [length 0001]
    15
>>> TLS 1.3, Alert [length 0002], warning close_notify
    01 00
Connecting to 127.0.0.1
SSL_connect:before SSL initialization
SSL_connect:SSLv3/TLS write client hello
SSL_connect:SSLv3/TLS write client hello
SSL_connect:SSLv3/TLS read server hello
Can't use SSL_get_servername
SSL_connect:TLSv1.3 read encrypted extensions
depth=0 CN=server.example
verify error:num=20:unable to get local issuer certificate
verify return:1
depth=0 CN=server.example
verify error:num=21:unable to verify the first certificate
verify return:1
depth=0 CN=server.example
verify return:1
SSL_connect:SSLv3/TLS read server certificate
SSL_connect:TLSv1.3 read server certificate verify
SSL_connect:SSLv3/TLS read finished
SSL_connect:SSLv3/TLS write change cipher spec
SSL_connect:SSLv3/TLS write finished
DONE
SSL3 alert write:warning:close notify
