CONNECTED(00000003)
>>> TLS 1.0, RecordHeader [length 0005]
    16 03 01 00 d6
>>> TLS 1.3, Handshake [length 00d6], ClientHello
    01 00 00 d2 03 03 51 65 63 c5 ec 15 37 0f 7a 16
    d0 35 ab 38 c7 dc e7 db 4a ff bc a6 a9 fc 46 27
    c4 a4 90 06 49 cb 20 74 53 cf 82 28 f4 36 ec 06
    bd 0d 01 16 d1 1e 8b fc 9d e9 88 35 92 c0 58 30
    9c ad 2e c6 00 09 dd 00 06 13 02 13 03 13 01 01
    00 00 83 00 0b 00 04 03 00 01 02 00 0a 00 06 00
    04 11 ec 00 1d 00 23 00 00 00 16 00 00 00 17 00
    00 00 0d 00 2a 00 28 09 05 09 06 09 04 04 03 05
    03 06 03 08 07 08 08 08 1a 08 1b 08 1c 08 09 08
    0a 08 0b 08 04 08 05 08 06 04 01 05 01 06 01 00
    2b 00 03 02 03 04 00 2d 00 02 01 01 00 33 00 26
    00 24 00 1d 00 20 6d a3 76 7b 4e 27 21 d6 9f 51
    b0 69 43 27 f3 64 04 7a eb 3a c3 a0 9b 0a f3 fd
    2c 47 4f 21 93 71
<<< TLS 1.2, RecordHeader [length 0005]
    16 03 03 00 58
<<< TLS 1.3, Handshake [length 0058], ServerHello
    02 00 00 54 03 03 cf 21 ad 74 e5 9a 61 11 be 1d
    8c 02 1e 65 b8 91 c2 a2 11 16 7a bb 8c 5e 07 9e
    09 e2 c8 a8 33 9c 20 74 53 cf 82 28 f4 36 ec 06
    bd 0d 01 16 d1 1e 8b fc 9d e9 88 35 92 c0 58 30
    9c ad 2e c6 00 09 dd 13 02 00 00 0c 00 2b 00 02
    03 04 00 33 00 02 11 ec
>>> TLS 1.2, RecordHeader [length 0005]
    14 03 03 00 01
>>> TLS 1.3, ChangeCipherSpec [length 0001]
    01
>>> TLS 1.2, RecordHeader [length 0005]
    16 03 03 05 76
>>> TLS 1.3, Handshake [length 0576], ClientHello
    01 00 05 72 03 03 51 65 63 c5 ec 15 37 0f 7a 16
    d0 35 ab 38 c7 dc e7 db 4a ff bc a6 a9 fc 46 27
    c4 a4 90 06 49 cb 20 74 53 cf 82 28 f4 36 ec 06
    bd 0d 01 16 d1 1e 8b fc 9d e9 88 35 92 c0 58 30
    9c ad 2e c6 00 09 dd 00 06 13 02 13 03 13 01 01
    00 05 23 00 0b 00 04 03 00 01 02 00 0a 00 06 00
    04 11 ec 00 1d 00 23 00 00 00 16 00 00 00 17 00
    00 00 0d 00 2a 00 28 09 05 09 06 09 04 04 03 05
    03 06 03 08 07 08 08 08 1a 08 1b 08 1c 08 09 08
    0a 08 0b 08 04 08 05 08 06 04 01 05 01 06 01 00
    2b 00 03 02 03 04 00 2d 00 02 01 01 00 33 04 c6
    04 c4 11 ec 04 c0 9d 76 cf 92 b7 24 78 65 95 89
    aa 4e 9a 74 05 c7 81 82 ae 83 56 49 e3 c7 5c 3b
    71 5d 61 3f bf ac 2a 3c fc 54 d3 e4 19 06 c7 1a
    65 42 63 1d 81 8a bd db 7c 61 88 5c 04 7c 8e eb
    c5 21 27 dc 12 b3 1c 75 82 29 42 d4 6c 0e db c2
    7c d3 73 3a 23 2c 62 32 31 7d 7b eb 9d 06 50 01
    3b d9 9b b2 63 46 c2 52 57 c1 c0 a4 c9 bc 32 2e
    95 bc 7e 9a ac b7 0c bb aa 68 15 b9 73 bd c7 51
    2b b8 00 31 61 14 12 8b 4c 38 ba 76 66 f2 6c 52
    76 13 20 0e 40 c0 e7 f5 1e 6e 30 b0 f2 8a 1e 04
    60 1c 0c 88 b1 b5 37 14 2e 42 6d cc 86 0f cc d8
    5f 7b 83 79 63 02 28 36 37 9d a6 34 8f 39 e6 65
    ab a2 4a 35 3b bf 66 ba 67 33 d3 24 dd b1 4f 87
    f9 60 eb e0 75 9d 18 11 0b 89 23 20 d0 8e fb 84
    1b 04 49 10 b2 b0 bb 99 97 b3 fb 94 c7 fc e2 1c
    99 a4 90 f6 80 73 78 5b 2d b2 61 c1 69 ab 98 fc
    15 92 22 25 33 58 f5 54 47 99 7f 6c 4c 40 7a 27
    41 0c 14 c3 52 b9 58 42 20 5c 3a f9 41 17 f8 c5
    49 cc 6d 63 a7 87 ba eb 96 08 c7 c9 2f ab 20 0b
    c5 6e b9 95 63 29 ba aa f3 b4 22 58 1a 14 8b bb
    54 6a f7 8d cd a2 1c 22 43 2d e3 90 00 24 f4 7c
    33 20 33 b7 c0 ae 40 97 bc 0e 81 c6 fb a7 77 42
    32 9c 34 c8 62 18 d2 b4 6e b6 8a 3f 42 0e a2 5b
    ad 22 18 47 49 01 97 79 2b cf 02 37 b1 4b b6 80
    f5 ea b7 49 b4 2a c8 51 31 a2 72 31 af 53 86 48
    ab 84 b5 f3 ab 8f 11 1e 26 95 88 01 d3 37 41 13
    29 e1 e8 8f b7 d8 8e ae ac cb 80 00 0a a1 e1 97
    69 25 17 fe 24 67 f7 6c bc 51 56 0e 3e 49 84 20
    f5 6d 75 a4 7f 9e 20 9c fe c6 29 59 92 63 a2 06
    7a 4b 84 00 02 29 06 2e 28 1b 16 ca c3 ea 93 a3
    2a 16 0a 5f 77 96 db 42 32 66 58 bd d2 06 19 31
    66 56 07 b2 a0 ae cb 61 7d aa b1 7e b4 7b 05 50
    54 b4 d1 9e ef e4 44 ab b0 34 1a 67 40 17 db 2e
    92 51 3e 9e ca 96 96 dc 5a d2 10 05 c2 02 25 90
    ec 72 2c b0 c7 51 52 43 d6 05 91 89 db 10 2b dc
    92 1e ba 2e 31 89 ba 5f f1 23 86 30 43 e1 63 7e
    e8 20 4b 6a 77 a7 1a 69 a1 5c f1 6a d5 ab 41 2d
    35 b9 5a 33 31 c1 71 a3 81 da a8 c9 ec 46 ee 64
    c2 82 80 30 5b f7 5c 80 c9 a3 65 fb 0f 0b 36 21
    41 12 08 f2 71 40 19 32 3e 3e 15 3b 10 e2 59 43
    f6 53 06 62 28 48 fc 25 8e 58 1b 08 73 7d ac c0
    6e 95 99 b8 bf a5 09 a5 56 70 43 2a 86 a2 c0 61
    f3 b3 73 e2 87 91 9b 63 83 11 34 82 5f d9 4f 3e
    b7 5c 55 68 43 c4 3b 1d 4d 83 c5 ea 1c 3b b6 6b
    3b 1c 94 16 19 47 0c 40 84 46 c6 74 b1 0a 0b 5c
    e6 78 23 57 79 64 6d 8b 53 b4 90 78 c9 a0 2c ff
    42 9f ac 78 a1 bb 96 23 8c ea 83 6c b4 bd f7 45
    17 6a 7c 44 b2 54 37 d8 13 23 1f 47 94 f8 ac 99
    c0 92 ad bc 67 6a 8f d7 59 6e 77 81 ac 97 c4 26
    10 1b fe 50 20 1d b2 9f cd f0 cf 00 fc a3 51 77
    c9 79 45 71 93 cb 1f b0 86 b0 c8 6a a9 af 24 17
    63 66 55 e3 03 9a fe 4c cb 42 0b 37 ca 57 a9 9a
    95 54 91 b5 5d a5 22 7e a8 52 01 4a 5a 44 d2 28
    b9 a1 c0 c7 d5 93 63 4a b6 ae b9 f6 88 41 12 b8
    1b cc 05 b2 84 5a e1 41 ae 76 9b 80 55 47 00 99
    fc b5 a4 6c a2 36 a7 cd 42 62 a2 22 c4 92 df 2c
    18 04 16 63 35 05 ce 2f c1 9a 9c b3 26 df 17 00
    79 98 09 00 30 1c e2 11 6f 42 c2 37 60 a6 46 9a
    e8 70 b7 89 6f 1f ac 67 4e d0 99 76 62 ce 55 c7
    4c fd 08 75 fd dc 10 52 bc 59 39 10 ad 8f a2 2b
    7a 6a 7b 6f 19 5d ba d4 08 02 e5 69 57 83 79 c9
    4b 90 b2 cc 51 93 78 52 4e 64 b0 d4 d6 b5 ac 78
    29 38 2c 7f 9d 46 5f 18 32 af 86 6b 1a 3b da a5
    5d c7 5a 15 20 9e 73 20 aa 78 0b 38 b5 23 31 c1
    20 9f 68 47 64 8f 57 1e 99 8a cf 42 d9 1e be c3
    9d e5 c8 bc 62 13 ac 2d 31 2e 22 a3 61 24 29 8a
    73 07 57 6b a1 1d be cb 24 7f a3 76 b4 f1 a6 d5
    76 33 08 49 9d 41 b0 99 86 b6 91 6c 32 7e 87 e9
    8f 4c 03 03 4a 28 25 64 e1 cb e9 40 c8 e0 ab 04
    b0 4b 84 41 67 cd 6f ba be 17 38 8c 42 49 01 41
    79 3b c2 63 24 4e d7 3e 55 83 87 21 42 9b e4 08
    b4 55 0b 6e 5b 8b 6a 1a 4a c5 e7 63 bd e6 a2 ab
    1e 08 2c 35 fb 6f d1 9d b0 3c 15 9a f5 24 16 03
    9b 1c d4 8d 0c a1 fa 39 90 ce 2e b9 15 7f 18 58
    46 15 fc f1 bf 8b 71 c0 06 63 3f 6c 41 df 52 77
    1b d9 60 1a b7 d2 83 a3 64 06 87 f0 fd fb 52 7c
    1f c5 b4 9a b2 40
<<< TLS 1.2, RecordHeader [length 0005]
    14 03 03 00 01
<<< TLS 1.3, ChangeCipherSpec [length 0001]
    01
<<< TLS 1.2, RecordHeader [length 0005]
    16 03 03 04 ba
<<< TLS 1.3, Handshake [length 04ba], ServerHello
    02 00 04 b6 03 03 56 ef 46 53 8e 4c 89 70 66 e9
    75 7a 10 0a d1 6f ca ac 09 ba 72 96 26 00 71 bf
    09 fe df 50 84 e4 20 74 53 cf 82 28 f4 36 ec 06
    bd 0d 01 16 d1 1e 8b fc 9d e9 88 35 92 c0 58 30
    9c ad 2e c6 00 09 dd 13 02 00 04 6e 00 2b 00 02
    03 04 00 33 04 64 11 ec 04 60 d2 10 c4 e0 f6 70
    44 8c 5e 3a da fc 4a ac 2c 3c be e1 f0 27 9e 56
    95 e9 23 4c 40 30 98 87 cb 04 e5 5a b4 1b 8b 0e
    50 e7 45 8e cd 1b 29 87 c2 38 76 86 5d 3f 43 08
    01 ec 92 9b 56 1e 29 5e 15 25 aa 1d 58 68 2e 14
    3f 98 77 1c d3 32 fc 90 84 00 2a 40 e4 b7 19 f4
    10 e8 c6 73 ed d0 0d 69 39 7d c3 a1 84 05 84 7e
    15 c7 cd 8e 20 cc 2a 8d d0 0d 6d 5e 47 29 76 b0
    c6 3a 0f 7a 4e 9f 69 48 21 b8 c0 08 26 d0 4b 75
    35 3f 53 db d9 38 98 a5 b4 d1 2a fb 0a 97 7c 2e
    3a ad 0d 09 6e 4e 7e e6 52 0b ad fe 9b 93 ab e7
    49 da ae ee 54 88 11 ac 5a c3 6d fd 32 a4 a2 e5
    df e6 07 d5 e5 b5 38 8a 0a d1 39 e6 fa dd 4e 26
    14 07 1f a4 f0 c6 62 2d 48 51 6e 43 b9 bb be b0
    30 cf 4e 5b 33 88 ea 15 e7 90 3b 35 3f c9 65 fe
    80 77 4f c3 18 68 36 72 de 64 7e f5 55 ce 06 71
    9a 7c dc 9a 68 5f 55 e9 9f 3b 6e 72 af 92 a8 e7
    ef dc 26 51 0f 2e ca e1 e3 66 b1 30 c4 cc 83 90
    a1 ca 08 72 9a f0 5f 77 25 30 69 71 46 5a 99 14
    eb fc d9 21 41 85 bc b7 87 73 6c 23 de bd ae 14
    89 2f f7 ed 94 10 18 6c 96 a1 71 be 00 eb dd 99
    3a 6e 5f c4 12 68 a0 d4 79 aa 5a c2 0c d1 45 9f
    d8 19 92 8b 1a 12 bc fd 24 f4 7d f8 1a e4 e7 08
    0e 89 52 6e eb af 2f 43 85 e2 e8 5d c7 21 df 19
    ed f1 80 30 b5 21 71 5e d5 b4 7f 32 4b b9 18 33
    f9 13 49 c1 91 f7 33 a1 76 54 49 4c f9 69 e3 f1
    de 7c 95 b4 3f 13 99 98 30 7b ca fb a1 8a 52 0d
    30 4f f4 73 be 5a 15 47 ae b1 b8 46 fa e8 b6 98
    97 b6 a1 90 d9 f3 f3 94 a6 31 1c 85 48 97 b0 77
    54 37 37 92 6d 42 96 a9 0b f1 e6 c4 eb 6b 4c 4c
    25 a4 e8 5e 3d 98 b0 97 00 94 8f f4 f5 15 9f 11
    44 c2 3a b4 db e3 02 87 02 64 e1 3c d1 72 5b ff
    3a e8 ba 2b 0b 60 e5 f8 2e 76 f4 40 3b a6 5b e4
    d0 81 bd ff 02 3d 1e 11 92 c1 4f d1 30 48 02 95
    9b 4d 2d 1d 6f f5 8c d8 bb 00 76 da 05 f3 8c ef
    05 4d 6f 7b 7b cb 8a c3 dc c9 ad ab 5f 3f 97 73
    ee 2c e4 14 36 0a 2f 55 15 bf 0c c9 61 ac 61 33
    06 3e 86 be 8a 52 97 9b 90 31 2a c8 7f e7 20 f9
    27 85 01 6f 6b f1 09 fa 8a 41 00 ad d5 e2 24 bf
    ca 2c 47 77 8a 8a 3e a8 4c 0e 15 aa 2d 3a 61 d1
    94 0b 12 5b 82 11 ca 6d 3b 8e 5e 45 9c 03 00 8d
    e4 e9 ac 32 da 73 3c db f2 d9 8a 0b 4c 26 56 4a
    c7 5f f1 a2 a9 55 95 5c d1 91 6f e2 f4 01 7b bf
    4d 4b 84 91 8e 58 72 4b a1 e8 52 f9 d9 be 31 08
    1d 45 20 9d e8 a4 f7 ce aa 8e 27 17 35 b0 d4 d0
    fe 7d dd 5d 30 29 01 d2 1a e0 b9 6f 27 7b 92 a4
    b2 d0 30 5d ab ce fb f1 0f fd b8 d2 25 6f 13 bd
    94 56 83 b5 6e f2 fd 9f d1 03 15 bd dc 30 a9 b7
    c8 e5 c7 9e 1e 61 5d d1 0c c2 f7 70 63 e9 25 ce
    5c d1 bb a4 c6 d0 85 7a ab 92 fd d9 8d 7f bb fc
    51 c6 34 e3 cd 2c 64 61 99 08 16 34 53 97 e0 7b
    56 5e 0b f7 69 80 46 eb 88 5c f1 0a d1 be eb 9e
    07 0e 20 94 c4 67 a9 58 48 b6 92 8f 3a 80 ba 9e
    01 af 4c ee f3 dd 0a ec fe 5b ae 32 05 5a af 04
    a1 62 78 99 d2 64 98 1e f1 e4 e5 ed 67 a4 cd e5
    84 bb f7 32 4e 09 ed 61 70 ad d5 90 74 1e 05 07
    8f c1 1d da d6 e8 eb bc a1 9f 06 fa 1c 2f 69 71
    57 cb 17 fa e2 88 9a 2d c0 92 79 80 57 12 51 f4
    08 5d 3d 64 f0 55 f4 31 93 a5 91 7b 23 dd ee cf
    df a4 45 0f a0 e5 72 91 2f 7e 6b f1 08 f8 ef 58
    b3 15 f4 0e 5c 6e 69 ad de 92 72 89 19 b6 fb 00
    54 bf 7d 39 8d 78 9c 49 2c 40 fb 16 83 fa da fc
    57 71 97 0e ad 6c f3 28 79 9b f2 6f ce 78 f8 a6
    2e 5d e1 45 92 3b 00 af 3d 04 8a 3b 67 d7 25 28
    24 07 3c b8 35 50 34 5f 13 c5 a1 29 51 90 6b 9f
    f5 56 b0 c1 53 c7 08 e0 10 65 ec 29 48 78 11 02
    b1 ad a6 d6 5f 9f b4 0d a5 bf b3 9b 16 e1 8d ba
    7c 29 cf 34 fa b2 43 b3 86 7a 4c 09 3f a1 cf 20
    c3 a9 72 59 c7 30 b7 c8 8b fc 54 4c 8e 7d 4e fb
    4c 09 cf cb 9d 7d 95 8a 81 44 16 96 14 f7 39 0e
    9f 9a 56 5a 4e 26 d7 91 69 3b
<<< TLS 1.2, RecordHeader [length 0005]
    17 03 03 00 17
<<< TLS 1.3, InnerContent [length 0001]
    16
<<< TLS 1.3, Handshake [length 0006], EncryptedExtensions
    08 00 00 02 00 00
<<< TLS 1.2, RecordHeader [length 0005]
    17 03 03 03 47
<<< TLS 1.3, InnerContent [length 0001]
    16
<<< TLS 1.3, Handshake [length 0336], Certificate
    0b 00 03 32 00 00 03 2e 00 03 29 30 82 03 25 30
    82 02 0d a0 03 02 01 02 02 01 02 30 0d 06 09 2a
    86 48 86 f7 0d 01 01 0b 05 00 30 12 31 10 30 0e
    06 03 55 04 03 0c 07 52 6f 6f 74 20 43 41 30 20
    17 0d 31 36 30 31 31 34 32 32 32 39 34 36 5a 18
    0f 32 31 31 36 30 31 31 35 32 32 32 39 34 36 5a
    30 19 31 17 30 15 06 03 55 04 03 0c 0e 73 65 72
    76 65 72 2e 65 78 61 6d 70 6c 65 30 82 01 22 30
    0d 06 09 2a 86 48 86 f7 0d 01 01 01 05 00 03 82
    01 0f 00 30 82 01 0a 02 82 01 01 00 d5 5d 60 6a
    df fc 61 ee 48 aa 8c 11 48 43 a5 6d b6 52 5d aa
    98 49 b1 61 92 35 b1 fc 3a 04 25 0c 6d 79 ff b4
    d5 c9 e9 5c 1c 3b e0 ab b3 b8 7d a3 de 6d bd e0
    dd d7 5a bf 14 47 11 42 5e a6 82 d0 61 c1 7f dd
    13 46 e6 09 85 07 0e f2 d4 fc 1a 64 d2 0a ad 20
    ab 20 6b 96 f0 ad cc c4 19 53 55 dc 01 1d a4 b3
    ef 8a b4 49 53 5d 8a 05 1c f1 dc e1 44 bf c5 d7
    e2 77 19 57 5c 97 0b 75 ee 88 43 71 0f ca 6c c1
    b4 b2 50 a7 77 46 6c 58 0f 11 bf f1 76 24 5a ae
    39 42 b7 51 67 29 e1 d0 55 30 6f 17 e4 91 ea ad
    f8 28 c2 43 6f a2 64 a9 fb 9d 98 92 62 48 3e eb
    0d 4f 82 4a 8a ff 3f 72 ee 96 b5 ae a1 c1 98 ba
    ef 7d 90 75 6d ff 5a 52 9e ab f5 c0 7e d0 87 43
    db 85 07 07 0f 7d 38 7a fd d1 d3 ee 65 1d d3 ea
    39 6a 87 37 ee 4a d3 e0 0d 6e f5 70 ac c2 bd f1
    6e f3 92 95 5e a9 f0 a1 65 95 93 8d 02 03 01 00
    01 a3 7d 30 7b 30 1d 06 03 55 1d 0e 04 16 04 14
    c0 e7 84 bf e8 59 27 33 10 b0 52 4f 51 52 2f 06
    d6 c0 7a cd 30 1f 06 03 55 1d 23 04 18 30 16 80
    14 70 7f 2e ae 83 68 59 98 04 23 2a cd eb 3e 17
    cd 24 dd 01 49 30 09 06 03 55 1d 13 04 02 30 00
    30 13 06 03 55 1d 25 04 0c 30 0a 06 08 2b 06 01
    05 05 07 03 01 30 19 06 03 55 1d 11 04 12 30 10
    82 0e 73 65 72 76 65 72 2e 65 78 61 6d 70 6c 65
    30 0d 06 09 2a 86 48 86 f7 0d 01 01 0b 05 00 03
    82 01 01 00 7b d3 04 43 75 8a 0f 11 ae c4 fb d7
    a1 a2 9e fe 20 18 d5 f4 2f 31 88 46 b6 75 8c ee
    e5 9b 97 a6 b9 a3 cd 60 9a 46 c3 48 97 e5 97 68
    f7 5a 86 35 73 d9 69 9e f9 5f 74 b9 e6 94 13 01
    cb 6a dc e3 c4 04 e9 65 da 9c a4 8b 28 f3 f9 9a
    7f bf 97 1f 45 92 e5 05 b1 56 e6 0b f6 47 de 1e
    89 b6 2b e1 4d df 4a 7e 01 d3 23 dc 97 8c 47 fe
    5f c7 cc 98 46 0e c4 83 5b ca 8a f1 52 09 be 6b
    ec 3f 09 8b d0 93 02 bf e1 51 e7 d1 7e 34 56 19
    74 d0 ff 28 25 de b7 9f 56 52 91 7d 20 29 85 0a
    80 44 5f 71 32 25 71 0f c2 16 e2 5f 6b 1d 3f 32
    5b 0a 3c 74 1c b9 62 f1 ed 07 50 a3 6d b4 b4 31
    0a c0 53 44 6a 3a 88 84 8b 2d a9 b0 37 8e e6 18
    36 bd 9a 20 40 0f 01 92 8b 3d aa 61 e7 ae 2c ed
    36 cd 3a 07 86 74 3a 29 b3 d7 3a b4 00 a9 c2 f5
    92 78 0e e2 0f a3 fe bb be e0 06 53 84 59 1d 90
    69 e5 b6 f9 00 00
<<< TLS 1.2, RecordHeader [length 0005]
    17 03 03 01 19
<<< TLS 1.3, InnerContent [length 0001]
    16
<<< TLS 1.3, Handshake [length 0108], CertificateVerify
    0f 00 01 04 08 04 01 00 d3 66 62 68 df 8b 7d 8b
    00 99 34 61 6d e2 fe 8e 2b 99 6d 11 46 36 b5 f6
    02 35 5b 40 d0 95 de 92 91 26 16 65 04 b6 a8 5f
    1f 69 f6 d8 3e a5 59 77 81 16 4e 99 9a 01 bb 7e
    3f 78 ea b5 72 07 93 cd e3 92 fe 07 43 80 43 31
    ea f0 40 18 57 59 11 ee e9 ca 31 a2 5e 2e 3d 3a
    3f bf 80 26 ce d3 b8 a1 da d1 de 8f 6b d0 48 8d
    01 58 9a b7 a8 c6 45 62 63 57 78 37 8c 95 72 16
    ac 07 cb ce a2 e6 41 4a c3 8f 82 3e 9a 2b 44 b6
    df 40 a8 74 61 30 74 ec 83 5e ec ec a7 91 1f 86
    7b d1 7d be 53 48 ef d8 64 6e fd 7c ef 4e 04 92
    38 c5 a0 dd 00 d6 f4 fa dc 7c 91 ba 4e cb 2c fe
    94 1d 8c ed cb d4 7a e3 96 18 4c ae 43 e5 95 24
    41 84 94 78 d6 eb dd fb 10 22 c8 f9 ec 28 e8 7e
    cf b9 af d0 9d 2b f4 2d 9b 84 da 0d b8 fd da f3
    d0 44 72 c1 d7 aa e8 81 4a 87 70 3e 44 8a 61 e2
    a1 f6 52 b9 a7 6c da f5
<<< TLS 1.2, RecordHeader [length 0005]
    17 03 03 00 45
<<< TLS 1.3, InnerContent [length 0001]
    16
<<< TLS 1.3, Handshake [length 0034], Finished
    14 00 00 30 58 57 6d 5c 6a 3a 82 23 08 58 c6 29
    fe a3 65 75 fd d2 87 e3 ac 2a c7 ee b3 2b 98 e4
    59 d6 57 fb 51 7c c0 ed 21 69 c8 f4 d7 a4 01 81
    07 9d a5 54
>>> TLS 1.2, RecordHeader [length 0005]
    17 03 03 00 45
>>> TLS 1.2, InnerContent [length 0001]
    16
>>> TLS 1.3, Handshake [length 0034], Finished
    14 00 00 30 cf f1 92 98 29 5d e8 de 67 52 fd 60
    df 1d 57 04 21 6a e1 f7 23 83 33 ad 80 7a 15 5a
    ad 71 51 b1 c8 b8 27 43 81 5d 60 50 4a 24 c2 58
    5c 65 a8 f9
---
Certificate chain
 0 s:CN=server.example
   i:CN=Root CA
   a:PKEY: RSA, 2048 (bit); sigalg: sha256WithRSAEncryption
   v:NotBefore: Jan 14 22:29:46 2016 GMT; NotAfter: Jan 15 22:29:46 2116 GMT
---
Server certificate
-----BEGIN CERTIFICATE-----
MIIDJTCCAg2gAwIBAgIBAjANBgkqhkiG9w0BAQsFADASMRAwDgYDVQQDDAdSb290
IENBMCAXDTE2MDExNDIyMjk0NloYDzIxMTYwMTE1MjIyOTQ2WjAZMRcwFQYDVQQD
DA5zZXJ2ZXIuZXhhbXBsZTCCASIwDQYJKoZIhvcNAQEBBQADggEPADCCAQoCggEB
ANVdYGrf/GHuSKqMEUhDpW22Ul2qmEmxYZI1sfw6BCUMbXn/tNXJ6VwcO+Crs7h9
o95tveDd11q/FEcRQl6mgtBhwX/dE0bmCYUHDvLU/Bpk0gqtIKsga5bwrczEGVNV
3AEdpLPvirRJU12KBRzx3OFEv8XX4ncZV1yXC3XuiENxD8pswbSyUKd3RmxYDxG/
8XYkWq45QrdRZynh0FUwbxfkkeqt+CjCQ2+iZKn7nZiSYkg+6w1PgkqK/z9y7pa1
rqHBmLrvfZB1bf9aUp6r9cB+0IdD24UHBw99OHr90dPuZR3T6jlqhzfuStPgDW71
cKzCvfFu85KVXqnwoWWVk40CAwEAAaN9MHswHQYDVR0OBBYEFMDnhL/oWSczELBS
T1FSLwbWwHrNMB8GA1UdIwQYMBaAFHB/Lq6DaFmYBCMqzes+F80k3QFJMAkGA1Ud
EwQCMAAwEwYDVR0lBAwwCgYIKwYBBQUHAwEwGQYDVR0RBBIwEIIOc2VydmVyLmV4
YW1wbGUwDQYJKoZIhvcNAQELBQADggEBAHvTBEN1ig8RrsT716Ginv4gGNX0LzGI
RrZ1jO7lm5emuaPNYJpGw0iX5Zdo91qGNXPZaZ75X3S55pQTActq3OPEBOll2pyk
iyjz+Zp/v5cfRZLlBbFW5gv2R94eibYr4U3fSn4B0yPcl4xH/l/HzJhGDsSDW8qK
8VIJvmvsPwmL0JMCv+FR59F+NFYZdND/KCXet59WUpF9ICmFCoBEX3EyJXEPwhbi
X2sdPzJbCjx0HLli8e0HUKNttLQxCsBTRGo6iISLLamwN47mGDa9miBADwGSiz2q
YeeuLO02zToHhnQ6KbPXOrQAqcL1kngO4g+j/ru+4AZThFkdkGnltvk=
-----END CERTIFICATE-----
subject=CN=server.example
issuer=CN=Root CA
---
No client certificate CA names sent
Peer signing digest: SHA256
Peer signature type: rsa_pss_rsae_sha256
Negotiated TLS1.3 group: X25519MLKEM768
---
SSL handshake has read 2546 bytes and written 1702 bytes
Verification error: unable to verify the first certificate
---
New, TLSv1.3, Cipher is TLS_AES_256_GCM_SHA384
Protocol: TLSv1.3
Server public key is 2048 bit
This TLS version forbids renegotiation.
Compression: NONE
Expansion: NONE
No ALPN negotiated
Early data was not sent
Verify return code: 21 (unable to verify the first certificate)
---
>>> TLS 1.2, RecordHeader [length 0005]
    17 03 03 00 13
>>> TLS 1.2, InnerContent [length 0001]
    15
>>> TLS 1.3, Alert [length 0002], warning close_notify
    01 00
Connecting to 127.0.0.1
SSL_connect:before SSL initialization
SSL_connect:SSLv3/TLS write client hello
SSL_connect:SSLv3/TLS write client hello
SSL_connect:SSLv3/TLS read server hello
SSL_connect:SSLv3/TLS write change cipher spec
SSL_connect:SSLv3/TLS write client hello
SSL_connect:SSLv3/TLS write client hello
SSL_connect:SSLv3/TLS read server hello
Can't use SSL_get_servername
SSL_connect:TLSv1.3 read encrypted extensions
depth=0 CN=server.example
verify error:num=20:unable to get local issuer certificate
verify return:1
depth=0 CN=server.example
verify error:num=21:unable to verify the first certificate
verify return:1
depth=0 CN=server.example
verify return:1
SSL_connect:SSLv3/TLS read server certificate
SSL_connect:TLSv1.3 read server certificate verify
SSL_connect:SSLv3/TLS read finished
SSL_connect:SSLv3/TLS write finished
DONE
SSL3 alert write:warning:close notify
