CONNECTED(00000003)
>>> TLS 1.0, RecordHeader [length 0005]
    16 03 01 00 d6
>>> TLS 1.3, Handshake [length 00d6], ClientHello
    01 00 00 d2 03 03 df 65 0b c0 f2 8f c8 a4 4b ba
    75 c0 f4 6d d6 fb 5e ca 0f ea f0 8b bc 03 dc 06
    ef 64 89 d3 0c ec 20 ee ec 71 4b a8 cf 91 1e 3a
    eb d9 73 12 03 fe 59 97 9d 49 77 99 7b 87 9b 71
    b5 42 84 5d a6 94 7e 00 06 13 02 13 03 13 01 01
    00 00 83 00 0b 00 04 03 00 01 02 00 0a 00 06 00
    04 11 ec 00 1d 00 23 00 00 00 16 00 00 00 17 00
    00 00 0d 00 2a 00 28 09 05 09 06 09 04 04 03 05
    03 06 03 08 07 08 08 08 1a 08 1b 08 1c 08 09 08
    0a 08 0b 08 04 08 05 08 06 04 01 05 01 06 01 00
    2b 00 03 02 03 04 00 2d 00 02 01 01 00 33 00 26
    00 24 00 1d 00 20 d5 d6 3f 68 b8 d3 c7 fa fa 20
    e2 b1 b7 8c b8 65 49 f6 30 b3 e8 d5 df bd ef eb
    59 8b bf db 70 4b
<<< TLS 1.2, RecordHeader [length 0005]
    16 03 03 00 58
<<< TLS 1.3, Handshake [length 0058], ServerHello
    02 00 00 54 03 03 cf 21 ad 74 e5 9a 61 11 be 1d
    8c 02 1e 65 b8 91 c2 a2 11 16 7a bb 8c 5e 07 9e
    09 e2 c8 a8 33 9c 20 ee ec 71 4b a8 cf 91 1e 3a
    eb d9 73 12 03 fe 59 97 9d 49 77 99 7b 87 9b 71
    b5 42 84 5d a6 94 7e 13 02 00 00 0c 00 2b 00 02
    03 04 00 33 00 02 11 ec
>>> TLS 1.2, RecordHeader [length 0005]
    14 03 03 00 01
>>> TLS 1.3, ChangeCipherSpec [length 0001]
    01
>>> TLS 1.2, RecordHeader [length 0005]
    16 03 03 05 76
>>> TLS 1.3, Handshake [length 0576], ClientHello
    01 00 05 72 03 03 df 65 0b c0 f2 8f c8 a4 4b ba
    75 c0 f4 6d d6 fb 5e ca 0f ea f0 8b bc 03 dc 06
    ef 64 89 d3 0c ec 20 ee ec 71 4b a8 cf 91 1e 3a
    eb d9 73 12 03 fe 59 97 9d 49 77 99 7b 87 9b 71
    b5 42 84 5d a6 94 7e 00 06 13 02 13 03 13 01 01
    00 05 23 00 0b 00 04 03 00 01 02 00 0a 00 06 00
    04 11 ec 00 1d 00 23 00 00 00 16 00 00 00 17 00
    00 00 0d 00 2a 00 28 09 05 09 06 09 04 04 03 05
    03 06 03 08 07 08 08 08 1a 08 1b 08 1c 08 09 08
    0a 08 0b 08 04 08 05 08 06 04 01 05 01 06 01 00
    2b 00 03 02 03 04 00 2d 00 02 01 01 00 33 04 c6
    04 c4 11 ec 04 c0 34 05 c1 f6 f2 53 54 d4 b5 6a
    f5 3c e5 da 25 b0 ea 0e 13 55 98 80 53 b2 d4 2a
    78 b4 91 54 84 43 8e 2e 23 67 dc d5 47 db fa 80
    37 48 bb 91 a6 65 bd eb 44 3c 01 5c 5b 76 af 68
    88 a0 f4 58 65 cc f9 c6 30 a8 b6 ff 95 50 9c cc
    77 c9 db 48 a0 80 54 84 c6 95 5b 0c 3a 7d 69 07
    8f 9a 02 5b 34 0a 0f 00 22 e6 ac 37 3c 93 c8 90
    e2 3e cc 74 2f 9f 63 bb c7 e8 4c ad d1 7d bb 63
    48 56 68 55 43 74 24 42 52 a2 30 46 89 94 e2 78
    af 2a b3 6f b2 17 4e e7 61 b9 59 6c ac 93 c1 34
    28 97 ea e5 2a 2e 7b a3 31 26 90 b5 cb 33 08 6b
    42 15 47 87 2a cb 29 3a f0 06 64 64 17 94 ca 20
    ce e7 07 70 d0 c7 69 92 07 1c c8 4b 3c d5 8f 2d
    ea 08 f3 38 9e bf c0 16 46 00 03 da 94 7f c3 63
    9b bf 6b 5c f0 29 c9 27 06 a0 a1 68 bb 00 fc 3f
    e6 8b 89 6e 36 b0 a9 c0 5f 72 95 bc 76 51 af 58
    e1 12 2f 44 12 bd 38 89 7a 7b 62 23 76 83 df d3
    7a 50 ea bd a6 11 66 51 6a 88 5f b8 1e 86 04 cd
    6f c3 68 15 97 9c 80 a2 4f 49 68 a6 f9 7a 8b 24
    85 5e ba c8 07 aa 31 41 c6 db b2 2a b9 ce 37 9c
    1f 04 eb 47 00 64 48 3e fc 94 a1 66 c7 2f 35 1d
    cd c6 29 24 56 32 a0 b3 b7 9f 33 4e 2f e4 74 74
    15 39 00 dc a8 3c 37 8d 48 c3 62 62 eb 05 70 42
    81 bc 0c 2c d7 8b 0a 9d 0c 1e 4a fc 07 bf 4a 3e
    dc 3a 01 d4 b0 84 ee d2 2e 7b e6 8b 34 50 3c bf
    50 49 22 c5 0b c9 79 b9 2d b3 51 06 dc 6c 3d 75
    c4 b0 76 94 1a 68 48 cd 85 33 ee 6c c1 a2 68 0d
    01 4b 47 77 8c 54 84 26 4d 0c fb 1f 75 28 0e 3c
    09 90 2b 68 3e 1c 21 cc 77 87 b4 09 70 8d f4 e8
    7d 1a 96 80 4e d4 42 ce 8a 87 de 19 9c 2f ec 25
    67 15 2d c5 37 9d 7c 05 0d 08 b0 60 ed 61 07 e5
    27 74 7a b6 77 e9 43 65 d2 a7 63 ce f9 00 be a0
    16 b4 20 64 58 96 6e 00 d4 3f ce 0c b5 26 49 6b
    6e 6a 38 75 dc a2 c2 79 7b 5a ec 38 ad 96 0e a0
    97 0f 64 24 ae 50 a2 47 63 86 92 a3 c0 a3 f1 16
    c3 ff 46 a5 6c b1 60 89 43 58 97 15 b4 00 d4 29
    78 73 27 7b 44 05 8d 3a 9e c5 16 44 35 7b ad ef
    dc 54 5a 60 62 ab 18 58 29 f6 57 a1 d0 3f b8 d2
    9a 8e 1b 6a 3f 22 5f 73 21 24 c3 e9 1d fc 35 7a
    06 b5 cc 1b 51 37 3e 49 5b 05 c0 58 e0 4c 5b e3
    02 35 91 05 81 4c a5 2c a7 50 04 c3 17 b6 b0 26
    4f d8 51 bd 98 eb 79 bb 7a 7d 2c 24 22 ca 19 be
    e9 32 ca 77 01 40 83 22 46 bb c4 0b 68 91 7b 80
    14 04 45 62 b6 b5 c9 70 7f 52 6b 60 07 50 be f5
    a3 88 27 90 8c 57 76 db 45 9d e0 c8 29 71 91 11
    96 13 79 29 f1 5f 72 14 2c bc 9a 5d e0 fc c1 34
    07 c2 9d 4b c8 5d 0a 1b ee b4 3a 31 a9 14 6a 14
    06 ac 05 c8 0c 4a 34 50 b2 56 60 f6 2c af 28 04
    94 37 13 dd 26 60 14 59 6f d5 23 01 c9 9a 7e ad
    c4 aa 20 36 19 77 b2 51 88 86 68 83 04 58 fc 0c
    26 9e 88 54 f7 dc ca 0f 4a ce 88 d4 b6 02 8a 11
    95 3c 2a f8 4b 16 74 71 91 bb f9 43 57 cb 90 9a
    d6 50 a7 dc 44 23 55 6b a4 27 07 61 11 5f a5 87
    7c 6b 50 0b e8 20 70 36 2b 9b a5 25 4b b3 fc 34
    4f 46 8c 2e a9 6e eb 1a bc 1b a0 5b 93 b1 be a2
    d9 bf 1d 70 34 29 26 6f 80 c7 69 67 11 9e b8 71
    aa f1 f9 8b d5 da 7d af b9 33 0c d1 4b 0f 9a cd
    94 6c 98 25 26 28 3d 32 cc 5f 0a 80 f2 8a 3e 7f
    5b 62 56 8a 8f 30 82 7e a4 2a 45 45 b9 6e 45 67
    b0 b8 07 78 ee 1a 57 fb c1 38 85 b8 82 f7 13 62
    10 30 66 86 71 5f a6 16 49 09 c1 44 b3 64 58 7b
    02 1e 69 a4 10 9d 71 b7 23 96 a7 c1 c9 22 6d ac
    66 11 51 78 9a 68 be 96 90 3e 42 53 11 a6 ba 33
    0a 2c 24 7e a7 0e 2e 6a c4 c6 d9 68 b5 a4 35 7e
    74 b3 6d 90 71 29 c7 2c 7e e2 59 5d 45 82 f1 23
    2c 3d c1 3a 2b 7a 82 a5 c9 64 e6 40 72 bc c6 22
    74 70 98 cd b0 c6 c0 40 26 26 a4 88 95 61 14 58
    47 2a 0b aa 2d 22 24 03 85 6c 8b 62 62 c9 54 7c
    cd 54 b4 89 1c 5b ae 52 0a 6e 34 e4 ca 88 c0 04
    dd 26 10 72 48 18 83 39 15 63 e8 2e 67 89 09 bb
    26 b5 98 7b 1b 9f 72 73 24 72 17 cd b2 97 0a 67
    26 59 85 70 56 b4 84 f1 59 20 79 12 81 75 ec ab
    a3 25 32 46 9b c1 ad 59 c3 52 0c 03 96 e8 8d 77
    d0 f0 ed db fa 32 12 80 67 37 14 97 6a 5f 3a cd
    d1 11 e0 9f 1f 21 4e 5b 3f 86 06 26 f5 0f e7 d5
    4c e2 b3 ed 05 bf e4 1e 55 48 3b ff 44 00 3d 2c
    98 c1 bd 97 94 4c
<<< TLS 1.2, RecordHeader [length 0005]
    14 03 03 00 01
<<< TLS 1.3, ChangeCipherSpec [length 0001]
    01
<<< TLS 1.2, RecordHeader [length 0005]
    16 03 03 04 ba
<<< TLS 1.3, Handshake [length 04ba], ServerHello
    02 00 04 b6 03 03 3a e8 4a f7 9c f7 6e 1f 94 72
    08 50 44 38 0f 2a 12 1c ed 47 f6 6e 9e b8 18 13
    fc 46 59 cf 2a 90 20 ee ec 71 4b a8 cf 91 1e 3a
    eb d9 73 12 03 fe 59 97 9d 49 77 99 7b 87 9b 71
    b5 42 84 5d a6 94 7e 13 02 00 04 6e 00 2b 00 02
    03 04 00 33 04 64 11 ec 04 60 81 a9 63 25 ad b0
    34 2c ac 36 3a 2a 80 4b 37 a2 68 e2 a3 a6 a5 68
    c4 66 1f 13 48 9b 0c e5 2c 4a 8d 41 69 34 10 24
    81 ec b0 c7 c6 c1 02 3d d0 e5 94 23 07 bb 5c 73
    ed 68 d2 23 0c d0 8b 0e cb 8e e7 ab 76 8c 30 31
    11 08 85 9a d7 eb c0 1b 66 d2 77 98 7e 94 b6 06
    30 a1 4e cb bf ca 59 85 89 7f e6 bd 3b 98 5f a4
    ac f8 4a 15 f5 b4 00 0b 2d 94 74 07 2e 0c ea 4e
    5d 58 63 5e 5c bc 6a 7b 74 06 5c 3f 0c 27 24 d4
    ab 3d 5d c7 78 71 7f ab 13 bc a8 91 71 af ba 7f
    4d df f5 16 71 69 65 05 20 7c 27 67 59 eb da ec
    be 48 5a 5a 67 ca bc b6 9b a0 b5 64 86 9a 9d e9
    dc 71 2b 52 94 fd de c4 4f 0c 25 80 bd 69 e3 06
    66 51 8c b8 79 eb a9 1e 45 16 0f 83 54 ea 09 29
    74 59 37 d2 89 ca d0 04 e8 88 31 e5 c3 d1 7a 45
    73 f3 7d 22 5b b4 67 03 a2 34 3d 6a fe 00 12 5f
    4a 43 be 07 e5 55 f2 a6 fd 19 4f 43 86 b8 35 21
    7b 07 b3 11 6c 8c 26 6c 82 09 f9 fe 12 02 bc dd
    2a 1a 58 46 e8 d6 f5 38 0e 5d 52 6a 82 35 b8 6e
    22 3f de 6d c3 22 cd 00 f4 50 99 9a d6 24 c2 2c
    1d aa fc ea 4c 8d 18 b8 a4 67 46 76 e5 c1 f5 a9
    e6 c9 a7 77 8d b6 60 eb 8a 9d 60 b5 fe 2e 4c f6
    03 1c 95 3e 3e 3e f3 f1 8b e2 1a 3c fa 68 8b 3b
    d1 6c 92 23 4b 79 90 d4 03 b6 5f 88 aa e7 97 cb
    cf 2e 2d 75 07 7b 7f 59 a3 90 93 46 c0 89 73 41
    e3 13 8e f0 42 28 36 5e ac 40 e8 3c 26 a6 2d ec
    84 89 f4 8c 76 52 8c d6 a2 3d 0c 42 76 44 be 83
    84 67 b7 38 50 81 7d 40 e6 de 38 76 4e ee 85 97
    ee f3 82 10 1c 07 bb b7 62 7b 3f ff 82 cf 7a 52
    1e 0a 07 d2 f1 95 85 71 62 f6 f0 4f f6 68 ff dc
    4e ea f7 95 f1 7b 62 d6 61 9a b0 34 df 71 bd 2c
    fd 52 bc 48 5b 4d fd 26 4b 5c ae be fd de 60 be
    7c 6d 2f 31 9d fc 9b 9a 00 0a 87 e7 b5 b7 52 8c
    f4 a6 de a7 bf 8f ed 3c 71 07 27 c4 92 74 16 96
    21 e3 f5 ef fa 6a 37 d7 c0 72 ab 73 21 c0 98 56
    d7 15 8a 24 be 19 a6 57 bd 69 9e da bf ad 2f 06
    17 c8 24 ac 35 80 12 d1 2b d2 e0 5b a6 c2 29 d5
    4c 78 5d 12 66 f3 7b a0 66 24 c2 d1 1e 80 43 78
    af e5 97 14 27 38 33 7e f4 60 34 21 ce 18 e2 e6
    2f 52 6f cf 2d 81 9d a9 5c ca c1 ec 34 22 e3 2c
    60 19 9a a3 af 40 06 e2 91 1e 31 b9 c2 9c 5b ab
    f6 ab d3 92 c6 e0 1a 28 93 19 b4 c9 07 b9 52 8f
    bd cd a6 22 06 f8 ac 1c 8d 98 3c ee 02 9d b9 25
    3e 4c 67 53 d8 a8 db 3a 36 c4 ea ed 9c 4a 32 d2
    49 cd 5e 87 f7 38 83 4f 3c a2 e2 e9 1c ed 55 c4
    4a 5a 06 cb d2 66 26 19 99 73 63 ad 59 20 37 a9
    13 ba ac 9e d5 02 13 df 25 30 e2 41 08 9a d4 3d
    fc de ce bc 7b 3a 60 4e 46 ca d2 3d a5 9d 35 22
    b1 7d f8 e4 d5 d0 74 29 cc 9f 88 4c b2 fb 9e 11
    1a 2c b2 3d 0d e6 a5 d4 12 d4 7b 53 19 2c c6 5c
    4f 9a 10 9b 4a 48 d0 b3 9c 16 b4 ea bb e1 e3 aa
    bc 0a 5f df 1a cc 23 45 56 f0 60 c1 8a dd 14 83
    86 e8 4d 5c aa 57 49 ec d7 66 0c 39 c1 cd 0e f3
    dc f7 7b 60 2e c7 ac a6 38 d9 d3 c9 62 50 d2 cd
    80 20 af 05 2b 9a 01 8d 70 30 3c 90 92 95 18 70
    54 8f 87 83 06 a1 bb 31 e1 4b 98 ea b4 05 03 70
    75 e6 a0 03 a7 3a 27 cb 0b 1f 33 49 67 3b 1f 32
    59 bb b4 b4 91 c4 54 5b 41 1e 6a a0 a3 5c f9 c6
    8a b9 4b c2 f7 b6 97 e8 8d 03 df ef c4 c7 4f f9
    b1 5f 1a 27 c7 d7 57 01 54 f1 eb e3 36 3f 6e 03
    e9 8e c8 79 29 ac 1e 8e 48 5d 7b d1 70 72 61 e6
    a7 97 74 89 60 c5 94 a4 28 9a 5f e8 e1 18 c2 a1
    2c 13 fb 80 3d d2 99 9d 56 73 bd 36 d8 a9 f8 fe
    19 02 55 4a 67 6a 7b 09 d5 fb af 55 5b 4e 80 48
    35 ac 70 70 a3 dc 1d 6c 01 c2 b5 6b c7 71 3e d5
    79 b9 07 17 c4 10 73 f1 76 d9 54 87 31 3c 9b 2b
    09 ad d0 c4 bf c9 2a 77 c9 2b c3 46 e2 d9 38 8b
    63 c5 ae 0f 79 29 dc 95 28 f0 5c e2 25 f8 10 9d
    bd 61 74 44 9a 86 a8 70 a9 04 8b 94 c9 e5 6d 3e
    52 71 37 48 43 34 a6 a8 a1 93 70 c3 69 95 a3 c3
    ae b1 7c 5b 2b 39 6c 71 1b 31
<<< TLS 1.2, RecordHeader [length 0005]
    17 03 03 00 17
<<< TLS 1.3, InnerContent [length 0001]
    16
<<< TLS 1.3, Handshake [length 0006], EncryptedExtensions
    08 00 00 02 00 00
<<< TLS 1.2, RecordHeader [length 0005]
    17 03 03 03 47
<<< TLS 1.3, InnerContent [length 0001]
    16
<<< TLS 1.3, Handshake [length 0336], Certificate
    0b 00 03 32 00 00 03 2e 00 03 29 30 82 03 25 30
    82 02 0d a0 03 02 01 02 02 01 02 30 0d 06 09 2a
    86 48 86 f7 0d 01 01 0b 05 00 30 12 31 10 30 0e
    06 03 55 04 03 0c 07 52 6f 6f 74 20 43 41 30 20
    17 0d 31 36 30 31 31 34 32 32 32 39 34 36 5a 18
    0f 32 31 31 36 30 31 31 35 32 32 32 39 34 36 5a
    30 19 31 17 30 15 06 03 55 04 03 0c 0e 73 65 72
    76 65 72 2e 65 78 61 6d 70 6c 65 30 82 01 22 30
    0d 06 09 2a 86 48 86 f7 0d 01 01 01 05 00 03 82
    01 0f 00 30 82 01 0a 02 82 01 01 00 d5 5d 60 6a
    df fc 61 ee 48 aa 8c 11 48 43 a5 6d b6 52 5d aa
    98 49 b1 61 92 35 b1 fc 3a 04 25 0c 6d 79 ff b4
    d5 c9 e9 5c 1c 3b e0 ab b3 b8 7d a3 de 6d bd e0
    dd d7 5a bf 14 47 11 42 5e a6 82 d0 61 c1 7f dd
    13 46 e6 09 85 07 0e f2 d4 fc 1a 64 d2 0a ad 20
    ab 20 6b 96 f0 ad cc c4 19 53 55 dc 01 1d a4 b3
    ef 8a b4 49 53 5d 8a 05 1c f1 dc e1 44 bf c5 d7
    e2 77 19 57 5c 97 0b 75 ee 88 43 71 0f ca 6c c1
    b4 b2 50 a7 77 46 6c 58 0f 11 bf f1 76 24 5a ae
    39 42 b7 51 67 29 e1 d0 55 30 6f 17 e4 91 ea ad
    f8 28 c2 43 6f a2 64 a9 fb 9d 98 92 62 48 3e eb
    0d 4f 82 4a 8a ff 3f 72 ee 96 b5 ae a1 c1 98 ba
    ef 7d 90 75 6d ff 5a 52 9e ab f5 c0 7e d0 87 43
    db 85 07 07 0f 7d 38 7a fd d1 d3 ee 65 1d d3 ea
    39 6a 87 37 ee 4a d3 e0 0d 6e f5 70 ac c2 bd f1
    6e f3 92 95 5e a9 f0 a1 65 95 93 8d 02 03 01 00
    01 a3 7d 30 7b 30 1d 06 03 55 1d 0e 04 16 04 14
    c0 e7 84 bf e8 59 27 33 10 b0 52 4f 51 52 2f 06
    d6 c0 7a cd 30 1f 06 03 55 1d 23 04 18 30 16 80
    14 70 7f 2e ae 83 68 59 98 04 23 2a cd eb 3e 17
    cd 24 dd 01 49 30 09 06 03 55 1d 13 04 02 30 00
    30 13 06 03 55 1d 25 04 0c 30 0a 06 08 2b 06 01
    05 05 07 03 01 30 19 06 03 55 1d 11 04 12 30 10
    82 0e 73 65 72 76 65 72 2e 65 78 61 6d 70 6c 65
    30 0d 06 09 2a 86 48 86 f7 0d 01 01 0b 05 00 03
    82 01 01 00 7b d3 04 43 75 8a 0f 11 ae c4 fb d7
    a1 a2 9e fe 20 18 d5 f4 2f 31 88 46 b6 75 8c ee
    e5 9b 97 a6 b9 a3 cd 60 9a 46 c3 48 97 e5 97 68
    f7 5a 86 35 73 d9 69 9e f9 5f 74 b9 e6 94 13 01
    cb 6a dc e3 c4 04 e9 65 da 9c a4 8b 28 f3 f9 9a
    7f bf 97 1f 45 92 e5 05 b1 56 e6 0b f6 47 de 1e
    89 b6 2b e1 4d df 4a 7e 01 d3 23 dc 97 8c 47 fe
    5f c7 cc 98 46 0e c4 83 5b ca 8a f1 52 09 be 6b
    ec 3f 09 8b d0 93 02 bf e1 51 e7 d1 7e 34 56 19
    74 d0 ff 28 25 de b7 9f 56 52 91 7d 20 29 85 0a
    80 44 5f 71 32 25 71 0f c2 16 e2 5f 6b 1d 3f 32
    5b 0a 3c 74 1c b9 62 f1 ed 07 50 a3 6d b4 b4 31
    0a c0 53 44 6a 3a 88 84 8b 2d a9 b0 37 8e e6 18
    36 bd 9a 20 40 0f 01 92 8b 3d aa 61 e7 ae 2c ed
    36 cd 3a 07 86 74 3a 29 b3 d7 3a b4 00 a9 c2 f5
    92 78 0e e2 0f a3 fe bb be e0 06 53 84 59 1d 90
    69 e5 b6 f9 00 00
<<< TLS 1.2, RecordHeader [length 0005]
    17 03 03 01 19
<<< TLS 1.3, InnerContent [length 0001]
    16
<<< TLS 1.3, Handshake [length 0108], CertificateVerify
    0f 00 01 04 08 04 01 00 ae 22 75 50 75 bf 9d 3c
    c8 35 cf 25 bc ba 27 9d b4 9d aa a3 31 2c b9 5f
    79 ba bf 47 d8 f9 67 0b 2a 2f 23 fd 06 0c 0b 48
    34 21 7d 57 0f f4 c3 b5 78 d2 19 c7 71 a7 bb 55
    85 75 83 28 86 cf a2 71 7b 2e 1c 82 55 5d 9a 4e
    ed 6f a4 87 0b ce 76 b4 05 6c 6d 03 3e 2f 26 43
    60 35 8b 8b ec 29 45 58 e9 b7 94 42 f4 67 ca 7a
    a4 73 c1 f5 44 d8 62 ba 3a d7 1a af 6b 92 d1 6a
    3f 89 3d e0 e8 a9 90 2d ae be 89 91 77 a6 d3 1d
    27 7f a6 d7 7a 6c 2e 9f d3 1e 4b d0 1a e8 47 8c
    3d 18 bc 7e 6b 3e d6 11 2f 3b 12 6b 57 c4 23 ca
    ee 22 40 fd 3e 36 5d da f0 a5 cd 12 ca ab 7e 28
    42 d3 d3 61 19 16 e4 2b 50 a3 0f d1 d3 f4 21 eb
    75 de bc d7 84 09 23 06 5c 0f 5d b8 47 2f fb f9
    16 49 98 0d 83 be 69 4f 66 00 0c 82 08 95 10 e3
    88 f9 f9 b1 fe 38 22 e7 91 93 f2 a6 e9 60 99 ee
    6b d3 1a 40 14 44 95 94
<<< TLS 1.2, RecordHeader [length 0005]
    17 03 03 00 45
<<< TLS 1.3, InnerContent [length 0001]
    16
<<< TLS 1.3, Handshake [length 0034], Finished
    14 00 00 30 07 c0 bb ca 4c e7 c2 d8 c2 46 e7 78
    52 23 42 1f 0d 9f 75 72 d0 71 bd 1b 04 29 b8 f0
    9e 01 64 c7 dc e7 57 8f 7e e6 3c 22 dc ba c9 af
    31 0b b3 0d
>>> TLS 1.2, RecordHeader [length 0005]
    17 03 03 00 45
>>> TLS 1.2, InnerContent [length 0001]
    16
>>> TLS 1.3, Handshake [length 0034], Finished
    14 00 00 30 8f f2 8a 63 02 1f 14 3b e5 d5 77 69
    cd d1 5a 80 f0 ac 68 d2 ef 76 01 0c e8 af 78 57
    66 c0 5f 7a 06 a9 a0 b8 88 0b e5 e0 86 0f 5e bd
    7f 75 c8 8d
---
Certificate chain
 0 s:CN=server.example
   i:CN=Root CA
   a:PKEY: RSA, 2048 (bit); sigalg: sha256WithRSAEncryption
   v:NotBefore: Jan 14 22:29:46 2016 GMT; NotAfter: Jan 15 22:29:46 2116 GMT
---
Server certificate
-----BEGIN CERTIFICATE-----
MIIDJTCCAg2gAwIBAgIBAjANBgkqhkiG9w0BAQsFADASMRAwDgYDVQQDDAdSb290
IENBMCAXDTE2MDExNDIyMjk0NloYDzIxMTYwMTE1MjIyOTQ2WjAZMRcwFQYDVQQD
DA5zZXJ2ZXIuZXhhbXBsZTCCASIwDQYJKoZIhvcNAQEBBQADggEPADCCAQoCggEB
ANVdYGrf/GHuSKqMEUhDpW22Ul2qmEmxYZI1sfw6BCUMbXn/tNXJ6VwcO+Crs7h9
o95tveDd11q/FEcRQl6mgtBhwX/dE0bmCYUHDvLU/Bpk0gqtIKsga5bwrczEGVNV
3AEdpLPvirRJU12KBRzx3OFEv8XX4ncZV1yXC3XuiENxD8pswbSyUKd3RmxYDxG/
8XYkWq45QrdRZynh0FUwbxfkkeqt+CjCQ2+iZKn7nZiSYkg+6w1PgkqK/z9y7pa1
rqHBmLrvfZB1bf9aUp6r9cB+0IdD24UHBw99OHr90dPuZR3T6jlqhzfuStPgDW71
cKzCvfFu85KVXqnwoWWVk40CAwEAAaN9MHswHQYDVR0OBBYEFMDnhL/oWSczELBS
T1FSLwbWwHrNMB8GA1UdIwQYMBaAFHB/Lq6DaFmYBCMqzes+F80k3QFJMAkGA1Ud
EwQCMAAwEwYDVR0lBAwwCgYIKwYBBQUHAwEwGQYDVR0RBBIwEIIOc2VydmVyLmV4
YW1wbGUwDQYJKoZIhvcNAQELBQADggEBAHvTBEN1ig8RrsT716Ginv4gGNX0LzGI
RrZ1jO7lm5emuaPNYJpGw0iX5Zdo91qGNXPZaZ75X3S55pQTActq3OPEBOll2pyk
iyjz+Zp/v5cfRZLlBbFW5gv2R94eibYr4U3fSn4B0yPcl4xH/l/HzJhGDsSDW8qK
8VIJvmvsPwmL0JMCv+FR59F+NFYZdND/KCXet59WUpF9ICmFCoBEX3EyJXEPwhbi
X2sdPzJbCjx0HLli8e0HUKNttLQxCsBTRGo6iISLLamwN47mGDa9miBADwGSiz2q
YeeuLO02zToHhnQ6KbPXOrQAqcL1kngO4g+j/ru+4AZThFkdkGnltvk=
-----END CERTIFICATE-----
subject=CN=server.example
issuer=CN=Root CA
---
No client certificate CA names sent
Peer signing digest: SHA256
Peer signature type: rsa_pss_rsae_sha256
Negotiated TLS1.3 group: X25519MLKEM768
---
SSL handshake has read 2546 bytes and written 1702 bytes
Verification error: unable to verify the first certificate
---
New, TLSv1.3, Cipher is TLS_AES_256_GCM_SHA384
Protocol: TLSv1.3
Server public key is 2048 bit
This TLS version forbids renegotiation.
Compression: NONE
Expansion: NONE
No ALPN negotiated
Early data was not sent
Verify return code: 21 (unable to verify the first certificate)
---
>>> TLS 1.2, RecordHeader [length 0005]
    17 03 03 00 13
>>> TLS 1.2, InnerContent [length 0001]
    15
>>> TLS 1.3, Alert [length 0002], warning close_notify
    01 00
Connecting to 127.0.0.1
SSL_connect:before SSL initialization
SSL_connect:SSLv3/TLS write client hello
SSL_connect:SSLv3/TLS write client hello
SSL_connect:SSLv3/TLS read server hello
SSL_connect:SSLv3/TLS write change cipher spec
SSL_connect:SSLv3/TLS write client hello
SSL_connect:SSLv3/TLS write client hello
SSL_connect:SSLv3/TLS read server hello
Can't use SSL_get_servername
SSL_connect:TLSv1.3 read encrypted extensions
depth=0 CN=server.example
verify error:num=20:unable to get local issuer certificate
verify return:1
depth=0 CN=server.example
verify error:num=21:unable to verify the first certificate
verify return:1
depth=0 CN=server.example
verify return:1
SSL_connect:SSLv3/TLS read server certificate
SSL_connect:TLSv1.3 read server certificate verify
SSL_connect:SSLv3/TLS read finished
SSL_connect:SSLv3/TLS write finished
DONE
SSL3 alert write:warning:close notify
