CONNECTED(00000003)
>>> TLS 1.0, RecordHeader [length 0005]
    16 03 01 05 c2
>>> TLS 1.3, Handshake [length 05c2], ClientHello
    01 00 05 be 03 03 20 39 65 8c 6b e9 95 19 21 cc
    82 00 56 78 9c 95 02 2d a9 b8 8d cb 8b 40 b7 09
    d0 81 93 18 31 aa 20 87 4e c9 0e b8 df 7b f5 cc
    48 7c 60 e0 24 95 ba 03 8f ff 7a b2 7f 0c 11 0d
    2f 2b 2b c2 6d 3d 43 00 06 13 02 13 03 13 01 01
    00 05 6f 00 0b 00 04 03 00 01 02 00 0a 00 06 00
    04 11 ec 00 1d 00 23 00 00 00 16 00 00 00 17 00
    00 00 0d 00 76 00 74 09 05 09 06 09 04 04 03 05
    03 06 03 08 07 08 08 08 1a 08 1b 08 1c 08 09 08
    0a 08 0b 08 04 08 05 08 06 04 01 05 01 06 01 ff
    06 ff 07 ff 08 ff 09 fe d7 fe d8 fe d9 fe dc fe
    dd fe de fe da fe db fe df fe e0 fe b3 fe b4 fe
    b5 fe b6 fe b7 fe b8 fe b9 fe ba fe c2 fe c3 fe
    c4 ff 32 ff 36 ff 33 ff 37 ff 34 ff 38 ff 35 ff
    39 ff 22 ff 0e ff 1a ff 0f ff 1b 00 2b 00 03 02
    03 04 00 2d 00 02 01 01 00 33 04 c6 04 c4 11 ec
    04 c0 61 46 63 0d 9a b4 15 24 8b 7e 70 a2 f3 c2
    5a 5f 34 59 ff dc c3 99 96 9d 58 16 30 f1 23 1e
    26 8a 41 e7 67 b5 a7 29 59 80 d9 76 3e d3 8c 05
    68 ae a7 8b 72 bf 17 11 c9 b0 08 c8 7c 4f cc 84
    22 05 35 0b f5 83 ca 8b 00 7b 85 72 c6 01 14 68
    09 e4 7f 15 f7 20 36 f7 17 8e 69 68 fd f7 36 d0
    85 79 a1 10 c4 a5 54 b4 05 db 91 19 67 b4 6f 16
    9b b2 05 80 90 bb 59 83 41 3f c9 36 13 78 db 9c
    80 d4 06 28 2a 6e 63 b6 c4 24 22 c3 99 86 96 09
    45 3a 71 51 41 97 9b 7a 45 eb 05 0f aa 14 43 1c
    5a f8 2c 14 15 9a 86 55 d9 5f 49 48 66 83 a3 75
    df 94 41 cf d7 b1 1c e2 bd 3e da 3a b1 57 23 18
    13 ab 13 f9 a4 22 1b a3 c9 b9 cf b3 e7 c4 37 21
    b9 ec 14 06 b2 30 86 ad 34 a1 22 a2 00 dd dc 37
    70 55 c8 55 40 b0 2b 96 85 c1 e9 50 fe 2a cd 0a
    98 5b 84 14 66 e3 49 19 8c a1 42 6b a3 26 92 a8
    49 6b b9 14 87 b3 7b 42 3c 1b d8 07 c5 e6 8c 9a
    93 25 0f 1a 05 8d a0 73 6a a3 3b 5c c2 4c 42 de
    db a5 b9 00 35 ec 0b a5 9f b2 06 c2 7a 1b 9a 49
    b4 fd 30 cf 80 8c 93 f9 05 6b 07 dc 3c 68 43 23
    1b 86 48 5e b6 8e 78 36 63 27 71 09 88 ea 1e 79
    45 3f d8 92 0d 21 a4 2f ba f3 5e 2d 64 86 60 d1
    3e 54 75 88 ab 11 87 06 4b 9d d0 30 1b 2d 03 0f
    24 9b 76 89 00 95 cd 29 8d 34 89 94 d5 cb 6f af
    2b a8 67 12 06 fc f8 2f 80 d8 10 4b e4 b3 bf 96
    c3 50 f2 71 67 69 c0 f9 93 af f3 e7 05 7e a6 05
    4e f6 6f 99 a3 be 9d 23 09 87 d3 41 3a 4b 8a 36
    8b cd b3 48 71 fe 39 89 3f 2a 1e 66 d4 74 1a b1
    36 46 b6 3f a6 90 36 b8 f3 33 2b c4 56 9d 71 19
    50 93 87 81 68 22 8b 38 2a 18 f3 71 45 eb 85 ab
    ea 4e 46 3b 77 71 2b 25 93 08 b1 36 e7 95 bb f9
    7b 1f e5 74 8d 6c 38 a4 41 13 0f 0b 58 b5 e1 89
    f8 04 29 c8 c5 c5 c5 b4 b2 9a ca 51 2e 98 25 c3
    48 09 e4 13 07 dd cc c5 b9 b4 45 af b0 3f b7 1a
    b4 4c 62 ca 56 e3 48 27 58 8c fa 69 1f 8f 8c 9a
    5d 35 6d 9f c4 8e 35 b4 6d 04 f6 c7 8c e1 4e 88
    90 ba b7 25 37 98 ea 25 4f fb 82 c3 d4 a4 6c 21
    3a 95 d6 49 4f ca bb 27 c8 47 47 6a 2e 72 45 20
    e8 0a 30 bd 1a bd 4b a3 a9 df 9c 81 42 4a 98 21
    67 2f c8 18 b9 13 11 3e 76 37 51 58 96 af c9 ab
    98 90 20 50 df f9 9c f3 49 a0 ff c6 00 07 ec 10
    00 61 2a a4 c8 0c 1b 8c 50 ec 45 8e f2 52 60 27
    b6 10 36 74 7d bf a4 78 b9 93 7f 2b ac ab 8b c0
    37 3f 68 b1 b8 0b cc 3d d8 80 b3 72 21 a5 b3 5c
    61 5a 6d 9b 25 38 cd a5 92 fe 02 79 34 94 73 72
    99 2c e8 e3 b3 72 30 b2 83 fa 0e ee a4 44 a9 a7
    15 ef 52 06 e5 a5 41 fb cb 81 87 b7 07 d4 b3 ad
    9e fa b0 8f b9 58 d9 6b 00 d3 14 92 6b 60 5b 92
    75 9a 3b d3 07 60 b4 ad fe eb 43 1f f6 15 c9 6c
    38 2c d1 1c cf 88 bc 09 f7 be 72 92 9f 9a a3 b0
    de 6a 28 e5 c7 1c 49 58 5c 10 38 96 8c 60 85 18
    0a 8a 4b 19 70 2e ab c7 9f 15 c5 43 ab 2e 3f 88
    15 a6 4c 88 ab ac 58 ca c9 0b 2f ec 94 f4 65 b2
    83 3a 58 be 59 7c 96 e5 87 20 62 4f e6 58 b0 15
    b8 4c 52 f4 14 9f 20 a4 9e c2 04 0e 48 a3 b9 b1
    1d b3 ba 30 bd 7c 26 75 8a cd f2 d8 21 34 2c c0
    c3 f8 9b a0 47 17 fe 29 a0 9a d0 05 ff 3b 4c 8f
    2b 34 19 eb c2 cc c7 5f 0f 39 84 9c 7c 87 1a e6
    05 66 2c 82 5e ba b0 02 64 c6 30 aa a6 85 fc 4f
    02 19 09 ed 2b 10 9a 12 65 95 c5 a9 ad 00 6a d4
    23 2a 99 1b 10 32 56 bd 6b 40 83 08 87 92 01 e5
    8d 72 8a 17 d1 23 09 d3 eb 97 89 79 54 56 f8 bb
    26 36 44 cf f2 9f 2a fc 09 18 81 3d ad b2 87 f9
    b6 60 20 e2 4d 8d 69 92 bd a2 9b 27 b9 73 90 d3
    10 d4 86 77 39 97 c3 02 17 5e fe b2 3a c3 13 70
    69 e7 44 da 02 3e 19 78 0e 55 3a 72 18 f2 41 f4
    26 3f 4d 9b 64 87 f6 c5 0d d8 84 dd 04 43 95 67
    b9 3b a6 62 ce 92 01 9a b9 c8 00 08 b3 2e 17 04
    c3 f2 96 cb 32 3b 24 4b 77 e5 45 57 c2 44 b4 16
    65 41 84 83 0e a0 7b 29 e1 b9 ae e1 85 b2 7f f5
    8e 24 60 99 e5 01 5a 61 09 b3 db b9 85 9a 66 4a
    29 f4 85 3c 4b 73 e8 32 79 94 59 c4 9e 35 45 83
    fa 05 17 a2 61 c1 fa d4 7b 11 6c 94 1d ea 7a 95
    41 b6 1b 56 6e b5 94 9a 1a 77 fe 63 b1 69 a1 23
    4c b9 ed c6 a8 1b 87 e5 92 35 f4 18 18 d6 62 ec
    09 21 1c ce 18 93 e3 ef 30 6e c9 20 73 e8 e0 85
    67 70
<<< TLS 1.2, RecordHeader [length 0005]
    16 03 03 00 58
<<< TLS 1.3, Handshake [length 0058], ServerHello
    02 00 00 54 03 03 cf 21 ad 74 e5 9a 61 11 be 1d
    8c 02 1e 65 b8 91 c2 a2 11 16 7a bb 8c 5e 07 9e
    09 e2 c8 a8 33 9c 20 87 4e c9 0e b8 df 7b f5 cc
    48 7c 60 e0 24 95 ba 03 8f ff 7a b2 7f 0c 11 0d
    2f 2b 2b c2 6d 3d 43 13 02 00 00 0c 00 2b 00 02
    03 04 00 33 00 02 00 1d
>>> TLS 1.2, RecordHeader [length 0005]
    14 03 03 00 01
>>> TLS 1.3, ChangeCipherSpec [length 0001]
    01
>>> TLS 1.2, RecordHeader [length 0005]
    16 03 03 01 22
>>> TLS 1.3, Handshake [length 0122], ClientHello
    01 00 01 1e 03 03 20 39 65 8c 6b e9 95 19 21 cc
    82 00 56 78 9c 95 02 2d a9 b8 8d cb 8b 40 b7 09
    d0 81 93 18 31 aa 20 87 4e c9 0e b8 df 7b f5 cc
    48 7c 60 e0 24 95 ba 03 8f ff 7a b2 7f 0c 11 0d
    2f 2b 2b c2 6d 3d 43 00 06 13 02 13 03 13 01 01
    00 00 cf 00 0b 00 04 03 00 01 02 00 0a 00 06 00
    04 11 ec 00 1d 00 23 00 00 00 16 00 00 00 17 00
    00 00 0d 00 76 00 74 09 05 09 06 09 04 04 03 05
    03 06 03 08 07 08 08 08 1a 08 1b 08 1c 08 09 08
    0a 08 0b 08 04 08 05 08 06 04 01 05 01 06 01 ff
    06 ff 07 ff 08 ff 09 fe d7 fe d8 fe d9 fe dc fe
    dd fe de fe da fe db fe df fe e0 fe b3 fe b4 fe
    b5 fe b6 fe b7 fe b8 fe b9 fe ba fe c2 fe c3 fe
    c4 ff 32 ff 36 ff 33 ff 37 ff 34 ff 38 ff 35 ff
    39 ff 22 ff 0e ff 1a ff 0f ff 1b 00 2b 00 03 02
    03 04 00 2d 00 02 01 01 00 33 00 26 00 24 00 1d
    00 20 c0 87 97 ee 6b 17 b2 64 c7 3b 58 2c db 03
    c9 f0 f1 0b 55 1d 17 90 eb 80 81 49 01 82 13 b5
    32 4c
<<< TLS 1.2, RecordHeader [length 0005]
    14 03 03 00 01
<<< TLS 1.3, ChangeCipherSpec [length 0001]
    01
<<< TLS 1.2, RecordHeader [length 0005]
    16 03 03 00 7a
<<< TLS 1.3, Handshake [length 007a], ServerHello
    02 00 00 76 03 03 77 3e 0f 79 2b 1f 1f b9 3d 40
    fc 93 80 ef e7 6e c9 16 d4 a7 9a dd e5 1e 02 79
    c9 39 76 9c 36 19 20 87 4e c9 0e b8 df 7b f5 cc
    48 7c 60 e0 24 95 ba 03 8f ff 7a b2 7f 0c 11 0d
    2f 2b 2b c2 6d 3d 43 13 02 00 00 2e 00 2b 00 02
    03 04 00 33 00 24 00 1d 00 20 74 b5 77 b6 f5 61
    0a a3 0d 5d fb 27 2d af 9b b3 29 b5 9c 29 27 08
    c5 64 91 58 5d 81 5e 7f b7 68
<<< TLS 1.2, RecordHeader [length 0005]
    17 03 03 00 21
>>> TLS 1.2, RecordHeader [length 0005]
    15 03 03 00 02
>>> TLS 1.3, Alert [length 0002], fatal bad_record_mac
    02 14
---
no peer certificate available
---
No client certificate CA names sent
Peer Temp Key: X25519, 253 bits
---
SSL handshake has read 264 bytes and written 1787 bytes
Verification: OK
---
New, TLSv1.3, Cipher is TLS_AES_256_GCM_SHA384
Protocol: TLSv1.3
This TLS version forbids renegotiation.
Compression: NONE
Expansion: NONE
No ALPN negotiated
Early data was not sent
Verify return code: 0 (ok)
---
Connecting to 127.0.0.1
SSL_connect:before SSL initialization
SSL_connect:SSLv3/TLS write client hello
SSL_connect:SSLv3/TLS write client hello
SSL_connect:SSLv3/TLS read server hello
SSL_connect:SSLv3/TLS write change cipher spec
SSL_connect:SSLv3/TLS write client hello
SSL_connect:SSLv3/TLS write client hello
SSL3 alert write:fatal:bad record mac
SSL_connect:error in error
405C81DB11750000:error:0A000119:SSL routines:tls_get_more_records:decryption failed or bad record mac:ssl/record/methods/tls_common.c:868:
405C81DB11750000:error:0A000139:SSL routines::record layer failure:ssl/record/rec_layer_s3.c:698:
