CONNECTED(00000003)
>>> TLS 1.0, RecordHeader [length 0005]
    16 03 01 05 c2
>>> TLS 1.3, Handshake [length 05c2], ClientHello
    01 00 05 be 03 03 ba 7f 2e 6c d1 a7 3b 3d 61 e4
    5a 5a 5b c6 b4 91 90 87 cb 3b 75 15 b7 5c 75 37
    cd 7e 19 64 04 93 20 d0 42 17 e3 2e 53 26 dd 06
    48 77 58 e1 72 7d df 7a 7e 79 65 16 a5 a3 3e 78
    f3 85 6c b6 ec 58 95 00 06 13 02 13 03 13 01 01
    00 05 6f 00 0b 00 04 03 00 01 02 00 0a 00 06 00
    04 11 ec 00 1d 00 23 00 00 00 16 00 00 00 17 00
    00 00 0d 00 76 00 74 09 05 09 06 09 04 04 03 05
    03 06 03 08 07 08 08 08 1a 08 1b 08 1c 08 09 08
    0a 08 0b 08 04 08 05 08 06 04 01 05 01 06 01 ff
    06 ff 07 ff 08 ff 09 fe d7 fe d8 fe d9 fe dc fe
    dd fe de fe da fe db fe df fe e0 fe b3 fe b4 fe
    b5 fe b6 fe b7 fe b8 fe b9 fe ba fe c2 fe c3 fe
    c4 ff 32 ff 36 ff 33 ff 37 ff 34 ff 38 ff 35 ff
    39 ff 22 ff 0e ff 1a ff 0f ff 1b 00 2b 00 03 02
    03 04 00 2d 00 02 01 01 00 33 04 c6 04 c4 11 ec
    04 c0 12 15 37 f8 f6 7d 74 77 96 73 8b c1 20 e9
    c2 bc 09 75 05 e0 a6 2d c1 68 56 42 98 dc e1 0a
    9a 74 9d ff b2 69 00 2a ce b8 e2 55 62 5c 2e 24
    e5 05 43 38 53 0c a9 60 ab 9c 5a c4 cb af 4a 74
    27 40 a2 19 0c 4b 7f b1 09 94 b8 bb 8b 3c a1 a1
    6d 16 cf f0 97 18 cc 3b 7b 61 4c a9 a3 c1 cd 45
    22 31 07 60 a7 eb bb 90 14 da 15 04 cb 9f 27 d9
    8a 3f 18 8a 61 9a 7f 23 26 c4 e7 66 85 a5 e6 a3
    25 73 ba d1 17 5b 33 97 39 57 92 47 93 33 67 c3
    50 46 05 04 28 a8 53 2a 2d 93 1b 31 c8 ba 95 40
    6c eb 6b 71 65 45 2d 9a 8b c2 7a 10 6f 4d 0c 7c
    ca 76 cb 34 41 7e 8b 45 c8 72 67 cb 59 12 8a 6f
    6c 16 a1 29 55 c5 90 3e 83 bb 79 1f 83 34 81 e4
    20 b1 db 3e 7f 56 b9 f1 dc 36 50 d5 67 bf 13 5b
    57 0a 2b 17 72 2c 5d b0 93 fb 42 99 1e 51 91 f0
    97 36 07 28 4c e0 98 32 58 52 50 6d c8 a6 ba f4
    ca e4 c0 94 1a aa af 7b 89 0d 68 e5 9f 00 c5 c3
    2d b4 4f 3f bc 3e c0 d9 84 1f 21 cb 9c 9a 48 36
    b6 12 84 87 95 79 c7 1f f2 9c 02 1b e7 3c 37 27
    15 3e 28 0a a0 82 7d 34 c1 83 94 d8 8e 1f 80 96
    c8 0c 4f 0f 8a 7e 3d 55 a8 44 8c b6 ce d7 5a aa
    43 cd f7 b4 ba 76 fb 89 4d d0 2c 3b 63 47 1d 4a
    05 d5 f2 a2 94 42 ac c9 d8 95 63 60 71 1c 6c 66
    24 1b c7 7f 4c b9 a1 ca 34 d0 40 24 2f 63 04 9d
    6c ca 31 73 47 98 69 9c 57 07 4c 7d 20 58 a2 b9
    bc 02 1a 30 7c d6 be 77 7b 25 90 86 96 e5 50 02
    9e 15 80 4b 8b 49 4c b7 34 37 62 73 86 1a 28 33
    f0 79 5b c6 7c 48 48 2a b3 70 bc 6c e7 8a 87 e4
    5b 30 19 60 69 01 3b 94 e6 a8 8e 55 b4 85 75 3b
    c6 04 6c 9e 2c 10 68 d8 b7 f1 e3 46 ba b5 15 f5
    e9 47 3c c4 7a 98 c7 93 dc 57 86 68 38 10 9d 1c
    22 b9 57 b3 13 65 a7 88 88 0b d7 8a 77 56 4b 87
    96 39 78 a0 19 1d 8f 12 46 35 7c 56 a3 8b 9f 12
    f5 63 ed 64 71 1d 12 9f 9f 2b c8 93 52 b7 4b 68
    8d 20 36 46 30 71 af 3e c4 88 83 a9 3f 3f c2 66
    7e 71 1c c7 7c be 15 00 40 be 4a ac 23 a1 20 a2
    51 36 2f 4a 7e fa 66 79 b6 47 c1 5a 4b 1d 06 80
    80 ce e0 78 da b0 82 5b c8 44 ee 49 02 77 16 68
    76 da 56 bc 05 bb 57 d5 7a 00 dc ad 0e d1 75 23
    3b 8c 1a fc 24 e3 e4 b4 9b 88 84 e7 15 6b 6a 29
    83 a4 77 45 cd 57 60 a7 40 c7 d0 b2 18 7d 20 09
    1c 83 1f 3a 78 0c 84 9a 49 38 66 4a 99 a0 98 08
    a1 17 de 12 06 fd c8 84 bd a6 81 8f 9b 13 e5 aa
    46 76 ba 91 e7 e7 40 8a fa ad 97 b9 09 07 50 bc
    22 68 7f 27 69 3c 48 13 cd c2 60 02 9f ec 29 60
    39 c9 f9 f7 25 84 84 6b 08 d5 1b 56 f5 c2 5a 09
    81 cf b7 b5 57 2a 9e c7 95 1a b2 69 cb df 25 43
    5c a3 b9 2c db 0e fe e8 c4 56 d1 64 b6 32 93 79
    3a 5e e2 2a 0c 73 6c 53 0b ca 17 bd 9c 56 87 12
    ba e7 82 cf d5 15 a9 e0 43 2f 9c c8 6d 04 83 33
    70 33 11 09 3a 64 45 76 ba fd 80 ad f8 d4 c2 5b
    53 1e c5 2a a5 2f 30 70 56 d1 82 27 e5 a2 29 fc
    8a be 73 c0 07 b9 ab 8d a9 c4 a7 e2 a8 f2 62 b9
    ba 68 5a 8b f5 8f 3b b1 66 c9 b5 b7 50 20 33 54
    70 92 a9 d1 31 5a 15 0e ab c8 bf 3c 14 a0 c8 55
    91 23 56 a7 ce 90 a7 a4 79 82 8d b7 7d fe 3a 9b
    d6 74 4b c2 ab 5b b1 88 07 5d 0b 1d 38 04 5a 3c
    e8 a7 3c 73 19 f6 10 ce b5 39 14 63 41 60 d3 81
    76 31 d7 74 9d d5 5e 72 a8 27 62 04 1f 88 95 30
    6a 36 02 60 27 8f 90 f7 5e 83 31 18 94 79 2f 0e
    f8 6a 07 a2 3c 06 70 49 a4 d7 b8 40 ab 28 16 08
    75 be 07 b8 37 1a 16 3c 02 88 aa 48 25 90 29 65
    a8 ca b6 e3 9b 09 71 25 82 17 74 74 b0 c4 8d 74
    fa 01 13 35 c2 45 d5 29 fb 50 37 a5 d1 39 54 82
    29 72 a0 4d 8f e4 41 a0 c4 86 47 47 40 80 04 52
    76 3c 22 00 a6 13 59 81 70 c7 20 ab c9 44 64 d7
    76 34 93 9b 4e 9d d3 18 00 87 12 d4 96 55 39 5c
    60 07 f0 7e 3d c5 61 59 d2 5b 48 0c 99 07 c7 59
    27 7b 74 9d f5 45 06 45 17 b3 f3 8f ef f5 bd b0
    f8 11 e7 e3 8c 68 40 35 a8 d1 ad 71 cc c8 1c 49
    31 99 c1 73 c5 95 a4 7d b6 7d 9a fa bd f2 7c b3
    95 bc 08 eb d0 5f a0 50 cd c7 ab 30 4f e1 87 65
    59 51 fb 2c 63 f8 af 2a 2b ac ef 13 7c 68 5b c7
    ec c6 2e 2c c3 d5 67 59 98 15 3f 6e 8f 18 96 d2
    14 19 a2 09 e6 37 35 bc b4 52 31 00 9b 38 12 8e
    4a 11 2c a3 88 18 2b fe 92 3e 1e 2e cf 47 4f 59
    9d 76
<<< TLS 1.2, RecordHeader [length 0005]
    16 03 03 04 ba
<<< TLS 1.3, Handshake [length 04ba], ServerHello
    02 00 04 b6 03 03 14 ea 73 75 16 79 8a 2c e0 ce
    a8 d6 b3 d1 29 65 39 a8 a3 c0 57 bf e9 c8 43 d6
    97 12 30 3d 5f 9a 20 d0 42 17 e3 2e 53 26 dd 06
    48 77 58 e1 72 7d df 7a 7e 79 65 16 a5 a3 3e 78
    f3 85 6c b6 ec 58 95 13 02 00 04 6e 00 2b 00 02
    03 04 00 33 04 64 11 ec 04 60 c7 77 6e 54 1e 8d
    dc 9a b5 52 e3 e2 b6 a9 b3 04 7e a8 1a 7e 40 e9
    4d 31 bc ea 31 43 22 e6 08 46 70 2c b0 59 b3 b8
    c0 75 96 fb e1 9f 8c 25 eb 6a 7a 9e bd 55 bc 30
    b3 7a 01 47 1d cd f3 88 d6 d3 6f a4 dc f2 dc df
    62 de 86 15 0a c2 42 59 a5 08 99 f8 d8 a5 fb 62
    63 71 6c 58 9f 03 3f ce 6c 39 87 bb b9 19 7e be
    17 6f cb 8a b9 d3 77 42 c0 98 24 4d 1a a0 b5 d1
    5d ca c8 93 a8 e4 a2 77 33 b0 93 8a 63 7f 42 ca
    99 68 d6 64 8a ec b4 ee 07 09 de 9b 60 c8 4f d0
    e6 c2 3a a4 4c 98 43 85 40 0b ce d3 32 b2 56 98
    d0 81 f0 77 20 fe 1d 70 e5 38 b9 d9 aa 96 8c 86
    94 2c 3f 1d fe 3c f3 ef 73 e4 d0 b9 37 eb da 3b
    d0 c7 b7 25 b8 d8 0a a0 d3 74 11 9d f8 49 f9 fb
    ef d4 2e bc 9c 52 d9 be cd a1 71 e5 10 1d 3f 92
    b0 83 ed d0 cf 1f 6f 4c 8f 4f 2e 5b 79 f3 4b 5d
    f5 ec 51 5f dd 21 0e 66 64 fd 0d 4f f6 d2 d5 53
    1c 03 85 a1 4b 34 42 4c 47 83 98 e4 d7 23 1f cf
    47 66 44 d4 b1 99 66 e6 1c a1 8f ae e7 e6 28 39
    3f fe d7 52 54 63 20 3c 84 7f 7f 82 65 63 b9 5e
    96 cf e6 ea a6 6e 56 74 ea 19 62 a9 a3 e9 d9 65
    ba 5f f2 f4 cf 50 28 37 97 d8 87 7e 65 ad 53 0f
    2b 3c 8d 49 47 54 58 ba 21 db 40 24 51 5e 6c 42
    52 1e a7 c2 b9 90 f5 ef df aa 0a 06 dc 66 c8 aa
    f8 e0 19 93 dd c1 9b 6e fa b2 93 f9 57 31 77 5e
    31 5a 25 52 f5 01 ef 76 8a 50 74 3f df 0e a5 d5
    ab b0 39 c0 7f 4c a1 8e c4 31 68 09 3b b2 9b c9
    79 a2 33 76 47 a1 4d f6 48 d2 49 5a 08 99 f9 86
    eb fa 36 0a b9 d7 4e f5 e2 83 95 2e 4e 77 85 af
    41 d6 29 0f a5 e7 1b 9f d1 10 ec fa 66 04 84 3b
    39 86 8b a8 81 c1 cc a0 49 12 ca 3d 7a 54 7a 97
    f4 71 fe ea ca e9 51 27 79 0e 4a 7c 57 88 81 60
    65 63 d7 fa 94 27 e7 d2 be 90 ff c3 63 11 f2 de
    3f 1c ca 5f 77 9c 21 6f 57 00 40 2e ed 8d 6c 47
    76 a3 39 5a 7b 23 4a f2 03 19 d4 be 96 06 e3 db
    24 9c 06 a7 cb 40 e2 17 19 cd af 4c 08 6a 6f ef
    8c f8 37 cc 2a a5 a4 2f 62 87 7b 52 28 60 d3 ae
    0c 25 44 63 eb 4d 41 d5 c0 29 8d 67 64 68 23 36
    00 0e 99 fa a7 87 1a 55 79 93 13 ba ae d5 62 32
    4c ac 6f 4a 0e a0 33 89 37 8e 6b c5 b1 78 88 f0
    0d 16 bd 0e 8b 06 98 96 c8 b7 97 aa b3 e0 27 87
    2f c2 db cb ef ed 6c a9 13 82 1e 37 be e2 0c 7e
    a4 34 58 d3 96 dc 19 a9 d7 3c 92 93 4a 25 29 3e
    47 3c bd f1 af 6c a1 f5 ad 47 df 5b 96 ea d8 fc
    05 9d 01 6a d4 8c f8 38 11 a6 02 aa b6 4e 8d 9f
    ec 35 2a 82 0c 14 fb 00 7d 04 74 d2 3e 8a 6f be
    ab 60 e8 34 b6 69 91 58 14 1d ea 79 6f 6a a3 03
    43 9f 89 ca e5 6a c3 09 a7 e5 88 fb 23 7e f6 0f
    a2 03 10 86 55 8f 4a f2 8e d0 4f e5 6e 16 df 62
    b6 62 39 f4 6c 69 6f 7d 42 5d 44 22 78 e2 53 a3
    fe ef d8 54 2f ff be bf 27 a2 63 dd 6d 33 60 0d
    d1 67 32 95 b2 cf 4a 42 2d 72 8a 05 cf 95 cd b1
    85 71 9a 03 a5 6f 68 07 81 5f c0 79 03 b2 a8 6b
    34 87 01 59 bf 1a 7b 15 2c e5 95 6a 5a 34 99 76
    f7 a3 a8 d6 d0 b9 b8 1d 3c 4a b4 09 22 ad 89 13
    3c 4d 32 f7 02 0d d5 23 f8 ac 47 2c 54 ec 30 3b
    60 2a 6e 26 24 ab f0 c2 e6 34 b1 cc c8 60 ee b3
    ba 04 10 3b c9 cf 80 c2 62 75 53 8a 9a 08 ba 4e
    72 1d 92 65 a7 57 3c 26 33 f6 23 7b b9 17 58 c2
    06 4a f4 13 e2 4c 56 c0 43 1f d0 cc 18 fa 82 65
    a6 cf a0 6a 06 1a b7 42 d9 b8 85 5a 33 74 52 03
    0d 41 25 24 c4 4b b1 d7 0c bb 6f cd b1 07 65 7f
    f7 6a 6a 7c 9c 07 e1 df f9 94 07 b2 8e 60 db fb
    46 ff 33 dd be ff 3b fc ab 0c 40 c7 ad 1b 6d 7a
    72 74 05 09 00 ea 02 0f 03 40 17 25 93 6b f9 f6
    ba 35 14 0f f5 22 60 4e 64 c8 f3 e5 cc 67 bc 29
    17 80 cd 95 69 df 8d ba a6 bf fb 53 94 ec a8 ab
    94 45 c3 a9 f9 b4 71 8a 0c 02 a6 dc 4e 0f 1b c0
    53 08 d2 0c 0b 3a 0f 95 d4 50 28 57 3d 4e 6a b1
    71 a5 79 61 d5 8d c4 e7 2b 16 7d 49 99 f8 67 9b
    06 ed 50 0a 26 13 3c 31 c6 61
<<< TLS 1.2, RecordHeader [length 0005]
    14 03 03 00 01
<<< TLS 1.3, ChangeCipherSpec [length 0001]
    01
<<< TLS 1.2, RecordHeader [length 0005]
    17 03 03 00 17
<<< TLS 1.3, InnerContent [length 0001]
    16
<<< TLS 1.3, Handshake [length 0006], EncryptedExtensions
    08 00 00 02 00 00
<<< TLS 1.2, RecordHeader [length 0005]
    17 03 03 03 47
<<< TLS 1.3, InnerContent [length 0001]
    16
<<< TLS 1.3, Handshake [length 0336], Certificate
    0b 00 03 32 00 00 03 2e 00 03 29 30 82 03 25 30
    82 02 0d a0 03 02 01 02 02 01 02 30 0d 06 09 2a
    86 48 86 f7 0d 01 01 0b 05 00 30 12 31 10 30 0e
    06 03 55 04 03 0c 07 52 6f 6f 74 20 43 41 30 20
    17 0d 31 36 30 31 31 34 32 32 32 39 34 36 5a 18
    0f 32 31 31 36 30 31 31 35 32 32 32 39 34 36 5a
    30 19 31 17 30 15 06 03 55 04 03 0c 0e 73 65 72
    76 65 72 2e 65 78 61 6d 70 6c 65 30 82 01 22 30
    0d 06 09 2a 86 48 86 f7 0d 01 01 01 05 00 03 82
    01 0f 00 30 82 01 0a 02 82 01 01 00 d5 5d 60 6a
    df fc 61 ee 48 aa 8c 11 48 43 a5 6d b6 52 5d aa
    98 49 b1 61 92 35 b1 fc 3a 04 25 0c 6d 79 ff b4
    d5 c9 e9 5c 1c 3b e0 ab b3 b8 7d a3 de 6d bd e0
    dd d7 5a bf 14 47 11 42 5e a6 82 d0 61 c1 7f dd
    13 46 e6 09 85 07 0e f2 d4 fc 1a 64 d2 0a ad 20
    ab 20 6b 96 f0 ad cc c4 19 53 55 dc 01 1d a4 b3
    ef 8a b4 49 53 5d 8a 05 1c f1 dc e1 44 bf c5 d7
    e2 77 19 57 5c 97 0b 75 ee 88 43 71 0f ca 6c c1
    b4 b2 50 a7 77 46 6c 58 0f 11 bf f1 76 24 5a ae
    39 42 b7 51 67 29 e1 d0 55 30 6f 17 e4 91 ea ad
    f8 28 c2 43 6f a2 64 a9 fb 9d 98 92 62 48 3e eb
    0d 4f 82 4a 8a ff 3f 72 ee 96 b5 ae a1 c1 98 ba
    ef 7d 90 75 6d ff 5a 52 9e ab f5 c0 7e d0 87 43
    db 85 07 07 0f 7d 38 7a fd d1 d3 ee 65 1d d3 ea
    39 6a 87 37 ee 4a d3 e0 0d 6e f5 70 ac c2 bd f1
    6e f3 92 95 5e a9 f0 a1 65 95 93 8d 02 03 01 00
    01 a3 7d 30 7b 30 1d 06 03 55 1d 0e 04 16 04 14
    c0 e7 84 bf e8 59 27 33 10 b0 52 4f 51 52 2f 06
    d6 c0 7a cd 30 1f 06 03 55 1d 23 04 18 30 16 80
    14 70 7f 2e ae 83 68 59 98 04 23 2a cd eb 3e 17
    cd 24 dd 01 49 30 09 06 03 55 1d 13 04 02 30 00
    30 13 06 03 55 1d 25 04 0c 30 0a 06 08 2b 06 01
    05 05 07 03 01 30 19 06 03 55 1d 11 04 12 30 10
    82 0e 73 65 72 76 65 72 2e 65 78 61 6d 70 6c 65
    30 0d 06 09 2a 86 48 86 f7 0d 01 01 0b 05 00 03
    82 01 01 00 7b d3 04 43 75 8a 0f 11 ae c4 fb d7
    a1 a2 9e fe 20 18 d5 f4 2f 31 88 46 b6 75 8c ee
    e5 9b 97 a6 b9 a3 cd 60 9a 46 c3 48 97 e5 97 68
    f7 5a 86 35 73 d9 69 9e f9 5f 74 b9 e6 94 13 01
    cb 6a dc e3 c4 04 e9 65 da 9c a4 8b 28 f3 f9 9a
    7f bf 97 1f 45 92 e5 05 b1 56 e6 0b f6 47 de 1e
    89 b6 2b e1 4d df 4a 7e 01 d3 23 dc 97 8c 47 fe
    5f c7 cc 98 46 0e c4 83 5b ca 8a f1 52 09 be 6b
    ec 3f 09 8b d0 93 02 bf e1 51 e7 d1 7e 34 56 19
    74 d0 ff 28 25 de b7 9f 56 52 91 7d 20 29 85 0a
    80 44 5f 71 32 25 71 0f c2 16 e2 5f 6b 1d 3f 32
    5b 0a 3c 74 1c b9 62 f1 ed 07 50 a3 6d b4 b4 31
    0a c0 53 44 6a 3a 88 84 8b 2d a9 b0 37 8e e6 18
    36 bd 9a 20 40 0f 01 92 8b 3d aa 61 e7 ae 2c ed
    36 cd 3a 07 86 74 3a 29 b3 d7 3a b4 00 a9 c2 f5
    92 78 0e e2 0f a3 fe bb be e0 06 53 84 59 1d 90
    69 e5 b6 f9 00 00
<<< TLS 1.2, RecordHeader [length 0005]
    17 03 03 01 19
<<< TLS 1.3, InnerContent [length 0001]
    16
<<< TLS 1.3, Handshake [length 0108], CertificateVerify
    0f 00 01 04 08 04 01 00 c1 35 2d 84 a3 51 30 e3
    b7 3a 57 3e d2 01 d4 b5 a6 a3 c7 23 4c dd d3 a2
    55 a6 a4 da 30 f6 83 94 72 61 f8 ca 0a 9b ce a9
    41 b6 93 1c 0b 5b 87 86 d0 16 ec 30 91 53 2d d3
    9d 87 a1 69 0e dc 91 b0 9a 25 3a 82 58 a6 65 b2
    63 63 64 2f f8 cd 8a c7 27 33 d9 30 63 64 31 10
    8b 93 49 54 d5 b2 69 99 26 10 16 a1 0b 12 e7 24
    5d 78 ef 09 b8 9f d6 22 08 eb 5f 3f 1b af 9a fd
    aa 1a c7 8c 8d 6a 81 f9 ab 0d 86 44 46 43 23 a3
    12 07 9f 89 ac d3 5c 42 f3 11 bf 0c 94 ba c0 a6
    7f 39 8d 01 a4 84 e0 c1 78 d5 d0 f0 48 80 ed 87
    1f 17 13 c6 b5 84 34 2a b8 96 0e 52 b5 97 d8 84
    ca f8 ef 0a a1 7f eb f7 c8 5a 58 6a 75 8f d3 58
    9d 0c 2c 4a 83 5b 48 0a d4 fe 76 9b 8a 72 c4 05
    17 c5 87 59 16 9c 49 70 f7 6e 5b 55 30 de 95 01
    15 32 a4 de 83 ac 9f fe f7 d0 16 a7 ef 83 43 99
    70 a9 f7 94 99 e5 14 f0
<<< TLS 1.2, RecordHeader [length 0005]
    17 03 03 00 45
<<< TLS 1.3, InnerContent [length 0001]
    16
<<< TLS 1.3, Handshake [length 0034], Finished
    14 00 00 30 89 ab d4 c7 ce bd 91 e7 66 e1 19 6f
    f5 d7 00 62 87 d0 e3 69 28 07 41 d9 97 42 c8 fd
    b0 bc 5b b2 79 35 83 37 11 d5 c0 2f 29 76 32 d2
    01 a9 94 83
>>> TLS 1.2, RecordHeader [length 0005]
    14 03 03 00 01
>>> TLS 1.3, ChangeCipherSpec [length 0001]
    01
>>> TLS 1.2, RecordHeader [length 0005]
    17 03 03 00 45
>>> TLS 1.2, InnerContent [length 0001]
    16
>>> TLS 1.3, Handshake [length 0034], Finished
    14 00 00 30 e4 7b 33 47 40 71 e3 dd e3 b9 0f 0f
    52 e8 77 e1 93 56 87 fe ab 4a ad 61 19 2f 6a ec
    29 e4 c1 33 89 a2 63 13 43 6a ed cb b0 db cd 23
    aa b2 d9 ac
---
Certificate chain
 0 s:CN=server.example
   i:CN=Root CA
   a:PKEY: RSA, 2048 (bit); sigalg: sha256WithRSAEncryption
   v:NotBefore: Jan 14 22:29:46 2016 GMT; NotAfter: Jan 15 22:29:46 2116 GMT
---
Server certificate
-----BEGIN CERTIFICATE-----
MIIDJTCCAg2gAwIBAgIBAjANBgkqhkiG9w0BAQsFADASMRAwDgYDVQQDDAdSb290
IENBMCAXDTE2MDExNDIyMjk0NloYDzIxMTYwMTE1MjIyOTQ2WjAZMRcwFQYDVQQD
DA5zZXJ2ZXIuZXhhbXBsZTCCASIwDQYJKoZIhvcNAQEBBQADggEPADCCAQoCggEB
ANVdYGrf/GHuSKqMEUhDpW22Ul2qmEmxYZI1sfw6BCUMbXn/tNXJ6VwcO+Crs7h9
o95tveDd11q/FEcRQl6mgtBhwX/dE0bmCYUHDvLU/Bpk0gqtIKsga5bwrczEGVNV
3AEdpLPvirRJU12KBRzx3OFEv8XX4ncZV1yXC3XuiENxD8pswbSyUKd3RmxYDxG/
8XYkWq45QrdRZynh0FUwbxfkkeqt+CjCQ2+iZKn7nZiSYkg+6w1PgkqK/z9y7pa1
rqHBmLrvfZB1bf9aUp6r9cB+0IdD24UHBw99OHr90dPuZR3T6jlqhzfuStPgDW71
cKzCvfFu85KVXqnwoWWVk40CAwEAAaN9MHswHQYDVR0OBBYEFMDnhL/oWSczELBS
T1FSLwbWwHrNMB8GA1UdIwQYMBaAFHB/Lq6DaFmYBCMqzes+F80k3QFJMAkGA1Ud
EwQCMAAwEwYDVR0lBAwwCgYIKwYBBQUHAwEwGQYDVR0RBBIwEIIOc2VydmVyLmV4
YW1wbGUwDQYJKoZIhvcNAQELBQADggEBAHvTBEN1ig8RrsT716Ginv4gGNX0LzGI
RrZ1jO7lm5emuaPNYJpGw0iX5Zdo91qGNXPZaZ75X3S55pQTActq3OPEBOll2pyk
iyjz+Zp/v5cfRZLlBbFW5gv2R94eibYr4U3fSn4B0yPcl4xH/l/HzJhGDsSDW8qK
8VIJvmvsPwmL0JMCv+FR59F+NFYZdND/KCXet59WUpF9ICmFCoBEX3EyJXEPwhbi
X2sdPzJbCjx0HLli8e0HUKNttLQxCsBTRGo6iISLLamwN47mGDa9miBADwGSiz2q
YeeuLO02zToHhnQ6KbPXOrQAqcL1kngO4g+j/ru+4AZThFkdkGnltvk=
-----END CERTIFICATE-----
subject=CN=server.example
issuer=CN=Root CA
---
No client certificate CA names sent
Peer signing digest: SHA256
Peer signature type: rsa_pss_rsae_sha256
Negotiated TLS1.3 group: X25519MLKEM768
---
SSL handshake has read 2453 bytes and written 1559 bytes
Verification error: unable to verify the first certificate
---
New, TLSv1.3, Cipher is TLS_AES_256_GCM_SHA384
Protocol: TLSv1.3
Server public key is 2048 bit
This TLS version forbids renegotiation.
Compression: NONE
Expansion: NONE
No ALPN negotiated
Early data was not sent
Verify return code: 21 (unable to verify the first certificate)
---
>>> TLS 1.2, RecordHeader [length 0005]
    17 03 03 00 13
>>> TLS 1.2, InnerContent [length 0001]
    15
>>> TLS 1.3, Alert [length 0002], warning close_notify
    01 00
Connecting to 127.0.0.1
SSL_connect:before SSL initialization
SSL_connect:SSLv3/TLS write client hello
SSL_connect:SSLv3/TLS write client hello
SSL_connect:SSLv3/TLS read server hello
Can't use SSL_get_servername
SSL_connect:TLSv1.3 read encrypted extensions
depth=0 CN=server.example
verify error:num=20:unable to get local issuer certificate
verify return:1
depth=0 CN=server.example
verify error:num=21:unable to verify the first certificate
verify return:1
depth=0 CN=server.example
verify return:1
SSL_connect:SSLv3/TLS read server certificate
SSL_connect:TLSv1.3 read server certificate verify
SSL_connect:SSLv3/TLS read finished
SSL_connect:SSLv3/TLS write change cipher spec
SSL_connect:SSLv3/TLS write finished
DONE
SSL3 alert write:warning:close notify
