CONNECTED(00000003)
>>> TLS 1.0, RecordHeader [length 0005]
    16 03 01 05 c2
>>> TLS 1.3, Handshake [length 05c2], ClientHello
    01 00 05 be 03 03 ba 43 8b f8 d1 d2 fe 57 93 41
    2f e1 ec 49 dd b6 c3 61 e6 16 ed 6d 62 c6 c4 4f
    06 3b 27 fe de 9d 20 ad e6 68 84 02 14 10 e4 4e
    8e 40 c3 a3 4e eb e4 1f 53 1a 97 c1 d2 c9 c7 a6
    64 1b 53 48 ff ea 6e 00 06 13 02 13 03 13 01 01
    00 05 6f 00 0b 00 04 03 00 01 02 00 0a 00 06 00
    04 11 ec 00 1d 00 23 00 00 00 16 00 00 00 17 00
    00 00 0d 00 76 00 74 09 05 09 06 09 04 04 03 05
    03 06 03 08 07 08 08 08 1a 08 1b 08 1c 08 09 08
    0a 08 0b 08 04 08 05 08 06 04 01 05 01 06 01 ff
    06 ff 07 ff 08 ff 09 fe d7 fe d8 fe d9 fe dc fe
    dd fe de fe da fe db fe df fe e0 fe b3 fe b4 fe
    b5 fe b6 fe b7 fe b8 fe b9 fe ba fe c2 fe c3 fe
    c4 ff 32 ff 36 ff 33 ff 37 ff 34 ff 38 ff 35 ff
    39 ff 22 ff 0e ff 1a ff 0f ff 1b 00 2b 00 03 02
    03 04 00 2d 00 02 01 01 00 33 04 c6 04 c4 11 ec
    04 c0 52 c3 b5 bd 4b 81 61 83 c7 f3 a4 c8 5d 7c
    a9 5b f4 85 16 8b 40 cf ca 6c 6b f3 4f 64 a5 5f
    ef a3 6e 7a 96 19 c1 b1 76 97 0b 71 0d d8 15 c9
    92 ba b2 f1 3d 53 0a 12 d5 b8 18 cc 57 6c 1a 36
    12 e4 40 53 f3 07 ae 54 bb 58 7a 90 ca b2 36 10
    77 25 58 52 44 b6 dc fb 4b 1e 63 a7 67 8b 54 39
    79 77 93 cb 8b 1d 20 9b 35 58 3f 9b 47 33 18 49
    c9 58 a8 27 88 27 83 7c 3a aa 75 19 cc 38 18 57
    18 f6 01 77 81 9c b4 a5 64 aa 70 a5 90 c7 9e 08
    09 2a a3 79 08 f9 85 07 dd 19 cc 9e 55 b4 a8 b1
    98 b8 5c 8c 4e b4 10 c9 2c 95 a6 aa 15 c3 7a 32
    56 25 36 c4 8a a7 ad 02 a5 1c e2 b4 73 fc 04 b6
    32 5a 80 9a 5c 62 aa 81 ae 93 84 aa 28 a7 7f e0
    38 0f 3c 7a 96 dc b7 96 e3 60 9e 64 4f ee c6 cc
    6f bb 2b 42 9c 88 08 73 9e c0 47 0f d2 c6 65 c4
    c5 3d 28 a9 2c 63 50 8e c1 c1 44 b6 d8 8e fa f6
    82 ae 16 3d a4 a1 3b b1 b5 99 29 89 b7 15 b8 48
    3c e8 86 34 90 6c 28 d9 77 ff c7 0c 6f 34 22 35
    60 69 8d a8 51 3f 9c 4e 83 d6 96 fa 46 66 1f 9b
    cf b7 0b 6f 7c 53 92 ea dc 88 de 12 0d 21 a2 3e
    83 82 43 c0 f6 0e 02 19 a0 ea 20 b3 46 58 4e d6
    92 51 82 56 2c 6c 0b 86 51 92 c4 a7 aa a6 86 39
    9d f4 78 58 53 27 16 70 27 49 a8 49 83 2f 7c af
    cf c1 40 88 e8 84 fc 7c 78 e8 46 75 ed 37 1c 8c
    e4 b2 d8 f1 8d 6a 31 9d d2 87 96 bc c0 18 04 d4
    c9 b7 f2 9f ae c4 0a 67 15 a9 39 85 80 6c 27 61
    f5 7c 9b a4 2a 1b 23 6c 8d ab 54 77 d9 0c 83 9a
    22 a0 94 b0 33 ce e6 18 05 f3 9e c3 c1 0a 9d 3c
    46 61 49 29 6f 70 a6 1b 13 cc 2d 9c c8 c5 71 33
    75 fb 04 85 0a 55 06 81 51 dd fb 2f 47 e3 4c 1f
    15 6a 94 f7 59 18 e9 3c e2 68 6b 33 ab 0d 00 64
    22 75 75 50 40 6c b2 fe 2a a3 20 86 27 f1 17 43
    30 93 2b 17 34 17 2c 0a 85 a1 37 25 c9 a4 bd 75
    64 36 d9 93 8d 85 9b 3c a5 a2 4d 07 c1 26 b2 f2
    2e e1 36 28 cb bb 2d cd 2b 09 f2 e4 4d 0a c3 04
    9d d9 89 19 a9 55 fa f0 01 e9 47 9e 4c c1 a9 7a
    80 0b 77 cb 4a 14 02 05 63 f3 39 44 40 1d 76 71
    18 a0 68 0e 26 66 30 2f 65 b6 32 56 8a 13 9c c6
    14 d8 8d 06 49 1f 57 56 ca e9 51 a9 be e8 94 7b
    a4 78 70 b8 4c 39 e3 24 60 02 08 c4 3a 1f 45 ec
    b6 b5 ec a0 d8 f6 3e 67 14 19 5b 83 2a e9 12 1f
    df dc b8 69 25 6d 1e e9 91 0b d9 1a 5c b9 7f a2
    e8 41 d6 58 21 15 d4 0c 18 06 9e 44 b2 69 57 9c
    3b b3 93 5e 7c 54 60 23 ac 18 ce 40 50 53 95 6f
    32 9c 0e 70 44 32 53 65 c1 15 f9 aa ac 1a 67 08
    52 1d 3f b0 4c 09 87 cc 88 a4 06 4e c9 9a d3 cb
    01 7d 81 92 ad c1 67 cd 56 bf 35 d9 a6 6f 90 22
    08 91 1a 67 32 56 99 b0 b1 12 35 2e 3a 24 05 ee
    b4 63 1c 0c 1b de 49 14 d3 72 41 d3 d6 c9 37 57
    ae e1 93 2a 7d 51 48 c3 4b cf 9d 96 7e 29 24 70
    1f 85 19 7a 27 93 64 d6 91 20 22 66 6c 1b 06 88
    7a b9 2d c2 c7 c3 16 2b 8a 97 7d fa 14 b2 ac 6b
    67 79 87 96 b2 76 41 4d 71 5b 2f 6c c1 65 5a a5
    3a 1c 7d fb bb 76 f1 c8 1e 19 ca 8a e8 43 1a 9d
    0b cb a9 57 aa da 20 3c ed 1b 90 ae 89 2c 78 71
    1a 3b c1 0b cc 01 08 82 59 5a 0a 4b bd c2 09 0d
    09 99 a9 78 79 a0 a2 ec bc 22 d6 5d 5d a7 96 1b
    61 0f e7 fc b5 62 92 66 fe bc cf 37 aa 80 56 a6
    9e 9a e0 4f 3d 31 cf d0 25 6c 6f 78 1c e0 89 b8
    73 f8 42 1f 98 25 5f c1 c6 6b 96 8f db b8 5d 9d
    f3 9c c5 1b 0a d5 fa 85 3c 51 64 6b 76 66 a3 0b
    8b ff 66 6e 79 d5 b9 0c c9 02 01 2a 10 ff 5c b5
    e1 55 25 25 35 7c d0 b3 2a 3e e0 7e 9f ea b8 28
    41 70 d9 84 bb a3 95 8b 68 91 4a 33 71 28 15 62
    10 01 f6 49 4c 31 87 f4 f0 91 51 06 ad f9 14 b1
    a6 a6 49 2f 09 ac 97 04 6a 74 54 0d 2a b1 13 68
    1a 50 d8 88 3c 01 1b 18 a5 cb 5f b8 e0 68 65 b7
    17 bf 8c 95 ab 10 44 70 a6 af 63 2a a0 a4 64 5a
    3f 6a 0b 4b 8b 18 36 9c 21 55 fb 8b 2f b4 2a c1
    99 61 d0 24 cc d8 00 2b 53 e4 58 1e 77 47 30 79
    85 4f e4 1a 5a 32 53 5f ca 31 3b d7 1e fc a6 46
    c9 e1 56 09 f3 47 b1 a9 37 95 82 a7 2a e6 30 23
    ac 9b 90 30 90 c6 25 52 72 73 0e bc 48 b4 26 6e
    78 d2 ce fb ad 1b 23 8f 84 a9 48 4a 69 81 7b b1
    9a ec 13 2f 3f d4 a1 3e b4 e4 b2 33 fb 51 b7 ee
    b0 b4 9c ef 67 23 70 29 00 18 d8 9d c9 49 0f 73
    36 4d
<<< TLS 1.2, RecordHeader [length 0005]
    16 03 03 04 ba
<<< TLS 1.3, Handshake [length 04ba], ServerHello
    02 00 04 b6 03 03 e6 84 62 95 8d 7f 36 6c d7 68
    18 f8 11 6f 21 d3 2b 47 79 87 e8 9f 01 b3 50 99
    5d 55 3d 54 32 48 20 ad e6 68 84 02 14 10 e4 4e
    8e 40 c3 a3 4e eb e4 1f 53 1a 97 c1 d2 c9 c7 a6
    64 1b 53 48 ff ea 6e 13 02 00 04 6e 00 2b 00 02
    03 04 00 33 04 64 11 ec 04 60 12 74 62 42 3f c5
    ed ca 44 7a 70 1b f0 82 35 35 75 7e 86 4b 18 9b
    58 1e 1a 88 82 bc f9 63 90 ed 71 00 69 61 24 ac
    17 99 bc b4 5f e3 2e df 1e 9f 96 7b fc d0 78 a3
    63 c0 4a 4c 49 1c 48 d3 35 4d 4b 67 02 80 fb e2
    0d e4 40 30 75 00 6c 82 dd f3 6f 83 85 3f ef 26
    7e fd 39 c2 bb d2 50 0d 65 8b f6 52 ad 27 28 d6
    d4 8e 38 54 a0 f7 b4 47 de 11 e4 78 59 21 6c d4
    a5 f5 91 d2 36 3a 97 b5 1e 18 87 98 70 cf 15 f9
    2e 9e 79 6e 98 e4 ab aa 0b 66 99 67 40 d4 5b f0
    d7 62 39 28 71 f8 3b 5b 00 d2 44 01 6f f5 99 57
    48 52 b0 63 42 a5 cf 9a 82 e0 12 45 74 2c 32 c5
    6c 56 81 4b 84 18 eb 4e d8 38 79 0d b9 cf 22 0c
    9d 02 33 b7 e9 70 2f 18 4f 4b e4 4d 1d 85 66 b8
    98 6b f0 d1 d5 e9 3f 97 ba bc 64 74 d4 ca b8 9e
    cb 14 0c b2 23 65 7c c7 a4 02 95 a0 6d 64 6c 1e
    d8 84 48 46 9b 03 f1 ab f0 b8 c1 e2 30 96 7c b0
    a0 bf 38 fa 85 2d f6 61 22 e6 7c 95 00 a8 31 a2
    40 2e 72 15 1c 19 1f ba de 99 dd fe 43 c8 fb df
    56 63 59 b4 f8 da 41 b4 33 6f 31 e0 dd f7 0e 5b
    6c ca f0 b2 6e dc c5 2f 59 db 5a 48 a2 66 b3 3c
    60 b3 50 42 26 4c a2 6f b9 9b f0 b2 64 56 2a df
    06 ea 66 d0 dd da 6b 2e d8 f5 4f 19 09 0c 96 45
    74 85 d0 1b c5 e6 ed 71 3a b3 98 f9 bc 45 3d 3f
    94 75 ab 42 b5 49 b0 bf ff 96 f7 8b 35 94 14 ee
    e4 f0 da 15 b5 13 61 2a ae d3 df 82 8d f8 48 33
    15 1e 5e 3d 35 e4 de 98 d4 40 8a a5 d6 a4 13 53
    fc d0 91 42 01 33 ea c0 e2 44 0c ca 14 f9 fb 80
    00 74 b4 14 35 5d b2 bd 5c 9a 73 52 aa 7c 0e 55
    47 6a d3 f7 06 c4 e5 da 32 03 6a ab 50 2a c0 8d
    1c 7e 85 62 4f 02 3a 70 c7 a4 75 21 35 f5 92 61
    51 d9 88 eb 99 ec ad 3b 9e 24 a5 b3 75 2b 60 5a
    c9 d3 1e 5d bd 20 6e 31 ca 5b 4e 41 7a ce fb 9e
    6b ef bf f2 f9 03 f0 f3 32 d4 2f 47 49 a9 08 77
    7c 16 38 9c 41 c5 d8 00 a7 28 21 fa c9 56 24 b8
    60 6b 80 3d c6 8e ee 75 67 e7 49 ee 23 92 d8 7a
    16 92 09 e4 5b 21 50 6d e7 14 41 df 05 2c 8e 52
    1f db df d6 54 32 b8 84 f9 4e 21 0e 20 57 08 df
    37 76 b0 da 6a 88 e7 78 8d dd 5c 06 c0 a8 f7 ce
    d0 d0 b5 b7 08 99 53 de e3 b9 ba 51 a1 af 49 2d
    0f 76 19 8b 85 f0 11 80 95 8e 89 a9 fe 0a f3 b9
    e1 ef dc 03 c0 fc 9e be cc 7c be 73 d5 48 96 1f
    c1 66 0e 4b 4d fa 57 bf a7 3b 87 7d a0 a3 6a f2
    5f 55 77 05 22 1f 65 3b 61 61 aa 19 81 13 56 ca
    14 eb 44 b6 02 6b 1a 31 9c 61 45 34 85 d3 e2 2d
    fd de a6 33 61 fe 41 b3 28 d0 f6 64 6f 17 ad 2b
    51 24 0c 88 d6 ed f7 f6 6e 8c 9d 8b 7a 59 a9 44
    22 b8 2d 36 b8 df 4e 57 71 ac eb 46 e5 b6 eb 0f
    9b ee e2 4e 16 3d d5 42 3b 65 fa a1 88 7b 46 36
    fa e2 ec 16 7b c2 e0 f2 85 c2 05 d3 94 d2 8a 61
    b7 51 66 c7 17 29 d1 55 91 3e b3 31 93 fd 61 80
    f0 af e1 76 a5 88 08 5a f2 a9 cb ce e0 3c 22 c7
    dd 0f 8a 2d 63 70 75 91 02 31 07 50 2b 60 01 33
    87 87 17 1c f3 69 ee e2 9b 83 29 b4 41 ba 67 f6
    c5 00 ea 03 c5 c4 72 18 f3 cd df 8b e6 ca bd 6c
    2b 87 57 51 29 f9 ca 62 98 94 72 7e fc cd b8 94
    3a fb 0f 69 ce cc cb f9 2b a4 48 d7 e7 e2 ce 07
    f1 08 57 54 7b cb 0f 13 d8 39 9c 6a 2e ff 1e 68
    75 90 a2 23 12 83 d0 72 1d a0 1d b6 f8 ae 09 0b
    b0 ca d5 b3 d9 87 d4 e5 ef 1b 95 d0 63 bb b0 18
    cd f3 cc f1 29 d9 ca 81 ac fc 6d cb 08 be 9e c5
    15 a7 bf 7d f8 f6 52 3d 22 1c c0 82 8a 9b 53 4b
    01 82 a9 6b 4d 23 26 1c 3d fa 39 8e 9e 49 18 32
    60 12 11 42 29 01 c9 34 b6 c4 01 fd e4 f1 29 d2
    45 60 f5 2e 8a b7 b6 47 3b db 16 91 eb 4d d4 30
    ec 77 8c 88 e8 4a 91 ba 96 e9 15 82 8b 5a 1e 87
    b5 6a c4 a3 9b c2 0c e9 d6 94 37 74 0f ac 95 87
    7d b5 88 ff 36 1a e4 7e da 67 8e 9a c4 e0 42 92
    cb 6e 57 37 6d db 12 6f e1 76 ab 0d 21 d3 16 0e
    59 42 2f 37 01 2f c9 74 8e 1b 6c 6e f8 a1 3d 7c
    e0 d9 45 96 98 0a 03 c5 96 52
<<< TLS 1.2, RecordHeader [length 0005]
    14 03 03 00 01
<<< TLS 1.3, ChangeCipherSpec [length 0001]
    01
<<< TLS 1.2, RecordHeader [length 0005]
    17 03 03 00 17
<<< TLS 1.3, InnerContent [length 0001]
    16
<<< TLS 1.3, Handshake [length 0006], EncryptedExtensions
    08 00 00 02 00 00
<<< TLS 1.2, RecordHeader [length 0005]
    17 03 03 03 47
<<< TLS 1.3, InnerContent [length 0001]
    16
<<< TLS 1.3, Handshake [length 0336], Certificate
    0b 00 03 32 00 00 03 2e 00 03 29 30 82 03 25 30
    82 02 0d a0 03 02 01 02 02 01 02 30 0d 06 09 2a
    86 48 86 f7 0d 01 01 0b 05 00 30 12 31 10 30 0e
    06 03 55 04 03 0c 07 52 6f 6f 74 20 43 41 30 20
    17 0d 31 36 30 31 31 34 32 32 32 39 34 36 5a 18
    0f 32 31 31 36 30 31 31 35 32 32 32 39 34 36 5a
    30 19 31 17 30 15 06 03 55 04 03 0c 0e 73 65 72
    76 65 72 2e 65 78 61 6d 70 6c 65 30 82 01 22 30
    0d 06 09 2a 86 48 86 f7 0d 01 01 01 05 00 03 82
    01 0f 00 30 82 01 0a 02 82 01 01 00 d5 5d 60 6a
    df fc 61 ee 48 aa 8c 11 48 43 a5 6d b6 52 5d aa
    98 49 b1 61 92 35 b1 fc 3a 04 25 0c 6d 79 ff b4
    d5 c9 e9 5c 1c 3b e0 ab b3 b8 7d a3 de 6d bd e0
    dd d7 5a bf 14 47 11 42 5e a6 82 d0 61 c1 7f dd
    13 46 e6 09 85 07 0e f2 d4 fc 1a 64 d2 0a ad 20
    ab 20 6b 96 f0 ad cc c4 19 53 55 dc 01 1d a4 b3
    ef 8a b4 49 53 5d 8a 05 1c f1 dc e1 44 bf c5 d7
    e2 77 19 57 5c 97 0b 75 ee 88 43 71 0f ca 6c c1
    b4 b2 50 a7 77 46 6c 58 0f 11 bf f1 76 24 5a ae
    39 42 b7 51 67 29 e1 d0 55 30 6f 17 e4 91 ea ad
    f8 28 c2 43 6f a2 64 a9 fb 9d 98 92 62 48 3e eb
    0d 4f 82 4a 8a ff 3f 72 ee 96 b5 ae a1 c1 98 ba
    ef 7d 90 75 6d ff 5a 52 9e ab f5 c0 7e d0 87 43
    db 85 07 07 0f 7d 38 7a fd d1 d3 ee 65 1d d3 ea
    39 6a 87 37 ee 4a d3 e0 0d 6e f5 70 ac c2 bd f1
    6e f3 92 95 5e a9 f0 a1 65 95 93 8d 02 03 01 00
    01 a3 7d 30 7b 30 1d 06 03 55 1d 0e 04 16 04 14
    c0 e7 84 bf e8 59 27 33 10 b0 52 4f 51 52 2f 06
    d6 c0 7a cd 30 1f 06 03 55 1d 23 04 18 30 16 80
    14 70 7f 2e ae 83 68 59 98 04 23 2a cd eb 3e 17
    cd 24 dd 01 49 30 09 06 03 55 1d 13 04 02 30 00
    30 13 06 03 55 1d 25 04 0c 30 0a 06 08 2b 06 01
    05 05 07 03 01 30 19 06 03 55 1d 11 04 12 30 10
    82 0e 73 65 72 76 65 72 2e 65 78 61 6d 70 6c 65
    30 0d 06 09 2a 86 48 86 f7 0d 01 01 0b 05 00 03
    82 01 01 00 7b d3 04 43 75 8a 0f 11 ae c4 fb d7
    a1 a2 9e fe 20 18 d5 f4 2f 31 88 46 b6 75 8c ee
    e5 9b 97 a6 b9 a3 cd 60 9a 46 c3 48 97 e5 97 68
    f7 5a 86 35 73 d9 69 9e f9 5f 74 b9 e6 94 13 01
    cb 6a dc e3 c4 04 e9 65 da 9c a4 8b 28 f3 f9 9a
    7f bf 97 1f 45 92 e5 05 b1 56 e6 0b f6 47 de 1e
    89 b6 2b e1 4d df 4a 7e 01 d3 23 dc 97 8c 47 fe
    5f c7 cc 98 46 0e c4 83 5b ca 8a f1 52 09 be 6b
    ec 3f 09 8b d0 93 02 bf e1 51 e7 d1 7e 34 56 19
    74 d0 ff 28 25 de b7 9f 56 52 91 7d 20 29 85 0a
    80 44 5f 71 32 25 71 0f c2 16 e2 5f 6b 1d 3f 32
    5b 0a 3c 74 1c b9 62 f1 ed 07 50 a3 6d b4 b4 31
    0a c0 53 44 6a 3a 88 84 8b 2d a9 b0 37 8e e6 18
    36 bd 9a 20 40 0f 01 92 8b 3d aa 61 e7 ae 2c ed
    36 cd 3a 07 86 74 3a 29 b3 d7 3a b4 00 a9 c2 f5
    92 78 0e e2 0f a3 fe bb be e0 06 53 84 59 1d 90
    69 e5 b6 f9 00 00
<<< TLS 1.2, RecordHeader [length 0005]
    17 03 03 01 19
<<< TLS 1.3, InnerContent [length 0001]
    16
<<< TLS 1.3, Handshake [length 0108], CertificateVerify
    0f 00 01 04 08 04 01 00 97 9f aa 3d 86 ce f0 e3
    b5 60 a2 88 8f 41 a2 81 d1 20 e3 8d b6 69 0e b7
    67 63 01 41 f1 1f 60 be 2f b0 c4 d4 90 41 79 d7
    4e 89 0b 59 2e bc 4d 07 06 c5 8e de b2 3a 73 bf
    75 70 a8 2e b5 6f 79 7d 2a e8 d2 eb 4f c9 e0 63
    c2 dd 5c 2e 93 3e 05 5c da c9 f3 07 67 ff 0f f1
    e4 5a 80 3b 73 ef 51 c8 f2 0f 84 d1 52 57 7d c0
    d2 10 7d fb be d6 16 7c 73 04 ad 0c 99 e4 02 03
    8f a0 15 a3 1a 8a e4 3b db ee 51 23 9a 0f 15 3d
    60 09 29 0a 6a 07 89 33 c7 2f fe 40 92 70 6d 24
    29 71 9a 34 cd e0 76 bc 0f 18 24 2e ab bf d7 0d
    5c 75 3f 2a 5a 3b c7 80 c6 ca 23 ee d3 07 23 98
    cb 0f 5d 1b f3 f2 9c 6c b7 a5 5c 8a 42 24 8a ce
    a0 98 ed 60 95 c9 75 67 62 ae 6d 6f b6 a2 e4 bb
    7b e0 a1 a1 46 af c7 8d 5d d6 ed e0 20 2b 37 8d
    58 4c 50 ba 86 f3 91 ac b2 74 ed c1 7c 5c 12 e6
    45 de 2b 15 5e 0c c2 42
<<< TLS 1.2, RecordHeader [length 0005]
    17 03 03 00 45
<<< TLS 1.3, InnerContent [length 0001]
    16
<<< TLS 1.3, Handshake [length 0034], Finished
    14 00 00 30 83 36 59 c2 88 30 75 20 d0 0e 62 34
    27 86 d8 ad 7f ac a3 2f 72 a7 9c 8f 59 79 52 2f
    03 b7 ad a0 9f 5f 78 12 7f 6f c7 bd 7c d6 5f 13
    27 af 83 0d
>>> TLS 1.2, RecordHeader [length 0005]
    14 03 03 00 01
>>> TLS 1.3, ChangeCipherSpec [length 0001]
    01
>>> TLS 1.2, RecordHeader [length 0005]
    17 03 03 00 45
>>> TLS 1.2, InnerContent [length 0001]
    16
>>> TLS 1.3, Handshake [length 0034], Finished
    14 00 00 30 69 3d f0 7b 58 b4 4f db f8 8e a0 e7
    48 1a 36 ee fb 88 18 6b 90 f6 0e 2f cf a2 47 b9
    f5 28 b9 11 be 10 8e eb 5a f9 52 c8 d6 df 08 11
    7b d4 e0 f9
---
Certificate chain
 0 s:CN=server.example
   i:CN=Root CA
   a:PKEY: RSA, 2048 (bit); sigalg: sha256WithRSAEncryption
   v:NotBefore: Jan 14 22:29:46 2016 GMT; NotAfter: Jan 15 22:29:46 2116 GMT
---
Server certificate
-----BEGIN CERTIFICATE-----
MIIDJTCCAg2gAwIBAgIBAjANBgkqhkiG9w0BAQsFADASMRAwDgYDVQQDDAdSb290
IENBMCAXDTE2MDExNDIyMjk0NloYDzIxMTYwMTE1MjIyOTQ2WjAZMRcwFQYDVQQD
DA5zZXJ2ZXIuZXhhbXBsZTCCASIwDQYJKoZIhvcNAQEBBQADggEPADCCAQoCggEB
ANVdYGrf/GHuSKqMEUhDpW22Ul2qmEmxYZI1sfw6BCUMbXn/tNXJ6VwcO+Crs7h9
o95tveDd11q/FEcRQl6mgtBhwX/dE0bmCYUHDvLU/Bpk0gqtIKsga5bwrczEGVNV
3AEdpLPvirRJU12KBRzx3OFEv8XX4ncZV1yXC3XuiENxD8pswbSyUKd3RmxYDxG/
8XYkWq45QrdRZynh0FUwbxfkkeqt+CjCQ2+iZKn7nZiSYkg+6w1PgkqK/z9y7pa1
rqHBmLrvfZB1bf9aUp6r9cB+0IdD24UHBw99OHr90dPuZR3T6jlqhzfuStPgDW71
cKzCvfFu85KVXqnwoWWVk40CAwEAAaN9MHswHQYDVR0OBBYEFMDnhL/oWSczELBS
T1FSLwbWwHrNMB8GA1UdIwQYMBaAFHB/Lq6DaFmYBCMqzes+F80k3QFJMAkGA1Ud
EwQCMAAwEwYDVR0lBAwwCgYIKwYBBQUHAwEwGQYDVR0RBBIwEIIOc2VydmVyLmV4
YW1wbGUwDQYJKoZIhvcNAQELBQADggEBAHvTBEN1ig8RrsT716Ginv4gGNX0LzGI
RrZ1jO7lm5emuaPNYJpGw0iX5Zdo91qGNXPZaZ75X3S55pQTActq3OPEBOll2pyk
iyjz+Zp/v5cfRZLlBbFW5gv2R94eibYr4U3fSn4B0yPcl4xH/l/HzJhGDsSDW8qK
8VIJvmvsPwmL0JMCv+FR59F+NFYZdND/KCXet59WUpF9ICmFCoBEX3EyJXEPwhbi
X2sdPzJbCjx0HLli8e0HUKNttLQxCsBTRGo6iISLLamwN47mGDa9miBADwGSiz2q
YeeuLO02zToHhnQ6KbPXOrQAqcL1kngO4g+j/ru+4AZThFkdkGnltvk=
-----END CERTIFICATE-----
subject=CN=server.example
issuer=CN=Root CA
---
No client certificate CA names sent
Peer signing digest: SHA256
Peer signature type: rsa_pss_rsae_sha256
Negotiated TLS1.3 group: X25519MLKEM768
---
SSL handshake has read 2453 bytes and written 1559 bytes
Verification error: unable to verify the first certificate
---
New, TLSv1.3, Cipher is TLS_AES_256_GCM_SHA384
Protocol: TLSv1.3
Server public key is 2048 bit
This TLS version forbids renegotiation.
Compression: NONE
Expansion: NONE
No ALPN negotiated
Early data was not sent
Verify return code: 21 (unable to verify the first certificate)
---
>>> TLS 1.2, RecordHeader [length 0005]
    17 03 03 00 13
>>> TLS 1.2, InnerContent [length 0001]
    15
>>> TLS 1.3, Alert [length 0002], warning close_notify
    01 00
Connecting to 127.0.0.1
SSL_connect:before SSL initialization
SSL_connect:SSLv3/TLS write client hello
SSL_connect:SSLv3/TLS write client hello
SSL_connect:SSLv3/TLS read server hello
Can't use SSL_get_servername
SSL_connect:TLSv1.3 read encrypted extensions
depth=0 CN=server.example
verify error:num=20:unable to get local issuer certificate
verify return:1
depth=0 CN=server.example
verify error:num=21:unable to verify the first certificate
verify return:1
depth=0 CN=server.example
verify return:1
SSL_connect:SSLv3/TLS read server certificate
SSL_connect:TLSv1.3 read server certificate verify
SSL_connect:SSLv3/TLS read finished
SSL_connect:SSLv3/TLS write change cipher spec
SSL_connect:SSLv3/TLS write finished
DONE
SSL3 alert write:warning:close notify
