CONNECTED(00000003)
>>> TLS 1.0, RecordHeader [length 0005]
    16 03 01 05 c2
>>> TLS 1.3, Handshake [length 05c2], ClientHello
    01 00 05 be 03 03 8e 5d 3d d0 ed 4e 4d e3 66 9b
    56 20 71 58 1d 61 83 9a 35 05 47 cf 0c a3 4e f4
    4f 0b 70 d8 77 98 20 45 d0 4c 4f 67 f1 e8 fb 59
    33 41 74 18 e6 04 34 17 1d b4 9c e1 23 b6 5a 32
    e3 e9 1c 9b f8 00 ad 00 06 13 02 13 03 13 01 01
    00 05 6f 00 0b 00 04 03 00 01 02 00 0a 00 06 00
    04 11 ec 00 1d 00 23 00 00 00 16 00 00 00 17 00
    00 00 0d 00 76 00 74 09 05 09 06 09 04 04 03 05
    03 06 03 08 07 08 08 08 1a 08 1b 08 1c 08 09 08
    0a 08 0b 08 04 08 05 08 06 04 01 05 01 06 01 ff
    06 ff 07 ff 08 ff 09 fe d7 fe d8 fe d9 fe dc fe
    dd fe de fe da fe db fe df fe e0 fe b3 fe b4 fe
    b5 fe b6 fe b7 fe b8 fe b9 fe ba fe c2 fe c3 fe
    c4 ff 32 ff 36 ff 33 ff 37 ff 34 ff 38 ff 35 ff
    39 ff 22 ff 0e ff 1a ff 0f ff 1b 00 2b 00 03 02
    03 04 00 2d 00 02 01 01 00 33 04 c6 04 c4 11 ec
    04 c0 fb 4b 2a cd 5a 78 7b f0 56 84 a1 0e c2 48
    bb 3e a8 6f 58 03 7e ce 37 8a 0e 86 9d 07 55 03
    47 1a c8 df 11 6e 35 85 12 09 10 7b 9b a7 0f 90
    bb 5c 20 8a 3c bb 2a a2 3f f4 aa f1 04 00 c8 19
    46 c3 52 a2 77 2a 32 dc 02 93 ed 25 24 34 58 0a
    41 0c 72 b3 9b a4 f4 76 1e e1 65 57 92 c0 34 fd
    bc 57 52 9a 1f 55 ab 08 d6 94 2d 4e c7 1b 94 37
    58 02 c5 bd 87 79 39 f6 89 83 3e 04 8d a0 4c 09
    86 a7 08 ea b4 7e ec 71 37 6e 85 be 22 4c 76 17
    f0 b1 26 6c 40 bd 49 5b f1 fb 40 45 fc 23 98 66
    49 b1 94 66 99 d5 5d 45 db 7b 6d e5 b3 a4 b8 69
    27 58 40 0d f8 27 92 85 5c 6f 22 95 56 aa 4b 67
    a1 70 a0 60 cb 99 08 a5 91 bb 7c 09 16 a6 41 50
    91 dd 94 66 bf 86 56 64 d0 7f 1d 51 9f a8 8a 7a
    20 13 8a 00 b1 39 10 6b 7c e3 a1 0b 8b 27 3a 7b
    83 31 f3 a7 18 ca 59 b8 a6 46 0a 04 69 40 29 c3
    c7 c1 52 9e 8e e3 bc 3d 31 c9 b9 4a cb ec 48 a0
    af 62 07 6f a4 7a 91 30 9b f8 15 a0 9d 53 3f 57
    86 5b 48 f8 56 d7 d6 ba 40 f8 3b 63 65 84 43 e8
    1a 4c 95 69 e3 d2 24 6e 5b c8 4a 81 23 1b 98 79
    57 7a 10 80 b8 ac 7c 41 7d 57 83 72 62 e7 8a 68
    19 93 aa 27 a4 c3 6a 8b 0a 0c 6a 60 8b 2f a0 81
    16 e9 2b 72 db bb 71 9c 24 86 c4 e5 50 71 b6 17
    2e ec 84 10 31 71 63 70 8f d9 86 81 e2 00 45 b7
    86 1c 49 74 a1 bf dc a2 83 60 08 32 87 a7 c8 4a
    be 2c c6 0e ba 20 67 6d c3 ad 34 e7 a3 ed f4 26
    92 a1 af 3e b7 cc 77 e2 0f 5d e5 be 8a 48 b4 46
    cb 2c d8 24 9a 40 4c 30 20 93 9b ef 82 23 12 7b
    10 31 01 4b 2d a6 c2 6e 8c c8 12 c5 77 81 93 08
    bb 8c 71 e4 5a 5a c6 c5 1c a8 98 35 b9 4c 76 5f
    8c 10 e5 b9 64 82 3a b3 43 c9 71 b2 58 08 c1 07
    94 ff 19 32 07 a9 a3 8e 77 7a a8 61 93 ac 5b c7
    6e e8 46 dd 4c bb 91 13 72 ac f0 07 85 31 2a 67
    17 98 92 dc 25 46 22 75 ff ba 9f aa 27 b2 aa 40
    78 87 4c 5e 07 2b 7d 0b 20 45 be c9 20 cd 64 10
    60 83 1b a5 3b 91 80 86 04 d2 fb a7 ce 5a 3e d8
    c6 61 65 80 6d 71 59 86 b9 a1 16 04 51 9f 4c ea
    34 da ac 7a 51 d2 81 07 4b 1b 3f a6 83 ec 61 bb
    3a e2 06 6f 7a 84 87 7b 4d b8 18 06 16 9b b6 15
    fb 0a c5 e3 2b cf 60 ca 7e bc 7d 50 56 38 ec 79
    75 b2 4c 6b f2 78 a9 da b6 45 88 e3 10 03 0a 3d
    43 a7 a9 d0 ba 84 50 96 21 37 07 a7 f7 04 3a e3
    12 7c f8 0c 2c f7 86 8e 75 e6 7d 10 1a 5f 73 0a
    3a 9f 62 91 15 b1 8a bd 10 65 dd b1 8e 75 00 74
    da 3b 8c e6 c2 a1 ca 87 5e 1a 55 46 26 30 1b 85
    eb 80 c2 d0 1d 85 ba be 31 16 2d 82 89 23 87 56
    71 c6 c2 01 ad 12 6f 54 4c 9a de 21 b9 27 a8 3a
    24 f0 59 95 17 9f 4b 9c a3 90 4c 26 72 68 31 3b
    a6 12 dd d8 a5 eb e0 19 b8 c4 bf ae f1 c6 cc 26
    65 f5 43 4e f4 61 77 5b 18 0b 52 62 af 11 19 c5
    60 a9 45 80 f3 b3 4a d5 cc c6 65 6e 3d 1c b7 03
    05 1c ae 09 8f 65 e2 70 05 b7 0f d9 c6 8a ab d4
    8f 5c 5c 0c 96 d8 9e c6 cb 70 9a 41 36 76 a0 2a
    8b 58 70 bd e2 49 50 30 a3 50 ea 06 99 a3 42 82
    0b 50 3a 66 5a e4 c0 c5 52 f3 c1 d5 35 7d 6f 20
    b1 cc d7 6d 64 43 22 88 06 b1 d0 da 5c fe a8 cc
    8c 18 25 bf 07 56 e7 35 6b b3 e6 7b 0a f4 74 3f
    a4 68 b2 e0 28 8a 90 34 86 36 cc 41 fc 59 53 a7
    7b 1e 56 8a de c7 2e e0 96 1f 8d 06 17 81 86 5b
    d9 58 5b bb a1 c3 fb 8a 60 bc ba 9f 66 d2 bc 08
    09 06 72 e1 07 58 58 5c 2a d3 cb 22 53 2c f4 d3
    05 f0 91 9d 70 eb 22 8e 38 29 94 b9 b8 82 3a 9c
    b5 d8 51 e1 ea 85 46 ca 15 28 36 66 97 7b c0 02
    53 0d 10 50 75 a1 5b 79 72 8c 80 b7 29 18 b4 b8
    13 79 90 00 22 35 76 e9 f4 81 a8 90 01 fa a0 4c
    4b c1 48 a5 06 2d 39 15 af 37 b1 a4 fe 44 5d 11
    64 09 02 9a 5e d8 b0 56 fa 65 02 3d e2 38 e8 f5
    41 63 09 ac 56 cc 2b 5a 51 c7 1e 98 be 71 63 5b
    a5 2b 6c 35 79 17 cb 83 24 81 d4 33 e0 71 08 55
    79 a9 31 70 7d ed 89 0f 8f 29 69 6e 48 01 5b 28
    3f 90 62 09 b3 f9 4e e0 fa 4f fe 22 a3 66 62 24
    34 73 c3 35 84 52 fe ba 58 b7 6c 46 4c 09 80 ec
    87 58 c1 78 42 8e 0c 21 35 5c dc b8 cd 0a ac a0
    f1 6c 2c 82 7c 0e 9b 9b 11 3a bc 73 2d 90 33 bb
    7b c1 1a ee 26 8c b8 24 a9 37 93 ff 71 05 65 ac
    f9 8c 60 85 ba 96 0a 28 90 fc 15 12 74 67 dc c0
    f8 5b
<<< TLS 1.2, RecordHeader [length 0005]
    16 03 03 04 ba
<<< TLS 1.3, Handshake [length 04ba], ServerHello
    02 00 04 b6 03 03 76 71 1c ab 1f e0 92 8b 0d c4
    7b f2 2e 05 0b 06 2d b4 61 3f 66 9d 19 71 ed 9c
    db b6 79 b1 57 06 20 45 d0 4c 4f 67 f1 e8 fb 59
    33 41 74 18 e6 04 34 17 1d b4 9c e1 23 b6 5a 32
    e3 e9 1c 9b f8 00 ad 13 02 00 04 6e 00 2b 00 02
    03 04 00 33 04 64 11 ec 04 60 b4 56 19 b3 fc 94
    a0 a7 79 09 36 0f 9b 91 3f 41 6b 54 9f 97 8f 11
    5f 02 85 f6 83 1e 14 c6 24 3f a4 6c 47 c5 e3 22
    45 3c c5 3a 50 d4 ca ff 21 ee a5 0e 3f 24 ae 7f
    d9 c8 04 82 27 42 f1 45 09 b3 5c 5a 53 2e cf fa
    8a 5e 1a 24 dd a3 87 15 c8 5a d0 09 d1 1e d2 0d
    3f 91 6d b1 1f 67 22 ff 82 6c 7e 16 b3 4b e5 0d
    f0 ef 1f 66 0d 4c 21 b6 82 12 7c 98 8f 8e 9c db
    82 b0 06 6d 13 86 07 01 0b 28 a2 c7 43 01 74 32
    f8 38 3b 62 fd a9 94 30 72 be f5 79 46 69 ce e0
    50 b8 ef 8e e6 5d 30 93 a7 88 66 81 13 86 80 a6
    4f 81 f3 1d 07 de c7 d2 6c e2 e4 e2 4e 35 71 d2
    2f ff 39 0b d5 eb cf 53 6e 16 84 ea ab de d5 d2
    17 33 11 95 23 38 52 02 d4 ee 3b 35 9b 92 56 d6
    ad d2 9f 43 1a 20 e1 f6 e7 da 88 2a b9 fd ac 66
    7f 07 84 de 72 b8 af db bb 3d 88 ae 92 bc c2 87
    72 b2 81 73 e6 0c 7d 33 63 17 f0 f1 1e d1 af 67
    63 e3 9a 87 c5 33 1a b4 5c e5 29 a3 2d 21 6b ae
    32 7d e1 da 00 10 04 0f b3 95 64 d5 49 13 79 2d
    80 4a 3d 4a 45 d0 4a e7 d1 42 bd 4e b0 78 a7 24
    fe e7 2b 8c 15 d2 3f 14 a3 59 5f 96 95 b3 83 35
    63 2a 34 69 e1 8b e3 8e bc fd c6 e9 45 ba 1d 8b
    5b 07 09 b3 fd b9 9e 2d 87 bd 62 27 23 52 35 54
    97 fc be 19 09 44 d2 df 66 2d 38 c4 70 e4 09 38
    7b 9f eb cf e6 ae 2a 0a f4 05 33 e0 b9 39 fe d2
    20 fa 71 98 81 1d db 6b 7a 4e d2 2f 83 ce ea c2
    8c b0 14 e3 90 49 c1 07 ec 19 7e c8 b2 a9 7f ed
    6d ff 60 0e 66 b5 09 f0 6d ea 40 9b ed 2a 5c 02
    c1 4e 75 2d 60 5f 97 23 ba 86 16 f8 2a d0 82 0b
    ed a1 1e 2b 41 6d 2d 25 6f 41 22 48 ba 67 a2 89
    b2 dc d5 9a 2c 94 ca dd a7 a0 72 96 c5 26 2f 15
    81 f8 23 1c 32 0f e2 d1 10 ac 36 52 ca f1 17 60
    96 e7 50 85 f8 7b 32 2d 04 92 8b 69 21 40 9a ec
    61 29 bd 9f 0a 9f f0 54 0a b7 4f c2 08 83 f9 c9
    92 8b 1f 6d 6b 12 9b 0f bc 50 bd 33 15 ef 10 6b
    f7 f5 af b7 bb f0 f7 6d 70 c9 43 81 b9 dc b3 fc
    53 0e 74 94 6a d6 e8 46 d9 93 66 2c 1f 9d 6d a9
    d6 ed c8 56 c3 2b 01 46 ad 17 0f 51 e7 0e e0 c5
    db d4 99 da 41 3a bb c3 d7 86 ef e5 08 d7 12 95
    3d 43 ed 27 bf 48 36 c4 35 22 46 f7 8e 6b eb 64
    75 34 83 00 42 ba c7 ef 59 16 69 7a 6f c1 f5 b9
    03 f0 6a a4 96 d6 ff 8d 45 7d 6d 8d 2d db 6a d4
    2f 5e a5 ca 32 64 f5 a9 38 e7 33 cf 09 db f4 6a
    ed 60 2a 85 44 ff 5a 71 c2 b0 08 88 a5 96 e4 78
    24 3c 5a 84 be 0c 07 62 b7 0d 2e d7 e5 04 dd 91
    86 86 99 f3 56 f8 a5 31 60 a5 bb 53 26 c7 21 59
    70 f2 87 c6 88 1b 73 78 db 45 b3 c2 a3 07 97 4e
    73 2b 33 13 9f ac 34 9d e3 c4 f0 f8 2d 65 41 96
    0b 0a 4a a2 8b dc 11 75 d5 99 7b 2c 70 60 ff 9c
    a3 68 6e 4b d3 89 f8 16 5f 36 d6 aa a7 79 70 30
    8c 1a c0 2c 69 ff d6 e7 b4 14 bc 26 64 f7 a0 fd
    4b 04 bf 16 e1 c2 7a 53 b6 4d 72 e3 7e a0 2d 90
    d1 22 76 d9 a9 95 de d5 c5 3c 5d fa 03 9a af 65
    cd d3 45 71 88 28 06 2e 01 6f 40 36 6f 43 39 71
    2c 43 02 5d e6 c0 ec 48 fc 67 97 ca 3d 9a 59 fa
    c2 28 f3 c6 8e b1 b0 07 56 26 ba bb 90 52 99 43
    6b 53 4f f7 82 b4 00 6e 5f 04 45 93 81 3a 80 d6
    f5 05 5c c7 dd 65 c2 f0 34 b4 73 5d 4f 13 d2 c3
    9c bf 78 a7 b1 f0 c0 95 2d 9a c0 62 81 01 b3 38
    f9 6e dc 1b 92 06 a1 f5 9f 49 db 2a 21 26 5b 75
    d2 77 4a c3 f5 24 1e 90 d6 2a b7 df 32 da 48 f6
    dd fa 03 e5 cf 2c 1e 77 3c 7f b0 51 0f 80 1c 5b
    79 cb 40 f6 59 34 7a e8 8b 10 c3 80 4d f3 17 6e
    96 ec c8 c4 80 9a 5a b2 ed 38 68 d7 af 6f 62 dc
    22 5f 5b 27 93 35 e9 79 b6 26 55 4c 36 85 b2 8a
    6f c1 eb 51 d2 2e 07 c5 c0 9a a1 38 32 8a 6b 39
    14 d5 8e 85 54 f4 52 fd 23 ee 22 ba 4a 2c 26 6d
    b3 6d 90 a8 cd df 97 ab a8 15 d9 f8 af 69 40 b1
    bd 0a ae aa 7c 5b 5b 79 16 51 b2 67 96 16 59 5c
    4f 14 3e d2 aa c6 b7 c7 24 09 11 70 03 46 af 32
    48 b3 d6 c5 9b 00 0f 75 48 3c
<<< TLS 1.2, RecordHeader [length 0005]
    14 03 03 00 01
<<< TLS 1.3, ChangeCipherSpec [length 0001]
    01
<<< TLS 1.2, RecordHeader [length 0005]
    17 03 03 00 17
<<< TLS 1.3, InnerContent [length 0001]
    16
<<< TLS 1.3, Handshake [length 0006], EncryptedExtensions
    08 00 00 02 00 00
<<< TLS 1.2, RecordHeader [length 0005]
    17 03 03 03 47
<<< TLS 1.3, InnerContent [length 0001]
    16
<<< TLS 1.3, Handshake [length 0336], Certificate
    0b 00 03 32 00 00 03 2e 00 03 29 30 82 03 25 30
    82 02 0d a0 03 02 01 02 02 01 02 30 0d 06 09 2a
    86 48 86 f7 0d 01 01 0b 05 00 30 12 31 10 30 0e
    06 03 55 04 03 0c 07 52 6f 6f 74 20 43 41 30 20
    17 0d 31 36 30 31 31 34 32 32 32 39 34 36 5a 18
    0f 32 31 31 36 30 31 31 35 32 32 32 39 34 36 5a
    30 19 31 17 30 15 06 03 55 04 03 0c 0e 73 65 72
    76 65 72 2e 65 78 61 6d 70 6c 65 30 82 01 22 30
    0d 06 09 2a 86 48 86 f7 0d 01 01 01 05 00 03 82
    01 0f 00 30 82 01 0a 02 82 01 01 00 d5 5d 60 6a
    df fc 61 ee 48 aa 8c 11 48 43 a5 6d b6 52 5d aa
    98 49 b1 61 92 35 b1 fc 3a 04 25 0c 6d 79 ff b4
    d5 c9 e9 5c 1c 3b e0 ab b3 b8 7d a3 de 6d bd e0
    dd d7 5a bf 14 47 11 42 5e a6 82 d0 61 c1 7f dd
    13 46 e6 09 85 07 0e f2 d4 fc 1a 64 d2 0a ad 20
    ab 20 6b 96 f0 ad cc c4 19 53 55 dc 01 1d a4 b3
    ef 8a b4 49 53 5d 8a 05 1c f1 dc e1 44 bf c5 d7
    e2 77 19 57 5c 97 0b 75 ee 88 43 71 0f ca 6c c1
    b4 b2 50 a7 77 46 6c 58 0f 11 bf f1 76 24 5a ae
    39 42 b7 51 67 29 e1 d0 55 30 6f 17 e4 91 ea ad
    f8 28 c2 43 6f a2 64 a9 fb 9d 98 92 62 48 3e eb
    0d 4f 82 4a 8a ff 3f 72 ee 96 b5 ae a1 c1 98 ba
    ef 7d 90 75 6d ff 5a 52 9e ab f5 c0 7e d0 87 43
    db 85 07 07 0f 7d 38 7a fd d1 d3 ee 65 1d d3 ea
    39 6a 87 37 ee 4a d3 e0 0d 6e f5 70 ac c2 bd f1
    6e f3 92 95 5e a9 f0 a1 65 95 93 8d 02 03 01 00
    01 a3 7d 30 7b 30 1d 06 03 55 1d 0e 04 16 04 14
    c0 e7 84 bf e8 59 27 33 10 b0 52 4f 51 52 2f 06
    d6 c0 7a cd 30 1f 06 03 55 1d 23 04 18 30 16 80
    14 70 7f 2e ae 83 68 59 98 04 23 2a cd eb 3e 17
    cd 24 dd 01 49 30 09 06 03 55 1d 13 04 02 30 00
    30 13 06 03 55 1d 25 04 0c 30 0a 06 08 2b 06 01
    05 05 07 03 01 30 19 06 03 55 1d 11 04 12 30 10
    82 0e 73 65 72 76 65 72 2e 65 78 61 6d 70 6c 65
    30 0d 06 09 2a 86 48 86 f7 0d 01 01 0b 05 00 03
    82 01 01 00 7b d3 04 43 75 8a 0f 11 ae c4 fb d7
    a1 a2 9e fe 20 18 d5 f4 2f 31 88 46 b6 75 8c ee
    e5 9b 97 a6 b9 a3 cd 60 9a 46 c3 48 97 e5 97 68
    f7 5a 86 35 73 d9 69 9e f9 5f 74 b9 e6 94 13 01
    cb 6a dc e3 c4 04 e9 65 da 9c a4 8b 28 f3 f9 9a
    7f bf 97 1f 45 92 e5 05 b1 56 e6 0b f6 47 de 1e
    89 b6 2b e1 4d df 4a 7e 01 d3 23 dc 97 8c 47 fe
    5f c7 cc 98 46 0e c4 83 5b ca 8a f1 52 09 be 6b
    ec 3f 09 8b d0 93 02 bf e1 51 e7 d1 7e 34 56 19
    74 d0 ff 28 25 de b7 9f 56 52 91 7d 20 29 85 0a
    80 44 5f 71 32 25 71 0f c2 16 e2 5f 6b 1d 3f 32
    5b 0a 3c 74 1c b9 62 f1 ed 07 50 a3 6d b4 b4 31
    0a c0 53 44 6a 3a 88 84 8b 2d a9 b0 37 8e e6 18
    36 bd 9a 20 40 0f 01 92 8b 3d aa 61 e7 ae 2c ed
    36 cd 3a 07 86 74 3a 29 b3 d7 3a b4 00 a9 c2 f5
    92 78 0e e2 0f a3 fe bb be e0 06 53 84 59 1d 90
    69 e5 b6 f9 00 00
<<< TLS 1.2, RecordHeader [length 0005]
    17 03 03 01 19
<<< TLS 1.3, InnerContent [length 0001]
    16
<<< TLS 1.3, Handshake [length 0108], CertificateVerify
    0f 00 01 04 08 04 01 00 bd 88 fa 50 f4 03 fc 01
    be b8 73 2a ec 68 c5 4c d9 45 af 2c fb 41 24 f6
    cf b2 c7 a5 6e 36 65 61 40 8f 08 68 df f5 c9 41
    bd c3 8c 74 c8 1b 17 41 75 75 a7 0e 31 94 14 66
    9e 24 db 73 6f 17 57 89 11 df b4 53 06 c7 f2 3c
    8b bd 1b 68 4b 5e 16 72 66 9a a1 4f 69 6c b6 71
    e5 2f 6e 15 35 39 0f 10 95 46 1c a8 15 ca d1 3e
    92 2b a2 c9 13 53 e8 e7 01 d6 94 67 ea a4 60 99
    1d cd 37 4f e6 a7 7d 21 7e 1a a9 28 09 d6 63 d3
    bf d4 45 4f 45 1b 72 37 d1 81 60 24 d3 de fd 35
    34 93 0d 52 1e fe 19 31 0a 68 00 bc a0 34 ab e8
    ac e8 05 a8 4f 4e f8 72 f8 23 47 68 8b 57 f0 db
    58 4a dc bc 68 b9 35 8c 33 84 47 be b0 fd cd 90
    9b d3 77 69 2d cb ed 6b fc 95 37 7e 4e 6b 24 3f
    44 9c 99 34 0b 0a 88 0c 41 6e b7 34 e0 cc 53 81
    27 1d 54 34 e3 92 b6 b9 8b 32 fb 27 ad 48 aa 33
    22 18 5c 72 61 e4 6d 97
<<< TLS 1.2, RecordHeader [length 0005]
    17 03 03 00 45
<<< TLS 1.3, InnerContent [length 0001]
    16
<<< TLS 1.3, Handshake [length 0034], Finished
    14 00 00 30 8c 1b 7d 39 21 76 c7 1f d9 a3 e8 5d
    35 c4 55 ee 8a d1 97 db 6e 0d 5d 58 8e 28 b3 3a
    13 db a3 6f 46 e4 d2 07 0b b8 1f 16 1b cc 06 3b
    5d d5 c1 e0
>>> TLS 1.2, RecordHeader [length 0005]
    14 03 03 00 01
>>> TLS 1.3, ChangeCipherSpec [length 0001]
    01
>>> TLS 1.2, RecordHeader [length 0005]
    17 03 03 00 45
>>> TLS 1.2, InnerContent [length 0001]
    16
>>> TLS 1.3, Handshake [length 0034], Finished
    14 00 00 30 a9 5e b1 6a bc bf 01 af 28 fc 7d 82
    5e 39 a2 b3 62 63 dc ef 8a e8 6f bc fd 85 ec 18
    f4 17 d9 a7 65 54 58 23 01 00 da 5e 70 0e 64 56
    55 12 4c c2
---
Certificate chain
 0 s:CN=server.example
   i:CN=Root CA
   a:PKEY: RSA, 2048 (bit); sigalg: sha256WithRSAEncryption
   v:NotBefore: Jan 14 22:29:46 2016 GMT; NotAfter: Jan 15 22:29:46 2116 GMT
---
Server certificate
-----BEGIN CERTIFICATE-----
MIIDJTCCAg2gAwIBAgIBAjANBgkqhkiG9w0BAQsFADASMRAwDgYDVQQDDAdSb290
IENBMCAXDTE2MDExNDIyMjk0NloYDzIxMTYwMTE1MjIyOTQ2WjAZMRcwFQYDVQQD
DA5zZXJ2ZXIuZXhhbXBsZTCCASIwDQYJKoZIhvcNAQEBBQADggEPADCCAQoCggEB
ANVdYGrf/GHuSKqMEUhDpW22Ul2qmEmxYZI1sfw6BCUMbXn/tNXJ6VwcO+Crs7h9
o95tveDd11q/FEcRQl6mgtBhwX/dE0bmCYUHDvLU/Bpk0gqtIKsga5bwrczEGVNV
3AEdpLPvirRJU12KBRzx3OFEv8XX4ncZV1yXC3XuiENxD8pswbSyUKd3RmxYDxG/
8XYkWq45QrdRZynh0FUwbxfkkeqt+CjCQ2+iZKn7nZiSYkg+6w1PgkqK/z9y7pa1
rqHBmLrvfZB1bf9aUp6r9cB+0IdD24UHBw99OHr90dPuZR3T6jlqhzfuStPgDW71
cKzCvfFu85KVXqnwoWWVk40CAwEAAaN9MHswHQYDVR0OBBYEFMDnhL/oWSczELBS
T1FSLwbWwHrNMB8GA1UdIwQYMBaAFHB/Lq6DaFmYBCMqzes+F80k3QFJMAkGA1Ud
EwQCMAAwEwYDVR0lBAwwCgYIKwYBBQUHAwEwGQYDVR0RBBIwEIIOc2VydmVyLmV4
YW1wbGUwDQYJKoZIhvcNAQELBQADggEBAHvTBEN1ig8RrsT716Ginv4gGNX0LzGI
RrZ1jO7lm5emuaPNYJpGw0iX5Zdo91qGNXPZaZ75X3S55pQTActq3OPEBOll2pyk
iyjz+Zp/v5cfRZLlBbFW5gv2R94eibYr4U3fSn4B0yPcl4xH/l/HzJhGDsSDW8qK
8VIJvmvsPwmL0JMCv+FR59F+NFYZdND/KCXet59WUpF9ICmFCoBEX3EyJXEPwhbi
X2sdPzJbCjx0HLli8e0HUKNttLQxCsBTRGo6iISLLamwN47mGDa9miBADwGSiz2q
YeeuLO02zToHhnQ6KbPXOrQAqcL1kngO4g+j/ru+4AZThFkdkGnltvk=
-----END CERTIFICATE-----
subject=CN=server.example
issuer=CN=Root CA
---
No client certificate CA names sent
Peer signing digest: SHA256
Peer signature type: rsa_pss_rsae_sha256
Negotiated TLS1.3 group: X25519MLKEM768
---
SSL handshake has read 2453 bytes and written 1559 bytes
Verification error: unable to verify the first certificate
---
New, TLSv1.3, Cipher is TLS_AES_256_GCM_SHA384
Protocol: TLSv1.3
Server public key is 2048 bit
This TLS version forbids renegotiation.
Compression: NONE
Expansion: NONE
No ALPN negotiated
Early data was not sent
Verify return code: 21 (unable to verify the first certificate)
---
>>> TLS 1.2, RecordHeader [length 0005]
    17 03 03 00 13
>>> TLS 1.2, InnerContent [length 0001]
    15
>>> TLS 1.3, Alert [length 0002], warning close_notify
    01 00
Connecting to 127.0.0.1
SSL_connect:before SSL initialization
SSL_connect:SSLv3/TLS write client hello
SSL_connect:SSLv3/TLS write client hello
SSL_connect:SSLv3/TLS read server hello
Can't use SSL_get_servername
SSL_connect:TLSv1.3 read encrypted extensions
depth=0 CN=server.example
verify error:num=20:unable to get local issuer certificate
verify return:1
depth=0 CN=server.example
verify error:num=21:unable to verify the first certificate
verify return:1
depth=0 CN=server.example
verify return:1
SSL_connect:SSLv3/TLS read server certificate
SSL_connect:TLSv1.3 read server certificate verify
SSL_connect:SSLv3/TLS read finished
SSL_connect:SSLv3/TLS write change cipher spec
SSL_connect:SSLv3/TLS write finished
DONE
SSL3 alert write:warning:close notify
