CONNECTED(00000003)
>>> TLS 1.0, RecordHeader [length 0005]
    16 03 01 05 c2
>>> TLS 1.3, Handshake [length 05c2], ClientHello
    01 00 05 be 03 03 39 20 90 da 5f 1b 46 fc 17 62
    d7 4c 1c 38 95 43 67 44 b9 e2 49 07 d0 fd ff 2d
    a6 db 89 4f a0 09 20 18 43 ba 21 ba 72 66 40 18
    17 b9 26 af 10 14 c3 f8 74 b0 9b 71 3f 9e 25 4d
    27 87 1e 1d a4 ed 89 00 06 13 02 13 03 13 01 01
    00 05 6f 00 0b 00 04 03 00 01 02 00 0a 00 06 00
    04 11 ec 00 1d 00 23 00 00 00 16 00 00 00 17 00
    00 00 0d 00 76 00 74 09 05 09 06 09 04 04 03 05
    03 06 03 08 07 08 08 08 1a 08 1b 08 1c 08 09 08
    0a 08 0b 08 04 08 05 08 06 04 01 05 01 06 01 ff
    06 ff 07 ff 08 ff 09 fe d7 fe d8 fe d9 fe dc fe
    dd fe de fe da fe db fe df fe e0 fe b3 fe b4 fe
    b5 fe b6 fe b7 fe b8 fe b9 fe ba fe c2 fe c3 fe
    c4 ff 32 ff 36 ff 33 ff 37 ff 34 ff 38 ff 35 ff
    39 ff 22 ff 0e ff 1a ff 0f ff 1b 00 2b 00 03 02
    03 04 00 2d 00 02 01 01 00 33 04 c6 04 c4 11 ec
    04 c0 cb 60 73 e7 fc 8d be ca bd bb 39 5f 4f 05
    78 59 ca 1d a9 31 26 82 13 08 de 2c 58 2b 15 58
    fb fb ba 69 50 7f 3c ba 47 9e 66 9e 27 2c a3 a0
    d9 70 bd 17 74 69 52 ba ed 92 08 cc 41 b4 90 18
    cc d7 f1 4f d3 a0 57 b0 69 88 66 18 4c f1 b2 3a
    84 f4 0a a2 ac 7f 22 8c 96 95 aa 92 9d 82 ad f1
    97 b9 d6 33 10 be 29 4f 94 6a 74 db 42 a8 af 4a
    43 34 33 0b 68 ea 7d c6 08 2c 7b e3 58 16 38 06
    44 11 cb 2c 53 57 fa 7b 94 eb 18 b2 c7 ba a7 1b
    f8 7e fa c7 1b a9 42 34 19 d0 3b 86 19 3f 17 8a
    22 56 26 b1 35 a6 84 82 5a 29 4d e3 3e 33 77 46
    12 82 c8 61 99 46 15 5c 80 fe a1 c1 6d 54 25 fb
    37 94 8f 65 09 ba 86 4f 10 61 7b 11 b5 92 16 14
    a9 cd 16 89 e1 c4 82 e7 a8 20 d7 98 49 9a b7 93
    ae c0 04 ea 7a 2b ac 53 c2 ad f7 12 1e 02 a3 54
    51 30 13 d1 02 bf 60 4e 45 5a c4 11 c7 86 cc b5
    69 48 24 98 ad 0b a1 52 07 ac e8 52 5b fa 6b a4
    36 1b a4 22 98 63 d7 b4 43 8a 90 c2 75 7c 89 7d
    5a 5c 38 79 3f 53 27 77 75 ab 65 49 ec 65 98 c7
    94 04 1a a0 93 3a 9c 76 e7 04 57 7b 87 a7 80 c3
    22 7c 59 c3 ec 11 84 26 2e b6 e9 bd f4 66 97 4a
    bc 12 4e b3 19 a7 77 95 5d c9 a9 44 57 07 6d 26
    ca 69 89 28 06 41 4e b0 8c 1c 2f fb be 45 e1 b7
    0f 5b ae cb a6 33 75 92 90 ff d4 2b 57 3b aa 5f
    92 8e 59 d0 77 ed b3 a0 c6 26 23 67 c0 4a 14 92
    09 76 bb 2a 54 a0 78 95 ec 89 71 b0 9e 6b 60 b9
    50 72 38 e5 72 36 35 12 9a 06 c1 35 6e 0c 72 e4
    30 6e 88 b4 50 85 c3 95 0f aa 72 03 2c ba c7 63
    13 a7 58 9f 0d d9 48 c0 88 62 bf a4 66 20 45 17
    6c 6c 0c ef 48 a3 52 5c 27 a0 76 41 0f 57 6e c4
    25 0b 61 44 2b 60 55 26 bc ca 0e 44 e8 87 50 a9
    84 29 1b 4e 6c 65 0f 4c d0 9a 53 a8 1f 5f 77 22
    15 f1 9d dd a6 83 be 52 3a ec 94 b3 d9 6a 6a 26
    cc 77 b8 46 70 fe 10 c4 85 c5 3e a4 e6 0c 00 0a
    c5 6a d3 7f d2 87 50 07 d8 3d 83 68 a6 d2 25 26
    f9 03 1a 2a f2 70 6e 31 1a d7 13 87 45 86 c8 ab
    c4 4b 11 bb b5 79 da cd 2c e5 75 be d0 42 53 fa
    5c 69 47 87 4e d2 79 91 40 54 fe 0a cc d3 34 0a
    12 b2 5d 74 53 c0 e7 56 5d 6a a6 51 59 0c 0a cf
    a9 6b 07 27 ab ff 22 0f 1a 17 79 d0 3b 85 25 d1
    56 98 76 72 bb b3 7d ea d5 84 47 47 5f 6e b6 75
    a4 53 4a 59 ac c2 46 10 5a 77 9c 5a 6a e6 05 44
    43 b8 a7 f6 49 0e f3 6e 90 6a 68 51 26 b0 c0 85
    60 b6 38 68 f3 19 c7 30 db bc c9 5c 4a e8 d1 21
    d0 f8 68 71 b7 cf 9a 58 0a ba 7c c5 ce 47 1c c8
    26 68 02 80 14 3f 6b 64 9a 37 89 97 e5 02 65 58
    86 0d f6 68 23 b7 a4 d7 f7 43 f6 5a 21 11 f4 65
    c7 74 4d ab 14 74 72 0a 02 82 48 8e 5c 58 12 f3
    cb 04 5b 7c 08 48 66 5c 2f c0 81 6f 92 79 9c 1c
    06 77 17 c1 43 bc a6 6e 30 4d 39 87 2e b2 48 39
    22 38 8c e6 45 84 e0 d3 43 c1 e4 1b a1 33 5c 59
    75 4d b9 64 6b 73 d5 25 c0 6c 75 c7 91 8f a8 3a
    67 63 d9 c2 01 d8 7a f7 d8 c3 02 a5 93 3b 10 16
    ec 40 2d 20 2b 12 2c 77 7e 47 ca 1d 04 2b 61 a0
    46 af 77 53 61 8b 5c 12 14 64 78 26 2c 06 21 0b
    69 57 17 50 e4 b8 b5 bb e9 9f b2 13 c3 8b 21 1a
    4e 29 04 d6 d3 23 18 58 86 af 54 8e 6a ca 4e a7
    75 0d a4 c2 a1 e0 ec 73 45 a8 27 fb ea a5 32 e8
    5e e1 34 c6 5e 25 b0 87 42 c0 66 17 cf 07 ec 9e
    c7 98 a5 7d d2 c3 ed bb 03 71 ec 6a 9a 74 99 71
    34 2e 0e 74 71 1a f5 ae 0d 43 5c e8 64 9a 94 8a
    93 63 8c 10 53 43 91 74 32 2d 48 c1 2b 8f c7 34
    1f 4c b0 06 2b 7c b3 14 2d 0d 61 1c ae 63 a4 05
    23 43 49 74 b5 1d f9 68 21 62 39 60 69 51 f3 fa
    09 44 ab 5b 49 76 3b 9f ec c4 9b 5b 09 b7 99 04
    c0 d7 b3 4f bc 6d 3b d7 85 8b a0 38 a9 9b 76 48
    ca 02 16 59 bb 85 ab 31 8c 62 c3 94 e5 9f dd 9b
    70 2e 35 a8 09 b7 bd ca 93 8b dd aa b4 dd 69 81
    4d c3 6d de 85 54 76 f4 c0 98 78 7b 01 d3 64 98
    37 3f b0 da 33 6e a1 78 dc aa 30 5b 7a cd f8 3c
    38 f1 59 63 28 aa 00 d6 47 43 8d 31 7d 9a b8 5e
    22 c5 a3 ab 1a 9e 44 84 24 da c8 16 93 e5 36 a1
    2c 13 70 93 2b 16 70 56 ff 40 59 cd 4a 63 12 c8
    91 6e 43 b3 9f 5a 79 9f 8c 11 65 f8 5a d4 21 ac
    98 ac 9d d8 92 fc 32 97 0d 29 c5 08 1b 85 3d 3e
    3d 82 06 3e 91 6f e8 2c 10 73 6a ee 20 a0 95 4e
    c8 42
<<< TLS 1.2, RecordHeader [length 0005]
    16 03 03 04 ba
<<< TLS 1.3, Handshake [length 04ba], ServerHello
    02 00 04 b6 03 03 80 71 18 df 3b b3 f5 25 55 26
    ec d8 52 48 6c fe c6 d7 fe e8 f4 98 a7 b2 60 e4
    bc 92 30 00 d2 cc 20 18 43 ba 21 ba 72 66 40 18
    17 b9 26 af 10 14 c3 f8 74 b0 9b 71 3f 9e 25 4d
    27 87 1e 1d a4 ed 89 13 02 00 04 6e 00 2b 00 02
    03 04 00 33 04 64 11 ec 04 60 a9 1e 7a 26 94 0c
    7d 54 d8 58 d7 6b 82 4f ba 54 d3 10 09 6e e8 a0
    3f 6d 41 1a 7e 34 71 78 29 d5 4a 99 d7 b9 34 48
    df e2 e7 05 b3 5b 2b 46 58 be 1f 78 9b 06 bc 6e
    55 0d 77 16 98 f5 54 d8 65 86 e3 bd 9b bc 43 00
    0d 33 f2 e3 0a dc 6d 78 57 0d 64 26 c2 e3 12 ba
    d7 f4 ba fd 0a 4a 10 88 14 43 91 75 f0 1c d4 9b
    17 a3 75 02 4a 32 37 6e a7 c8 13 87 5e bf 1a f4
    90 cf 60 65 4d f2 fb 0c 53 79 64 22 3a 3b 7a bf
    29 bc e8 3a b3 dd 83 d1 ed e6 44 5f af 43 dd 0a
    01 fd 36 10 14 e5 9a 1c 47 1f 1d 81 04 c5 06 1f
    7f e9 d6 82 01 98 c6 13 29 1d f2 f0 bd f3 df 9c
    09 26 d1 6a 31 4f 87 53 cc 0b ba 50 34 60 82 6c
    15 3b 8a 17 3a 41 bc 1e 45 ae 65 2b bd 85 7f 82
    82 52 5a 15 ca 13 3f af 40 ae c2 15 d4 72 2d 19
    64 2e ed b8 7c 9a 9e bf 07 4c 9a e6 29 d0 89 23
    b3 cb 96 b3 06 ba 23 85 eb 9a 77 13 b1 c7 bd 57
    15 4f 65 d5 34 5a 78 e2 f2 d0 84 da 1b f7 e3 ff
    01 b5 07 a6 85 92 20 e6 a2 2c da ee 34 b8 32 3e
    e4 97 6d 2b 57 b5 09 f0 34 61 b9 cd 3a 22 f2 d9
    9c 1d 42 7a 8f 45 62 21 0e 91 08 02 48 13 c7 13
    7f 33 e4 f4 6b 39 9e 6d 92 0a 01 bc d4 f3 31 df
    7a b0 6d f8 21 a6 9c 05 af 03 80 dd 03 a6 c6 e3
    f0 e2 03 97 14 bc c1 67 f9 08 9e f6 f5 fa 15 4e
    4a 11 2e 1c d7 a5 91 db de 7c ac 25 8b c1 d2 c2
    cf a7 f5 38 7e 54 0c 27 28 df a9 83 3e 92 d3 7a
    8a a4 78 50 cc 6a 49 4d a7 53 42 9c 1a 44 b5 06
    ba e2 2c 09 4f 1b 43 02 9c 48 10 78 0f 5c a2 48
    bb 33 73 62 59 67 2c 7c be ce 54 ab 4f b3 be f5
    f5 55 be 9b db 29 01 e1 5b ac 92 25 3d 7b 6d ea
    9a 3c 0a c1 6e 1b d6 d4 56 34 4e c3 fc 30 a6 05
    a6 51 99 fe 1e de 82 99 9c 21 d3 90 b6 87 28 1e
    d5 55 6e ec 43 e1 48 36 7d 65 35 d6 76 48 c5 be
    80 2d af 3a 01 48 18 3f 72 b8 79 bb 46 7c 4b 8d
    3d 95 95 04 3b 9c da ab fb 0f 31 ea 47 60 6d b2
    f8 93 db 7c 37 6b 67 51 cb f7 a2 af 8c bc 32 90
    6c 30 6f 1c 33 53 27 5c 13 7b 27 f5 00 a0 eb 2c
    d3 17 f4 f8 c8 43 53 93 e7 96 7d 3c f8 6e de da
    d6 0c 1b 80 1e 0c 3d 06 9b 63 39 13 30 c9 69 3d
    9b e0 4a 6c d2 ab c7 97 99 61 87 6b c8 0c 62 24
    50 e1 ee 97 b2 57 e3 87 bb 29 97 ad 48 df 14 a3
    ac 5f 09 f9 c8 aa 48 a5 ef c5 fd 16 78 61 c8 ca
    45 a5 38 da 4e a5 fb 47 18 43 85 47 ac 00 2c c3
    d9 96 cc 72 f6 37 d0 08 2b 44 04 d5 09 14 7e 3c
    e8 9a 01 ad 70 72 fc a3 e3 b9 66 07 e3 70 9b 4f
    ca 5c 60 ba 54 93 7a ae 9a ec 68 a0 4c 7c 85 39
    f5 9b f7 5e a5 21 de 01 ea 43 fc 63 38 81 68 72
    e9 37 ad d2 e9 f6 eb 51 b6 a9 71 33 87 d8 74 d8
    d4 2e a8 1e a5 72 a1 c0 6f fe 2a de 1c 7a a0 79
    40 b7 3e 4d 15 8d 1e 00 83 fd c3 d0 1c 1d 36 9e
    64 34 db 16 b3 5c da f2 5b 51 8b cd 9f 37 1d ea
    56 24 a5 f4 81 84 c7 d0 82 c4 e9 a1 06 c6 75 65
    b8 b3 93 ca a7 35 da 73 1e 74 12 1b 7b a3 35 48
    d9 46 41 ff d7 0b 03 c4 7e 23 a3 b7 31 25 90 ae
    74 29 65 6e 19 2d 80 6a 52 7c 5c b9 40 65 10 6d
    31 ce 98 0d 0f fb e8 1f d6 4e 6d bc 4b df 99 38
    b9 e1 23 54 18 82 68 c2 b4 a4 59 68 75 93 aa cc
    90 48 18 44 a5 12 15 ed 4a fc 4f a1 9c 97 33 e2
    47 9c 73 92 5f 12 17 e3 10 6b fc a1 8c 97 74 3e
    9b c1 48 5a 0f 66 a5 5a 41 12 cc ed 90 d3 a4 3a
    4e 6d c6 85 59 3c 13 19 53 03 23 e6 75 68 2f c3
    3f ab 6a 25 28 0e 5c 5b 99 87 67 f7 e2 4d 8b 69
    12 33 e0 d9 9c cf 6a 98 95 d4 c9 35 b9 75 fd d2
    aa 77 84 8a 18 91 a5 30 60 1d 91 89 67 86 09 f2
    68 1a 9d 8d 5e 77 7d 7f a7 d9 8c 63 e3 4c e4 65
    a0 9e eb 02 f3 3b f2 c6 77 a2 35 5f 88 0e 5e e8
    69 9d 03 56 85 58 07 f2 e0 c3 e9 ac 75 29 f8 9a
    3b b2 7d 1d 5a 69 8f d1 4f 6b 55 8c 5a 35 d2 9a
    6b 27 31 bd 9a a2 8a 40 8b 91 83 67 d3 08 7b fb
    a7 a3 53 38 78 9f ba 6e 19 a7 63 e4 a8 53 00 0c
    c7 9b f6 e3 16 93 af b7 65 01
<<< TLS 1.2, RecordHeader [length 0005]
    14 03 03 00 01
<<< TLS 1.3, ChangeCipherSpec [length 0001]
    01
<<< TLS 1.2, RecordHeader [length 0005]
    17 03 03 00 17
<<< TLS 1.3, InnerContent [length 0001]
    16
<<< TLS 1.3, Handshake [length 0006], EncryptedExtensions
    08 00 00 02 00 00
<<< TLS 1.2, RecordHeader [length 0005]
    17 03 03 03 47
<<< TLS 1.3, InnerContent [length 0001]
    16
<<< TLS 1.3, Handshake [length 0336], Certificate
    0b 00 03 32 00 00 03 2e 00 03 29 30 82 03 25 30
    82 02 0d a0 03 02 01 02 02 01 02 30 0d 06 09 2a
    86 48 86 f7 0d 01 01 0b 05 00 30 12 31 10 30 0e
    06 03 55 04 03 0c 07 52 6f 6f 74 20 43 41 30 20
    17 0d 31 36 30 31 31 34 32 32 32 39 34 36 5a 18
    0f 32 31 31 36 30 31 31 35 32 32 32 39 34 36 5a
    30 19 31 17 30 15 06 03 55 04 03 0c 0e 73 65 72
    76 65 72 2e 65 78 61 6d 70 6c 65 30 82 01 22 30
    0d 06 09 2a 86 48 86 f7 0d 01 01 01 05 00 03 82
    01 0f 00 30 82 01 0a 02 82 01 01 00 d5 5d 60 6a
    df fc 61 ee 48 aa 8c 11 48 43 a5 6d b6 52 5d aa
    98 49 b1 61 92 35 b1 fc 3a 04 25 0c 6d 79 ff b4
    d5 c9 e9 5c 1c 3b e0 ab b3 b8 7d a3 de 6d bd e0
    dd d7 5a bf 14 47 11 42 5e a6 82 d0 61 c1 7f dd
    13 46 e6 09 85 07 0e f2 d4 fc 1a 64 d2 0a ad 20
    ab 20 6b 96 f0 ad cc c4 19 53 55 dc 01 1d a4 b3
    ef 8a b4 49 53 5d 8a 05 1c f1 dc e1 44 bf c5 d7
    e2 77 19 57 5c 97 0b 75 ee 88 43 71 0f ca 6c c1
    b4 b2 50 a7 77 46 6c 58 0f 11 bf f1 76 24 5a ae
    39 42 b7 51 67 29 e1 d0 55 30 6f 17 e4 91 ea ad
    f8 28 c2 43 6f a2 64 a9 fb 9d 98 92 62 48 3e eb
    0d 4f 82 4a 8a ff 3f 72 ee 96 b5 ae a1 c1 98 ba
    ef 7d 90 75 6d ff 5a 52 9e ab f5 c0 7e d0 87 43
    db 85 07 07 0f 7d 38 7a fd d1 d3 ee 65 1d d3 ea
    39 6a 87 37 ee 4a d3 e0 0d 6e f5 70 ac c2 bd f1
    6e f3 92 95 5e a9 f0 a1 65 95 93 8d 02 03 01 00
    01 a3 7d 30 7b 30 1d 06 03 55 1d 0e 04 16 04 14
    c0 e7 84 bf e8 59 27 33 10 b0 52 4f 51 52 2f 06
    d6 c0 7a cd 30 1f 06 03 55 1d 23 04 18 30 16 80
    14 70 7f 2e ae 83 68 59 98 04 23 2a cd eb 3e 17
    cd 24 dd 01 49 30 09 06 03 55 1d 13 04 02 30 00
    30 13 06 03 55 1d 25 04 0c 30 0a 06 08 2b 06 01
    05 05 07 03 01 30 19 06 03 55 1d 11 04 12 30 10
    82 0e 73 65 72 76 65 72 2e 65 78 61 6d 70 6c 65
    30 0d 06 09 2a 86 48 86 f7 0d 01 01 0b 05 00 03
    82 01 01 00 7b d3 04 43 75 8a 0f 11 ae c4 fb d7
    a1 a2 9e fe 20 18 d5 f4 2f 31 88 46 b6 75 8c ee
    e5 9b 97 a6 b9 a3 cd 60 9a 46 c3 48 97 e5 97 68
    f7 5a 86 35 73 d9 69 9e f9 5f 74 b9 e6 94 13 01
    cb 6a dc e3 c4 04 e9 65 da 9c a4 8b 28 f3 f9 9a
    7f bf 97 1f 45 92 e5 05 b1 56 e6 0b f6 47 de 1e
    89 b6 2b e1 4d df 4a 7e 01 d3 23 dc 97 8c 47 fe
    5f c7 cc 98 46 0e c4 83 5b ca 8a f1 52 09 be 6b
    ec 3f 09 8b d0 93 02 bf e1 51 e7 d1 7e 34 56 19
    74 d0 ff 28 25 de b7 9f 56 52 91 7d 20 29 85 0a
    80 44 5f 71 32 25 71 0f c2 16 e2 5f 6b 1d 3f 32
    5b 0a 3c 74 1c b9 62 f1 ed 07 50 a3 6d b4 b4 31
    0a c0 53 44 6a 3a 88 84 8b 2d a9 b0 37 8e e6 18
    36 bd 9a 20 40 0f 01 92 8b 3d aa 61 e7 ae 2c ed
    36 cd 3a 07 86 74 3a 29 b3 d7 3a b4 00 a9 c2 f5
    92 78 0e e2 0f a3 fe bb be e0 06 53 84 59 1d 90
    69 e5 b6 f9 00 00
<<< TLS 1.2, RecordHeader [length 0005]
    17 03 03 01 19
<<< TLS 1.3, InnerContent [length 0001]
    16
<<< TLS 1.3, Handshake [length 0108], CertificateVerify
    0f 00 01 04 08 04 01 00 0d ff a4 23 e9 ee ce f9
    59 72 91 75 fa 91 28 25 66 d8 8e ea d1 9c 37 8d
    5b 55 98 d6 49 56 15 e7 62 47 15 d2 f1 bd 0f 08
    65 1a 0b 8f cf 3d 74 9c f5 19 5e 8e e0 b7 67 58
    e4 65 7f 7b 28 21 b4 2a a2 80 95 b9 d5 1a c5 d6
    d0 3c e8 65 9b e4 92 ec 1d 45 c4 7a 7e 0f a6 bd
    74 36 a3 dd 8a d7 aa f0 04 d1 ef de 65 93 a4 bd
    bc ad ed 5e 93 a9 c0 b2 c6 99 f4 f2 df c4 1d 5b
    50 42 69 82 c9 4a f2 7f 33 9b d0 97 a0 5c 13 b8
    d4 d5 d5 52 fa 75 1c d2 b4 71 f7 16 5f e3 f1 90
    6b a5 46 ee 70 ea c5 81 37 dc b9 64 d0 c5 bd 8b
    07 79 cb 09 72 19 bb d7 5b 39 d8 4f 42 10 47 ef
    8c b9 a1 0f 21 b4 ab d7 73 5f b7 57 82 5a 09 92
    21 17 a9 a7 da 1a e0 76 1c 5c 84 16 94 87 2d 55
    b6 4a fc ef 1a b3 41 dd f2 4b 1a 0b 03 41 49 66
    53 2f 59 c2 7a 88 f4 3a 50 7d d7 e2 63 b5 2b 06
    fe 56 24 a4 b2 47 f7 d8
<<< TLS 1.2, RecordHeader [length 0005]
    17 03 03 00 45
<<< TLS 1.3, InnerContent [length 0001]
    16
<<< TLS 1.3, Handshake [length 0034], Finished
    14 00 00 30 ce d5 ca 65 8d a5 57 c1 6d 76 73 c8
    9e b5 68 a3 47 8c fd 99 bb 74 aa fd 4d ae c0 57
    59 ac 66 e9 4f 63 ee d2 78 03 a8 99 29 4f 2e 62
    9b b5 f5 1b
>>> TLS 1.2, RecordHeader [length 0005]
    14 03 03 00 01
>>> TLS 1.3, ChangeCipherSpec [length 0001]
    01
>>> TLS 1.2, RecordHeader [length 0005]
    17 03 03 00 45
>>> TLS 1.2, InnerContent [length 0001]
    16
>>> TLS 1.3, Handshake [length 0034], Finished
    14 00 00 30 44 a3 eb b6 1c d2 5d d2 b5 c5 f0 56
    e5 5f 6c 6a c5 d6 4d 34 76 23 cb 10 74 e7 63 65
    57 d0 ea 8e 5b d5 2c b5 f9 06 11 ce 26 74 c0 09
    90 c4 1f f7
---
Certificate chain
 0 s:CN=server.example
   i:CN=Root CA
   a:PKEY: RSA, 2048 (bit); sigalg: sha256WithRSAEncryption
   v:NotBefore: Jan 14 22:29:46 2016 GMT; NotAfter: Jan 15 22:29:46 2116 GMT
---
Server certificate
-----BEGIN CERTIFICATE-----
MIIDJTCCAg2gAwIBAgIBAjANBgkqhkiG9w0BAQsFADASMRAwDgYDVQQDDAdSb290
IENBMCAXDTE2MDExNDIyMjk0NloYDzIxMTYwMTE1MjIyOTQ2WjAZMRcwFQYDVQQD
DA5zZXJ2ZXIuZXhhbXBsZTCCASIwDQYJKoZIhvcNAQEBBQADggEPADCCAQoCggEB
ANVdYGrf/GHuSKqMEUhDpW22Ul2qmEmxYZI1sfw6BCUMbXn/tNXJ6VwcO+Crs7h9
o95tveDd11q/FEcRQl6mgtBhwX/dE0bmCYUHDvLU/Bpk0gqtIKsga5bwrczEGVNV
3AEdpLPvirRJU12KBRzx3OFEv8XX4ncZV1yXC3XuiENxD8pswbSyUKd3RmxYDxG/
8XYkWq45QrdRZynh0FUwbxfkkeqt+CjCQ2+iZKn7nZiSYkg+6w1PgkqK/z9y7pa1
rqHBmLrvfZB1bf9aUp6r9cB+0IdD24UHBw99OHr90dPuZR3T6jlqhzfuStPgDW71
cKzCvfFu85KVXqnwoWWVk40CAwEAAaN9MHswHQYDVR0OBBYEFMDnhL/oWSczELBS
T1FSLwbWwHrNMB8GA1UdIwQYMBaAFHB/Lq6DaFmYBCMqzes+F80k3QFJMAkGA1Ud
EwQCMAAwEwYDVR0lBAwwCgYIKwYBBQUHAwEwGQYDVR0RBBIwEIIOc2VydmVyLmV4
YW1wbGUwDQYJKoZIhvcNAQELBQADggEBAHvTBEN1ig8RrsT716Ginv4gGNX0LzGI
RrZ1jO7lm5emuaPNYJpGw0iX5Zdo91qGNXPZaZ75X3S55pQTActq3OPEBOll2pyk
iyjz+Zp/v5cfRZLlBbFW5gv2R94eibYr4U3fSn4B0yPcl4xH/l/HzJhGDsSDW8qK
8VIJvmvsPwmL0JMCv+FR59F+NFYZdND/KCXet59WUpF9ICmFCoBEX3EyJXEPwhbi
X2sdPzJbCjx0HLli8e0HUKNttLQxCsBTRGo6iISLLamwN47mGDa9miBADwGSiz2q
YeeuLO02zToHhnQ6KbPXOrQAqcL1kngO4g+j/ru+4AZThFkdkGnltvk=
-----END CERTIFICATE-----
subject=CN=server.example
issuer=CN=Root CA
---
No client certificate CA names sent
Peer signing digest: SHA256
Peer signature type: rsa_pss_rsae_sha256
Negotiated TLS1.3 group: X25519MLKEM768
---
SSL handshake has read 2453 bytes and written 1559 bytes
Verification error: unable to verify the first certificate
---
New, TLSv1.3, Cipher is TLS_AES_256_GCM_SHA384
Protocol: TLSv1.3
Server public key is 2048 bit
This TLS version forbids renegotiation.
Compression: NONE
Expansion: NONE
No ALPN negotiated
Early data was not sent
Verify return code: 21 (unable to verify the first certificate)
---
>>> TLS 1.2, RecordHeader [length 0005]
    17 03 03 00 13
>>> TLS 1.2, InnerContent [length 0001]
    15
>>> TLS 1.3, Alert [length 0002], warning close_notify
    01 00
Connecting to 127.0.0.1
SSL_connect:before SSL initialization
SSL_connect:SSLv3/TLS write client hello
SSL_connect:SSLv3/TLS write client hello
SSL_connect:SSLv3/TLS read server hello
Can't use SSL_get_servername
SSL_connect:TLSv1.3 read encrypted extensions
depth=0 CN=server.example
verify error:num=20:unable to get local issuer certificate
verify return:1
depth=0 CN=server.example
verify error:num=21:unable to verify the first certificate
verify return:1
depth=0 CN=server.example
verify return:1
SSL_connect:SSLv3/TLS read server certificate
SSL_connect:TLSv1.3 read server certificate verify
SSL_connect:SSLv3/TLS read finished
SSL_connect:SSLv3/TLS write change cipher spec
SSL_connect:SSLv3/TLS write finished
DONE
SSL3 alert write:warning:close notify
