CONNECTED(00000003)
>>> TLS 1.0, RecordHeader [length 0005]
    16 03 01 05 c2
>>> TLS 1.3, Handshake [length 05c2], ClientHello
    01 00 05 be 03 03 88 ce 0d bf f1 27 e1 a1 f2 14
    96 49 97 b2 40 9e 98 06 c2 8e 3a 09 bd 03 14 e3
    30 d6 8b 08 f3 d6 20 24 eb b1 a5 0c 24 5b 5e b4
    e7 97 7c 0c c0 1c f3 50 bb ba c3 5f dc bc 98 13
    3d c3 84 0f 95 a1 4e 00 06 13 02 13 03 13 01 01
    00 05 6f 00 0b 00 04 03 00 01 02 00 0a 00 06 00
    04 11 ec 00 1d 00 23 00 00 00 16 00 00 00 17 00
    00 00 0d 00 76 00 74 09 05 09 06 09 04 04 03 05
    03 06 03 08 07 08 08 08 1a 08 1b 08 1c 08 09 08
    0a 08 0b 08 04 08 05 08 06 04 01 05 01 06 01 ff
    06 ff 07 ff 08 ff 09 fe d7 fe d8 fe d9 fe dc fe
    dd fe de fe da fe db fe df fe e0 fe b3 fe b4 fe
    b5 fe b6 fe b7 fe b8 fe b9 fe ba fe c2 fe c3 fe
    c4 ff 32 ff 36 ff 33 ff 37 ff 34 ff 38 ff 35 ff
    39 ff 22 ff 0e ff 1a ff 0f ff 1b 00 2b 00 03 02
    03 04 00 2d 00 02 01 01 00 33 04 c6 04 c4 11 ec
    04 c0 e8 8c 34 1d 78 a4 81 d9 a9 94 25 9e b1 a6
    06 e9 b7 37 f2 42 0a 55 a3 c5 3d 43 55 07 61 60
    71 a5 00 0e a5 1a 4c e5 60 f8 ca 84 ef 5c b3 b9
    5c 96 90 18 b3 8f 33 39 b4 c9 71 aa 26 c3 e2 a7
    76 d3 a7 a3 8e 95 87 92 35 9d 62 dc 0b aa 52 70
    42 8b 4d e3 d7 30 4a 02 93 59 70 ab 98 28 68 8f
    b0 42 e3 0a 42 ea a7 96 75 54 63 b5 c3 5c 1e 76
    67 e0 69 78 8f f2 55 ac 75 22 43 fc 63 41 6b 50
    71 6b 44 a4 ea 25 fc f0 08 d1 db c5 30 89 6b 8c
    96 61 38 77 12 64 53 97 d2 aa 90 21 b8 01 3f 33
    70 bf 72 68 5b b1 3c c6 a9 56 f1 9c 19 a8 5b 3a
    49 ab 59 b7 86 a1 77 ec c9 1e 75 35 c3 b5 8b e0
    fa 73 54 54 1a 9f f4 ad 47 bc 71 14 b2 a4 56 22
    b9 58 88 5c c3 a5 21 23 21 74 ea 99 05 a6 13 93
    4f d6 47 ab 2c 9d 8d 35 a0 14 f9 22 07 09 68 57
    0c cf 2b 45 a0 6b ac 61 f1 aa 21 0f e1 4f 96 d8
    20 16 14 6d 3b 91 1f 8d 0b 60 87 25 bd 9d 27 a1
    48 94 09 5e e1 5c 28 38 08 9b 2a 8d 60 67 52 63
    07 05 40 9a 38 75 37 32 a0 62 25 eb 94 8d 41 25
    70 89 26 1e 21 a6 14 2f ca 64 79 e7 91 31 85 2d
    13 81 bd ec 04 8d 93 18 40 f7 06 90 42 66 a7 ed
    e9 1d 9e e3 a5 2d 63 58 13 49 69 e7 26 5d 81 9c
    bc 81 55 a8 6f eb 71 66 62 a6 c1 80 be 49 20 b9
    a8 18 74 93 b9 5f 79 7b bb 57 f9 0b 40 e1 35 d8
    32 48 a8 3a 4b 45 73 99 a4 e2 a0 9b 48 11 f5 8c
    29 b4 a4 47 88 b7 6e 22 13 bc dc ac 5b 09 28 00
    80 dc 20 a1 74 39 9e a3 78 ca 37 57 ad fb aa 96
    5b 5b 15 f1 ae a6 51 35 ad ca a6 24 d2 2f c8 f8
    55 79 c6 9e 2b a7 72 0a f7 49 ad 80 5c 35 ba a5
    c4 ec 24 ab 4a b7 51 a6 0c 9f 71 a8 ca 70 4b 4c
    15 c7 ac 93 60 6d 81 1a 87 c4 4a c2 17 81 f2 e9
    97 ac 53 0b 35 1a 60 ad ec b9 92 16 40 7d 33 a8
    e8 50 ba fc d8 7b 43 7b 81 51 f8 5c e0 06 85 47
    73 4c a3 66 45 a1 dc 02 ea 52 83 bd 85 90 7b 51
    c0 7b 17 8e 78 79 8c 95 2b 60 4d 38 4e a6 6c 3e
    fd da b0 5d f5 c8 ba 3c 6c 89 a3 63 f6 10 00 7f
    d7 9b ea ba 2b f8 76 91 a2 f6 89 19 05 b2 bb 77
    8d cc 0c 8d dc 3a 80 75 21 65 79 22 62 28 82 37
    71 f3 5f 98 68 74 f3 2a 34 a3 a2 b3 32 d5 ad 9b
    59 2e fc 4a b3 ae 10 3a a6 e4 09 3b b1 67 8b 67
    90 d1 73 8f bf 24 15 f2 52 26 6f 66 92 56 79 84
    83 c4 19 15 25 39 3e c8 49 cb f2 09 12 e9 62 ba
    d0 76 93 20 ce 09 06 99 1f 04 35 c7 5a 42 87 ec
    a8 e1 3b 8c ef 09 08 23 c2 75 e9 2c a7 41 e5 23
    2b 05 09 e8 32 42 d6 18 6d 0b f6 3c 8c 81 12 16
    3a 5b 0f 52 37 0d 53 38 3a 57 70 92 42 cd 8b 4a
    0b 28 9c 24 02 67 76 1a d3 bf 8d d3 34 e5 68 38
    4a dc 3f 2a 22 b2 9a 89 24 9c a8 65 88 b4 a3 45
    f0 76 97 98 75 56 64 5a 20 c7 44 f3 a9 8f 46 4b
    46 1b dc 24 4b a8 10 ea b4 70 0c dc 45 f6 1b 0e
    f2 ac 90 9d 31 a5 79 b9 29 b4 62 0b e2 14 2a 61
    31 0b 81 80 1c bb 61 a2 62 2a 43 a0 94 a9 ed f7
    84 c8 09 33 66 a9 98 5d 6a a0 d3 f7 b5 b4 ca 72
    db 7a cc a5 44 4a 2b b1 7d 8d 17 7a 0c 57 20 ed
    b0 b4 91 e9 45 91 83 a2 14 98 cb 7c 64 4d f1 51
    9e 6c 6b 8a cf 33 70 96 aa 7f 66 56 90 3a b6 cf
    43 20 07 6a 97 c5 e1 95 75 8e eb 02 ca d9 c5 29
    6c 66 95 50 3a e6 58 ce 14 a3 53 8e d9 6e 23 79
    a8 bc 4c aa fb f6 92 3f 5a 7b 37 cc 40 f1 95 af
    2f 3b 50 c7 16 78 b6 75 8c 53 41 0a 03 36 06 b1
    cc 87 1e 92 47 a8 1c 16 a7 48 b6 06 4a 7c 97 24
    2a ac 60 aa 7a da 54 cc 64 17 d5 b6 26 ba 47 4a
    d5 e9 a8 40 74 cb f6 50 c7 91 3a c0 cc 82 a3 c5
    a1 b5 ea 2a a3 55 bb 4f 7b 3a 09 9d 6a 1b 81 24
    32 ce 96 03 92 c5 7c 34 da 7d a2 63 71 05 56 ce
    7f e7 ad a5 6c 15 e8 e8 9c 6e ea a2 54 d6 1c 35
    86 af e7 fc 97 6e d5 b1 d7 00 31 a8 d8 03 6c 80
    b3 ed 13 79 a5 84 9c 0f 4a 41 fa 57 ad 75 b4 11
    2d d9 3c e4 01 7f ab 08 75 54 55 74 8d eb 84 94
    73 4f 90 65 4c f5 fb 55 91 91 bf d7 dc 57 cb f0
    7b 61 6c bf 77 66 22 69 24 80 78 da b5 bc 03 c7
    af 0b 11 8f 26 b1 5c 71 be 3f b1 ab df c8 ae a1
    10 ba 31 fa a1 f5 71 eb bd 90 37 fa 7f 0b b2 5b
    a2 8e 26 21 f7 5a b8 d7 66 ee a1 19 be 33 f3 6e
    cb 50 80 16 59 74 c3 cd 92 71 33 b5 58 b4 43 cf
    de aa 7a 2f 3c ac d4 e2 5b 48 e7 6f fa e3 f6 56
    51 16
<<< TLS 1.2, RecordHeader [length 0005]
    16 03 03 00 58
<<< TLS 1.3, Handshake [length 0058], ServerHello
    02 00 00 54 03 03 cf 21 ad 74 e5 9a 61 11 be 1d
    8c 02 1e 65 b8 91 c2 a2 11 16 7a bb 8c 5e 07 9e
    09 e2 c8 a8 33 9c 20 24 eb b1 a5 0c 24 5b 5e b4
    e7 97 7c 0c c0 1c f3 50 bb ba c3 5f dc bc 98 13
    3d c3 84 0f 95 a1 4e 13 02 00 00 0c 00 2b 00 02
    03 04 00 33 00 02 00 1d
>>> TLS 1.2, RecordHeader [length 0005]
    14 03 03 00 01
>>> TLS 1.3, ChangeCipherSpec [length 0001]
    01
>>> TLS 1.2, RecordHeader [length 0005]
    16 03 03 01 22
>>> TLS 1.3, Handshake [length 0122], ClientHello
    01 00 01 1e 03 03 88 ce 0d bf f1 27 e1 a1 f2 14
    96 49 97 b2 40 9e 98 06 c2 8e 3a 09 bd 03 14 e3
    30 d6 8b 08 f3 d6 20 24 eb b1 a5 0c 24 5b 5e b4
    e7 97 7c 0c c0 1c f3 50 bb ba c3 5f dc bc 98 13
    3d c3 84 0f 95 a1 4e 00 06 13 02 13 03 13 01 01
    00 00 cf 00 0b 00 04 03 00 01 02 00 0a 00 06 00
    04 11 ec 00 1d 00 23 00 00 00 16 00 00 00 17 00
    00 00 0d 00 76 00 74 09 05 09 06 09 04 04 03 05
    03 06 03 08 07 08 08 08 1a 08 1b 08 1c 08 09 08
    0a 08 0b 08 04 08 05 08 06 04 01 05 01 06 01 ff
    06 ff 07 ff 08 ff 09 fe d7 fe d8 fe d9 fe dc fe
    dd fe de fe da fe db fe df fe e0 fe b3 fe b4 fe
    b5 fe b6 fe b7 fe b8 fe b9 fe ba fe c2 fe c3 fe
    c4 ff 32 ff 36 ff 33 ff 37 ff 34 ff 38 ff 35 ff
    39 ff 22 ff 0e ff 1a ff 0f ff 1b 00 2b 00 03 02
    03 04 00 2d 00 02 01 01 00 33 00 26 00 24 00 1d
    00 20 dd 0d 76 d3 ef 4b 1b 6a 41 2f 33 9d c3 cf
    26 9b 9e 23 16 f6 e8 29 23 f9 cc 37 0c d8 92 b8
    86 50
<<< TLS 1.2, RecordHeader [length 0005]
    14 03 03 00 01
<<< TLS 1.3, ChangeCipherSpec [length 0001]
    01
<<< TLS 1.2, RecordHeader [length 0005]
    16 03 03 00 7a
<<< TLS 1.3, Handshake [length 007a], ServerHello
    02 00 00 76 03 03 d3 4f c9 3c b5 2f d2 26 31 1e
    31 3b 13 d8 e8 fc a1 4e 1f bf e8 0d 93 a2 7d 05
    81 ed 09 b2 11 19 20 24 eb b1 a5 0c 24 5b 5e b4
    e7 97 7c 0c c0 1c f3 50 bb ba c3 5f dc bc 98 13
    3d c3 84 0f 95 a1 4e 13 02 00 00 2e 00 2b 00 02
    03 04 00 33 00 24 00 1d 00 20 93 1a 39 b0 0d dc
    19 85 00 a6 50 ec 7f 83 dc b5 06 fe c4 ef 56 90
    07 b4 83 61 54 7b d6 45 bf 27
<<< TLS 1.2, RecordHeader [length 0005]
    17 03 03 00 21
>>> TLS 1.2, RecordHeader [length 0005]
    15 03 03 00 02
>>> TLS 1.3, Alert [length 0002], fatal bad_record_mac
    02 14
---
no peer certificate available
---
No client certificate CA names sent
Peer Temp Key: X25519, 253 bits
---
SSL handshake has read 264 bytes and written 1787 bytes
Verification: OK
---
New, TLSv1.3, Cipher is TLS_AES_256_GCM_SHA384
Protocol: TLSv1.3
This TLS version forbids renegotiation.
Compression: NONE
Expansion: NONE
No ALPN negotiated
Early data was not sent
Verify return code: 0 (ok)
---
Connecting to 127.0.0.1
SSL_connect:before SSL initialization
SSL_connect:SSLv3/TLS write client hello
SSL_connect:SSLv3/TLS write client hello
SSL_connect:SSLv3/TLS read server hello
SSL_connect:SSLv3/TLS write change cipher spec
SSL_connect:SSLv3/TLS write client hello
SSL_connect:SSLv3/TLS write client hello
SSL3 alert write:fatal:bad record mac
SSL_connect:error in error
407CAC25A37C0000:error:0A000119:SSL routines:tls_get_more_records:decryption failed or bad record mac:ssl/record/methods/tls_common.c:868:
407CAC25A37C0000:error:0A000139:SSL routines::record layer failure:ssl/record/rec_layer_s3.c:698:
