CONNECTED(00000003)
---
Certificate chain
 0 s:
   i:CN=Caddy Local Authority - ECC Intermediate
   a:PKEY: EC, (prime256v1); sigalg: ecdsa-with-SHA256
   v:NotBefore: Sep 29 05:46:54 2026 GMT; NotAfter: Sep 29 17:46:54 2026 GMT
 1 s:CN=Caddy Local Authority - ECC Intermediate
   i:CN=Caddy Local Authority - 2026 ECC Root
   a:PKEY: EC, (prime256v1); sigalg: ecdsa-with-SHA256
   v:NotBefore: Sep 29 05:45:29 2026 GMT; NotAfter: Oct  6 05:45:29 2026 GMT
---
Server certificate
-----BEGIN CERTIFICATE-----
MIIBuTCCAV+gAwIBAgIRAMhKRS3eQxjU5Ub7vfk13R8wCgYIKoZIzj0EAwIwMzEx
MC8GA1UEAxMoQ2FkZHkgTG9jYWwgQXV0aG9yaXR5IC0gRUNDIEludGVybWVkaWF0
ZTAeFw0yNjA5MjkwNTQ2NTRaFw0yNjA5MjkxNzQ2NTRaMAAwWTATBgcqhkjOPQIB
BggqhkjOPQMBBwNCAATIvQ/+T6+/1XtfF84BRqNGruMsmes+1VlgfYcGUafwFsn1
Hb8R/Vrp/avrmbklONtzDLrrFUcaKFW6nvvUsXEMo4GGMIGDMA4GA1UdDwEB/wQE
AwIHgDAdBgNVHSUEFjAUBggrBgEFBQcDAQYIKwYBBQUHAwIwHQYDVR0OBBYEFK0r
nGLH+itX//vB/i6+TA70xR6YMB8GA1UdIwQYMBaAFB5L9bW/0knq/qNoAs1a1VnK
8BOyMBIGA1UdEQEB/wQIMAaHBH8AAAEwCgYIKoZIzj0EAwIDSAAwRQIgYexLll70
MiTUFDFWClCWkQaV/xz1qTnI5MeePbZuJE0CIQC1+6U2N83PivnxZrE+3yz8uV/+
CnY7MN6lXJPY3tbpvQ==
-----END CERTIFICATE-----
subject=
issuer=CN=Caddy Local Authority - ECC Intermediate
---
No client certificate CA names sent
Peer signing digest: SHA256
Peer signature type: ecdsa_secp256r1_sha256
Peer Temp Key: X25519, 253 bits
---
SSL handshake has read 1265 bytes and written 1515 bytes
Verification error: unable to get local issuer certificate
---
New, TLSv1.3, Cipher is TLS_AES_128_GCM_SHA256
Protocol: TLSv1.3
Server public key is 256 bit
This TLS version forbids renegotiation.
Compression: NONE
Expansion: NONE
No ALPN negotiated
Early data was not sent
Verify return code: 20 (unable to get local issuer certificate)
---
---
Post-Handshake New Session Ticket arrived:
SSL-Session:
    Protocol  : TLSv1.3
    Cipher    : TLS_AES_128_GCM_SHA256
    Session-ID: 8102344A5B1A6D48021B7D95D31A28222E9110C8D7B0C0FBAB16B7F7A0055F1B
    Session-ID-ctx: 
    Resumption PSK: DC48AC5C1E11133432218EB6AB001D04FD62377E755342349B7CF454A58D8ABE
    PSK identity: None
    PSK identity hint: None
    SRP username: None
    TLS session ticket lifetime hint: 604800 (seconds)
    TLS session ticket:
    0000 - 6e 5e 20 d6 2a c2 e6 9c-8a aa 1f 59 c2 b8 cd b2   n^ .*......Y....
    0010 - e6 27 1d 5d 70 8c 2f f4-76 1f 0e f1 78 ea e8 68   .'.]p./.v...x..h
    0020 - 16 b3 36 98 0a 95 4f 7b-4a 7f 9d 02 3e 30 d7 75   ..6...O{J...>0.u
    0030 - 83 98 8e 9c f9 6d 57 4c-70 33 e4 dc 9a e7 64 31   .....mWLp3....d1
    0040 - a1 50 e6 67 bb 49 d3 b0-41 de a3 68 08 ee 4a f2   .P.g.I..A..h..J.
    0050 - a2 8d 59 e4 d5 30 51 af-a2 47 55 6d fd 72 73 b8   ..Y..0Q..GUm.rs.
    0060 - 5c 62 3a 4c 2e 37 56 7d-c7                        \b:L.7V}.

    Start Time: 1790662940
    Timeout   : 7200 (sec)
    Verify return code: 20 (unable to get local issuer certificate)
    Extended master secret: no
    Max Early Data: 0
---
read R BLOCK
Connecting to 127.0.0.1
Can't use SSL_get_servername
depth=1 CN=Caddy Local Authority - ECC Intermediate
verify error:num=20:unable to get local issuer certificate
verify return:1
depth=0 
verify return:1
DONE
