{"level":"info","ts":1790662980.704594,"msg":"using provided configuration","config_file":"/root/pq-hybrid-phase2/v16/Caddyfile","config_adapter":"caddyfile"}
{"level":"warn","ts":1790662980.7056844,"msg":"Caddyfile input is not formatted; run the 'caddy fmt' command to fix inconsistencies","adapter":"caddyfile","file":"/root/pq-hybrid-phase2/v16/Caddyfile","line":2}
{"level":"warn","ts":1790662980.7059636,"logger":"admin","msg":"admin endpoint disabled"}
{"level":"info","ts":1790662980.7063127,"logger":"tls.cache.maintenance","msg":"started background certificate maintenance","cache":"0xc000249810"}
{"level":"warn","ts":1790662980.706424,"logger":"tls","msg":"stapling OCSP","error":"no OCSP stapling for [server.example]: no OCSP server specified in certificate"}
{"level":"warn","ts":1790662980.707019,"logger":"http","msg":"automatic HTTP->HTTPS redirects are disabled","server_name":"srv0"}
{"level":"info","ts":1790662980.7201679,"logger":"pki.ca.local","msg":"root certificate is already trusted by system","path":"storage:pki/authorities/local/root.crt"}
{"level":"info","ts":1790662980.7207406,"logger":"http","msg":"enabling HTTP/3 listener","addr":":8545"}
{"level":"info","ts":1790662980.7209585,"msg":"connection doesn't allow setting of send buffer size. Not a *net.UDPConn?. See https://github.com/quic-go/quic-go/wiki/UDP-Buffer-Sizes for details."}
{"level":"info","ts":1790662980.7212036,"logger":"http.log","msg":"server running","name":"srv0","protocols":["h1","h2","h3"]}
{"level":"info","ts":1790662980.7213335,"logger":"http","msg":"enabling automatic TLS certificate management","domains":["127.0.0.1"]}
{"level":"warn","ts":1790662980.7216597,"logger":"tls","msg":"stapling OCSP","error":"no OCSP stapling for [127.0.0.1]: no OCSP server specified in certificate","identifiers":["127.0.0.1"]}
{"level":"info","ts":1790662980.7218819,"logger":"tls","msg":"cleaning storage unit","description":"FileStorage:/root/pq-hybrid-phase2/v16/caddy-data/caddy"}
{"level":"info","ts":1790662980.7219696,"msg":"autosaved config (load with --resume flag)","file":"/root/pq-hybrid-phase2/v16/caddy-config/caddy/autosave.json"}
{"level":"info","ts":1790662980.7223241,"msg":"serving initial configuration"}
{"level":"info","ts":1790662980.722274,"logger":"tls","msg":"finished cleaning storage units"}
{"level":"info","ts":1790662982.0024245,"msg":"shutting down apps, then terminating","signal":"SIGTERM"}
{"level":"warn","ts":1790662982.0026834,"msg":"exiting; byeee!! 👋","signal":"SIGTERM"}
{"level":"info","ts":1790662982.00292,"logger":"tls.cache.maintenance","msg":"stopped background certificate maintenance","cache":"0xc000249810"}
{"level":"info","ts":1790662982.0030978,"msg":"shutdown complete","signal":"SIGTERM","exit_code":0}
