Processed 0 CA certificate(s).
Resolving '127.0.0.1:8545'...
Connecting to '127.0.0.1:8545'...
- Certificate type: X.509
- Got a certificate list of 1 certificates.
- Certificate[0] info:
 - subject `CN=server.example', issuer `CN=Root CA', serial 0x02, RSA key 2048 bits, signed using RSA-SHA256, activated `2016-01-14 22:29:46 UTC', expires `2116-01-15 22:29:46 UTC', pin-sha256="YqRy6LwIBBKwjOTG5X3HdC0CnT3NhQDJKr/ce85dWFI="
	Public Key ID:
		sha1:8cf3a0ce928c0dbcc4e24ce2ef41bfa4ab3d9cc5
		sha256:62a472e8bc080412b08ce4c6e57dc7742d029d3dcd8500c92abfdc7bce5d5852
	Public Key PIN:
		pin-sha256:YqRy6LwIBBKwjOTG5X3HdC0CnT3NhQDJKr/ce85dWFI=

- Status: The certificate is NOT trusted. The certificate issuer is unknown. The name in the certificate does not match the expected. 
*** PKI verification of server certificate failed...
- Description: (TLS1.3-X.509)-(ECDHE-SECP256R1)-(RSA-PSS-RSAE-SHA256)-(AES-256-GCM)
- Session ID: 8D:56:7D:D5:79:93:19:CD:46:54:54:B7:7D:4F:AF:A1:EB:88:59:DB:31:56:E9:5A:FA:97:8C:6B:BC:2B:1D:37
- Options:
- Handshake was completed

- Simple Client Mode:

- Peer has closed the GnuTLS connection
