openssl_client-default-v18_r01_gnutls: class=no-hybrid-advertisement groups=['0x0017', '0x0018', '0x0019', 'X25519', '0x001e', '0x0100', '0x0101', '0x0102', '0x0103', '0x0104'] shares=['0x0017', 'X25519'] final=0x0017
openssl_client-default-v18_r01_botan: class=C2-hybrid-advertised-share-omitted groups=['X25519', '0x0017', 'X25519MLKEM768', '0x11eb', '0x11ed', '0x001e', '0x0018', '0x0019', '0x001a', '0x001b', '0x001c', '0x0100', '0x0101'] shares=['X25519'] final=X25519MLKEM768
openssl_client-default-v18_r01_wolfssl: class=C1-hybrid-share groups=['X25519MLKEM768', '0x11ed', '0x11eb', '0x0019', '0x0021', '0x0018', '0x0020', '0x001e', '0x0017', '0x0016', '0x001f', 'X25519', '0x0015', '0x0014', '0x0101', '0x0100'] shares=['X25519MLKEM768'] final=X25519MLKEM768
openssl_client-default-v18_r01_mbedtls: class=unparsed groups=[] shares=[] final=None
openssl_client-default-v18_r01_java: class=no-hybrid-advertisement groups=['X25519', '0x0017', '0x0018', '0x0019', '0x001e', '0x0100', '0x0101', '0x0102', '0x0103', '0x0104'] shares=['X25519', '0x0017'] final=X25519
openssl_client-default-v18_r01_node-openssl: class=C1-hybrid-share groups=['X25519MLKEM768', 'X25519', '0x0017', '0x001e', '0x0018', '0x0019', '0x0100', '0x0101'] shares=['X25519MLKEM768', 'X25519'] final=X25519MLKEM768
openssl_client-default-v18_r01_python-openssl: class=C1-hybrid-share groups=['X25519MLKEM768', 'X25519', '0x0017', '0x001e', '0x0018', '0x0019', '0x0100', '0x0101'] shares=['X25519MLKEM768', 'X25519'] final=X25519MLKEM768
openssl_client-default-v18_r02_gnutls: class=no-hybrid-advertisement groups=['0x0017', '0x0018', '0x0019', 'X25519', '0x001e', '0x0100', '0x0101', '0x0102', '0x0103', '0x0104'] shares=['0x0017', 'X25519'] final=0x0017
openssl_client-default-v18_r02_botan: class=C2-hybrid-advertised-share-omitted groups=['X25519', '0x0017', 'X25519MLKEM768', '0x11eb', '0x11ed', '0x001e', '0x0018', '0x0019', '0x001a', '0x001b', '0x001c', '0x0100', '0x0101'] shares=['X25519'] final=X25519MLKEM768
openssl_client-default-v18_r02_wolfssl: class=C1-hybrid-share groups=['X25519MLKEM768', '0x11ed', '0x11eb', '0x0019', '0x0021', '0x0018', '0x0020', '0x001e', '0x0017', '0x0016', '0x001f', 'X25519', '0x0015', '0x0014', '0x0101', '0x0100'] shares=['X25519MLKEM768'] final=X25519MLKEM768
openssl_client-default-v18_r02_mbedtls: class=unparsed groups=[] shares=[] final=None
openssl_client-default-v18_r02_java: class=no-hybrid-advertisement groups=['X25519', '0x0017', '0x0018', '0x0019', '0x001e', '0x0100', '0x0101', '0x0102', '0x0103', '0x0104'] shares=['X25519', '0x0017'] final=X25519
openssl_client-default-v18_r02_node-openssl: class=C1-hybrid-share groups=['X25519MLKEM768', 'X25519', '0x0017', '0x001e', '0x0018', '0x0019', '0x0100', '0x0101'] shares=['X25519MLKEM768', 'X25519'] final=X25519MLKEM768
openssl_client-default-v18_r02_python-openssl: class=C1-hybrid-share groups=['X25519MLKEM768', 'X25519', '0x0017', '0x001e', '0x0018', '0x0019', '0x0100', '0x0101'] shares=['X25519MLKEM768', 'X25519'] final=X25519MLKEM768
openssl_client-default-v18_r03_gnutls: class=no-hybrid-advertisement groups=['0x0017', '0x0018', '0x0019', 'X25519', '0x001e', '0x0100', '0x0101', '0x0102', '0x0103', '0x0104'] shares=['0x0017', 'X25519'] final=0x0017
openssl_client-default-v18_r03_botan: class=C2-hybrid-advertised-share-omitted groups=['X25519', '0x0017', 'X25519MLKEM768', '0x11eb', '0x11ed', '0x001e', '0x0018', '0x0019', '0x001a', '0x001b', '0x001c', '0x0100', '0x0101'] shares=['X25519'] final=X25519MLKEM768
openssl_client-default-v18_r03_wolfssl: class=C1-hybrid-share groups=['X25519MLKEM768', '0x11ed', '0x11eb', '0x0019', '0x0021', '0x0018', '0x0020', '0x001e', '0x0017', '0x0016', '0x001f', 'X25519', '0x0015', '0x0014', '0x0101', '0x0100'] shares=['X25519MLKEM768'] final=X25519MLKEM768
openssl_client-default-v18_r03_mbedtls: class=unparsed groups=[] shares=[] final=None
openssl_client-default-v18_r03_java: class=no-hybrid-advertisement groups=['X25519', '0x0017', '0x0018', '0x0019', '0x001e', '0x0100', '0x0101', '0x0102', '0x0103', '0x0104'] shares=['X25519', '0x0017'] final=X25519
openssl_client-default-v18_r03_node-openssl: class=C1-hybrid-share groups=['X25519MLKEM768', 'X25519', '0x0017', '0x001e', '0x0018', '0x0019', '0x0100', '0x0101'] shares=['X25519MLKEM768', 'X25519'] final=X25519MLKEM768
openssl_client-default-v18_r03_python-openssl: class=C1-hybrid-share groups=['X25519MLKEM768', 'X25519', '0x0017', '0x001e', '0x0018', '0x0019', '0x0100', '0x0101'] shares=['X25519MLKEM768', 'X25519'] final=X25519MLKEM768
