8220d1f013b6f27510247b2360c9e0ca9f018feebd82515f07635318b34ff9777ccc8fd0b6e6f2486ce3a33fe389fbb7db12d05baa474f4587509fb4f5ebf1c9  /root/pq-hybrid-phase2/v16/caddy-2.11.4/caddy_2.11.4_linux_amd64.tar.gz
8220d1f013b6f27510247b2360c9e0ca9f018feebd82515f07635318b34ff9777ccc8fd0b6e6f2486ce3a33fe389fbb7db12d05baa474f4587509fb4f5ebf1c9  caddy_2.11.4_linux_amd64.tar.gz
/root/pq-hybrid-phase2/v16/caddy-2.11.4/caddy: go1.26.3
	path	caddy
	mod	caddy	(devel)	
	dep	cel.dev/expr	v0.25.1	h1:1KrZg61W6TWSxuNZ37Xy49ps13NUovb66QLprthtwi4=
	dep	cloud.google.com/go/auth	v0.20.0	h1:kXTssoVb4azsVDoUiF8KvxAqrsQcQtB53DcSgta74CA=
	dep	cloud.google.com/go/auth/oauth2adapt	v0.2.8	h1:keo8NaayQZ6wimpNSmW5OPc283g65QNIiLpZnkHRbnc=
	dep	cloud.google.com/go/compute/metadata	v0.9.0	h1:pDUj4QMoPejqq20dK0Pg2N4yG9zIkYGdBtwLoEkH9Zs=
	dep	dario.cat/mergo	v1.0.2	h1:85+piFYR1tMbRrLcDwR18y4UKJ3aH1Tbzi24VRW1TK8=
	dep	filippo.io/bigmod	v0.1.0	h1:UNzDk7y9ADKST+axd9skUpBQeW7fG2KrTZyOE4uGQy8=
	dep	filippo.io/edwards25519	v1.2.0	h1:crnVqOiS4jqYleHd9vaKZ+HKtHfllngJIiOpNpoJsjo=
	dep	github.com/BurntSushi/toml	v1.6.0	h1:dRaEfpa2VI55EwlIW72hMRHdWouJeRF7TPYhI+AUQjk=
	dep	github.com/DeRuina/timberjack	v1.4.2	h1:4bKlzhKdsR+2oNkgef9mqb4n11ICow8VK88RfzJPzN8=
	dep	github.com/KimMachineGun/automemlimit	v0.7.5	h1:RkbaC0MwhjL1ZuBKunGDjE/ggwAX43DwZrJqVwyveTk=
	dep	github.com/Masterminds/goutils	v1.1.1	h1:5nUrii3FMTL5diU80unEVvNevw1nH4+ZV4DSLVJLSYI=
	dep	github.com/Masterminds/semver/v3	v3.4.0	h1:Zog+i5UMtVoCU8oKka5P7i9q9HgrJeGzI9SA1Xbatp0=
	dep	github.com/Masterminds/sprig/v3	v3.3.0	h1:mQh0Yrg1XPo6vjYXgtf5OtijNAKJRNcTdOOGZe3tPhs=
	dep	github.com/alecthomas/chroma/v2	v2.24.1	h1:m5ffpfZbIb++k8AqFEKy9uVgY12xIQtBsQlc6DfZJQM=
	dep	github.com/antlr4-go/antlr/v4	v4.13.1	h1:SqQKkuVZ+zWkMMNkjy5FZe5mr5WURWnlpmOuzYWrPrQ=
	dep	github.com/aryann/difflib	v0.0.0-20210328193216-ff5ff6dc229b	h1:uUXgbcPDK3KpW29o4iy7GtuappbWT0l5NaMo9H9pJDw=
	dep	github.com/beorn7/perks	v1.0.1	h1:VlbKKnNfV8bJzeqoa4cOKqO6bYr3WgKZxO8Z16+hsOM=
	dep	github.com/caddyserver/caddy/v2	v2.11.4	h1:XKxkMTgNSizEvKG6QHue6cAsFOteU2qA61w2tKkCWi0=
	dep	github.com/caddyserver/certmagic	v0.25.3	h1:mGf5ba8F7xA4c5jfDZZbK2buY1VEkbnwpMDixaju94A=
	dep	github.com/caddyserver/zerossl	v0.1.5	h1:dkvOjBAEEtY6LIGAHei7sw2UgqSD6TrWweXpV7lvEvE=
	dep	github.com/ccoveille/go-safecast/v2	v2.0.0	h1:+5eyITXAUj3wMjad6cRVJKGnC7vDS55zk0INzJagub0=
	dep	github.com/cenkalti/backoff/v5	v5.0.3	h1:ZN+IMa753KfX5hd8vVaMixjnqRZ3y8CuJKRKj1xcsSM=
	dep	github.com/cespare/xxhash/v2	v2.3.0	h1:UL815xU9SqsFlibzuggzjXhog7bL6oX9BbNZnL2UFvs=
	dep	github.com/chzyer/readline	v1.5.1	h1:upd/6fQk4src78LMRzh5vItIt361/o4uq553V8B5sGI=
	dep	github.com/cloudflare/circl	v1.6.3	h1:9GPOhQGF9MCYUeXyMYlqTR6a5gTrgR/fBLXvUgtVcg8=
	dep	github.com/coreos/go-oidc/v3	v3.17.0	h1:hWBGaQfbi0iVviX4ibC7bk8OKT5qNr4klBaCHVNvehc=
	dep	github.com/cpuguy83/go-md2man/v2	v2.0.7	h1:zbFlGlXEAKlwXpmvle3d8Oe3YnkKIK4xSRTd3sHPnBo=
	dep	github.com/dlclark/regexp2	v1.12.0	h1:0j4c5qQmnC6XOWNjP3PIXURXN2gWx76rd3KvgdPkCz8=
	dep	github.com/dustin/go-humanize	v1.0.1	h1:GzkhY7T5VNhEkwH0PVJgjz+fX1rhBrR7pRT3mDkpeCY=
	dep	github.com/felixge/httpsnoop	v1.0.4	h1:NFTV2Zj1bL4mc9sqWACXbQFVBBg2W3GPvqp8/ESS2Wg=
	dep	github.com/fxamacker/cbor/v2	v2.9.0	h1:NpKPmjDBgUfBms6tr6JZkTHtfFGcMKsw3eGcmD/sapM=
	dep	github.com/go-chi/chi/v5	v5.2.5	h1:Eg4myHZBjyvJmAFjFvWgrqDTXFyOzjj7YIm3L3mu6Ug=
	dep	github.com/go-jose/go-jose/v3	v3.0.5	h1:BLLJWbC4nMZOfuPVxoZIxeYsn6Nl2r1fITaJ78UQlVQ=
	dep	github.com/go-jose/go-jose/v4	v4.1.4	h1:moDMcTHmvE6Groj34emNPLs/qtYXRVcd6S7NHbHz3kA=
	dep	github.com/go-logr/logr	v1.4.3	h1:CjnDlHq8ikf6E492q6eKboGOC0T8CDaOvkHCIg8idEI=
	dep	github.com/go-logr/stdr	v1.2.2	h1:hSWxHoqTgW2S2qGc0LTAI563KZ5YKYRhT3MFKZMbjag=
	dep	github.com/google/cel-go	v0.28.1	h1:YWIwi77J4xIsYUwAF/iIuS6haffzIHS8yWI8glSbLWM=
	dep	github.com/google/certificate-transparency-go	v1.1.8-0.20240110162603-74a5dd331745	h1:heyoXNxkRT155x4jTAiSv5BVSVkueifPUm+Q8LUXMRo=
	dep	github.com/google/go-tpm	v0.9.8	h1:slArAR9Ft+1ybZu0lBwpSmpwhRXaa85hWtMinMyRAWo=
	dep	github.com/google/go-tspi	v0.3.0	h1:ADtq8RKfP+jrTyIWIZDIYcKOMecRqNJFOew2IT0Inus=
	dep	github.com/google/s2a-go	v0.1.9	h1:LGD7gtMgezd8a/Xak7mEWL0PjoTQFvpRudN895yqKW0=
	dep	github.com/google/uuid	v1.6.0	h1:NIvaJDMOsjHA8n1jAhLSgzrAzy1Hgr+hNrb57e+94F0=
	dep	github.com/googleapis/enterprise-certificate-proxy	v0.3.15	h1:xolVQTEXusUcAA5UgtyRLjelpFFHWlPQ4XfWGc7MBas=
	dep	github.com/googleapis/gax-go/v2	v2.22.0	h1:PjIWBpgGIVKGoCXuiCoP64altEJCj3/Ei+kSU5vlZD4=
	dep	github.com/grpc-ecosystem/grpc-gateway/v2	v2.28.0	h1:HWRh5R2+9EifMyIHV7ZV+MIZqgz+PMpZ14Jynv3O2Zs=
	dep	github.com/huandu/xstrings	v1.5.0	h1:2ag3IFq9ZDANvthTwTiqSSZLjDc+BedvHPAp5tJy2TI=
	dep	github.com/klauspost/compress	v1.18.6	h1:2jupLlAwFm95+YDR+NwD2MEfFO9d4z4Prjl1XXDjuao=
	dep	github.com/klauspost/cpuid/v2	v2.3.0	h1:S4CRMLnYUhGeDFDqkGriYKdfoFlDnMtqTiI/sFzhA9Y=
	dep	github.com/libdns/libdns	v1.1.1	h1:wPrHrXILoSHKWJKGd0EiAVmiJbFShguILTg9leS/P/U=
	dep	github.com/manifoldco/promptui	v0.9.0	h1:3V4HzJk1TtXW1MTZMP7mdlwbBpIinw3HztaIlYthEiA=
	dep	github.com/mattn/go-colorable	v0.1.14	h1:9A9LHSqF/7dyVVX6g0U9cwm9pG3kP9gSzcuIPHPsaIE=
	dep	github.com/mattn/go-isatty	v0.0.20	h1:xfD0iDuEKnDkl03q4limB+vH+GxLEtL/jb4xVJSWWEY=
	dep	github.com/mgutz/ansi	v0.0.0-20200706080929-d51e80ef957d	h1:5PJl274Y63IEHC+7izoQE9x6ikvDFZS2mDVS3drnohI=
	dep	github.com/mholt/acmez/v3	v3.1.6	h1:eGVQNObP0pBN4sxqrXeg7MYqTOWyoiYpQqITVWlrevk=
	dep	github.com/miekg/dns	v1.1.72	h1:vhmr+TF2A3tuoGNkLDFK9zi36F2LS+hKTRW0Uf8kbzI=
	dep	github.com/mitchellh/copystructure	v1.2.0	h1:vpKXTN4ewci03Vljg/q9QvCGUDttBOGBIa15WveJJGw=
	dep	github.com/mitchellh/go-ps	v1.0.0	h1:i6ampVEEF4wQFF+bkYfwYgY+F/uYJDktmvLPf7qIgjc=
	dep	github.com/mitchellh/reflectwalk	v1.0.2	h1:G2LzWKi524PWgd3mLHV8Y5k7s6XUvT0Gef6zxSIeXaQ=
	dep	github.com/munnerz/goautoneg	v0.0.0-20191010083416-a7dc8b61c822	h1:C3w9PqII01/Oq1c1nUAm88MOHcQC9l5mIlSMApZMrHA=
	dep	github.com/pbnjay/memory	v0.0.0-20210728143218-7b4eea64cf58	h1:onHthvaw9LFnH4t2DcNVpwGmV9E1BkGknEliJkfwQj0=
	dep	github.com/pires/go-proxyproto	v0.12.0	h1:TTCxD66dU898tahivkqc3hoceZp7P44FnorWyo9d5vM=
	dep	github.com/pkg/errors	v0.9.1	h1:FEBLx1zS214owpjy7qsBeixbURkuhQAwrK5UwLGTwt4=
	dep	github.com/prometheus/client_golang	v1.23.2	h1:Je96obch5RDVy3FDMndoUsjAhG5Edi49h0RJWRi/o0o=
	dep	github.com/prometheus/client_model	v0.6.2	h1:oBsgwpGs7iVziMvrGhE53c/GrLUsZdHnqNwqPLxwZyk=
	dep	github.com/prometheus/common	v0.67.5	h1:pIgK94WWlQt1WLwAC5j2ynLaBRDiinoAb86HZHTUGI4=
	dep	github.com/prometheus/otlptranslator	v1.0.0	h1:s0LJW/iN9dkIH+EnhiD3BlkkP5QVIUVEoIwkU+A6qos=
	dep	github.com/prometheus/procfs	v0.20.1	h1:XwbrGOIplXW/AU3YhIhLODXMJYyC1isLFfYCsTEycfc=
	dep	github.com/quic-go/qpack	v0.6.0	h1:g7W+BMYynC1LbYLSqRt8PBg5Tgwxn214ZZR34VIOjz8=
	dep	github.com/quic-go/quic-go	v0.59.1	h1:0Gmua0HW1Tv7ANR7hUYwRyD0MG5OJfgvYSZasGZzBic=
	dep	github.com/rs/xid	v1.6.0	h1:fV591PaemRlL6JfRxGDEPl69wICngIQ3shQtzfy2gxU=
	dep	github.com/russross/blackfriday/v2	v2.1.0	h1:JIOH55/0cWyOuilr9/qlrm0BSXldqnqwMsf35Ld67mk=
	dep	github.com/shopspring/decimal	v1.4.0	h1:bxl37RwXBklmTi0C79JfXCEBD1cqqHt0bbgBAGFp81k=
	dep	github.com/shurcooL/sanitized_anchor_name	v1.0.0	h1:PdmoCO6wvbs+7yrJyMORt4/BmY5IYyJwS/kOiWx8mHo=
	dep	github.com/sirupsen/logrus	v1.9.4	h1:TsZE7l11zFCLZnZ+teH4Umoq5BhEIfIzfRDZ1Uzql2w=
	dep	github.com/slackhq/nebula	v1.10.3	h1:EstYj8ODEcv6T0R9X5BVq1zgWZnyU5gtPzk99QF1PMU=
	dep	github.com/smallstep/certificates	v0.30.2	h1:1G3xBi8sJ740iA1mMPW2Svv7EIZKJ4Zf/iQtA5QlN0Y=
	dep	github.com/smallstep/cli-utils	v0.12.2	h1:lGzM9PJrH/qawbzMC/s2SvgLdJPKDWKwKzx9doCVO+k=
	dep	github.com/smallstep/go-attestation	v0.4.4-0.20241119153605-2306d5b464ca	h1:VX8L0r8vybH0bPeaIxh4NQzafKQiqvlOn8pmOXbFLO4=
	dep	github.com/smallstep/linkedca	v0.25.0	h1:txT9QHGbCsJq0MhAghBq7qhurGY727tQuqUi+n4BVBo=
	dep	github.com/smallstep/nosql	v0.8.0	h1:FBTCUfKPmWYbrozW+RBKu+fnvbn+zr5rVli/XB4Jp4A=
	dep	github.com/smallstep/pkcs7	v0.2.1	h1:6Kfzr/QizdIuB6LSv8y1LJdZ3aPSfTNhTLqAx9CTLfA=
	dep	github.com/smallstep/scep	v0.0.0-20250318231241-a25cabb69492	h1:k23+s51sgYix4Zgbvpmy+1ZgXLjr4ZTkBTqXmpnImwA=
	dep	github.com/smallstep/truststore	v0.13.0	h1:90if9htAOblavbMeWlqNLnO9bsjjgVv2hQeQJCi/py4=
	dep	github.com/spf13/cast	v1.7.0	h1:ntdiHjuueXFgm5nzDRdOS4yfT43P5Fnud6DH50rz/7w=
	dep	github.com/spf13/cobra	v1.10.2	h1:DMTTonx5m65Ic0GOoRY2c16WCbHxOOw6xxezuLaBpcU=
	dep	github.com/spf13/pflag	v1.0.10	h1:4EBh2KAYBwaONj6b2Ye1GiHfwjqyROoF4RwYO+vPwFk=
	dep	github.com/tailscale/tscert	v0.0.0-20251216020129-aea342f6d747	h1:RnBbFMmodYzhC6adOjTbtUQXyzV8dcvKYbolzs6Qch0=
	dep	github.com/urfave/cli	v1.22.17	h1:SYzXoiPfQjHBbkYxbew5prZHS1TOLT3ierW8SYLqtVQ=
	dep	github.com/x448/float16	v0.8.4	h1:qLwI1I70+NjRFUR3zs1JPUCgaCXSh3SW62uAKT1mSBM=
	dep	github.com/yuin/goldmark	v1.8.2	h1:kEGpgqJXdgbkhcOgBxkC0X0PmoPG1ZyoZ117rDVp4zE=
	dep	github.com/yuin/goldmark-highlighting/v2	v2.0.0-20230729083705-37449abec8cc	h1:+IAOyRda+RLrxa1WC7umKOZRsGq4QrFFMYApOeHzQwQ=
	dep	github.com/zeebo/blake3	v0.2.4	h1:KYQPkhpRtcqh0ssGYcKLG1JYvddkEA8QwCM/yBqhaZI=
	dep	go.etcd.io/bbolt	v1.4.3	h1:dEadXpI6G79deX5prL3QRNP6JB8UxVkqo4UPnHaNXJo=
	dep	go.opentelemetry.io/auto/sdk	v1.2.1	h1:jXsnJ4Lmnqd11kwkBV2LgLoFMZKizbCi5fNZ/ipaZ64=
	dep	go.opentelemetry.io/contrib/bridges/prometheus	v0.68.0	h1:w3zlHYETbDwXyWHZlyyR58ZC39XGi8rAhkBgUgJ9d5w=
	dep	go.opentelemetry.io/contrib/exporters/autoexport	v0.68.0	h1:0D3GFvELGIwQGfC6agLsbrEYSGWZTRTxIXxcQUqrOuk=
	dep	go.opentelemetry.io/contrib/instrumentation/net/http/otelhttp	v0.68.0	h1:CqXxU8VOmDefoh0+ztfGaymYbhdB/tT3zs79QaZTNGY=
	dep	go.opentelemetry.io/contrib/propagators/autoprop	v0.68.0	h1:wLGFvNBPqQhzBn0QRBZjrriH8lZ9gqtTz8ufHEjLg7k=
	dep	go.opentelemetry.io/contrib/propagators/aws	v1.43.0	h1:EwnsB3cXRLAh7/Nr/9rMuGw73nfb3z6uAvVDjRrbeUg=
	dep	go.opentelemetry.io/contrib/propagators/b3	v1.43.0	h1:CETqV3QLLPTy5yNrqyMr41VnAOOD4lsRved7n4QG00A=
	dep	go.opentelemetry.io/contrib/propagators/jaeger	v1.43.0	h1:peiLMz1+aqJE+3L4mOVtR9wlmv+yh/JVYXCBjqmzJJE=
	dep	go.opentelemetry.io/contrib/propagators/ot	v1.43.0	h1:Hh1HahlGc81AOE7siqi1tVOlbanY/UxMMWedpb0d5oQ=
	dep	go.opentelemetry.io/otel	v1.43.0	h1:mYIM03dnh5zfN7HautFE4ieIig9amkNANT+xcVxAj9I=
	dep	go.opentelemetry.io/otel/exporters/otlp/otlplog/otlploggrpc	v0.19.0	h1:Dn8rkudDzY6KV9dr/D/bTUuWgqDf9xe0rr4G2elrn0Y=
	dep	go.opentelemetry.io/otel/exporters/otlp/otlplog/otlploghttp	v0.19.0	h1:HIBTQ3VO5aupLKjC90JgMqpezVXwFuq6Ryjn0/izoag=
	dep	go.opentelemetry.io/otel/exporters/otlp/otlpmetric/otlpmetricgrpc	v1.43.0	h1:8UQVDcZxOJLtX6gxtDt3vY2WTgvZqMQRzjsqiIHQdkc=
	dep	go.opentelemetry.io/otel/exporters/otlp/otlpmetric/otlpmetrichttp	v1.43.0	h1:w1K+pCJoPpQifuVpsKamUdn9U0zM3xUziVOqsGksUrY=
	dep	go.opentelemetry.io/otel/exporters/otlp/otlptrace	v1.43.0	h1:88Y4s2C8oTui1LGM6bTWkw0ICGcOLCAI5l6zsD1j20k=
	dep	go.opentelemetry.io/otel/exporters/otlp/otlptrace/otlptracegrpc	v1.43.0	h1:RAE+JPfvEmvy+0LzyUA25/SGawPwIUbZ6u0Wug54sLc=
	dep	go.opentelemetry.io/otel/exporters/otlp/otlptrace/otlptracehttp	v1.43.0	h1:3iZJKlCZufyRzPzlQhUIWVmfltrXuGyfjREgGP3UUjc=
	dep	go.opentelemetry.io/otel/exporters/prometheus	v0.65.0	h1:jOveH/b4lU9HT7y+Gfamf18BqlOuz2PWEvs8yM7Q6XE=
	dep	go.opentelemetry.io/otel/exporters/stdout/stdoutlog	v0.19.0	h1:GJkybS+crDMdExT/BUNCEgfrmfboztcS6PhvSo88HKM=
	dep	go.opentelemetry.io/otel/exporters/stdout/stdoutmetric	v1.43.0	h1:TC+BewnDpeiAmcscXbGMfxkO+mwYUwE/VySwvw88PfA=
	dep	go.opentelemetry.io/otel/exporters/stdout/stdouttrace	v1.43.0	h1:mS47AX77OtFfKG4vtp+84kuGSFZHTyxtXIN269vChY0=
	dep	go.opentelemetry.io/otel/log	v0.19.0	h1:KUZs/GOsw79TBBMfDWsXS+KZ4g2Ckzksd1ymzsIEbo4=
	dep	go.opentelemetry.io/otel/metric	v1.43.0	h1:d7638QeInOnuwOONPp4JAOGfbCEpYb+K6DVWvdxGzgM=
	dep	go.opentelemetry.io/otel/sdk	v1.43.0	h1:pi5mE86i5rTeLXqoF/hhiBtUNcrAGHLKQdhg4h4V9Dg=
	dep	go.opentelemetry.io/otel/sdk/log	v0.19.0	h1:scYVLqT22D2gqXItnWiocLUKGH9yvkkeql5dBDiXyko=
	dep	go.opentelemetry.io/otel/sdk/metric	v1.43.0	h1:S88dyqXjJkuBNLeMcVPRFXpRw2fuwdvfCGLEo89fDkw=
	dep	go.opentelemetry.io/otel/trace	v1.43.0	h1:BkNrHpup+4k4w+ZZ86CZoHHEkohws8AY+WTX09nk+3A=
	dep	go.opentelemetry.io/proto/otlp	v1.10.0	h1:IQRWgT5srOCYfiWnpqUYz9CVmbO8bFmKcwYxpuCSL2g=
	dep	go.step.sm/crypto	v0.81.0	h1:e+ouzpNt3Xm4dp7HGXhgYB5y4iFik3vh3phHKWmvugU=
	dep	go.uber.org/automaxprocs	v1.6.0	h1:O3y2/QNTOdbF+e/dpXNNW7Rx2hZ4sTIPyybbxyNqTUs=
	dep	go.uber.org/multierr	v1.11.0	h1:blXXJkSxSSfBVBlC76pxqeO+LN3aDfLQo+309xJstO0=
	dep	go.uber.org/zap	v1.28.0	h1:IZzaP1Fv73/T/pBMLk4VutPl36uNC+OSUh3JLG3FIjo=
	dep	go.uber.org/zap/exp	v0.3.0	h1:6JYzdifzYkGmTdRR59oYH+Ng7k49H9qVpWwNSsGJj3U=
	dep	go.yaml.in/yaml/v2	v2.4.4	h1:tuyd0P+2Ont/d6e2rl3be67goVK4R6deVxCUX5vyPaQ=
	dep	go.yaml.in/yaml/v3	v3.0.4	h1:tfq32ie2Jv2UxXFdLJdh3jXuOzWiL1fo0bu/FbuKpbc=
	dep	golang.org/x/crypto	v0.52.0	h1:RMs7fP2rXdep0CftQlK8Uf+kibLm7qkCcradZWYz988=
	dep	golang.org/x/crypto/x509roots/fallback	v0.0.0-20260213171211-a408498e5541	h1:FmKxj9ocLKn45jiR2jQMwCVhDvaK7fKQFzfuT9GvyK8=
	dep	golang.org/x/exp	v0.0.0-20251023183803-a4bb9ffd2546	h1:mgKeJMpvi0yx/sU5GsxQ7p6s2wtOnGAHZWCHUM4KGzY=
	dep	golang.org/x/net	v0.55.0	h1:bcvxaJn3e1U6InsFWt1JUq1aSjnRxLzT2rtD2KfkDF8=
	dep	golang.org/x/oauth2	v0.36.0	h1:peZ/1z27fi9hUOFCAZaHyrpWG5lwe0RJEEEeH0ThlIs=
	dep	golang.org/x/sync	v0.20.0	h1:e0PTpb7pjO8GAtTs2dQ6jYa5BWYlMuX047Dco/pItO4=
	dep	golang.org/x/sys	v0.45.0	h1:dO4czNzziLiiXplLQgBCEpCvXQ3dnkn0SdaZSYdQ+FY=
	dep	golang.org/x/term	v0.43.0	h1:S4RLU2sB31O/NCl+zFN9Aru9A/Cq2aqKpTZJ6B+DwT4=
	dep	golang.org/x/text	v0.37.0	h1:Cqjiwd9eSg8e0QAkyCaQTNHFIIzWtidPahFWR83rTrc=
	dep	golang.org/x/time	v0.15.0	h1:bbrp8t3bGUeFOx08pvsMYRTCVSMk89u4tKbNOZbp88U=
	dep	google.golang.org/api	v0.277.0	h1:HJfyJUiNeBBUMai7ez8u14wkp/gH/I4wpGbbO9o+cSk=
	dep	google.golang.org/genproto/googleapis/api	v0.0.0-20260406210006-6f92a3bedf2d	h1:/aDRtSZJjyLQzm75d+a1wOJaqyKBMvIAfeQmoa3ORiI=
	dep	google.golang.org/genproto/googleapis/rpc	v0.0.0-20260427160629-7cedc36a6bc4	h1:tEkOQcXgF6dH1G+MVKZrfpYvozGrzb91k6ha7jireSM=
	dep	google.golang.org/grpc	v1.81.0	h1:W3G9N3KQf3BU+YuCtGKJk0CmxQNbAISICD/9AORxLIw=
	dep	google.golang.org/protobuf	v1.36.11	h1:fV6ZwhNocDyBLK0dj+fg8ektcVegBBuEolpbTQyBNVE=
	dep	gopkg.in/yaml.v3	v3.0.1	h1:fxVm/GzAzEWqLHuvctI91KS9hhNmmWOoWu0XTYJS7CA=
	build	-buildmode=exe
	build	-compiler=gc
	build	-tags=nobadger,nomysql,nopgx
	build	-trimpath=true
	build	CGO_ENABLED=0
	build	GOARCH=amd64
	build	GOOS=linux
	build	GOAMD64=v1
	build	vcs=git
	build	vcs.revision=e2eee6a7fce366321294c9c2a79f3146891dcbdf
	build	vcs.time=2026-06-01T19:35:02Z
	build	vcs.modified=false
