CONNECTED(00000003)
>>> TLS 1.0, RecordHeader [length 0005]
    16 03 01 00 d6
>>> TLS 1.3, Handshake [length 00d6], ClientHello
    01 00 00 d2 03 03 61 50 b9 4c 45 20 64 a5 c5 60
    f5 d5 df 63 6f ab e7 39 74 23 b6 80 ba 55 dc 67
    ad 04 2a a2 0c 80 20 2a 16 61 35 32 5a 92 d5 6a
    5a ca 9f 0c f8 e6 23 f7 42 b1 f2 05 a8 6b ce b9
    24 6a 49 35 d5 a9 b5 00 06 13 02 13 03 13 01 01
    00 00 83 00 0b 00 04 03 00 01 02 00 0a 00 06 00
    04 11 ec 00 1d 00 23 00 00 00 16 00 00 00 17 00
    00 00 0d 00 2a 00 28 09 05 09 06 09 04 04 03 05
    03 06 03 08 07 08 08 08 1a 08 1b 08 1c 08 09 08
    0a 08 0b 08 04 08 05 08 06 04 01 05 01 06 01 00
    2b 00 03 02 03 04 00 2d 00 02 01 01 00 33 00 26
    00 24 00 1d 00 20 fc 2e 81 ab f1 83 a2 dd 64 62
    f8 2e fc 82 3e 05 34 74 66 a4 dd d0 5d da 03 0f
    c2 a4 0b 93 ec 6f
<<< TLS 1.2, RecordHeader [length 0005]
    16 03 03 00 58
<<< TLS 1.3, Handshake [length 0058], ServerHello
    02 00 00 54 03 03 cf 21 ad 74 e5 9a 61 11 be 1d
    8c 02 1e 65 b8 91 c2 a2 11 16 7a bb 8c 5e 07 9e
    09 e2 c8 a8 33 9c 20 2a 16 61 35 32 5a 92 d5 6a
    5a ca 9f 0c f8 e6 23 f7 42 b1 f2 05 a8 6b ce b9
    24 6a 49 35 d5 a9 b5 13 02 00 00 0c 00 2b 00 02
    03 04 00 33 00 02 11 ec
>>> TLS 1.2, RecordHeader [length 0005]
    14 03 03 00 01
>>> TLS 1.3, ChangeCipherSpec [length 0001]
    01
>>> TLS 1.2, RecordHeader [length 0005]
    16 03 03 05 76
>>> TLS 1.3, Handshake [length 0576], ClientHello
    01 00 05 72 03 03 61 50 b9 4c 45 20 64 a5 c5 60
    f5 d5 df 63 6f ab e7 39 74 23 b6 80 ba 55 dc 67
    ad 04 2a a2 0c 80 20 2a 16 61 35 32 5a 92 d5 6a
    5a ca 9f 0c f8 e6 23 f7 42 b1 f2 05 a8 6b ce b9
    24 6a 49 35 d5 a9 b5 00 06 13 02 13 03 13 01 01
    00 05 23 00 0b 00 04 03 00 01 02 00 0a 00 06 00
    04 11 ec 00 1d 00 23 00 00 00 16 00 00 00 17 00
    00 00 0d 00 2a 00 28 09 05 09 06 09 04 04 03 05
    03 06 03 08 07 08 08 08 1a 08 1b 08 1c 08 09 08
    0a 08 0b 08 04 08 05 08 06 04 01 05 01 06 01 00
    2b 00 03 02 03 04 00 2d 00 02 01 01 00 33 04 c6
    04 c4 11 ec 04 c0 4b 48 76 fc d4 9f 82 39 1b 5b
    71 ba 35 95 35 69 d2 5d 3d 0b 6b 24 6a 47 12 bb
    ae be 75 65 94 fc 6a 44 5b 05 4b 95 aa 8d da 21
    d2 17 2f f6 e8 8e c9 90 28 52 5c a2 71 62 c4 44
    f4 64 a0 e6 1e 26 3a 14 ba 00 01 df f6 b7 d3 5a
    49 89 90 24 53 55 bd 61 cb 01 4a e8 30 ec f0 a5
    9c 6a b6 53 f1 01 47 68 94 e5 48 49 77 84 89 32
    f0 38 30 28 2d 4d 58 c6 29 7b 89 ee 16 13 fe a0
    0e 12 8b af d6 6b 5d 20 45 68 20 d7 a0 61 08 6b
    85 81 20 7a 30 96 29 e4 1c 09 68 2b fa 7a a7 cf
    56 49 55 52 cc 85 e8 c7 f2 04 39 3e d0 1b 94 c0
    31 8a 44 02 7d 54 1c b5 22 6f 88 fb 9f 76 3b 54
    d6 03 3b 82 b2 a3 99 58 5d 4d b7 40 59 53 af 2d
    63 c4 7a 52 02 ec 67 7d 15 6a a0 1d 1b 8f 7b f6
    b9 29 da 1d 10 ea 01 6e 58 8d 8d 13 06 7d 09 50
    d4 18 65 73 11 a1 b2 a5 ca 67 0c 1e e1 c2 b7 d1
    9c 8b eb 61 71 63 d5 7b 2a e4 cf 3a 41 0b 7a a6
    58 59 94 23 05 21 3c 44 e6 86 f9 c6 b5 5b a4 36
    df 39 96 48 fb 5a e3 72 c1 d3 57 83 e0 e6 bd b1
    91 5a 58 99 92 6a 53 33 c1 36 51 a9 38 b2 2d 6c
    25 e8 c9 76 2b 81 a7 e5 2a 0f e2 a6 6d 2e 07 5d
    14 33 7e 32 81 64 71 c8 9d 8b 56 56 8e 4b b5 d6
    fb 90 4b e4 11 ec 86 15 07 fb ae 78 f3 c0 6d d2
    96 38 78 a3 13 42 3c 3f c9 ca 64 90 aa 1e 39 09
    c4 b0 b3 be 05 5c 73 13 9a e8 75 1d 55 a1 aa ca
    03 40 b5 e1 08 c0 49 68 91 28 9d 37 16 1a 15 77
    50 ef 96 19 bc e9 42 8e d1 5d 89 57 5e 21 b5 a4
    64 3c 38 ef e9 cd 24 b9 85 66 75 3a d7 d5 30 82
    49 6c c5 8a 8d 6e 45 63 7b 3a 07 f5 11 87 32 38
    51 61 17 44 0a 86 cb 65 81 c2 56 29 34 ca 08 a5
    c4 f5 3f 93 fc ca c6 59 ba 7a 45 c2 88 b4 27 b6
    2a 37 e1 d4 5e 20 82 58 72 b2 99 e4 0c ba c4 05
    70 6a c3 45 81 59 1b 07 ea 31 97 c1 46 38 68 76
    78 41 50 26 c8 6b ef 55 0a 35 16 18 a6 d0 23 f1
    51 59 18 e6 bf ca 1c 68 96 8b 8b ed f5 4b 97 a0
    5d 12 c3 95 47 f4 60 a7 a9 58 8b 18 5b 63 7b 26
    7e dc a4 bb e3 c1 6c a1 62 52 0c ca 83 a6 3a fa
    32 10 0a 63 84 6e 96 80 df 61 73 4d 45 1a f1 f6
    b5 71 39 71 e3 82 6f cc 26 5a 45 56 43 e8 34 60
    7f 69 85 a3 2c 70 0a ac c5 e4 e0 b5 8d f0 7a 73
    c8 48 eb ba 91 f8 23 61 eb a0 4e 45 4a 8c a8 4b
    83 dc e2 cd 2c d4 21 64 40 04 49 f4 71 b3 43 1b
    6c cc 31 51 6c 87 04 69 28 db f7 55 30 85 39 97
    47 21 d8 5b 3f 02 26 0c 6c 13 0f 50 b6 12 16 fa
    74 03 19 7f 81 f5 1d 7d d3 8a c0 26 7d 64 e5 93
    77 c0 a2 5f 86 04 dc a2 69 fe 08 ae dd 8b c1 06
    0b 03 87 70 83 49 a9 45 a5 65 c0 a4 00 cf 21 68
    2d 1b e6 73 2f d0 c1 8f 1b 3f 21 f4 31 0f 83 0b
    9d 4a 17 59 4a 56 c5 07 1a 23 94 53 43 2a 08 15
    23 70 56 31 1f 41 03 5c 0d c6 3d 47 f5 30 73 ab
    23 c1 f7 32 89 f2 be b0 f2 54 4e 99 a2 15 43 28
    51 44 3a 4b 38 90 d7 93 1d 73 bc 99 c6 45 a6 f4
    94 61 1a 92 a2 32 66 cc f4 98 0e 64 dc a6 33 d5
    8a 09 58 44 1e 32 80 50 f6 52 9a 02 9e 0d aa 6b
    04 e4 ba 15 42 42 50 89 38 8d 7c 10 f8 2b cd b0
    92 81 16 a8 bc 59 41 c8 d4 54 b6 d5 b5 43 3f 1c
    42 b2 d9 60 51 28 2d f5 ca 6c f1 7b 1f c7 13 97
    9f 55 32 cf 20 4f 0a 85 18 34 69 be bd 32 a3 56
    86 cb 43 c4 23 b7 08 15 1f a9 88 fc 28 cd ff 85
    72 68 c2 69 68 24 2a f4 f8 25 d9 b3 0b 8b f4 45
    89 82 5a 02 77 34 42 20 cb 9a 98 7a a8 d9 ae 4b
    b6 86 64 89 3f 3d 9c b8 25 c9 02 91 b4 b9 5a 08
    19 3b a0 1f a3 7a b9 59 d3 a1 0a 0c 49 0f 77 c8
    a8 1a bf 5f 33 4c 65 e8 88 d3 30 b4 c3 74 20 36
    8c 84 4e 72 c4 ce 24 16 9e 83 71 32 84 8e 25 bb
    2c 68 86 41 a2 f0 c2 88 44 66 33 0a 3f 2e 29 18
    ab 33 8e a8 d6 a1 51 f4 44 99 1b 33 bf 81 0b 65
    78 c2 9b 3c 85 e9 5c 25 6c 83 52 47 2b cb 99 cb
    31 00 13 78 27 76 c8 a0 75 72 39 1b c2 16 b9 3e
    97 c4 2a df b2 4b d3 a4 aa 59 13 47 db ea ac cf
    f7 7c 67 a5 36 e9 63 3a a1 09 51 46 4c 73 f5 e4
    5c f7 f3 2b 5a 70 5e 64 ac 3f 04 76 6c 1b 5a 89
    a9 91 2f 5f 5c 4b 32 66 4f e8 23 38 0a db 69 d0
    32 c4 c9 24 f8 7c e3 ca aa 0d 23 c8 5b cf e0 f4
    61 98 d0 e8 c2 b0 bd 4d 4b a9 6f 09 11 f5 a8 ae
    5d be b8 c7 79 2f 29 48 7b 97 eb 49 7b 5e e9 1e
    15 ce ac fc 1a 74
<<< TLS 1.2, RecordHeader [length 0005]
    14 03 03 00 01
<<< TLS 1.3, ChangeCipherSpec [length 0001]
    01
<<< TLS 1.2, RecordHeader [length 0005]
    16 03 03 04 ba
<<< TLS 1.3, Handshake [length 04ba], ServerHello
    02 00 04 b6 03 03 75 e1 42 74 6e 29 52 e8 65 e8
    12 0f bf aa 3c b8 5e a1 b6 dd ab b8 29 c8 26 c3
    26 8a fb 7d dc 1d 20 2a 16 61 35 32 5a 92 d5 6a
    5a ca 9f 0c f8 e6 23 f7 42 b1 f2 05 a8 6b ce b9
    24 6a 49 35 d5 a9 b5 13 02 00 04 6e 00 2b 00 02
    03 04 00 33 04 64 11 ec 04 60 31 90 98 a8 23 44
    b8 ca 01 15 fa c4 a2 a3 0d 84 fc 46 9b eb 25 05
    49 ee af aa c3 bd e7 0a 81 e8 55 6d 82 52 ac 5b
    77 cd 79 e7 57 d6 b2 d7 03 ea 24 b4 db 3c 99 9a
    5f ef c4 77 8d b9 c0 a5 9d ba a1 b0 85 3f 98 52
    82 74 e4 0f 41 21 9e e8 70 72 5c a8 7d 64 d9 a6
    ec a8 78 9f bb f9 2e 13 af 86 c5 58 80 da d1 e4
    15 17 00 f0 55 e2 8f c5 95 90 86 f6 38 18 8d 4d
    dd dd 33 1f fc 88 d9 90 39 7a fc 83 f3 92 21 a5
    72 57 41 57 60 1b 92 c7 8b d8 f5 9f 23 71 56 56
    d2 12 76 2e d3 a1 bc d1 4a e5 05 be 2d a3 1f 45
    8e cd 32 f6 86 1d e9 95 62 83 b6 be 24 1e 04 63
    23 e4 d0 16 44 bd 03 89 5d 40 ba 10 0c b6 9d e2
    e7 ca 24 16 83 3d 2b 74 b1 e7 f8 cb a0 ac 1b 4f
    5a 33 9e 0a 5f 93 98 4e 6e b8 41 36 67 c4 b5 f7
    64 9d 40 61 83 e5 a8 e1 79 74 a6 36 f1 a3 71 ef
    c6 7f 17 d5 c8 f8 00 d8 b2 72 c3 26 1a 82 f8 6a
    da cd 73 2c bd 65 04 77 a3 e2 f3 02 91 89 c8 4a
    f0 d5 98 bc 69 71 e8 15 35 0c b2 f1 34 3d 8b 4a
    c1 0e 5c c6 cd 03 82 87 fa ac f8 d4 22 3a c7 5f
    f9 31 96 07 d8 cb e0 d0 3c e7 ee 79 0a 47 3e 7d
    0d b5 37 a7 90 25 1a 40 78 ee 49 5f 00 a1 e2 2d
    ca cc f1 61 0a 84 0f e0 0c 4a 98 6b f2 58 82 7d
    58 8f 1a c3 28 1a 27 c1 ff b1 2a 75 50 26 a3 e4
    c8 f8 93 9a 16 87 a9 84 bc ab 00 82 4f 75 99 df
    61 71 08 39 0e 19 65 18 12 81 16 73 4f d1 e4 b3
    1a 00 ff 83 d1 2c 66 20 3b d5 28 f5 16 ca f5 7d
    79 38 41 3c 01 19 29 08 d4 01 db 72 32 e3 bd 1f
    4b a2 3a 84 f4 63 df 8d ea ea 83 80 60 b9 02 05
    9d 5e 10 86 d8 ce 78 f8 80 11 48 ac b6 8b 78 c6
    40 78 6c 8c 62 43 b3 a0 91 5f 74 e3 99 7e 09 62
    5d 73 30 3c 25 23 4c 24 22 10 49 7c 8b 6e 05 73
    dd f4 78 8d ea 53 94 ef 58 b7 53 a2 0c d4 48 bd
    19 7a 45 a0 22 06 ec 5b 0d 56 2c bc 7f bf 07 db
    25 3d 3b 6e 3b 3d 18 7c e7 c4 a2 6e 81 f8 c5 63
    7a d5 1f 1a 57 0f e8 97 f7 4d d5 45 4a df a4 77
    7c fd 78 36 1b b7 4a b2 ad 58 49 9c 83 ab cb 09
    fb 15 2a 1a c7 a9 33 3f a6 84 55 13 2d 6e 83 c0
    38 8d cf 72 8b 34 9e 93 a4 0b 4c 4e b5 b8 94 0e
    7b 57 58 70 e1 e0 b3 68 f4 df ff b3 d3 cb bb 49
    0c 9b 7a bd 39 a5 8a 13 93 c1 85 25 fe 3a 22 f6
    73 8f 2d 74 d5 e8 7d 29 94 de 13 3e 0b 21 62 42
    23 41 89 bf 1e 1c 2c 6e ec 2d 8b c3 e3 6d e5 4a
    e3 ff 97 b3 6b 12 27 c4 75 11 d0 ed f2 cf 6e c3
    2a 96 bb f0 30 68 4f 27 07 32 f5 fc ae e5 c7 74
    ed 6e 26 fa 47 1c 02 49 e7 8f 1b 7f a7 76 26 e1
    71 f3 04 7c 44 96 ce 75 c1 3d c9 0a d0 d2 7d 0d
    99 13 a5 33 be ee d9 5f 15 39 01 d7 ef 74 72 2a
    41 cc 9f ab 9c fd dc e2 2f d7 8f 68 bb cc eb ad
    47 58 79 ce 84 dd e9 7d 58 d5 4d f2 e9 3b 76 98
    e6 28 d6 bc bd f3 3f e8 7a b3 0a 32 30 02 1d a6
    fe d4 04 f7 44 2e 69 b9 d7 dd 0d 1a 17 44 01 41
    a2 07 68 64 ef d5 05 12 50 c5 24 99 4d d6 e9 e5
    bc db 36 e8 fa d2 fa 8d 09 bc 4f 09 5a f4 65 8c
    4c a7 7d 50 8b 2d 3d 5b 54 43 70 1b 4f f3 6b 16
    be 78 d2 08 e7 45 e4 2d 79 74 de 20 47 e7 7a 46
    66 2b d4 c5 f1 de 93 0d 8c 6b d0 15 c3 d3 c7 ee
    b2 26 9a dd d8 c9 de b4 d7 aa 2f ec 42 5c b2 ab
    3d 9f 9b 34 7b e6 e5 0e ad da e2 af 47 11 26 a4
    d8 9e 82 e7 d4 13 b3 e1 69 fa 57 0c 30 69 96 89
    0b 0a 1f fa 67 c2 8e ea d4 f0 b9 f7 e6 10 75 4e
    66 f1 fd 92 ac 1f b1 58 d3 7e 44 ab 17 46 f9 27
    cd 46 08 ff 76 fa 43 a2 10 96 86 b5 35 94 dc 8a
    c3 82 83 54 e1 c7 6a 8a 87 ae f1 47 50 3a 42 c7
    5f 36 ab e9 ad 27 29 87 23 1d 73 bd e4 77 74 d1
    74 70 53 f1 a5 8f 5e ac 1a b2 d4 a3 e6 6d 4a b7
    85 a0 03 49 95 73 99 f1 f5 e7 c2 c2 ea fa 4f b4
    c9 7d 38 c4 1d 9d 8f 05 d8 f9 08 a0 e4 da f0 9e
    51 44 48 06 9e b6 f5 3c ba 3c 18 4e 94 eb 88 d9
    05 45 b1 0d bb f0 65 92 a8 e7 fa 2f 15 c8 a0 4f
    31 34 30 c2 a0 dc 50 0c 4d 16
<<< TLS 1.2, RecordHeader [length 0005]
    17 03 03 00 17
<<< TLS 1.3, InnerContent [length 0001]
    16
<<< TLS 1.3, Handshake [length 0006], EncryptedExtensions
    08 00 00 02 00 00
<<< TLS 1.2, RecordHeader [length 0005]
    17 03 03 03 47
<<< TLS 1.3, InnerContent [length 0001]
    16
<<< TLS 1.3, Handshake [length 0336], Certificate
    0b 00 03 32 00 00 03 2e 00 03 29 30 82 03 25 30
    82 02 0d a0 03 02 01 02 02 01 02 30 0d 06 09 2a
    86 48 86 f7 0d 01 01 0b 05 00 30 12 31 10 30 0e
    06 03 55 04 03 0c 07 52 6f 6f 74 20 43 41 30 20
    17 0d 31 36 30 31 31 34 32 32 32 39 34 36 5a 18
    0f 32 31 31 36 30 31 31 35 32 32 32 39 34 36 5a
    30 19 31 17 30 15 06 03 55 04 03 0c 0e 73 65 72
    76 65 72 2e 65 78 61 6d 70 6c 65 30 82 01 22 30
    0d 06 09 2a 86 48 86 f7 0d 01 01 01 05 00 03 82
    01 0f 00 30 82 01 0a 02 82 01 01 00 d5 5d 60 6a
    df fc 61 ee 48 aa 8c 11 48 43 a5 6d b6 52 5d aa
    98 49 b1 61 92 35 b1 fc 3a 04 25 0c 6d 79 ff b4
    d5 c9 e9 5c 1c 3b e0 ab b3 b8 7d a3 de 6d bd e0
    dd d7 5a bf 14 47 11 42 5e a6 82 d0 61 c1 7f dd
    13 46 e6 09 85 07 0e f2 d4 fc 1a 64 d2 0a ad 20
    ab 20 6b 96 f0 ad cc c4 19 53 55 dc 01 1d a4 b3
    ef 8a b4 49 53 5d 8a 05 1c f1 dc e1 44 bf c5 d7
    e2 77 19 57 5c 97 0b 75 ee 88 43 71 0f ca 6c c1
    b4 b2 50 a7 77 46 6c 58 0f 11 bf f1 76 24 5a ae
    39 42 b7 51 67 29 e1 d0 55 30 6f 17 e4 91 ea ad
    f8 28 c2 43 6f a2 64 a9 fb 9d 98 92 62 48 3e eb
    0d 4f 82 4a 8a ff 3f 72 ee 96 b5 ae a1 c1 98 ba
    ef 7d 90 75 6d ff 5a 52 9e ab f5 c0 7e d0 87 43
    db 85 07 07 0f 7d 38 7a fd d1 d3 ee 65 1d d3 ea
    39 6a 87 37 ee 4a d3 e0 0d 6e f5 70 ac c2 bd f1
    6e f3 92 95 5e a9 f0 a1 65 95 93 8d 02 03 01 00
    01 a3 7d 30 7b 30 1d 06 03 55 1d 0e 04 16 04 14
    c0 e7 84 bf e8 59 27 33 10 b0 52 4f 51 52 2f 06
    d6 c0 7a cd 30 1f 06 03 55 1d 23 04 18 30 16 80
    14 70 7f 2e ae 83 68 59 98 04 23 2a cd eb 3e 17
    cd 24 dd 01 49 30 09 06 03 55 1d 13 04 02 30 00
    30 13 06 03 55 1d 25 04 0c 30 0a 06 08 2b 06 01
    05 05 07 03 01 30 19 06 03 55 1d 11 04 12 30 10
    82 0e 73 65 72 76 65 72 2e 65 78 61 6d 70 6c 65
    30 0d 06 09 2a 86 48 86 f7 0d 01 01 0b 05 00 03
    82 01 01 00 7b d3 04 43 75 8a 0f 11 ae c4 fb d7
    a1 a2 9e fe 20 18 d5 f4 2f 31 88 46 b6 75 8c ee
    e5 9b 97 a6 b9 a3 cd 60 9a 46 c3 48 97 e5 97 68
    f7 5a 86 35 73 d9 69 9e f9 5f 74 b9 e6 94 13 01
    cb 6a dc e3 c4 04 e9 65 da 9c a4 8b 28 f3 f9 9a
    7f bf 97 1f 45 92 e5 05 b1 56 e6 0b f6 47 de 1e
    89 b6 2b e1 4d df 4a 7e 01 d3 23 dc 97 8c 47 fe
    5f c7 cc 98 46 0e c4 83 5b ca 8a f1 52 09 be 6b
    ec 3f 09 8b d0 93 02 bf e1 51 e7 d1 7e 34 56 19
    74 d0 ff 28 25 de b7 9f 56 52 91 7d 20 29 85 0a
    80 44 5f 71 32 25 71 0f c2 16 e2 5f 6b 1d 3f 32
    5b 0a 3c 74 1c b9 62 f1 ed 07 50 a3 6d b4 b4 31
    0a c0 53 44 6a 3a 88 84 8b 2d a9 b0 37 8e e6 18
    36 bd 9a 20 40 0f 01 92 8b 3d aa 61 e7 ae 2c ed
    36 cd 3a 07 86 74 3a 29 b3 d7 3a b4 00 a9 c2 f5
    92 78 0e e2 0f a3 fe bb be e0 06 53 84 59 1d 90
    69 e5 b6 f9 00 00
<<< TLS 1.2, RecordHeader [length 0005]
    17 03 03 01 19
<<< TLS 1.3, InnerContent [length 0001]
    16
<<< TLS 1.3, Handshake [length 0108], CertificateVerify
    0f 00 01 04 08 04 01 00 ba 3f 30 50 ba d5 8d 0c
    1c 1c 52 12 08 a3 19 e0 72 b9 f2 d2 21 4d 9e b0
    d5 2e 28 c3 bd 8e e6 91 78 dc 63 64 80 87 69 b0
    c0 28 bd b0 6d 53 a0 3c b6 8a 54 af 83 9e 91 0d
    25 7a 69 ff e6 b2 4f e1 fb c7 88 17 4a 7f 92 39
    c7 39 08 fb 2c 33 9b b5 09 40 2c 3c 1b 36 a0 53
    e5 7a 68 3c a5 5b f6 6b 87 33 cc 30 16 f1 9e dd
    54 3f 5e 34 d9 5c 8d 39 9d d3 14 9b 6d 39 6a 4d
    71 76 a6 8c 89 9b fa ee 95 fd 26 9a 48 78 6a b2
    47 e6 65 a8 48 d6 cb c7 bf f6 48 a0 fd 90 7a 44
    a4 f7 81 96 1f a9 54 c8 f2 24 97 59 c1 54 c8 d5
    3a b5 ad eb 3d ef 0a 19 3a 30 66 2f a5 5d 6f 4b
    d1 26 27 11 2c 93 97 ed 0b 0c 07 02 f2 97 2d b2
    c0 70 83 5d ef c9 68 37 53 b5 23 e3 48 c6 94 27
    5c 9e 64 e6 2a 03 b4 51 c4 65 10 3d 15 5a f6 17
    5e e0 94 db 5e 41 53 e0 4d 60 86 de 89 f3 c6 6b
    08 c7 18 53 98 f9 ef 16
<<< TLS 1.2, RecordHeader [length 0005]
    17 03 03 00 45
<<< TLS 1.3, InnerContent [length 0001]
    16
<<< TLS 1.3, Handshake [length 0034], Finished
    14 00 00 30 34 12 6d 98 7c 92 94 62 e1 e5 9f 8a
    52 50 4f e4 0d 52 bf a8 dc b7 64 cf c5 ea 59 04
    1b e2 8e 34 7e b7 bb fd 5d 5d 47 3a 23 64 6b f3
    52 ee b8 49
>>> TLS 1.2, RecordHeader [length 0005]
    17 03 03 00 45
>>> TLS 1.2, InnerContent [length 0001]
    16
>>> TLS 1.3, Handshake [length 0034], Finished
    14 00 00 30 33 db a0 dd 4a 7b 4d 56 86 62 45 d1
    59 79 1b 1e 08 f1 9a 65 77 76 15 03 61 ee 79 16
    23 e0 e5 11 63 7b 66 86 18 96 57 99 89 1c 0c 06
    97 b5 c6 df
---
Certificate chain
 0 s:CN=server.example
   i:CN=Root CA
   a:PKEY: RSA, 2048 (bit); sigalg: sha256WithRSAEncryption
   v:NotBefore: Jan 14 22:29:46 2016 GMT; NotAfter: Jan 15 22:29:46 2116 GMT
---
Server certificate
-----BEGIN CERTIFICATE-----
MIIDJTCCAg2gAwIBAgIBAjANBgkqhkiG9w0BAQsFADASMRAwDgYDVQQDDAdSb290
IENBMCAXDTE2MDExNDIyMjk0NloYDzIxMTYwMTE1MjIyOTQ2WjAZMRcwFQYDVQQD
DA5zZXJ2ZXIuZXhhbXBsZTCCASIwDQYJKoZIhvcNAQEBBQADggEPADCCAQoCggEB
ANVdYGrf/GHuSKqMEUhDpW22Ul2qmEmxYZI1sfw6BCUMbXn/tNXJ6VwcO+Crs7h9
o95tveDd11q/FEcRQl6mgtBhwX/dE0bmCYUHDvLU/Bpk0gqtIKsga5bwrczEGVNV
3AEdpLPvirRJU12KBRzx3OFEv8XX4ncZV1yXC3XuiENxD8pswbSyUKd3RmxYDxG/
8XYkWq45QrdRZynh0FUwbxfkkeqt+CjCQ2+iZKn7nZiSYkg+6w1PgkqK/z9y7pa1
rqHBmLrvfZB1bf9aUp6r9cB+0IdD24UHBw99OHr90dPuZR3T6jlqhzfuStPgDW71
cKzCvfFu85KVXqnwoWWVk40CAwEAAaN9MHswHQYDVR0OBBYEFMDnhL/oWSczELBS
T1FSLwbWwHrNMB8GA1UdIwQYMBaAFHB/Lq6DaFmYBCMqzes+F80k3QFJMAkGA1Ud
EwQCMAAwEwYDVR0lBAwwCgYIKwYBBQUHAwEwGQYDVR0RBBIwEIIOc2VydmVyLmV4
YW1wbGUwDQYJKoZIhvcNAQELBQADggEBAHvTBEN1ig8RrsT716Ginv4gGNX0LzGI
RrZ1jO7lm5emuaPNYJpGw0iX5Zdo91qGNXPZaZ75X3S55pQTActq3OPEBOll2pyk
iyjz+Zp/v5cfRZLlBbFW5gv2R94eibYr4U3fSn4B0yPcl4xH/l/HzJhGDsSDW8qK
8VIJvmvsPwmL0JMCv+FR59F+NFYZdND/KCXet59WUpF9ICmFCoBEX3EyJXEPwhbi
X2sdPzJbCjx0HLli8e0HUKNttLQxCsBTRGo6iISLLamwN47mGDa9miBADwGSiz2q
YeeuLO02zToHhnQ6KbPXOrQAqcL1kngO4g+j/ru+4AZThFkdkGnltvk=
-----END CERTIFICATE-----
subject=CN=server.example
issuer=CN=Root CA
---
No client certificate CA names sent
Peer signing digest: SHA256
Peer signature type: rsa_pss_rsae_sha256
Negotiated TLS1.3 group: X25519MLKEM768
---
SSL handshake has read 2546 bytes and written 1702 bytes
Verification error: unable to verify the first certificate
---
New, TLSv1.3, Cipher is TLS_AES_256_GCM_SHA384
Protocol: TLSv1.3
Server public key is 2048 bit
This TLS version forbids renegotiation.
Compression: NONE
Expansion: NONE
No ALPN negotiated
Early data was not sent
Verify return code: 21 (unable to verify the first certificate)
---
>>> TLS 1.2, RecordHeader [length 0005]
    17 03 03 00 13
>>> TLS 1.2, InnerContent [length 0001]
    15
>>> TLS 1.3, Alert [length 0002], warning close_notify
    01 00
Connecting to 127.0.0.1
SSL_connect:before SSL initialization
SSL_connect:SSLv3/TLS write client hello
SSL_connect:SSLv3/TLS write client hello
SSL_connect:SSLv3/TLS read server hello
SSL_connect:SSLv3/TLS write change cipher spec
SSL_connect:SSLv3/TLS write client hello
SSL_connect:SSLv3/TLS write client hello
SSL_connect:SSLv3/TLS read server hello
Can't use SSL_get_servername
SSL_connect:TLSv1.3 read encrypted extensions
depth=0 CN=server.example
verify error:num=20:unable to get local issuer certificate
verify return:1
depth=0 CN=server.example
verify error:num=21:unable to verify the first certificate
verify return:1
depth=0 CN=server.example
verify return:1
SSL_connect:SSLv3/TLS read server certificate
SSL_connect:TLSv1.3 read server certificate verify
SSL_connect:SSLv3/TLS read finished
SSL_connect:SSLv3/TLS write finished
DONE
SSL3 alert write:warning:close notify
