CONNECTED(00000003)
>>> TLS 1.0, RecordHeader [length 0005]
    16 03 01 00 d6
>>> TLS 1.3, Handshake [length 00d6], ClientHello
    01 00 00 d2 03 03 ae a0 46 17 e0 d4 f4 a8 5c 37
    4c a2 32 6e 44 63 6d c4 86 83 e8 65 71 1b 14 8d
    bb 89 e4 ad 42 27 20 64 1e ba 7b 44 4c fd 9f cc
    bf 96 43 27 58 be ef 00 19 e6 6f e1 d3 48 87 b5
    58 68 f7 4a 4c 8f 88 00 06 13 02 13 03 13 01 01
    00 00 83 00 0b 00 04 03 00 01 02 00 0a 00 06 00
    04 00 1d 11 ec 00 23 00 00 00 16 00 00 00 17 00
    00 00 0d 00 2a 00 28 09 05 09 06 09 04 04 03 05
    03 06 03 08 07 08 08 08 1a 08 1b 08 1c 08 09 08
    0a 08 0b 08 04 08 05 08 06 04 01 05 01 06 01 00
    2b 00 03 02 03 04 00 2d 00 02 01 01 00 33 00 26
    00 24 00 1d 00 20 63 03 dd a8 55 75 a4 fa d8 10
    16 fb df 86 b1 df fe 2d 7b 99 82 e0 8b 44 51 1b
    b0 c9 45 12 71 7b
<<< TLS 1.2, RecordHeader [length 0005]
    16 03 03 00 58
<<< TLS 1.3, Handshake [length 0058], ServerHello
    02 00 00 54 03 03 cf 21 ad 74 e5 9a 61 11 be 1d
    8c 02 1e 65 b8 91 c2 a2 11 16 7a bb 8c 5e 07 9e
    09 e2 c8 a8 33 9c 20 64 1e ba 7b 44 4c fd 9f cc
    bf 96 43 27 58 be ef 00 19 e6 6f e1 d3 48 87 b5
    58 68 f7 4a 4c 8f 88 13 02 00 00 0c 00 2b 00 02
    03 04 00 33 00 02 11 ec
>>> TLS 1.2, RecordHeader [length 0005]
    14 03 03 00 01
>>> TLS 1.3, ChangeCipherSpec [length 0001]
    01
>>> TLS 1.2, RecordHeader [length 0005]
    16 03 03 05 76
>>> TLS 1.3, Handshake [length 0576], ClientHello
    01 00 05 72 03 03 ae a0 46 17 e0 d4 f4 a8 5c 37
    4c a2 32 6e 44 63 6d c4 86 83 e8 65 71 1b 14 8d
    bb 89 e4 ad 42 27 20 64 1e ba 7b 44 4c fd 9f cc
    bf 96 43 27 58 be ef 00 19 e6 6f e1 d3 48 87 b5
    58 68 f7 4a 4c 8f 88 00 06 13 02 13 03 13 01 01
    00 05 23 00 0b 00 04 03 00 01 02 00 0a 00 06 00
    04 00 1d 11 ec 00 23 00 00 00 16 00 00 00 17 00
    00 00 0d 00 2a 00 28 09 05 09 06 09 04 04 03 05
    03 06 03 08 07 08 08 08 1a 08 1b 08 1c 08 09 08
    0a 08 0b 08 04 08 05 08 06 04 01 05 01 06 01 00
    2b 00 03 02 03 04 00 2d 00 02 01 01 00 33 04 c6
    04 c4 11 ec 04 c0 a4 48 6b 56 eb c8 3f 35 a9 88
    e5 8b 46 f8 b8 22 bc b5 b5 79 c3 84 70 b8 ac 83
    8c 48 f8 1f ec 7b c8 d0 db 38 52 81 40 9b 46 96
    63 81 53 a3 c4 8f ec b2 65 75 7a 59 a9 e0 85 c7
    74 9e cd e5 9f a0 81 8d ed 14 b8 67 26 ad 9e fc
    39 e5 50 a7 71 30 ca 1a 04 83 83 fb a0 92 db c3
    5d 33 a2 8e 05 b0 36 cb c7 7b 67 bd 0c d7 25 60
    83 12 e8 57 8f 89 08 a8 7b ac 9a f5 c7 87 de 94
    b0 07 9a 7d dc 87 6e 01 b9 28 57 a0 af d2 14 31
    31 e5 4a a9 03 64 e5 5a 3b 15 14 9f d3 83 cd d5
    0a 42 aa b1 9e 31 29 44 0f 15 48 49 d3 34 ea 50
    13 36 33 aa fc b0 bb 83 f5 6c 3a 87 1e da 30 28
    00 e1 6b fd 66 3f 59 e1 63 52 92 84 d0 71 c0 6c
    64 78 e4 5a 23 69 b7 77 76 ea 0c e5 b9 81 31 a6
    c5 ed 34 04 9a 17 0a 31 75 3d 56 52 b7 7a 1b b5
    f7 05 75 83 03 2f 99 f5 7c d1 42 b7 a5 72 40 cf
    b6 76 ac 43 1c f4 ac 50 42 b7 5b 25 a9 5d 3d ac
    ae 29 50 1b b5 32 58 88 e0 a8 97 37 5c 23 8c 1e
    34 58 71 1c 57 af 20 7a 8b 1e f8 81 c5 ba 11 27
    f8 1a e0 53 a5 e6 13 8d ac c7 a1 df 87 12 bf 6a
    3b 8b 53 65 9c 76 ba e6 23 43 bb 38 97 bc e6 7b
    3f b7 1f b6 e4 79 e1 fa 22 e0 b5 c5 29 08 9a 72
    ab 61 af e1 b9 b0 73 5c 01 f0 33 ae 12 46 53 11
    49 2a 67 a7 93 b9 30 59 89 a5 2d b3 30 25 e8 ce
    0d 5b 59 aa 85 24 d0 c5 8d c6 e8 01 29 fb 92 63
    c2 50 51 5c 11 a8 78 20 86 78 17 ab 75 7b 30 f9
    13 8a 21 8c ce b4 49 8e 90 a1 da 24 1d 9a 63 2c
    7c 30 80 1d 40 a6 43 34 85 87 c9 9b 71 a3 7e 50
    96 cb 8d 4b ca ce 97 50 7b 17 a5 f1 a1 34 2f 1c
    58 21 23 ad 36 c0 01 f1 da 62 8e 68 15 50 85 1e
    ee d9 9b 91 fb 9a 3f 75 9c af 92 4c 38 26 9b 90
    25 06 21 49 7f b0 59 96 b4 15 a5 59 54 a1 2c 50
    6c 24 4c 17 83 d1 c9 01 cc 49 98 10 b8 62 d3 16
    07 a6 8f 2f 41 2b b8 a3 4b 99 1a 20 2c 92 c3 66
    3b 77 b9 1a 6a 29 d1 87 4f 44 61 52 50 a3 01 ea
    57 84 8a 51 8b e8 9a ea f3 c5 b4 e3 44 b8 4b c3
    5f 9c 11 98 46 cf 84 4a a7 98 25 c4 07 80 58 24
    15 62 f4 6a 0b 72 c8 8a 8c c3 08 d6 c0 0c de 14
    1e c3 e4 8c 4c d5 7b b5 e9 9a 83 d7 cd 7c 21 84
    2b a4 a2 6c 35 a8 50 b3 07 41 51 8e 14 c7 9e 59
    97 5d 6c 06 6b 6c d8 5b df d0 4f bd 47 ca 9a 3a
    39 d1 14 6e c7 23 98 b5 a5 a7 f8 ca a2 d6 52 b9
    2b 53 b1 a4 ec 75 d0 07 91 14 70 01 33 aa 94 9b
    b8 0b 26 f3 6b 45 49 b1 67 53 01 cc d7 6c df 07
    44 a5 25 a0 b5 a3 c4 da d4 b0 ce 01 33 ba 33 43
    fc 28 65 ef f9 a5 64 e8 c5 84 47 9f 5f 06 71 4c
    22 b7 fe 2b 73 36 99 5b 8d 3a 77 5c d4 0d 06 22
    c3 91 b7 97 4e ac 25 1d 73 4f 8e fc 7c c2 49 a7
    c5 43 1a 0b da 6f 98 f0 ce 4e e2 cc 08 e5 89 e3
    eb 1f d8 b9 62 6c 22 bc ad 19 27 3a 57 97 f5 24
    9e ec d9 2a ff 20 88 14 38 15 fa e9 58 4f ca 4f
    bb 24 c5 7f f0 cf 8d d9 bf 31 f4 50 d8 d8 5e e7
    59 cc 52 6c 2f 90 30 c1 20 6b 28 40 eb 06 37 30
    ca 41 97 22 40 ba c0 b2 18 a3 b8 ec 92 ec 79 cd
    21 a7 4e 05 d1 53 a1 36 8c fd f1 21 9a 76 0c 74
    42 c7 af a0 83 8f f9 33 c2 32 0f c1 23 24 c1 0a
    04 5a 6c ba da 13 92 c2 ab 63 1a a8 04 00 db bc
    fd 13 c6 13 3b 27 06 ba 26 2e 41 53 6a ec ba b4
    c1 bd 2f d0 2c d0 f1 83 2d 26 8b 1a 80 38 e7 f8
    ca 12 00 01 fd 00 8c 05 f6 cf 34 6a 99 a1 86 99
    64 35 15 1c 06 77 07 3b 64 bd 06 42 ec 13 a0 23
    b4 3c c4 e6 1a 56 01 33 7b 58 1a a6 ea 6d 75 96
    9b da a2 4b 61 05 14 cc 83 c2 24 9c b4 38 69 0c
    d9 d5 5d 29 40 1c fb a2 41 22 69 5e 58 e5 ba 6b
    45 8f 00 41 8f fa 0b 15 7d b1 89 18 d0 8c cf f7
    af c2 58 13 ce 75 c1 44 18 c9 5f a1 ca 8a e7 39
    39 63 84 40 61 ad a4 b9 b7 0c db 8d 3d c0 8b 97
    38 6a f5 e0 b3 2d c1 c7 b0 fb 55 cb 86 9c 0b 57
    a6 af 05 75 00 4b 71 56 61 37 cb 75 ab 8c 9a 65
    dc 63 ac 29 67 67 2a 39 18 26 92 c0 4a 23 57 3f
    53 95 b6 c9 70 3c a8 0a 01 d6 83 4e b5 0e 6b a2
    67 22 58 06 ad a4 c2 29 76 95 cb 6c 6e e7 b1 1b
    c1 d1 3e 7a cb 6c e7 85 01 d0 b8 58 ee 10 8e 40
    e8 a8 78 b1 6d df 0a 6e 3a ea 71 fd 9b 43 0a e0
    60 aa 39 4b 28 2a 32 6c b5 31 cb 47 c7 f6 3c cf
    f0 a1 8c d7 81 fe d7 9b 0b 47 ca 9c 41 9d 40 22
    cf dd 1f 82 17 0c
<<< TLS 1.2, RecordHeader [length 0005]
    14 03 03 00 01
<<< TLS 1.3, ChangeCipherSpec [length 0001]
    01
<<< TLS 1.2, RecordHeader [length 0005]
    16 03 03 04 ba
<<< TLS 1.3, Handshake [length 04ba], ServerHello
    02 00 04 b6 03 03 77 18 20 53 db f0 b8 b7 66 7c
    4f 5b 78 37 a9 6b 77 73 13 52 dc 76 9c 81 69 ce
    f6 1b 1c 9f 7a d2 20 64 1e ba 7b 44 4c fd 9f cc
    bf 96 43 27 58 be ef 00 19 e6 6f e1 d3 48 87 b5
    58 68 f7 4a 4c 8f 88 13 02 00 04 6e 00 2b 00 02
    03 04 00 33 04 64 11 ec 04 60 7a 43 53 f5 d0 57
    4a 81 a0 3e d9 f1 ef e4 90 e1 7e a0 ec 7d 83 16
    d0 a3 f2 96 f7 dc 46 0d 23 42 f6 f9 cf b7 8a 6f
    5b f8 40 91 93 63 e6 2f fd 3c 73 c4 1d cd 87 5b
    5a 39 d1 b8 ca 85 ab 1d fc cf ff 95 00 20 35 3a
    88 0f 30 ea 23 56 b5 15 17 17 f0 5f 5d 0f b5 9a
    3c fd c1 8d ee 23 08 c9 90 e7 13 67 b9 14 9f 6b
    5c e1 c0 b6 16 bc 86 98 0a 5c c7 cb e8 0c d9 88
    f1 2a f2 5f b7 94 b6 23 53 c3 02 d3 50 6b 64 ce
    d9 ed 26 02 99 04 3a 87 23 d9 48 8f 5a 38 f0 1a
    f8 3b c6 60 67 5e ac cc 7e 3a e8 cb 06 ac 7f e9
    41 7d 7b 64 ff 12 33 69 0f a7 4a 05 33 c8 6f a3
    4d 50 29 be 6b 49 80 6d 59 6a 96 8e 87 60 0c 29
    c5 a6 1d c2 c4 42 13 5e 8f 48 89 0d 38 34 88 a5
    68 0b 34 23 63 ce 58 4d 63 86 b3 7e 68 b2 f2 71
    b3 e2 56 77 b5 b1 4d 55 5f 2d ae 3b 51 e8 a8 14
    29 d5 dd fe b1 2b b0 9b 0e dd 27 3c e3 ca 57 b1
    6a 00 59 16 0f b5 7a fb 1b 14 d7 12 2b b3 c3 99
    54 52 ca 2c ad 4c a1 93 c6 49 56 73 f8 bb 2f 57
    ae 31 0a 82 28 44 bc f9 30 ee ed 07 ac 7d e4 da
    55 7c ed 41 52 99 f3 99 4c 67 7a 1a 61 6e f2 72
    2e 41 85 3a ec 6c 2a ee b8 a8 26 e8 64 57 9f 7a
    70 87 3b 71 3d f4 5f 8e 62 0a df ca 2c 6b ad 4f
    d2 42 4d 5b ec 46 62 37 6b ca f1 28 af b2 c1 b8
    f9 d8 f1 9c 97 b8 6f 8e b0 e0 7f b4 d0 aa cb dc
    f4 24 0d f3 a7 32 ed 82 64 35 39 21 7a 58 e2 35
    2e 45 91 09 cb 28 3d a5 dd 6d 99 d2 f4 7c a6 07
    b0 16 25 5c 24 a3 4c d1 c5 6b d8 b4 52 de 13 15
    37 ba 7c c1 fb dd a5 9c 29 e1 23 5a 9f 16 76 83
    5a fd 9f 16 9d fc 1a 7e 48 8f d4 83 98 71 2f f8
    f2 83 64 3f d5 6c 81 e4 5d 61 3c 95 de 25 f7 56
    59 16 c7 cd 7e 2c 93 de 45 93 b5 84 46 ba e8 78
    e9 85 3e 73 83 10 25 7f 7f 03 f8 1f 5e 2d fb c8
    81 ff cf f1 a9 a0 ee ba 7d 46 f1 d5 ce ad ed 22
    c7 70 1e 8c f1 96 74 af d1 95 3b b7 6e c7 c8 cc
    4d 4e a9 66 e4 92 81 47 f1 76 fd 93 13 4a f2 04
    a5 00 86 a6 3b 3f 3b f8 da bb 29 9f 74 6f 0e 6b
    ef 90 8d 89 27 12 7a c6 aa b9 4c 3a de b5 f3 24
    8d df 2d 27 6e e7 2a 4a 16 b3 9b 8e eb 4a 74 83
    6b d9 08 69 00 66 b4 47 a5 c6 41 97 24 52 54 94
    d8 ef b6 4d 51 d6 7e 3b 5a 4d 17 d9 b7 6b 94 8f
    a2 96 0a e0 00 61 44 e1 3a 47 92 b0 74 c9 95 92
    9d 12 4a b3 25 31 38 6f 2a 3c 9f 7e f1 b1 0c 2e
    26 96 57 43 3a da ae 91 d4 9d 84 1d da f3 cf 9c
    91 a9 ad a7 5a 5a c1 81 2b dc 05 56 3d 5e 69 54
    f9 1f ac fd f1 7c db 1b 34 31 68 ff 17 c0 5b 7f
    02 f7 3f 0b fc e1 8d 10 f3 df 50 22 b8 21 44 f7
    7c 05 4a 35 b9 e1 85 29 d6 8b e0 ed 51 b7 a4 35
    13 7a 29 d8 b7 50 ca 1e 47 16 c9 ad b6 1f 01 26
    4c 02 a3 7b ec 86 83 67 1b 8d 32 06 ad 24 a6 d0
    f5 54 c8 0d a4 d6 bd 54 6a de 70 f0 41 9f ee ed
    6d f7 ac 3d f1 9d 19 d6 04 6e 0e b7 24 e3 ab 12
    d9 1c ac 38 23 fe 6a 1f bf 18 04 60 79 d0 b1 c9
    1b 84 31 09 f4 13 25 1e 42 69 1e 5e 05 97 01 48
    53 ee 0e d6 16 2c b8 f4 42 22 4b 04 c4 74 e0 e9
    69 7b bd 31 c8 55 7c b9 38 3c 5c 32 99 eb 58 20
    85 71 d3 63 a3 2d c5 4b 55 8d 98 0d 40 55 88 b8
    d0 df c0 f1 d6 04 f7 e0 f0 41 65 c4 48 ec c6 59
    13 59 ed 6d 12 a1 84 b0 67 8d 44 a4 00 2e 36 49
    2b bd 88 14 a6 7b 7e a6 71 8a 0d e7 9a 86 ff b2
    30 b1 e3 d2 ab 63 18 f6 9c 57 17 0e 81 55 69 22
    93 2a a4 f4 6f 59 e0 3e ac 34 97 eb 4d ab c6 f8
    fb 1f 82 37 57 7d ec 91 ba 29 26 c0 aa 92 9d 85
    5e 5e 08 42 f8 ec 6e a9 16 42 f8 78 65 2d b4 95
    c7 6d 1f 2e 2c 51 6a 0f c4 a8 a8 ae 2d ce 44 2d
    23 6f 78 41 d0 38 16 f1 74 a8 00 dd c1 a2 fb 13
    01 59 c0 8b a3 1a b1 76 1d 24 0b e5 11 ac c6 6a
    a6 0c 12 4d 6f cf ef 36 ba 25 af d4 f0 e6 c1 d7
    40 93 d5 48 69 c0 3e 34 09 0e c6 96 b1 40 02 ea
    1d 55 f0 bc 74 ed 06 70 e6 5b 56 eb 65 e1 b0 87
    12 5a 1a 80 8c 25 9b 08 5b 7a
<<< TLS 1.2, RecordHeader [length 0005]
    17 03 03 00 17
<<< TLS 1.3, InnerContent [length 0001]
    16
<<< TLS 1.3, Handshake [length 0006], EncryptedExtensions
    08 00 00 02 00 00
<<< TLS 1.2, RecordHeader [length 0005]
    17 03 03 03 47
<<< TLS 1.3, InnerContent [length 0001]
    16
<<< TLS 1.3, Handshake [length 0336], Certificate
    0b 00 03 32 00 00 03 2e 00 03 29 30 82 03 25 30
    82 02 0d a0 03 02 01 02 02 01 02 30 0d 06 09 2a
    86 48 86 f7 0d 01 01 0b 05 00 30 12 31 10 30 0e
    06 03 55 04 03 0c 07 52 6f 6f 74 20 43 41 30 20
    17 0d 31 36 30 31 31 34 32 32 32 39 34 36 5a 18
    0f 32 31 31 36 30 31 31 35 32 32 32 39 34 36 5a
    30 19 31 17 30 15 06 03 55 04 03 0c 0e 73 65 72
    76 65 72 2e 65 78 61 6d 70 6c 65 30 82 01 22 30
    0d 06 09 2a 86 48 86 f7 0d 01 01 01 05 00 03 82
    01 0f 00 30 82 01 0a 02 82 01 01 00 d5 5d 60 6a
    df fc 61 ee 48 aa 8c 11 48 43 a5 6d b6 52 5d aa
    98 49 b1 61 92 35 b1 fc 3a 04 25 0c 6d 79 ff b4
    d5 c9 e9 5c 1c 3b e0 ab b3 b8 7d a3 de 6d bd e0
    dd d7 5a bf 14 47 11 42 5e a6 82 d0 61 c1 7f dd
    13 46 e6 09 85 07 0e f2 d4 fc 1a 64 d2 0a ad 20
    ab 20 6b 96 f0 ad cc c4 19 53 55 dc 01 1d a4 b3
    ef 8a b4 49 53 5d 8a 05 1c f1 dc e1 44 bf c5 d7
    e2 77 19 57 5c 97 0b 75 ee 88 43 71 0f ca 6c c1
    b4 b2 50 a7 77 46 6c 58 0f 11 bf f1 76 24 5a ae
    39 42 b7 51 67 29 e1 d0 55 30 6f 17 e4 91 ea ad
    f8 28 c2 43 6f a2 64 a9 fb 9d 98 92 62 48 3e eb
    0d 4f 82 4a 8a ff 3f 72 ee 96 b5 ae a1 c1 98 ba
    ef 7d 90 75 6d ff 5a 52 9e ab f5 c0 7e d0 87 43
    db 85 07 07 0f 7d 38 7a fd d1 d3 ee 65 1d d3 ea
    39 6a 87 37 ee 4a d3 e0 0d 6e f5 70 ac c2 bd f1
    6e f3 92 95 5e a9 f0 a1 65 95 93 8d 02 03 01 00
    01 a3 7d 30 7b 30 1d 06 03 55 1d 0e 04 16 04 14
    c0 e7 84 bf e8 59 27 33 10 b0 52 4f 51 52 2f 06
    d6 c0 7a cd 30 1f 06 03 55 1d 23 04 18 30 16 80
    14 70 7f 2e ae 83 68 59 98 04 23 2a cd eb 3e 17
    cd 24 dd 01 49 30 09 06 03 55 1d 13 04 02 30 00
    30 13 06 03 55 1d 25 04 0c 30 0a 06 08 2b 06 01
    05 05 07 03 01 30 19 06 03 55 1d 11 04 12 30 10
    82 0e 73 65 72 76 65 72 2e 65 78 61 6d 70 6c 65
    30 0d 06 09 2a 86 48 86 f7 0d 01 01 0b 05 00 03
    82 01 01 00 7b d3 04 43 75 8a 0f 11 ae c4 fb d7
    a1 a2 9e fe 20 18 d5 f4 2f 31 88 46 b6 75 8c ee
    e5 9b 97 a6 b9 a3 cd 60 9a 46 c3 48 97 e5 97 68
    f7 5a 86 35 73 d9 69 9e f9 5f 74 b9 e6 94 13 01
    cb 6a dc e3 c4 04 e9 65 da 9c a4 8b 28 f3 f9 9a
    7f bf 97 1f 45 92 e5 05 b1 56 e6 0b f6 47 de 1e
    89 b6 2b e1 4d df 4a 7e 01 d3 23 dc 97 8c 47 fe
    5f c7 cc 98 46 0e c4 83 5b ca 8a f1 52 09 be 6b
    ec 3f 09 8b d0 93 02 bf e1 51 e7 d1 7e 34 56 19
    74 d0 ff 28 25 de b7 9f 56 52 91 7d 20 29 85 0a
    80 44 5f 71 32 25 71 0f c2 16 e2 5f 6b 1d 3f 32
    5b 0a 3c 74 1c b9 62 f1 ed 07 50 a3 6d b4 b4 31
    0a c0 53 44 6a 3a 88 84 8b 2d a9 b0 37 8e e6 18
    36 bd 9a 20 40 0f 01 92 8b 3d aa 61 e7 ae 2c ed
    36 cd 3a 07 86 74 3a 29 b3 d7 3a b4 00 a9 c2 f5
    92 78 0e e2 0f a3 fe bb be e0 06 53 84 59 1d 90
    69 e5 b6 f9 00 00
<<< TLS 1.2, RecordHeader [length 0005]
    17 03 03 01 19
<<< TLS 1.3, InnerContent [length 0001]
    16
<<< TLS 1.3, Handshake [length 0108], CertificateVerify
    0f 00 01 04 08 04 01 00 2a b8 2b ea 80 16 08 3f
    af 47 27 f0 42 b7 aa 71 7c 4e 3c 78 26 3a 73 9a
    38 5d 45 a6 86 0b bd 4e 53 fe aa 9f ab 15 26 03
    36 2c 6a e6 3a 99 c7 0a 5e 82 9e 6d 5f 3f af 70
    2a fe ef d1 01 85 19 ec 73 f7 f8 53 54 b9 07 cd
    4e b9 9f a9 23 c3 43 ad c6 6a 50 35 40 f6 8c 5c
    f2 6e 63 a3 83 46 0f 0c 4e 79 87 7d da de 61 6e
    19 1f fb 6c 98 b9 b7 c4 7d 95 ae 6d b6 3f 28 e7
    37 71 a5 0d 85 0b ef c0 76 e8 8e c0 28 aa 2a 47
    91 74 f2 1a c6 44 7f c3 0c e0 33 b3 50 c8 6c 12
    11 91 f4 9c 72 fe 15 6a 80 30 72 ff bb 13 f6 39
    2f d2 86 81 59 08 e9 28 72 90 09 2f 95 ce 17 a0
    4b 4b a6 5c da 02 0a 74 b4 17 8b 5d de c5 85 dc
    fe 99 36 56 50 7a 21 2c 3d 2a 04 cb b1 41 e6 57
    8d ae 92 66 72 e3 1d 0c 01 84 3c ea 78 f1 91 42
    72 c7 79 63 9c 10 7a cc fd 2b 07 cd a1 d2 9f 5f
    f8 47 1f 9c ed 44 a5 82
<<< TLS 1.2, RecordHeader [length 0005]
    17 03 03 00 45
<<< TLS 1.3, InnerContent [length 0001]
    16
<<< TLS 1.3, Handshake [length 0034], Finished
    14 00 00 30 75 08 1d 81 4e 28 c5 2d 15 f6 e9 e1
    9f ab 83 4d 4b 3e 2c 26 1a b9 bd a8 f1 aa 89 45
    c3 b0 74 8c 0d 49 77 00 eb ad f1 0d b9 56 1c b9
    d7 4e 3a d5
>>> TLS 1.2, RecordHeader [length 0005]
    17 03 03 00 45
>>> TLS 1.2, InnerContent [length 0001]
    16
>>> TLS 1.3, Handshake [length 0034], Finished
    14 00 00 30 9b 10 73 54 30 4b e5 15 5e 31 83 e6
    cc ba f1 1e 60 d8 cd 4a 42 8e 8b e1 b1 3d 54 35
    10 f8 ed aa 1a 40 49 a3 4b d4 24 67 c0 b9 1e ec
    26 6f 81 ef
---
Certificate chain
 0 s:CN=server.example
   i:CN=Root CA
   a:PKEY: RSA, 2048 (bit); sigalg: sha256WithRSAEncryption
   v:NotBefore: Jan 14 22:29:46 2016 GMT; NotAfter: Jan 15 22:29:46 2116 GMT
---
Server certificate
-----BEGIN CERTIFICATE-----
MIIDJTCCAg2gAwIBAgIBAjANBgkqhkiG9w0BAQsFADASMRAwDgYDVQQDDAdSb290
IENBMCAXDTE2MDExNDIyMjk0NloYDzIxMTYwMTE1MjIyOTQ2WjAZMRcwFQYDVQQD
DA5zZXJ2ZXIuZXhhbXBsZTCCASIwDQYJKoZIhvcNAQEBBQADggEPADCCAQoCggEB
ANVdYGrf/GHuSKqMEUhDpW22Ul2qmEmxYZI1sfw6BCUMbXn/tNXJ6VwcO+Crs7h9
o95tveDd11q/FEcRQl6mgtBhwX/dE0bmCYUHDvLU/Bpk0gqtIKsga5bwrczEGVNV
3AEdpLPvirRJU12KBRzx3OFEv8XX4ncZV1yXC3XuiENxD8pswbSyUKd3RmxYDxG/
8XYkWq45QrdRZynh0FUwbxfkkeqt+CjCQ2+iZKn7nZiSYkg+6w1PgkqK/z9y7pa1
rqHBmLrvfZB1bf9aUp6r9cB+0IdD24UHBw99OHr90dPuZR3T6jlqhzfuStPgDW71
cKzCvfFu85KVXqnwoWWVk40CAwEAAaN9MHswHQYDVR0OBBYEFMDnhL/oWSczELBS
T1FSLwbWwHrNMB8GA1UdIwQYMBaAFHB/Lq6DaFmYBCMqzes+F80k3QFJMAkGA1Ud
EwQCMAAwEwYDVR0lBAwwCgYIKwYBBQUHAwEwGQYDVR0RBBIwEIIOc2VydmVyLmV4
YW1wbGUwDQYJKoZIhvcNAQELBQADggEBAHvTBEN1ig8RrsT716Ginv4gGNX0LzGI
RrZ1jO7lm5emuaPNYJpGw0iX5Zdo91qGNXPZaZ75X3S55pQTActq3OPEBOll2pyk
iyjz+Zp/v5cfRZLlBbFW5gv2R94eibYr4U3fSn4B0yPcl4xH/l/HzJhGDsSDW8qK
8VIJvmvsPwmL0JMCv+FR59F+NFYZdND/KCXet59WUpF9ICmFCoBEX3EyJXEPwhbi
X2sdPzJbCjx0HLli8e0HUKNttLQxCsBTRGo6iISLLamwN47mGDa9miBADwGSiz2q
YeeuLO02zToHhnQ6KbPXOrQAqcL1kngO4g+j/ru+4AZThFkdkGnltvk=
-----END CERTIFICATE-----
subject=CN=server.example
issuer=CN=Root CA
---
No client certificate CA names sent
Peer signing digest: SHA256
Peer signature type: rsa_pss_rsae_sha256
Negotiated TLS1.3 group: X25519MLKEM768
---
SSL handshake has read 2546 bytes and written 1702 bytes
Verification error: unable to verify the first certificate
---
New, TLSv1.3, Cipher is TLS_AES_256_GCM_SHA384
Protocol: TLSv1.3
Server public key is 2048 bit
This TLS version forbids renegotiation.
Compression: NONE
Expansion: NONE
No ALPN negotiated
Early data was not sent
Verify return code: 21 (unable to verify the first certificate)
---
>>> TLS 1.2, RecordHeader [length 0005]
    17 03 03 00 13
>>> TLS 1.2, InnerContent [length 0001]
    15
>>> TLS 1.3, Alert [length 0002], warning close_notify
    01 00
Connecting to 127.0.0.1
SSL_connect:before SSL initialization
SSL_connect:SSLv3/TLS write client hello
SSL_connect:SSLv3/TLS write client hello
SSL_connect:SSLv3/TLS read server hello
SSL_connect:SSLv3/TLS write change cipher spec
SSL_connect:SSLv3/TLS write client hello
SSL_connect:SSLv3/TLS write client hello
SSL_connect:SSLv3/TLS read server hello
Can't use SSL_get_servername
SSL_connect:TLSv1.3 read encrypted extensions
depth=0 CN=server.example
verify error:num=20:unable to get local issuer certificate
verify return:1
depth=0 CN=server.example
verify error:num=21:unable to verify the first certificate
verify return:1
depth=0 CN=server.example
verify return:1
SSL_connect:SSLv3/TLS read server certificate
SSL_connect:TLSv1.3 read server certificate verify
SSL_connect:SSLv3/TLS read finished
SSL_connect:SSLv3/TLS write finished
DONE
SSL3 alert write:warning:close notify
