CONNECTED(00000003)
>>> TLS 1.0, RecordHeader [length 0005]
    16 03 01 00 d6
>>> TLS 1.3, Handshake [length 00d6], ClientHello
    01 00 00 d2 03 03 d7 dd 6f 60 20 f6 36 53 81 ad
    49 5d d5 10 2d d7 bd 7d c6 bc b2 3e 67 ea 74 1d
    99 a1 2c 12 21 7e 20 8a 60 10 66 7d a9 65 0f 5e
    bd 04 b7 34 55 fe 5d ad 0e f0 3b b4 f0 9e 8b 0d
    16 b7 03 8e ad 12 e7 00 06 13 02 13 03 13 01 01
    00 00 83 00 0b 00 04 03 00 01 02 00 0a 00 06 00
    04 11 ec 00 1d 00 23 00 00 00 16 00 00 00 17 00
    00 00 0d 00 2a 00 28 09 05 09 06 09 04 04 03 05
    03 06 03 08 07 08 08 08 1a 08 1b 08 1c 08 09 08
    0a 08 0b 08 04 08 05 08 06 04 01 05 01 06 01 00
    2b 00 03 02 03 04 00 2d 00 02 01 01 00 33 00 26
    00 24 00 1d 00 20 f4 ec 15 be d2 ad 81 fd ab 91
    89 a3 2d f0 86 f9 df 18 1a 9c ee ec 90 da c8 95
    03 6f e4 fe c7 12
<<< TLS 1.2, RecordHeader [length 0005]
    16 03 03 00 58
<<< TLS 1.3, Handshake [length 0058], ServerHello
    02 00 00 54 03 03 cf 21 ad 74 e5 9a 61 11 be 1d
    8c 02 1e 65 b8 91 c2 a2 11 16 7a bb 8c 5e 07 9e
    09 e2 c8 a8 33 9c 20 8a 60 10 66 7d a9 65 0f 5e
    bd 04 b7 34 55 fe 5d ad 0e f0 3b b4 f0 9e 8b 0d
    16 b7 03 8e ad 12 e7 13 01 00 00 0c 00 2b 00 02
    03 04 00 33 00 02 11 ec
>>> TLS 1.2, RecordHeader [length 0005]
    14 03 03 00 01
>>> TLS 1.3, ChangeCipherSpec [length 0001]
    01
>>> TLS 1.2, RecordHeader [length 0005]
    16 03 03 05 76
>>> TLS 1.3, Handshake [length 0576], ClientHello
    01 00 05 72 03 03 d7 dd 6f 60 20 f6 36 53 81 ad
    49 5d d5 10 2d d7 bd 7d c6 bc b2 3e 67 ea 74 1d
    99 a1 2c 12 21 7e 20 8a 60 10 66 7d a9 65 0f 5e
    bd 04 b7 34 55 fe 5d ad 0e f0 3b b4 f0 9e 8b 0d
    16 b7 03 8e ad 12 e7 00 06 13 02 13 03 13 01 01
    00 05 23 00 0b 00 04 03 00 01 02 00 0a 00 06 00
    04 11 ec 00 1d 00 23 00 00 00 16 00 00 00 17 00
    00 00 0d 00 2a 00 28 09 05 09 06 09 04 04 03 05
    03 06 03 08 07 08 08 08 1a 08 1b 08 1c 08 09 08
    0a 08 0b 08 04 08 05 08 06 04 01 05 01 06 01 00
    2b 00 03 02 03 04 00 2d 00 02 01 01 00 33 04 c6
    04 c4 11 ec 04 c0 27 99 2a d0 19 2d 4c bb 33 bf
    49 4b ed bb c0 23 41 b7 72 13 27 b6 36 1d bd 55
    65 5e 1a 70 3d 97 72 17 28 c2 44 ec 21 b9 cc 90
    ae c7 0f 91 e9 c2 f8 25 77 e5 a9 11 b6 12 09 1b
    52 4e be 77 b0 da c7 81 91 b2 7c fe 15 ae ec 87
    49 72 60 41 3a 07 6d fa 26 40 c1 8a 59 40 2a cb
    d6 9a 97 d9 a9 30 3f 8b 62 ce 15 cc b3 f3 74 56
    dc 3d 7b db 82 ad 40 54 91 9c 71 b9 4a ae 41 17
    ad 40 30 a0 70 9b a0 42 6a 59 95 ab 4a bd 96 47
    45 26 3b 59 72 2c ea 78 6a c1 b4 ce 86 a2 b1 a4
    cc 3d f2 85 ba 34 15 17 9e d2 25 55 97 03 9d 45
    bb ef 2c 87 6c b2 6f 27 e5 b8 71 6a 5b e7 66 30
    a0 84 a1 56 c0 72 ad ac a3 9d 59 9f 5f 46 4a e7
    0a 12 b2 3b 58 3e 96 37 a1 3c 83 81 39 4c 30 9c
    a5 ed 24 48 c6 a5 71 65 b6 71 65 15 82 b6 c5 79
    8f 50 16 5e b8 7a 35 f6 95 5c ec 44 3d 5a 00 1a
    d2 21 b9 a0 59 43 1a 8c 24 7c 4b fc 57 c0 15 2b
    04 1b ea 5e 93 94 cf d1 92 07 ff 76 cd a8 1c 89
    60 98 72 ac 0a 20 7e 19 13 79 8b 16 c9 e2 b3 80
    3a 54 69 cc cd ce 19 50 39 72 22 48 b2 96 88 62
    ae 93 68 77 f7 b8 4e 87 b3 56 7e a8 06 5b 64 04
    b9 5a 67 3a a3 84 33 d4 9e c9 a9 7b 70 1b ac da
    50 04 2e d0 18 1b 6c 91 78 36 5f 64 30 77 ec 51
    85 d1 2a 94 1f 66 1b ca 39 26 4f 98 50 7d dc 6b
    e7 ca 22 be 41 57 27 68 42 54 69 78 a3 05 09 f4
    33 18 b1 53 18 6b 0b 68 fd 14 40 4c c8 01 92 47
    01 44 64 9d bc 59 22 b8 f1 92 c9 01 b3 c9 e1 c2
    ff d5 6d 04 e2 c8 72 db 4c a0 29 09 59 57 77 ac
    b4 60 7b 3a cc b2 62 71 4a 7c 1a 4f 66 55 e0 62
    3d 06 c4 c4 14 64 93 d7 34 7c 02 e6 60 63 c7 77
    22 19 46 32 33 47 a2 cb 17 8e 39 ac 5c f9 0d 8f
    80 14 0e c7 23 de 05 17 1a 98 1d d8 73 c7 bf a2
    24 37 6b b6 22 cc 3b 29 1c 45 72 70 01 c0 07 20
    7e 67 18 d3 70 ab c4 b1 82 46 88 21 8b 70 76 3d
    24 29 19 08 c8 85 51 48 a8 bb 73 9b f8 9f eb 71
    68 72 e0 9d e9 86 a0 1b 3a ac e6 29 99 f9 86 4d
    2f bc 4d 52 b8 a7 6c 93 2c 42 0a 66 c2 70 0b c5
    4c bf 38 b3 61 f3 4c 32 0a a3 0b 62 c0 a1 16 aa
    93 2a bb 0a 76 50 04 4b cc 3d 4e 98 73 de 8b 09
    a0 78 c7 ba f9 89 dd 59 62 50 32 96 58 5a 18 40
    b0 57 4a d2 b1 3f 1a 83 f2 e8 54 17 36 3f d3 db
    84 15 24 53 38 a3 4f 9c d2 25 53 2b 9c 1e 01 56
    1a 57 47 cb a5 86 84 47 1c be 6c 9e d8 f3 64 41
    6a 52 ef 10 90 8a 85 73 73 85 ae 59 56 86 c6 48
    63 c9 3c 9b cf 33 34 1f 0b 43 81 a5 c9 93 e1 c9
    7d 7c 38 64 04 14 d2 7a 76 33 27 9e 19 57 62 ee
    51 4a d9 0b 48 c8 32 43 71 98 57 2d e3 cb 06 35
    b2 1a 11 bc 8f 52 0a 3d e3 c2 c5 23 99 a9 20 7c
    5e 35 c6 ea a2 a6 cb 87 8d 55 b6 38 97 3a 0c 76
    c5 99 32 4a 03 24 1a 88 d9 19 7c 27 0c 53 49 73
    43 cb 3b a6 4d c4 0e 08 d8 b2 df f3 81 b0 25 3e
    6a a8 6e 16 12 01 e6 47 9a 1d 4c bd 95 54 6c 92
    44 1a 89 9a 80 c7 21 39 06 33 24 ae 58 55 fc 18
    3a af cb 14 70 81 c8 2f c8 b9 b0 85 92 39 d1 5c
    0c 1a 39 fa f7 04 a1 3a 27 20 e7 6b 93 b2 36 0d
    e2 9d 40 a0 69 ff 1a 68 91 16 c7 a9 a2 68 eb 8a
    b7 61 21 27 52 37 9a 16 dc a5 16 0b 3b e7 65 ad
    da 52 1c d3 08 9f 59 3c 07 a0 59 18 6b f5 1a cb
    ea 53 f2 8b 4d 50 d4 c4 04 b7 24 6c 15 60 39 f0
    5b 61 78 4e ab 7a c6 e5 75 46 78 21 11 7a 76 cc
    0b 96 69 f1 fb 49 e3 79 3a cb c3 93 d4 17 9d ef
    e0 18 43 72 64 a8 03 a1 19 31 93 7c f0 a9 d2 58
    10 86 98 bc 45 73 b8 f7 e1 80 66 33 02 6b da 65
    18 05 28 d2 e5 6c a6 1c c5 d5 47 59 b0 35 72 31
    a2 86 3c 15 2d 97 c6 4d 36 58 b9 4f 72 9d b6 3a
    24 09 b1 4f 0f 75 6f 55 15 2d 1d 1a 85 87 d5 41
    ac 03 7d db 25 94 d0 40 74 ff 0c 84 41 6c a2 b9
    c8 2c 2d 16 7b 78 dc 53 36 71 36 b6 46 46 b8 cc
    46 8d 0a 54 3f 82 02 2b 02 7d 5b a0 b8 eb 43 80
    2c 23 45 47 24 42 f5 1b 80 e3 9a 2c fc f0 48 4c
    c9 6a 7b 04 66 eb 76 27 f6 5b aa 00 c7 96 96 18
    c6 27 19 34 f5 05 6b 41 63 31 95 e9 5c f5 3c 15
    05 e5 71 2b a3 11 48 dd 41 5e bf ff 67 b2 50 3c
    e9 e4 14 46 9b 07 81 d1 15 45 ff fd 8b 5c d5 89
    00 05 81 c0 52 e8 d9 75 70 6f 6b 67 5f 9f dd 4f
    10 f4 6d 79 99 ab bf c3 e9 f8 64 16 f0 17 a3 7b
    35 0c cf 5d ba 13
<<< TLS 1.2, RecordHeader [length 0005]
    14 03 03 00 01
<<< TLS 1.3, ChangeCipherSpec [length 0001]
    01
<<< TLS 1.2, RecordHeader [length 0005]
    16 03 03 04 ba
<<< TLS 1.3, Handshake [length 04ba], ServerHello
    02 00 04 b6 03 03 e0 45 0c 29 3b 63 27 51 ae fe
    78 15 05 d6 33 6e ec c9 c2 02 ec e7 d3 5a cf 1e
    24 38 91 78 39 b6 20 8a 60 10 66 7d a9 65 0f 5e
    bd 04 b7 34 55 fe 5d ad 0e f0 3b b4 f0 9e 8b 0d
    16 b7 03 8e ad 12 e7 13 01 00 04 6e 00 2b 00 02
    03 04 00 33 04 64 11 ec 04 60 fe 2f 2f 7f e8 d0
    59 23 a7 bb 75 cb b1 9d b5 0a 3a ba 1d b7 48 16
    54 37 3e 11 00 7d 66 ed 03 69 2d a7 47 ed d7 8b
    67 2d 3a 23 72 b3 cc 25 5c 2f 61 4f c3 c1 70 c8
    fb 76 ac c3 63 35 18 e6 11 75 1e 55 59 72 4e f7
    2a be 5d 49 38 6d b3 7c 73 7a 9c 76 75 45 64 5f
    3e 64 3f ec f3 12 cb 70 19 2d e5 eb 66 81 ca 27
    0d 9c 1a b2 99 76 65 8b 63 47 b1 29 ce fb 33 1e
    ce fc 69 56 72 93 a5 7a 4a af 6d e7 82 91 9e 0e
    ef ce da 47 9a 07 41 be a5 b0 08 b8 51 19 bf aa
    85 b9 74 b5 79 6c 28 7d db f4 2b 21 80 4a 7d fa
    dc b6 27 f2 fa 48 26 6b 01 25 8c 73 2c 93 84 31
    39 35 e0 9f d8 62 7b 9f ab 20 99 5d 40 f3 b6 5e
    db 68 bc f3 51 bb 87 13 d3 42 f8 c5 88 ad c9 b2
    d5 62 1e 8b 66 76 2a 4c ef e2 a3 1d 18 1a cc f5
    5b f0 e8 eb 6b d3 fe 36 8f cd 23 d5 f5 03 a4 95
    3b b4 19 df fa 16 2c 5c 80 93 da 2c 81 6f 19 aa
    6e b8 a3 67 df 2f 85 e3 eb 8d 44 c2 c8 75 ae 64
    f2 af ec 2c e6 51 a0 f3 ae a4 87 1c 32 d8 83 03
    6f 4f 77 58 29 83 c2 c1 3b 03 4c 05 a0 36 39 ac
    70 5d f8 27 75 2b 84 c3 e2 25 da 5b 8e fa 6d 89
    d1 2e 3d b2 3c f0 71 5c 51 45 9e a3 5b 6b 8e 82
    5c 0b 51 32 95 c2 89 4b fd f0 43 f0 d4 1f 82 f7
    e1 7d 55 05 88 a5 26 d0 64 16 8f e1 28 2d 4e 04
    c4 9f 37 dd 52 3e 8b 96 97 0b 7f 92 0f 40 58 2a
    81 e0 3c ed 4d 43 ab 5d 8c 20 b6 db 66 07 8b 52
    c4 5e 17 19 4b cc 66 79 c3 df a1 11 4c 9e 0d a1
    13 09 a8 36 8d bb 79 7e b6 ee a5 69 2b 69 d8 07
    1e e2 2c 62 02 ea d3 9a 6a 4b f0 0d 2a 58 16 05
    3b 57 66 e4 45 68 25 2d 63 7f 96 d4 18 1f e6 24
    29 a7 f1 a5 c1 31 34 19 dc 2a 00 5f 45 e1 0e c8
    81 78 ec db 5f 77 5f 50 83 8b ac 06 80 88 ed 3e
    88 99 d2 61 04 a6 34 90 39 7a 48 7e 37 1d 56 72
    14 da 1f 30 c6 fd be 89 c0 b6 1c fd 98 44 5a ed
    cf 2a a8 25 b4 e6 d7 c3 ea a1 eb 55 38 ab ef bb
    11 c1 bb a1 c1 e3 8d 34 fc 7d ba 81 c2 cb 5c 30
    d6 60 f8 7e c7 0c 7a 3c 98 5b 98 e0 eb 11 38 8b
    f7 6f 7d 1b 74 03 f4 53 59 3c 5b 84 7c ec 42 81
    b6 b0 10 99 5e 1c 89 77 88 e0 7b f3 d2 aa 89 6a
    cd e6 19 f9 11 9c e0 fb 2d 0b 88 59 5d 74 0a 68
    d5 1e fb 35 7e b0 47 08 51 9c 2e 7b 32 d0 5d d6
    94 e8 c5 f2 fb 94 b9 32 b7 68 01 f8 74 27 1f 6f
    e9 6f 33 e2 78 7d 96 f2 c3 61 a6 65 5b 22 9d c3
    cb 8c 7b ee 50 18 f5 5f 85 be a5 7f 0e 14 a4 ec
    cf 81 08 0a 22 dc ad a0 6a 07 ab 4e ad 53 ac 28
    c2 c7 78 0a 4a af 6b ab d6 2d 42 eb 4b b4 a2 50
    83 19 0c 96 b4 6e 8f 85 a1 ae 68 ae 6f 39 4e b4
    16 82 c3 64 1c 63 84 a4 bd a9 07 ae a8 3e 26 76
    d6 d4 c2 67 ee 63 ce 20 88 1a 93 95 64 eb dc ed
    c3 00 ba b3 37 ba 90 df 15 8d 05 71 f2 bd c9 b0
    4e f6 98 7b ca 5c 80 88 da ce 23 eb a5 98 ab 71
    d9 0b 72 1b 3d e2 8c cd a7 30 70 7e 03 89 e6 b9
    00 31 87 92 ef ca 62 3b 5f 9e cd 55 5b 21 9f 0e
    e6 bb 03 be 44 54 8b 27 da e0 c0 32 d3 72 47 21
    2e 0f a8 3f 13 b6 d4 9b 20 fa 64 a5 a0 28 b9 34
    43 cb 6f c3 93 84 00 62 0d e0 5e b6 f7 b3 2b f7
    61 61 9d 52 91 20 4c 5b 3b ff 74 6d de ae 83 8a
    be 74 a8 f0 7d ab 42 6d f6 af 61 45 7a de 86 ef
    39 f1 14 d2 e8 96 09 65 4d 41 26 b4 02 d4 74 72
    57 18 fe 95 d6 b7 27 1d 33 2d f4 ff 3d a7 ab 11
    83 da 1a d4 ac 06 90 4a 75 83 2d 17 b2 0e a7 f6
    ec 31 49 24 b7 6e fe 4d f4 4a d5 02 7e 36 57 23
    0a e8 1a fd db b1 a9 6b 7b 1b 7f 1c fb 45 ff b8
    0c f0 74 05 ee 72 04 32 19 e0 b7 5f 09 f5 0f 47
    22 5d 45 66 2b e9 d4 42 af 00 35 a9 1b 95 06 4a
    39 33 49 16 4b 3d 34 f3 9d a6 7e 9a ca ca aa 09
    6e dd 44 cc ee 5e 29 69 f3 0e 30 9e ea 5c d0 c2
    e6 28 9a e8 df 10 30 b9 1b 6a 75 17 b4 7d b8 40
    28 76 8f b8 a6 a8 f9 cc 41 28 af bd f6 79 a5 6b
    f9 b6 13 a5 17 2f 96 bd 54 12 a9 57 98 94 98 1b
    04 6f 18 04 a7 c1 73 68 29 47
<<< TLS 1.2, RecordHeader [length 0005]
    17 03 03 00 17
<<< TLS 1.3, InnerContent [length 0001]
    16
<<< TLS 1.3, Handshake [length 0006], EncryptedExtensions
    08 00 00 02 00 00
<<< TLS 1.2, RecordHeader [length 0005]
    17 03 03 03 ab
<<< TLS 1.3, InnerContent [length 0001]
    16
<<< TLS 1.3, Handshake [length 039a], Certificate
    0b 00 03 96 00 00 03 92 00 01 bd 30 82 01 b9 30
    82 01 5f a0 03 02 01 02 02 11 00 c8 4a 45 2d de
    43 18 d4 e5 46 fb bd f9 35 dd 1f 30 0a 06 08 2a
    86 48 ce 3d 04 03 02 30 33 31 31 30 2f 06 03 55
    04 03 13 28 43 61 64 64 79 20 4c 6f 63 61 6c 20
    41 75 74 68 6f 72 69 74 79 20 2d 20 45 43 43 20
    49 6e 74 65 72 6d 65 64 69 61 74 65 30 1e 17 0d
    32 36 30 39 32 39 30 35 34 36 35 34 5a 17 0d 32
    36 30 39 32 39 31 37 34 36 35 34 5a 30 00 30 59
    30 13 06 07 2a 86 48 ce 3d 02 01 06 08 2a 86 48
    ce 3d 03 01 07 03 42 00 04 c8 bd 0f fe 4f af bf
    d5 7b 5f 17 ce 01 46 a3 46 ae e3 2c 99 eb 3e d5
    59 60 7d 87 06 51 a7 f0 16 c9 f5 1d bf 11 fd 5a
    e9 fd ab eb 99 b9 25 38 db 73 0c ba eb 15 47 1a
    28 55 ba 9e fb d4 b1 71 0c a3 81 86 30 81 83 30
    0e 06 03 55 1d 0f 01 01 ff 04 04 03 02 07 80 30
    1d 06 03 55 1d 25 04 16 30 14 06 08 2b 06 01 05
    05 07 03 01 06 08 2b 06 01 05 05 07 03 02 30 1d
    06 03 55 1d 0e 04 16 04 14 ad 2b 9c 62 c7 fa 2b
    57 ff fb c1 fe 2e be 4c 0e f4 c5 1e 98 30 1f 06
    03 55 1d 23 04 18 30 16 80 14 1e 4b f5 b5 bf d2
    49 ea fe a3 68 02 cd 5a d5 59 ca f0 13 b2 30 12
    06 03 55 1d 11 01 01 ff 04 08 30 06 87 04 7f 00
    00 01 30 0a 06 08 2a 86 48 ce 3d 04 03 02 03 48
    00 30 45 02 20 61 ec 4b 96 5e f4 32 24 d4 14 31
    56 0a 50 96 91 06 95 ff 1c f5 a9 39 c8 e4 c7 9e
    3d b6 6e 24 4d 02 21 00 b5 fb a5 36 37 cd cf 8a
    f9 f1 66 b1 3e df 2c fc b9 5f fe 0a 76 3b 30 de
    a5 5c 93 d8 de d6 e9 bd 00 00 00 01 cb 30 82 01
    c7 30 82 01 6d a0 03 02 01 02 02 10 6f 96 30 9a
    4b 67 3c 1d 9e 4f a1 15 64 28 b2 e8 30 0a 06 08
    2a 86 48 ce 3d 04 03 02 30 30 31 2e 30 2c 06 03
    55 04 03 13 25 43 61 64 64 79 20 4c 6f 63 61 6c
    20 41 75 74 68 6f 72 69 74 79 20 2d 20 32 30 32
    36 20 45 43 43 20 52 6f 6f 74 30 1e 17 0d 32 36
    30 39 32 39 30 35 34 35 32 39 5a 17 0d 32 36 31
    30 30 36 30 35 34 35 32 39 5a 30 33 31 31 30 2f
    06 03 55 04 03 13 28 43 61 64 64 79 20 4c 6f 63
    61 6c 20 41 75 74 68 6f 72 69 74 79 20 2d 20 45
    43 43 20 49 6e 74 65 72 6d 65 64 69 61 74 65 30
    59 30 13 06 07 2a 86 48 ce 3d 02 01 06 08 2a 86
    48 ce 3d 03 01 07 03 42 00 04 7f 54 52 36 8d eb
    6e c8 25 b7 8a 71 71 a6 74 de c9 47 3d f2 bd be
    c4 ca 44 7a f6 7a f4 fb 9c 6e 9d 8d 7a 14 1c 70
    8c 39 51 53 3e 3a ea 92 b2 b0 bb 3b cd 5e c0 25
    58 9c 16 ca 00 c2 ff 54 0a 6d a3 66 30 64 30 0e
    06 03 55 1d 0f 01 01 ff 04 04 03 02 01 06 30 12
    06 03 55 1d 13 01 01 ff 04 08 30 06 01 01 ff 02
    01 00 30 1d 06 03 55 1d 0e 04 16 04 14 1e 4b f5
    b5 bf d2 49 ea fe a3 68 02 cd 5a d5 59 ca f0 13
    b2 30 1f 06 03 55 1d 23 04 18 30 16 80 14 ee 98
    ae 58 5d a9 43 fe 5e a3 c5 77 4f ac 5d 68 01 29
    ec a3 30 0a 06 08 2a 86 48 ce 3d 04 03 02 03 48
    00 30 45 02 21 00 c8 69 eb 78 cd 7e 63 82 92 31
    7c a4 af d7 5f b6 70 9e 76 94 2a 23 a9 54 7f dc
    57 82 22 13 d9 62 02 20 13 c2 8d b8 4e 77 3b 95
    ba 65 da cd d6 65 1f 3f 65 36 0a a1 a7 c9 e8 af
    29 11 3b e2 64 fd e7 66 00 00
<<< TLS 1.2, RecordHeader [length 0005]
    17 03 03 00 5f
<<< TLS 1.3, InnerContent [length 0001]
    16
<<< TLS 1.3, Handshake [length 004e], CertificateVerify
    0f 00 00 4a 04 03 00 46 30 44 02 20 04 03 f8 29
    77 7f 44 ca 74 d9 54 f9 db af e3 d0 df 5b a1 b1
    1b 94 36 de ff 05 a8 76 38 da 8a 43 02 20 3c 9d
    61 ad a2 69 86 ef 76 ea c5 95 3e e5 9a e8 3b d0
    96 f5 41 c6 0b ad 07 75 b9 22 3c 70 3d 07
<<< TLS 1.2, RecordHeader [length 0005]
    17 03 03 00 35
<<< TLS 1.3, InnerContent [length 0001]
    16
<<< TLS 1.3, Handshake [length 0024], Finished
    14 00 00 20 fe f1 f7 cf 60 31 cd 64 79 b2 fe 6d
    0d d6 c3 81 51 7b 61 55 57 12 bf fb 97 49 a5 00
    f9 09 d5 6f
>>> TLS 1.2, RecordHeader [length 0005]
    17 03 03 00 35
>>> TLS 1.2, InnerContent [length 0001]
    16
>>> TLS 1.3, Handshake [length 0024], Finished
    14 00 00 20 e0 e8 65 d1 a8 88 60 cf 03 ba 54 d7
    2f c5 c0 79 82 2c 22 e7 dc b4 cf 61 64 b6 84 9d
    81 d7 75 a7
---
Certificate chain
 0 s:
   i:CN=Caddy Local Authority - ECC Intermediate
   a:PKEY: EC, (prime256v1); sigalg: ecdsa-with-SHA256
   v:NotBefore: Sep 29 05:46:54 2026 GMT; NotAfter: Sep 29 17:46:54 2026 GMT
 1 s:CN=Caddy Local Authority - ECC Intermediate
   i:CN=Caddy Local Authority - 2026 ECC Root
   a:PKEY: EC, (prime256v1); sigalg: ecdsa-with-SHA256
   v:NotBefore: Sep 29 05:45:29 2026 GMT; NotAfter: Oct  6 05:45:29 2026 GMT
---
Server certificate
-----BEGIN CERTIFICATE-----
MIIBuTCCAV+gAwIBAgIRAMhKRS3eQxjU5Ub7vfk13R8wCgYIKoZIzj0EAwIwMzEx
MC8GA1UEAxMoQ2FkZHkgTG9jYWwgQXV0aG9yaXR5IC0gRUNDIEludGVybWVkaWF0
ZTAeFw0yNjA5MjkwNTQ2NTRaFw0yNjA5MjkxNzQ2NTRaMAAwWTATBgcqhkjOPQIB
BggqhkjOPQMBBwNCAATIvQ/+T6+/1XtfF84BRqNGruMsmes+1VlgfYcGUafwFsn1
Hb8R/Vrp/avrmbklONtzDLrrFUcaKFW6nvvUsXEMo4GGMIGDMA4GA1UdDwEB/wQE
AwIHgDAdBgNVHSUEFjAUBggrBgEFBQcDAQYIKwYBBQUHAwIwHQYDVR0OBBYEFK0r
nGLH+itX//vB/i6+TA70xR6YMB8GA1UdIwQYMBaAFB5L9bW/0knq/qNoAs1a1VnK
8BOyMBIGA1UdEQEB/wQIMAaHBH8AAAEwCgYIKoZIzj0EAwIDSAAwRQIgYexLll70
MiTUFDFWClCWkQaV/xz1qTnI5MeePbZuJE0CIQC1+6U2N83PivnxZrE+3yz8uV/+
CnY7MN6lXJPY3tbpvQ==
-----END CERTIFICATE-----
subject=
issuer=CN=Caddy Local Authority - ECC Intermediate
---
No client certificate CA names sent
Peer signing digest: SHA256
Peer signature type: ecdsa_secp256r1_sha256
Negotiated TLS1.3 group: X25519MLKEM768
---
SSL handshake has read 2444 bytes and written 1686 bytes
Verification error: unable to get local issuer certificate
---
New, TLSv1.3, Cipher is TLS_AES_128_GCM_SHA256
Protocol: TLSv1.3
Server public key is 256 bit
This TLS version forbids renegotiation.
Compression: NONE
Expansion: NONE
No ALPN negotiated
Early data was not sent
Verify return code: 20 (unable to get local issuer certificate)
---
<<< TLS 1.2, RecordHeader [length 0005]
    17 03 03 00 8b
<<< TLS 1.3, InnerContent [length 0001]
    16
<<< TLS 1.3, Handshake [length 007a], NewSessionTicket
    04 00 00 76 00 09 3a 80 f2 96 23 79 00 00 69 6c
    cf 7d ad d6 7a b1 fd 03 e6 12 03 b4 14 de db 14
    a4 22 6a b3 11 0a fb 4c 0f 0d 71 30 36 22 d9 c4
    54 78 71 25 d5 d3 03 c4 98 fe a3 51 2d 74 cd a9
    70 af 8e 51 4c 98 13 cb 29 fc 9f 7c 31 6a a5 52
    a9 eb 6d e3 80 26 66 f6 d9 c3 fd 3a 63 ce 6c 11
    fb b8 f8 07 1b 37 15 b2 3e b8 ca 15 6c cf 3b c9
    de da 05 ed b7 48 82 7f 00 00
---
Post-Handshake New Session Ticket arrived:
SSL-Session:
    Protocol  : TLSv1.3
    Cipher    : TLS_AES_128_GCM_SHA256
    Session-ID: E9A9FD8633728772C66DC6218E293A1EF4245C832AA24ECB2F43ED5BF499F6D0
    Session-ID-ctx: 
    Resumption PSK: 7F0387C245AC8D555122394F0372032A80CBA301AD1DCC2CCB1B8F5D534F8AC7
    PSK identity: None
    PSK identity hint: None
    SRP username: None
    TLS session ticket lifetime hint: 604800 (seconds)
    TLS session ticket:
    0000 - 6c cf 7d ad d6 7a b1 fd-03 e6 12 03 b4 14 de db   l.}..z..........
    0010 - 14 a4 22 6a b3 11 0a fb-4c 0f 0d 71 30 36 22 d9   .."j....L..q06".
    0020 - c4 54 78 71 25 d5 d3 03-c4 98 fe a3 51 2d 74 cd   .Txq%.......Q-t.
    0030 - a9 70 af 8e 51 4c 98 13-cb 29 fc 9f 7c 31 6a a5   .p..QL...)..|1j.
    0040 - 52 a9 eb 6d e3 80 26 66-f6 d9 c3 fd 3a 63 ce 6c   R..m..&f....:c.l
    0050 - 11 fb b8 f8 07 1b 37 15-b2 3e b8 ca 15 6c cf 3b   ......7..>...l.;
    0060 - c9 de da 05 ed b7 48 82-7f                        ......H..

    Start Time: 1790663392
    Timeout   : 7200 (sec)
    Verify return code: 20 (unable to get local issuer certificate)
    Extended master secret: no
    Max Early Data: 0
---
read R BLOCK
>>> TLS 1.2, RecordHeader [length 0005]
    17 03 03 00 13
>>> TLS 1.2, InnerContent [length 0001]
    15
>>> TLS 1.3, Alert [length 0002], warning close_notify
    01 00
Connecting to 127.0.0.1
SSL_connect:before SSL initialization
SSL_connect:SSLv3/TLS write client hello
SSL_connect:SSLv3/TLS write client hello
SSL_connect:SSLv3/TLS read server hello
SSL_connect:SSLv3/TLS write change cipher spec
SSL_connect:SSLv3/TLS write client hello
SSL_connect:SSLv3/TLS write client hello
SSL_connect:SSLv3/TLS read server hello
Can't use SSL_get_servername
SSL_connect:TLSv1.3 read encrypted extensions
depth=1 CN=Caddy Local Authority - ECC Intermediate
verify error:num=20:unable to get local issuer certificate
verify return:1
depth=0 
verify return:1
SSL_connect:SSLv3/TLS read server certificate
SSL_connect:TLSv1.3 read server certificate verify
SSL_connect:SSLv3/TLS read finished
SSL_connect:SSLv3/TLS write finished
SSL_connect:SSL negotiation finished successfully
SSL_connect:SSL negotiation finished successfully
SSL_connect:SSLv3/TLS read server session ticket
DONE
SSL3 alert write:warning:close notify
