CONNECTED(00000003)
>>> TLS 1.0, RecordHeader [length 0005]
    16 03 01 00 d6
>>> TLS 1.3, Handshake [length 00d6], ClientHello
    01 00 00 d2 03 03 8a fa d2 9c 91 4a a2 3b f5 21
    33 c0 8b a5 52 28 95 92 1b 16 a7 cd a7 41 2c 15
    36 2c 73 36 43 9b 20 a7 e3 fc fe 14 24 b8 22 89
    a1 43 9a d5 32 35 2c 1a 5b 9b 01 41 f6 99 99 bb
    ff 7a de 41 ce c3 97 00 06 13 02 13 03 13 01 01
    00 00 83 00 0b 00 04 03 00 01 02 00 0a 00 06 00
    04 11 ec 00 1d 00 23 00 00 00 16 00 00 00 17 00
    00 00 0d 00 2a 00 28 09 05 09 06 09 04 04 03 05
    03 06 03 08 07 08 08 08 1a 08 1b 08 1c 08 09 08
    0a 08 0b 08 04 08 05 08 06 04 01 05 01 06 01 00
    2b 00 03 02 03 04 00 2d 00 02 01 01 00 33 00 26
    00 24 00 1d 00 20 29 1d 85 ae e3 f6 9e 1f d1 9e
    48 32 9e 7f e8 d4 0e ec 16 9d cf b9 97 ff c9 04
    fb 6c 5d c9 bf 61
<<< TLS 1.2, RecordHeader [length 0005]
    16 03 03 00 58
<<< TLS 1.3, Handshake [length 0058], ServerHello
    02 00 00 54 03 03 cf 21 ad 74 e5 9a 61 11 be 1d
    8c 02 1e 65 b8 91 c2 a2 11 16 7a bb 8c 5e 07 9e
    09 e2 c8 a8 33 9c 20 a7 e3 fc fe 14 24 b8 22 89
    a1 43 9a d5 32 35 2c 1a 5b 9b 01 41 f6 99 99 bb
    ff 7a de 41 ce c3 97 13 01 00 00 0c 00 2b 00 02
    03 04 00 33 00 02 11 ec
>>> TLS 1.2, RecordHeader [length 0005]
    14 03 03 00 01
>>> TLS 1.3, ChangeCipherSpec [length 0001]
    01
>>> TLS 1.2, RecordHeader [length 0005]
    16 03 03 05 76
>>> TLS 1.3, Handshake [length 0576], ClientHello
    01 00 05 72 03 03 8a fa d2 9c 91 4a a2 3b f5 21
    33 c0 8b a5 52 28 95 92 1b 16 a7 cd a7 41 2c 15
    36 2c 73 36 43 9b 20 a7 e3 fc fe 14 24 b8 22 89
    a1 43 9a d5 32 35 2c 1a 5b 9b 01 41 f6 99 99 bb
    ff 7a de 41 ce c3 97 00 06 13 02 13 03 13 01 01
    00 05 23 00 0b 00 04 03 00 01 02 00 0a 00 06 00
    04 11 ec 00 1d 00 23 00 00 00 16 00 00 00 17 00
    00 00 0d 00 2a 00 28 09 05 09 06 09 04 04 03 05
    03 06 03 08 07 08 08 08 1a 08 1b 08 1c 08 09 08
    0a 08 0b 08 04 08 05 08 06 04 01 05 01 06 01 00
    2b 00 03 02 03 04 00 2d 00 02 01 01 00 33 04 c6
    04 c4 11 ec 04 c0 2c 79 b1 ab b9 a2 c9 40 88 5c
    86 2d c7 78 b3 92 68 bc a5 09 c1 db 3c 11 cc b1
    cd c9 40 c0 fb 92 6f 5c 89 c5 bb c1 ae 2c d2 06
    1b a0 87 f6 67 21 cb 4b 5a 9d 46 ce 8f 85 51 5c
    d2 2c 87 d8 cc 19 82 b4 6e fa 93 81 f7 65 ba d2
    41 a7 00 59 c0 d7 03 c1 34 7f ee 84 0e e7 1a 95
    0e 06 2b 6c c3 b1 60 d8 b2 b0 63 42 38 2a a8 3f
    cb 53 9c 49 11 a3 63 9f a3 10 bb ca 2c 34 43 f2
    2c 37 84 3b 1d 88 6b 45 00 3c 56 95 84 e6 75 10
    8b 07 89 ca 13 51 e8 fb 06 42 b1 cb b0 87 6f cc
    94 c8 c3 20 b4 e7 fa b2 d6 d7 5e 28 a7 63 90 71
    8e 55 9a 08 9d a2 43 73 9a 87 ba a3 03 6a 9c b1
    d2 93 22 b8 dc b1 8b bc 71 b7 43 af 79 e9 25 f0
    e2 a5 c5 bc 6f ab f8 92 51 00 cf f5 96 8c 20 50
    c2 8b bb 9c b2 09 1a 8f d9 bc 76 58 6f 33 e4 44
    99 73 7d 75 a8 b0 6e dc 9d 7e d6 77 56 30 06 2d
    d9 55 d5 e8 44 e3 23 b4 3e 7b 4c cf ca 42 8f f6
    35 1d b2 92 7d 94 6b e3 a2 23 66 f5 06 1a f4 4c
    79 52 cb b7 86 82 18 d5 92 e5 20 39 c9 35 5a ab
    1a 0c 04 14 91 9c f1 c3 dc f5 84 1d 9b 51 75 b7
    94 7e 31 78 e6 f7 10 b6 aa ad 9b 1c 9f 21 30 27
    62 5b 36 05 22 7a ac 55 84 dd 30 1b 5c 98 4e 46
    fc c5 b0 c5 63 09 64 97 19 29 5e 2d b0 bb e5 61
    2d 10 a5 46 61 19 6a 46 75 5d aa 2a a0 0f eb 08
    da ca a1 bc a9 a7 df 74 90 3b 50 a2 ff aa c2 d6
    40 94 60 99 68 2e 31 29 b6 71 1f 3e 59 48 05 10
    72 e0 30 60 f7 1b 01 68 f2 07 93 b6 1b a3 e4 76
    06 f1 c9 2e c8 cb a0 0c 88 a1 38 25 80 a9 72 4f
    76 35 78 f2 0f e2 e6 b1 5f 58 96 2a d4 60 63 4c
    63 60 97 68 7d c0 37 f8 52 28 ac b9 46 73 ec 8d
    49 31 5b 67 66 17 48 a7 c1 1c bc 74 61 26 51 00
    03 66 45 59 67 63 40 b3 08 57 09 b4 f1 77 40 a0
    58 63 d9 47 aa 0b 93 2d 69 98 cb 23 0e ef b9 60
    ec d9 c7 21 00 b8 bb e8 24 fb 30 6f 4d 53 b6 a6
    a6 08 8c 88 12 d0 eb 37 07 01 8c 50 11 aa 7d 5a
    5d 05 42 76 fd 41 ac d6 3c ca d1 06 4c 72 a6 68
    69 52 21 76 77 53 3e 89 1e 08 39 b7 f0 53 3a bf
    d9 75 66 cc 2c 71 f2 76 15 3b ce 08 ec 8a b7 0a
    c8 b3 71 55 d9 e6 a9 9d b5 35 5b 92 c3 55 f0 9e
    8b 2a 55 2f c6 19 42 4b 90 9c 2b 41 fe 52 95 61
    0c 01 a6 6a bd b0 33 c2 57 2c 93 0b 8a 8f b9 95
    08 b9 28 c2 f8 2c cf 09 a8 bc 03 bb 8a 07 89 3a
    f6 c2 b7 5b 3a 91 e0 92 41 d8 60 0f 68 45 37 f1
    ca b5 b7 9a 5a 51 4b b0 cf b0 9f d6 1a 87 16 bc
    1e 55 94 9e 4a b8 90 19 70 1a 08 ec 19 8a ac 44
    0b 28 3e 02 27 2f ef 46 2d 10 9b 90 31 63 29 37
    a2 98 29 10 aa d3 b9 44 74 1a 27 a5 32 c4 b3 b8
    67 cc f9 1c 2a 08 1c 54 b5 0d 38 30 83 0f 45 39
    02 a4 bb 98 8c 4f 6e 63 1a f3 ea 0a 6e 7c 20 8b
    fa c7 6f cc 65 53 c0 44 df 70 a0 49 d4 4f 7b a8
    4d 25 d8 0a a1 a2 af 0a 57 14 93 35 b2 e0 38 93
    c7 90 7c d9 d9 b6 cb 35 03 1e d2 94 e0 2c 38 9f
    63 92 12 66 74 ba 2a 5f d2 b5 5b 89 88 32 dc 07
    6f f1 33 54 48 14 99 35 54 6f fb c8 97 50 93 56
    6c 37 a7 b1 11 91 a8 17 5a dc 39 0b d5 42 5b 6e
    37 2c bc c5 1f 0d f7 0f 8b d5 88 31 2c 53 b9 c4
    b4 9e da 9d 74 d4 aa 17 46 6a a0 f0 5b be 5b a3
    99 8c a5 11 2b 60 95 92 bd f3 fa 3a b8 b3 44 78
    b7 14 f7 4b 3e 8b 29 66 7a 0a c2 9d d4 5c 5f 73
    33 ca 68 85 0b d4 c2 12 f2 cb e0 c7 03 c6 27 4c
    90 06 49 8e cb 67 bb 90 b7 62 0b 3e 8f 2b 12 a1
    79 00 2f da 34 5a e4 5e b2 f4 af 18 60 b9 ac 84
    7f 56 bc b6 de 7c 45 fb fa 3d e1 08 47 fb c5 9b
    c0 d4 9b 84 23 94 b1 5a 4a 22 ac 97 2b 92 2f 52
    78 7c 57 f2 6e 2d 20 3d 33 8b 6c 55 18 b5 08 76
    9a 7f 82 34 30 c0 b4 d2 49 46 31 ec c4 c0 5b 22
    29 b1 94 9b 3c 63 d6 c0 62 c9 35 7c c4 87 50 ba
    5c 2a 82 bc 83 d0 55 c1 67 96 2e 49 83 bf 04 06
    7c f0 b4 35 8d 24 ae 49 09 89 67 ca be ca a6 c0
    a9 c2 b1 e1 c7 81 01 32 81 30 52 5e 72 c2 c0 76
    79 4c 44 34 47 59 9b 5c aa 81 54 2d e4 94 5c 18
    9d d1 e7 96 70 e8 3a a9 10 99 74 58 ba 70 a4 13
    ed 93 c8 b6 79 c7 8f bb d4 51 c1 a4 ee b6 34 ff
    d2 1f 07 6a 65 e3 9e 05 1a 2e 84 92 6a 7a 3f 6a
    c0 3a 43 b5 57 7c e8 05 79 4d cb 8e c3 e3 a1 a6
    fc 29 14 b3 e8 22 7c ca 43 c3 42 46 88 a1 1f e5
    f7 06 45 73 31 59
<<< TLS 1.2, RecordHeader [length 0005]
    14 03 03 00 01
<<< TLS 1.3, ChangeCipherSpec [length 0001]
    01
<<< TLS 1.2, RecordHeader [length 0005]
    16 03 03 04 ba
<<< TLS 1.3, Handshake [length 04ba], ServerHello
    02 00 04 b6 03 03 c5 00 a9 25 c7 ec 4f 23 3a a6
    02 54 19 2e 10 8c 99 b9 6a 0e 72 7b 8f 35 95 bf
    a3 44 1a 63 e2 9f 20 a7 e3 fc fe 14 24 b8 22 89
    a1 43 9a d5 32 35 2c 1a 5b 9b 01 41 f6 99 99 bb
    ff 7a de 41 ce c3 97 13 01 00 04 6e 00 2b 00 02
    03 04 00 33 04 64 11 ec 04 60 b7 76 c5 0f f7 e6
    70 c8 80 69 eb 34 f2 2e eb 79 99 c9 2d 06 44 a5
    b8 f0 b5 1c c6 1a 34 ec 6b 40 ef 96 cd d3 9f fa
    59 cd d5 a3 9d e4 c4 29 af 90 e3 dc 20 12 76 22
    40 89 a9 50 79 f3 3b 5d 7a f6 c3 84 a5 13 ad 55
    48 b2 19 25 b1 ad a4 2a 6e 3c 3b 7b 1e ca c9 f0
    76 93 3a 6d 49 29 d5 8c 00 0c 60 18 18 0c d1 7c
    72 fe 9c 9f cb fd 65 94 ef c2 74 34 56 58 30 df
    25 b2 de 5a 73 57 9f 6e 3c e6 c9 bf 13 d2 b6 c8
    8f 8b 54 91 f8 36 7b dc 31 46 be 45 74 dd 0f c3
    27 08 63 db e7 52 78 ee 8a 9a 23 1b 12 95 a0 7b
    2f 35 40 26 46 f1 1b 12 7d fa ef 84 d8 11 3e fa
    26 31 fb 88 e9 c9 8c 8b 7a 3e 75 71 fe d5 cb 2e
    16 b5 75 28 42 12 ed 4c 11 2b 59 c2 a2 c6 f7 75
    51 69 f0 58 aa e1 37 b7 17 6e ac 32 f4 c7 23 43
    2f 4d 96 32 86 b5 59 59 3b 93 6a 19 bd 26 7e 29
    0b 52 7b a5 5d 05 73 ec ba 8f 58 ba ef 93 91 44
    5c a9 e2 19 e6 eb db 79 0a d3 51 d2 de 91 63 60
    ec 89 a2 25 8a 7c a6 5f 3b c7 05 0b 61 df 25 93
    63 10 1f ad 3a 5b 3f af dc bb 5e 50 31 5f d0 9d
    d4 9a 7e 01 c5 23 77 16 fd 79 f2 0f 2f 8f 13 b8
    15 b2 a5 e9 9b 9b ef 30 ff 9f 3b c2 0b a8 68 13
    78 26 61 2d a6 13 87 ea 0c 04 b8 f7 eb f6 eb 1a
    47 c8 c5 60 a7 6c ee 43 d2 2b dd 58 9b d0 7e 2f
    27 c8 6f b1 39 31 41 af 13 dc c5 31 93 42 f3 3e
    3a ef 43 fd 59 4e b8 dc 49 a6 41 10 d9 37 8f 18
    11 8f 1f 12 5f ac 1d 77 12 73 73 ec ed 3e 9f 35
    73 35 50 4f cc ad 92 16 fb 51 cb a9 75 08 c7 0f
    dc 1e cf c3 2f 08 d6 c6 c1 87 23 58 2d f9 4d 6d
    42 1f f5 8b ac f4 31 85 f6 23 cd 88 7c cc 4a 8b
    47 75 74 4c c7 00 84 51 66 3d 39 15 c9 ff c9 c8
    97 88 5a 80 8c 09 da b6 da d1 5c ad c5 88 0e 7c
    7e 22 a9 30 17 82 e6 8d ce 6b fd a2 2b 4b 9b 27
    69 a8 02 d0 c4 86 e9 7d 1e c9 e7 8e 75 1f 93 57
    c5 4f f1 fc 53 49 4a 6b d6 43 85 55 02 9d f3 ad
    73 43 ac 18 e8 2a 73 3d 04 50 9b d9 57 3c 4b 78
    b2 e7 cd df 8f 31 ba 7d fa d7 ab ff 6d 71 e5 da
    42 de 7f 4c a2 09 c5 ec 22 9e b7 74 3c 84 4e 73
    59 65 f2 d0 68 7d 23 5a 2e 81 0d b9 c3 de f0 8f
    92 cf e9 e6 d4 c6 37 f3 f2 a9 35 ec e4 ea e1 7f
    d3 8a ec 9c e4 8c b3 77 0f 60 98 76 ba 1a 93 e2
    90 40 c8 95 24 66 40 a4 0c 71 05 8a c9 73 6c 5e
    e0 67 06 ba b4 f1 7c ca 6f 8b 01 86 d2 c6 12 61
    81 2e 3c 66 07 a3 9b 9d 63 5c 12 dd aa a3 b9 28
    33 3e ed 81 50 49 a1 1b 29 91 9c 16 18 ee c6 de
    e2 af 1b 60 35 61 b0 28 07 95 e8 5d 55 84 0a d2
    7a cf 70 3f 16 dc 7d 3e 95 5c c8 06 7d 15 da 47
    fd e0 cb ae 97 08 fb ca 30 12 0a 07 a0 29 2a 71
    60 a5 3d 11 1a 65 65 74 96 58 d4 10 56 b9 91 76
    57 c7 c9 14 a1 c1 89 b8 c3 fa 43 76 cf 3c fa 9b
    2b 8e 78 9c 4e 8a 7c cc 1e 9e 72 89 81 ea 0e e0
    69 f8 37 1b 94 27 55 15 8c 51 a8 be 8d 46 44 62
    8c 4b b5 3d 71 a9 2d 86 e0 d8 1e c4 ff 45 db 10
    cf 5e ae 22 be 53 c4 1a e4 7e 2a ad ae a6 85 a2
    39 c5 49 66 18 18 c4 76 bb f5 86 6f e9 74 e6 39
    a8 d5 66 72 53 07 40 cf 7f 63 0d e3 a6 db ea 37
    66 0b 61 93 b2 e5 4e b3 3a cf 08 65 02 16 56 48
    3f f2 77 df 5f 3e ff ea 4c 88 e6 20 6a 3c ba 9d
    d1 08 e8 02 3a 8d e4 62 49 91 12 e0 4b e0 07 6e
    75 80 26 04 23 d4 77 3e ca e2 e7 4f 2f e1 93 20
    c8 69 48 53 b6 ef bc bd a8 16 cb 43 64 8d 52 3d
    8a 40 a0 6c 56 08 49 ea 84 67 7c f0 5f d5 9c 46
    b7 29 f7 6f c1 43 c3 ac 5b 4d 4e e5 01 a5 58 0d
    56 20 e2 3e 27 3b fa 37 a2 23 88 86 d0 aa fa 9e
    23 1f 59 b5 a6 f6 ac 89 30 ac d7 c3 20 97 48 f5
    1b 87 15 b5 d7 11 28 f9 7a 35 18 fa fa 70 ec 6b
    19 8f df fb c6 62 2f e6 0d 4a c8 5d 2a 8e 3d 7c
    8c 62 f1 e7 11 ce bb e5 a5 9f 39 4e 40 90 ec a6
    4e 0e 8f 39 d7 b8 62 a6 90 54 1b 27 d5 40 68 5b
    37 6c 73 52 ca da 12 3b 2f 13 52 9e 2b 56 94 a3
    51 75 e6 70 82 d4 1d 73 74 2d
<<< TLS 1.2, RecordHeader [length 0005]
    17 03 03 00 17
<<< TLS 1.3, InnerContent [length 0001]
    16
<<< TLS 1.3, Handshake [length 0006], EncryptedExtensions
    08 00 00 02 00 00
<<< TLS 1.2, RecordHeader [length 0005]
    17 03 03 03 ab
<<< TLS 1.3, InnerContent [length 0001]
    16
<<< TLS 1.3, Handshake [length 039a], Certificate
    0b 00 03 96 00 00 03 92 00 01 bd 30 82 01 b9 30
    82 01 5f a0 03 02 01 02 02 11 00 c8 4a 45 2d de
    43 18 d4 e5 46 fb bd f9 35 dd 1f 30 0a 06 08 2a
    86 48 ce 3d 04 03 02 30 33 31 31 30 2f 06 03 55
    04 03 13 28 43 61 64 64 79 20 4c 6f 63 61 6c 20
    41 75 74 68 6f 72 69 74 79 20 2d 20 45 43 43 20
    49 6e 74 65 72 6d 65 64 69 61 74 65 30 1e 17 0d
    32 36 30 39 32 39 30 35 34 36 35 34 5a 17 0d 32
    36 30 39 32 39 31 37 34 36 35 34 5a 30 00 30 59
    30 13 06 07 2a 86 48 ce 3d 02 01 06 08 2a 86 48
    ce 3d 03 01 07 03 42 00 04 c8 bd 0f fe 4f af bf
    d5 7b 5f 17 ce 01 46 a3 46 ae e3 2c 99 eb 3e d5
    59 60 7d 87 06 51 a7 f0 16 c9 f5 1d bf 11 fd 5a
    e9 fd ab eb 99 b9 25 38 db 73 0c ba eb 15 47 1a
    28 55 ba 9e fb d4 b1 71 0c a3 81 86 30 81 83 30
    0e 06 03 55 1d 0f 01 01 ff 04 04 03 02 07 80 30
    1d 06 03 55 1d 25 04 16 30 14 06 08 2b 06 01 05
    05 07 03 01 06 08 2b 06 01 05 05 07 03 02 30 1d
    06 03 55 1d 0e 04 16 04 14 ad 2b 9c 62 c7 fa 2b
    57 ff fb c1 fe 2e be 4c 0e f4 c5 1e 98 30 1f 06
    03 55 1d 23 04 18 30 16 80 14 1e 4b f5 b5 bf d2
    49 ea fe a3 68 02 cd 5a d5 59 ca f0 13 b2 30 12
    06 03 55 1d 11 01 01 ff 04 08 30 06 87 04 7f 00
    00 01 30 0a 06 08 2a 86 48 ce 3d 04 03 02 03 48
    00 30 45 02 20 61 ec 4b 96 5e f4 32 24 d4 14 31
    56 0a 50 96 91 06 95 ff 1c f5 a9 39 c8 e4 c7 9e
    3d b6 6e 24 4d 02 21 00 b5 fb a5 36 37 cd cf 8a
    f9 f1 66 b1 3e df 2c fc b9 5f fe 0a 76 3b 30 de
    a5 5c 93 d8 de d6 e9 bd 00 00 00 01 cb 30 82 01
    c7 30 82 01 6d a0 03 02 01 02 02 10 6f 96 30 9a
    4b 67 3c 1d 9e 4f a1 15 64 28 b2 e8 30 0a 06 08
    2a 86 48 ce 3d 04 03 02 30 30 31 2e 30 2c 06 03
    55 04 03 13 25 43 61 64 64 79 20 4c 6f 63 61 6c
    20 41 75 74 68 6f 72 69 74 79 20 2d 20 32 30 32
    36 20 45 43 43 20 52 6f 6f 74 30 1e 17 0d 32 36
    30 39 32 39 30 35 34 35 32 39 5a 17 0d 32 36 31
    30 30 36 30 35 34 35 32 39 5a 30 33 31 31 30 2f
    06 03 55 04 03 13 28 43 61 64 64 79 20 4c 6f 63
    61 6c 20 41 75 74 68 6f 72 69 74 79 20 2d 20 45
    43 43 20 49 6e 74 65 72 6d 65 64 69 61 74 65 30
    59 30 13 06 07 2a 86 48 ce 3d 02 01 06 08 2a 86
    48 ce 3d 03 01 07 03 42 00 04 7f 54 52 36 8d eb
    6e c8 25 b7 8a 71 71 a6 74 de c9 47 3d f2 bd be
    c4 ca 44 7a f6 7a f4 fb 9c 6e 9d 8d 7a 14 1c 70
    8c 39 51 53 3e 3a ea 92 b2 b0 bb 3b cd 5e c0 25
    58 9c 16 ca 00 c2 ff 54 0a 6d a3 66 30 64 30 0e
    06 03 55 1d 0f 01 01 ff 04 04 03 02 01 06 30 12
    06 03 55 1d 13 01 01 ff 04 08 30 06 01 01 ff 02
    01 00 30 1d 06 03 55 1d 0e 04 16 04 14 1e 4b f5
    b5 bf d2 49 ea fe a3 68 02 cd 5a d5 59 ca f0 13
    b2 30 1f 06 03 55 1d 23 04 18 30 16 80 14 ee 98
    ae 58 5d a9 43 fe 5e a3 c5 77 4f ac 5d 68 01 29
    ec a3 30 0a 06 08 2a 86 48 ce 3d 04 03 02 03 48
    00 30 45 02 21 00 c8 69 eb 78 cd 7e 63 82 92 31
    7c a4 af d7 5f b6 70 9e 76 94 2a 23 a9 54 7f dc
    57 82 22 13 d9 62 02 20 13 c2 8d b8 4e 77 3b 95
    ba 65 da cd d6 65 1f 3f 65 36 0a a1 a7 c9 e8 af
    29 11 3b e2 64 fd e7 66 00 00
<<< TLS 1.2, RecordHeader [length 0005]
    17 03 03 00 60
<<< TLS 1.3, InnerContent [length 0001]
    16
<<< TLS 1.3, Handshake [length 004f], CertificateVerify
    0f 00 00 4b 04 03 00 47 30 45 02 20 28 2a 5d 20
    11 80 55 94 9a 60 7d 74 0d b3 43 4b 61 42 99 22
    51 c1 5f a3 2e 80 8c 1b 33 78 bc 98 02 21 00 c8
    40 39 8c 11 3b eb f5 62 62 8b ae 9f f0 4d db 9f
    42 d8 24 95 76 81 9d cc 31 b3 1f 80 36 1e a5
<<< TLS 1.2, RecordHeader [length 0005]
    17 03 03 00 35
<<< TLS 1.3, InnerContent [length 0001]
    16
<<< TLS 1.3, Handshake [length 0024], Finished
    14 00 00 20 f9 e2 36 de 8f 92 cc d8 03 fc 3f be
    8b 3d 3b 1f 77 45 be f6 25 b5 cd 17 c1 41 c8 b1
    84 16 f0 8e
>>> TLS 1.2, RecordHeader [length 0005]
    17 03 03 00 35
>>> TLS 1.2, InnerContent [length 0001]
    16
>>> TLS 1.3, Handshake [length 0024], Finished
    14 00 00 20 0a 01 a1 43 fe ef 9d 73 7e dc b8 8f
    52 c2 31 21 47 1d f3 25 52 bf 3b 59 9c 1d 79 3b
    72 04 e8 10
---
Certificate chain
 0 s:
   i:CN=Caddy Local Authority - ECC Intermediate
   a:PKEY: EC, (prime256v1); sigalg: ecdsa-with-SHA256
   v:NotBefore: Sep 29 05:46:54 2026 GMT; NotAfter: Sep 29 17:46:54 2026 GMT
 1 s:CN=Caddy Local Authority - ECC Intermediate
   i:CN=Caddy Local Authority - 2026 ECC Root
   a:PKEY: EC, (prime256v1); sigalg: ecdsa-with-SHA256
   v:NotBefore: Sep 29 05:45:29 2026 GMT; NotAfter: Oct  6 05:45:29 2026 GMT
---
Server certificate
-----BEGIN CERTIFICATE-----
MIIBuTCCAV+gAwIBAgIRAMhKRS3eQxjU5Ub7vfk13R8wCgYIKoZIzj0EAwIwMzEx
MC8GA1UEAxMoQ2FkZHkgTG9jYWwgQXV0aG9yaXR5IC0gRUNDIEludGVybWVkaWF0
ZTAeFw0yNjA5MjkwNTQ2NTRaFw0yNjA5MjkxNzQ2NTRaMAAwWTATBgcqhkjOPQIB
BggqhkjOPQMBBwNCAATIvQ/+T6+/1XtfF84BRqNGruMsmes+1VlgfYcGUafwFsn1
Hb8R/Vrp/avrmbklONtzDLrrFUcaKFW6nvvUsXEMo4GGMIGDMA4GA1UdDwEB/wQE
AwIHgDAdBgNVHSUEFjAUBggrBgEFBQcDAQYIKwYBBQUHAwIwHQYDVR0OBBYEFK0r
nGLH+itX//vB/i6+TA70xR6YMB8GA1UdIwQYMBaAFB5L9bW/0knq/qNoAs1a1VnK
8BOyMBIGA1UdEQEB/wQIMAaHBH8AAAEwCgYIKoZIzj0EAwIDSAAwRQIgYexLll70
MiTUFDFWClCWkQaV/xz1qTnI5MeePbZuJE0CIQC1+6U2N83PivnxZrE+3yz8uV/+
CnY7MN6lXJPY3tbpvQ==
-----END CERTIFICATE-----
subject=
issuer=CN=Caddy Local Authority - ECC Intermediate
---
No client certificate CA names sent
Peer signing digest: SHA256
Peer signature type: ecdsa_secp256r1_sha256
Negotiated TLS1.3 group: X25519MLKEM768
---
SSL handshake has read 2445 bytes and written 1686 bytes
Verification error: unable to get local issuer certificate
---
New, TLSv1.3, Cipher is TLS_AES_128_GCM_SHA256
Protocol: TLSv1.3
Server public key is 256 bit
This TLS version forbids renegotiation.
Compression: NONE
Expansion: NONE
No ALPN negotiated
Early data was not sent
Verify return code: 20 (unable to get local issuer certificate)
---
<<< TLS 1.2, RecordHeader [length 0005]
    17 03 03 00 8b
<<< TLS 1.3, InnerContent [length 0001]
    16
<<< TLS 1.3, Handshake [length 007a], NewSessionTicket
    04 00 00 76 00 09 3a 80 54 d7 83 ba 00 00 69 3a
    46 e7 73 4f 57 6e 0c 5e 38 79 59 a4 cc 8f 3e ea
    58 3a ac 0e 2e 8c 20 9e f6 d6 6b 43 67 d8 f5 b3
    ff b4 89 17 8f dc dc 38 f2 88 66 ab c9 9a fa 40
    09 76 0f b8 0e 9b 54 f5 c3 76 d4 ad 53 61 4d 81
    3c eb 1e 02 51 64 b2 0c f3 7a b8 89 89 77 19 52
    04 02 71 62 5e e1 46 77 c5 d0 a0 e9 74 aa 54 0b
    fc 01 c3 f1 d5 3c 03 04 00 00
---
Post-Handshake New Session Ticket arrived:
SSL-Session:
    Protocol  : TLSv1.3
    Cipher    : TLS_AES_128_GCM_SHA256
    Session-ID: 5748F695A7FB9490985F12D79B9D56F61BB6FDCAC113A1A055215D675C933FF4
    Session-ID-ctx: 
    Resumption PSK: 95C2B0EE024A85443B1E1893B1BC771792540AF38D7DC3E2259F0F346CFAF6C7
    PSK identity: None
    PSK identity hint: None
    SRP username: None
    TLS session ticket lifetime hint: 604800 (seconds)
    TLS session ticket:
    0000 - 3a 46 e7 73 4f 57 6e 0c-5e 38 79 59 a4 cc 8f 3e   :F.sOWn.^8yY...>
    0010 - ea 58 3a ac 0e 2e 8c 20-9e f6 d6 6b 43 67 d8 f5   .X:.... ...kCg..
    0020 - b3 ff b4 89 17 8f dc dc-38 f2 88 66 ab c9 9a fa   ........8..f....
    0030 - 40 09 76 0f b8 0e 9b 54-f5 c3 76 d4 ad 53 61 4d   @.v....T..v..SaM
    0040 - 81 3c eb 1e 02 51 64 b2-0c f3 7a b8 89 89 77 19   .<...Qd...z...w.
    0050 - 52 04 02 71 62 5e e1 46-77 c5 d0 a0 e9 74 aa 54   R..qb^.Fw....t.T
    0060 - 0b fc 01 c3 f1 d5 3c 03-04                        ......<..

    Start Time: 1790663434
    Timeout   : 7200 (sec)
    Verify return code: 20 (unable to get local issuer certificate)
    Extended master secret: no
    Max Early Data: 0
---
read R BLOCK
>>> TLS 1.2, RecordHeader [length 0005]
    17 03 03 00 13
>>> TLS 1.2, InnerContent [length 0001]
    15
>>> TLS 1.3, Alert [length 0002], warning close_notify
    01 00
Connecting to 127.0.0.1
SSL_connect:before SSL initialization
SSL_connect:SSLv3/TLS write client hello
SSL_connect:SSLv3/TLS write client hello
SSL_connect:SSLv3/TLS read server hello
SSL_connect:SSLv3/TLS write change cipher spec
SSL_connect:SSLv3/TLS write client hello
SSL_connect:SSLv3/TLS write client hello
SSL_connect:SSLv3/TLS read server hello
Can't use SSL_get_servername
SSL_connect:TLSv1.3 read encrypted extensions
depth=1 CN=Caddy Local Authority - ECC Intermediate
verify error:num=20:unable to get local issuer certificate
verify return:1
depth=0 
verify return:1
SSL_connect:SSLv3/TLS read server certificate
SSL_connect:TLSv1.3 read server certificate verify
SSL_connect:SSLv3/TLS read finished
SSL_connect:SSLv3/TLS write finished
SSL_connect:SSL negotiation finished successfully
SSL_connect:SSL negotiation finished successfully
SSL_connect:SSLv3/TLS read server session ticket
DONE
SSL3 alert write:warning:close notify
