CONNECTED(00000003)
>>> TLS 1.0, RecordHeader [length 0005]
    16 03 01 00 d6
>>> TLS 1.3, Handshake [length 00d6], ClientHello
    01 00 00 d2 03 03 cb d8 d4 df 69 db ac 18 0e 0a
    f0 97 2a 74 6f 87 72 45 37 d9 14 0e 3e ff 74 e1
    5e 91 7e 27 79 71 20 dc c3 72 c1 73 2f e4 f6 5d
    68 69 7e 9c 7b 40 54 9c 25 af 62 14 19 25 45 df
    12 52 69 8e f8 5d 2c 00 06 13 02 13 03 13 01 01
    00 00 83 00 0b 00 04 03 00 01 02 00 0a 00 06 00
    04 00 1d 11 ec 00 23 00 00 00 16 00 00 00 17 00
    00 00 0d 00 2a 00 28 09 05 09 06 09 04 04 03 05
    03 06 03 08 07 08 08 08 1a 08 1b 08 1c 08 09 08
    0a 08 0b 08 04 08 05 08 06 04 01 05 01 06 01 00
    2b 00 03 02 03 04 00 2d 00 02 01 01 00 33 00 26
    00 24 00 1d 00 20 b7 6e 1b f4 a3 56 82 7c 95 b4
    58 6c 12 f3 25 05 84 44 d8 80 b9 6c 15 09 4f 9c
    c4 4e fe 2e cd 40
<<< TLS 1.2, RecordHeader [length 0005]
    16 03 03 00 58
<<< TLS 1.3, Handshake [length 0058], ServerHello
    02 00 00 54 03 03 cf 21 ad 74 e5 9a 61 11 be 1d
    8c 02 1e 65 b8 91 c2 a2 11 16 7a bb 8c 5e 07 9e
    09 e2 c8 a8 33 9c 20 dc c3 72 c1 73 2f e4 f6 5d
    68 69 7e 9c 7b 40 54 9c 25 af 62 14 19 25 45 df
    12 52 69 8e f8 5d 2c 13 02 00 00 0c 00 2b 00 02
    03 04 00 33 00 02 11 ec
>>> TLS 1.2, RecordHeader [length 0005]
    14 03 03 00 01
>>> TLS 1.3, ChangeCipherSpec [length 0001]
    01
>>> TLS 1.2, RecordHeader [length 0005]
    16 03 03 05 76
>>> TLS 1.3, Handshake [length 0576], ClientHello
    01 00 05 72 03 03 cb d8 d4 df 69 db ac 18 0e 0a
    f0 97 2a 74 6f 87 72 45 37 d9 14 0e 3e ff 74 e1
    5e 91 7e 27 79 71 20 dc c3 72 c1 73 2f e4 f6 5d
    68 69 7e 9c 7b 40 54 9c 25 af 62 14 19 25 45 df
    12 52 69 8e f8 5d 2c 00 06 13 02 13 03 13 01 01
    00 05 23 00 0b 00 04 03 00 01 02 00 0a 00 06 00
    04 00 1d 11 ec 00 23 00 00 00 16 00 00 00 17 00
    00 00 0d 00 2a 00 28 09 05 09 06 09 04 04 03 05
    03 06 03 08 07 08 08 08 1a 08 1b 08 1c 08 09 08
    0a 08 0b 08 04 08 05 08 06 04 01 05 01 06 01 00
    2b 00 03 02 03 04 00 2d 00 02 01 01 00 33 04 c6
    04 c4 11 ec 04 c0 97 96 3e 86 40 15 96 06 b0 46
    18 b7 59 7a 8f 4b f4 05 20 f9 67 49 e1 27 a8 30
    9f b2 a8 04 5c 3a 60 18 eb 9b a4 60 36 6a 21 82
    7a 3c 68 af e8 6b 9d 1c 8e 0c f3 61 21 fa c7 2c
    25 8c 46 81 22 7e 50 83 fd bb 74 3c 2b 2f a6 89
    8c 2a d9 28 19 45 5b 68 48 0c 81 62 16 a8 65 a7
    66 3a a9 07 b5 03 6e 95 34 d7 9a 3e 1c 48 11 42
    4a 97 db 46 97 f7 65 6e 70 ea c8 1f 20 b3 3b d1
    2a 60 10 41 e6 02 07 d7 d8 c7 fa 8c 9c 96 99 21
    89 54 78 3c c8 4e a3 26 aa ad e9 cf 71 c3 70 d7
    9b 4b 40 ec 35 3c 6c 43 67 e4 52 14 a5 ac a0 e5
    b1 64 a3 49 3a 38 39 0b 19 03 c9 09 c5 84 a3 b9
    12 b5 4b ac aa be 77 37 09 70 24 3e 8d 42 41 ea
    c7 86 7f b7 7a a5 fb 2c 8a 6c 52 83 1b 1f 9e 32
    b2 bd 67 68 d9 36 20 32 9c c1 55 ba 17 78 f3 2e
    c0 23 2b 4c a8 5b 9d 17 2d af bb b9 36 3a 21 ca
    14 4a 75 5a 2f 52 d3 5e f7 db 78 48 05 03 63 07
    ca 3c 10 9f 2c 44 89 b2 fc 24 4f 75 40 18 d8 9a
    61 72 26 72 47 ca 0c 4b cb 5e eb 41 73 d9 0b 55
    56 b7 67 b2 ca aa b0 87 49 0c 01 78 c8 cb fb 58
    aa 5d e9 51 93 1c 90 e9 c0 8f 50 ac 5f c7 6c 07
    3f 76 ab bb 52 10 a7 98 63 87 f7 a7 0a f7 bd 6c
    39 74 ae 75 43 da 20 91 e7 80 c8 3d c0 af 20 0c
    7c 75 39 0f 73 e4 59 d5 32 13 34 3a 85 b3 1c 5c
    a0 d5 38 74 04 55 bc 08 45 4b eb 5e 38 a5 56 57
    51 90 4c 22 7d 67 2a 67 64 16 58 63 3a 59 e1 da
    b3 7d 95 38 a0 15 06 d0 13 04 20 70 23 73 b3 2c
    99 7a 11 60 08 88 f2 78 75 da bb c0 d3 f0 b2 b5
    d1 09 e0 dc a9 c5 a5 1f 59 58 60 f2 ac 6c bd 52
    4d 38 38 b8 f5 c6 ba d4 58 8a 40 38 ac b0 fb a0
    d8 04 2e 40 50 b6 3e f1 c0 60 bb a5 86 9c 1d 4c
    01 79 45 31 ba b4 59 66 7f 13 26 f0 e0 47 b1 41
    b5 47 45 2b 90 19 38 03 ab b3 20 e9 a4 d3 ca a8
    dd a3 c0 30 40 03 f1 f2 c0 09 98 88 92 4b 31 e3
    13 6e 2d 23 26 b8 fa ba 8a e2 be 38 12 64 e8 79
    93 dd ea a6 fd 89 8f 15 06 53 02 c2 9c 6d 86 06
    73 55 0c 59 db 5e d9 14 58 fa a0 1d e1 44 3f a3
    d8 67 50 dc c3 8f e4 02 dc b8 63 3a 10 5a 98 c8
    7e 04 3c 47 42 68 b2 57 7c 84 f1 f6 15 3c b1 86
    4a ea c5 ec 60 60 26 0b 8f f4 c0 39 b8 28 50 3b
    02 35 9a 7c a4 4a a9 85 11 d3 c1 87 24 c3 b2 00
    37 bb f6 50 5b 71 cc 58 16 c1 23 87 41 23 f8 1c
    78 d8 85 7e b8 ca e4 e3 c4 14 06 05 a5 08 bf c7
    ab 6e 7f 58 67 80 32 a3 bd 93 69 ea c2 cb 29 55
    3d 4a b2 ab cf 63 7e e2 38 a5 1b 18 a0 98 c5 1f
    a5 95 9e eb 62 72 db 59 a3 9f 4c 25 1f 07 86 9a
    21 cb a6 04 5e 67 99 87 06 34 9f ea ca b2 c6 36
    32 3a c7 c7 f9 83 38 90 97 a1 9c 08 41 2f a8 4a
    f9 c4 0b d0 23 4f d2 d1 ab 20 47 31 e1 b1 1b e6
    ab 24 47 f1 89 a1 72 66 8d 67 7f 5f 7b 4d 0d 18
    ae 59 db 62 a4 b8 1a 7b 08 1f 0c a4 c5 3e e1 23
    ad 87 b9 90 e4 6b 6f c2 89 fe eb 8f 0f e4 af 25
    d6 95 d6 e9 29 f4 45 08 db 60 44 28 85 5a 70 ba
    31 e3 53 70 33 24 1c 28 93 46 e5 0a 0d 54 42 35
    de 6b 25 e4 b2 56 cf 8c 7a 1a 15 9b 2f 8b 5d 67
    c2 78 62 35 1a 75 a0 57 7e b5 94 4a b8 4e e4 e2
    53 fd c3 2e e1 65 78 03 5c 1a 43 49 cf 1b 74 bb
    5f 70 aa 94 6b 38 92 68 ce 3d 3b 2e 4c 3a 9d 7d
    01 cd a0 c0 3f a5 ba 80 28 d0 6d 7d bc 93 6c e2
    3e 81 bc ae 31 19 30 76 77 93 7e 95 78 7f 16 6d
    86 9c 4f 45 d1 01 93 50 b4 ca 50 62 70 d8 37 13
    fc 9a d2 8c 08 8f ac c7 b6 0c 86 5d e3 4f 6b 15
    14 41 45 07 d2 a0 aa ac 83 83 ec 08 7b 58 81 01
    b2 1a 62 86 06 68 ef 49 27 97 b6 b0 fe 02 9d 30
    24 95 5f c1 3e 33 c6 36 dd 92 b5 2b 33 08 2b 23
    79 86 8c 3c 8a f7 7f 36 07 61 db 30 c3 29 e7 14
    e3 7b 3b 26 6a 59 5d b1 8b 3a 6a 71 cd 89 6e 63
    56 71 57 78 79 93 35 0f 46 6c b1 33 f0 4f f6 83
    53 32 b7 13 c6 d1 c2 74 1c 4a 95 61 6a 11 47 23
    7d 81 48 6b 24 44 bb 92 41 f5 b2 0e 24 64 5f 1d
    55 1a 68 47 36 87 60 1a c2 6a 1b 99 63 08 68 f5
    a2 32 f9 cb 01 b1 0a 1b 63 6a 2b 13 58 f6 51 4c
    e4 f4 29 c4 03 11 3e d6 5e f9 df 7f 36 28 df 50
    f6 70 21 22 6a ad 17 bd 69 b3 0f e2 d1 93 08 d2
    ca 66 8d 28 ac 0d c9 20 f5 cd 05 be c2 c9 db 3b
    50 ef be c9 d1 f5 2c 9e e6 1c 49 3f 29 f1 4f 93
    92 6b ec e9 8b 2d
<<< TLS 1.2, RecordHeader [length 0005]
    14 03 03 00 01
<<< TLS 1.3, ChangeCipherSpec [length 0001]
    01
<<< TLS 1.2, RecordHeader [length 0005]
    16 03 03 04 ba
<<< TLS 1.3, Handshake [length 04ba], ServerHello
    02 00 04 b6 03 03 08 13 35 fd 3f 90 00 54 e5 c1
    b7 53 70 5d cf 98 bd 11 1d 9d 02 d8 4a 89 d8 03
    64 2c 90 d3 46 fd 20 dc c3 72 c1 73 2f e4 f6 5d
    68 69 7e 9c 7b 40 54 9c 25 af 62 14 19 25 45 df
    12 52 69 8e f8 5d 2c 13 02 00 04 6e 00 2b 00 02
    03 04 00 33 04 64 11 ec 04 60 dc 71 e6 f9 bf 64
    0a 0c dd 38 31 fd 37 72 a6 ed c5 70 5a b5 ee d4
    96 05 76 88 cb 0a d4 02 19 f0 a8 b3 dc fa 9e 55
    ba 6f 9a 9a e2 f8 61 07 09 2b 68 45 b6 1d 2d a9
    fd e8 1f 54 a4 8c 17 c3 a3 a2 22 33 c6 14 29 91
    fb 0a c8 7b 2e 11 3a e5 7a 45 73 1d c3 49 6c d3
    f1 54 46 4c a6 3d ea 18 ac 12 ca 90 36 e6 6e 4c
    5e f7 0b d4 53 7d 87 2e 2f 51 59 93 3c 16 29 20
    2b cf 59 e5 8c 9a ad 49 51 58 b1 3c 59 29 e7 19
    12 c0 f0 2e 5d 1f 8f de e6 58 d5 54 86 84 75 1a
    f0 41 1b 2d fa eb 1e ed 50 0a e5 2f 98 65 c3 5b
    7e 09 b2 21 51 51 f5 c8 c2 ed ea 85 36 29 18 98
    5f 0a 05 39 73 2a f9 8e 1c 6e e8 a7 de 51 6d 74
    4b c2 5a ac 74 4a 17 f0 79 79 d0 3c 00 de 45 86
    4f 8a 25 39 51 88 05 d5 37 0b ac 9c e4 f5 d5 c9
    47 8c 8d 40 01 ba bc 17 f3 6d 72 8c 2d 6f 65 4b
    1a 87 0b 48 0d 88 31 e3 13 a6 dd 98 17 5f b1 fe
    7d ed d4 60 9a 5f f8 16 6c c3 36 45 10 10 6a ba
    62 6f 9c 70 86 fe b3 d3 94 da 0d c6 8b d9 40 7e
    5b f0 f3 48 04 1a 32 47 43 dd 14 f7 9e e4 e3 ab
    af eb 3e 39 77 e0 8d 48 e7 18 22 98 b6 02 7b ff
    94 2e 45 fd da dc 84 8b 63 90 15 17 11 ea 89 d8
    c5 5c a2 dc 1c 14 71 a5 6d d8 06 95 0a a7 5c 51
    4a ca 5e 8f 0a c1 7b bb e4 6d 02 4b 3d 48 5f 3e
    a2 af 35 55 09 ee 61 31 91 4b cd eb ee 68 9e 79
    00 56 d0 e2 46 81 85 b1 80 9c d1 d9 7c 3a d8 7e
    fc 77 73 43 73 1e 99 03 c4 54 e6 b1 a9 75 21 04
    e2 4e d9 d0 8b 69 c9 1f ec ee 40 67 96 e7 ab 96
    bf b3 f5 d5 99 da 8e 0f af b8 f0 c8 3e e0 ab 93
    06 39 55 ce ff 0d 4f 77 a5 2f b6 2d 08 05 13 df
    50 79 b6 6c bb 28 d3 06 39 aa 58 41 e5 3a 6b 37
    1c 92 1b b1 08 57 0b 8a a5 10 4f e2 a5 f3 9c 6a
    9d 2b d1 42 a1 86 40 f2 77 e5 cd de 58 bc 11 0d
    96 67 03 ab 46 cb f2 5f d9 f2 89 83 b2 5c b1 c8
    af 51 6e 17 2a d8 8b ba 2a 0d b5 49 15 6f aa 68
    4a aa 62 8c 7a 26 9d db f5 92 0c f8 f6 c2 bd e2
    d7 7b 24 1b 8a ac 27 08 60 4d 05 b1 22 fe ba 53
    a2 af 3d 1e ac 1f d6 19 7c ea 7f 2c f8 b5 ab a5
    02 58 3d d6 9e 85 13 53 be 1b 80 9e 80 21 1b 9f
    27 dd b3 97 57 5e 86 79 4e 18 85 2a f5 bc 04 aa
    74 25 34 dc b5 f5 ff af 23 ec f0 ea 32 91 87 76
    d1 06 ff 0a 14 6f d4 b2 61 c8 c7 c2 19 93 06 6f
    0d 45 e8 a7 01 15 22 46 0e b8 97 68 b1 29 bb a9
    e0 d0 05 a7 dc 96 c0 d4 35 a0 28 37 dd 77 2d 0f
    a4 eb aa f3 a7 58 71 e0 78 47 83 de cf fd b7 9f
    7d 0f e9 3d 24 dc b7 1a 15 79 b3 ef 85 4a da 42
    50 88 bb 37 4a 38 8c b7 27 22 56 15 18 1b 45 c6
    d9 85 81 e4 73 1a 8d 17 d6 60 e7 fb e5 2e 6d d4
    7b 27 3f b8 8e 4d 77 52 92 37 5b 06 c8 83 3a 58
    e9 1c ba 88 be 3b 9b 4a 58 d1 9a 26 09 b4 23 71
    8d 19 dc 61 7b ad 78 7b 14 82 0f 8c 33 5e f4 91
    13 a4 f1 df 1a a4 f8 2f 23 f4 3d 29 7f e7 2b cf
    e0 44 23 e3 ce f4 8b d5 07 08 e6 e0 03 09 cd b9
    32 7e 58 e1 0c 4f be ea 86 c7 cc 47 85 df 0c 4d
    b5 b4 0e 9e 40 40 60 ca 6e 36 bf 3f ca 19 42 74
    4c ac 21 49 f4 0b 81 c8 c7 a1 50 51 82 7b 49 b0
    e5 02 c2 4d 33 93 b0 40 41 57 1d 47 1c f7 c9 e2
    6f c9 45 e8 27 92 18 b3 30 17 50 9b 6d 9e f6 71
    53 89 64 e4 af 45 31 92 6f c3 80 d4 a5 5b 20 df
    a4 43 a1 3a 22 6c e2 78 30 5a b3 67 03 d6 94 2a
    f7 75 b1 43 b1 61 cd 36 49 79 9b 1a ec 95 4c 0a
    59 72 57 36 92 8b ac 9b 3f 1a ed 79 84 56 74 64
    85 8f 28 c7 22 b2 fa 67 40 d6 b8 42 e7 69 f6 db
    54 4f 94 84 bb d1 20 58 9c 66 7e f5 64 c2 17 d3
    d4 02 b9 94 aa 35 5e e2 ce a1 77 cd 95 7c da d0
    8a d7 25 7f 10 df 7b c3 75 f5 af 78 c3 b4 39 a0
    55 61 10 69 5b b2 27 e7 f6 6f 86 18 02 d5 79 b9
    12 01 86 c7 8e f3 a3 22 b7 8b 8a f9 2e 86 51 88
    91 61 bf 21 10 3f 36 96 bf 38 36 4d b4 49 a6 aa
    dc cd 73 1d 14 f2 df 18 8f c1 bb 9b c4 be 35 aa
    bc 80 07 05 c9 ab 0b ec 47 51
<<< TLS 1.2, RecordHeader [length 0005]
    17 03 03 00 17
<<< TLS 1.3, InnerContent [length 0001]
    16
<<< TLS 1.3, Handshake [length 0006], EncryptedExtensions
    08 00 00 02 00 00
<<< TLS 1.2, RecordHeader [length 0005]
    17 03 03 03 47
<<< TLS 1.3, InnerContent [length 0001]
    16
<<< TLS 1.3, Handshake [length 0336], Certificate
    0b 00 03 32 00 00 03 2e 00 03 29 30 82 03 25 30
    82 02 0d a0 03 02 01 02 02 01 02 30 0d 06 09 2a
    86 48 86 f7 0d 01 01 0b 05 00 30 12 31 10 30 0e
    06 03 55 04 03 0c 07 52 6f 6f 74 20 43 41 30 20
    17 0d 31 36 30 31 31 34 32 32 32 39 34 36 5a 18
    0f 32 31 31 36 30 31 31 35 32 32 32 39 34 36 5a
    30 19 31 17 30 15 06 03 55 04 03 0c 0e 73 65 72
    76 65 72 2e 65 78 61 6d 70 6c 65 30 82 01 22 30
    0d 06 09 2a 86 48 86 f7 0d 01 01 01 05 00 03 82
    01 0f 00 30 82 01 0a 02 82 01 01 00 d5 5d 60 6a
    df fc 61 ee 48 aa 8c 11 48 43 a5 6d b6 52 5d aa
    98 49 b1 61 92 35 b1 fc 3a 04 25 0c 6d 79 ff b4
    d5 c9 e9 5c 1c 3b e0 ab b3 b8 7d a3 de 6d bd e0
    dd d7 5a bf 14 47 11 42 5e a6 82 d0 61 c1 7f dd
    13 46 e6 09 85 07 0e f2 d4 fc 1a 64 d2 0a ad 20
    ab 20 6b 96 f0 ad cc c4 19 53 55 dc 01 1d a4 b3
    ef 8a b4 49 53 5d 8a 05 1c f1 dc e1 44 bf c5 d7
    e2 77 19 57 5c 97 0b 75 ee 88 43 71 0f ca 6c c1
    b4 b2 50 a7 77 46 6c 58 0f 11 bf f1 76 24 5a ae
    39 42 b7 51 67 29 e1 d0 55 30 6f 17 e4 91 ea ad
    f8 28 c2 43 6f a2 64 a9 fb 9d 98 92 62 48 3e eb
    0d 4f 82 4a 8a ff 3f 72 ee 96 b5 ae a1 c1 98 ba
    ef 7d 90 75 6d ff 5a 52 9e ab f5 c0 7e d0 87 43
    db 85 07 07 0f 7d 38 7a fd d1 d3 ee 65 1d d3 ea
    39 6a 87 37 ee 4a d3 e0 0d 6e f5 70 ac c2 bd f1
    6e f3 92 95 5e a9 f0 a1 65 95 93 8d 02 03 01 00
    01 a3 7d 30 7b 30 1d 06 03 55 1d 0e 04 16 04 14
    c0 e7 84 bf e8 59 27 33 10 b0 52 4f 51 52 2f 06
    d6 c0 7a cd 30 1f 06 03 55 1d 23 04 18 30 16 80
    14 70 7f 2e ae 83 68 59 98 04 23 2a cd eb 3e 17
    cd 24 dd 01 49 30 09 06 03 55 1d 13 04 02 30 00
    30 13 06 03 55 1d 25 04 0c 30 0a 06 08 2b 06 01
    05 05 07 03 01 30 19 06 03 55 1d 11 04 12 30 10
    82 0e 73 65 72 76 65 72 2e 65 78 61 6d 70 6c 65
    30 0d 06 09 2a 86 48 86 f7 0d 01 01 0b 05 00 03
    82 01 01 00 7b d3 04 43 75 8a 0f 11 ae c4 fb d7
    a1 a2 9e fe 20 18 d5 f4 2f 31 88 46 b6 75 8c ee
    e5 9b 97 a6 b9 a3 cd 60 9a 46 c3 48 97 e5 97 68
    f7 5a 86 35 73 d9 69 9e f9 5f 74 b9 e6 94 13 01
    cb 6a dc e3 c4 04 e9 65 da 9c a4 8b 28 f3 f9 9a
    7f bf 97 1f 45 92 e5 05 b1 56 e6 0b f6 47 de 1e
    89 b6 2b e1 4d df 4a 7e 01 d3 23 dc 97 8c 47 fe
    5f c7 cc 98 46 0e c4 83 5b ca 8a f1 52 09 be 6b
    ec 3f 09 8b d0 93 02 bf e1 51 e7 d1 7e 34 56 19
    74 d0 ff 28 25 de b7 9f 56 52 91 7d 20 29 85 0a
    80 44 5f 71 32 25 71 0f c2 16 e2 5f 6b 1d 3f 32
    5b 0a 3c 74 1c b9 62 f1 ed 07 50 a3 6d b4 b4 31
    0a c0 53 44 6a 3a 88 84 8b 2d a9 b0 37 8e e6 18
    36 bd 9a 20 40 0f 01 92 8b 3d aa 61 e7 ae 2c ed
    36 cd 3a 07 86 74 3a 29 b3 d7 3a b4 00 a9 c2 f5
    92 78 0e e2 0f a3 fe bb be e0 06 53 84 59 1d 90
    69 e5 b6 f9 00 00
<<< TLS 1.2, RecordHeader [length 0005]
    17 03 03 01 19
<<< TLS 1.3, InnerContent [length 0001]
    16
<<< TLS 1.3, Handshake [length 0108], CertificateVerify
    0f 00 01 04 08 04 01 00 b3 97 e5 de 10 d6 a8 cd
    22 36 57 39 60 30 40 23 86 4c 1f 44 47 1e 0c 05
    b5 b4 e9 a5 89 5e 98 53 57 c9 cf e2 ac ca da 90
    eb 50 bd ab fc ad 1d 61 16 ab e8 ce 1b 20 87 ca
    ef ef 42 80 ed bd 0f d0 b1 3e 59 d1 23 e6 c3 8d
    92 d1 1a 6c 1b 6a 9b 99 dd 9d 5e 6a 20 0f 90 c5
    20 4f 76 4b 79 43 58 85 54 f7 8e dc 93 09 5a 63
    b7 3b 20 d5 62 38 dd 92 db 19 9c 7f d4 4f a7 b6
    c2 1d 74 a6 40 c3 ed 17 58 65 78 3c ce 61 ec 42
    fc 1d 05 4a ed 81 73 6f 45 f1 ff f2 10 99 04 21
    f1 5c 38 3d dc 2b 9d 87 35 a6 62 c8 2b 52 99 f7
    be cc 54 0b 65 93 ad 50 f7 8e cd ce c9 8c 70 d7
    67 46 0f ba 29 25 eb 0f fc 30 64 2e 2e 4e 7d dd
    3a f5 ad 94 df be 06 e3 0e 8d c2 2f 62 89 f1 bd
    c8 1f b4 0c cf eb ce 61 44 8a 72 e0 94 19 d1 1c
    bb 6f 21 9d 81 b4 b0 8f 01 0e 66 69 5d 77 3e 71
    e9 bd 84 75 09 ba 8f 4e
<<< TLS 1.2, RecordHeader [length 0005]
    17 03 03 00 45
<<< TLS 1.3, InnerContent [length 0001]
    16
<<< TLS 1.3, Handshake [length 0034], Finished
    14 00 00 30 4c fd 59 09 c1 eb f5 be 52 45 b7 dc
    ec 9b 27 2f 9e 71 2b c9 7d b8 74 ed 48 bf 68 2c
    33 34 d7 5c 38 25 ff 56 7d 1b 05 05 2c 17 b8 27
    d1 e5 4f 52
>>> TLS 1.2, RecordHeader [length 0005]
    17 03 03 00 45
>>> TLS 1.2, InnerContent [length 0001]
    16
>>> TLS 1.3, Handshake [length 0034], Finished
    14 00 00 30 a2 52 4a 24 18 87 70 d1 49 ed e3 77
    15 41 c2 c8 8c 8e 6c 86 bf f7 41 a8 31 6a e9 8b
    e8 1c 4e 2c c5 b4 0a b0 9f a8 93 d6 c8 2d bf e4
    d4 db 9e cd
---
Certificate chain
 0 s:CN=server.example
   i:CN=Root CA
   a:PKEY: RSA, 2048 (bit); sigalg: sha256WithRSAEncryption
   v:NotBefore: Jan 14 22:29:46 2016 GMT; NotAfter: Jan 15 22:29:46 2116 GMT
---
Server certificate
-----BEGIN CERTIFICATE-----
MIIDJTCCAg2gAwIBAgIBAjANBgkqhkiG9w0BAQsFADASMRAwDgYDVQQDDAdSb290
IENBMCAXDTE2MDExNDIyMjk0NloYDzIxMTYwMTE1MjIyOTQ2WjAZMRcwFQYDVQQD
DA5zZXJ2ZXIuZXhhbXBsZTCCASIwDQYJKoZIhvcNAQEBBQADggEPADCCAQoCggEB
ANVdYGrf/GHuSKqMEUhDpW22Ul2qmEmxYZI1sfw6BCUMbXn/tNXJ6VwcO+Crs7h9
o95tveDd11q/FEcRQl6mgtBhwX/dE0bmCYUHDvLU/Bpk0gqtIKsga5bwrczEGVNV
3AEdpLPvirRJU12KBRzx3OFEv8XX4ncZV1yXC3XuiENxD8pswbSyUKd3RmxYDxG/
8XYkWq45QrdRZynh0FUwbxfkkeqt+CjCQ2+iZKn7nZiSYkg+6w1PgkqK/z9y7pa1
rqHBmLrvfZB1bf9aUp6r9cB+0IdD24UHBw99OHr90dPuZR3T6jlqhzfuStPgDW71
cKzCvfFu85KVXqnwoWWVk40CAwEAAaN9MHswHQYDVR0OBBYEFMDnhL/oWSczELBS
T1FSLwbWwHrNMB8GA1UdIwQYMBaAFHB/Lq6DaFmYBCMqzes+F80k3QFJMAkGA1Ud
EwQCMAAwEwYDVR0lBAwwCgYIKwYBBQUHAwEwGQYDVR0RBBIwEIIOc2VydmVyLmV4
YW1wbGUwDQYJKoZIhvcNAQELBQADggEBAHvTBEN1ig8RrsT716Ginv4gGNX0LzGI
RrZ1jO7lm5emuaPNYJpGw0iX5Zdo91qGNXPZaZ75X3S55pQTActq3OPEBOll2pyk
iyjz+Zp/v5cfRZLlBbFW5gv2R94eibYr4U3fSn4B0yPcl4xH/l/HzJhGDsSDW8qK
8VIJvmvsPwmL0JMCv+FR59F+NFYZdND/KCXet59WUpF9ICmFCoBEX3EyJXEPwhbi
X2sdPzJbCjx0HLli8e0HUKNttLQxCsBTRGo6iISLLamwN47mGDa9miBADwGSiz2q
YeeuLO02zToHhnQ6KbPXOrQAqcL1kngO4g+j/ru+4AZThFkdkGnltvk=
-----END CERTIFICATE-----
subject=CN=server.example
issuer=CN=Root CA
---
No client certificate CA names sent
Peer signing digest: SHA256
Peer signature type: rsa_pss_rsae_sha256
Negotiated TLS1.3 group: X25519MLKEM768
---
SSL handshake has read 2546 bytes and written 1702 bytes
Verification error: unable to verify the first certificate
---
New, TLSv1.3, Cipher is TLS_AES_256_GCM_SHA384
Protocol: TLSv1.3
Server public key is 2048 bit
This TLS version forbids renegotiation.
Compression: NONE
Expansion: NONE
No ALPN negotiated
Early data was not sent
Verify return code: 21 (unable to verify the first certificate)
---
>>> TLS 1.2, RecordHeader [length 0005]
    17 03 03 00 13
>>> TLS 1.2, InnerContent [length 0001]
    15
>>> TLS 1.3, Alert [length 0002], warning close_notify
    01 00
Connecting to 127.0.0.1
SSL_connect:before SSL initialization
SSL_connect:SSLv3/TLS write client hello
SSL_connect:SSLv3/TLS write client hello
SSL_connect:SSLv3/TLS read server hello
SSL_connect:SSLv3/TLS write change cipher spec
SSL_connect:SSLv3/TLS write client hello
SSL_connect:SSLv3/TLS write client hello
SSL_connect:SSLv3/TLS read server hello
Can't use SSL_get_servername
SSL_connect:TLSv1.3 read encrypted extensions
depth=0 CN=server.example
verify error:num=20:unable to get local issuer certificate
verify return:1
depth=0 CN=server.example
verify error:num=21:unable to verify the first certificate
verify return:1
depth=0 CN=server.example
verify return:1
SSL_connect:SSLv3/TLS read server certificate
SSL_connect:TLSv1.3 read server certificate verify
SSL_connect:SSLv3/TLS read finished
SSL_connect:SSLv3/TLS write finished
DONE
SSL3 alert write:warning:close notify
