CONNECTED(00000003)
>>> TLS 1.0, RecordHeader [length 0005]
    16 03 01 00 d6
>>> TLS 1.3, Handshake [length 00d6], ClientHello
    01 00 00 d2 03 03 fd c4 96 6c 61 b0 a4 24 97 44
    34 a8 59 89 06 26 62 67 63 9b 96 38 9f 4a 6f 67
    f8 3d 49 dc e1 da 20 24 9e 86 4a 32 d7 4b 64 ed
    f6 fb 08 48 39 39 7a df f6 1e 55 57 01 32 71 58
    6b 18 21 91 a9 ca 6e 00 06 13 02 13 03 13 01 01
    00 00 83 00 0b 00 04 03 00 01 02 00 0a 00 06 00
    04 00 1d 11 ec 00 23 00 00 00 16 00 00 00 17 00
    00 00 0d 00 2a 00 28 09 05 09 06 09 04 04 03 05
    03 06 03 08 07 08 08 08 1a 08 1b 08 1c 08 09 08
    0a 08 0b 08 04 08 05 08 06 04 01 05 01 06 01 00
    2b 00 03 02 03 04 00 2d 00 02 01 01 00 33 00 26
    00 24 00 1d 00 20 85 26 2b ae 9c 83 a3 d7 b3 c7
    a5 ac 74 8b fa 29 12 da c2 be 88 31 ef 12 cd 0d
    8d fe 5b 35 1a 78
<<< TLS 1.2, RecordHeader [length 0005]
    16 03 03 00 58
<<< TLS 1.3, Handshake [length 0058], ServerHello
    02 00 00 54 03 03 cf 21 ad 74 e5 9a 61 11 be 1d
    8c 02 1e 65 b8 91 c2 a2 11 16 7a bb 8c 5e 07 9e
    09 e2 c8 a8 33 9c 20 24 9e 86 4a 32 d7 4b 64 ed
    f6 fb 08 48 39 39 7a df f6 1e 55 57 01 32 71 58
    6b 18 21 91 a9 ca 6e 13 02 00 00 0c 00 2b 00 02
    03 04 00 33 00 02 11 ec
>>> TLS 1.2, RecordHeader [length 0005]
    14 03 03 00 01
>>> TLS 1.3, ChangeCipherSpec [length 0001]
    01
>>> TLS 1.2, RecordHeader [length 0005]
    16 03 03 05 76
>>> TLS 1.3, Handshake [length 0576], ClientHello
    01 00 05 72 03 03 fd c4 96 6c 61 b0 a4 24 97 44
    34 a8 59 89 06 26 62 67 63 9b 96 38 9f 4a 6f 67
    f8 3d 49 dc e1 da 20 24 9e 86 4a 32 d7 4b 64 ed
    f6 fb 08 48 39 39 7a df f6 1e 55 57 01 32 71 58
    6b 18 21 91 a9 ca 6e 00 06 13 02 13 03 13 01 01
    00 05 23 00 0b 00 04 03 00 01 02 00 0a 00 06 00
    04 00 1d 11 ec 00 23 00 00 00 16 00 00 00 17 00
    00 00 0d 00 2a 00 28 09 05 09 06 09 04 04 03 05
    03 06 03 08 07 08 08 08 1a 08 1b 08 1c 08 09 08
    0a 08 0b 08 04 08 05 08 06 04 01 05 01 06 01 00
    2b 00 03 02 03 04 00 2d 00 02 01 01 00 33 04 c6
    04 c4 11 ec 04 c0 b7 15 1e 6b a1 37 2d 87 c3 24
    f2 23 f7 2c 2b 91 ea bc b2 d9 14 4d bc 39 94 c0
    62 ce 4a 27 5a a5 53 23 82 63 96 d3 1e d0 c2 32
    5c 6a a2 0b a2 b4 2a 22 16 b2 f4 6d 7e 3a ce 40
    96 c5 57 a9 c9 e0 a5 75 f7 c3 cc 87 59 1a 01 00
    79 c8 bc 5d bd 1a ab 9a eb 9b 9c 12 74 d4 8a b3
    10 b7 37 16 a3 b4 9d e6 7b 5b d7 0a c2 fa c1 c5
    79 73 23 63 7f fd 19 4c 8a 33 2d cd a9 ad 74 88
    8b 61 1a 0b 16 34 35 7d 3c 0a d2 63 43 2f 68 4a
    3f 15 18 ac 3b 20 29 77 82 ae 82 61 f4 10 01 31
    db 7e 3f e3 3c 75 10 6b 3c 37 ba cd 14 47 dc 6a
    cf 96 3b 8f b9 68 03 61 64 43 ea 3c 8b bb 41 09
    ab f2 7c db 87 3b 92 6c 42 06 cc 79 23 9b 39 3b
    25 2d 90 20 8e 08 fc 8a a4 3a ac cf 67 a0 c2 79
    a9 c1 07 3e 93 73 1d 7c a2 a4 e5 62 4d e3 64 4f
    c8 61 a7 e6 7a ae 1e 91 01 42 42 1c d8 71 9f a6
    98 bc 65 2a 5d 93 d2 cd 90 eb 58 f5 02 ac 84 a0
    5e 00 c0 1d 3d 79 a4 66 26 17 03 3a cb 6b 74 97
    33 eb bc 55 b5 33 eb b3 07 64 12 a4 70 81 5a 06
    19 33 6d 50 86 ee 5a c0 97 96 5b 56 84 82 e3 e4
    06 d6 47 4e ae eb 40 37 81 1e ba ba c3 ff b3 c7
    4f bc 70 da 86 36 82 a1 79 bf 19 2a a5 28 0a 2c
    b5 4d 97 e1 ce 39 cc 90 9a e6 78 de f3 23 7d ea
    5d da 13 08 fe e0 60 80 fa 9d db b4 ab c2 a4 94
    b2 6b a2 81 40 ad 8c c5 b2 a9 44 17 d8 72 a2 6b
    ca 6d 7b a9 9b 16 89 3c b4 d0 2a db f3 7c 30 0c
    6e 90 55 8c 49 39 0b 77 b6 9e 61 29 c1 e2 c4 24
    f6 29 95 77 f4 8d 5e 3b 1a 22 f2 4d c8 e9 20 8c
    eb c9 d3 43 73 aa 7b 3a 9a 5b 38 87 50 bc c2 f1
    51 74 f8 79 32 20 2c 0d 8c 7b 25 a1 7f a3 3a 39
    92 16 5d ec 98 72 11 94 3e 7d ec 93 df e8 9c e0
    b4 a8 89 67 78 a3 56 1a 28 35 96 42 93 ae 83 5a
    6c f1 7b 22 02 43 1c aa 57 c6 dc 28 36 42 bc 6f
    08 d3 46 d2 f6 83 08 07 b5 a0 59 43 18 09 bc 73
    e5 78 92 d6 96 b7 a6 c6 99 31 2f 3c 85 7c 22 87
    35 7d 29 4e bb 08 83 b4 c2 ad d7 15 19 73 7c 7a
    7f 39 b2 a4 b9 12 d2 eb 29 b2 2a 44 d4 60 b0 8d
    94 8c 01 a6 18 db a2 5b 02 c0 43 a6 35 4c 27 f0
    02 bc c2 63 8a 68 3a 7d 01 13 a8 9c 7a dd db 02
    6f 80 6b d1 70 a9 d8 12 4f 29 95 70 17 e2 62 b9
    52 5d c7 eb b0 8c 12 15 7e e2 49 2e e9 b7 c7 0b
    98 fe 44 39 29 84 46 63 b1 9e 58 ac 77 34 0a 84
    9f a7 9d e8 14 77 8f 69 90 32 f9 1e b3 ec b8 f1
    5b a9 3e 08 65 93 43 73 57 60 2f 92 c4 36 38 f9
    30 21 94 17 eb 5b a1 a9 05 35 32 49 04 ea 0a 83
    0d 06 cc eb bc c2 b1 57 05 52 60 1d e2 93 91 df
    4b 57 5e 13 70 37 09 0c e5 4a ce 09 f6 6f fc 33
    7b 12 48 2e fa 3b c6 49 d5 1d a2 6c 22 b1 50 ad
    7c c1 8f 4f 90 5f 6d dc be bb 55 91 00 6c 63 6b
    a4 a1 26 65 b7 2b c5 86 95 f0 3a 9c e9 b8 e1 5a
    52 05 67 09 9c d6 64 06 d7 1d de 9b b5 bc a5 88
    d2 2a b2 24 06 a8 2b 04 6f 25 6b c3 d5 03 3b f5
    42 b4 8a 34 17 75 6a 1c 3f b0 46 04 47 99 e9 1a
    4a 67 87 02 6d 28 c6 81 20 1b fd 05 64 26 85 bc
    7a 74 22 91 66 9c 61 02 d0 b9 d6 b5 45 a7 a1 68
    84 17 3f a4 cb c2 aa 8a c1 c0 ac 8e e3 0e b3 a2
    8d d7 a7 7a 41 11 ae b8 51 1f cb f8 13 d1 82 3a
    ea a3 85 4d f0 45 52 7a 36 b0 d5 c3 5e b4 8b 5e
    57 a4 f1 90 4e 54 6a 60 ed 0b aa 7b 8c 11 a5 ab
    2f 18 04 2f 44 bb 93 4d 34 32 99 83 52 33 a1 35
    67 d8 cd 94 eb 5c b5 42 bc 88 55 0a f6 57 99 9b
    59 27 07 a7 16 f5 71 cb ed 80 18 c4 58 61 43 da
    c6 ec 26 18 96 48 7d 0d eb 7c 25 d1 52 d8 12 3d
    af 88 11 52 ca 6e c9 ba 1d 9a 79 9b a1 19 c5 96
    02 c6 ef 6b 89 d0 fc 7d 37 95 77 91 0a 0a 35 6b
    7a 5c 51 4b cf 10 b5 d9 85 59 e3 3c 73 8c 9a 68
    04 74 01 21 b9 00 ba 71 4f b2 83 99 f4 19 11 1f
    79 07 58 91 7f e6 20 a5 70 e9 12 af a3 ae e4 83
    03 61 13 27 17 27 af 7d 22 9c dc 6b c6 8c 12 05
    9e bb 13 02 20 bd 30 82 62 0f e6 28 70 bc 58 af
    cc 5c 52 cc 88 e5 2b 08 60 b4 65 e0 b9 82 cc 31
    cc 3d 93 54 24 f7 3e 59 b9 6c c5 10 c5 21 f4 4f
    cd 55 78 e1 d8 91 e5 9e ad 65 41 77 ee 9f 4e a0
    f3 a0 34 f4 3c b6 81 38 5b a9 c4 66 85 cb d9 f8
    0e 58 d9 a7 90 ed 2e 12 be 85 d2 80 5d 75 d0 72
    b7 b5 81 c2 cb 13 37 d3 e1 ba 95 8e 94 cd 71 6e
    c5 cf 09 59 fc 04
<<< TLS 1.2, RecordHeader [length 0005]
    14 03 03 00 01
<<< TLS 1.3, ChangeCipherSpec [length 0001]
    01
<<< TLS 1.2, RecordHeader [length 0005]
    16 03 03 04 ba
<<< TLS 1.3, Handshake [length 04ba], ServerHello
    02 00 04 b6 03 03 78 10 52 34 44 70 5c ff ee ca
    59 53 4e 3f a4 76 e7 af dd 7f 1f e8 ae 84 9d ea
    e6 de d9 16 bc d6 20 24 9e 86 4a 32 d7 4b 64 ed
    f6 fb 08 48 39 39 7a df f6 1e 55 57 01 32 71 58
    6b 18 21 91 a9 ca 6e 13 02 00 04 6e 00 2b 00 02
    03 04 00 33 04 64 11 ec 04 60 70 ff e2 53 e0 e7
    25 ed 1f 7f 03 2e c4 a2 2d 75 bb d1 19 71 db 90
    05 96 e6 aa 89 a1 73 ec b5 d1 18 29 7e db 85 08
    a3 78 b7 86 e5 eb a2 d5 24 a2 47 42 df f4 5d 0b
    19 2f 6b f3 ab 1c 42 70 ea 7c ec 42 75 34 01 6f
    e0 34 3e 49 87 67 d7 3a f8 6d 03 f1 be 94 9e 1b
    2e 93 4b f7 d8 c7 60 d4 d0 5b 73 93 6c 84 0a 0e
    27 12 b6 ea 80 9a 5e 71 56 d7 29 92 b8 b4 8a 47
    8f b9 4e db b7 90 54 a5 c9 ff 9e be 6d 53 8c 99
    5a 5a 3f 35 60 36 f3 0a f1 77 23 3e 17 d4 a0 d8
    10 2b 9f 55 54 d7 4c 04 15 25 64 26 be 2c 16 e0
    a5 c9 21 1c 2e 8b 44 79 d4 bd b1 14 41 f4 6c 4d
    89 9a 32 15 2b c9 70 88 72 15 4e 22 51 ac 1b 3b
    ac 4b fa cd 31 ef 40 bc a7 ba 5b 69 7d 15 d7 58
    da 4e 5e 25 3f 21 85 ec 27 46 ee aa d0 92 98 fe
    7f cb 70 87 a4 3a 9e cd ad aa 4f c2 0b 77 5f 28
    14 e3 cf 23 82 62 86 3c 77 11 e3 98 9b 61 b4 50
    62 01 1c d0 b0 7b 10 a7 b9 43 35 a1 e5 5b 80 8f
    6e 00 ae 06 84 4e 73 fc 78 1b 31 ef 80 6c 91 57
    de c9 5a 6e 6e e5 60 b1 35 2c 50 fe 9b 36 06 b0
    cc 77 85 1a c1 c8 09 c5 8f 0e 39 7f 74 9d 71 4f
    b8 ad dc d3 0c 7d 34 c9 5b b4 03 39 a0 cc b7 7e
    cd 31 b6 3a 2a ea c3 62 99 20 5f 0f 27 13 f7 ea
    26 0a 04 12 66 ff 89 f3 df c0 80 93 f8 e1 2d dc
    be a6 ad 57 65 83 e5 0d cf 8b 7c d4 eb fb 1d 2b
    a4 bf 12 1b a6 7d b3 bb 42 95 5e 90 e3 d9 f5 6b
    e4 0e 3e 16 d7 18 70 5f ca 10 91 da 0c ca ef 2e
    19 4c 01 2b 1c 71 28 d8 32 a4 7a f1 56 9f 62 e0
    3f 3b 31 0a e2 3c 33 c5 04 23 26 91 65 e3 a2 01
    61 4f 6f 15 15 5c 2c b1 f0 7e 79 55 a7 15 93 47
    07 31 de 4e 97 b2 35 15 7d 89 d1 e0 bc b7 d4 c4
    c3 16 92 4e d4 fd 30 a8 23 45 2e 4c eb d3 a6 e5
    73 9c 4d ba 7c dd 56 92 7a d1 b6 69 50 b2 16 e5
    1d 60 f3 46 ac bc 0e 27 de 7e 30 f9 9a 5f cd ad
    e0 7c e7 a0 55 dc f6 d3 76 a2 f7 d6 16 48 44 cd
    e7 48 16 0d 5e 93 27 f5 49 a5 ff 86 65 e4 fd c6
    21 86 c0 e4 bf 37 ca 81 32 67 b9 bf ea 39 91 cc
    88 1d 39 89 21 9c 67 91 8a 6d dc 49 71 c5 0b 00
    48 ab 7b 63 8c ab 42 7c ea 2e 64 a5 57 c5 e3 c4
    39 4d 6d 4e ee a8 d9 2c aa d9 dc a2 da 62 05 d6
    13 aa 8a 58 b1 fe ba a9 3a a1 d2 39 6d 60 56 0a
    b0 70 25 79 6c 93 70 25 c6 8e 64 d7 ef 4a 3d cf
    3f c0 34 0b 0a 70 4a 99 10 93 5b 35 6a 8b fd 4f
    60 a3 d5 02 9f de a1 86 28 05 42 3e 3f 5e fd 7e
    61 7e b5 2c 96 15 9f 02 2f 44 71 b5 db 84 98 ec
    e4 59 47 1b 93 a6 0a 62 cc 73 7d 17 06 98 4a 4e
    35 de 27 22 d7 60 47 e2 0a 06 f2 37 e9 3e 4f be
    41 10 ba 8a 4f 52 7f 5c 15 0d 8b 27 7a cc 83 9f
    85 74 4f b1 3f 22 24 4a 78 96 11 47 9b 9b 3e 86
    5f 23 f9 71 ec 85 cd 13 e6 ed 17 38 42 6c 51 12
    6b 10 8d d7 bd 45 81 19 da 36 06 58 fc e6 7d 5e
    9d 50 c5 70 c6 0e 4e 56 c4 a1 7e fe c9 df 0b 33
    b7 31 80 1a 03 a3 2f c5 05 74 46 7a 25 bd 6f b6
    1e 43 5b 4d a5 7b 8f 47 99 2f 41 a3 df 6b a8 a6
    fe 35 07 d9 e2 dc c5 bc e2 e4 a1 72 48 f2 f4 aa
    f0 18 63 2e bd 36 bc 7e 3d 0b ce 54 ce 21 df 8c
    15 97 4b 12 74 88 cf 4a 0b e5 f6 c5 96 a5 f6 23
    b3 ec ad db b8 57 86 9e 9e 42 c8 20 ce 81 2c f7
    2a ae 43 d3 c6 da f1 d2 33 2f c4 ce ef 1e 93 19
    b7 3e 87 b2 55 c6 31 70 26 40 4f 11 85 34 b2 10
    74 41 88 8b ea e3 6e 47 cd 27 d9 31 41 0e 33 66
    f3 99 c8 8b d9 ba 29 fc c5 ac 43 1b 99 77 f5 1b
    44 85 c4 bc c7 20 ca 56 01 72 58 01 d5 44 af 8d
    fe 1c e4 0e 56 fe 29 57 81 a2 3c 8c 35 7f 9e dd
    53 09 05 70 70 64 26 53 67 9d 07 cd b4 b3 04 2e
    4a 40 41 33 83 2a 8e c2 84 54 0a f3 b6 6f 10 46
    65 be 30 0e 62 17 e9 da e3 c3 dd 19 1e b3 3f 27
    2e 81 93 7c 72 ec 97 55 3e 22 75 70 87 87 e8 31
    6d f9 8b 11 62 38 31 28 83 13 88 c4 1c 1e b1 cc
    b7 e2 52 7c 2f 31 04 f4 4f 32 fe dc 31 f6 46 f7
    20 c7 4c 97 53 34 ff 26 70 14
<<< TLS 1.2, RecordHeader [length 0005]
    17 03 03 00 17
<<< TLS 1.3, InnerContent [length 0001]
    16
<<< TLS 1.3, Handshake [length 0006], EncryptedExtensions
    08 00 00 02 00 00
<<< TLS 1.2, RecordHeader [length 0005]
    17 03 03 03 47
<<< TLS 1.3, InnerContent [length 0001]
    16
<<< TLS 1.3, Handshake [length 0336], Certificate
    0b 00 03 32 00 00 03 2e 00 03 29 30 82 03 25 30
    82 02 0d a0 03 02 01 02 02 01 02 30 0d 06 09 2a
    86 48 86 f7 0d 01 01 0b 05 00 30 12 31 10 30 0e
    06 03 55 04 03 0c 07 52 6f 6f 74 20 43 41 30 20
    17 0d 31 36 30 31 31 34 32 32 32 39 34 36 5a 18
    0f 32 31 31 36 30 31 31 35 32 32 32 39 34 36 5a
    30 19 31 17 30 15 06 03 55 04 03 0c 0e 73 65 72
    76 65 72 2e 65 78 61 6d 70 6c 65 30 82 01 22 30
    0d 06 09 2a 86 48 86 f7 0d 01 01 01 05 00 03 82
    01 0f 00 30 82 01 0a 02 82 01 01 00 d5 5d 60 6a
    df fc 61 ee 48 aa 8c 11 48 43 a5 6d b6 52 5d aa
    98 49 b1 61 92 35 b1 fc 3a 04 25 0c 6d 79 ff b4
    d5 c9 e9 5c 1c 3b e0 ab b3 b8 7d a3 de 6d bd e0
    dd d7 5a bf 14 47 11 42 5e a6 82 d0 61 c1 7f dd
    13 46 e6 09 85 07 0e f2 d4 fc 1a 64 d2 0a ad 20
    ab 20 6b 96 f0 ad cc c4 19 53 55 dc 01 1d a4 b3
    ef 8a b4 49 53 5d 8a 05 1c f1 dc e1 44 bf c5 d7
    e2 77 19 57 5c 97 0b 75 ee 88 43 71 0f ca 6c c1
    b4 b2 50 a7 77 46 6c 58 0f 11 bf f1 76 24 5a ae
    39 42 b7 51 67 29 e1 d0 55 30 6f 17 e4 91 ea ad
    f8 28 c2 43 6f a2 64 a9 fb 9d 98 92 62 48 3e eb
    0d 4f 82 4a 8a ff 3f 72 ee 96 b5 ae a1 c1 98 ba
    ef 7d 90 75 6d ff 5a 52 9e ab f5 c0 7e d0 87 43
    db 85 07 07 0f 7d 38 7a fd d1 d3 ee 65 1d d3 ea
    39 6a 87 37 ee 4a d3 e0 0d 6e f5 70 ac c2 bd f1
    6e f3 92 95 5e a9 f0 a1 65 95 93 8d 02 03 01 00
    01 a3 7d 30 7b 30 1d 06 03 55 1d 0e 04 16 04 14
    c0 e7 84 bf e8 59 27 33 10 b0 52 4f 51 52 2f 06
    d6 c0 7a cd 30 1f 06 03 55 1d 23 04 18 30 16 80
    14 70 7f 2e ae 83 68 59 98 04 23 2a cd eb 3e 17
    cd 24 dd 01 49 30 09 06 03 55 1d 13 04 02 30 00
    30 13 06 03 55 1d 25 04 0c 30 0a 06 08 2b 06 01
    05 05 07 03 01 30 19 06 03 55 1d 11 04 12 30 10
    82 0e 73 65 72 76 65 72 2e 65 78 61 6d 70 6c 65
    30 0d 06 09 2a 86 48 86 f7 0d 01 01 0b 05 00 03
    82 01 01 00 7b d3 04 43 75 8a 0f 11 ae c4 fb d7
    a1 a2 9e fe 20 18 d5 f4 2f 31 88 46 b6 75 8c ee
    e5 9b 97 a6 b9 a3 cd 60 9a 46 c3 48 97 e5 97 68
    f7 5a 86 35 73 d9 69 9e f9 5f 74 b9 e6 94 13 01
    cb 6a dc e3 c4 04 e9 65 da 9c a4 8b 28 f3 f9 9a
    7f bf 97 1f 45 92 e5 05 b1 56 e6 0b f6 47 de 1e
    89 b6 2b e1 4d df 4a 7e 01 d3 23 dc 97 8c 47 fe
    5f c7 cc 98 46 0e c4 83 5b ca 8a f1 52 09 be 6b
    ec 3f 09 8b d0 93 02 bf e1 51 e7 d1 7e 34 56 19
    74 d0 ff 28 25 de b7 9f 56 52 91 7d 20 29 85 0a
    80 44 5f 71 32 25 71 0f c2 16 e2 5f 6b 1d 3f 32
    5b 0a 3c 74 1c b9 62 f1 ed 07 50 a3 6d b4 b4 31
    0a c0 53 44 6a 3a 88 84 8b 2d a9 b0 37 8e e6 18
    36 bd 9a 20 40 0f 01 92 8b 3d aa 61 e7 ae 2c ed
    36 cd 3a 07 86 74 3a 29 b3 d7 3a b4 00 a9 c2 f5
    92 78 0e e2 0f a3 fe bb be e0 06 53 84 59 1d 90
    69 e5 b6 f9 00 00
<<< TLS 1.2, RecordHeader [length 0005]
    17 03 03 01 19
<<< TLS 1.3, InnerContent [length 0001]
    16
<<< TLS 1.3, Handshake [length 0108], CertificateVerify
    0f 00 01 04 08 04 01 00 62 b9 2e ed 40 a7 38 2c
    2e bc 3c 4a b4 4b 15 aa fa f8 64 b9 ac 00 eb ca
    4c a2 bf d5 ba 8f 97 2e e0 17 ea 37 8e 2e 17 b6
    56 91 85 9d 93 64 26 93 99 66 02 ee e0 9c d1 e8
    1e 53 aa 7c 7a ca ec 9a d2 3e 37 c1 0f c0 1e b0
    50 27 a2 c4 15 fd 8c de a0 01 08 ce 42 48 5d 18
    ba bd 5c d0 48 69 a2 28 20 a4 4a 49 9a a3 5c 74
    d9 29 a4 e9 70 d0 08 32 a3 d9 c4 03 db 84 b6 73
    b1 0a a4 70 12 6b 1a 5e df 3f a9 af 69 c5 eb a1
    47 6d aa dc 79 fe 41 70 9c 9c 5e 28 03 9a 66 c3
    07 37 21 d6 4d 3c 0d b4 64 8e 1d 66 05 8e 5e 3e
    44 5e 78 88 b0 75 cb 16 49 00 db dc 72 be e5 d8
    a2 95 e8 20 41 94 43 ef 95 ec b0 41 93 89 c3 7b
    a2 8c d3 e7 ed 6d 17 54 5f 0f 95 a0 a5 0c 37 2a
    86 d6 58 26 ae d5 a0 ca 6c f6 79 ef 8c eb 4f 77
    96 86 43 d4 46 8b ce b5 80 75 bb fe 12 2b 33 96
    c6 e8 32 76 e0 69 db 8f
<<< TLS 1.2, RecordHeader [length 0005]
    17 03 03 00 45
<<< TLS 1.3, InnerContent [length 0001]
    16
<<< TLS 1.3, Handshake [length 0034], Finished
    14 00 00 30 d0 27 5e 5e 89 a9 9f 5a a2 9a b8 41
    88 12 1a f5 d1 c8 65 b0 15 24 8e bb 7b 6f b3 ee
    b1 7f 22 60 dc 97 83 ed 04 17 2a 8e 0a 57 3d 21
    e5 02 8f d0
>>> TLS 1.2, RecordHeader [length 0005]
    17 03 03 00 45
>>> TLS 1.2, InnerContent [length 0001]
    16
>>> TLS 1.3, Handshake [length 0034], Finished
    14 00 00 30 87 7a 78 b9 cd c9 84 c9 64 99 44 1c
    4f 1e b3 03 f5 f5 8c 75 32 cb d6 5b ad 4b cb b7
    ef 2a 56 f0 14 7e 0a 10 63 4f 7c c8 b1 cb d7 ea
    e2 13 19 1b
---
Certificate chain
 0 s:CN=server.example
   i:CN=Root CA
   a:PKEY: RSA, 2048 (bit); sigalg: sha256WithRSAEncryption
   v:NotBefore: Jan 14 22:29:46 2016 GMT; NotAfter: Jan 15 22:29:46 2116 GMT
---
Server certificate
-----BEGIN CERTIFICATE-----
MIIDJTCCAg2gAwIBAgIBAjANBgkqhkiG9w0BAQsFADASMRAwDgYDVQQDDAdSb290
IENBMCAXDTE2MDExNDIyMjk0NloYDzIxMTYwMTE1MjIyOTQ2WjAZMRcwFQYDVQQD
DA5zZXJ2ZXIuZXhhbXBsZTCCASIwDQYJKoZIhvcNAQEBBQADggEPADCCAQoCggEB
ANVdYGrf/GHuSKqMEUhDpW22Ul2qmEmxYZI1sfw6BCUMbXn/tNXJ6VwcO+Crs7h9
o95tveDd11q/FEcRQl6mgtBhwX/dE0bmCYUHDvLU/Bpk0gqtIKsga5bwrczEGVNV
3AEdpLPvirRJU12KBRzx3OFEv8XX4ncZV1yXC3XuiENxD8pswbSyUKd3RmxYDxG/
8XYkWq45QrdRZynh0FUwbxfkkeqt+CjCQ2+iZKn7nZiSYkg+6w1PgkqK/z9y7pa1
rqHBmLrvfZB1bf9aUp6r9cB+0IdD24UHBw99OHr90dPuZR3T6jlqhzfuStPgDW71
cKzCvfFu85KVXqnwoWWVk40CAwEAAaN9MHswHQYDVR0OBBYEFMDnhL/oWSczELBS
T1FSLwbWwHrNMB8GA1UdIwQYMBaAFHB/Lq6DaFmYBCMqzes+F80k3QFJMAkGA1Ud
EwQCMAAwEwYDVR0lBAwwCgYIKwYBBQUHAwEwGQYDVR0RBBIwEIIOc2VydmVyLmV4
YW1wbGUwDQYJKoZIhvcNAQELBQADggEBAHvTBEN1ig8RrsT716Ginv4gGNX0LzGI
RrZ1jO7lm5emuaPNYJpGw0iX5Zdo91qGNXPZaZ75X3S55pQTActq3OPEBOll2pyk
iyjz+Zp/v5cfRZLlBbFW5gv2R94eibYr4U3fSn4B0yPcl4xH/l/HzJhGDsSDW8qK
8VIJvmvsPwmL0JMCv+FR59F+NFYZdND/KCXet59WUpF9ICmFCoBEX3EyJXEPwhbi
X2sdPzJbCjx0HLli8e0HUKNttLQxCsBTRGo6iISLLamwN47mGDa9miBADwGSiz2q
YeeuLO02zToHhnQ6KbPXOrQAqcL1kngO4g+j/ru+4AZThFkdkGnltvk=
-----END CERTIFICATE-----
subject=CN=server.example
issuer=CN=Root CA
---
No client certificate CA names sent
Peer signing digest: SHA256
Peer signature type: rsa_pss_rsae_sha256
Negotiated TLS1.3 group: X25519MLKEM768
---
SSL handshake has read 2546 bytes and written 1702 bytes
Verification error: unable to verify the first certificate
---
New, TLSv1.3, Cipher is TLS_AES_256_GCM_SHA384
Protocol: TLSv1.3
Server public key is 2048 bit
This TLS version forbids renegotiation.
Compression: NONE
Expansion: NONE
No ALPN negotiated
Early data was not sent
Verify return code: 21 (unable to verify the first certificate)
---
>>> TLS 1.2, RecordHeader [length 0005]
    17 03 03 00 13
>>> TLS 1.2, InnerContent [length 0001]
    15
>>> TLS 1.3, Alert [length 0002], warning close_notify
    01 00
Connecting to 127.0.0.1
SSL_connect:before SSL initialization
SSL_connect:SSLv3/TLS write client hello
SSL_connect:SSLv3/TLS write client hello
SSL_connect:SSLv3/TLS read server hello
SSL_connect:SSLv3/TLS write change cipher spec
SSL_connect:SSLv3/TLS write client hello
SSL_connect:SSLv3/TLS write client hello
SSL_connect:SSLv3/TLS read server hello
Can't use SSL_get_servername
SSL_connect:TLSv1.3 read encrypted extensions
depth=0 CN=server.example
verify error:num=20:unable to get local issuer certificate
verify return:1
depth=0 CN=server.example
verify error:num=21:unable to verify the first certificate
verify return:1
depth=0 CN=server.example
verify return:1
SSL_connect:SSLv3/TLS read server certificate
SSL_connect:TLSv1.3 read server certificate verify
SSL_connect:SSLv3/TLS read finished
SSL_connect:SSLv3/TLS write finished
DONE
SSL3 alert write:warning:close notify
