CONNECTED(00000003)
>>> TLS 1.0, RecordHeader [length 0005]
    16 03 01 05 76
>>> TLS 1.3, Handshake [length 0576], ClientHello
    01 00 05 72 03 03 f7 0d 39 44 32 16 cb 8e 88 51
    0d ec 31 e9 bc d6 fb b2 16 f1 ca 4c 0e 5c 76 6c
    95 38 32 46 2d 4b 20 42 d7 00 4f 17 fe b5 7a c0
    45 ac f6 d8 0e 85 95 89 e0 75 9f db a4 42 44 66
    85 00 86 d9 c5 4d 93 00 06 13 02 13 03 13 01 01
    00 05 23 00 0b 00 04 03 00 01 02 00 0a 00 06 00
    04 11 ec 00 1d 00 23 00 00 00 16 00 00 00 17 00
    00 00 0d 00 2a 00 28 09 05 09 06 09 04 04 03 05
    03 06 03 08 07 08 08 08 1a 08 1b 08 1c 08 09 08
    0a 08 0b 08 04 08 05 08 06 04 01 05 01 06 01 00
    2b 00 03 02 03 04 00 2d 00 02 01 01 00 33 04 c6
    04 c4 11 ec 04 c0 22 74 c0 4e 84 0c 03 65 0c 2b
    28 cc 48 f5 2d 06 92 3d 90 ab 76 83 ac 61 eb 9c
    3e 0f a3 a9 ea 50 93 b8 63 5e e0 12 af 24 e1 23
    f5 55 28 cb e8 b6 5b d2 88 fe 50 5d 9a 03 0b 4f
    b2 41 da 66 54 a1 31 0e 34 e6 20 b9 e6 81 ed 18
    af c8 f0 30 84 53 b2 04 41 1f 7c ec 35 5e 73 3f
    64 19 58 46 fa 60 ed 46 2d fb 13 3f a2 6a bb 1a
    3b 6b fa 37 cc 67 74 4d 4c 07 21 84 9a 3d 8a e0
    94 00 22 49 3d 2a 70 5b d8 05 c1 16 ad 25 72 06
    d0 f8 cf 7b 2a 3b 3b c1 6b 6d 41 8f 3b 69 2c 8e
    23 94 ea 77 05 3d 5b 4a 5e a0 51 8e 37 47 a5 9a
    4e 58 71 2f 6b 48 1d 74 21 5e 5d 35 3d c7 d6 1c
    36 15 c0 eb a2 bb c1 f3 8f d5 c0 2e 41 e5 67 89
    e0 1e 8e 93 92 2c b3 01 e9 a8 23 f0 b4 ba 03 40
    0d 1a f3 69 5b 4b a4 ab 60 41 08 1a 9b ce 97 91
    81 41 58 68 d5 08 bc 8a 46 6e b2 58 ee 44 92 c5
    d0 93 f0 f9 ca 6e 48 44 a5 07 04 4c 5a 38 18 ca
    3e de 0b 6d 3e 41 af c4 3a a1 77 14 b1 4c f1 2a
    1d a7 3a a1 38 99 df 0c ce 84 53 00 a6 55 3d 5d
    65 44 1b e5 2c 40 c0 c0 4c ec 53 ea 80 75 6b 77
    7a 0d 40 35 92 79 c5 c0 47 b7 33 e7 06 66 a0 2f
    c0 a6 26 51 0a 07 ee a3 37 36 01 be ce 77 56 e4
    e4 b6 a4 17 96 07 ea ac 61 80 87 1a 7b 5f 24 ca
    6f 02 20 1b 5e 74 1a da c7 84 f5 60 95 76 ac ae
    10 d7 bd 56 12 07 df a0 72 bd c8 cb f7 1b a6 1c
    b6 66 a9 e8 08 ec c3 02 0f c0 38 84 3b 48 75 c7
    43 ec 01 5e f5 b2 64 7e a6 c8 4b a4 c7 1d 57 94
    c3 89 00 65 69 14 0d e7 65 44 66 37 e8 b0 cd c9
    c1 a0 ce 02 b4 9f 53 41 97 4c 95 e8 69 6e 42 30
    12 aa 60 94 c2 37 4c 85 62 be 00 72 87 dd 65 87
    1f 5b a4 52 50 14 4f e2 79 90 5a b0 48 92 77 5b
    55 1a 71 42 16 5f 39 5b eb 38 02 8e d4 ce 7d 3b
    ba 73 10 17 71 f2 ad 1f 17 7e 53 c1 c8 ff b7 b3
    31 a9 3a 07 85 57 c4 15 32 8f c9 5a ef da b0 e0
    a5 a3 48 79 27 04 aa 29 3f db 1e 13 15 7c 42 1c
    78 9c 20 13 63 01 30 18 75 25 ed 56 19 be 52 6c
    37 72 90 ae 83 a4 06 c4 9a 56 a7 35 a3 f7 91 d1
    da 64 1e aa 0c 3b 96 25 f2 57 6a 99 4a 92 db 49
    8a fc 41 cc e6 87 ac d3 86 a1 ae 6b 77 41 c5 ba
    c0 d6 be 18 2b 69 37 46 60 99 ea c1 22 36 08 d5
    0a 5f 6b c0 64 f4 ab be 62 6a c0 8e 62 6d a1 33
    a1 09 88 2c cc d9 8a c7 d4 30 64 e0 22 37 f4 96
    ad b2 c4 4a 06 09 ae 41 16 3e 40 c0 d2 a7 be be
    64 ab 71 b8 1b fa 7b 4f ef 29 37 7a f6 ce 35 61
    79 df 01 00 94 63 74 90 24 88 5d c6 05 4c 1b 77
    ca 19 af e8 6b 8a 36 f0 63 6b f5 cd 1f 48 94 35
    81 91 fe 00 44 7c a5 bd 43 ba 08 ea 69 90 2d 36
    3e 59 49 7b 52 02 10 ed 54 cf 2b 21 96 f7 34 2c
    0e e5 16 8b 52 c2 a8 aa 24 fb 27 82 3e 85 8d 21
    00 75 8d 0b 71 98 70 19 d8 f1 c3 cc f3 77 50 98
    6d 5c eb 5e f3 a8 0f da 32 53 77 e6 35 c9 f1 3b
    4c 93 07 96 86 39 c6 d7 5c 2b 22 0a d8 7b ad 9c
    b5 02 38 59 94 57 9b 05 2e d3 cd 11 77 8a 60 26
    08 7f 89 76 2b b8 a4 ad 35 20 22 fb 36 4d 21 23
    e6 c9 b7 c2 15 93 cb fb 66 90 88 84 b9 90 a7 5e
    d2 53 c4 ba 18 98 44 9a 83 99 7b ae 70 c5 92 a5
    75 ff 84 7d 42 42 9e d6 61 c1 16 f4 08 6d d0 24
    17 25 c5 6e b9 42 4c a6 35 c0 53 8c b6 a6 1f 09
    4b 8e e9 99 72 a6 c8 aa b4 53 01 59 ba 0a 84 b7
    a0 06 d1 22 d3 80 74 a1 5b 41 9e 37 75 8d 72 83
    8c 23 1f 64 04 33 34 e8 b8 72 87 44 0b 72 b3 b8
    d1 80 4e 74 9f ec c5 86 31 e9 ba bd db cf 83 d4
    2b fc c2 c5 dd 3b 1e de ab 8a 74 35 ba 88 38 27
    53 e4 85 6f d7 10 d7 73 3e 07 c4 03 19 c6 7f 94
    69 62 30 e7 4f 06 f5 8d 09 76 b7 d4 53 c4 0b 13
    c1 c8 27 8c c4 90 25 5c 15 2d 89 a6 1e a4 65 42
    17 22 c9 60 6b 64 52 17 20 e8 53 96 d0 c5 4a 32
    1a 44 2b a9 89 56 29 26 86 ab 05 f9 e2 04 4a 90
    3d b4 15 5f c1 5c 42 ec c2 54 d1 51 1a 57 35 bb
    69 6a b7 45 ac 7b e3 31 3f 77 60 c7 c8 73 ca a3
    ba 5f 3a 43 2b 1f 75 80 c5 6a a9 6c 00 7d 90 78
    ce 17 85 a5 48 26 79 77 5b 7d ea c2 90 54 06 33
    ec a9 4b 2d 32 2e 02 c5 7f cd ef 81 45 83 81 41
    b7 b9 07 71 14 a6 2d 41 56 76 00 f8 c8 6a d9 40
    56 69 72 8e c7 e5 3f 60 23 48 9b 4d 82 32 7c 45
    f8 21 80 eb 5d 31 85 a8 6f 39 6a 3c 89 a7 d2 e2
    6d 15 0a 6f 61 42
<<< TLS 1.2, RecordHeader [length 0005]
    16 03 03 04 ba
<<< TLS 1.3, Handshake [length 04ba], ServerHello
    02 00 04 b6 03 03 c9 f9 5d ae 85 a5 b6 4d eb ac
    36 7a 6e a3 d8 45 9c 32 00 4b da a1 40 7b f7 4f
    18 bc be 87 45 1d 20 42 d7 00 4f 17 fe b5 7a c0
    45 ac f6 d8 0e 85 95 89 e0 75 9f db a4 42 44 66
    85 00 86 d9 c5 4d 93 13 01 00 04 6e 00 2b 00 02
    03 04 00 33 04 64 11 ec 04 60 a5 b7 d2 49 74 ec
    dc 6b 07 7f 1e 91 a4 b5 80 39 b9 8f 57 af 5d 15
    16 e8 f9 68 bc 7e f4 fa 8d d9 83 1f d3 6a 05 ea
    b9 d8 d5 40 b2 57 8a 25 13 55 e1 c8 a0 25 a1 41
    26 67 db 84 37 2c 86 9c 7c b2 72 4e d6 bc f3 c7
    d5 7b d4 74 3c 2c 9f cd 13 16 9d c2 26 82 90 bd
    8b c7 25 6f 59 69 54 0e 38 40 3c 0c ed ce c6 9b
    33 a9 f9 8f a4 49 8b 6f 99 eb 0d 01 6e 44 ce fd
    2c f3 dc 27 56 55 15 67 55 d3 ba 11 47 76 a7 75
    92 9d 6c 3d 18 34 28 bf b0 9b d4 41 76 12 bd 46
    ba e7 f4 55 be b6 3d 67 69 f1 4e 80 9f 17 ef c9
    5e f8 85 98 f3 cf d5 1c 97 bf d9 02 77 c1 00 37
    02 b2 d4 b7 a2 ca 48 eb a2 9d b9 bb b3 45 23 08
    57 25 ed 1f d7 ed ab 38 e2 c4 29 47 75 aa 34 c3
    e7 89 0c 6c 25 21 52 65 33 b2 54 2c 54 53 55 15
    86 6a 45 bd e8 17 9b a0 a2 ae 28 9e 03 24 dc 3e
    6e 8a 64 2c 02 98 a8 2d 71 6e b4 23 d9 f8 a9 53
    d8 54 7b f3 45 14 c3 7d 8f 4e 29 b8 50 cc 5c 33
    71 7f 9f a6 5e 04 9d 11 ba 60 0c 9c b8 02 a0 0c
    a8 34 bc 6a 97 42 c5 d1 87 72 03 72 49 c8 13 0f
    eb 57 0d 33 74 3e 91 e1 8a 75 c9 88 a9 ef 09 80
    b9 a7 e5 27 81 22 9c 68 c2 02 51 ac bb c4 3b 77
    5b 68 08 f8 42 08 40 83 77 74 39 2e aa e7 d0 49
    7a 72 cf 98 27 3a 76 e8 ac 62 50 a9 b9 1c e9 83
    39 7b 37 08 f1 e4 ba 2b 63 e4 7c b4 37 ab 03 01
    10 9e dd 0a c8 8d 53 77 1a 35 2e 4e a3 c9 93 45
    34 e5 e8 e8 69 cb ac 40 ef ea 81 71 f5 67 01 33
    ad bc d8 26 1b 4b f3 bc d0 bd 22 01 74 69 6d 3e
    48 4a 3d 50 d3 27 0c f6 8f 8d 89 0a 5f eb d6 fe
    5d f7 13 06 f4 b8 f7 d6 11 2d e9 9f c6 63 fb e4
    17 b0 c7 7d 14 8d 8e 74 12 a6 05 1f 86 da a7 27
    b9 6e 98 21 68 af c7 8b 0f b8 51 e9 6a 4a 14 21
    51 8a d6 0d fd 86 8a f2 92 5b bd 86 32 f5 3c 34
    e5 b7 24 6b c2 a1 db e7 a0 cc 54 6e dc e5 fa 0a
    0d e6 f5 03 7e 23 c2 70 f9 fe 80 a1 8f ae c1 69
    e9 b9 ff 6d 34 87 b6 f0 3d 11 1d 3a 1e c0 d3 97
    31 d9 e6 d8 ce f7 81 26 ec 2f d3 f9 cd 82 e4 79
    a5 0e fa 86 64 84 8b dc c1 42 8d a8 ac 77 33 78
    5a 88 de d7 ab 9a c0 52 d4 6d 4b 9d dd 5d de 2c
    26 7d e2 75 63 31 df 31 a6 15 eb 7f 3b 06 eb 29
    ba f2 68 7d f6 90 72 1e 35 92 1b 2e 16 66 70 57
    3a ff 6b 4b a5 57 cd aa e1 e7 2e c1 f7 53 72 c7
    38 61 73 93 d2 9d f9 02 ce 37 1b 53 68 08 eb d7
    55 c5 e9 28 9e 18 e9 73 e3 88 e7 2f 8b aa c4 60
    db 9d 3a 4c 01 06 c0 4d 4a 6e 85 61 da 67 6b 5a
    ed 10 44 ae 57 67 94 1b 8d fe fa 4c 2e 6e 9d 97
    2b 51 6d 16 2d 87 ce 4b 1e 5a 9e b9 de 8e 53 51
    ef a4 4b ae 4a ce 1d cd dd 2b 39 af c4 2e fe bf
    e8 35 b2 aa 3d 36 b3 4f ca a1 9f 17 b1 5c 10 57
    54 ae 26 99 12 b9 aa d3 03 a4 82 d7 7f b7 41 c9
    87 ab c1 25 be 43 cb 44 f0 db 33 e9 8f 5e 66 9c
    1d fe 36 12 90 d5 6a de b7 75 b5 46 21 e1 af 9b
    33 22 5a de f3 f6 33 4f fa 68 cb 0f e2 13 95 86
    1c 4c 6e 08 38 77 43 b6 60 08 0e df 0b 4a 9a 3f
    ca 93 19 ce 58 ec a1 9d fa 9f fb 6c 25 a0 92 f2
    c3 be 37 1d 54 cb 9a a2 fb 9a b7 ef 36 9d 4f 21
    c3 6d 0f e0 87 35 76 b2 27 b3 4b fa f1 73 80 51
    e8 42 c9 b9 aa 92 3d d6 25 c0 70 61 b9 86 19 11
    63 eb dd a5 13 23 86 4e f6 82 2b b6 41 70 c8 fc
    07 40 51 34 7e fb 1c 63 78 03 bc 78 d2 28 00 7b
    97 9e 41 e6 cb d9 49 a0 da dc e8 90 69 a1 b9 83
    77 a7 c9 90 19 39 99 d2 66 3e 97 9b 38 7a 3f 73
    69 91 1a 0f 65 df 39 49 ac d8 3b f2 ed 2e 27 1b
    5e e6 82 c7 5d ce 13 71 96 de 57 66 2f 70 06 8b
    2e 04 cb 20 74 0c 21 e3 fc d9 2c c0 cd 27 c5 42
    a9 49 04 40 36 e7 2e 89 fb e4 4b 78 89 9b 06 c6
    3e 49 d9 38 b0 c3 f1 ec 05 4d 63 67 6d 93 76 c1
    30 fc 8b 6d 12 56 0a d8 0d e3 7d 5a 77 d3 27 e6
    e6 97 7e e3 51 d0 77 28 1b 5a b7 ac 98 2b d9 2f
    bc 36 30 f5 26 43 af 9b 01 e8 57 f9 ca 9f f9 85
    70 ab 82 eb 8b 3a 32 65 1c 5b
<<< TLS 1.2, RecordHeader [length 0005]
    14 03 03 00 01
<<< TLS 1.3, ChangeCipherSpec [length 0001]
    01
<<< TLS 1.2, RecordHeader [length 0005]
    17 03 03 00 17
<<< TLS 1.3, InnerContent [length 0001]
    16
<<< TLS 1.3, Handshake [length 0006], EncryptedExtensions
    08 00 00 02 00 00
<<< TLS 1.2, RecordHeader [length 0005]
    17 03 03 03 ab
<<< TLS 1.3, InnerContent [length 0001]
    16
<<< TLS 1.3, Handshake [length 039a], Certificate
    0b 00 03 96 00 00 03 92 00 01 bd 30 82 01 b9 30
    82 01 5f a0 03 02 01 02 02 11 00 c8 4a 45 2d de
    43 18 d4 e5 46 fb bd f9 35 dd 1f 30 0a 06 08 2a
    86 48 ce 3d 04 03 02 30 33 31 31 30 2f 06 03 55
    04 03 13 28 43 61 64 64 79 20 4c 6f 63 61 6c 20
    41 75 74 68 6f 72 69 74 79 20 2d 20 45 43 43 20
    49 6e 74 65 72 6d 65 64 69 61 74 65 30 1e 17 0d
    32 36 30 39 32 39 30 35 34 36 35 34 5a 17 0d 32
    36 30 39 32 39 31 37 34 36 35 34 5a 30 00 30 59
    30 13 06 07 2a 86 48 ce 3d 02 01 06 08 2a 86 48
    ce 3d 03 01 07 03 42 00 04 c8 bd 0f fe 4f af bf
    d5 7b 5f 17 ce 01 46 a3 46 ae e3 2c 99 eb 3e d5
    59 60 7d 87 06 51 a7 f0 16 c9 f5 1d bf 11 fd 5a
    e9 fd ab eb 99 b9 25 38 db 73 0c ba eb 15 47 1a
    28 55 ba 9e fb d4 b1 71 0c a3 81 86 30 81 83 30
    0e 06 03 55 1d 0f 01 01 ff 04 04 03 02 07 80 30
    1d 06 03 55 1d 25 04 16 30 14 06 08 2b 06 01 05
    05 07 03 01 06 08 2b 06 01 05 05 07 03 02 30 1d
    06 03 55 1d 0e 04 16 04 14 ad 2b 9c 62 c7 fa 2b
    57 ff fb c1 fe 2e be 4c 0e f4 c5 1e 98 30 1f 06
    03 55 1d 23 04 18 30 16 80 14 1e 4b f5 b5 bf d2
    49 ea fe a3 68 02 cd 5a d5 59 ca f0 13 b2 30 12
    06 03 55 1d 11 01 01 ff 04 08 30 06 87 04 7f 00
    00 01 30 0a 06 08 2a 86 48 ce 3d 04 03 02 03 48
    00 30 45 02 20 61 ec 4b 96 5e f4 32 24 d4 14 31
    56 0a 50 96 91 06 95 ff 1c f5 a9 39 c8 e4 c7 9e
    3d b6 6e 24 4d 02 21 00 b5 fb a5 36 37 cd cf 8a
    f9 f1 66 b1 3e df 2c fc b9 5f fe 0a 76 3b 30 de
    a5 5c 93 d8 de d6 e9 bd 00 00 00 01 cb 30 82 01
    c7 30 82 01 6d a0 03 02 01 02 02 10 6f 96 30 9a
    4b 67 3c 1d 9e 4f a1 15 64 28 b2 e8 30 0a 06 08
    2a 86 48 ce 3d 04 03 02 30 30 31 2e 30 2c 06 03
    55 04 03 13 25 43 61 64 64 79 20 4c 6f 63 61 6c
    20 41 75 74 68 6f 72 69 74 79 20 2d 20 32 30 32
    36 20 45 43 43 20 52 6f 6f 74 30 1e 17 0d 32 36
    30 39 32 39 30 35 34 35 32 39 5a 17 0d 32 36 31
    30 30 36 30 35 34 35 32 39 5a 30 33 31 31 30 2f
    06 03 55 04 03 13 28 43 61 64 64 79 20 4c 6f 63
    61 6c 20 41 75 74 68 6f 72 69 74 79 20 2d 20 45
    43 43 20 49 6e 74 65 72 6d 65 64 69 61 74 65 30
    59 30 13 06 07 2a 86 48 ce 3d 02 01 06 08 2a 86
    48 ce 3d 03 01 07 03 42 00 04 7f 54 52 36 8d eb
    6e c8 25 b7 8a 71 71 a6 74 de c9 47 3d f2 bd be
    c4 ca 44 7a f6 7a f4 fb 9c 6e 9d 8d 7a 14 1c 70
    8c 39 51 53 3e 3a ea 92 b2 b0 bb 3b cd 5e c0 25
    58 9c 16 ca 00 c2 ff 54 0a 6d a3 66 30 64 30 0e
    06 03 55 1d 0f 01 01 ff 04 04 03 02 01 06 30 12
    06 03 55 1d 13 01 01 ff 04 08 30 06 01 01 ff 02
    01 00 30 1d 06 03 55 1d 0e 04 16 04 14 1e 4b f5
    b5 bf d2 49 ea fe a3 68 02 cd 5a d5 59 ca f0 13
    b2 30 1f 06 03 55 1d 23 04 18 30 16 80 14 ee 98
    ae 58 5d a9 43 fe 5e a3 c5 77 4f ac 5d 68 01 29
    ec a3 30 0a 06 08 2a 86 48 ce 3d 04 03 02 03 48
    00 30 45 02 21 00 c8 69 eb 78 cd 7e 63 82 92 31
    7c a4 af d7 5f b6 70 9e 76 94 2a 23 a9 54 7f dc
    57 82 22 13 d9 62 02 20 13 c2 8d b8 4e 77 3b 95
    ba 65 da cd d6 65 1f 3f 65 36 0a a1 a7 c9 e8 af
    29 11 3b e2 64 fd e7 66 00 00
<<< TLS 1.2, RecordHeader [length 0005]
    17 03 03 00 61
<<< TLS 1.3, InnerContent [length 0001]
    16
<<< TLS 1.3, Handshake [length 0050], CertificateVerify
    0f 00 00 4c 04 03 00 48 30 46 02 21 00 a7 6b 0c
    c2 18 0c bc 3b 20 cf 6e 7c 7a be c5 9c c9 cf 8f
    4f e3 b6 3a 81 69 33 14 55 fc 12 74 c4 02 21 00
    b3 f8 f4 48 8f 59 6b dd 32 4f 8c a2 ee 3d b0 28
    9f 6e ef 13 f8 40 0b 3a 79 95 b4 ed 73 39 03 aa
<<< TLS 1.2, RecordHeader [length 0005]
    17 03 03 00 35
<<< TLS 1.3, InnerContent [length 0001]
    16
<<< TLS 1.3, Handshake [length 0024], Finished
    14 00 00 20 3e 67 1c bb b1 b3 9e 88 5f 4f ff c0
    e1 c8 bd 1b 61 20 e2 6c 22 19 2f d8 47 be 31 68
    24 5d bd 05
>>> TLS 1.2, RecordHeader [length 0005]
    14 03 03 00 01
>>> TLS 1.3, ChangeCipherSpec [length 0001]
    01
>>> TLS 1.2, RecordHeader [length 0005]
    17 03 03 00 35
>>> TLS 1.2, InnerContent [length 0001]
    16
>>> TLS 1.3, Handshake [length 0024], Finished
    14 00 00 20 91 8f ec 0b 27 ed 87 f7 60 37 40 67
    39 f4 5a 70 05 c0 71 39 96 f9 30 37 c7 87 c5 50
    bd 75 df 6a
---
Certificate chain
 0 s:
   i:CN=Caddy Local Authority - ECC Intermediate
   a:PKEY: EC, (prime256v1); sigalg: ecdsa-with-SHA256
   v:NotBefore: Sep 29 05:46:54 2026 GMT; NotAfter: Sep 29 17:46:54 2026 GMT
 1 s:CN=Caddy Local Authority - ECC Intermediate
   i:CN=Caddy Local Authority - 2026 ECC Root
   a:PKEY: EC, (prime256v1); sigalg: ecdsa-with-SHA256
   v:NotBefore: Sep 29 05:45:29 2026 GMT; NotAfter: Oct  6 05:45:29 2026 GMT
---
Server certificate
-----BEGIN CERTIFICATE-----
MIIBuTCCAV+gAwIBAgIRAMhKRS3eQxjU5Ub7vfk13R8wCgYIKoZIzj0EAwIwMzEx
MC8GA1UEAxMoQ2FkZHkgTG9jYWwgQXV0aG9yaXR5IC0gRUNDIEludGVybWVkaWF0
ZTAeFw0yNjA5MjkwNTQ2NTRaFw0yNjA5MjkxNzQ2NTRaMAAwWTATBgcqhkjOPQIB
BggqhkjOPQMBBwNCAATIvQ/+T6+/1XtfF84BRqNGruMsmes+1VlgfYcGUafwFsn1
Hb8R/Vrp/avrmbklONtzDLrrFUcaKFW6nvvUsXEMo4GGMIGDMA4GA1UdDwEB/wQE
AwIHgDAdBgNVHSUEFjAUBggrBgEFBQcDAQYIKwYBBQUHAwIwHQYDVR0OBBYEFK0r
nGLH+itX//vB/i6+TA70xR6YMB8GA1UdIwQYMBaAFB5L9bW/0knq/qNoAs1a1VnK
8BOyMBIGA1UdEQEB/wQIMAaHBH8AAAEwCgYIKoZIzj0EAwIDSAAwRQIgYexLll70
MiTUFDFWClCWkQaV/xz1qTnI5MeePbZuJE0CIQC1+6U2N83PivnxZrE+3yz8uV/+
CnY7MN6lXJPY3tbpvQ==
-----END CERTIFICATE-----
subject=
issuer=CN=Caddy Local Authority - ECC Intermediate
---
No client certificate CA names sent
Peer signing digest: SHA256
Peer signature type: ecdsa_secp256r1_sha256
Negotiated TLS1.3 group: X25519MLKEM768
---
SSL handshake has read 2353 bytes and written 1467 bytes
Verification error: unable to get local issuer certificate
---
New, TLSv1.3, Cipher is TLS_AES_128_GCM_SHA256
Protocol: TLSv1.3
Server public key is 256 bit
This TLS version forbids renegotiation.
Compression: NONE
Expansion: NONE
No ALPN negotiated
Early data was not sent
Verify return code: 20 (unable to get local issuer certificate)
---
<<< TLS 1.2, RecordHeader [length 0005]
    17 03 03 00 8b
<<< TLS 1.3, InnerContent [length 0001]
    16
<<< TLS 1.3, Handshake [length 007a], NewSessionTicket
    04 00 00 76 00 09 3a 80 80 10 c8 dc 00 00 69 cc
    c7 4d 8a 35 a4 d6 cc d2 a9 31 6b 4b 70 a8 b9 41
    02 f9 5f a7 54 de dd 49 c5 7e be 76 ab df e6 9c
    f0 82 58 69 d6 40 3e 48 09 72 9b 37 c0 4d 7a a3
    d7 e0 02 0b 15 03 f0 31 0b 90 8b 5b be bb 29 df
    f3 8a ca 34 6f f2 6d 52 f7 66 e0 f5 45 d2 5e 25
    26 eb 06 a8 74 89 a1 7d 11 34 c6 fc e4 b3 0d 82
    97 86 f7 37 bd 7e b6 8c 00 00
---
Post-Handshake New Session Ticket arrived:
SSL-Session:
    Protocol  : TLSv1.3
    Cipher    : TLS_AES_128_GCM_SHA256
    Session-ID: 10F6B2FA5314C68B086AAFB50EDE11C513CD72B2A1B6ABA8405DC02207F4A1CC
    Session-ID-ctx: 
    Resumption PSK: ADA06EB461D91B93C56262D8D1907A1D6ECB0DF8DB2A69E22B9C4FF877D00DEA
    PSK identity: None
    PSK identity hint: None
    SRP username: None
    TLS session ticket lifetime hint: 604800 (seconds)
    TLS session ticket:
    0000 - cc c7 4d 8a 35 a4 d6 cc-d2 a9 31 6b 4b 70 a8 b9   ..M.5.....1kKp..
    0010 - 41 02 f9 5f a7 54 de dd-49 c5 7e be 76 ab df e6   A.._.T..I.~.v...
    0020 - 9c f0 82 58 69 d6 40 3e-48 09 72 9b 37 c0 4d 7a   ...Xi.@>H.r.7.Mz
    0030 - a3 d7 e0 02 0b 15 03 f0-31 0b 90 8b 5b be bb 29   ........1...[..)
    0040 - df f3 8a ca 34 6f f2 6d-52 f7 66 e0 f5 45 d2 5e   ....4o.mR.f..E.^
    0050 - 25 26 eb 06 a8 74 89 a1-7d 11 34 c6 fc e4 b3 0d   %&...t..}.4.....
    0060 - 82 97 86 f7 37 bd 7e b6-8c                        ....7.~..

    Start Time: 1790663382
    Timeout   : 7200 (sec)
    Verify return code: 20 (unable to get local issuer certificate)
    Extended master secret: no
    Max Early Data: 0
---
read R BLOCK
>>> TLS 1.2, RecordHeader [length 0005]
    17 03 03 00 13
>>> TLS 1.2, InnerContent [length 0001]
    15
>>> TLS 1.3, Alert [length 0002], warning close_notify
    01 00
Connecting to 127.0.0.1
SSL_connect:before SSL initialization
SSL_connect:SSLv3/TLS write client hello
SSL_connect:SSLv3/TLS write client hello
SSL_connect:SSLv3/TLS read server hello
Can't use SSL_get_servername
SSL_connect:TLSv1.3 read encrypted extensions
depth=1 CN=Caddy Local Authority - ECC Intermediate
verify error:num=20:unable to get local issuer certificate
verify return:1
depth=0 
verify return:1
SSL_connect:SSLv3/TLS read server certificate
SSL_connect:TLSv1.3 read server certificate verify
SSL_connect:SSLv3/TLS read finished
SSL_connect:SSLv3/TLS write change cipher spec
SSL_connect:SSLv3/TLS write finished
SSL_connect:SSL negotiation finished successfully
SSL_connect:SSL negotiation finished successfully
SSL_connect:SSLv3/TLS read server session ticket
DONE
SSL3 alert write:warning:close notify
