CONNECTED(00000003)
>>> TLS 1.0, RecordHeader [length 0005]
    16 03 01 00 d6
>>> TLS 1.3, Handshake [length 00d6], ClientHello
    01 00 00 d2 03 03 f8 81 46 e8 07 a0 be d5 1e 0c
    78 14 b2 dd d2 09 c5 10 52 10 1a ec e1 db 93 e3
    56 fc 42 ba 76 8d 20 7c 0d b6 1f 90 91 21 d1 2a
    cd e6 fc a0 b6 62 0e 02 2e 36 59 00 0c 3b d3 dc
    93 fe 9d 81 f5 d6 03 00 06 13 02 13 03 13 01 01
    00 00 83 00 0b 00 04 03 00 01 02 00 0a 00 06 00
    04 00 1d 11 ec 00 23 00 00 00 16 00 00 00 17 00
    00 00 0d 00 2a 00 28 09 05 09 06 09 04 04 03 05
    03 06 03 08 07 08 08 08 1a 08 1b 08 1c 08 09 08
    0a 08 0b 08 04 08 05 08 06 04 01 05 01 06 01 00
    2b 00 03 02 03 04 00 2d 00 02 01 01 00 33 00 26
    00 24 00 1d 00 20 8b 6e 0b 0a cc e6 57 b3 22 2c
    8e fc ea 01 a1 fd 0c b3 de 04 4f 8b f9 1f c8 36
    25 01 e5 0f ae 51
<<< TLS 1.2, RecordHeader [length 0005]
    16 03 03 00 58
<<< TLS 1.3, Handshake [length 0058], ServerHello
    02 00 00 54 03 03 cf 21 ad 74 e5 9a 61 11 be 1d
    8c 02 1e 65 b8 91 c2 a2 11 16 7a bb 8c 5e 07 9e
    09 e2 c8 a8 33 9c 20 7c 0d b6 1f 90 91 21 d1 2a
    cd e6 fc a0 b6 62 0e 02 2e 36 59 00 0c 3b d3 dc
    93 fe 9d 81 f5 d6 03 13 01 00 00 0c 00 2b 00 02
    03 04 00 33 00 02 11 ec
>>> TLS 1.2, RecordHeader [length 0005]
    14 03 03 00 01
>>> TLS 1.3, ChangeCipherSpec [length 0001]
    01
>>> TLS 1.2, RecordHeader [length 0005]
    16 03 03 05 76
>>> TLS 1.3, Handshake [length 0576], ClientHello
    01 00 05 72 03 03 f8 81 46 e8 07 a0 be d5 1e 0c
    78 14 b2 dd d2 09 c5 10 52 10 1a ec e1 db 93 e3
    56 fc 42 ba 76 8d 20 7c 0d b6 1f 90 91 21 d1 2a
    cd e6 fc a0 b6 62 0e 02 2e 36 59 00 0c 3b d3 dc
    93 fe 9d 81 f5 d6 03 00 06 13 02 13 03 13 01 01
    00 05 23 00 0b 00 04 03 00 01 02 00 0a 00 06 00
    04 00 1d 11 ec 00 23 00 00 00 16 00 00 00 17 00
    00 00 0d 00 2a 00 28 09 05 09 06 09 04 04 03 05
    03 06 03 08 07 08 08 08 1a 08 1b 08 1c 08 09 08
    0a 08 0b 08 04 08 05 08 06 04 01 05 01 06 01 00
    2b 00 03 02 03 04 00 2d 00 02 01 01 00 33 04 c6
    04 c4 11 ec 04 c0 e0 90 74 aa c9 9c 5f c0 c5 c8
    5b 32 8e a1 95 23 1a 07 0d c8 55 72 3b 22 57 45
    3f aa 3a af 82 46 5d a8 51 56 86 fb c0 99 24 1e
    ba 8a a3 7e 11 0e 35 50 1f 9a e0 ad 21 39 b0 b6
    20 25 76 c4 56 ff 18 9f 3e f8 73 01 50 26 da fc
    58 a4 46 9b a9 e7 4e 81 b3 38 63 cc 06 b7 ba a4
    2c 29 51 aa d3 32 ab 88 7b e0 73 a8 74 f1 39 75
    59 58 45 95 39 66 0b b4 3a 74 c7 b9 7c 87 3f db
    04 2b ea 44 f0 99 97 bf e2 7e 8a e5 a2 63 c5 4f
    de c6 1a 80 04 48 c5 21 a2 7f d5 22 a5 92 53 6c
    1c c1 4d 73 ba 52 47 30 09 f5 aa 50 e7 9f 1b 29
    29 9f 82 6b 3e fa 31 21 f6 b0 71 18 6b 34 80 8c
    8d 82 51 81 d6 4e e1 22 22 95 f2 c5 81 00 93 4e
    44 4f 40 cb 20 f6 1a ad c6 10 1a b5 b3 31 1a 76
    5b e4 a7 48 72 22 78 52 30 77 8c a2 5a 78 a8 9f
    a6 d6 70 66 14 c7 37 d6 ae b5 78 5f 11 e0 2d bb
    c2 23 6c d7 87 b1 c6 18 76 da 85 fe 47 a7 ee 25
    1a b9 dc 9d b9 12 cd ae 5a 4c ad f6 0b d8 01 85
    0a 25 a5 1c 11 9b 76 b9 69 46 67 6b 8d b4 0e 24
    d4 71 d5 66 76 5d 55 47 6e 69 49 f8 48 c6 85 23
    c7 8b 70 35 b5 49 14 ef 0a 31 b1 ea 7d d6 61 4a
    e3 e7 41 36 c1 34 a2 9b a5 9e 7b 38 46 f8 15 c3
    13 58 23 9c 7d 8b 50 bd 94 aa 48 eb 93 cb e1 82
    a0 26 d9 c5 3d c2 a3 fa 8b 49 40 06 60 04 a4 01
    8a 45 2f 16 a6 7e 16 f9 cd 56 35 b9 26 c8 86 3c
    c2 5f 80 b0 bf 3a 67 b3 a1 12 28 d1 8c 1d bf 7c
    52 fe 01 2b bc 24 4f 40 2a 67 9e 20 c3 44 c3 36
    a7 db 60 55 68 9b 1b 67 64 e8 56 20 50 32 ab 03
    75 62 18 f6 b5 fc 2c bc 53 0b 3c 88 db 6d b9 18
    32 17 fa 1e 29 13 09 27 95 8a b1 e5 bd b5 f2 1b
    b0 60 78 6f 10 7d 95 21 4b 09 3c 71 e7 67 c2 fb
    14 2c 24 c6 4c 07 95 1c b5 e2 53 3e d8 09 de 77
    7f ce c7 be c4 0a d0 c8 5b 28 ad 08 c6 86 68 a4
    97 e8 ab 22 55 b9 43 a0 1f 47 3b 69 6a 27 47 9e
    e0 20 24 4c 4e 0b 46 8e 9e e5 a6 74 c7 53 a3 c9
    b4 e7 d2 86 c7 4c 10 5a 90 22 a3 f4 95 ea b0 7d
    5e 68 3b 0a 65 c7 32 8b 80 95 0c 5f 04 08 34 fd
    53 42 d2 09 61 cf 54 6c 93 18 32 a2 55 04 c4 04
    2f 4f a5 ce 2b 88 3a f1 42 96 27 b1 7a ab b9 82
    eb d7 18 aa c4 07 be 61 29 09 cc 23 19 59 c6 86
    c4 6c 86 d8 b0 18 9a 2f 6c b1 6c 0d 51 1b ed f6
    97 06 d4 47 cd 69 54 39 68 3f 5e 1a 5a 60 57 16
    67 3a 53 c5 cb 77 06 52 0b 7a 1c 92 f1 a1 09 ac
    94 7d f7 49 0f ca 44 ac 0f 0a 39 c5 60 51 20 dc
    87 f0 c0 56 e8 83 4c 60 f5 b8 b8 c1 16 76 4c 1c
    af bb 00 d3 c0 43 a3 6b bf 53 94 7b 8e 96 33 93
    79 44 47 14 6c 8d ec 8c 70 e9 1d 76 e5 32 c1 f1
    8d d0 b9 42 fb 06 aa 5d 78 41 43 21 19 f2 78 c7
    76 25 83 86 b9 25 29 39 a3 57 96 ae 0a e0 77 b3
    82 98 58 e7 8c f1 da 82 3d f0 c3 f5 a0 5d a8 d9
    a6 62 1a 7f c6 c4 9e cd fa 6c 58 2c 46 cb b5 4c
    63 4a 94 dd b9 72 9e 84 92 e8 b8 0e 67 da ce a0
    b6 c5 b8 d5 13 7e 43 14 1c 29 50 56 76 8b 36 e8
    b4 70 c4 a0 d9 9a ce 25 15 13 a9 15 92 2e 4a b4
    ac bb c2 77 52 7b 9e c8 23 30 36 33 75 b0 cb 84
    a4 06 33 19 70 51 c9 76 46 38 38 56 1a 74 7b 46
    30 6b 50 1a 88 9b 34 5e 26 70 aa 6b 80 74 bb 79
    88 a1 7a 22 f0 4d 0f 73 9b 77 84 03 6b 2b 7b b4
    09 c8 ef e4 7d db a4 94 a8 c3 6a d4 68 4a 38 06
    18 52 a5 a1 53 13 35 8a 51 c1 12 19 0c 06 69 1a
    a3 45 27 41 ac 1f 6a 66 8f a6 77 c8 d5 f1 a9 1b
    e3 1e 04 71 94 65 f0 6c 46 67 91 11 72 1d 83 5a
    6f 16 fc 86 a3 1b 72 41 15 34 af 3b 0b 4f fc c8
    50 d6 45 e1 b6 c2 5f 6b b7 9f b6 26 27 44 3a 76
    85 32 04 a6 51 cc dc 01 55 54 03 7f 82 85 9d 24
    0f 06 53 b4 cb d7 76 ed d4 12 b4 b1 7f 43 93 31
    3c b8 64 17 19 2e c5 55 6d fd 72 c7 44 6c cf 86
    81 32 cd c4 5a 77 f3 a0 b6 e9 74 a7 05 3b 24 80
    28 67 7c 1d 79 b4 28 d2 0b 3f 35 52 46 82 7c 87
    ef d5 2f e1 1b 09 e1 78 56 51 ac 45 ab 2a 28 26
    c6 35 f3 42 62 3c f5 48 b3 1a be 70 dc 58 a6 d5
    59 d2 51 00 c3 b2 3a 63 42 7c 22 b2 63 11 29 7e
    47 e7 58 7b e2 48 6e a0 9d 24 90 45 e3 b1 64 d8
    25 6c 8f 3e 3c c2 f9 9a 19 eb d7 e2 fe 74 d3 a4
    d9 88 15 07 34 0c 1f c3 ef bb b5 9c e4 66 d8 6a
    d7 62 83 07 6c ee dc 0c f1 cd 80 72 32 67 9d 00
    0f 9a db 61 42 41
<<< TLS 1.2, RecordHeader [length 0005]
    14 03 03 00 01
<<< TLS 1.3, ChangeCipherSpec [length 0001]
    01
<<< TLS 1.2, RecordHeader [length 0005]
    16 03 03 04 ba
<<< TLS 1.3, Handshake [length 04ba], ServerHello
    02 00 04 b6 03 03 ff 1e c9 ff 4d e8 23 27 a1 50
    dd 1f 8d da 36 af e8 d3 f0 9c 55 2e e5 74 cd f8
    3a 7c 0b 94 ac 7d 20 7c 0d b6 1f 90 91 21 d1 2a
    cd e6 fc a0 b6 62 0e 02 2e 36 59 00 0c 3b d3 dc
    93 fe 9d 81 f5 d6 03 13 01 00 04 6e 00 2b 00 02
    03 04 00 33 04 64 11 ec 04 60 f1 17 31 50 11 0e
    01 6f 14 92 6b cb 21 8d ba 82 4c c4 2c d4 ae 2c
    3a 1e 82 69 8d ba 89 7f 9d 68 73 df af 97 86 57
    15 48 04 38 6d 01 8a 51 76 1c 95 19 b9 73 ec f3
    9a 39 b6 45 4e 5f 4d 01 b7 e2 05 11 5e f3 db 8e
    f6 70 58 0e 1a cc 14 ed 43 28 62 af 8b 17 e0 4d
    4d 34 ea 8d 29 18 af 38 c0 db 24 fd e7 bb fa d7
    b7 36 31 26 e1 07 5e cb 2e 81 2b 6c 83 25 05 60
    a9 49 46 03 aa cf 8e 7a eb dd be 1e 3f 89 ea 44
    8a 72 12 6e 87 cb 1e 5c 8e 6a 5f 96 01 62 bc b1
    dc 30 17 85 0f 09 1b 88 b6 ee f4 d2 a6 e2 26 f7
    a9 a2 df 62 ff ef 5d 89 2e 05 df 5d 8d c5 96 6c
    23 05 e1 c9 f6 b5 4c bd 54 b5 ac 98 a8 d2 24 c0
    5a 5b 73 60 5d 70 4b ba db 4a 3c 46 b4 dd 7e ad
    05 b7 3d 42 b7 3e f8 93 98 7b 96 09 63 46 32 46
    2e c4 59 cf bc 38 d8 4a 82 87 7b 17 e9 cf ad 9e
    cf 59 44 c8 b1 98 78 c2 09 1a e2 a5 1b 69 2b 69
    3a b8 fd c9 29 f2 55 02 e5 60 35 a3 fd d4 1e 6c
    3f 94 60 2a c6 d8 1e 7e 67 99 62 40 2f 7e 8d e3
    4d fb 0d 91 99 22 a0 99 8b 00 14 20 12 eb f3 ad
    12 38 ad 3f 3a e4 8d 59 ba 31 76 eb 69 f0 48 23
    0f 6d 6c c8 c4 49 82 f5 e6 0a e5 a9 3c 57 ce 86
    c2 c4 f8 6a 72 d7 26 78 71 ac 45 22 cc 62 3f 6b
    cf 2a 02 03 d4 da 8c da 5e 68 f2 ca 7d 32 8f 11
    09 5f 08 ad 39 cd d9 d8 db 25 94 6f 68 66 e8 a1
    2e 4a 91 be e3 d3 f6 58 3a 36 c2 35 98 8b 51 55
    f5 f7 e4 8f ef 7e a1 cf b2 98 b1 09 60 a5 da 83
    4f 3a 65 af de a2 9c 4c 23 03 06 5e 06 a9 95 85
    6d e9 70 93 12 cc 0f 97 e3 69 45 e7 41 43 bf 15
    4a 8b fe 36 87 70 76 f4 32 97 e6 fe 19 ba 1f 97
    60 5f 23 a8 f3 1a bd 9c 61 80 5f 48 c9 a2 5d d6
    3b 75 ef bf 9f 1b 94 a3 00 9f 4f d2 fb 47 74 27
    5e cd 73 15 6f 9a 5a e3 1f b3 87 a2 a5 8d c3 63
    27 bb b1 b0 ce b7 eb 01 2e 4a 6c 87 54 fe 8b 4f
    d5 55 cb 53 f5 a4 b1 0b 25 0d f3 89 15 98 5d 43
    ca 93 02 bb 72 bb 37 90 82 fc 8b 2a 54 01 5e e5
    36 c6 1f 16 5d fd 35 39 96 7e 8c 73 c1 96 36 d2
    11 2d 6d a9 35 f3 34 90 b8 63 f8 94 61 50 2f c8
    da 44 c6 58 54 33 ea 65 36 9c 66 85 40 f7 5f 20
    ed 50 0a cb 4c 65 cf 9e a5 4b 6d cc 24 11 dd 8b
    e8 24 33 8f b0 58 56 2b 9f 30 20 7e e4 f7 57 9a
    ef 9c d3 c0 9c 50 75 a1 96 ce e6 cf b0 e3 14 b6
    92 95 ef 3f 58 b8 5a fe 84 f3 26 61 db b2 95 f8
    61 ad c6 d9 35 5c b5 18 3a c0 f6 a2 48 bf ad 7c
    88 ae ed 3c 0b 31 6f c2 e5 ca aa 2d af 03 44 bd
    5d 2d 11 d4 fd 02 e8 58 77 aa 3d 9c 4a 4f d7 d6
    61 e2 e9 d6 c4 cc f9 cc d4 8e 48 88 a5 59 6b 2c
    85 d9 c6 5f 2d 04 16 cb 64 b6 0d 7d 27 a1 7b de
    08 92 07 e9 77 72 69 e7 87 f7 2f 6b 9f c4 6c 08
    d5 88 72 64 68 ef 84 3c d9 17 c0 05 f8 24 ef ae
    eb 33 11 56 f2 1c 06 2d b7 8f d9 93 b8 f1 b0 54
    14 7c 8d fd 49 10 1e 3d 93 8c f0 1c 10 fd c1 26
    a4 cd 86 48 78 c2 25 ea df 16 60 30 19 25 47 3a
    c8 35 55 14 1f 63 8e be 98 e8 77 54 b8 4a 10 13
    4e 35 b4 3d c7 cd 5e 33 56 db 85 41 31 de 02 f3
    2f 59 fa a3 50 72 20 c8 6f 98 13 05 47 78 36 29
    47 29 55 c0 c8 81 9f d3 08 d6 58 79 d1 7f fe fa
    85 7a 17 d5 af db 3e 76 8a 31 00 a9 97 da da be
    97 1b 4e 65 02 07 6f fb c0 e9 8f b5 ee 85 35 04
    37 c8 dd b4 97 e3 d6 cd d1 8f 94 bb 4f 3c f8 2f
    dd ae 08 79 ac 48 50 91 24 b2 27 10 01 1b 44 f6
    6d 89 67 38 d2 63 e8 fa b1 36 bc f3 10 c2 78 ed
    7e b5 be a2 9f 9e 82 58 d5 45 db e9 ad 5f 71 d5
    f5 79 7a ae 4b e0 80 03 e9 a1 f9 6c be bd d2 70
    c7 34 20 9a 98 27 91 be a5 fc f5 69 9f 5d d0 cb
    06 25 b6 75 1a a4 8d 75 2a b3 dd 8b e0 de 23 4a
    00 f3 a2 70 33 94 79 03 e6 b9 f7 70 92 6b 2b 52
    44 d5 23 8e 70 f1 fe 86 d3 a2 66 79 95 ad 99 98
    db 0f 75 df e4 15 f7 28 cd 0b 1e fc 41 6e 87 e3
    4a 30 84 1c a2 8e ec 93 e7 f8 90 65 f4 ea 07 1d
    6a 90 be 57 61 c2 26 35 ba 61
<<< TLS 1.2, RecordHeader [length 0005]
    17 03 03 00 17
<<< TLS 1.3, InnerContent [length 0001]
    16
<<< TLS 1.3, Handshake [length 0006], EncryptedExtensions
    08 00 00 02 00 00
<<< TLS 1.2, RecordHeader [length 0005]
    17 03 03 03 ab
<<< TLS 1.3, InnerContent [length 0001]
    16
<<< TLS 1.3, Handshake [length 039a], Certificate
    0b 00 03 96 00 00 03 92 00 01 bd 30 82 01 b9 30
    82 01 5f a0 03 02 01 02 02 11 00 c8 4a 45 2d de
    43 18 d4 e5 46 fb bd f9 35 dd 1f 30 0a 06 08 2a
    86 48 ce 3d 04 03 02 30 33 31 31 30 2f 06 03 55
    04 03 13 28 43 61 64 64 79 20 4c 6f 63 61 6c 20
    41 75 74 68 6f 72 69 74 79 20 2d 20 45 43 43 20
    49 6e 74 65 72 6d 65 64 69 61 74 65 30 1e 17 0d
    32 36 30 39 32 39 30 35 34 36 35 34 5a 17 0d 32
    36 30 39 32 39 31 37 34 36 35 34 5a 30 00 30 59
    30 13 06 07 2a 86 48 ce 3d 02 01 06 08 2a 86 48
    ce 3d 03 01 07 03 42 00 04 c8 bd 0f fe 4f af bf
    d5 7b 5f 17 ce 01 46 a3 46 ae e3 2c 99 eb 3e d5
    59 60 7d 87 06 51 a7 f0 16 c9 f5 1d bf 11 fd 5a
    e9 fd ab eb 99 b9 25 38 db 73 0c ba eb 15 47 1a
    28 55 ba 9e fb d4 b1 71 0c a3 81 86 30 81 83 30
    0e 06 03 55 1d 0f 01 01 ff 04 04 03 02 07 80 30
    1d 06 03 55 1d 25 04 16 30 14 06 08 2b 06 01 05
    05 07 03 01 06 08 2b 06 01 05 05 07 03 02 30 1d
    06 03 55 1d 0e 04 16 04 14 ad 2b 9c 62 c7 fa 2b
    57 ff fb c1 fe 2e be 4c 0e f4 c5 1e 98 30 1f 06
    03 55 1d 23 04 18 30 16 80 14 1e 4b f5 b5 bf d2
    49 ea fe a3 68 02 cd 5a d5 59 ca f0 13 b2 30 12
    06 03 55 1d 11 01 01 ff 04 08 30 06 87 04 7f 00
    00 01 30 0a 06 08 2a 86 48 ce 3d 04 03 02 03 48
    00 30 45 02 20 61 ec 4b 96 5e f4 32 24 d4 14 31
    56 0a 50 96 91 06 95 ff 1c f5 a9 39 c8 e4 c7 9e
    3d b6 6e 24 4d 02 21 00 b5 fb a5 36 37 cd cf 8a
    f9 f1 66 b1 3e df 2c fc b9 5f fe 0a 76 3b 30 de
    a5 5c 93 d8 de d6 e9 bd 00 00 00 01 cb 30 82 01
    c7 30 82 01 6d a0 03 02 01 02 02 10 6f 96 30 9a
    4b 67 3c 1d 9e 4f a1 15 64 28 b2 e8 30 0a 06 08
    2a 86 48 ce 3d 04 03 02 30 30 31 2e 30 2c 06 03
    55 04 03 13 25 43 61 64 64 79 20 4c 6f 63 61 6c
    20 41 75 74 68 6f 72 69 74 79 20 2d 20 32 30 32
    36 20 45 43 43 20 52 6f 6f 74 30 1e 17 0d 32 36
    30 39 32 39 30 35 34 35 32 39 5a 17 0d 32 36 31
    30 30 36 30 35 34 35 32 39 5a 30 33 31 31 30 2f
    06 03 55 04 03 13 28 43 61 64 64 79 20 4c 6f 63
    61 6c 20 41 75 74 68 6f 72 69 74 79 20 2d 20 45
    43 43 20 49 6e 74 65 72 6d 65 64 69 61 74 65 30
    59 30 13 06 07 2a 86 48 ce 3d 02 01 06 08 2a 86
    48 ce 3d 03 01 07 03 42 00 04 7f 54 52 36 8d eb
    6e c8 25 b7 8a 71 71 a6 74 de c9 47 3d f2 bd be
    c4 ca 44 7a f6 7a f4 fb 9c 6e 9d 8d 7a 14 1c 70
    8c 39 51 53 3e 3a ea 92 b2 b0 bb 3b cd 5e c0 25
    58 9c 16 ca 00 c2 ff 54 0a 6d a3 66 30 64 30 0e
    06 03 55 1d 0f 01 01 ff 04 04 03 02 01 06 30 12
    06 03 55 1d 13 01 01 ff 04 08 30 06 01 01 ff 02
    01 00 30 1d 06 03 55 1d 0e 04 16 04 14 1e 4b f5
    b5 bf d2 49 ea fe a3 68 02 cd 5a d5 59 ca f0 13
    b2 30 1f 06 03 55 1d 23 04 18 30 16 80 14 ee 98
    ae 58 5d a9 43 fe 5e a3 c5 77 4f ac 5d 68 01 29
    ec a3 30 0a 06 08 2a 86 48 ce 3d 04 03 02 03 48
    00 30 45 02 21 00 c8 69 eb 78 cd 7e 63 82 92 31
    7c a4 af d7 5f b6 70 9e 76 94 2a 23 a9 54 7f dc
    57 82 22 13 d9 62 02 20 13 c2 8d b8 4e 77 3b 95
    ba 65 da cd d6 65 1f 3f 65 36 0a a1 a7 c9 e8 af
    29 11 3b e2 64 fd e7 66 00 00
<<< TLS 1.2, RecordHeader [length 0005]
    17 03 03 00 61
<<< TLS 1.3, InnerContent [length 0001]
    16
<<< TLS 1.3, Handshake [length 0050], CertificateVerify
    0f 00 00 4c 04 03 00 48 30 46 02 21 00 f4 43 e9
    f4 0a 2b f0 ec dc 82 66 f8 27 be a0 f7 36 3a 88
    0a d7 e3 46 67 50 cd 11 ec 2b 6d 6b d7 02 21 00
    81 0a 8a 71 33 1f 9b ca 72 c5 7b 80 a7 68 cb 86
    17 03 b8 c2 77 ed 9a 78 fc 75 56 d0 84 15 a3 ed
<<< TLS 1.2, RecordHeader [length 0005]
    17 03 03 00 35
<<< TLS 1.3, InnerContent [length 0001]
    16
<<< TLS 1.3, Handshake [length 0024], Finished
    14 00 00 20 c1 bb 96 bc 76 ad c6 96 cf 39 4b 39
    56 2f 6b 47 7c fd aa 2c ee 08 b3 08 b9 c8 5c 21
    2b 95 44 3b
>>> TLS 1.2, RecordHeader [length 0005]
    17 03 03 00 35
>>> TLS 1.2, InnerContent [length 0001]
    16
>>> TLS 1.3, Handshake [length 0024], Finished
    14 00 00 20 7e 50 16 d3 45 fd f6 22 8a af e7 fe
    d0 1b c6 65 e8 c6 24 e5 47 60 9c 0c 6e 00 bc 62
    39 9c 29 dd
---
Certificate chain
 0 s:
   i:CN=Caddy Local Authority - ECC Intermediate
   a:PKEY: EC, (prime256v1); sigalg: ecdsa-with-SHA256
   v:NotBefore: Sep 29 05:46:54 2026 GMT; NotAfter: Sep 29 17:46:54 2026 GMT
 1 s:CN=Caddy Local Authority - ECC Intermediate
   i:CN=Caddy Local Authority - 2026 ECC Root
   a:PKEY: EC, (prime256v1); sigalg: ecdsa-with-SHA256
   v:NotBefore: Sep 29 05:45:29 2026 GMT; NotAfter: Oct  6 05:45:29 2026 GMT
---
Server certificate
-----BEGIN CERTIFICATE-----
MIIBuTCCAV+gAwIBAgIRAMhKRS3eQxjU5Ub7vfk13R8wCgYIKoZIzj0EAwIwMzEx
MC8GA1UEAxMoQ2FkZHkgTG9jYWwgQXV0aG9yaXR5IC0gRUNDIEludGVybWVkaWF0
ZTAeFw0yNjA5MjkwNTQ2NTRaFw0yNjA5MjkxNzQ2NTRaMAAwWTATBgcqhkjOPQIB
BggqhkjOPQMBBwNCAATIvQ/+T6+/1XtfF84BRqNGruMsmes+1VlgfYcGUafwFsn1
Hb8R/Vrp/avrmbklONtzDLrrFUcaKFW6nvvUsXEMo4GGMIGDMA4GA1UdDwEB/wQE
AwIHgDAdBgNVHSUEFjAUBggrBgEFBQcDAQYIKwYBBQUHAwIwHQYDVR0OBBYEFK0r
nGLH+itX//vB/i6+TA70xR6YMB8GA1UdIwQYMBaAFB5L9bW/0knq/qNoAs1a1VnK
8BOyMBIGA1UdEQEB/wQIMAaHBH8AAAEwCgYIKoZIzj0EAwIDSAAwRQIgYexLll70
MiTUFDFWClCWkQaV/xz1qTnI5MeePbZuJE0CIQC1+6U2N83PivnxZrE+3yz8uV/+
CnY7MN6lXJPY3tbpvQ==
-----END CERTIFICATE-----
subject=
issuer=CN=Caddy Local Authority - ECC Intermediate
---
No client certificate CA names sent
Peer signing digest: SHA256
Peer signature type: ecdsa_secp256r1_sha256
Negotiated TLS1.3 group: X25519MLKEM768
---
SSL handshake has read 2446 bytes and written 1686 bytes
Verification error: unable to get local issuer certificate
---
New, TLSv1.3, Cipher is TLS_AES_128_GCM_SHA256
Protocol: TLSv1.3
Server public key is 256 bit
This TLS version forbids renegotiation.
Compression: NONE
Expansion: NONE
No ALPN negotiated
Early data was not sent
Verify return code: 20 (unable to get local issuer certificate)
---
<<< TLS 1.2, RecordHeader [length 0005]
    17 03 03 00 8b
<<< TLS 1.3, InnerContent [length 0001]
    16
<<< TLS 1.3, Handshake [length 007a], NewSessionTicket
    04 00 00 76 00 09 3a 80 b5 18 f9 58 00 00 69 d9
    69 f4 37 a5 40 32 32 f4 d7 7b f1 cf fa 9e ce d1
    08 45 37 7a c7 00 84 0a a5 6b e4 8d 48 5c 1d 23
    6a ee e4 6f 35 7c a2 83 1b ab dd f6 50 06 b2 22
    43 3e da 8d 27 28 84 e3 b3 b1 e1 29 06 42 07 c9
    99 94 6a 89 45 7d ef 0a 3f 06 88 9e 3a b0 64 8a
    8d d4 bf 13 85 a0 a8 90 29 39 92 d3 4f 92 93 18
    2f 52 b0 29 78 4f f4 51 00 00
---
Post-Handshake New Session Ticket arrived:
SSL-Session:
    Protocol  : TLSv1.3
    Cipher    : TLS_AES_128_GCM_SHA256
    Session-ID: 3E670DB6D1293361D9C8E03C38FF040A03C12418E3334CDB70F3F79F3C52BC6A
    Session-ID-ctx: 
    Resumption PSK: CBFA1EC65FE5D6D21AB54CB82963E404CB28D0DB483BFF06256AD0E780371302
    PSK identity: None
    PSK identity hint: None
    SRP username: None
    TLS session ticket lifetime hint: 604800 (seconds)
    TLS session ticket:
    0000 - d9 69 f4 37 a5 40 32 32-f4 d7 7b f1 cf fa 9e ce   .i.7.@22..{.....
    0010 - d1 08 45 37 7a c7 00 84-0a a5 6b e4 8d 48 5c 1d   ..E7z.....k..H\.
    0020 - 23 6a ee e4 6f 35 7c a2-83 1b ab dd f6 50 06 b2   #j..o5|......P..
    0030 - 22 43 3e da 8d 27 28 84-e3 b3 b1 e1 29 06 42 07   "C>..'(.....).B.
    0040 - c9 99 94 6a 89 45 7d ef-0a 3f 06 88 9e 3a b0 64   ...j.E}..?...:.d
    0050 - 8a 8d d4 bf 13 85 a0 a8-90 29 39 92 d3 4f 92 93   .........)9..O..
    0060 - 18 2f 52 b0 29 78 4f f4-51                        ./R.)xO.Q

    Start Time: 1790663361
    Timeout   : 7200 (sec)
    Verify return code: 20 (unable to get local issuer certificate)
    Extended master secret: no
    Max Early Data: 0
---
read R BLOCK
>>> TLS 1.2, RecordHeader [length 0005]
    17 03 03 00 13
>>> TLS 1.2, InnerContent [length 0001]
    15
>>> TLS 1.3, Alert [length 0002], warning close_notify
    01 00
Connecting to 127.0.0.1
SSL_connect:before SSL initialization
SSL_connect:SSLv3/TLS write client hello
SSL_connect:SSLv3/TLS write client hello
SSL_connect:SSLv3/TLS read server hello
SSL_connect:SSLv3/TLS write change cipher spec
SSL_connect:SSLv3/TLS write client hello
SSL_connect:SSLv3/TLS write client hello
SSL_connect:SSLv3/TLS read server hello
Can't use SSL_get_servername
SSL_connect:TLSv1.3 read encrypted extensions
depth=1 CN=Caddy Local Authority - ECC Intermediate
verify error:num=20:unable to get local issuer certificate
verify return:1
depth=0 
verify return:1
SSL_connect:SSLv3/TLS read server certificate
SSL_connect:TLSv1.3 read server certificate verify
SSL_connect:SSLv3/TLS read finished
SSL_connect:SSLv3/TLS write finished
SSL_connect:SSL negotiation finished successfully
SSL_connect:SSL negotiation finished successfully
SSL_connect:SSLv3/TLS read server session ticket
DONE
SSL3 alert write:warning:close notify
