CONNECTED(00000003)
>>> TLS 1.0, RecordHeader [length 0005]
    16 03 01 00 d6
>>> TLS 1.3, Handshake [length 00d6], ClientHello
    01 00 00 d2 03 03 d4 49 0e a6 61 fd 46 d4 a7 90
    30 37 ad 07 f1 9f 7a 52 af a4 3f 57 b1 4f 71 80
    cd 6b 07 14 8e be 20 34 4a dd e1 ff 9a e0 76 6c
    9f 96 e9 cb 62 e8 7f f4 b2 d8 66 1b e6 78 3e 8b
    21 a4 05 65 d8 70 1c 00 06 13 02 13 03 13 01 01
    00 00 83 00 0b 00 04 03 00 01 02 00 0a 00 06 00
    04 00 1d 11 ec 00 23 00 00 00 16 00 00 00 17 00
    00 00 0d 00 2a 00 28 09 05 09 06 09 04 04 03 05
    03 06 03 08 07 08 08 08 1a 08 1b 08 1c 08 09 08
    0a 08 0b 08 04 08 05 08 06 04 01 05 01 06 01 00
    2b 00 03 02 03 04 00 2d 00 02 01 01 00 33 00 26
    00 24 00 1d 00 20 3e c6 67 9a 9f e5 53 72 dd 37
    37 40 8f c6 d0 b0 c7 44 83 11 5f 87 dc 6c cc 02
    d0 50 34 c3 6f 55
<<< TLS 1.2, RecordHeader [length 0005]
    16 03 03 00 58
<<< TLS 1.3, Handshake [length 0058], ServerHello
    02 00 00 54 03 03 cf 21 ad 74 e5 9a 61 11 be 1d
    8c 02 1e 65 b8 91 c2 a2 11 16 7a bb 8c 5e 07 9e
    09 e2 c8 a8 33 9c 20 34 4a dd e1 ff 9a e0 76 6c
    9f 96 e9 cb 62 e8 7f f4 b2 d8 66 1b e6 78 3e 8b
    21 a4 05 65 d8 70 1c 13 01 00 00 0c 00 2b 00 02
    03 04 00 33 00 02 11 ec
>>> TLS 1.2, RecordHeader [length 0005]
    14 03 03 00 01
>>> TLS 1.3, ChangeCipherSpec [length 0001]
    01
>>> TLS 1.2, RecordHeader [length 0005]
    16 03 03 05 76
>>> TLS 1.3, Handshake [length 0576], ClientHello
    01 00 05 72 03 03 d4 49 0e a6 61 fd 46 d4 a7 90
    30 37 ad 07 f1 9f 7a 52 af a4 3f 57 b1 4f 71 80
    cd 6b 07 14 8e be 20 34 4a dd e1 ff 9a e0 76 6c
    9f 96 e9 cb 62 e8 7f f4 b2 d8 66 1b e6 78 3e 8b
    21 a4 05 65 d8 70 1c 00 06 13 02 13 03 13 01 01
    00 05 23 00 0b 00 04 03 00 01 02 00 0a 00 06 00
    04 00 1d 11 ec 00 23 00 00 00 16 00 00 00 17 00
    00 00 0d 00 2a 00 28 09 05 09 06 09 04 04 03 05
    03 06 03 08 07 08 08 08 1a 08 1b 08 1c 08 09 08
    0a 08 0b 08 04 08 05 08 06 04 01 05 01 06 01 00
    2b 00 03 02 03 04 00 2d 00 02 01 01 00 33 04 c6
    04 c4 11 ec 04 c0 5e 11 35 26 e1 57 19 61 39 74
    52 3f 71 49 8e 05 6a 23 5b 89 9d 43 54 9e 03 b9
    b6 3b 76 64 2d 4b ba 6a e0 72 08 23 80 e0 4c 6f
    6b 4a 20 a5 80 8b a8 f9 90 e3 ab 67 dd 73 7f 9d
    a0 27 12 33 63 d6 5a cd fa 36 4b e0 1b 04 6b 97
    8c 8f 4c 02 90 d4 16 c9 15 ad c7 8c 85 74 a8 bb
    de aa 98 87 07 cf c3 e8 10 5c e8 56 4f 82 cd bf
    0b c0 5b 60 3f fc 59 98 2e c1 07 d1 cc cf c0 33
    ce a7 31 a7 27 36 35 4b 56 38 a7 d0 2f ac 6b 9c
    f5 50 36 8e 99 b0 34 6a 22 e3 2b 09 c1 e3 60 83
    a8 69 f1 63 25 2a 02 04 ed db a8 fd 7a cd 70 c3
    1f d5 9b 30 95 8a 07 13 f0 87 80 54 a1 fe 51 cf
    c1 ca 92 0a 71 c3 94 35 ce 29 05 90 1b 29 07 4c
    e9 ca 75 30 c5 d1 64 39 64 e1 5c 45 36 96 9d c4
    20 a6 53 09 c2 77 8e 78 64 3b 10 76 a0 91 c7 78
    51 02 7b b1 80 43 a3 ec 7a b3 81 23 04 f1 6f a1
    a6 b1 2f 4c 38 b7 7c ad 02 87 0a 4d 22 48 2d 79
    0e 8b 47 59 f2 b2 6c 7c aa 50 d6 d0 a2 5a 41 5c
    37 a3 15 b6 0b 1a 35 30 6e e9 a7 08 23 c5 60 cf
    79 92 88 da 43 23 5b cd f5 f6 78 65 43 90 60 d6
    9b 47 b9 14 dd 41 75 3e c9 88 2d b0 65 86 76 b4
    b5 3c 3c a0 99 45 6e 92 60 c9 39 26 0f 66 18 9e
    9a 0d 81 26 27 67 46 68 11 a5 a8 4d 88 a2 83 8c
    3d 4e 46 8e fd 66 2e 16 43 20 56 6c 85 01 1c 2d
    67 e8 0d 41 bc 09 a0 80 9c 6e 88 0e aa 60 9d 90
    c0 64 16 cc c0 20 21 6d 53 47 c6 10 65 50 07 52
    b3 8b 79 97 ff b4 36 83 f7 2d df 56 a9 f2 a9 09
    d6 60 46 61 84 2e cb b0 22 79 67 21 c6 29 a4 86
    12 10 5e 86 7b dd ca a6 a9 34 33 89 ac b8 c0 f2
    20 7e 61 9e 19 b1 00 7f 53 bc 40 e1 43 cf b0 09
    6f b2 19 af e1 5f 37 f9 18 91 a8 48 58 55 17 1d
    b4 5a 90 ac c5 cc f6 2d 1c 2c 15 7a 56 3c 36 71
    b6 ec 31 9b a2 69 60 b7 95 8d 15 f2 b2 73 62 6b
    31 76 b9 eb b3 33 cc 71 7a c9 2c c4 e0 81 5f ec
    b3 78 f1 a2 85 ca 3c 89 92 e7 03 93 10 0d cc d0
    b0 10 9a c6 e1 c0 bd 6c 6a 7c 52 26 ca 23 e1 4a
    22 93 21 34 69 aa 3f 3c 68 c3 60 c3 49 fa 04 e4
    a7 4d 99 60 a2 b7 11 b4 44 9b 53 cd e3 b2 80 1b
    96 b5 62 7d d0 ab 67 2b d7 a1 22 46 c3 05 05 11
    10 31 36 0b 8a 9c c7 89 6a 4d a4 89 b0 b2 3e 4c
    11 c4 bf 92 b4 d2 72 59 be 24 bd f8 fa 85 8d 1b
    b6 c1 e1 a6 8f bb be 78 14 8f 42 f9 39 68 29 31
    0d 12 bd 2b f3 99 8e f5 4c 0d a3 c5 37 02 51 5d
    1a 48 61 f2 b4 70 20 05 68 dc 95 50 a6 51 6a b4
    ba c2 e9 34 12 d3 6a 22 83 4c da f5 2f 91 83 b1
    8a a7 98 73 5b 93 26 76 be fc 49 26 59 71 8b da
    24 79 0f 9b bc 11 1b 18 96 ab 9e 5a ab b7 43 85
    b6 66 79 0a 29 00 8e 71 19 24 d4 c9 94 a6 a5 1b
    92 a5 08 0a a4 92 2b 93 39 9c 28 7c 53 aa 35 04
    f0 b3 46 ea a6 2c a1 bd d6 04 8a 38 c1 43 ef f5
    86 24 99 42 4d c7 0f c7 c4 1f db e5 68 0f 83 03
    73 61 8a 00 f8 a1 02 67 37 b0 7a 8f 7e 93 c2 51
    8a 8e 38 eb bd 2e 9a 6f cc ba 1b 2c e8 3d 82 17
    39 0e 71 91 77 db 0b 7d c6 31 31 45 bb 30 38 41
    4c b6 70 eb 23 0c b9 07 50 60 62 23 91 95 46 0f
    b5 85 5f c5 c9 44 09 91 d1 22 28 5d bb 53 a3 e3
    5c 7a 75 6b 52 bc 8e 5c f7 13 76 95 74 eb c5 29
    a8 59 53 c6 75 8c 8a 91 26 a2 f5 45 7a b8 85 63
    68 97 e3 3a 44 22 06 bd fe 9c 61 ff fc 1c 2f b6
    65 75 50 01 f2 f6 91 9e 2c 63 e8 24 89 41 82 b5
    01 5a 4b af b7 27 01 3c 7b 31 30 c6 35 95 ad 9d
    76 75 3a 90 4c 4e 80 77 10 d4 1e 51 ec 1b 41 c8
    1e d8 75 48 31 e5 cd d5 93 67 63 fb 8a 9d 55 be
    75 74 02 38 8b 9a 09 a9 03 e0 76 93 89 65 43 9d
    70 33 ff ec ab 10 45 70 b0 cc 52 e1 a6 10 6c f9
    37 ce f1 0e d2 cc 41 37 b2 bf e9 81 b6 72 9a 79
    07 13 4b 06 d1 20 e8 c7 bd 23 0a b0 c7 96 86 a9
    48 65 2f 8c b2 7f d3 73 f3 35 69 26 b9 3e 72 84
    04 05 19 ac ff 72 11 e7 7b a1 05 51 7d fa 02 af
    6c 1c 88 8c ec af 96 43 a0 7b ab bb e9 43 78 e3
    d0 97 e2 b5 86 22 1b 60 dd 7b 87 45 82 5f 21 71
    33 fd 66 67 e6 e0 1e 66 a7 15 c6 2b 07 9a 28 87
    80 cb 00 cb 77 ac 0c 37 2d ca 01 f5 42 ac ef f3
    87 3c a5 f0 f0 57 24 59 91 0c 42 30 31 95 74 91
    70 fc 70 4b db a5 2b a5 b2 f8 b9 ce da fe 02 bf
    e4 bf ec 0d 7e 3a eb 44 32 8f bf 49 63 56 70 aa
    7e 6a 6f 55 c3 27
<<< TLS 1.2, RecordHeader [length 0005]
    14 03 03 00 01
<<< TLS 1.3, ChangeCipherSpec [length 0001]
    01
<<< TLS 1.2, RecordHeader [length 0005]
    16 03 03 04 ba
<<< TLS 1.3, Handshake [length 04ba], ServerHello
    02 00 04 b6 03 03 de 3c 0a 91 a9 04 f4 34 1d 65
    e4 5c c0 7d 43 10 31 95 a5 ba b6 6f 7f 75 45 1f
    ee 03 92 c3 fd 6e 20 34 4a dd e1 ff 9a e0 76 6c
    9f 96 e9 cb 62 e8 7f f4 b2 d8 66 1b e6 78 3e 8b
    21 a4 05 65 d8 70 1c 13 01 00 04 6e 00 2b 00 02
    03 04 00 33 04 64 11 ec 04 60 bc 76 68 72 f1 62
    08 de 3b b7 18 ff 0f c5 60 35 29 1d da c3 ec 57
    19 85 b3 70 d2 e1 fa a8 2e b8 bc a5 30 6a 1b 2b
    40 6e 6b 21 4f c5 64 1c de 97 69 e6 d3 96 7d 91
    c7 67 ef 35 f7 de c0 19 60 d8 e7 b0 ed 71 ba 11
    29 07 5f 1b 5b 37 50 2c 9c 1d 25 ef 87 40 c3 12
    5c e4 fe 4d 33 ec 69 b6 a0 d8 40 27 13 81 da 4c
    36 de 2e d3 73 8f 77 df 6e 00 f3 ac ab e1 27 38
    8e 85 00 e2 b9 40 bd 59 b4 d1 f7 5e 7a 04 a4 ad
    18 90 aa d0 8d f3 65 d1 d1 52 ff cc 2a 48 b1 dd
    e1 47 02 9f 09 4e 6e 6b e7 46 2c 37 27 3d 6a 02
    3e 66 90 2b 49 85 8c 9b d2 23 ee 0c 3a f6 4a 04
    92 cc 80 be 40 1c b2 fa 31 23 1d 51 27 ce 16 26
    80 43 06 f7 64 fb 6f ec 0b 88 c0 c3 e9 7f 8b 16
    b6 80 ea 26 3c 19 3f 28 d5 50 a9 f0 8d 73 ff f0
    23 56 98 8d f6 90 89 48 cf 11 22 9e f4 b4 27 8e
    cd cc aa 1e 96 6b 4b f7 11 c2 21 e7 f2 20 04 2c
    39 b1 b0 81 4a f1 98 56 6e 7b e3 32 e7 b8 46 14
    e6 b9 c8 03 61 24 4e d6 f8 96 e5 bd 35 51 d4 5c
    e7 39 a8 22 f3 6c e6 ea 36 d4 0f 3f f8 db 3a 12
    c7 12 fe c4 6f 9a 2b 1b db a8 5f 49 26 c2 8b 6e
    a2 94 04 3a f6 07 f9 a9 55 f1 9d 19 d6 49 8d 91
    ee b7 3b ec f0 d9 3b a6 e5 ac 60 87 2c b5 2e cd
    af a4 c2 65 f7 6c 7d 19 f6 c6 1b b3 bb b7 03 20
    cd 4a a9 5d 3c db 8b 5d dc f5 61 91 d7 23 50 b0
    94 6a fb 2e e3 5e f0 58 10 10 ba 08 2b c7 0b 0f
    2d 76 fe ad 49 1f 44 67 f8 5c 08 50 e5 09 8f 0a
    f6 6f be ab cf 69 f0 94 82 89 f8 69 ca 46 7d 20
    92 cd 1b 97 8d 8e cf 30 f6 36 6a 52 ac 64 02 5a
    dc eb 37 83 20 21 77 7f be f2 46 74 20 91 74 9b
    cf 3c 74 12 ec e5 eb d4 0f ef 02 0e 6c 39 05 f3
    ce 7c 31 1b 13 98 9f 42 de b8 1b 75 86 b3 1b 7f
    23 3d a0 c0 50 43 1c 7a a3 4a 88 48 42 d9 f4 00
    a8 e2 7b 1e 60 6a 8b e9 94 a5 7b 5b 48 bf 46 88
    4f 93 df 07 11 68 10 e5 93 b1 3b 01 55 04 66 6b
    cf 35 ed 21 0f 19 24 8a ad 49 c8 8c 44 92 ee 39
    b7 4f d3 8c ca 72 12 ed 7e 13 6e f9 56 6a 7b 81
    8c 51 e9 d2 47 72 0c 0a f4 f7 6e f4 87 62 9a a3
    f5 3a 90 ee bc ad 62 64 d5 f5 57 10 89 c2 b8 cc
    da 23 fb 2a d7 a8 11 87 07 72 c7 a4 f8 2e fa 59
    f9 b3 38 e8 a2 12 f6 17 20 82 9f 36 86 1c 11 ee
    ca b3 27 3e cd f8 12 3c 7a 3b 50 e4 4f 9b b0 fc
    ba 90 29 ff 8e 5e 4c 84 48 96 4a 5d 5a a0 ff 95
    7f fa 9d 17 7e 2e 6e 7d f6 cb c0 dd 35 de 17 34
    37 36 c4 fa 4f 5f f5 16 6f 7f 74 46 f3 42 0e 91
    14 90 61 cc cc a4 d0 26 8f 95 36 a8 41 cc 18 ff
    00 91 33 31 1d ad 99 0f 49 03 d7 dc 7e f9 4e d9
    36 fd 41 f8 0e b6 80 34 74 e2 2c 40 23 64 e3 f6
    d7 13 7b ac 1a 00 08 5c 65 26 9e 36 70 1e be fa
    b9 63 9c a7 f4 3b 35 74 b8 56 26 5e aa 98 42 9a
    8b a9 97 c8 77 6b f1 51 5a b4 31 d5 18 9f cf cd
    dc 85 1e f3 74 e2 bc 4e fb 31 e1 45 84 cd 23 ac
    3a dd 91 bd 86 2d d0 25 8d 75 f2 9c ec 87 32 42
    76 45 e7 f7 3e cd 43 4f c2 37 ac 12 55 e4 55 64
    d6 65 28 6e 05 4a c4 b9 49 7e 4c b8 53 e9 df f1
    9a ae 6f fd af 51 9a 81 b8 2e 8a 17 67 8d d2 66
    7a 9d 6c 88 6e 05 07 d6 ea da 67 8b 99 52 45 90
    91 08 55 d8 ca 51 24 24 59 a5 c8 e3 4a fd 27 9a
    af c3 c2 cd bf 78 d4 4d 83 ca a2 d1 15 d4 a4 c0
    1b 13 a0 d3 2c f1 52 42 69 fa 65 a2 1f 68 7c 77
    44 b5 9e 3e b9 b6 2e a2 49 b0 64 9c 1f 5b bb 9a
    70 64 8d 4e a1 a3 9d 33 b5 74 1c b2 14 ad 50 83
    5d 08 aa 48 28 bf 2a a7 df 89 4f 97 9b a8 b6 04
    df 0e 68 5b ef 1e 5a ff 69 5d 70 81 16 68 86 5d
    f8 3e 25 f0 b5 32 ca 39 0e d0 d2 1c aa 60 8f 10
    8c b3 d5 7c 51 bf 62 73 a3 47 e7 b2 a8 5b b1 0b
    b0 82 81 4d 76 4b 7c c7 fd bb ce 5f 0a 3b b9 4b
    cc 34 db 1f bb db 81 f7 1b 2c f3 91 0e ae a6 8d
    3e 32 c3 84 93 f9 f2 82 dd 85 74 15 23 4e c0 03
    34 6b 84 c5 08 0d ad 1c 7c af 27 a0 d2 22 91 43
    59 22 34 50 fd e8 c8 9b 9d 03
<<< TLS 1.2, RecordHeader [length 0005]
    17 03 03 00 17
<<< TLS 1.3, InnerContent [length 0001]
    16
<<< TLS 1.3, Handshake [length 0006], EncryptedExtensions
    08 00 00 02 00 00
<<< TLS 1.2, RecordHeader [length 0005]
    17 03 03 03 ab
<<< TLS 1.3, InnerContent [length 0001]
    16
<<< TLS 1.3, Handshake [length 039a], Certificate
    0b 00 03 96 00 00 03 92 00 01 bd 30 82 01 b9 30
    82 01 5f a0 03 02 01 02 02 11 00 c8 4a 45 2d de
    43 18 d4 e5 46 fb bd f9 35 dd 1f 30 0a 06 08 2a
    86 48 ce 3d 04 03 02 30 33 31 31 30 2f 06 03 55
    04 03 13 28 43 61 64 64 79 20 4c 6f 63 61 6c 20
    41 75 74 68 6f 72 69 74 79 20 2d 20 45 43 43 20
    49 6e 74 65 72 6d 65 64 69 61 74 65 30 1e 17 0d
    32 36 30 39 32 39 30 35 34 36 35 34 5a 17 0d 32
    36 30 39 32 39 31 37 34 36 35 34 5a 30 00 30 59
    30 13 06 07 2a 86 48 ce 3d 02 01 06 08 2a 86 48
    ce 3d 03 01 07 03 42 00 04 c8 bd 0f fe 4f af bf
    d5 7b 5f 17 ce 01 46 a3 46 ae e3 2c 99 eb 3e d5
    59 60 7d 87 06 51 a7 f0 16 c9 f5 1d bf 11 fd 5a
    e9 fd ab eb 99 b9 25 38 db 73 0c ba eb 15 47 1a
    28 55 ba 9e fb d4 b1 71 0c a3 81 86 30 81 83 30
    0e 06 03 55 1d 0f 01 01 ff 04 04 03 02 07 80 30
    1d 06 03 55 1d 25 04 16 30 14 06 08 2b 06 01 05
    05 07 03 01 06 08 2b 06 01 05 05 07 03 02 30 1d
    06 03 55 1d 0e 04 16 04 14 ad 2b 9c 62 c7 fa 2b
    57 ff fb c1 fe 2e be 4c 0e f4 c5 1e 98 30 1f 06
    03 55 1d 23 04 18 30 16 80 14 1e 4b f5 b5 bf d2
    49 ea fe a3 68 02 cd 5a d5 59 ca f0 13 b2 30 12
    06 03 55 1d 11 01 01 ff 04 08 30 06 87 04 7f 00
    00 01 30 0a 06 08 2a 86 48 ce 3d 04 03 02 03 48
    00 30 45 02 20 61 ec 4b 96 5e f4 32 24 d4 14 31
    56 0a 50 96 91 06 95 ff 1c f5 a9 39 c8 e4 c7 9e
    3d b6 6e 24 4d 02 21 00 b5 fb a5 36 37 cd cf 8a
    f9 f1 66 b1 3e df 2c fc b9 5f fe 0a 76 3b 30 de
    a5 5c 93 d8 de d6 e9 bd 00 00 00 01 cb 30 82 01
    c7 30 82 01 6d a0 03 02 01 02 02 10 6f 96 30 9a
    4b 67 3c 1d 9e 4f a1 15 64 28 b2 e8 30 0a 06 08
    2a 86 48 ce 3d 04 03 02 30 30 31 2e 30 2c 06 03
    55 04 03 13 25 43 61 64 64 79 20 4c 6f 63 61 6c
    20 41 75 74 68 6f 72 69 74 79 20 2d 20 32 30 32
    36 20 45 43 43 20 52 6f 6f 74 30 1e 17 0d 32 36
    30 39 32 39 30 35 34 35 32 39 5a 17 0d 32 36 31
    30 30 36 30 35 34 35 32 39 5a 30 33 31 31 30 2f
    06 03 55 04 03 13 28 43 61 64 64 79 20 4c 6f 63
    61 6c 20 41 75 74 68 6f 72 69 74 79 20 2d 20 45
    43 43 20 49 6e 74 65 72 6d 65 64 69 61 74 65 30
    59 30 13 06 07 2a 86 48 ce 3d 02 01 06 08 2a 86
    48 ce 3d 03 01 07 03 42 00 04 7f 54 52 36 8d eb
    6e c8 25 b7 8a 71 71 a6 74 de c9 47 3d f2 bd be
    c4 ca 44 7a f6 7a f4 fb 9c 6e 9d 8d 7a 14 1c 70
    8c 39 51 53 3e 3a ea 92 b2 b0 bb 3b cd 5e c0 25
    58 9c 16 ca 00 c2 ff 54 0a 6d a3 66 30 64 30 0e
    06 03 55 1d 0f 01 01 ff 04 04 03 02 01 06 30 12
    06 03 55 1d 13 01 01 ff 04 08 30 06 01 01 ff 02
    01 00 30 1d 06 03 55 1d 0e 04 16 04 14 1e 4b f5
    b5 bf d2 49 ea fe a3 68 02 cd 5a d5 59 ca f0 13
    b2 30 1f 06 03 55 1d 23 04 18 30 16 80 14 ee 98
    ae 58 5d a9 43 fe 5e a3 c5 77 4f ac 5d 68 01 29
    ec a3 30 0a 06 08 2a 86 48 ce 3d 04 03 02 03 48
    00 30 45 02 21 00 c8 69 eb 78 cd 7e 63 82 92 31
    7c a4 af d7 5f b6 70 9e 76 94 2a 23 a9 54 7f dc
    57 82 22 13 d9 62 02 20 13 c2 8d b8 4e 77 3b 95
    ba 65 da cd d6 65 1f 3f 65 36 0a a1 a7 c9 e8 af
    29 11 3b e2 64 fd e7 66 00 00
<<< TLS 1.2, RecordHeader [length 0005]
    17 03 03 00 5f
<<< TLS 1.3, InnerContent [length 0001]
    16
<<< TLS 1.3, Handshake [length 004e], CertificateVerify
    0f 00 00 4a 04 03 00 46 30 44 02 20 14 3d 38 65
    40 86 a1 c3 a2 36 aa 3b 99 95 10 45 8b ad 3a 34
    48 78 9e 1a 4c 38 60 eb 14 82 48 35 02 20 1f e7
    1a c6 9c 3d a9 c9 fc ac cb 50 f8 43 aa e2 5b f2
    a7 70 8b 15 2a 52 c9 50 ba 16 a7 c5 c6 49
<<< TLS 1.2, RecordHeader [length 0005]
    17 03 03 00 35
<<< TLS 1.3, InnerContent [length 0001]
    16
<<< TLS 1.3, Handshake [length 0024], Finished
    14 00 00 20 43 ab 32 95 9f b4 62 cf 84 b0 9e d2
    a7 ba 86 cf 59 74 aa 7b 23 8e c6 76 9f fa 3b cd
    82 89 41 40
>>> TLS 1.2, RecordHeader [length 0005]
    17 03 03 00 35
>>> TLS 1.2, InnerContent [length 0001]
    16
>>> TLS 1.3, Handshake [length 0024], Finished
    14 00 00 20 99 a9 9c 18 1f 29 f5 be 7a c8 5e 46
    a7 eb ce ab 9b 1f cf 7d 5c c6 0b 73 f6 86 3c 7b
    d8 40 ee 3b
---
Certificate chain
 0 s:
   i:CN=Caddy Local Authority - ECC Intermediate
   a:PKEY: EC, (prime256v1); sigalg: ecdsa-with-SHA256
   v:NotBefore: Sep 29 05:46:54 2026 GMT; NotAfter: Sep 29 17:46:54 2026 GMT
 1 s:CN=Caddy Local Authority - ECC Intermediate
   i:CN=Caddy Local Authority - 2026 ECC Root
   a:PKEY: EC, (prime256v1); sigalg: ecdsa-with-SHA256
   v:NotBefore: Sep 29 05:45:29 2026 GMT; NotAfter: Oct  6 05:45:29 2026 GMT
---
Server certificate
-----BEGIN CERTIFICATE-----
MIIBuTCCAV+gAwIBAgIRAMhKRS3eQxjU5Ub7vfk13R8wCgYIKoZIzj0EAwIwMzEx
MC8GA1UEAxMoQ2FkZHkgTG9jYWwgQXV0aG9yaXR5IC0gRUNDIEludGVybWVkaWF0
ZTAeFw0yNjA5MjkwNTQ2NTRaFw0yNjA5MjkxNzQ2NTRaMAAwWTATBgcqhkjOPQIB
BggqhkjOPQMBBwNCAATIvQ/+T6+/1XtfF84BRqNGruMsmes+1VlgfYcGUafwFsn1
Hb8R/Vrp/avrmbklONtzDLrrFUcaKFW6nvvUsXEMo4GGMIGDMA4GA1UdDwEB/wQE
AwIHgDAdBgNVHSUEFjAUBggrBgEFBQcDAQYIKwYBBQUHAwIwHQYDVR0OBBYEFK0r
nGLH+itX//vB/i6+TA70xR6YMB8GA1UdIwQYMBaAFB5L9bW/0knq/qNoAs1a1VnK
8BOyMBIGA1UdEQEB/wQIMAaHBH8AAAEwCgYIKoZIzj0EAwIDSAAwRQIgYexLll70
MiTUFDFWClCWkQaV/xz1qTnI5MeePbZuJE0CIQC1+6U2N83PivnxZrE+3yz8uV/+
CnY7MN6lXJPY3tbpvQ==
-----END CERTIFICATE-----
subject=
issuer=CN=Caddy Local Authority - ECC Intermediate
---
No client certificate CA names sent
Peer signing digest: SHA256
Peer signature type: ecdsa_secp256r1_sha256
Negotiated TLS1.3 group: X25519MLKEM768
---
SSL handshake has read 2444 bytes and written 1686 bytes
Verification error: unable to get local issuer certificate
---
New, TLSv1.3, Cipher is TLS_AES_128_GCM_SHA256
Protocol: TLSv1.3
Server public key is 256 bit
This TLS version forbids renegotiation.
Compression: NONE
Expansion: NONE
No ALPN negotiated
Early data was not sent
Verify return code: 20 (unable to get local issuer certificate)
---
<<< TLS 1.2, RecordHeader [length 0005]
    17 03 03 00 8b
<<< TLS 1.3, InnerContent [length 0001]
    16
<<< TLS 1.3, Handshake [length 007a], NewSessionTicket
    04 00 00 76 00 09 3a 80 36 50 80 01 00 00 69 80
    67 b9 2c 0a 4b 63 06 92 57 2d 41 c4 9c 7b 98 96
    c4 47 e6 16 0c f8 1a 28 0b 61 36 ec d9 97 92 4e
    86 e7 34 43 2c 0f b0 6e 6b 5d 91 93 63 aa 83 55
    70 22 8f 5b bd fe 3c 7d 21 54 48 97 b9 5f 19 a4
    5a 83 3e b8 90 0a 9d b8 ba 4f 30 4d fb 2b bb 3a
    c7 2d ed b1 ae de a7 a4 66 d2 26 49 9f ba 4b f8
    2f c7 67 c9 8e 03 f3 b5 00 00
---
Post-Handshake New Session Ticket arrived:
SSL-Session:
    Protocol  : TLSv1.3
    Cipher    : TLS_AES_128_GCM_SHA256
    Session-ID: 2FD26E71643D6848F31DE19C799FD1D488EFE3EDFC11FBB10DAFD3F34CC6385C
    Session-ID-ctx: 
    Resumption PSK: 3816946904E4A199F07F70B62F43F042CFD17A9015250F304D891F16EC176BD9
    PSK identity: None
    PSK identity hint: None
    SRP username: None
    TLS session ticket lifetime hint: 604800 (seconds)
    TLS session ticket:
    0000 - 80 67 b9 2c 0a 4b 63 06-92 57 2d 41 c4 9c 7b 98   .g.,.Kc..W-A..{.
    0010 - 96 c4 47 e6 16 0c f8 1a-28 0b 61 36 ec d9 97 92   ..G.....(.a6....
    0020 - 4e 86 e7 34 43 2c 0f b0-6e 6b 5d 91 93 63 aa 83   N..4C,..nk]..c..
    0030 - 55 70 22 8f 5b bd fe 3c-7d 21 54 48 97 b9 5f 19   Up".[..<}!TH.._.
    0040 - a4 5a 83 3e b8 90 0a 9d-b8 ba 4f 30 4d fb 2b bb   .Z.>......O0M.+.
    0050 - 3a c7 2d ed b1 ae de a7-a4 66 d2 26 49 9f ba 4b   :.-......f.&I..K
    0060 - f8 2f c7 67 c9 8e 03 f3-b5                        ./.g.....

    Start Time: 1790663445
    Timeout   : 7200 (sec)
    Verify return code: 20 (unable to get local issuer certificate)
    Extended master secret: no
    Max Early Data: 0
---
read R BLOCK
>>> TLS 1.2, RecordHeader [length 0005]
    17 03 03 00 13
>>> TLS 1.2, InnerContent [length 0001]
    15
>>> TLS 1.3, Alert [length 0002], warning close_notify
    01 00
Connecting to 127.0.0.1
SSL_connect:before SSL initialization
SSL_connect:SSLv3/TLS write client hello
SSL_connect:SSLv3/TLS write client hello
SSL_connect:SSLv3/TLS read server hello
SSL_connect:SSLv3/TLS write change cipher spec
SSL_connect:SSLv3/TLS write client hello
SSL_connect:SSLv3/TLS write client hello
SSL_connect:SSLv3/TLS read server hello
Can't use SSL_get_servername
SSL_connect:TLSv1.3 read encrypted extensions
depth=1 CN=Caddy Local Authority - ECC Intermediate
verify error:num=20:unable to get local issuer certificate
verify return:1
depth=0 
verify return:1
SSL_connect:SSLv3/TLS read server certificate
SSL_connect:TLSv1.3 read server certificate verify
SSL_connect:SSLv3/TLS read finished
SSL_connect:SSLv3/TLS write finished
SSL_connect:SSL negotiation finished successfully
SSL_connect:SSL negotiation finished successfully
SSL_connect:SSLv3/TLS read server session ticket
DONE
SSL3 alert write:warning:close notify
