CONNECTED(00000003)
>>> TLS 1.0, RecordHeader [length 0005]
    16 03 01 00 d6
>>> TLS 1.3, Handshake [length 00d6], ClientHello
    01 00 00 d2 03 03 dc 93 1e 1d cf f7 f9 89 b5 27
    b7 bc 8a 6d 50 96 d5 d1 72 de 45 83 81 01 91 37
    83 dc 86 c2 c8 43 20 8f 5f 53 3b f4 fb af c3 8a
    72 43 f4 d5 ff 2e 8a 76 41 9d bc 70 96 88 a7 39
    06 36 f8 66 0b e5 f9 00 06 13 02 13 03 13 01 01
    00 00 83 00 0b 00 04 03 00 01 02 00 0a 00 06 00
    04 11 ec 00 1d 00 23 00 00 00 16 00 00 00 17 00
    00 00 0d 00 2a 00 28 09 05 09 06 09 04 04 03 05
    03 06 03 08 07 08 08 08 1a 08 1b 08 1c 08 09 08
    0a 08 0b 08 04 08 05 08 06 04 01 05 01 06 01 00
    2b 00 03 02 03 04 00 2d 00 02 01 01 00 33 00 26
    00 24 00 1d 00 20 53 24 b0 9c b5 6c 71 73 a4 29
    1f c6 50 4f db 06 28 e9 42 34 10 6e 2b 61 c0 f3
    da 6d c3 2d fb 77
<<< TLS 1.2, RecordHeader [length 0005]
    16 03 03 00 58
<<< TLS 1.3, Handshake [length 0058], ServerHello
    02 00 00 54 03 03 cf 21 ad 74 e5 9a 61 11 be 1d
    8c 02 1e 65 b8 91 c2 a2 11 16 7a bb 8c 5e 07 9e
    09 e2 c8 a8 33 9c 20 8f 5f 53 3b f4 fb af c3 8a
    72 43 f4 d5 ff 2e 8a 76 41 9d bc 70 96 88 a7 39
    06 36 f8 66 0b e5 f9 13 02 00 00 0c 00 2b 00 02
    03 04 00 33 00 02 11 ec
>>> TLS 1.2, RecordHeader [length 0005]
    14 03 03 00 01
>>> TLS 1.3, ChangeCipherSpec [length 0001]
    01
>>> TLS 1.2, RecordHeader [length 0005]
    16 03 03 05 76
>>> TLS 1.3, Handshake [length 0576], ClientHello
    01 00 05 72 03 03 dc 93 1e 1d cf f7 f9 89 b5 27
    b7 bc 8a 6d 50 96 d5 d1 72 de 45 83 81 01 91 37
    83 dc 86 c2 c8 43 20 8f 5f 53 3b f4 fb af c3 8a
    72 43 f4 d5 ff 2e 8a 76 41 9d bc 70 96 88 a7 39
    06 36 f8 66 0b e5 f9 00 06 13 02 13 03 13 01 01
    00 05 23 00 0b 00 04 03 00 01 02 00 0a 00 06 00
    04 11 ec 00 1d 00 23 00 00 00 16 00 00 00 17 00
    00 00 0d 00 2a 00 28 09 05 09 06 09 04 04 03 05
    03 06 03 08 07 08 08 08 1a 08 1b 08 1c 08 09 08
    0a 08 0b 08 04 08 05 08 06 04 01 05 01 06 01 00
    2b 00 03 02 03 04 00 2d 00 02 01 01 00 33 04 c6
    04 c4 11 ec 04 c0 78 b7 17 bd a3 14 8c bc 8f 5b
    8c 5f a7 0b 7f 9e d0 89 f6 a9 1b 7d 11 24 da 85
    4d 4d 65 94 04 49 0d 8a 83 49 83 33 bb 82 93 14
    58 5c 03 b0 6c a2 d4 97 0b d0 ea 1e 29 c1 c3 a8
    e5 73 05 7c 56 2f 40 54 d5 46 98 95 b2 3d 48 94
    4d 71 45 7e d7 4a 5b fb 97 c1 ae 0c ba af ea 93
    e8 75 64 17 99 85 39 0a 48 89 e0 05 07 35 8f 4e
    ba 5d 48 52 1e 7f 70 22 f4 36 0b 1e 62 3c 13 f1
    7c 68 26 cb 26 28 40 31 1a 12 a4 14 22 bc e3 00
    06 d2 0a 01 80 7e 44 67 12 fa 5a 67 b9 34 83 7d
    b9 93 79 19 39 ef 05 37 ef f2 50 9d 31 9e 98 b2
    21 78 eb b9 6c da 36 fc e2 68 9b 3a 07 68 10 79
    dd bb bd 54 66 9f f4 29 9f 76 60 82 13 3a 85 15
    16 42 96 6b 64 de d0 b4 65 1b 6a 4a a9 0b 65 c4
    b1 b2 4c 74 7f 3a 4e da 5a 2a 8e 9c bf 32 ab a3
    6e b9 03 7e b0 00 5f 86 b8 38 c1 5f b6 a6 1e 67
    09 70 e2 ac 4a 49 e6 4d a7 9b 96 bd 06 17 a5 13
    0c 47 db 49 7b d0 88 de c2 6a 5b 06 1e 95 81 3a
    10 05 46 ad 65 c3 ff 76 3a f4 33 32 dd 10 b1 68
    21 32 fe ea bb 60 03 c8 03 ab 36 93 32 1e 2b 37
    44 d4 52 14 e8 f3 c9 22 e5 80 c1 38 23 5f 50 a4
    87 93 6c 96 91 91 7e 98 95 10 37 17 9f 22 ce 49
    54 b1 20 d6 75 80 e9 6f 23 f8 99 51 b5 7f 51 ca
    cc da c7 27 5a 53 93 0b 7c 81 ef a9 54 0d a6 25
    20 5a c3 df 11 c5 6e 9a 33 5d 0b ab c5 f1 cd 79
    bb 89 25 1b ba 42 20 c8 7e 14 60 1f ea 60 7a c2
    ca 13 69 c0 a1 85 8e 84 20 ba 96 27 02 77 c2 2a
    94 45 b7 1a e1 ab dd da 84 22 d7 89 2b 77 9c c1
    aa 7d cf 26 50 9d 86 77 a6 2b 0b 1e 89 65 88 65
    2e 79 b2 26 46 4c cd b6 c5 1e 38 41 8c 75 a0 79
    2e 25 15 91 b3 cd 72 6b c9 dc 37 a3 cc 33 59 32
    79 6b 2d 10 76 07 f2 7a c1 f6 33 8b 7b 4c 19 4b
    1a 94 c7 69 04 d6 c3 6f c7 1c b5 93 a4 a8 0b 9b
    ac 15 23 06 b3 14 3f d4 04 62 b1 7a 03 06 1c b4
    66 10 6d ac 1b 45 0a b8 41 2b ad 9c 12 b3 9e 13
    ce 0e 02 47 95 31 3a f0 2b 4c 16 13 3b df 13 ac
    19 b3 96 24 71 ce da 55 a6 31 b1 69 28 00 66 bb
    07 3f 96 cb 18 78 08 1c 49 98 bd e7 17 ab 3c 82
    c1 78 c5 bf 82 e5 2b 17 16 1f d5 2a 57 e2 69 40
    74 52 17 5c fa 38 f5 78 ab 9a 46 1a 8e 69 c6 d4
    9c 68 9a 46 78 53 ec 37 ba 07 51 fd e6 91 bf 9a
    91 8b c1 be d3 8b c5 62 5a 65 cd cb 6b 01 02 5d
    de 61 32 2a a7 ac 0a 64 48 96 53 33 c4 e7 c5 24
    21 b8 e6 26 66 da f3 95 81 3c 2d e7 64 93 d4 ac
    a5 7e a8 1a 50 15 4b 24 e8 7b 54 f5 be 46 66 81
    a6 a3 14 e7 63 6e 8e b8 88 36 71 24 57 96 28 65
    63 86 11 42 5c af 45 03 d2 95 05 eb bc 03 ef bc
    ca 7a e8 a1 ac 69 2c a6 f1 b1 84 24 9a 19 73 4b
    a2 66 c2 0e d0 95 f2 55 68 50 a3 10 c0 06 a2 24
    d3 25 d1 d2 26 09 5b 4a c8 69 11 90 a8 b0 89 9a
    06 58 3c a9 22 68 4c 58 a4 19 ab 88 3a 00 61 6a
    2d cb 08 b4 5c 00 6f 28 0d 22 f3 27 48 35 3b 2b
    95 9b 90 21 32 31 15 26 6b da a7 f9 2c 18 08 a5
    49 c3 68 99 83 c6 50 2a e1 44 81 e5 25 41 96 c0
    20 b7 44 31 a9 95 39 ba ad 38 2c 37 be f2 5d 67
    e7 89 82 73 3b f7 71 27 4a a4 1a 7c c5 cf 03 95
    22 bf bb 3c 92 87 0d ec 4c 44 50 1a 55 8c f9 6c
    89 f5 53 aa 0b a0 a3 a7 0d 61 78 3a 59 2c c8 08
    fc 43 94 10 1f 97 a7 7d df b8 a1 86 02 03 84 f2
    47 c7 55 68 b2 2c a0 2a d9 97 6f 91 25 62 0a 8c
    97 75 b4 8e 63 bc c9 75 46 79 41 3d f8 5b 8b 1b
    a6 00 56 f1 ae d7 f4 b4 c8 94 97 06 70 87 dd b9
    81 c7 c5 7b 50 09 24 66 68 cb b1 db 76 4a 9b 47
    74 a5 6a c8 e4 a3 e4 ca 9b 55 e6 0e 1f 3a 81 6a
    30 01 61 0b 24 a6 b4 40 8b 5c 7e 27 6b b9 db 73
    9f 04 e9 a3 d5 29 c7 6f 1a 0d c3 64 45 51 82 8f
    c9 d8 8e b4 98 3a c8 f5 c3 2b 85 5f 13 fa 25 27
    67 31 12 24 70 4f 0a 72 1e 00 98 59 90 4f bc 74
    a6 53 89 73 69 63 94 f1 06 3d 9d cc 28 f1 5b 33
    cb 48 c8 04 1a b3 4f 47 bf 2b 9c a3 ae d4 68 96
    e4 4c bc d5 54 aa c3 c2 5d 78 85 f7 a2 4f e3 a6
    14 b2 95 28 e6 c6 85 23 31 2c 50 7b 13 6a 52 2f
    cb 8c 50 ce 54 70 f9 a0 1b 39 3a 49 be 25 2b 52
    b7 a4 48 85 6e 3b 84 d8 81 7b 51 c5 aa fe 7a 7a
    0f ce a3 01 bf 98 97 b7 a6 8d c8 91 d9 6e 32 7e
    be 68 cb d5 76 b4 31 35 89 6f 9e fd bc 26 91 a9
    cd d4 40 84 00 3b
<<< TLS 1.2, RecordHeader [length 0005]
    14 03 03 00 01
<<< TLS 1.3, ChangeCipherSpec [length 0001]
    01
<<< TLS 1.2, RecordHeader [length 0005]
    16 03 03 04 ba
<<< TLS 1.3, Handshake [length 04ba], ServerHello
    02 00 04 b6 03 03 62 f9 e0 b9 06 07 17 75 98 52
    4c 67 5d 55 4d 3b 86 64 31 12 c0 6c 5e ce 89 1b
    05 50 e4 b6 e5 e8 20 8f 5f 53 3b f4 fb af c3 8a
    72 43 f4 d5 ff 2e 8a 76 41 9d bc 70 96 88 a7 39
    06 36 f8 66 0b e5 f9 13 02 00 04 6e 00 2b 00 02
    03 04 00 33 04 64 11 ec 04 60 ec 88 ae 5b 9f 26
    a7 32 2b be 7d 4c dc 0e b7 7c 28 98 b5 bf b2 6c
    8f 72 99 85 7b 82 23 02 aa fe bb d3 36 bf 87 d4
    64 57 17 17 7a d7 92 8d 10 47 3a 9f 34 d8 a7 b4
    77 f2 58 9e e0 c3 53 95 a5 98 44 2c a4 6d bc 0f
    16 56 75 f6 e2 04 b9 a5 b7 a8 8b a7 7e 46 25 ce
    b8 44 ca 1d 8e 21 08 88 32 a5 ef bf 83 ea e7 a8
    70 82 6b 85 be fb 20 b7 e2 d7 cb fc 9a 0a 1f d5
    69 09 ee f9 ce 3e 1a ac ed 82 2e 50 ac 16 f1 b6
    7e 17 8d 7e 36 89 57 ab 2f 12 79 22 8f 1d 10 41
    37 0c e4 1b 78 85 65 f1 a2 67 18 29 26 e2 16 d2
    12 49 53 bb 6d c6 f0 94 79 d7 38 98 86 aa c5 80
    08 bc 3a a6 cf df f0 09 d9 e6 7a b5 9b 95 77 29
    6e bf ca 16 51 99 13 fe 93 d9 c6 98 b1 29 40 fa
    16 b5 0e 33 4f 62 b1 ae 14 bf 51 73 19 9c 97 fc
    85 a8 18 70 39 f5 e9 4f 80 e6 d4 00 69 55 f8 4d
    72 39 9b e1 79 6e d0 d2 cb 24 26 b2 4c 66 2a 0c
    4c 76 86 a5 88 ac 06 9e e1 c2 5d ca 11 e6 5a d9
    d1 74 c0 9d f3 09 c0 01 bd 25 dd c5 9d 3c eb fe
    39 36 66 65 3e 4c d3 ca 06 bd 70 2e 0c c8 d5 0a
    a0 8f 74 58 5e 18 40 d8 bf 7c cf 90 b5 b0 02 bc
    84 83 c2 ba 87 4a 24 00 73 9f 66 a4 4d 31 ba 29
    58 4e e9 ee 83 be dd 71 f1 53 ff eb c1 fe 44 7a
    da b7 ec 79 90 68 e0 fa d9 07 5e a1 31 91 22 a7
    b0 66 00 52 5f a6 ca 97 de ae e3 c9 a6 d0 1b 0c
    cc 6f f0 69 aa b7 f0 fe 5a 6a 78 01 58 9d 91 82
    17 72 c2 91 3b bc 89 09 6e d7 c6 44 0b 3d 2c 86
    14 51 f3 8b fa bd 9e 8d 01 f9 29 d1 70 86 af 4a
    1b 06 c6 3d 9e f5 7e d8 50 e3 a1 a0 bd fc 58 e7
    f9 36 24 a1 84 f2 ce 8f cf 6f 24 56 bf f8 37 b6
    51 e5 5e de 04 66 b1 d6 92 68 e6 27 1d 0f cc 62
    9f 29 5a 09 cc 57 56 84 f8 8f 16 f4 5e 1b 77 04
    11 14 41 2b 87 ba e8 21 fc 16 79 84 b0 1a 98 10
    94 e1 ab 5f c9 d3 6c 4f c5 46 2a 3c a6 42 bd ee
    bf a5 35 fe 89 04 a2 5b 08 7a 50 97 dc 17 83 a5
    32 ad 5d 1e dc 23 f2 e1 82 d6 12 2c 8c b7 98 fe
    92 a1 31 7a 25 a2 e0 b7 e0 43 2b 25 d7 db 0a 0c
    eb 59 ed 7c 3b 50 3c e7 a7 5a 7b 8f 60 94 85 37
    41 63 d8 68 60 e3 ba b5 41 86 35 2d 50 cb c1 db
    cb ae b0 9e a8 07 8d 64 27 39 59 7f 83 f3 66 e7
    82 c6 70 31 ad ff 9d 89 ee 92 53 2a 2e b7 3d 03
    d5 75 1b dd c3 9b 52 db 68 3a 11 c9 fe 73 ae 15
    23 bd b5 ab 76 0b 1a a8 1c be 36 1f da 22 95 53
    ef 2b ee 27 b2 a5 3c 60 ee 28 fb b9 8b 40 f3 ae
    15 22 06 77 67 22 8f 22 72 88 d3 29 48 62 c1 42
    6c d1 ae c6 82 79 35 36 0a 3c aa a5 d9 b7 2d 04
    33 bb 0b 6a ac ee e1 e0 b2 d2 8f 5b 52 a3 be ba
    bb 8d 22 24 4e 75 2f e3 02 36 e8 12 79 e6 5f 8e
    c1 d7 1b 0f 7a 0e 1b d6 e3 2f 91 21 16 c3 70 9d
    6e 8a a3 f1 93 93 c0 5b 80 9e f4 71 bd 48 75 03
    df 36 57 56 6c b1 15 6f 99 a0 55 66 73 55 5b fc
    8e dd c2 c2 82 c9 d7 ed a0 4e 34 61 c9 79 97 b9
    51 7a 44 52 10 59 f7 fe ec 23 3c 1d fe 51 5f 94
    a5 42 e5 db 8f 23 80 a2 75 cc 96 cf a7 9a f1 de
    00 2f a5 f7 4b dc 1c 71 b7 2e 16 0a db ad 2a 0a
    48 67 d2 6d cb 29 21 e4 43 1c 20 a0 00 68 f9 1e
    a8 7f 79 27 bb 44 9f ca 03 0f da 45 b3 dd 4f a9
    27 54 25 cb c9 8e 64 c8 e8 81 aa 52 3c a1 39 9e
    b6 8f da ba 4f 62 f5 40 60 d2 eb 7f b1 a4 23 28
    9c 73 fc e9 fc a8 94 28 43 f3 18 83 a0 c2 19 f6
    fb 18 34 b8 74 23 17 6a 0e 9f 45 3c 80 77 73 86
    a7 15 79 3e 21 a4 ae c4 17 cf 3f f4 91 30 08 b4
    c6 1c d7 b2 9d 00 42 55 97 0c 0c b8 51 53 2a 63
    63 ff 7e 49 57 61 b6 4b 4d 9c a7 28 b6 89 59 59
    ae da 45 50 20 8e d8 ca 4e b2 c9 22 d1 d9 84 c5
    2e ff d6 91 5a 67 5d d5 8d 18 75 b4 2d 7d 15 f2
    bd a3 ac af cf 05 1f 30 06 76 a0 a7 62 6b 60 6f
    e1 f6 d7 1c 03 41 09 09 9b fa 6e 6f 50 56 8f c0
    8f 92 bc 92 57 39 17 1a 37 83 d1 ba b6 80 73 d6
    c9 90 5d f5 ec d6 bc 33 ba d9 7c 37 a0 1a fc c4
    d9 6a 7f 8c 1f 88 ac 07 65 19
<<< TLS 1.2, RecordHeader [length 0005]
    17 03 03 00 17
<<< TLS 1.3, InnerContent [length 0001]
    16
<<< TLS 1.3, Handshake [length 0006], EncryptedExtensions
    08 00 00 02 00 00
<<< TLS 1.2, RecordHeader [length 0005]
    17 03 03 03 47
<<< TLS 1.3, InnerContent [length 0001]
    16
<<< TLS 1.3, Handshake [length 0336], Certificate
    0b 00 03 32 00 00 03 2e 00 03 29 30 82 03 25 30
    82 02 0d a0 03 02 01 02 02 01 02 30 0d 06 09 2a
    86 48 86 f7 0d 01 01 0b 05 00 30 12 31 10 30 0e
    06 03 55 04 03 0c 07 52 6f 6f 74 20 43 41 30 20
    17 0d 31 36 30 31 31 34 32 32 32 39 34 36 5a 18
    0f 32 31 31 36 30 31 31 35 32 32 32 39 34 36 5a
    30 19 31 17 30 15 06 03 55 04 03 0c 0e 73 65 72
    76 65 72 2e 65 78 61 6d 70 6c 65 30 82 01 22 30
    0d 06 09 2a 86 48 86 f7 0d 01 01 01 05 00 03 82
    01 0f 00 30 82 01 0a 02 82 01 01 00 d5 5d 60 6a
    df fc 61 ee 48 aa 8c 11 48 43 a5 6d b6 52 5d aa
    98 49 b1 61 92 35 b1 fc 3a 04 25 0c 6d 79 ff b4
    d5 c9 e9 5c 1c 3b e0 ab b3 b8 7d a3 de 6d bd e0
    dd d7 5a bf 14 47 11 42 5e a6 82 d0 61 c1 7f dd
    13 46 e6 09 85 07 0e f2 d4 fc 1a 64 d2 0a ad 20
    ab 20 6b 96 f0 ad cc c4 19 53 55 dc 01 1d a4 b3
    ef 8a b4 49 53 5d 8a 05 1c f1 dc e1 44 bf c5 d7
    e2 77 19 57 5c 97 0b 75 ee 88 43 71 0f ca 6c c1
    b4 b2 50 a7 77 46 6c 58 0f 11 bf f1 76 24 5a ae
    39 42 b7 51 67 29 e1 d0 55 30 6f 17 e4 91 ea ad
    f8 28 c2 43 6f a2 64 a9 fb 9d 98 92 62 48 3e eb
    0d 4f 82 4a 8a ff 3f 72 ee 96 b5 ae a1 c1 98 ba
    ef 7d 90 75 6d ff 5a 52 9e ab f5 c0 7e d0 87 43
    db 85 07 07 0f 7d 38 7a fd d1 d3 ee 65 1d d3 ea
    39 6a 87 37 ee 4a d3 e0 0d 6e f5 70 ac c2 bd f1
    6e f3 92 95 5e a9 f0 a1 65 95 93 8d 02 03 01 00
    01 a3 7d 30 7b 30 1d 06 03 55 1d 0e 04 16 04 14
    c0 e7 84 bf e8 59 27 33 10 b0 52 4f 51 52 2f 06
    d6 c0 7a cd 30 1f 06 03 55 1d 23 04 18 30 16 80
    14 70 7f 2e ae 83 68 59 98 04 23 2a cd eb 3e 17
    cd 24 dd 01 49 30 09 06 03 55 1d 13 04 02 30 00
    30 13 06 03 55 1d 25 04 0c 30 0a 06 08 2b 06 01
    05 05 07 03 01 30 19 06 03 55 1d 11 04 12 30 10
    82 0e 73 65 72 76 65 72 2e 65 78 61 6d 70 6c 65
    30 0d 06 09 2a 86 48 86 f7 0d 01 01 0b 05 00 03
    82 01 01 00 7b d3 04 43 75 8a 0f 11 ae c4 fb d7
    a1 a2 9e fe 20 18 d5 f4 2f 31 88 46 b6 75 8c ee
    e5 9b 97 a6 b9 a3 cd 60 9a 46 c3 48 97 e5 97 68
    f7 5a 86 35 73 d9 69 9e f9 5f 74 b9 e6 94 13 01
    cb 6a dc e3 c4 04 e9 65 da 9c a4 8b 28 f3 f9 9a
    7f bf 97 1f 45 92 e5 05 b1 56 e6 0b f6 47 de 1e
    89 b6 2b e1 4d df 4a 7e 01 d3 23 dc 97 8c 47 fe
    5f c7 cc 98 46 0e c4 83 5b ca 8a f1 52 09 be 6b
    ec 3f 09 8b d0 93 02 bf e1 51 e7 d1 7e 34 56 19
    74 d0 ff 28 25 de b7 9f 56 52 91 7d 20 29 85 0a
    80 44 5f 71 32 25 71 0f c2 16 e2 5f 6b 1d 3f 32
    5b 0a 3c 74 1c b9 62 f1 ed 07 50 a3 6d b4 b4 31
    0a c0 53 44 6a 3a 88 84 8b 2d a9 b0 37 8e e6 18
    36 bd 9a 20 40 0f 01 92 8b 3d aa 61 e7 ae 2c ed
    36 cd 3a 07 86 74 3a 29 b3 d7 3a b4 00 a9 c2 f5
    92 78 0e e2 0f a3 fe bb be e0 06 53 84 59 1d 90
    69 e5 b6 f9 00 00
<<< TLS 1.2, RecordHeader [length 0005]
    17 03 03 01 19
<<< TLS 1.3, InnerContent [length 0001]
    16
<<< TLS 1.3, Handshake [length 0108], CertificateVerify
    0f 00 01 04 08 04 01 00 63 9d 1f ee 5e 9b 4b 94
    71 82 70 d6 9f f7 bf 77 69 f2 e8 52 97 01 56 6a
    b8 b6 2f 3d 96 c7 47 70 8c c2 7c 26 8d 3a ba 5d
    df 6a 89 ef 01 19 af 10 93 a5 83 42 ed ff f7 87
    e1 49 cb 03 f3 49 06 37 c2 d8 8c 36 af 55 9b 3b
    11 2b 42 87 41 83 39 a4 3a e2 5c 9c d6 7b 6a 74
    fb a2 a6 ee 52 18 4e ba ac da 69 a9 60 d7 c2 1c
    ee 1b e6 86 2e ac c7 da 67 7a b9 40 f2 18 49 76
    36 66 6a 83 3b 15 db 5b e2 09 f3 e9 17 58 79 53
    4b 32 21 49 bc 04 71 46 53 44 21 93 e5 25 43 eb
    14 9a 8d 54 dd 26 65 64 71 49 6c 81 3f ff 91 49
    30 74 c4 14 52 95 b0 33 0e 18 0f d9 70 0e 4c 02
    6d 38 87 97 24 42 ef 38 21 4b 3a b9 b9 3a d2 a5
    7e dd 78 95 16 9f d6 de 3f ab 9c eb 88 1d 66 b6
    c7 07 e6 6d 26 e1 1a 9a 3e c4 39 fa fc 7d 5e dd
    1c 04 58 65 5b 85 c9 ee 5f 9d 96 fd 38 1f 1d b6
    e4 db 2d c8 10 13 de 28
<<< TLS 1.2, RecordHeader [length 0005]
    17 03 03 00 45
<<< TLS 1.3, InnerContent [length 0001]
    16
<<< TLS 1.3, Handshake [length 0034], Finished
    14 00 00 30 d8 8e 74 17 dd 26 be fb 36 65 23 cc
    77 b7 8e f5 c8 1c 56 dd 72 b6 ef 2b fd 02 f1 1c
    50 8c c3 95 3c 59 92 68 ba 74 37 99 4a 6d 03 ef
    58 e4 c6 11
>>> TLS 1.2, RecordHeader [length 0005]
    17 03 03 00 45
>>> TLS 1.2, InnerContent [length 0001]
    16
>>> TLS 1.3, Handshake [length 0034], Finished
    14 00 00 30 1e 51 49 61 1e a6 e7 dd 30 0d a2 cf
    d2 f9 c0 fa e2 f9 e7 fd b3 97 86 7a cc 51 11 23
    33 88 7f 7c 4d 20 d4 df 88 16 8c 67 69 22 d1 c8
    35 e5 14 19
---
Certificate chain
 0 s:CN=server.example
   i:CN=Root CA
   a:PKEY: RSA, 2048 (bit); sigalg: sha256WithRSAEncryption
   v:NotBefore: Jan 14 22:29:46 2016 GMT; NotAfter: Jan 15 22:29:46 2116 GMT
---
Server certificate
-----BEGIN CERTIFICATE-----
MIIDJTCCAg2gAwIBAgIBAjANBgkqhkiG9w0BAQsFADASMRAwDgYDVQQDDAdSb290
IENBMCAXDTE2MDExNDIyMjk0NloYDzIxMTYwMTE1MjIyOTQ2WjAZMRcwFQYDVQQD
DA5zZXJ2ZXIuZXhhbXBsZTCCASIwDQYJKoZIhvcNAQEBBQADggEPADCCAQoCggEB
ANVdYGrf/GHuSKqMEUhDpW22Ul2qmEmxYZI1sfw6BCUMbXn/tNXJ6VwcO+Crs7h9
o95tveDd11q/FEcRQl6mgtBhwX/dE0bmCYUHDvLU/Bpk0gqtIKsga5bwrczEGVNV
3AEdpLPvirRJU12KBRzx3OFEv8XX4ncZV1yXC3XuiENxD8pswbSyUKd3RmxYDxG/
8XYkWq45QrdRZynh0FUwbxfkkeqt+CjCQ2+iZKn7nZiSYkg+6w1PgkqK/z9y7pa1
rqHBmLrvfZB1bf9aUp6r9cB+0IdD24UHBw99OHr90dPuZR3T6jlqhzfuStPgDW71
cKzCvfFu85KVXqnwoWWVk40CAwEAAaN9MHswHQYDVR0OBBYEFMDnhL/oWSczELBS
T1FSLwbWwHrNMB8GA1UdIwQYMBaAFHB/Lq6DaFmYBCMqzes+F80k3QFJMAkGA1Ud
EwQCMAAwEwYDVR0lBAwwCgYIKwYBBQUHAwEwGQYDVR0RBBIwEIIOc2VydmVyLmV4
YW1wbGUwDQYJKoZIhvcNAQELBQADggEBAHvTBEN1ig8RrsT716Ginv4gGNX0LzGI
RrZ1jO7lm5emuaPNYJpGw0iX5Zdo91qGNXPZaZ75X3S55pQTActq3OPEBOll2pyk
iyjz+Zp/v5cfRZLlBbFW5gv2R94eibYr4U3fSn4B0yPcl4xH/l/HzJhGDsSDW8qK
8VIJvmvsPwmL0JMCv+FR59F+NFYZdND/KCXet59WUpF9ICmFCoBEX3EyJXEPwhbi
X2sdPzJbCjx0HLli8e0HUKNttLQxCsBTRGo6iISLLamwN47mGDa9miBADwGSiz2q
YeeuLO02zToHhnQ6KbPXOrQAqcL1kngO4g+j/ru+4AZThFkdkGnltvk=
-----END CERTIFICATE-----
subject=CN=server.example
issuer=CN=Root CA
---
No client certificate CA names sent
Peer signing digest: SHA256
Peer signature type: rsa_pss_rsae_sha256
Negotiated TLS1.3 group: X25519MLKEM768
---
SSL handshake has read 2546 bytes and written 1702 bytes
Verification error: unable to verify the first certificate
---
New, TLSv1.3, Cipher is TLS_AES_256_GCM_SHA384
Protocol: TLSv1.3
Server public key is 2048 bit
This TLS version forbids renegotiation.
Compression: NONE
Expansion: NONE
No ALPN negotiated
Early data was not sent
Verify return code: 21 (unable to verify the first certificate)
---
>>> TLS 1.2, RecordHeader [length 0005]
    17 03 03 00 13
>>> TLS 1.2, InnerContent [length 0001]
    15
>>> TLS 1.3, Alert [length 0002], warning close_notify
    01 00
Connecting to 127.0.0.1
SSL_connect:before SSL initialization
SSL_connect:SSLv3/TLS write client hello
SSL_connect:SSLv3/TLS write client hello
SSL_connect:SSLv3/TLS read server hello
SSL_connect:SSLv3/TLS write change cipher spec
SSL_connect:SSLv3/TLS write client hello
SSL_connect:SSLv3/TLS write client hello
SSL_connect:SSLv3/TLS read server hello
Can't use SSL_get_servername
SSL_connect:TLSv1.3 read encrypted extensions
depth=0 CN=server.example
verify error:num=20:unable to get local issuer certificate
verify return:1
depth=0 CN=server.example
verify error:num=21:unable to verify the first certificate
verify return:1
depth=0 CN=server.example
verify return:1
SSL_connect:SSLv3/TLS read server certificate
SSL_connect:TLSv1.3 read server certificate verify
SSL_connect:SSLv3/TLS read finished
SSL_connect:SSLv3/TLS write finished
DONE
SSL3 alert write:warning:close notify
