CONNECTED(00000003)
>>> TLS 1.0, RecordHeader [length 0005]
    16 03 01 05 76
>>> TLS 1.3, Handshake [length 0576], ClientHello
    01 00 05 72 03 03 2d 6f 8e 5f ec 2b 3a 3c 8f 4c
    e4 c7 fc d2 6f 7a 7f 3d 8c 5f 24 c4 7c b1 d3 1e
    29 85 5e e2 5c 6a 20 4e 95 26 36 1d 05 07 99 48
    bd ae be 2b e0 ee 16 09 d0 c0 18 9c a4 56 59 02
    7e 54 73 85 6f 16 cb 00 06 13 02 13 03 13 01 01
    00 05 23 00 0b 00 04 03 00 01 02 00 0a 00 06 00
    04 11 ec 00 1d 00 23 00 00 00 16 00 00 00 17 00
    00 00 0d 00 2a 00 28 09 05 09 06 09 04 04 03 05
    03 06 03 08 07 08 08 08 1a 08 1b 08 1c 08 09 08
    0a 08 0b 08 04 08 05 08 06 04 01 05 01 06 01 00
    2b 00 03 02 03 04 00 2d 00 02 01 01 00 33 04 c6
    04 c4 11 ec 04 c0 07 a7 cd 80 54 c4 27 25 78 59
    84 65 f8 2a aa ee 86 27 51 da a1 32 b6 3c 2d 49
    1b 04 59 0c 5e a8 60 14 62 bc 35 98 02 35 52 72
    06 91 82 78 11 1e 12 bb a6 62 70 76 61 d2 71 6a
    e7 05 fd 57 3f b7 00 1a d8 52 00 97 e7 61 79 44
    48 39 f4 56 a2 71 ae 75 53 9d f3 b4 b7 e0 2c 60
    a0 85 13 fb 69 53 62 d7 77 a5 f2 0f a0 71 12 f3
    c1 24 04 7a 53 23 b3 44 04 28 21 57 04 9b ad f2
    23 e1 b1 2a 6f 79 8c 9e f5 29 62 29 6f ce 1b a3
    42 98 70 df 65 27 d8 d4 8f ba 21 00 42 2a a5 00
    b5 ad ac 93 73 72 79 7d 51 6b a0 86 bb 4a fd e9
    22 94 b9 c8 c8 08 c5 f0 14 b6 53 08 21 5b 07 29
    da ea 76 3b 0c b6 02 9c ab b1 d5 98 37 42 4b c8
    e9 05 21 22 ca d0 e9 80 17 80 6d a1 30 1e 3a a4
    20 a1 6b 2a 11 85 52 c2 95 af 9b f5 00 64 c3 c0
    0b b6 79 9d 2a b4 86 bc 3b 1c 99 a5 a6 1b 14 a0
    07 2b 94 9a 12 ca ec cc cc 77 bc c1 0c 9c d2 c7
    99 ff f8 c0 90 ec c1 d5 5b 9a 70 fb 05 f4 79 4f
    50 4c 91 ac 00 62 50 07 38 e2 5a 7e fd 84 2e 77
    89 7e 5d 82 44 d3 91 a9 69 d4 b0 63 39 5d 9a 86
    81 e8 f6 3b 88 08 30 0b 29 bc 4a f9 a4 11 f5 29
    52 e9 1b 51 3a c7 67 7a 98 77 8a 3d 75 f6 c0 3a
    bb 44 25 63 9a 28 d5 5f 3e cc c1 86 71 4f 8b 73
    30 c0 35 be 3f 89 cd c5 c8 1c 85 44 4a 80 bc ab
    b8 cb 6f c5 7b ae 53 16 8f b8 08 64 c7 a0 4a 03
    85 59 8e d9 ab 3a 13 38 ba 6c 1d 9a 49 0b bb 20
    ab a1 45 67 b1 89 9e 93 6a 85 20 b8 cb 5c b9 20
    7d 6c bb e7 47 00 3b 23 3f b5 06 a5 d7 d3 b6 75
    64 98 a2 79 71 18 d3 c9 53 f9 95 fa 35 13 06 12
    91 7c c3 9a e5 a5 96 87 a8 33 0a f2 68 09 03 76
    ca c9 bd 1a cc 6f c3 32 79 a1 cc 36 e9 38 a6 91
    46 6c 35 cb a8 71 c8 6d 05 1b 83 e3 f4 3d 4e b7
    c2 ea 14 26 1c 38 08 29 42 77 45 a8 ae 34 08 31
    51 0b 6c 99 34 9a 3c c8 8d 24 b6 16 be 59 95 9b
    d7 30 58 a3 3a db ba 05 47 57 96 1e aa 8a 9e b1
    a4 e8 6c 3d 88 99 8a 6b 79 c5 74 61 0b 29 1b 0a
    d6 c3 83 2a cb 6d 2d 7c 6d 76 bb 93 02 17 51 27
    42 7f 97 f3 00 92 91 01 36 00 c3 e1 89 2b 27 43
    97 79 c0 bb 2a 5a 16 85 89 39 39 10 8c 28 65 99
    ec a4 58 03 79 06 82 c8 04 e4 99 5b e3 b0 50 74
    73 64 25 38 cc 47 d1 b7 ee 83 cb b2 d0 03 53 35
    bc 6d f8 2b ed 59 6f d3 77 ba af f2 98 cf 26 43
    76 b5 b1 5d 97 47 6d 54 98 57 5b af 15 33 5e ee
    19 34 e5 09 a8 01 f3 54 f8 42 6f 6d ab 9f 98 c4
    9c 23 58 84 e0 83 6f bd 3c 21 a5 db 40 c9 11 48
    50 00 b8 53 05 7d 53 0c 88 f7 77 39 9d d6 8c 01
    c9 60 8f 51 73 06 41 bd 54 1b 2d e2 f1 33 f9 78
    35 c2 d5 57 a5 53 44 a0 c6 12 07 c5 7c 4b bb c1
    b2 54 51 9e bc ad ea 0a 5c e1 b2 0d 31 d3 aa 09
    89 89 78 65 4d ef 91 a8 b8 67 8f 51 6c 34 eb 10
    b3 38 88 97 7c 80 b6 39 a4 02 f1 57 58 97 c6 22
    a1 54 82 b4 c7 a6 63 78 c9 ec 63 76 59 51 ba 71
    b8 54 e7 d4 93 e2 d4 81 c5 5c 97 f7 27 b8 fc f2
    2b f6 05 8b 1f 5c b9 03 68 16 98 da 10 92 bb 08
    9b 29 59 14 a4 19 77 19 34 27 88 70 2f 17 80 59
    f9 bb c3 f0 3a 94 bc 70 08 d1 52 80 b5 26 d8 20
    4b a7 ac 1f 1c 19 08 bf 8a 07 12 eb 64 2f 01 95
    7d c8 bf a6 22 b8 23 31 30 34 05 4e 55 e1 09 7f
    ec 73 4b 83 c0 46 98 97 e5 47 a9 8f d0 0e b5 a4
    19 03 ca 8d 50 36 3a c0 26 ab 06 b9 83 19 26 76
    d7 72 6d 68 b9 ca 55 9a 22 90 12 76 76 5c 61 54
    e6 0a 34 97 08 c4 28 1e ae 71 aa e1 59 b5 dd 20
    11 86 47 ba 58 b4 5c fa 55 6c d3 62 bb c1 03 5f
    ea 63 35 e0 32 ae 88 04 64 a2 56 4c aa d9 c5 30
    f4 1a 57 09 be c7 8a 8c b8 c1 41 cc 66 28 b0 a1
    95 ed 6b 8f 9f 0a 1b f7 29 83 27 fb 6e e6 d6 16
    65 d5 15 fc b7 55 28 21 9c 18 68 76 eb f6 06 ce
    45 2a 8e 05 b9 3f e4 5b a8 21 39 db 94 9c 21 66
    58 e4 7a cb 16 07 8a 8c 81 7e fc 99 65 4a 37 10
    eb 5b 68 d7 43 77 5e 87 77 09 e1 91 ea 05 60 75
    60 1c 35 6c bb 0c e4 8f 2a b2 95 0e a8 19 05 e7
    86 71 75 b2 9a c6 1c 4a e7 ab 26 c4 aa 87 28 8b
    80 89 9b 0c 48 71 6c 0d a9 a3 58 03 22 7a 59 f2
    96 a1 e6 81 ac 40 8d 4d 98 4d 9a 00 fa 76 4f 15
    8b 10 f0 03 cc 9d 8a 7d 2b 44 6b a7 c4 0e c3 e4
    30 78 6f 65 71 47 4a 55 98 30 49 20 05 34 a6 3a
    15 a0 31 f3 8d 01
<<< TLS 1.2, RecordHeader [length 0005]
    16 03 03 04 ba
<<< TLS 1.3, Handshake [length 04ba], ServerHello
    02 00 04 b6 03 03 64 6b 7c c6 96 1b bb b5 91 b4
    27 c9 d9 a5 23 a7 82 ff 3a 57 98 ec 9a cf 5d 77
    e9 3c e8 84 94 a0 20 4e 95 26 36 1d 05 07 99 48
    bd ae be 2b e0 ee 16 09 d0 c0 18 9c a4 56 59 02
    7e 54 73 85 6f 16 cb 13 01 00 04 6e 00 2b 00 02
    03 04 00 33 04 64 11 ec 04 60 6b 6d b7 59 18 b0
    13 89 fb 27 ab 40 f9 74 ef f2 c9 ad e8 0d 3e ee
    2e 8b 5b 6b 19 40 7f 5b 75 91 5a d1 4a 81 96 44
    10 26 da fd ca b1 c6 1f f2 12 68 ae 88 79 61 f8
    d0 f7 42 4d 3c b2 28 f8 64 56 b1 9f 38 c0 1a 89
    34 db 7d bd 86 f1 15 6e ad c9 1a 4d ac 69 04 b0
    4a e5 1c 91 af 49 c2 80 57 c9 3d 18 a1 99 4e da
    91 0f bb 58 1d de a5 10 9a 48 82 77 c9 a1 7b f9
    b7 bc 67 3e 3a 66 f4 0a 40 e0 3c 55 3b 38 4a 09
    9e ac a5 40 84 89 4f e0 ca 60 c9 68 e8 23 b0 97
    e4 3d 83 f8 fd f7 9d ea 86 5b 00 82 f4 06 c6 1e
    49 6c 8c bf 64 8e 87 1c 7a c7 21 a2 62 ec 6b ed
    d2 93 aa 75 31 4b 3d 6e cd 28 43 8e 1b 96 3f 1b
    d8 2c b2 7a 1c 92 19 e3 4f dc d6 b2 39 7f 89 85
    a6 90 10 58 e3 46 24 e3 7d 79 c7 a1 df 02 94 5b
    15 d1 83 9b 70 b3 33 59 3a 22 26 98 5f 67 1c 69
    a7 2a c8 6a ef b8 3e f5 c4 c0 76 24 4b 8a f5 df
    56 4f f8 05 ce 15 53 83 5b fc 16 ed 24 68 67 c9
    6e 94 8d 2c 0d 43 ef 15 c6 19 94 53 64 58 ed 86
    86 c2 f5 e0 1d 89 27 d6 a9 7f 9f b5 e2 bc 42 2e
    47 60 a5 91 dd c1 61 f1 47 13 e5 78 b7 fb cc 03
    0c 13 f4 77 a1 11 3e c4 27 47 95 38 1b 90 ab 34
    d0 24 a3 06 8d 43 f4 dc cd 87 05 39 0f f2 de 64
    c0 87 30 c7 9f 5a d0 6e b1 24 fc c9 1f d1 3e 81
    94 2e 00 27 fb ad 0c b2 3a 55 e3 68 db 85 6a e5
    de 23 8b 97 76 20 72 ef 54 4e 19 49 52 99 80 9b
    16 20 06 2a c0 3d d4 ed b8 4d ee 8c 62 d2 ef 4e
    5b 61 83 03 c5 11 d9 39 31 6e 75 d7 e0 bb 3e 76
    ed 41 48 0b 86 fc 5a 62 63 26 c1 31 88 69 24 25
    05 ec 8e f0 aa 07 88 27 e3 07 17 0b 74 22 d0 4f
    bd 6c bc 8c f0 f9 84 02 93 1f fa 3c 8d 4c 67 8c
    9b ba e1 6a 65 85 7a 91 63 14 23 b5 58 92 ac 34
    e9 81 8e 56 54 dd d8 e0 4c 02 a4 fb 3b 57 8a 3a
    b2 10 5b 59 6a b9 5e e3 a2 b0 d9 e1 8f 50 b8 f1
    b2 18 51 38 58 36 3d f1 77 2c 9a 39 70 37 f5 85
    77 32 bf f2 a3 81 f3 99 d5 fd f9 6b ec 02 80 2a
    fe 49 59 82 6f 0f c3 36 52 d4 85 4c d8 6f 52 c1
    a2 eb 5c 59 2f ee ae 2c 4d de eb 38 5d 0a 58 d9
    7e 2e 43 f1 3a 18 c4 9c 75 cc 54 3a 91 cc 7d 1a
    f8 25 2e 05 dd da 78 bf 79 83 00 e7 cf 3f f9 c0
    8f f8 6e 16 ad d1 9a f0 4a 9e 0b 53 c8 12 ae 88
    93 df 69 54 79 66 be f2 ec 27 87 e8 3d 48 e1 02
    ee a7 29 8b 3e d5 18 91 98 ad 19 3d b7 43 bf 07
    d7 45 ae 3a 47 37 7c fd a2 a9 c1 ea 90 b5 ba 77
    b3 ce cf cf 74 78 f6 2a e3 39 55 bc 73 46 ab 1d
    3b 22 d4 48 0d f3 28 8a 24 a0 a7 4a c5 ac e9 0f
    3b 1c 4b c3 15 32 cd da 2c c7 98 a5 77 74 c5 be
    6f 02 87 b9 d0 22 44 8c 33 95 78 ab 34 f4 50 c8
    9c 48 7e b9 eb 2c 74 50 27 43 91 01 23 73 d2 02
    7d 93 93 26 16 a1 49 1d ca 73 45 3c 7c db e9 dc
    0f f6 2e 00 c7 8d 2f 3f 54 03 cb 0f 98 ce 6b 27
    27 5e e5 c8 be c5 2c c8 2d 9a ac 5a d3 d2 4a 10
    5c 5b 8d 83 54 42 71 cc ff ff 57 52 89 f7 00 33
    ff e8 2b 00 57 43 d8 e6 61 88 5e 1c 39 35 ee 41
    63 c5 1c c0 3f 61 00 4a 02 d8 64 de 89 25 43 cb
    f4 68 26 39 e2 89 a9 52 69 f3 3e bc 10 f0 3f 3d
    f2 af 97 f4 14 25 ad 8b b1 7c 4d da 09 6c 38 08
    20 2f 9d d4 ce 5c 39 11 c0 ff e6 78 5a ba d7 53
    d0 c4 06 f1 e4 7c 24 1e dc aa f7 c9 bd 40 2c 3f
    b4 c6 b6 44 ac 15 61 29 2e 15 6e db 2e c3 e0 62
    18 7b 22 ae bb 0d 0a dc b7 20 4d e3 83 75 4a 51
    ee 3b b6 fe 29 09 99 04 f4 96 02 23 38 21 53 2b
    a5 c0 34 62 2b 10 07 ad 79 4e bf a8 00 fa 75 e4
    15 6d 84 82 06 cf 8a 4a f6 3c a9 89 f4 9d 11 4c
    9e c5 50 a6 0f c7 f1 f4 a1 bd e5 13 5e 8d d6 cb
    b8 80 23 b1 99 6e fa a8 09 98 23 fc 54 86 2c 86
    cc a4 07 76 6f 53 76 36 23 67 3a 03 ec 36 17 58
    97 3d ad c5 0b eb 4c 09 58 3d e8 d3 9a 2c ce 90
    13 19 a5 aa fe c9 eb 33 dc da a6 d5 18 df e6 48
    24 e3 0c 95 be 42 c9 ae 73 da 0c 97 e5 ac e2 87
    ae 79 2f d1 02 ac cb c7 b5 65
<<< TLS 1.2, RecordHeader [length 0005]
    14 03 03 00 01
<<< TLS 1.3, ChangeCipherSpec [length 0001]
    01
<<< TLS 1.2, RecordHeader [length 0005]
    17 03 03 00 17
<<< TLS 1.3, InnerContent [length 0001]
    16
<<< TLS 1.3, Handshake [length 0006], EncryptedExtensions
    08 00 00 02 00 00
<<< TLS 1.2, RecordHeader [length 0005]
    17 03 03 03 ab
<<< TLS 1.3, InnerContent [length 0001]
    16
<<< TLS 1.3, Handshake [length 039a], Certificate
    0b 00 03 96 00 00 03 92 00 01 bd 30 82 01 b9 30
    82 01 5f a0 03 02 01 02 02 11 00 c8 4a 45 2d de
    43 18 d4 e5 46 fb bd f9 35 dd 1f 30 0a 06 08 2a
    86 48 ce 3d 04 03 02 30 33 31 31 30 2f 06 03 55
    04 03 13 28 43 61 64 64 79 20 4c 6f 63 61 6c 20
    41 75 74 68 6f 72 69 74 79 20 2d 20 45 43 43 20
    49 6e 74 65 72 6d 65 64 69 61 74 65 30 1e 17 0d
    32 36 30 39 32 39 30 35 34 36 35 34 5a 17 0d 32
    36 30 39 32 39 31 37 34 36 35 34 5a 30 00 30 59
    30 13 06 07 2a 86 48 ce 3d 02 01 06 08 2a 86 48
    ce 3d 03 01 07 03 42 00 04 c8 bd 0f fe 4f af bf
    d5 7b 5f 17 ce 01 46 a3 46 ae e3 2c 99 eb 3e d5
    59 60 7d 87 06 51 a7 f0 16 c9 f5 1d bf 11 fd 5a
    e9 fd ab eb 99 b9 25 38 db 73 0c ba eb 15 47 1a
    28 55 ba 9e fb d4 b1 71 0c a3 81 86 30 81 83 30
    0e 06 03 55 1d 0f 01 01 ff 04 04 03 02 07 80 30
    1d 06 03 55 1d 25 04 16 30 14 06 08 2b 06 01 05
    05 07 03 01 06 08 2b 06 01 05 05 07 03 02 30 1d
    06 03 55 1d 0e 04 16 04 14 ad 2b 9c 62 c7 fa 2b
    57 ff fb c1 fe 2e be 4c 0e f4 c5 1e 98 30 1f 06
    03 55 1d 23 04 18 30 16 80 14 1e 4b f5 b5 bf d2
    49 ea fe a3 68 02 cd 5a d5 59 ca f0 13 b2 30 12
    06 03 55 1d 11 01 01 ff 04 08 30 06 87 04 7f 00
    00 01 30 0a 06 08 2a 86 48 ce 3d 04 03 02 03 48
    00 30 45 02 20 61 ec 4b 96 5e f4 32 24 d4 14 31
    56 0a 50 96 91 06 95 ff 1c f5 a9 39 c8 e4 c7 9e
    3d b6 6e 24 4d 02 21 00 b5 fb a5 36 37 cd cf 8a
    f9 f1 66 b1 3e df 2c fc b9 5f fe 0a 76 3b 30 de
    a5 5c 93 d8 de d6 e9 bd 00 00 00 01 cb 30 82 01
    c7 30 82 01 6d a0 03 02 01 02 02 10 6f 96 30 9a
    4b 67 3c 1d 9e 4f a1 15 64 28 b2 e8 30 0a 06 08
    2a 86 48 ce 3d 04 03 02 30 30 31 2e 30 2c 06 03
    55 04 03 13 25 43 61 64 64 79 20 4c 6f 63 61 6c
    20 41 75 74 68 6f 72 69 74 79 20 2d 20 32 30 32
    36 20 45 43 43 20 52 6f 6f 74 30 1e 17 0d 32 36
    30 39 32 39 30 35 34 35 32 39 5a 17 0d 32 36 31
    30 30 36 30 35 34 35 32 39 5a 30 33 31 31 30 2f
    06 03 55 04 03 13 28 43 61 64 64 79 20 4c 6f 63
    61 6c 20 41 75 74 68 6f 72 69 74 79 20 2d 20 45
    43 43 20 49 6e 74 65 72 6d 65 64 69 61 74 65 30
    59 30 13 06 07 2a 86 48 ce 3d 02 01 06 08 2a 86
    48 ce 3d 03 01 07 03 42 00 04 7f 54 52 36 8d eb
    6e c8 25 b7 8a 71 71 a6 74 de c9 47 3d f2 bd be
    c4 ca 44 7a f6 7a f4 fb 9c 6e 9d 8d 7a 14 1c 70
    8c 39 51 53 3e 3a ea 92 b2 b0 bb 3b cd 5e c0 25
    58 9c 16 ca 00 c2 ff 54 0a 6d a3 66 30 64 30 0e
    06 03 55 1d 0f 01 01 ff 04 04 03 02 01 06 30 12
    06 03 55 1d 13 01 01 ff 04 08 30 06 01 01 ff 02
    01 00 30 1d 06 03 55 1d 0e 04 16 04 14 1e 4b f5
    b5 bf d2 49 ea fe a3 68 02 cd 5a d5 59 ca f0 13
    b2 30 1f 06 03 55 1d 23 04 18 30 16 80 14 ee 98
    ae 58 5d a9 43 fe 5e a3 c5 77 4f ac 5d 68 01 29
    ec a3 30 0a 06 08 2a 86 48 ce 3d 04 03 02 03 48
    00 30 45 02 21 00 c8 69 eb 78 cd 7e 63 82 92 31
    7c a4 af d7 5f b6 70 9e 76 94 2a 23 a9 54 7f dc
    57 82 22 13 d9 62 02 20 13 c2 8d b8 4e 77 3b 95
    ba 65 da cd d6 65 1f 3f 65 36 0a a1 a7 c9 e8 af
    29 11 3b e2 64 fd e7 66 00 00
<<< TLS 1.2, RecordHeader [length 0005]
    17 03 03 00 60
<<< TLS 1.3, InnerContent [length 0001]
    16
<<< TLS 1.3, Handshake [length 004f], CertificateVerify
    0f 00 00 4b 04 03 00 47 30 45 02 20 66 d5 97 f7
    37 6b cf 0a ab 26 40 db 18 4e 0a 93 17 d6 83 8f
    75 8a 34 75 69 a8 9b b1 96 e5 0e c5 02 21 00 ea
    34 3c 36 e9 71 01 24 ae 9e 80 ff da 9a ae 94 6f
    55 70 92 87 71 5c ee f1 a6 9e 5d e7 42 e3 9b
<<< TLS 1.2, RecordHeader [length 0005]
    17 03 03 00 35
<<< TLS 1.3, InnerContent [length 0001]
    16
<<< TLS 1.3, Handshake [length 0024], Finished
    14 00 00 20 3a 61 ab 1a 30 5c b5 f5 4a 74 00 f7
    79 72 fd 61 72 d3 0a 84 46 de b6 8b b4 d4 55 77
    03 71 13 c2
>>> TLS 1.2, RecordHeader [length 0005]
    14 03 03 00 01
>>> TLS 1.3, ChangeCipherSpec [length 0001]
    01
>>> TLS 1.2, RecordHeader [length 0005]
    17 03 03 00 35
>>> TLS 1.2, InnerContent [length 0001]
    16
>>> TLS 1.3, Handshake [length 0024], Finished
    14 00 00 20 fd d4 77 6a 8a a9 d4 d0 36 01 51 43
    b6 dc 69 e0 21 78 61 b8 f5 f4 b6 bc 0b f5 9e 7e
    0a 07 fa cc
---
Certificate chain
 0 s:
   i:CN=Caddy Local Authority - ECC Intermediate
   a:PKEY: EC, (prime256v1); sigalg: ecdsa-with-SHA256
   v:NotBefore: Sep 29 05:46:54 2026 GMT; NotAfter: Sep 29 17:46:54 2026 GMT
 1 s:CN=Caddy Local Authority - ECC Intermediate
   i:CN=Caddy Local Authority - 2026 ECC Root
   a:PKEY: EC, (prime256v1); sigalg: ecdsa-with-SHA256
   v:NotBefore: Sep 29 05:45:29 2026 GMT; NotAfter: Oct  6 05:45:29 2026 GMT
---
Server certificate
-----BEGIN CERTIFICATE-----
MIIBuTCCAV+gAwIBAgIRAMhKRS3eQxjU5Ub7vfk13R8wCgYIKoZIzj0EAwIwMzEx
MC8GA1UEAxMoQ2FkZHkgTG9jYWwgQXV0aG9yaXR5IC0gRUNDIEludGVybWVkaWF0
ZTAeFw0yNjA5MjkwNTQ2NTRaFw0yNjA5MjkxNzQ2NTRaMAAwWTATBgcqhkjOPQIB
BggqhkjOPQMBBwNCAATIvQ/+T6+/1XtfF84BRqNGruMsmes+1VlgfYcGUafwFsn1
Hb8R/Vrp/avrmbklONtzDLrrFUcaKFW6nvvUsXEMo4GGMIGDMA4GA1UdDwEB/wQE
AwIHgDAdBgNVHSUEFjAUBggrBgEFBQcDAQYIKwYBBQUHAwIwHQYDVR0OBBYEFK0r
nGLH+itX//vB/i6+TA70xR6YMB8GA1UdIwQYMBaAFB5L9bW/0knq/qNoAs1a1VnK
8BOyMBIGA1UdEQEB/wQIMAaHBH8AAAEwCgYIKoZIzj0EAwIDSAAwRQIgYexLll70
MiTUFDFWClCWkQaV/xz1qTnI5MeePbZuJE0CIQC1+6U2N83PivnxZrE+3yz8uV/+
CnY7MN6lXJPY3tbpvQ==
-----END CERTIFICATE-----
subject=
issuer=CN=Caddy Local Authority - ECC Intermediate
---
No client certificate CA names sent
Peer signing digest: SHA256
Peer signature type: ecdsa_secp256r1_sha256
Negotiated TLS1.3 group: X25519MLKEM768
---
SSL handshake has read 2352 bytes and written 1467 bytes
Verification error: unable to get local issuer certificate
---
New, TLSv1.3, Cipher is TLS_AES_128_GCM_SHA256
Protocol: TLSv1.3
Server public key is 256 bit
This TLS version forbids renegotiation.
Compression: NONE
Expansion: NONE
No ALPN negotiated
Early data was not sent
Verify return code: 20 (unable to get local issuer certificate)
---
<<< TLS 1.2, RecordHeader [length 0005]
    17 03 03 00 8b
<<< TLS 1.3, InnerContent [length 0001]
    16
<<< TLS 1.3, Handshake [length 007a], NewSessionTicket
    04 00 00 76 00 09 3a 80 29 4f e9 c5 00 00 69 bc
    68 42 7c 5a 41 4e 85 77 2c 47 28 d7 cb 17 38 06
    42 1e 2f cb b1 1b 9a a3 9b a1 20 41 14 f1 f9 8a
    5f aa d1 54 de 38 5b b7 9d 72 a9 e9 fd 60 5f 0a
    61 6a 9e 7b 9a 01 80 1c 33 f4 7c 72 ca ec fc f6
    4a 8a 49 ae 18 b0 e0 98 a9 ce b2 8f 2f 8e 09 c2
    bb 9a 08 35 38 60 cb 21 9e ae ab 67 76 c8 62 b2
    54 2c f8 5b 58 b6 6f 50 00 00
---
Post-Handshake New Session Ticket arrived:
SSL-Session:
    Protocol  : TLSv1.3
    Cipher    : TLS_AES_128_GCM_SHA256
    Session-ID: 4248D20B845F61551313CEA33D5B5857357081DC5F29FAEF685B7BB46F373DD9
    Session-ID-ctx: 
    Resumption PSK: 18368706C7BEE6ABFEF64D30ADE1B3505565E0F8D63BF21FEE99550EA832FEBE
    PSK identity: None
    PSK identity hint: None
    SRP username: None
    TLS session ticket lifetime hint: 604800 (seconds)
    TLS session ticket:
    0000 - bc 68 42 7c 5a 41 4e 85-77 2c 47 28 d7 cb 17 38   .hB|ZAN.w,G(...8
    0010 - 06 42 1e 2f cb b1 1b 9a-a3 9b a1 20 41 14 f1 f9   .B./....... A...
    0020 - 8a 5f aa d1 54 de 38 5b-b7 9d 72 a9 e9 fd 60 5f   ._..T.8[..r...`_
    0030 - 0a 61 6a 9e 7b 9a 01 80-1c 33 f4 7c 72 ca ec fc   .aj.{....3.|r...
    0040 - f6 4a 8a 49 ae 18 b0 e0-98 a9 ce b2 8f 2f 8e 09   .J.I........./..
    0050 - c2 bb 9a 08 35 38 60 cb-21 9e ae ab 67 76 c8 62   ....58`.!...gv.b
    0060 - b2 54 2c f8 5b 58 b6 6f-50                        .T,.[X.oP

    Start Time: 1790663340
    Timeout   : 7200 (sec)
    Verify return code: 20 (unable to get local issuer certificate)
    Extended master secret: no
    Max Early Data: 0
---
read R BLOCK
>>> TLS 1.2, RecordHeader [length 0005]
    17 03 03 00 13
>>> TLS 1.2, InnerContent [length 0001]
    15
>>> TLS 1.3, Alert [length 0002], warning close_notify
    01 00
Connecting to 127.0.0.1
SSL_connect:before SSL initialization
SSL_connect:SSLv3/TLS write client hello
SSL_connect:SSLv3/TLS write client hello
SSL_connect:SSLv3/TLS read server hello
Can't use SSL_get_servername
SSL_connect:TLSv1.3 read encrypted extensions
depth=1 CN=Caddy Local Authority - ECC Intermediate
verify error:num=20:unable to get local issuer certificate
verify return:1
depth=0 
verify return:1
SSL_connect:SSLv3/TLS read server certificate
SSL_connect:TLSv1.3 read server certificate verify
SSL_connect:SSLv3/TLS read finished
SSL_connect:SSLv3/TLS write change cipher spec
SSL_connect:SSLv3/TLS write finished
SSL_connect:SSL negotiation finished successfully
SSL_connect:SSL negotiation finished successfully
SSL_connect:SSLv3/TLS read server session ticket
DONE
SSL3 alert write:warning:close notify
