CONNECTED(00000003)
>>> TLS 1.0, RecordHeader [length 0005]
    16 03 01 00 d6
>>> TLS 1.3, Handshake [length 00d6], ClientHello
    01 00 00 d2 03 03 c1 ad 5a e0 9c 67 18 e8 ef 27
    f2 2d 02 8b 77 60 4e 5f a0 d9 02 bb f1 f7 5d d2
    f8 f3 2f 21 84 a5 20 cf 1f d4 d4 26 da 07 9d 73
    88 27 a3 d5 10 0a c7 a6 2f 9b 38 c9 0a 99 95 5a
    4a dd 8c 8e c1 b4 eb 00 06 13 02 13 03 13 01 01
    00 00 83 00 0b 00 04 03 00 01 02 00 0a 00 06 00
    04 11 ec 00 1d 00 23 00 00 00 16 00 00 00 17 00
    00 00 0d 00 2a 00 28 09 05 09 06 09 04 04 03 05
    03 06 03 08 07 08 08 08 1a 08 1b 08 1c 08 09 08
    0a 08 0b 08 04 08 05 08 06 04 01 05 01 06 01 00
    2b 00 03 02 03 04 00 2d 00 02 01 01 00 33 00 26
    00 24 00 1d 00 20 29 20 70 62 18 fe 14 9f 17 1e
    36 17 e8 e8 99 c6 bb 7a d6 b3 b4 c2 d7 35 10 8c
    e6 af a9 86 46 33
<<< TLS 1.2, RecordHeader [length 0005]
    16 03 03 00 58
<<< TLS 1.3, Handshake [length 0058], ServerHello
    02 00 00 54 03 03 cf 21 ad 74 e5 9a 61 11 be 1d
    8c 02 1e 65 b8 91 c2 a2 11 16 7a bb 8c 5e 07 9e
    09 e2 c8 a8 33 9c 20 cf 1f d4 d4 26 da 07 9d 73
    88 27 a3 d5 10 0a c7 a6 2f 9b 38 c9 0a 99 95 5a
    4a dd 8c 8e c1 b4 eb 13 01 00 00 0c 00 2b 00 02
    03 04 00 33 00 02 11 ec
>>> TLS 1.2, RecordHeader [length 0005]
    14 03 03 00 01
>>> TLS 1.3, ChangeCipherSpec [length 0001]
    01
>>> TLS 1.2, RecordHeader [length 0005]
    16 03 03 05 76
>>> TLS 1.3, Handshake [length 0576], ClientHello
    01 00 05 72 03 03 c1 ad 5a e0 9c 67 18 e8 ef 27
    f2 2d 02 8b 77 60 4e 5f a0 d9 02 bb f1 f7 5d d2
    f8 f3 2f 21 84 a5 20 cf 1f d4 d4 26 da 07 9d 73
    88 27 a3 d5 10 0a c7 a6 2f 9b 38 c9 0a 99 95 5a
    4a dd 8c 8e c1 b4 eb 00 06 13 02 13 03 13 01 01
    00 05 23 00 0b 00 04 03 00 01 02 00 0a 00 06 00
    04 11 ec 00 1d 00 23 00 00 00 16 00 00 00 17 00
    00 00 0d 00 2a 00 28 09 05 09 06 09 04 04 03 05
    03 06 03 08 07 08 08 08 1a 08 1b 08 1c 08 09 08
    0a 08 0b 08 04 08 05 08 06 04 01 05 01 06 01 00
    2b 00 03 02 03 04 00 2d 00 02 01 01 00 33 04 c6
    04 c4 11 ec 04 c0 15 a2 63 32 41 32 31 e0 8c 3d
    59 8b 74 ba 7b 51 12 77 c0 9b 52 a3 e7 3a 54 51
    6d bc 58 c8 c3 2a 61 31 d8 5b ac bb 8e 39 4c b8
    46 25 ba 59 40 39 75 90 59 47 81 52 8f c2 94 ae
    a5 62 16 98 96 d7 cc 62 48 d1 43 5a 8b a5 73 40
    05 34 99 a2 72 99 3a 28 47 45 86 40 ad 3b 4c bc
    42 25 cd e6 73 1f 0c 56 6d b5 f9 5e 2b f8 23 ff
    c9 16 7c ea 59 a8 27 c2 45 da 2e 50 2a ca 96 db
    a4 05 c1 97 9a b6 bb 02 f9 0e 14 bb 01 d5 84 1d
    e8 fc a1 1a b7 a5 ff 7a 0c 86 70 00 60 d9 33 69
    72 6c bc ba ce 09 82 06 cf 4c 3d 86 9b 0a 94 0b
    6d 82 38 93 2f 78 83 59 fa 71 23 e0 0d 03 16 68
    87 e6 3f e0 67 5f d0 68 65 35 0b cc 24 16 70 73
    71 24 38 fb a7 d6 c3 31 d1 98 65 97 05 ca 01 a2
    cf db 47 12 b6 a2 78 76 d5 25 cf c2 c5 5b 32 81
    c1 31 2d e4 d4 bd 7e bc 2f 2e a9 61 f3 81 c9 ba
    7b b3 e1 97 7a e3 ec 14 d1 08 a1 b4 51 3a ad fa
    a5 20 9a c7 de 53 45 62 dc c4 ff 63 30 6e 92 b3
    fc ca 6d ac d9 b2 60 41 72 f5 db 34 d6 26 cf c1
    68 a9 56 89 4a 67 c7 37 cf dc 44 83 d7 32 5a 8b
    43 e5 d8 79 fe 6c 3e ff 0a 65 c7 42 1e 71 e9 8c
    eb 13 9b 7b 12 3a ab ec c3 39 bb 12 74 0c 05 b9
    53 7b 7c f1 bd 32 fc 5c eb 55 b0 bf f9 63 25 d8
    1f d4 8c 18 b3 94 1d ab 8b 09 99 08 c4 ac b9 bd
    6c 07 00 44 f7 8d dd 21 b9 6c a4 50 0d c8 0c 42
    99 93 a7 69 c0 6e b3 81 0b 24 87 ff aa 2c df b5
    84 c8 05 55 bd d0 73 d8 fb 1a f1 51 82 44 fa 24
    c5 70 95 fe 53 5b d7 58 2e a1 08 ac 80 35 00 f0
    f8 79 a6 a2 60 7e 2b 41 da cb 84 76 c9 c0 74 19
    3a 01 ac cc ba 6b b0 cd d3 bc 02 5b 99 ed aa 1a
    e4 c9 4a bf 69 c0 36 04 48 12 5a 26 22 73 94 6c
    fc c1 b3 3c ae 54 57 7d 60 4a a0 88 f7 c6 18 53
    2a ee 2c 73 fc 37 6b fa 5b 17 3b 67 7d 97 f7 79
    47 6b 8c fe 39 4d e0 6c 2b 18 58 30 ac c7 86 76
    6a 24 3c cc c1 fa c7 80 2e 7b 87 a7 71 83 94 41
    87 2e ab 9a 8b 0a cf 38 6b 75 8f 29 49 1d 18 73
    a5 09 66 35 85 ca 4e 79 01 92 53 38 54 a2 be 13
    5a 00 ab b2 2f ed e3 89 e7 f5 9f 90 36 c7 48 54
    79 d6 da 5c 70 22 82 1b 24 be cf e2 2f b7 f6 47
    33 42 22 cb 39 72 b4 e3 c5 d8 95 41 76 51 b7 bb
    03 65 01 76 a7 81 a4 9b fe f5 9f 99 66 23 07 f0
    79 59 47 1e e7 04 a4 54 09 7f 30 b2 0f b2 05 89
    d4 97 9d 5a 0c 1d c8 68 a3 72 c4 b9 9d 6c cb a9
    ca 9e 48 57 62 1c d7 73 3d fc 21 0d 55 ab 0f 06
    43 66 f7 91 27 68 05 7a 69 47 1c 45 98 aa 38 6e
    a2 b0 3c f6 cc 49 72 14 4f 35 e7 cf 7d c1 c5 b8
    5c 01 54 04 46 85 2b 0c 50 5b b1 5c 28 92 5a 41
    8a f6 81 51 df 69 30 0b 8a 35 3e f0 7a b0 c3 aa
    23 6c 5a 1b bb 3f e2 f2 32 be 32 06 90 c7 1a 08
    fc 3d aa 33 8f 5e f5 2e 3f f9 6e 87 d2 44 a9 c4
    52 b4 03 10 81 c3 b0 30 f6 76 7a 35 4b d5 1b 8c
    45 27 07 24 a2 67 52 80 3f 6a f5 13 58 5b 80 15
    95 31 00 3d a1 64 72 29 5a 4b aa 82 49 26 06 b8
    24 fc 06 60 7a 99 84 74 77 74 68 dc cb 1b 36 17
    cd 24 98 03 3a 3c 4c 79 c7 86 00 34 87 50 10 f7
    5a 99 26 09 07 52 9c 0f 55 18 b9 27 c0 ad b3 d6
    22 6e b1 2d 94 52 39 d9 f8 94 54 23 7d 66 86 0b
    1c 51 1d e0 e7 77 27 a3 13 24 e6 56 f8 a4 b6 8a
    76 5d b7 a7 a0 a3 4c 9a 35 49 04 1d 2a cd be d3
    50 b8 27 62 7d b4 4e 19 7c c5 49 fa 93 d8 2a b8
    32 d4 05 04 fa 2e ed 62 0d d6 f8 3e 55 c9 85 8b
    10 a0 a2 b6 01 29 47 81 42 bc c7 46 8a b2 70 46
    b8 e8 53 03 bb 1b ac 1d 01 a7 49 74 6b ad 5a 9d
    57 61 3c ad 07 9a 39 91 a4 e3 57 95 d4 40 64 fc
    12 04 83 19 ac b0 d0 7b 3d 97 3a ba 06 54 ac ec
    8c 48 c4 07 e1 e7 68 38 93 73 e9 86 ba 1b e1 cf
    c0 c6 b1 21 d5 be 9c 48 2f a2 0a 2b a2 09 29 0f
    f9 6c c8 c9 70 32 43 73 f3 e2 b9 ba 84 43 b4 a5
    9d f5 74 62 ac f3 bf e2 ab 46 13 57 8f 26 28 ac
    89 da 40 51 9b a1 05 f6 36 9c 46 8a d0 e4 15 83
    68 00 99 17 c4 89 a1 91 4c 15 cd e9 01 c8 60 22
    71 12 e7 80 0b e0 10 c8 e8 a8 6a b0 c5 9a 04 0e
    25 93 54 2a d6 b8 7c c9 d1 52 eb 8f 0a a7 6e 87
    28 c8 46 57 c3 0a cd 0b 23 0a 6e 09 e2 c9 be b5
    2c 40 78 7d 59 03 7a 95 88 b2 4a 92 a2 26 3f 71
    ee 96 ed 86 1f 5e 7f 50 8f 92 91 f4 f8 7d 31 e7
    ac 92 03 10 db 02
<<< TLS 1.2, RecordHeader [length 0005]
    14 03 03 00 01
<<< TLS 1.3, ChangeCipherSpec [length 0001]
    01
<<< TLS 1.2, RecordHeader [length 0005]
    16 03 03 04 ba
<<< TLS 1.3, Handshake [length 04ba], ServerHello
    02 00 04 b6 03 03 a6 85 ef b9 e5 70 0d 0e 2f 27
    8c 5a db 31 c0 f5 e4 4b 1f 70 77 2d b3 5d 6e 0e
    64 90 2d 3e b1 a5 20 cf 1f d4 d4 26 da 07 9d 73
    88 27 a3 d5 10 0a c7 a6 2f 9b 38 c9 0a 99 95 5a
    4a dd 8c 8e c1 b4 eb 13 01 00 04 6e 00 2b 00 02
    03 04 00 33 04 64 11 ec 04 60 e3 d5 93 09 f2 9c
    32 b8 e5 08 71 9b eb 7a 4d 83 83 cc 24 ed 43 2d
    8d 11 40 78 01 5c 1b 18 d4 64 05 1e b5 17 39 85
    cb 54 7b 98 68 43 af e0 52 88 61 e2 6e 8b 82 fc
    0d 7e 39 c1 47 12 9f 85 53 62 bf 22 df 73 54 0d
    fd 49 5b 55 66 1f 83 45 ea 5f c9 7f bf d3 84 d1
    bd 67 0a fd f9 fb b7 19 da bf 1b 1a e8 7b b8 20
    3d 3b 34 0d ac 3b d8 66 d0 a1 e6 fe d3 95 b3 64
    ef 96 56 b9 e1 75 59 0c 51 15 8e c8 92 ef 22 41
    b4 1e b4 fc 7d 6c 7f 5f ad f5 d2 5e 59 87 f4 37
    72 e0 ac 21 ba 87 50 1b ab 75 cd 17 03 ce ab 7e
    11 80 2d 69 db 6c 34 4b 48 12 cd 5e f7 84 fd c4
    87 d6 d1 57 5d 9d d0 6b 1a eb df c7 a6 6e 4c 3a
    09 e4 b9 fa 8f 2b ce 1f 4c 86 a6 58 37 07 72 f7
    aa 91 1e 1a c3 95 d8 c9 1c c3 38 b5 0d f0 68 53
    ef 98 a9 3a 64 9c ed e6 f4 c3 c0 8f 38 2d 6d 8d
    aa ef da 4e ad 18 ab bf 32 b8 55 04 fe 6b 8c db
    6a 0e 60 fb 3e 5f 0b 55 3e e7 f9 76 2d 4c 5c 3f
    7a 2f a1 4e be 48 22 55 7a c5 66 dd 1a df ab 68
    d4 c8 fc 59 16 ef 8c 2a 21 fe 38 60 10 ac 25 2e
    41 66 05 fd 65 75 d9 3e f2 80 0d cb f0 e3 01 f5
    d4 4b 4d 27 6d 12 47 22 eb 54 18 66 94 da 5f dc
    fb 5e d2 56 ae 72 2c 2d 89 e5 74 ad 74 16 c0 c3
    3f 88 93 76 8e c9 5b 57 14 1f e1 e3 45 e8 2f e8
    63 7d 42 04 91 06 7c b4 06 32 fd 67 12 77 f2 91
    c4 7f 93 72 7a b6 31 41 24 b2 1b 55 71 5b 97 ef
    88 b8 34 86 e6 34 a2 43 77 b0 23 8c 4c b4 7a f2
    cc 31 e6 3c 33 e4 dc fe 40 57 c6 73 b5 5e 29 df
    30 91 a4 22 2a f4 fd e8 26 69 a6 00 2b a6 52 d7
    a6 60 09 f2 aa c9 5b 15 72 aa ea c1 cd 9a 82 52
    a7 15 13 ec 06 1f 8a ec 3d 09 02 20 53 cb 2e 11
    58 63 9b 25 8b 9e 1f dc 39 08 7c b4 15 d1 48 9e
    3b fb 64 4c 1a 8e c4 e9 46 61 54 d7 6c e3 e0 f5
    5c 7c 8c 76 0c 55 97 58 2a 7e af ad fe 16 f5 37
    8a 23 93 7d d2 5f f6 9e 69 f6 4b 30 e9 6f 2c 63
    ae 97 83 33 63 c0 7a c0 c2 dd 80 ad 09 61 34 6e
    d0 0a 71 47 e8 78 82 e1 be ba 86 45 aa b4 9f f8
    21 da d4 34 41 82 0c 47 d3 db ee 8d f6 19 6c f1
    b7 d2 10 ee 5c 09 b2 0d 1b e6 4e b0 01 44 c5 58
    19 c5 47 9d 80 1b f1 42 76 37 7f 72 8f 0c c5 1a
    a5 f2 18 19 cf bd a0 8e a6 f6 10 ee 0b 91 30 44
    b9 7f cb d5 1e a7 55 48 82 3d cc 78 7a 50 85 2b
    6d 7d ff 6c 20 b6 db 9b d7 cd f6 13 ee d0 4e 3b
    5c 39 a6 0c f3 90 ed 4d 89 11 c9 fb 67 07 7c e5
    c3 5f 23 59 d8 a2 50 d3 15 e1 03 3c 17 f3 70 13
    78 6a 7a 31 0d 7c 36 23 3e 1d 5f 25 73 fb 1d e5
    69 79 e2 b5 59 32 a7 dc b3 0e cb 0f c2 4f b1 2c
    3f 05 c4 af ec ae 80 0d af 0c 76 ed 98 01 ad b6
    64 36 50 01 9a fd 66 7c 44 53 8f fa 2c d7 46 a4
    95 68 fd b0 91 1a 8b 01 27 52 14 94 07 69 c1 84
    14 02 a6 68 03 c2 80 81 da c4 98 4e 35 95 2b 78
    f5 b0 b4 4c cb c0 e9 29 fd 31 dd c5 c1 69 e9 bc
    d7 34 d2 b2 b9 ed 36 aa bd 12 26 7c d6 cc 79 db
    e6 42 05 69 a5 a3 7a e7 8a c7 48 ff 0b 11 54 58
    dd a7 34 d2 bf f2 f3 83 6d 9e 41 0a 6f 20 2f f8
    5d d5 89 dc 57 27 b3 48 2d e3 b7 28 a2 bd 3d a4
    b1 cc f6 c2 da 94 40 fe c0 82 22 cc 74 02 2e 48
    c3 d8 72 92 48 fe 99 96 93 49 7e fc 5a 18 c4 ca
    43 eb 12 0c 3c 44 b8 88 b3 d3 d6 13 72 d5 2d 1a
    ce 3b 4f 3e 7f 1e 0d e9 9a 0d cc ba 49 76 b5 63
    48 3d 7b 1e 60 90 c9 b5 e8 c3 d8 fe 45 21 1c a8
    35 5a 98 20 0f a9 4a 7c 05 7e c3 2a 05 ae 12 78
    16 06 ac 8e 6d 87 77 ed 3d ac d7 f9 61 0f 69 e2
    bd 0e 1b 23 a6 6a 40 b0 96 7b 52 47 f1 67 6a c6
    f6 5f a6 25 d0 65 2d 5b e0 9d 15 ef e7 39 c3 8b
    91 0e 49 46 78 5a 88 7a a8 1e 04 b0 4d 87 13 e0
    ba 8e 3a a4 17 37 04 ab ae 98 d0 34 69 c3 5a 2e
    e4 40 c2 54 a1 75 06 7a 7b 7b a5 9f 07 21 07 a3
    2f 9a b4 a7 f2 f5 27 c4 4a 89 67 97 5f d4 02 1f
    85 a1 60 a3 a8 06 e7 e4 ea 3a 89 02 60 74 33 e6
    ed 81 d0 31 a0 a8 75 9e 79 60
<<< TLS 1.2, RecordHeader [length 0005]
    17 03 03 00 17
<<< TLS 1.3, InnerContent [length 0001]
    16
<<< TLS 1.3, Handshake [length 0006], EncryptedExtensions
    08 00 00 02 00 00
<<< TLS 1.2, RecordHeader [length 0005]
    17 03 03 03 ab
<<< TLS 1.3, InnerContent [length 0001]
    16
<<< TLS 1.3, Handshake [length 039a], Certificate
    0b 00 03 96 00 00 03 92 00 01 bd 30 82 01 b9 30
    82 01 5f a0 03 02 01 02 02 11 00 c8 4a 45 2d de
    43 18 d4 e5 46 fb bd f9 35 dd 1f 30 0a 06 08 2a
    86 48 ce 3d 04 03 02 30 33 31 31 30 2f 06 03 55
    04 03 13 28 43 61 64 64 79 20 4c 6f 63 61 6c 20
    41 75 74 68 6f 72 69 74 79 20 2d 20 45 43 43 20
    49 6e 74 65 72 6d 65 64 69 61 74 65 30 1e 17 0d
    32 36 30 39 32 39 30 35 34 36 35 34 5a 17 0d 32
    36 30 39 32 39 31 37 34 36 35 34 5a 30 00 30 59
    30 13 06 07 2a 86 48 ce 3d 02 01 06 08 2a 86 48
    ce 3d 03 01 07 03 42 00 04 c8 bd 0f fe 4f af bf
    d5 7b 5f 17 ce 01 46 a3 46 ae e3 2c 99 eb 3e d5
    59 60 7d 87 06 51 a7 f0 16 c9 f5 1d bf 11 fd 5a
    e9 fd ab eb 99 b9 25 38 db 73 0c ba eb 15 47 1a
    28 55 ba 9e fb d4 b1 71 0c a3 81 86 30 81 83 30
    0e 06 03 55 1d 0f 01 01 ff 04 04 03 02 07 80 30
    1d 06 03 55 1d 25 04 16 30 14 06 08 2b 06 01 05
    05 07 03 01 06 08 2b 06 01 05 05 07 03 02 30 1d
    06 03 55 1d 0e 04 16 04 14 ad 2b 9c 62 c7 fa 2b
    57 ff fb c1 fe 2e be 4c 0e f4 c5 1e 98 30 1f 06
    03 55 1d 23 04 18 30 16 80 14 1e 4b f5 b5 bf d2
    49 ea fe a3 68 02 cd 5a d5 59 ca f0 13 b2 30 12
    06 03 55 1d 11 01 01 ff 04 08 30 06 87 04 7f 00
    00 01 30 0a 06 08 2a 86 48 ce 3d 04 03 02 03 48
    00 30 45 02 20 61 ec 4b 96 5e f4 32 24 d4 14 31
    56 0a 50 96 91 06 95 ff 1c f5 a9 39 c8 e4 c7 9e
    3d b6 6e 24 4d 02 21 00 b5 fb a5 36 37 cd cf 8a
    f9 f1 66 b1 3e df 2c fc b9 5f fe 0a 76 3b 30 de
    a5 5c 93 d8 de d6 e9 bd 00 00 00 01 cb 30 82 01
    c7 30 82 01 6d a0 03 02 01 02 02 10 6f 96 30 9a
    4b 67 3c 1d 9e 4f a1 15 64 28 b2 e8 30 0a 06 08
    2a 86 48 ce 3d 04 03 02 30 30 31 2e 30 2c 06 03
    55 04 03 13 25 43 61 64 64 79 20 4c 6f 63 61 6c
    20 41 75 74 68 6f 72 69 74 79 20 2d 20 32 30 32
    36 20 45 43 43 20 52 6f 6f 74 30 1e 17 0d 32 36
    30 39 32 39 30 35 34 35 32 39 5a 17 0d 32 36 31
    30 30 36 30 35 34 35 32 39 5a 30 33 31 31 30 2f
    06 03 55 04 03 13 28 43 61 64 64 79 20 4c 6f 63
    61 6c 20 41 75 74 68 6f 72 69 74 79 20 2d 20 45
    43 43 20 49 6e 74 65 72 6d 65 64 69 61 74 65 30
    59 30 13 06 07 2a 86 48 ce 3d 02 01 06 08 2a 86
    48 ce 3d 03 01 07 03 42 00 04 7f 54 52 36 8d eb
    6e c8 25 b7 8a 71 71 a6 74 de c9 47 3d f2 bd be
    c4 ca 44 7a f6 7a f4 fb 9c 6e 9d 8d 7a 14 1c 70
    8c 39 51 53 3e 3a ea 92 b2 b0 bb 3b cd 5e c0 25
    58 9c 16 ca 00 c2 ff 54 0a 6d a3 66 30 64 30 0e
    06 03 55 1d 0f 01 01 ff 04 04 03 02 01 06 30 12
    06 03 55 1d 13 01 01 ff 04 08 30 06 01 01 ff 02
    01 00 30 1d 06 03 55 1d 0e 04 16 04 14 1e 4b f5
    b5 bf d2 49 ea fe a3 68 02 cd 5a d5 59 ca f0 13
    b2 30 1f 06 03 55 1d 23 04 18 30 16 80 14 ee 98
    ae 58 5d a9 43 fe 5e a3 c5 77 4f ac 5d 68 01 29
    ec a3 30 0a 06 08 2a 86 48 ce 3d 04 03 02 03 48
    00 30 45 02 21 00 c8 69 eb 78 cd 7e 63 82 92 31
    7c a4 af d7 5f b6 70 9e 76 94 2a 23 a9 54 7f dc
    57 82 22 13 d9 62 02 20 13 c2 8d b8 4e 77 3b 95
    ba 65 da cd d6 65 1f 3f 65 36 0a a1 a7 c9 e8 af
    29 11 3b e2 64 fd e7 66 00 00
<<< TLS 1.2, RecordHeader [length 0005]
    17 03 03 00 5f
<<< TLS 1.3, InnerContent [length 0001]
    16
<<< TLS 1.3, Handshake [length 004e], CertificateVerify
    0f 00 00 4a 04 03 00 46 30 44 02 20 74 ec 6c 03
    7c b8 83 4a 76 2a fd 43 23 86 93 32 95 12 5e 93
    d7 bd c2 c5 85 d2 b2 62 4d 4d 82 14 02 20 16 ae
    1e e6 d1 c7 fc d6 84 f0 ae e0 fd 33 7a 05 0e cd
    dd bf 9d b5 21 0f 05 9f 4c bd 2f 65 b4 c1
<<< TLS 1.2, RecordHeader [length 0005]
    17 03 03 00 35
<<< TLS 1.3, InnerContent [length 0001]
    16
<<< TLS 1.3, Handshake [length 0024], Finished
    14 00 00 20 8b 33 ce 54 d1 e5 55 b8 96 ff c1 5e
    ef 13 da bc 9b 59 2b 66 2b aa e4 7c e3 c9 c2 6a
    de d1 19 f1
>>> TLS 1.2, RecordHeader [length 0005]
    17 03 03 00 35
>>> TLS 1.2, InnerContent [length 0001]
    16
>>> TLS 1.3, Handshake [length 0024], Finished
    14 00 00 20 11 c0 7e cc b7 42 78 19 d5 c6 e3 14
    7a 61 1a f7 82 de bd c3 ce 09 0c e6 7b aa cb 32
    95 59 45 3a
---
Certificate chain
 0 s:
   i:CN=Caddy Local Authority - ECC Intermediate
   a:PKEY: EC, (prime256v1); sigalg: ecdsa-with-SHA256
   v:NotBefore: Sep 29 05:46:54 2026 GMT; NotAfter: Sep 29 17:46:54 2026 GMT
 1 s:CN=Caddy Local Authority - ECC Intermediate
   i:CN=Caddy Local Authority - 2026 ECC Root
   a:PKEY: EC, (prime256v1); sigalg: ecdsa-with-SHA256
   v:NotBefore: Sep 29 05:45:29 2026 GMT; NotAfter: Oct  6 05:45:29 2026 GMT
---
Server certificate
-----BEGIN CERTIFICATE-----
MIIBuTCCAV+gAwIBAgIRAMhKRS3eQxjU5Ub7vfk13R8wCgYIKoZIzj0EAwIwMzEx
MC8GA1UEAxMoQ2FkZHkgTG9jYWwgQXV0aG9yaXR5IC0gRUNDIEludGVybWVkaWF0
ZTAeFw0yNjA5MjkwNTQ2NTRaFw0yNjA5MjkxNzQ2NTRaMAAwWTATBgcqhkjOPQIB
BggqhkjOPQMBBwNCAATIvQ/+T6+/1XtfF84BRqNGruMsmes+1VlgfYcGUafwFsn1
Hb8R/Vrp/avrmbklONtzDLrrFUcaKFW6nvvUsXEMo4GGMIGDMA4GA1UdDwEB/wQE
AwIHgDAdBgNVHSUEFjAUBggrBgEFBQcDAQYIKwYBBQUHAwIwHQYDVR0OBBYEFK0r
nGLH+itX//vB/i6+TA70xR6YMB8GA1UdIwQYMBaAFB5L9bW/0knq/qNoAs1a1VnK
8BOyMBIGA1UdEQEB/wQIMAaHBH8AAAEwCgYIKoZIzj0EAwIDSAAwRQIgYexLll70
MiTUFDFWClCWkQaV/xz1qTnI5MeePbZuJE0CIQC1+6U2N83PivnxZrE+3yz8uV/+
CnY7MN6lXJPY3tbpvQ==
-----END CERTIFICATE-----
subject=
issuer=CN=Caddy Local Authority - ECC Intermediate
---
No client certificate CA names sent
Peer signing digest: SHA256
Peer signature type: ecdsa_secp256r1_sha256
Negotiated TLS1.3 group: X25519MLKEM768
---
SSL handshake has read 2444 bytes and written 1686 bytes
Verification error: unable to get local issuer certificate
---
New, TLSv1.3, Cipher is TLS_AES_128_GCM_SHA256
Protocol: TLSv1.3
Server public key is 256 bit
This TLS version forbids renegotiation.
Compression: NONE
Expansion: NONE
No ALPN negotiated
Early data was not sent
Verify return code: 20 (unable to get local issuer certificate)
---
<<< TLS 1.2, RecordHeader [length 0005]
    17 03 03 00 8b
<<< TLS 1.3, InnerContent [length 0001]
    16
<<< TLS 1.3, Handshake [length 007a], NewSessionTicket
    04 00 00 76 00 09 3a 80 62 ee 46 e2 00 00 69 b3
    63 bf c5 d2 7a 47 18 c8 69 d7 41 e5 f0 ab 43 68
    11 ff 64 1c c3 62 4d fe 52 91 29 58 2f fa 3a a6
    cd 3b e4 d7 46 75 82 e5 1f 1b 09 ba 99 fb d0 4a
    12 1b 7b 34 90 79 f9 b4 26 0b b1 ac ab ec 1f b5
    aa 8e c9 fb d5 80 af 69 a9 c5 4c 92 fb d5 24 96
    3f 35 aa 08 52 20 aa b7 5c 81 68 02 17 a2 c9 52
    ac d1 36 2e ec 0d 9c a9 00 00
---
Post-Handshake New Session Ticket arrived:
SSL-Session:
    Protocol  : TLSv1.3
    Cipher    : TLS_AES_128_GCM_SHA256
    Session-ID: 56657CDEB31632B57708894894A1033CADEAA10119A6B981F8B9F92DE76EBC6A
    Session-ID-ctx: 
    Resumption PSK: 0DB203099A10CB623EE432615CF28AA5EBCF62AC3B7AE553EBC28F60DC929B90
    PSK identity: None
    PSK identity hint: None
    SRP username: None
    TLS session ticket lifetime hint: 604800 (seconds)
    TLS session ticket:
    0000 - b3 63 bf c5 d2 7a 47 18-c8 69 d7 41 e5 f0 ab 43   .c...zG..i.A...C
    0010 - 68 11 ff 64 1c c3 62 4d-fe 52 91 29 58 2f fa 3a   h..d..bM.R.)X/.:
    0020 - a6 cd 3b e4 d7 46 75 82-e5 1f 1b 09 ba 99 fb d0   ..;..Fu.........
    0030 - 4a 12 1b 7b 34 90 79 f9-b4 26 0b b1 ac ab ec 1f   J..{4.y..&......
    0040 - b5 aa 8e c9 fb d5 80 af-69 a9 c5 4c 92 fb d5 24   ........i..L...$
    0050 - 96 3f 35 aa 08 52 20 aa-b7 5c 81 68 02 17 a2 c9   .?5..R ..\.h....
    0060 - 52 ac d1 36 2e ec 0d 9c-a9                        R..6.....

    Start Time: 1790663350
    Timeout   : 7200 (sec)
    Verify return code: 20 (unable to get local issuer certificate)
    Extended master secret: no
    Max Early Data: 0
---
read R BLOCK
>>> TLS 1.2, RecordHeader [length 0005]
    17 03 03 00 13
>>> TLS 1.2, InnerContent [length 0001]
    15
>>> TLS 1.3, Alert [length 0002], warning close_notify
    01 00
Connecting to 127.0.0.1
SSL_connect:before SSL initialization
SSL_connect:SSLv3/TLS write client hello
SSL_connect:SSLv3/TLS write client hello
SSL_connect:SSLv3/TLS read server hello
SSL_connect:SSLv3/TLS write change cipher spec
SSL_connect:SSLv3/TLS write client hello
SSL_connect:SSLv3/TLS write client hello
SSL_connect:SSLv3/TLS read server hello
Can't use SSL_get_servername
SSL_connect:TLSv1.3 read encrypted extensions
depth=1 CN=Caddy Local Authority - ECC Intermediate
verify error:num=20:unable to get local issuer certificate
verify return:1
depth=0 
verify return:1
SSL_connect:SSLv3/TLS read server certificate
SSL_connect:TLSv1.3 read server certificate verify
SSL_connect:SSLv3/TLS read finished
SSL_connect:SSLv3/TLS write finished
SSL_connect:SSL negotiation finished successfully
SSL_connect:SSL negotiation finished successfully
SSL_connect:SSLv3/TLS read server session ticket
DONE
SSL3 alert write:warning:close notify
