{"level":"info","ts":1790663360.33818,"msg":"maxprocs: Leaving GOMAXPROCS=10: CPU quota undefined"}
{"level":"info","ts":1790663360.3385262,"msg":"GOMEMLIMIT is updated","GOMEMLIMIT":18875971584,"previous":9223372036854775807}
{"level":"info","ts":1790663360.3387477,"msg":"using config from file","file":"/root/pq-hybrid-phase2/v16/Caddyfile"}
{"level":"info","ts":1790663360.3388863,"msg":"adapted config to JSON","adapter":"caddyfile"}
{"level":"warn","ts":1790663360.339013,"msg":"Caddyfile input is not formatted; run 'caddy fmt --overwrite' to fix inconsistencies","adapter":"caddyfile","file":"/root/pq-hybrid-phase2/v16/Caddyfile","line":2}
{"level":"warn","ts":1790663360.3391473,"logger":"admin","msg":"admin endpoint disabled"}
{"level":"info","ts":1790663360.339839,"logger":"tls.cache.maintenance","msg":"started background certificate maintenance","cache":"0x2fbd99813080"}
{"level":"info","ts":1790663360.340264,"logger":"http.auto_https","msg":"automatic HTTP->HTTPS redirects are disabled","server_name":"srv0"}
{"level":"info","ts":1790663360.3446102,"logger":"http","msg":"enabling HTTP/3 listener","addr":":8545"}
{"level":"info","ts":1790663360.3451238,"logger":"http.log","msg":"server running","name":"srv0","protocols":["h1","h2","h3"]}
{"level":"info","ts":1790663360.3452709,"logger":"http","msg":"enabling automatic TLS certificate management","domains":["127.0.0.1"]}
{"level":"info","ts":1790663360.3454342,"logger":"tls","msg":"storage cleaning happened too recently; skipping for now","storage":"FileStorage:/root/pq-hybrid-phase2/v16/caddy-data/caddy","instance":"3bf747b1-5647-403e-87fd-78c89c7a5d07","try_again":1790749760.3454313,"try_again_in":86399.99999937}
{"level":"info","ts":1790663360.3457057,"logger":"tls","msg":"finished cleaning storage units"}
{"level":"info","ts":1790663360.3562343,"logger":"pki.ca.local","msg":"root certificate is already trusted by system","path":"storage:pki/authorities/local/root.crt"}
{"level":"info","ts":1790663360.3570325,"msg":"autosaved config (load with --resume flag)","file":"/root/pq-hybrid-phase2/v16/caddy-config/caddy/autosave.json"}
{"level":"info","ts":1790663360.3572075,"msg":"serving initial configuration"}
{"level":"info","ts":1790663361.6199386,"msg":"shutting down apps, then terminating","signal":"SIGTERM"}
{"level":"warn","ts":1790663361.6201754,"msg":"exiting; byeee!! 👋","signal":"SIGTERM"}
{"level":"info","ts":1790663361.6203434,"logger":"http","msg":"servers shutting down with eternal grace period"}
{"level":"info","ts":1790663361.6205976,"msg":"shutdown complete","signal":"SIGTERM","exit_code":0}
