openssl_client-default_r01_openssl-3.5.5: groups=['X25519MLKEM768', 'X25519', '0x0017', '0x001e', '0x0018', '0x0019', '0x0100', '0x0101'] shares=['X25519MLKEM768', 'X25519'] hrr=False final=X25519MLKEM768
openssl_client-default_r01_curl-system-openssl: groups=['X25519MLKEM768', 'X25519', '0x0017', '0x001e', '0x0018', '0x0019', '0x0100', '0x0101'] shares=['X25519MLKEM768', 'X25519'] hrr=False final=X25519MLKEM768
openssl_client-default_r01_boringssl: groups=['X25519', '0x0017', '0x0018'] shares=['X25519'] hrr=False final=X25519
openssl_client-default_r01_go: groups=['X25519MLKEM768', 'X25519', '0x0017', '0x0018', '0x0019'] shares=['X25519MLKEM768', 'X25519'] hrr=False final=X25519MLKEM768
openssl_client-default_r01_nss: groups=['X25519MLKEM768', 'X25519', '0x0017', '0x0018', '0x0019', '0x11eb', '0x11ed', '0x0100', '0x0101', '0x0102', '0x0103', '0x0104'] shares=['X25519MLKEM768'] hrr=False final=X25519MLKEM768
openssl_client-default_r01_rustls: groups=['X25519MLKEM768', 'X25519', '0x0017', '0x0018'] shares=['X25519MLKEM768', 'X25519'] hrr=False final=X25519MLKEM768
openssl_client-default_r02_openssl-3.5.5: groups=['X25519MLKEM768', 'X25519', '0x0017', '0x001e', '0x0018', '0x0019', '0x0100', '0x0101'] shares=['X25519MLKEM768', 'X25519'] hrr=False final=X25519MLKEM768
openssl_client-default_r02_curl-system-openssl: groups=['X25519MLKEM768', 'X25519', '0x0017', '0x001e', '0x0018', '0x0019', '0x0100', '0x0101'] shares=['X25519MLKEM768', 'X25519'] hrr=False final=X25519MLKEM768
openssl_client-default_r02_boringssl: groups=['X25519', '0x0017', '0x0018'] shares=['X25519'] hrr=False final=X25519
openssl_client-default_r02_go: groups=['X25519MLKEM768', 'X25519', '0x0017', '0x0018', '0x0019'] shares=['X25519MLKEM768', 'X25519'] hrr=False final=X25519MLKEM768
openssl_client-default_r02_nss: groups=['X25519MLKEM768', 'X25519', '0x0017', '0x0018', '0x0019', '0x11eb', '0x11ed', '0x0100', '0x0101', '0x0102', '0x0103', '0x0104'] shares=['X25519MLKEM768'] hrr=False final=X25519MLKEM768
openssl_client-default_r02_rustls: groups=['X25519MLKEM768', 'X25519', '0x0017', '0x0018'] shares=['X25519MLKEM768', 'X25519'] hrr=False final=X25519MLKEM768
openssl_client-default_r03_openssl-3.5.5: groups=['X25519MLKEM768', 'X25519', '0x0017', '0x001e', '0x0018', '0x0019', '0x0100', '0x0101'] shares=['X25519MLKEM768', 'X25519'] hrr=False final=X25519MLKEM768
openssl_client-default_r03_curl-system-openssl: groups=['X25519MLKEM768', 'X25519', '0x0017', '0x001e', '0x0018', '0x0019', '0x0100', '0x0101'] shares=['X25519MLKEM768', 'X25519'] hrr=False final=X25519MLKEM768
openssl_client-default_r03_boringssl: groups=['X25519', '0x0017', '0x0018'] shares=['X25519'] hrr=False final=X25519
openssl_client-default_r03_go: groups=['X25519MLKEM768', 'X25519', '0x0017', '0x0018', '0x0019'] shares=['X25519MLKEM768', 'X25519'] hrr=False final=X25519MLKEM768
openssl_client-default_r03_nss: groups=['X25519MLKEM768', 'X25519', '0x0017', '0x0018', '0x0019', '0x11eb', '0x11ed', '0x0100', '0x0101', '0x0102', '0x0103', '0x0104'] shares=['X25519MLKEM768'] hrr=False final=X25519MLKEM768
openssl_client-default_r03_rustls: groups=['X25519MLKEM768', 'X25519', '0x0017', '0x0018'] shares=['X25519MLKEM768', 'X25519'] hrr=False final=X25519MLKEM768
openssl_server-software_r01_nginx-C1: groups=['X25519MLKEM768', 'X25519'] shares=['X25519MLKEM768'] hrr=False final=X25519MLKEM768
openssl_server-software_r01_nginx-C2: groups=['X25519MLKEM768', 'X25519'] shares=['X25519'] hrr=True final=X25519MLKEM768
openssl_server-software_r01_nginx-C3: groups=['X25519', 'X25519MLKEM768'] shares=['X25519'] hrr=True final=X25519MLKEM768
openssl_server-software_r01_caddy-C1: groups=['X25519MLKEM768', 'X25519'] shares=['X25519MLKEM768'] hrr=False final=X25519MLKEM768
openssl_server-software_r01_caddy-C2: groups=['X25519MLKEM768', 'X25519'] shares=['X25519'] hrr=True final=X25519MLKEM768
openssl_server-software_r01_caddy-C3: groups=['X25519', 'X25519MLKEM768'] shares=['X25519'] hrr=True final=X25519MLKEM768
openssl_server-software_r02_nginx-C1: groups=['X25519MLKEM768', 'X25519'] shares=['X25519MLKEM768'] hrr=False final=X25519MLKEM768
openssl_server-software_r02_nginx-C2: groups=['X25519MLKEM768', 'X25519'] shares=['X25519'] hrr=True final=X25519MLKEM768
openssl_server-software_r02_nginx-C3: groups=['X25519', 'X25519MLKEM768'] shares=['X25519'] hrr=True final=X25519MLKEM768
openssl_server-software_r02_caddy-C1: groups=['X25519MLKEM768', 'X25519'] shares=['X25519MLKEM768'] hrr=False final=X25519MLKEM768
openssl_server-software_r02_caddy-C2: groups=['X25519MLKEM768', 'X25519'] shares=['X25519'] hrr=True final=X25519MLKEM768
openssl_server-software_r02_caddy-C3: groups=['X25519', 'X25519MLKEM768'] shares=['X25519'] hrr=True final=X25519MLKEM768
openssl_server-software_r03_nginx-C1: groups=['X25519MLKEM768', 'X25519'] shares=['X25519MLKEM768'] hrr=False final=X25519MLKEM768
openssl_server-software_r03_nginx-C2: groups=['X25519MLKEM768', 'X25519'] shares=['X25519'] hrr=True final=X25519MLKEM768
openssl_server-software_r03_nginx-C3: groups=['X25519', 'X25519MLKEM768'] shares=['X25519'] hrr=True final=X25519MLKEM768
openssl_server-software_r03_caddy-C1: groups=['X25519MLKEM768', 'X25519'] shares=['X25519MLKEM768'] hrr=False final=X25519MLKEM768
openssl_server-software_r03_caddy-C2: groups=['X25519MLKEM768', 'X25519'] shares=['X25519'] hrr=True final=X25519MLKEM768
openssl_server-software_r03_caddy-C3: groups=['X25519', 'X25519MLKEM768'] shares=['X25519'] hrr=True final=X25519MLKEM768
