openssl_negotiation-function_r01_openssl-S1-C1: result=success hrr=False final=X25519MLKEM768 precondition=True
openssl_negotiation-function_r01_openssl-S1-C2: result=success hrr=False final=X25519 precondition=True
openssl_negotiation-function_r01_openssl-S1-C3: result=success hrr=False final=X25519 precondition=True
openssl_negotiation-function_r01_openssl-S2-C1: result=success hrr=False final=X25519MLKEM768 precondition=True
openssl_negotiation-function_r01_openssl-S2-C2: result=success hrr=True final=X25519MLKEM768 precondition=True
openssl_negotiation-function_r01_openssl-S2-C3: result=success hrr=True final=X25519MLKEM768 precondition=True
openssl_negotiation-function_r01_openssl-S1-serverpref-C1: result=success hrr=False final=X25519MLKEM768 precondition=True
openssl_negotiation-function_r01_openssl-S1-serverpref-C2: result=success hrr=False final=X25519 precondition=True
openssl_negotiation-function_r01_openssl-S1-serverpref-C3: result=success hrr=False final=X25519 precondition=True
openssl_negotiation-function_r01_boringssl-C1: result=success hrr=False final=X25519MLKEM768 precondition=True
openssl_negotiation-function_r01_boringssl-C2: result=success hrr=True final=X25519MLKEM768 precondition=True
openssl_negotiation-function_r01_boringssl-C3: result=success hrr=False final=X25519 precondition=True
openssl_negotiation-function_r01_go-C1: result=success hrr=False final=X25519MLKEM768 precondition=True
openssl_negotiation-function_r01_go-C2: result=success hrr=True final=X25519MLKEM768 precondition=True
openssl_negotiation-function_r01_go-C3: result=success hrr=True final=X25519MLKEM768 precondition=True
openssl_negotiation-function_r01_nss-C1: result=success hrr=False final=X25519MLKEM768 precondition=True
openssl_negotiation-function_r01_nss-C2: result=success hrr=False final=X25519 precondition=True
openssl_negotiation-function_r01_nss-C3: result=success hrr=False final=X25519 precondition=True
openssl_negotiation-function_r01_rustls-C1: result=success hrr=False final=X25519MLKEM768 precondition=True
openssl_negotiation-function_r01_rustls-C2: result=success hrr=True final=X25519MLKEM768 precondition=True
openssl_negotiation-function_r01_rustls-C3: result=success hrr=False final=X25519 precondition=True
openssl_negotiation-function_r02_openssl-S1-C1: result=success hrr=False final=X25519MLKEM768 precondition=True
openssl_negotiation-function_r02_openssl-S1-C2: result=success hrr=False final=X25519 precondition=True
openssl_negotiation-function_r02_openssl-S1-C3: result=success hrr=False final=X25519 precondition=True
openssl_negotiation-function_r02_openssl-S2-C1: result=success hrr=False final=X25519MLKEM768 precondition=True
openssl_negotiation-function_r02_openssl-S2-C2: result=success hrr=True final=X25519MLKEM768 precondition=True
openssl_negotiation-function_r02_openssl-S2-C3: result=success hrr=True final=X25519MLKEM768 precondition=True
openssl_negotiation-function_r02_openssl-S1-serverpref-C1: result=success hrr=False final=X25519MLKEM768 precondition=True
openssl_negotiation-function_r02_openssl-S1-serverpref-C2: result=success hrr=False final=X25519 precondition=True
openssl_negotiation-function_r02_openssl-S1-serverpref-C3: result=success hrr=False final=X25519 precondition=True
openssl_negotiation-function_r02_boringssl-C1: result=success hrr=False final=X25519MLKEM768 precondition=True
openssl_negotiation-function_r02_boringssl-C2: result=success hrr=True final=X25519MLKEM768 precondition=True
openssl_negotiation-function_r02_boringssl-C3: result=success hrr=False final=X25519 precondition=True
openssl_negotiation-function_r02_go-C1: result=success hrr=False final=X25519MLKEM768 precondition=True
openssl_negotiation-function_r02_go-C2: result=success hrr=True final=X25519MLKEM768 precondition=True
openssl_negotiation-function_r02_go-C3: result=success hrr=True final=X25519MLKEM768 precondition=True
openssl_negotiation-function_r02_nss-C1: result=success hrr=False final=X25519MLKEM768 precondition=True
openssl_negotiation-function_r02_nss-C2: result=success hrr=False final=X25519 precondition=True
openssl_negotiation-function_r02_nss-C3: result=success hrr=False final=X25519 precondition=True
openssl_negotiation-function_r02_rustls-C1: result=success hrr=False final=X25519MLKEM768 precondition=True
openssl_negotiation-function_r02_rustls-C2: result=success hrr=True final=X25519MLKEM768 precondition=True
openssl_negotiation-function_r02_rustls-C3: result=success hrr=False final=X25519 precondition=True
openssl_negotiation-function_r03_openssl-S1-C1: result=success hrr=False final=X25519MLKEM768 precondition=True
openssl_negotiation-function_r03_openssl-S1-C2: result=success hrr=False final=X25519 precondition=True
openssl_negotiation-function_r03_openssl-S1-C3: result=success hrr=False final=X25519 precondition=True
openssl_negotiation-function_r03_openssl-S2-C1: result=success hrr=False final=X25519MLKEM768 precondition=True
openssl_negotiation-function_r03_openssl-S2-C2: result=success hrr=True final=X25519MLKEM768 precondition=True
openssl_negotiation-function_r03_openssl-S2-C3: result=success hrr=True final=X25519MLKEM768 precondition=True
openssl_negotiation-function_r03_openssl-S1-serverpref-C1: result=success hrr=False final=X25519MLKEM768 precondition=True
openssl_negotiation-function_r03_openssl-S1-serverpref-C2: result=success hrr=False final=X25519 precondition=True
openssl_negotiation-function_r03_openssl-S1-serverpref-C3: result=success hrr=False final=X25519 precondition=True
openssl_negotiation-function_r03_boringssl-C1: result=success hrr=False final=X25519MLKEM768 precondition=True
openssl_negotiation-function_r03_boringssl-C2: result=success hrr=True final=X25519MLKEM768 precondition=True
openssl_negotiation-function_r03_boringssl-C3: result=success hrr=False final=X25519 precondition=True
openssl_negotiation-function_r03_go-C1: result=success hrr=False final=X25519MLKEM768 precondition=True
openssl_negotiation-function_r03_go-C2: result=success hrr=True final=X25519MLKEM768 precondition=True
openssl_negotiation-function_r03_go-C3: result=success hrr=True final=X25519MLKEM768 precondition=True
openssl_negotiation-function_r03_nss-C1: result=success hrr=False final=X25519MLKEM768 precondition=True
openssl_negotiation-function_r03_nss-C2: result=success hrr=False final=X25519 precondition=True
openssl_negotiation-function_r03_nss-C3: result=success hrr=False final=X25519 precondition=True
openssl_negotiation-function_r03_rustls-C1: result=success hrr=False final=X25519MLKEM768 precondition=True
openssl_negotiation-function_r03_rustls-C2: result=success hrr=True final=X25519MLKEM768 precondition=True
openssl_negotiation-function_r03_rustls-C3: result=success hrr=False final=X25519 precondition=True
openssl_negotiation-function_r04_openssl-S1-C1: result=success hrr=False final=X25519MLKEM768 precondition=True
openssl_negotiation-function_r04_openssl-S1-C2: result=success hrr=False final=X25519 precondition=True
openssl_negotiation-function_r04_openssl-S1-C3: result=success hrr=False final=X25519 precondition=True
openssl_negotiation-function_r04_openssl-S2-C1: result=success hrr=False final=X25519MLKEM768 precondition=True
openssl_negotiation-function_r04_openssl-S2-C2: result=success hrr=True final=X25519MLKEM768 precondition=True
openssl_negotiation-function_r04_openssl-S2-C3: result=success hrr=True final=X25519MLKEM768 precondition=True
openssl_negotiation-function_r04_openssl-S1-serverpref-C1: result=success hrr=False final=X25519MLKEM768 precondition=True
openssl_negotiation-function_r04_openssl-S1-serverpref-C2: result=success hrr=False final=X25519 precondition=True
openssl_negotiation-function_r04_openssl-S1-serverpref-C3: result=success hrr=False final=X25519 precondition=True
openssl_negotiation-function_r04_boringssl-C1: result=success hrr=False final=X25519MLKEM768 precondition=True
openssl_negotiation-function_r04_boringssl-C2: result=success hrr=True final=X25519MLKEM768 precondition=True
openssl_negotiation-function_r04_boringssl-C3: result=success hrr=False final=X25519 precondition=True
openssl_negotiation-function_r04_go-C1: result=success hrr=False final=X25519MLKEM768 precondition=True
openssl_negotiation-function_r04_go-C2: result=success hrr=True final=X25519MLKEM768 precondition=True
openssl_negotiation-function_r04_go-C3: result=success hrr=True final=X25519MLKEM768 precondition=True
openssl_negotiation-function_r04_nss-C1: result=success hrr=False final=X25519MLKEM768 precondition=True
openssl_negotiation-function_r04_nss-C2: result=success hrr=False final=X25519 precondition=True
openssl_negotiation-function_r04_nss-C3: result=success hrr=False final=X25519 precondition=True
openssl_negotiation-function_r04_rustls-C1: result=success hrr=False final=X25519MLKEM768 precondition=True
openssl_negotiation-function_r04_rustls-C2: result=success hrr=True final=X25519MLKEM768 precondition=True
openssl_negotiation-function_r04_rustls-C3: result=success hrr=False final=X25519 precondition=True
openssl_negotiation-function_r05_openssl-S1-C1: result=success hrr=False final=X25519MLKEM768 precondition=True
openssl_negotiation-function_r05_openssl-S1-C2: result=success hrr=False final=X25519 precondition=True
openssl_negotiation-function_r05_openssl-S1-C3: result=success hrr=False final=X25519 precondition=True
openssl_negotiation-function_r05_openssl-S2-C1: result=success hrr=False final=X25519MLKEM768 precondition=True
openssl_negotiation-function_r05_openssl-S2-C2: result=success hrr=True final=X25519MLKEM768 precondition=True
openssl_negotiation-function_r05_openssl-S2-C3: result=success hrr=True final=X25519MLKEM768 precondition=True
openssl_negotiation-function_r05_openssl-S1-serverpref-C1: result=success hrr=False final=X25519MLKEM768 precondition=True
openssl_negotiation-function_r05_openssl-S1-serverpref-C2: result=success hrr=False final=X25519 precondition=True
openssl_negotiation-function_r05_openssl-S1-serverpref-C3: result=success hrr=False final=X25519 precondition=True
openssl_negotiation-function_r05_boringssl-C1: result=success hrr=False final=X25519MLKEM768 precondition=True
openssl_negotiation-function_r05_boringssl-C2: result=success hrr=True final=X25519MLKEM768 precondition=True
openssl_negotiation-function_r05_boringssl-C3: result=success hrr=False final=X25519 precondition=True
openssl_negotiation-function_r05_go-C1: result=success hrr=False final=X25519MLKEM768 precondition=True
openssl_negotiation-function_r05_go-C2: result=success hrr=True final=X25519MLKEM768 precondition=True
openssl_negotiation-function_r05_go-C3: result=success hrr=True final=X25519MLKEM768 precondition=True
openssl_negotiation-function_r05_nss-C1: result=success hrr=False final=X25519MLKEM768 precondition=True
openssl_negotiation-function_r05_nss-C2: result=success hrr=False final=X25519 precondition=True
openssl_negotiation-function_r05_nss-C3: result=success hrr=False final=X25519 precondition=True
openssl_negotiation-function_r05_rustls-C1: result=success hrr=False final=X25519MLKEM768 precondition=True
openssl_negotiation-function_r05_rustls-C2: result=success hrr=True final=X25519MLKEM768 precondition=True
openssl_negotiation-function_r05_rustls-C3: result=success hrr=False final=X25519 precondition=True
