CONNECTED(00000003)
>>> TLS 1.0, RecordHeader [length 0005]
    16 03 01 00 d6
>>> TLS 1.3, Handshake [length 00d6], ClientHello
    01 00 00 d2 03 03 4d 57 7c 6c 9d 6b a4 e0 69 6f
    0d 8c a4 dd 59 ee 3d 9d c9 b2 9e d8 fc 7a 41 5a
    bd 29 37 15 11 e6 20 d8 2f 27 d0 92 bd e9 3e 9c
    8e 39 cc 83 50 d5 01 9f 68 29 e4 62 bc 89 ae 95
    8d 4c 6a 2e 32 3f 5a 00 06 13 02 13 03 13 01 01
    00 00 83 00 0b 00 04 03 00 01 02 00 0a 00 06 00
    04 00 1d 11 ec 00 23 00 00 00 16 00 00 00 17 00
    00 00 0d 00 2a 00 28 09 05 09 06 09 04 04 03 05
    03 06 03 08 07 08 08 08 1a 08 1b 08 1c 08 09 08
    0a 08 0b 08 04 08 05 08 06 04 01 05 01 06 01 00
    2b 00 03 02 03 04 00 2d 00 02 01 01 00 33 00 26
    00 24 00 1d 00 20 3d e9 19 70 41 01 bf 32 1e 66
    ed 49 d8 cf a9 0d a2 7a 8e bc da 44 17 56 97 e6
    59 06 12 7f cb 42
<<< TLS 1.2, RecordHeader [length 0005]
    16 03 03 00 58
<<< TLS 1.3, Handshake [length 0058], ServerHello
    02 00 00 54 03 03 cf 21 ad 74 e5 9a 61 11 be 1d
    8c 02 1e 65 b8 91 c2 a2 11 16 7a bb 8c 5e 07 9e
    09 e2 c8 a8 33 9c 20 d8 2f 27 d0 92 bd e9 3e 9c
    8e 39 cc 83 50 d5 01 9f 68 29 e4 62 bc 89 ae 95
    8d 4c 6a 2e 32 3f 5a 13 02 00 00 0c 00 2b 00 02
    03 04 00 33 00 02 11 ec
>>> TLS 1.2, RecordHeader [length 0005]
    14 03 03 00 01
>>> TLS 1.3, ChangeCipherSpec [length 0001]
    01
>>> TLS 1.2, RecordHeader [length 0005]
    16 03 03 05 76
>>> TLS 1.3, Handshake [length 0576], ClientHello
    01 00 05 72 03 03 4d 57 7c 6c 9d 6b a4 e0 69 6f
    0d 8c a4 dd 59 ee 3d 9d c9 b2 9e d8 fc 7a 41 5a
    bd 29 37 15 11 e6 20 d8 2f 27 d0 92 bd e9 3e 9c
    8e 39 cc 83 50 d5 01 9f 68 29 e4 62 bc 89 ae 95
    8d 4c 6a 2e 32 3f 5a 00 06 13 02 13 03 13 01 01
    00 05 23 00 0b 00 04 03 00 01 02 00 0a 00 06 00
    04 00 1d 11 ec 00 23 00 00 00 16 00 00 00 17 00
    00 00 0d 00 2a 00 28 09 05 09 06 09 04 04 03 05
    03 06 03 08 07 08 08 08 1a 08 1b 08 1c 08 09 08
    0a 08 0b 08 04 08 05 08 06 04 01 05 01 06 01 00
    2b 00 03 02 03 04 00 2d 00 02 01 01 00 33 04 c6
    04 c4 11 ec 04 c0 92 13 0c 6f 90 14 77 08 60 2f
    61 84 0f 4a c3 8d c7 c6 6b b7 43 0f f2 7f 22 ec
    6a 83 a0 92 25 46 a9 0c b6 6f 28 86 2b 6b 7c 30
    64 20 91 81 c1 9c 45 96 40 f0 18 79 22 cc c4 21
    47 54 f0 d3 54 64 d8 89 c8 40 02 29 24 8b f5 92
    72 97 14 a9 af 46 a5 ac a8 64 9f 50 ac e7 70 74
    58 42 0d 69 71 5a ac e7 7b 58 e1 11 2b 62 44 bd
    7b ca 0a ab 41 49 b6 7a e6 e4 52 e7 2c 0d 14 37
    50 4c d8 99 fb 4b 17 1c 39 54 37 70 7c 9e 23 b4
    85 55 2e 6b 07 b6 5e 5b ce 43 83 99 a3 93 8e 9a
    86 8e c1 19 18 d3 22 82 b3 b3 03 78 c3 a7 15 37
    0d 00 92 0a 76 a8 23 f9 c6 8c 7a 47 65 d0 b9 2b
    d5 96 1d 7c 33 86 c5 1c 41 cb 01 2b 28 71 af aa
    80 86 5b c6 58 59 a9 be a8 2a 2c 45 b7 25 ec b0
    3a 3c 74 85 1e 25 5d 8d 31 8e 67 b9 6e 93 17 b0
    05 93 a4 07 f6 74 dc f3 33 00 3a 30 e3 92 cf ca
    64 0e 4f c4 26 f6 e2 89 e2 34 88 56 0c 18 00 e9
    b8 4e a7 42 10 ba 1b 56 f6 71 d9 91 47 8c f9 61
    f8 0c 02 d6 91 5d 85 b4 82 0e 14 3b 35 5a 8b d7
    a3 b4 db bb 6f d8 61 15 fc 2b cd 5a a8 c2 68 ea
    ae 60 c6 08 05 67 67 42 88 57 9f 29 a0 fc 98 ad
    6b 86 bc 8a 19 0c 0a 37 0c 97 e8 00 4e 2b c9 bf
    58 67 91 07 6a c8 45 84 b2 23 91 e3 f2 58 31 c8
    67 9a 44 46 de b2 bc 0a 83 cb ae b4 5a 7f ca 25
    3c 11 21 71 0a c4 ae 4b 3b fd 8c bd b7 22 06 ae
    b1 9e 34 82 1d ef 16 a7 f2 06 97 db 81 af 48 65
    c9 2b 2c 75 40 a2 cc 50 f5 9d f5 91 09 0c d0 0a
    8f 74 8c e1 97 02 d3 d3 b6 71 a4 81 df ec 3b 55
    aa 8b 2f 61 03 16 81 8b 20 a8 64 18 2c 89 c9 8b
    27 09 96 15 1b a8 52 9b e5 1b 2b 54 44 9e 14 66
    64 bc c8 cd 99 07 a2 57 70 64 b9 63 a0 a6 24 c1
    1b ad d7 f8 9b 2e cc 65 3f 48 0b f5 1a 75 b8 b3
    62 1b 4a be 6a 1b 76 44 90 71 47 e6 1a a7 d0 99
    48 c1 c4 74 da 98 eb a7 73 f1 0b 5e 0b 9a b2 29
    bb 13 21 b1 78 6f b8 2e 89 2a 1b 9f 94 00 31 b2
    32 e4 87 6e e0 ba 88 01 d6 96 b7 b7 7e 31 dc a8
    12 d4 92 38 7a 70 9e 80 3b 6c c4 06 19 aa 62 59
    2c 13 8b b9 20 71 f0 a6 f7 61 60 f6 56 4d ad a2
    2c 3e f8 5b 10 e3 43 d3 22 5d 5b c2 18 23 21 1a
    9e 86 c8 a2 6a 91 c2 cb 49 fe 8b 63 22 67 15 96
    3a bb 2d 04 b5 a5 9c 4f 51 4a 85 a5 73 92 98 f5
    c3 9e 63 18 6c 33 8f 9e c9 28 85 f7 cb f7 52 cd
    8d e1 97 94 da 7c 0b 87 4d a2 f6 ab 7c aa 5a d6
    0c c4 21 ea 61 1f 35 1e 81 65 77 b7 5c 7d 40 23
    36 25 61 4a 63 92 22 b2 7b 2b a5 75 72 68 e5 12
    70 5b b4 b0 a9 c6 13 11 0c 24 c3 77 91 d7 aa 02
    96 16 26 63 08 27 70 32 01 05 65 5f 90 7a 68 d3
    5e 31 53 2f 08 4a b2 96 d5 66 db e8 38 30 ba 45
    f3 e6 4d f9 2b 2f 81 91 31 b2 35 97 0b 24 09 3d
    9c 67 61 35 0f c8 6b c4 7a 17 41 26 62 a3 12 a2
    14 ca e3 11 f6 d3 95 19 ac c3 5f 1c aa 3e 29 05
    b9 eb 6a 7e 52 52 85 69 42 24 32 7e dc b6 6b 43
    86 95 d2 ca 3a fe 16 b5 d1 40 3d 84 95 48 18 17
    26 23 eb 2a 64 49 b7 36 e7 43 b9 e7 1d 57 71 28
    ff 37 64 fe d6 ab ac 57 c6 45 47 02 04 a2 87 be
    72 b0 d6 97 1f da 12 29 f6 5c 8f 16 f4 8c 29 27
    9b 8e 20 52 7a d1 02 c4 49 bb 68 aa 66 16 47 27
    ed 89 2f 79 53 86 43 f9 56 e8 e4 18 7f 91 07 61
    38 22 24 e8 c7 cc 87 a5 16 b3 c1 2c 82 92 91 e5
    6b f1 3a aa 21 e9 8c 03 6b 08 0c a8 21 89 13 1c
    0b b2 1e a9 b0 9f 0f a7 77 77 54 91 43 02 39 68
    07 54 e6 a6 97 d7 4b 13 b8 c6 cb f5 44 11 de 81
    87 07 a4 9b 86 48 cf 07 73 56 70 b6 44 cd 17 7a
    ea fb 23 37 36 19 f2 55 2c 27 4c 9e 1b 1a 51 7f
    c2 89 ab 68 95 8a 12 a9 d7 fc 02 e8 32 65 2e d3
    70 90 09 79 4f a1 71 01 c8 41 01 bb 45 f7 2b 70
    b9 29 9e a1 48 13 ab 74 2e 0f e5 b2 a2 a7 7e 50
    b6 42 39 1a ab 12 cb 3d 48 92 10 1d 33 44 74 cb
    92 34 92 62 7f 33 85 19 74 c7 1f 38 8a 0f 31 c6
    1e 7c 5d 53 54 3a f3 b5 71 92 b7 7e e4 d9 b3 79
    45 77 70 f6 33 19 73 08 b1 b2 95 f0 a1 53 3f c1
    18 18 58 12 56 05 81 a9 b8 02 20 2a 48 4f 4a 37
    d6 80 1f ad 26 b7 b7 35 d2 7a 2d 90 b6 71 e0 1c
    f4 f4 fa 94 ad 4e d3 0c 0c e2 e4 86 30 7c 5e 7b
    65 48 0c 42 30 f6 39 99 b9 58 ae 15 74 25 41 fb
    5c 55 09 ce d5 53 5d 62 f0 11 90 c2 e8 ee a5 20
    ce ac c1 b6 59 55
<<< TLS 1.2, RecordHeader [length 0005]
    14 03 03 00 01
<<< TLS 1.3, ChangeCipherSpec [length 0001]
    01
<<< TLS 1.2, RecordHeader [length 0005]
    16 03 03 04 ba
<<< TLS 1.3, Handshake [length 04ba], ServerHello
    02 00 04 b6 03 03 71 20 ea fa b9 b9 61 a1 55 33
    73 cf 8f 06 ed 7c a0 81 3e 91 61 87 ed c9 96 f1
    14 7b a3 71 ed 22 20 d8 2f 27 d0 92 bd e9 3e 9c
    8e 39 cc 83 50 d5 01 9f 68 29 e4 62 bc 89 ae 95
    8d 4c 6a 2e 32 3f 5a 13 02 00 04 6e 00 2b 00 02
    03 04 00 33 04 64 11 ec 04 60 bf b2 a3 65 23 70
    3f e3 55 27 11 e2 63 35 18 bf 95 27 fa 50 ee 46
    e8 56 06 fb c5 e5 5f 6f be 4f 8d 67 18 f0 14 c2
    db c3 9f 69 c2 24 0f 12 d5 ab 3c c5 d9 51 e7 1d
    37 81 bf 5e 0b 79 c1 b4 3d 42 af 46 96 67 06 82
    ea 74 5c 8b 9a ac f0 2c cf b7 2d 09 8a c1 b2 dd
    65 d1 15 8d 2e 8d 88 23 0a ae c5 4f 5e be 2c 2e
    77 06 18 14 c7 11 3e 4c b3 13 46 dd eb b2 9e 29
    5e a0 b5 f6 95 ad 90 27 6c a6 77 49 4a 56 e6 c8
    c1 fe 55 37 83 50 a0 71 42 d6 4b 32 5a 13 4c 69
    7a 31 64 81 c4 58 64 14 dc 18 ca 14 4e 63 96 87
    21 55 43 ac 46 45 54 c6 cd aa fb 5d 39 ac 84 bf
    42 51 d0 0f b0 c1 b2 51 75 b9 86 c1 d5 50 79 16
    19 3c 77 3b d4 de ee 73 78 4b f1 8d 45 57 52 27
    50 5c 12 7d 26 39 ec b2 68 f1 c0 8f 18 5b 5d f0
    f5 88 6b 38 ab f6 e7 96 35 be 7c b3 3b 2f 57 8e
    a4 f6 90 04 24 1e cf 9b d3 0a 85 72 06 65 df 4d
    ce 2a e4 61 b6 97 88 fb d6 32 65 06 ca 87 43 25
    49 67 86 bb 60 f5 90 a0 0d 55 1b 74 e9 1e c9 ef
    15 41 cb 45 29 fa 87 51 a5 22 23 12 3c 0f aa 32
    a6 87 9d 34 a4 73 14 84 31 c1 0b e0 cc 75 ee 94
    08 9e 83 72 5b f6 74 07 7a 1e 42 1e c5 31 3d d8
    93 08 24 a0 b9 24 be 17 27 d1 bd 42 36 76 73 8c
    5d 1b b1 76 26 52 c6 a4 1d ef d7 82 36 bf 24 0c
    e0 13 2b 88 b7 a8 83 4d 8d d8 f1 e3 61 8f 5d 74
    80 5d 15 fa da 66 1f 34 17 ae fc 48 31 b0 17 15
    ac ed ad 08 4b 21 07 c3 8c 25 6b b7 ba 66 37 10
    0e 52 e5 7c 5a d0 d5 dc 34 6e 97 4f ec 69 67 31
    e7 3b 10 3e 67 a8 df 80 98 82 df 0d 02 44 0b 5a
    dc 3d a1 88 a5 2a dc 2d 34 f3 48 cf 7e db 36 f2
    69 54 0c 5b f2 aa be a7 bd e4 94 73 f3 89 c3 c1
    20 de d2 1c 42 7a 24 cf c7 49 2e 24 f4 6f 0f a2
    c3 c2 64 bb 70 da 87 96 11 db aa e7 7f 2c b6 34
    49 95 fa 47 dc fa 2e 83 54 57 95 df 9e f0 89 61
    68 00 be 71 de cf 08 87 62 58 ff b5 7b 70 ab ca
    11 19 03 f0 de fe 3a a5 c4 d9 23 4d 96 cd c0 73
    15 44 c2 bc 02 e1 7f ae d4 36 7e 0c 52 44 e2 a3
    f8 17 51 a3 c5 39 fb 1e 23 8d ac c3 6f a9 39 bc
    0d 64 c9 38 64 86 36 5f 69 aa 78 07 2e be b4 73
    0c f9 92 47 26 68 fb 71 db f0 71 bf 4e d4 b3 95
    8b 35 a8 8b c7 91 fd 94 25 e4 a7 3b 67 f1 f9 18
    ba 24 b5 7e 23 4a ea 8f 79 2e 61 df 9b 86 2b b6
    46 1b 38 58 30 ac ac f6 e6 32 11 5e 7e d9 cc 93
    37 89 f2 4b b5 3e 4f 3c 39 09 6d 56 79 63 6d 7e
    2e 61 f8 5f 77 9c 0e 88 f8 7f f7 96 76 52 64 04
    23 1c 15 d3 f1 f9 c8 e7 96 72 31 47 85 d5 cf e7
    e9 03 b6 96 94 35 bf 7f 6a 77 22 5a 10 e0 d7 f8
    2b 70 1d 6a f0 d7 d6 bb b1 62 c6 e6 73 24 6a f6
    f7 81 99 44 66 bd 5d 6e 36 e8 ee 84 17 25 03 b2
    83 3c d5 22 aa a3 5a 5c 01 e1 06 eb f4 d0 b7 1a
    f1 cd cf 44 f0 fa 35 cd 62 f2 17 78 ad c4 db ce
    af bc 67 cb 3c a3 bd a5 5d 27 f3 78 e9 a4 7d 2e
    3d f7 c7 76 8c 60 4b ea 4b 0f 41 14 a6 b6 26 6c
    a2 c7 1c a7 ac de a9 c7 42 6d 1c c5 3d f5 c1 73
    e4 94 a6 de b1 56 e7 8a a3 84 93 6f 67 dd 0c 7d
    ca 6f 8a e1 3d 00 20 91 0a 06 6a 26 c1 65 69 88
    f0 8e b2 07 01 58 74 7e 89 0f a7 da 55 9c 6d 5d
    13 0c 5e 58 90 85 df d9 94 ad fd 53 f5 e7 86 3b
    a6 6b ca 4c 8b 87 c3 fe ce 12 df 70 f0 38 97 09
    83 0a ca 45 9f 77 c9 bd 5d d0 ce b7 37 e0 1d 3c
    86 67 21 0e 95 23 70 90 51 51 85 98 d2 f2 e4 77
    7e 0e fd 04 bb a2 67 9a ec 25 b0 03 0d ed 99 d9
    59 18 c7 fd 21 4c f2 2f 9d ee bd 63 cc 32 84 f7
    ca f9 cd a2 43 5e c2 48 d8 8a 97 4b ba a0 b0 66
    51 9a 7d de 54 81 35 b2 dd f8 0a 72 7f e4 33 13
    27 eb eb 7b 70 2e 84 e3 4d b2 60 0d 5d 51 d2 fb
    c4 b2 4c 39 5c 61 80 69 fa b5 0e 75 03 8a 62 b6
    83 93 a9 03 88 13 ca 3f 1b a4 5b ce b4 38 d4 1c
    16 80 d8 ff 38 36 ba 00 23 6a 05 57 77 ec 1f 53
    81 f3 97 17 f7 d6 8f fc 3f ef da 68 0e 42 27 76
    05 af c3 36 c2 b3 27 fb 71 39
<<< TLS 1.2, RecordHeader [length 0005]
    17 03 03 00 17
<<< TLS 1.3, InnerContent [length 0001]
    16
<<< TLS 1.3, Handshake [length 0006], EncryptedExtensions
    08 00 00 02 00 00
<<< TLS 1.2, RecordHeader [length 0005]
    17 03 03 03 47
<<< TLS 1.3, InnerContent [length 0001]
    16
<<< TLS 1.3, Handshake [length 0336], Certificate
    0b 00 03 32 00 00 03 2e 00 03 29 30 82 03 25 30
    82 02 0d a0 03 02 01 02 02 01 02 30 0d 06 09 2a
    86 48 86 f7 0d 01 01 0b 05 00 30 12 31 10 30 0e
    06 03 55 04 03 0c 07 52 6f 6f 74 20 43 41 30 20
    17 0d 31 36 30 31 31 34 32 32 32 39 34 36 5a 18
    0f 32 31 31 36 30 31 31 35 32 32 32 39 34 36 5a
    30 19 31 17 30 15 06 03 55 04 03 0c 0e 73 65 72
    76 65 72 2e 65 78 61 6d 70 6c 65 30 82 01 22 30
    0d 06 09 2a 86 48 86 f7 0d 01 01 01 05 00 03 82
    01 0f 00 30 82 01 0a 02 82 01 01 00 d5 5d 60 6a
    df fc 61 ee 48 aa 8c 11 48 43 a5 6d b6 52 5d aa
    98 49 b1 61 92 35 b1 fc 3a 04 25 0c 6d 79 ff b4
    d5 c9 e9 5c 1c 3b e0 ab b3 b8 7d a3 de 6d bd e0
    dd d7 5a bf 14 47 11 42 5e a6 82 d0 61 c1 7f dd
    13 46 e6 09 85 07 0e f2 d4 fc 1a 64 d2 0a ad 20
    ab 20 6b 96 f0 ad cc c4 19 53 55 dc 01 1d a4 b3
    ef 8a b4 49 53 5d 8a 05 1c f1 dc e1 44 bf c5 d7
    e2 77 19 57 5c 97 0b 75 ee 88 43 71 0f ca 6c c1
    b4 b2 50 a7 77 46 6c 58 0f 11 bf f1 76 24 5a ae
    39 42 b7 51 67 29 e1 d0 55 30 6f 17 e4 91 ea ad
    f8 28 c2 43 6f a2 64 a9 fb 9d 98 92 62 48 3e eb
    0d 4f 82 4a 8a ff 3f 72 ee 96 b5 ae a1 c1 98 ba
    ef 7d 90 75 6d ff 5a 52 9e ab f5 c0 7e d0 87 43
    db 85 07 07 0f 7d 38 7a fd d1 d3 ee 65 1d d3 ea
    39 6a 87 37 ee 4a d3 e0 0d 6e f5 70 ac c2 bd f1
    6e f3 92 95 5e a9 f0 a1 65 95 93 8d 02 03 01 00
    01 a3 7d 30 7b 30 1d 06 03 55 1d 0e 04 16 04 14
    c0 e7 84 bf e8 59 27 33 10 b0 52 4f 51 52 2f 06
    d6 c0 7a cd 30 1f 06 03 55 1d 23 04 18 30 16 80
    14 70 7f 2e ae 83 68 59 98 04 23 2a cd eb 3e 17
    cd 24 dd 01 49 30 09 06 03 55 1d 13 04 02 30 00
    30 13 06 03 55 1d 25 04 0c 30 0a 06 08 2b 06 01
    05 05 07 03 01 30 19 06 03 55 1d 11 04 12 30 10
    82 0e 73 65 72 76 65 72 2e 65 78 61 6d 70 6c 65
    30 0d 06 09 2a 86 48 86 f7 0d 01 01 0b 05 00 03
    82 01 01 00 7b d3 04 43 75 8a 0f 11 ae c4 fb d7
    a1 a2 9e fe 20 18 d5 f4 2f 31 88 46 b6 75 8c ee
    e5 9b 97 a6 b9 a3 cd 60 9a 46 c3 48 97 e5 97 68
    f7 5a 86 35 73 d9 69 9e f9 5f 74 b9 e6 94 13 01
    cb 6a dc e3 c4 04 e9 65 da 9c a4 8b 28 f3 f9 9a
    7f bf 97 1f 45 92 e5 05 b1 56 e6 0b f6 47 de 1e
    89 b6 2b e1 4d df 4a 7e 01 d3 23 dc 97 8c 47 fe
    5f c7 cc 98 46 0e c4 83 5b ca 8a f1 52 09 be 6b
    ec 3f 09 8b d0 93 02 bf e1 51 e7 d1 7e 34 56 19
    74 d0 ff 28 25 de b7 9f 56 52 91 7d 20 29 85 0a
    80 44 5f 71 32 25 71 0f c2 16 e2 5f 6b 1d 3f 32
    5b 0a 3c 74 1c b9 62 f1 ed 07 50 a3 6d b4 b4 31
    0a c0 53 44 6a 3a 88 84 8b 2d a9 b0 37 8e e6 18
    36 bd 9a 20 40 0f 01 92 8b 3d aa 61 e7 ae 2c ed
    36 cd 3a 07 86 74 3a 29 b3 d7 3a b4 00 a9 c2 f5
    92 78 0e e2 0f a3 fe bb be e0 06 53 84 59 1d 90
    69 e5 b6 f9 00 00
<<< TLS 1.2, RecordHeader [length 0005]
    17 03 03 01 19
<<< TLS 1.3, InnerContent [length 0001]
    16
<<< TLS 1.3, Handshake [length 0108], CertificateVerify
    0f 00 01 04 08 04 01 00 70 59 e2 cb 54 2b c0 0b
    bf 7c a8 c4 c8 04 e0 ab 2d ae 0f 7c c2 c0 c5 b7
    53 cf b4 56 02 bc 75 40 dd bb f8 a5 a1 bc ab 53
    50 b2 c7 9d db c6 b9 e5 c2 b2 d5 48 79 83 d3 96
    f3 6b 93 f2 af f5 f5 79 16 67 71 e8 5f c5 59 19
    65 a8 72 0a f0 99 c3 f5 95 f9 b7 0f 04 6f 9f ca
    ed eb 60 8a 0e ac 88 78 a0 4e b8 a2 d6 75 b2 24
    a2 01 1b dc 1c 9e 7f 22 54 28 d2 94 09 e0 9f f5
    71 a1 56 e6 39 48 80 3c 61 86 12 4e 5d 3d 1e 5d
    ab 7d 2d 17 68 58 ef b5 a3 e9 cc 94 b2 37 7d 5f
    e6 3d b0 29 b7 8c ca 00 2d da 15 c5 4c ad 7b b1
    cd 08 24 e7 a3 86 55 30 00 0e f5 26 c7 3d 99 63
    98 88 30 2c 16 ed 6f 74 03 ea 6b 57 83 44 9c 45
    e9 50 2d 2e 5d aa 20 70 2e 7a 1a b8 4f b2 ee 97
    92 22 88 62 d9 1e 80 92 d7 46 e9 70 af 3a b5 d4
    d2 62 63 b2 9b 88 12 b1 2e 0b 0e 6e 8c 51 95 91
    fb d2 c3 1c 5a 41 b0 6a
<<< TLS 1.2, RecordHeader [length 0005]
    17 03 03 00 45
<<< TLS 1.3, InnerContent [length 0001]
    16
<<< TLS 1.3, Handshake [length 0034], Finished
    14 00 00 30 a7 16 23 1d 59 8e 2f 80 c7 d3 06 dd
    15 f0 41 32 2e 58 c2 bf 28 be 6d d7 51 df c7 a0
    bc ca 04 7f 95 ac 94 0c 94 3f 73 a7 fe da 8a 33
    b1 11 f5 ac
>>> TLS 1.2, RecordHeader [length 0005]
    17 03 03 00 45
>>> TLS 1.2, InnerContent [length 0001]
    16
>>> TLS 1.3, Handshake [length 0034], Finished
    14 00 00 30 e5 7c 36 b3 5e bc 80 bb 41 bf 57 c7
    ff f2 40 62 f6 20 db c0 9d bb 5b 2b 9c 14 f1 96
    6c 07 00 e9 92 15 30 33 bd 91 e2 e2 7f 9c 78 1c
    40 ff 5f da
---
Certificate chain
 0 s:CN=server.example
   i:CN=Root CA
   a:PKEY: RSA, 2048 (bit); sigalg: sha256WithRSAEncryption
   v:NotBefore: Jan 14 22:29:46 2016 GMT; NotAfter: Jan 15 22:29:46 2116 GMT
---
Server certificate
-----BEGIN CERTIFICATE-----
MIIDJTCCAg2gAwIBAgIBAjANBgkqhkiG9w0BAQsFADASMRAwDgYDVQQDDAdSb290
IENBMCAXDTE2MDExNDIyMjk0NloYDzIxMTYwMTE1MjIyOTQ2WjAZMRcwFQYDVQQD
DA5zZXJ2ZXIuZXhhbXBsZTCCASIwDQYJKoZIhvcNAQEBBQADggEPADCCAQoCggEB
ANVdYGrf/GHuSKqMEUhDpW22Ul2qmEmxYZI1sfw6BCUMbXn/tNXJ6VwcO+Crs7h9
o95tveDd11q/FEcRQl6mgtBhwX/dE0bmCYUHDvLU/Bpk0gqtIKsga5bwrczEGVNV
3AEdpLPvirRJU12KBRzx3OFEv8XX4ncZV1yXC3XuiENxD8pswbSyUKd3RmxYDxG/
8XYkWq45QrdRZynh0FUwbxfkkeqt+CjCQ2+iZKn7nZiSYkg+6w1PgkqK/z9y7pa1
rqHBmLrvfZB1bf9aUp6r9cB+0IdD24UHBw99OHr90dPuZR3T6jlqhzfuStPgDW71
cKzCvfFu85KVXqnwoWWVk40CAwEAAaN9MHswHQYDVR0OBBYEFMDnhL/oWSczELBS
T1FSLwbWwHrNMB8GA1UdIwQYMBaAFHB/Lq6DaFmYBCMqzes+F80k3QFJMAkGA1Ud
EwQCMAAwEwYDVR0lBAwwCgYIKwYBBQUHAwEwGQYDVR0RBBIwEIIOc2VydmVyLmV4
YW1wbGUwDQYJKoZIhvcNAQELBQADggEBAHvTBEN1ig8RrsT716Ginv4gGNX0LzGI
RrZ1jO7lm5emuaPNYJpGw0iX5Zdo91qGNXPZaZ75X3S55pQTActq3OPEBOll2pyk
iyjz+Zp/v5cfRZLlBbFW5gv2R94eibYr4U3fSn4B0yPcl4xH/l/HzJhGDsSDW8qK
8VIJvmvsPwmL0JMCv+FR59F+NFYZdND/KCXet59WUpF9ICmFCoBEX3EyJXEPwhbi
X2sdPzJbCjx0HLli8e0HUKNttLQxCsBTRGo6iISLLamwN47mGDa9miBADwGSiz2q
YeeuLO02zToHhnQ6KbPXOrQAqcL1kngO4g+j/ru+4AZThFkdkGnltvk=
-----END CERTIFICATE-----
subject=CN=server.example
issuer=CN=Root CA
---
No client certificate CA names sent
Peer signing digest: SHA256
Peer signature type: rsa_pss_rsae_sha256
Negotiated TLS1.3 group: X25519MLKEM768
---
SSL handshake has read 2546 bytes and written 1702 bytes
Verification error: unable to verify the first certificate
---
New, TLSv1.3, Cipher is TLS_AES_256_GCM_SHA384
Protocol: TLSv1.3
Server public key is 2048 bit
This TLS version forbids renegotiation.
Compression: NONE
Expansion: NONE
No ALPN negotiated
Early data was not sent
Verify return code: 21 (unable to verify the first certificate)
---
>>> TLS 1.2, RecordHeader [length 0005]
    17 03 03 00 13
>>> TLS 1.2, InnerContent [length 0001]
    15
>>> TLS 1.3, Alert [length 0002], warning close_notify
    01 00
Connecting to 127.0.0.1
SSL_connect:before SSL initialization
SSL_connect:SSLv3/TLS write client hello
SSL_connect:SSLv3/TLS write client hello
SSL_connect:SSLv3/TLS read server hello
SSL_connect:SSLv3/TLS write change cipher spec
SSL_connect:SSLv3/TLS write client hello
SSL_connect:SSLv3/TLS write client hello
SSL_connect:SSLv3/TLS read server hello
Can't use SSL_get_servername
SSL_connect:TLSv1.3 read encrypted extensions
depth=0 CN=server.example
verify error:num=20:unable to get local issuer certificate
verify return:1
depth=0 CN=server.example
verify error:num=21:unable to verify the first certificate
verify return:1
depth=0 CN=server.example
verify return:1
SSL_connect:SSLv3/TLS read server certificate
SSL_connect:TLSv1.3 read server certificate verify
SSL_connect:SSLv3/TLS read finished
SSL_connect:SSLv3/TLS write finished
DONE
SSL3 alert write:warning:close notify
