CONNECTED(00000003)
>>> TLS 1.0, RecordHeader [length 0005]
    16 03 01 00 d6
>>> TLS 1.3, Handshake [length 00d6], ClientHello
    01 00 00 d2 03 03 94 07 86 af 21 c8 9b a9 ff b3
    32 0d 1c 40 d8 ec 15 52 e0 c8 fb 7a d5 a6 e0 b8
    92 c1 3b 64 e5 fd 20 87 ca f4 94 2e 12 ce fd ae
    b6 83 10 25 fc 1c 11 75 b8 e5 18 73 da 57 96 b6
    81 8b 3d c2 72 3c fe 00 06 13 02 13 03 13 01 01
    00 00 83 00 0b 00 04 03 00 01 02 00 0a 00 06 00
    04 00 1d 11 ec 00 23 00 00 00 16 00 00 00 17 00
    00 00 0d 00 2a 00 28 09 05 09 06 09 04 04 03 05
    03 06 03 08 07 08 08 08 1a 08 1b 08 1c 08 09 08
    0a 08 0b 08 04 08 05 08 06 04 01 05 01 06 01 00
    2b 00 03 02 03 04 00 2d 00 02 01 01 00 33 00 26
    00 24 00 1d 00 20 fe 10 3d e1 6a 12 d3 49 d0 95
    53 78 2f 29 ce 4b 29 24 eb 4e 2b 18 58 a2 23 29
    f3 e4 d9 d8 0e 7d
<<< TLS 1.2, RecordHeader [length 0005]
    16 03 03 00 58
<<< TLS 1.3, Handshake [length 0058], ServerHello
    02 00 00 54 03 03 cf 21 ad 74 e5 9a 61 11 be 1d
    8c 02 1e 65 b8 91 c2 a2 11 16 7a bb 8c 5e 07 9e
    09 e2 c8 a8 33 9c 20 87 ca f4 94 2e 12 ce fd ae
    b6 83 10 25 fc 1c 11 75 b8 e5 18 73 da 57 96 b6
    81 8b 3d c2 72 3c fe 13 02 00 00 0c 00 2b 00 02
    03 04 00 33 00 02 11 ec
>>> TLS 1.2, RecordHeader [length 0005]
    14 03 03 00 01
>>> TLS 1.3, ChangeCipherSpec [length 0001]
    01
>>> TLS 1.2, RecordHeader [length 0005]
    16 03 03 05 76
>>> TLS 1.3, Handshake [length 0576], ClientHello
    01 00 05 72 03 03 94 07 86 af 21 c8 9b a9 ff b3
    32 0d 1c 40 d8 ec 15 52 e0 c8 fb 7a d5 a6 e0 b8
    92 c1 3b 64 e5 fd 20 87 ca f4 94 2e 12 ce fd ae
    b6 83 10 25 fc 1c 11 75 b8 e5 18 73 da 57 96 b6
    81 8b 3d c2 72 3c fe 00 06 13 02 13 03 13 01 01
    00 05 23 00 0b 00 04 03 00 01 02 00 0a 00 06 00
    04 00 1d 11 ec 00 23 00 00 00 16 00 00 00 17 00
    00 00 0d 00 2a 00 28 09 05 09 06 09 04 04 03 05
    03 06 03 08 07 08 08 08 1a 08 1b 08 1c 08 09 08
    0a 08 0b 08 04 08 05 08 06 04 01 05 01 06 01 00
    2b 00 03 02 03 04 00 2d 00 02 01 01 00 33 04 c6
    04 c4 11 ec 04 c0 04 e0 62 f2 e5 18 66 65 91 b6
    e3 4a 72 09 64 db 36 83 3b f5 7b 0f e2 b3 ff e8
    95 ff 16 9d c5 93 48 11 e5 50 0c 45 7c 3f b3 30
    1a bc 5f e7 a5 95 8c 16 3f 3d 31 70 63 08 21 22
    91 07 18 06 1e b0 91 53 a1 4c 2f 00 90 7f b8 12
    17 94 3c 7e ed b8 cf fd 28 38 8d 2c c0 1f d5 78
    b3 f1 7e 0e e3 8c a2 28 a0 15 cc aa 60 6c c1 e4
    73 3b 36 6b 8f 19 f5 ca e7 a1 ba 71 f2 b8 b7 78
    26 1a cc 89 3c a3 9e 40 e7 0b 0f f0 0f 63 05 6e
    db 39 81 b9 d4 44 3f 9a 5d e1 2a 70 92 56 b6 ec
    c2 77 df 0c a1 40 0c 7a 43 69 ba f0 42 12 cb 77
    80 e6 2a bd 11 54 2c 7f 80 9b 59 87 71 bf 45 a6
    6e eb 5a de c2 16 62 69 0a 4c d2 1a 42 cb 65 93
    c9 45 01 fa 47 98 96 3a 00 d3 6c 72 67 51 e7 7c
    33 b4 47 68 91 b1 88 3c 65 39 e3 0c 3a e7 63 55
    0b 49 be 5c 53 69 c4 85 0f ca 69 84 cd 18 6d 60
    7a b5 60 59 51 e9 1c 80 ce c1 9d 04 27 7e 54 0c
    7a 4f f1 ae b8 79 b8 b8 70 52 26 7c 1a 7d 1b a9
    24 bb 92 bd 56 2c 47 60 bf d9 98 12 56 04 91 42
    a1 87 e5 cc 6e e8 52 c1 8e 73 17 7f 84 aa 67 19
    aa cd 90 98 71 f9 ce e2 f0 0b 40 49 2a a2 36 58
    d4 e6 a8 3c b8 ca 0b c1 60 40 40 65 37 8c 80 31
    99 37 f3 a3 77 77 58 91 3d 83 3b 0e 5a c7 22 47
    1e ff b7 1d a2 71 35 cc 78 17 d9 26 a7 2f 4a 09
    7f 67 10 09 6a 06 8d 64 c5 97 6b a9 35 9b ad 10
    12 b2 30 35 2f 2e 44 65 21 48 8f 78 37 c1 04 12
    1f a4 1b 7f 32 fc 47 81 f1 34 07 52 9f 83 c6 44
    07 58 14 bf 8c 5c 7f d8 2d ac 82 cf 23 19 bb 4e
    92 1f b2 d2 8b be f6 92 e7 07 6e e5 79 ca c7 f4
    09 d9 fb 9f d7 a7 ad 9b 30 7f 92 fa 8d c9 a8 66
    a9 b8 0f 7a 78 77 8b 06 bb 18 67 64 37 56 49 ff
    a3 12 91 b3 02 33 39 02 e3 6c 88 95 9c b4 8f 52
    9c 70 74 ac ec 44 9c 7d e4 31 4a 78 3b 5e ec a7
    60 88 54 bb a8 8e 4f 8a 16 dd a6 76 35 b4 8f 13
    44 88 df 6b 2e 09 c0 08 64 f3 cb 3a b1 57 4c 35
    b2 b6 4b 3a db d8 c4 b5 f4 09 2e 09 9d 50 5b 5f
    0f 7b 75 51 e0 34 ee 43 91 1d 46 67 3b 22 23 c3
    3a ab 19 24 28 16 da 5c 8c 0b b6 2a 7c 5a 76 c0
    45 fc 44 8e de 4b bc 61 09 a3 cf cb 6f b8 a4 78
    86 23 56 4a b2 9f 68 3b a7 b8 bb 71 a7 34 8b 21
    24 71 03 db 59 e9 f8 a7 84 57 a4 64 fb 02 03 cc
    61 ff e4 01 bf e1 6a 96 e1 a6 64 d7 8c b1 d5 44
    6a f3 2f 43 07 14 4e 06 87 95 4c 52 82 13 bd c1
    db 0a d2 47 c0 9a fc 78 e6 d8 79 77 b1 6d 9c 39
    06 c0 84 94 7e 97 23 18 4a c0 3c 87 90 e4 a1 7f
    02 e1 cf 88 75 51 81 12 72 cf 17 8d 00 ba 92 89
    b8 94 de 30 69 55 86 c8 94 ea 71 4e 65 8a 1e 80
    ce 82 c1 c5 0a 4b 59 a8 cb c3 5b 45 80 0d a6 b0
    5a 1c 7f ae 9c a6 15 19 af 5a e6 7a c8 b9 2f c6
    c8 41 37 94 0e 7d ca 1e fe 25 0a 7b aa 0a 47 68
    3d e3 c6 b2 f0 92 cb af 84 aa cb b5 c1 59 97 1f
    d9 3c 92 ab 18 ca 57 94 85 ed e0 a2 e8 83 33 85
    3b 86 0c e0 48 88 7a 6c 8a 40 a2 2f 7b a2 79 60
    cf 1b f1 c5 43 6b c2 68 19 61 38 cc 37 22 0b a7
    6f 60 74 05 81 69 d9 41 86 91 4b 92 69 6a 6a b7
    9b 2c 25 82 6c ff f0 28 3e 2b 16 08 73 26 c6 fa
    2e 45 64 53 cc a1 b4 60 76 67 f7 5a 85 f0 fa 09
    08 67 9b 31 91 9b 1d b2 00 3c 64 7f 44 f2 44 26
    00 32 80 09 4b e5 47 85 e2 49 70 17 eb 1d f5 89
    26 9d c0 2c a9 8b 58 8b 0a 4d a4 8c 3a 12 30 2b
    37 75 67 d6 c4 3e 78 aa 8f 80 eb bf 47 82 b4 67
    5a 2f cc 56 b7 71 83 75 c7 79 4b 5d fb c8 22 cb
    92 87 02 47 3a 3b 2f 0b 0c 06 b5 90 64 73 57 8c
    e0 31 a7 57 00 3b 41 75 81 22 a3 41 33 64 5c 87
    59 4f 25 43 19 d3 da 41 50 21 03 92 b8 02 ba 07
    c6 b9 4a 38 54 5c 94 67 62 95 1e 60 25 90 35 4b
    19 35 a7 4f 03 48 72 26 36 7a 7a a3 c9 19 27 ff
    b0 2d 36 b1 ac 2c f0 47 7a 40 5c 03 ca 11 a3 c3
    9b 62 06 b1 54 27 05 8a 35 26 39 1a 4e 5d 88 63
    13 b1 5a 81 4a 64 4a ab 08 4b bb a9 5e 65 19 f3
    5c 24 0c c3 4b 41 52 70 96 41 c9 d9 e9 c8 d8 7a
    42 57 65 b7 7d 70 b8 43 35 9f f7 36 47 29 c7 ce
    60 30 a6 fb 60 6a 97 b2 25 9f eb 4e 4a 35 9c a1
    d3 f0 23 c6 26 8c 4d c9 50 98 28 4c 15 d6 e0 fc
    8c 7e 25 e9 ba 67 c6 4a 7e 0d e0 17 87 a5 c9 3c
    df 3e 52 15 6a 65 35 f9 27 ca c1 cc af 57 d9 69
    70 9b 55 5b 5c 21
<<< TLS 1.2, RecordHeader [length 0005]
    14 03 03 00 01
<<< TLS 1.3, ChangeCipherSpec [length 0001]
    01
<<< TLS 1.2, RecordHeader [length 0005]
    16 03 03 04 ba
<<< TLS 1.3, Handshake [length 04ba], ServerHello
    02 00 04 b6 03 03 e2 ff ed a0 da 47 4c d8 ec 0b
    70 9c 34 70 36 08 39 08 db 65 ea 27 3d c1 df 96
    59 5a ee b8 96 03 20 87 ca f4 94 2e 12 ce fd ae
    b6 83 10 25 fc 1c 11 75 b8 e5 18 73 da 57 96 b6
    81 8b 3d c2 72 3c fe 13 02 00 04 6e 00 2b 00 02
    03 04 00 33 04 64 11 ec 04 60 8f e8 33 91 6d 9f
    cb 53 d5 89 8a 9b 90 49 3c 74 87 f5 b9 04 b5 8a
    17 bb d4 8e da 56 10 a3 bb a8 3f 4c 8a 10 b1 6a
    05 97 31 26 5a db 17 ba 57 09 6f a5 13 82 80 67
    6e 3c 5c 0f 29 2d a1 be aa bd c7 a1 29 7c 92 e0
    bf d9 7a 25 4f 04 b1 65 31 7f bc ee 6a 36 83 77
    1e 3b f4 99 98 d6 75 a6 de 79 f7 40 97 42 82 86
    0d 48 c7 a4 be 3c 87 d1 cc 44 f1 9b 3d 03 17 94
    19 1b bc 29 0b 1a f4 8d a8 36 9e 6d 64 0d 43 20
    45 c7 46 a0 63 ca 5b 1f 8e 0f c7 e1 28 82 59 36
    d3 57 13 9e d9 15 94 43 1a 20 6e 08 68 f3 73 0e
    70 b1 2b 7e b8 37 71 2e 50 f1 1a c5 45 97 07 d2
    88 f8 4d e1 da 64 c3 dd 52 ba ba fc a6 2a 99 ee
    47 57 24 bf 7d 99 3c f6 27 f8 57 44 03 ae 2f 2c
    b6 d8 c1 4a c9 e1 9a 2f 44 9e 19 e5 33 2b d6 62
    1c 03 c9 ec f9 c0 95 36 24 be d7 40 bc cc 7a ce
    68 7e f7 8f 87 9f 5d 2f b1 a9 df 68 9e 31 22 31
    a1 39 9c 06 02 56 2d 6f de 58 8a 92 06 34 3c 72
    67 c8 ee b7 83 f5 12 04 6f be 6b c1 54 4f 43 1a
    87 47 7e 87 eb 2e c9 fa 09 10 fa 3f db 09 4c bb
    8c 28 5c 9f 3b 14 94 0b 7c e6 b5 b4 66 53 dd e4
    33 8e cd 94 56 f1 5a f9 c2 75 23 e7 84 69 90 ec
    84 b9 3f 34 e3 17 38 73 a6 ef 7d d2 a8 6a 33 54
    bb 17 23 f6 84 e7 4e e1 60 1e 3d 6a df ba 0d 51
    b7 3f ad 0f 4f 5a 7d 3b f0 b8 c0 ef 9f 3e 3b fe
    11 a3 f5 88 e8 9f b3 4b 27 82 4b 8f a2 c5 bb 1a
    67 8b 41 1a 92 8e ac f9 ac 0e 55 43 86 a6 5b d8
    e7 94 79 7a d4 65 3e 13 f3 76 62 e7 4e 93 27 1e
    d3 be 18 65 f3 be fc d7 02 59 08 37 58 58 a2 0e
    9b 80 9a 04 62 34 21 e5 38 ae 19 c4 d1 95 5f de
    e1 49 9e 0b fd 81 20 03 e6 38 13 66 58 ab 11 97
    fa 0c 4f ba e3 9a dc 60 b3 2d 70 15 51 68 15 c2
    a7 94 c6 f5 e0 50 04 91 d9 4c af 26 0d c6 0c f2
    2f 21 5b 2f a9 f8 26 bc f8 4f 21 73 92 92 77 71
    b6 75 60 af 4b 8f 2c 2b c4 56 50 d6 53 a9 f1 a5
    31 7e 2e d5 b6 43 e5 44 d0 22 d9 55 b8 fb 44 be
    31 b1 1f 33 b8 5c bb e1 3d ef c6 cb 84 9f e9 01
    1c 05 59 1c d9 0f 6f 3d 74 ca ce 3e 27 92 8f 57
    39 65 1d af e5 a6 ae 3f e5 73 72 c9 10 69 66 52
    e3 11 4c 14 a2 3c ef 9d 8c 99 88 66 74 2e 13 90
    9c 10 3c af 84 fe d6 c7 e5 05 c0 9b de a3 8d b8
    81 ed d9 b5 1d 75 46 e1 90 e0 f7 b6 d0 11 27 e7
    39 0c fe 12 ae c7 1d f2 e7 3b f6 1f 9b b4 fa 45
    0f 9c 4c 82 72 91 b0 41 f6 39 43 05 7a 20 1a 0c
    06 ae 21 c1 b5 f2 0e 8c e1 3c 81 7e 65 e2 0c 5b
    48 ce 1c b0 37 0f fe a0 03 21 d4 35 e2 50 f4 68
    8d cb 26 6d e1 b6 d5 03 d9 81 04 78 4b 22 e1 cf
    b9 a2 e9 0c f4 46 8e c3 b8 cf 86 5b ca eb 36 18
    34 62 1e 83 04 1b 89 d2 c0 17 ab 8f a6 1c ed 1b
    9f c7 25 0a c0 76 b0 e2 df 16 b2 4b bf a6 c8 99
    b4 25 49 67 b0 2a e8 2f 5f f3 b9 e3 7e a4 ba 8d
    15 e9 7c ec 26 84 e5 ca 00 b5 ef 3a 11 3e b1 99
    92 5b e2 62 87 ea 5a 93 a1 20 73 73 9f 27 2a bd
    2d 53 46 d6 63 ed 42 94 1f f2 58 02 aa ca b8 ec
    48 49 db 73 b4 4b a7 95 39 b6 ac 31 35 c8 16 90
    b4 98 70 80 74 48 d3 c1 3c eb 93 bd d8 93 f3 94
    f4 91 21 e5 12 92 af 4b 4c 4c 12 85 a9 28 08 ba
    33 f7 e4 84 1a 94 60 f5 07 1b b0 fc 55 3a 16 e9
    6b 26 7a 3f c8 fd 79 57 5a 55 8c 1d dd e6 77 b6
    f6 dd b3 c7 d6 e5 cf c6 db 99 cd 2f 5c b0 b5 19
    f8 b2 4a 87 bd 7a 0d d5 68 40 f8 6e 65 83 35 ef
    f3 f6 50 71 e4 84 f0 0b e0 00 28 66 5e 11 96 74
    5f a8 65 ca 76 4e 81 8c 18 a2 fd b8 e7 a0 a0 53
    f7 3d 35 51 d6 64 89 c2 ea b1 16 ba be 68 cb 3f
    d1 87 25 61 48 01 00 35 84 ed f1 71 99 5f 29 87
    2b b3 6c 26 15 69 cb 41 45 7e d8 ad 64 62 3e 57
    01 eb 00 76 ca 22 80 ba 88 b9 f9 15 34 53 64 f1
    a0 70 bc d6 b2 50 ce b7 b8 0e e0 de 9d e0 82 4e
    c1 69 57 5c 7a 00 9f da 76 2f 10 dc cb a0 aa 43
    4b 89 cb ec b8 cd 14 0e b8 56 74 40 f8 04 a2 9e
    d8 7c 22 ef c3 6e a1 ec 27 33
<<< TLS 1.2, RecordHeader [length 0005]
    17 03 03 00 17
<<< TLS 1.3, InnerContent [length 0001]
    16
<<< TLS 1.3, Handshake [length 0006], EncryptedExtensions
    08 00 00 02 00 00
<<< TLS 1.2, RecordHeader [length 0005]
    17 03 03 03 47
<<< TLS 1.3, InnerContent [length 0001]
    16
<<< TLS 1.3, Handshake [length 0336], Certificate
    0b 00 03 32 00 00 03 2e 00 03 29 30 82 03 25 30
    82 02 0d a0 03 02 01 02 02 01 02 30 0d 06 09 2a
    86 48 86 f7 0d 01 01 0b 05 00 30 12 31 10 30 0e
    06 03 55 04 03 0c 07 52 6f 6f 74 20 43 41 30 20
    17 0d 31 36 30 31 31 34 32 32 32 39 34 36 5a 18
    0f 32 31 31 36 30 31 31 35 32 32 32 39 34 36 5a
    30 19 31 17 30 15 06 03 55 04 03 0c 0e 73 65 72
    76 65 72 2e 65 78 61 6d 70 6c 65 30 82 01 22 30
    0d 06 09 2a 86 48 86 f7 0d 01 01 01 05 00 03 82
    01 0f 00 30 82 01 0a 02 82 01 01 00 d5 5d 60 6a
    df fc 61 ee 48 aa 8c 11 48 43 a5 6d b6 52 5d aa
    98 49 b1 61 92 35 b1 fc 3a 04 25 0c 6d 79 ff b4
    d5 c9 e9 5c 1c 3b e0 ab b3 b8 7d a3 de 6d bd e0
    dd d7 5a bf 14 47 11 42 5e a6 82 d0 61 c1 7f dd
    13 46 e6 09 85 07 0e f2 d4 fc 1a 64 d2 0a ad 20
    ab 20 6b 96 f0 ad cc c4 19 53 55 dc 01 1d a4 b3
    ef 8a b4 49 53 5d 8a 05 1c f1 dc e1 44 bf c5 d7
    e2 77 19 57 5c 97 0b 75 ee 88 43 71 0f ca 6c c1
    b4 b2 50 a7 77 46 6c 58 0f 11 bf f1 76 24 5a ae
    39 42 b7 51 67 29 e1 d0 55 30 6f 17 e4 91 ea ad
    f8 28 c2 43 6f a2 64 a9 fb 9d 98 92 62 48 3e eb
    0d 4f 82 4a 8a ff 3f 72 ee 96 b5 ae a1 c1 98 ba
    ef 7d 90 75 6d ff 5a 52 9e ab f5 c0 7e d0 87 43
    db 85 07 07 0f 7d 38 7a fd d1 d3 ee 65 1d d3 ea
    39 6a 87 37 ee 4a d3 e0 0d 6e f5 70 ac c2 bd f1
    6e f3 92 95 5e a9 f0 a1 65 95 93 8d 02 03 01 00
    01 a3 7d 30 7b 30 1d 06 03 55 1d 0e 04 16 04 14
    c0 e7 84 bf e8 59 27 33 10 b0 52 4f 51 52 2f 06
    d6 c0 7a cd 30 1f 06 03 55 1d 23 04 18 30 16 80
    14 70 7f 2e ae 83 68 59 98 04 23 2a cd eb 3e 17
    cd 24 dd 01 49 30 09 06 03 55 1d 13 04 02 30 00
    30 13 06 03 55 1d 25 04 0c 30 0a 06 08 2b 06 01
    05 05 07 03 01 30 19 06 03 55 1d 11 04 12 30 10
    82 0e 73 65 72 76 65 72 2e 65 78 61 6d 70 6c 65
    30 0d 06 09 2a 86 48 86 f7 0d 01 01 0b 05 00 03
    82 01 01 00 7b d3 04 43 75 8a 0f 11 ae c4 fb d7
    a1 a2 9e fe 20 18 d5 f4 2f 31 88 46 b6 75 8c ee
    e5 9b 97 a6 b9 a3 cd 60 9a 46 c3 48 97 e5 97 68
    f7 5a 86 35 73 d9 69 9e f9 5f 74 b9 e6 94 13 01
    cb 6a dc e3 c4 04 e9 65 da 9c a4 8b 28 f3 f9 9a
    7f bf 97 1f 45 92 e5 05 b1 56 e6 0b f6 47 de 1e
    89 b6 2b e1 4d df 4a 7e 01 d3 23 dc 97 8c 47 fe
    5f c7 cc 98 46 0e c4 83 5b ca 8a f1 52 09 be 6b
    ec 3f 09 8b d0 93 02 bf e1 51 e7 d1 7e 34 56 19
    74 d0 ff 28 25 de b7 9f 56 52 91 7d 20 29 85 0a
    80 44 5f 71 32 25 71 0f c2 16 e2 5f 6b 1d 3f 32
    5b 0a 3c 74 1c b9 62 f1 ed 07 50 a3 6d b4 b4 31
    0a c0 53 44 6a 3a 88 84 8b 2d a9 b0 37 8e e6 18
    36 bd 9a 20 40 0f 01 92 8b 3d aa 61 e7 ae 2c ed
    36 cd 3a 07 86 74 3a 29 b3 d7 3a b4 00 a9 c2 f5
    92 78 0e e2 0f a3 fe bb be e0 06 53 84 59 1d 90
    69 e5 b6 f9 00 00
<<< TLS 1.2, RecordHeader [length 0005]
    17 03 03 01 19
<<< TLS 1.3, InnerContent [length 0001]
    16
<<< TLS 1.3, Handshake [length 0108], CertificateVerify
    0f 00 01 04 08 04 01 00 9e 22 8d 4f 3f b2 99 f6
    99 44 a8 0e 50 60 f9 ac 46 5b 93 09 9a 05 31 34
    84 3e d9 06 95 c9 6b b1 a8 dd 0a c7 e7 2e 7a e1
    05 cd 63 38 d9 32 57 47 6f 4e a8 dd e5 fd 3e b8
    0c ff f3 9b 0e 44 f1 ab 7a 75 57 a9 12 dc 7f 14
    cc 62 e9 cb 99 6d 9d 93 65 f5 bd 83 38 89 77 83
    b9 9c 54 02 a3 21 24 11 67 26 d0 8a a1 3d 27 f5
    32 d7 a6 47 40 69 7a 1b e5 41 96 88 cc 8b 32 53
    64 80 f9 0f 25 c2 25 29 21 be c0 2b 79 76 97 3f
    52 31 4e 37 4c 22 88 a7 13 e4 17 40 51 f2 b4 5f
    80 bf f0 52 c2 65 46 cf c6 b6 57 2a 72 b0 f6 84
    23 a2 b7 fb f9 8d 1a 2b 70 11 19 0a 31 03 e0 39
    59 56 24 9a 2c 07 65 47 83 86 85 e4 00 14 4f 59
    e7 93 00 a5 5d 82 11 44 90 99 d7 58 d6 c9 67 04
    59 6a 73 38 a2 ab 82 d9 d7 9c 73 a6 25 fa e5 98
    ce 60 55 3f 6a 44 e0 1d 69 ab d0 15 0a ad d3 ec
    0d 5e 5c 73 fc 00 19 f1
<<< TLS 1.2, RecordHeader [length 0005]
    17 03 03 00 45
<<< TLS 1.3, InnerContent [length 0001]
    16
<<< TLS 1.3, Handshake [length 0034], Finished
    14 00 00 30 37 cc 93 22 87 64 c8 f6 8a 14 45 b4
    e1 3f a2 e7 c9 bf 2d fd 4c 4a 00 d8 3e 6a 50 7e
    ab 86 be 0a 01 6d 2c a6 34 62 b1 ae d9 68 1d ba
    c6 de a3 b5
>>> TLS 1.2, RecordHeader [length 0005]
    17 03 03 00 45
>>> TLS 1.2, InnerContent [length 0001]
    16
>>> TLS 1.3, Handshake [length 0034], Finished
    14 00 00 30 a2 3a 44 70 09 7e 85 ac 8d 01 d9 8f
    e9 79 fd b0 18 64 5e c5 c6 08 bc ae 7d a3 a1 d3
    1f 15 cd 36 d5 df fe c8 6b 71 1b c0 0d d4 1c 19
    8d d1 06 de
---
Certificate chain
 0 s:CN=server.example
   i:CN=Root CA
   a:PKEY: RSA, 2048 (bit); sigalg: sha256WithRSAEncryption
   v:NotBefore: Jan 14 22:29:46 2016 GMT; NotAfter: Jan 15 22:29:46 2116 GMT
---
Server certificate
-----BEGIN CERTIFICATE-----
MIIDJTCCAg2gAwIBAgIBAjANBgkqhkiG9w0BAQsFADASMRAwDgYDVQQDDAdSb290
IENBMCAXDTE2MDExNDIyMjk0NloYDzIxMTYwMTE1MjIyOTQ2WjAZMRcwFQYDVQQD
DA5zZXJ2ZXIuZXhhbXBsZTCCASIwDQYJKoZIhvcNAQEBBQADggEPADCCAQoCggEB
ANVdYGrf/GHuSKqMEUhDpW22Ul2qmEmxYZI1sfw6BCUMbXn/tNXJ6VwcO+Crs7h9
o95tveDd11q/FEcRQl6mgtBhwX/dE0bmCYUHDvLU/Bpk0gqtIKsga5bwrczEGVNV
3AEdpLPvirRJU12KBRzx3OFEv8XX4ncZV1yXC3XuiENxD8pswbSyUKd3RmxYDxG/
8XYkWq45QrdRZynh0FUwbxfkkeqt+CjCQ2+iZKn7nZiSYkg+6w1PgkqK/z9y7pa1
rqHBmLrvfZB1bf9aUp6r9cB+0IdD24UHBw99OHr90dPuZR3T6jlqhzfuStPgDW71
cKzCvfFu85KVXqnwoWWVk40CAwEAAaN9MHswHQYDVR0OBBYEFMDnhL/oWSczELBS
T1FSLwbWwHrNMB8GA1UdIwQYMBaAFHB/Lq6DaFmYBCMqzes+F80k3QFJMAkGA1Ud
EwQCMAAwEwYDVR0lBAwwCgYIKwYBBQUHAwEwGQYDVR0RBBIwEIIOc2VydmVyLmV4
YW1wbGUwDQYJKoZIhvcNAQELBQADggEBAHvTBEN1ig8RrsT716Ginv4gGNX0LzGI
RrZ1jO7lm5emuaPNYJpGw0iX5Zdo91qGNXPZaZ75X3S55pQTActq3OPEBOll2pyk
iyjz+Zp/v5cfRZLlBbFW5gv2R94eibYr4U3fSn4B0yPcl4xH/l/HzJhGDsSDW8qK
8VIJvmvsPwmL0JMCv+FR59F+NFYZdND/KCXet59WUpF9ICmFCoBEX3EyJXEPwhbi
X2sdPzJbCjx0HLli8e0HUKNttLQxCsBTRGo6iISLLamwN47mGDa9miBADwGSiz2q
YeeuLO02zToHhnQ6KbPXOrQAqcL1kngO4g+j/ru+4AZThFkdkGnltvk=
-----END CERTIFICATE-----
subject=CN=server.example
issuer=CN=Root CA
---
No client certificate CA names sent
Peer signing digest: SHA256
Peer signature type: rsa_pss_rsae_sha256
Negotiated TLS1.3 group: X25519MLKEM768
---
SSL handshake has read 2546 bytes and written 1702 bytes
Verification error: unable to verify the first certificate
---
New, TLSv1.3, Cipher is TLS_AES_256_GCM_SHA384
Protocol: TLSv1.3
Server public key is 2048 bit
This TLS version forbids renegotiation.
Compression: NONE
Expansion: NONE
No ALPN negotiated
Early data was not sent
Verify return code: 21 (unable to verify the first certificate)
---
>>> TLS 1.2, RecordHeader [length 0005]
    17 03 03 00 13
>>> TLS 1.2, InnerContent [length 0001]
    15
>>> TLS 1.3, Alert [length 0002], warning close_notify
    01 00
Connecting to 127.0.0.1
SSL_connect:before SSL initialization
SSL_connect:SSLv3/TLS write client hello
SSL_connect:SSLv3/TLS write client hello
SSL_connect:SSLv3/TLS read server hello
SSL_connect:SSLv3/TLS write change cipher spec
SSL_connect:SSLv3/TLS write client hello
SSL_connect:SSLv3/TLS write client hello
SSL_connect:SSLv3/TLS read server hello
Can't use SSL_get_servername
SSL_connect:TLSv1.3 read encrypted extensions
depth=0 CN=server.example
verify error:num=20:unable to get local issuer certificate
verify return:1
depth=0 CN=server.example
verify error:num=21:unable to verify the first certificate
verify return:1
depth=0 CN=server.example
verify return:1
SSL_connect:SSLv3/TLS read server certificate
SSL_connect:TLSv1.3 read server certificate verify
SSL_connect:SSLv3/TLS read finished
SSL_connect:SSLv3/TLS write finished
DONE
SSL3 alert write:warning:close notify
