CONNECTED(00000003)
>>> TLS 1.0, RecordHeader [length 0005]
    16 03 01 00 d6
>>> TLS 1.3, Handshake [length 00d6], ClientHello
    01 00 00 d2 03 03 e8 46 01 7e 22 21 b0 5e 77 33
    05 6c 10 9f 02 b6 26 e4 61 28 04 fa 59 ae a0 8c
    23 76 34 d9 eb 7f 20 bc 07 22 9f 25 81 86 11 0b
    63 7d 3b 31 9e 4e e1 63 5e a3 a0 9f b1 a1 c4 ba
    fb 1b 47 ad 88 21 b6 00 06 13 02 13 03 13 01 01
    00 00 83 00 0b 00 04 03 00 01 02 00 0a 00 06 00
    04 00 1d 11 ec 00 23 00 00 00 16 00 00 00 17 00
    00 00 0d 00 2a 00 28 09 05 09 06 09 04 04 03 05
    03 06 03 08 07 08 08 08 1a 08 1b 08 1c 08 09 08
    0a 08 0b 08 04 08 05 08 06 04 01 05 01 06 01 00
    2b 00 03 02 03 04 00 2d 00 02 01 01 00 33 00 26
    00 24 00 1d 00 20 13 e3 25 7e 57 55 cd 98 ba cc
    fc 7f da 74 1b 2c 4c 9c a1 09 92 95 4d a1 c4 47
    66 3f aa 8a f3 50
<<< TLS 1.2, RecordHeader [length 0005]
    16 03 03 00 58
<<< TLS 1.3, Handshake [length 0058], ServerHello
    02 00 00 54 03 03 cf 21 ad 74 e5 9a 61 11 be 1d
    8c 02 1e 65 b8 91 c2 a2 11 16 7a bb 8c 5e 07 9e
    09 e2 c8 a8 33 9c 20 bc 07 22 9f 25 81 86 11 0b
    63 7d 3b 31 9e 4e e1 63 5e a3 a0 9f b1 a1 c4 ba
    fb 1b 47 ad 88 21 b6 13 02 00 00 0c 00 2b 00 02
    03 04 00 33 00 02 11 ec
>>> TLS 1.2, RecordHeader [length 0005]
    14 03 03 00 01
>>> TLS 1.3, ChangeCipherSpec [length 0001]
    01
>>> TLS 1.2, RecordHeader [length 0005]
    16 03 03 05 76
>>> TLS 1.3, Handshake [length 0576], ClientHello
    01 00 05 72 03 03 e8 46 01 7e 22 21 b0 5e 77 33
    05 6c 10 9f 02 b6 26 e4 61 28 04 fa 59 ae a0 8c
    23 76 34 d9 eb 7f 20 bc 07 22 9f 25 81 86 11 0b
    63 7d 3b 31 9e 4e e1 63 5e a3 a0 9f b1 a1 c4 ba
    fb 1b 47 ad 88 21 b6 00 06 13 02 13 03 13 01 01
    00 05 23 00 0b 00 04 03 00 01 02 00 0a 00 06 00
    04 00 1d 11 ec 00 23 00 00 00 16 00 00 00 17 00
    00 00 0d 00 2a 00 28 09 05 09 06 09 04 04 03 05
    03 06 03 08 07 08 08 08 1a 08 1b 08 1c 08 09 08
    0a 08 0b 08 04 08 05 08 06 04 01 05 01 06 01 00
    2b 00 03 02 03 04 00 2d 00 02 01 01 00 33 04 c6
    04 c4 11 ec 04 c0 6f 65 cf 3b 09 44 f6 7a 1b 99
    19 ac ce 1b 01 e4 31 2e 9a 39 6c 3a ca 2f 26 c8
    c4 dd 40 c5 26 e6 51 d1 39 87 a4 51 24 82 07 14
    df 17 b4 1b da 3d ca 92 0b 97 68 0d 9f 95 13 c3
    61 a1 34 1b 8d 30 35 7e 94 60 2f 20 a7 a5 e4 77
    98 6f 7b 11 bb 62 72 68 2c a8 4a e5 3b 5f 03 28
    02 83 39 17 42 cf 46 06 28 8b 70 08 33 86 40 45
    f3 22 a2 1c 00 0b 49 7a 9e d9 8d 7a f3 85 dc 0c
    8a 38 72 12 c6 3c 3c ce 07 6d 6b a1 6e b3 31 5c
    91 2b 67 b1 84 42 e4 a9 15 55 15 23 bf 1b 80 61
    d6 61 20 d5 1a 9e 40 0e 2d 37 80 8d a6 89 03 84
    72 fb f3 85 17 79 60 a0 71 49 bd 16 69 72 eb 53
    3e d1 c5 71 f9 28 a4 22 c5 02 f1 1f 26 fc ac 9b
    59 9a 39 f5 ae c9 02 5c 61 f2 94 14 ab 6c f2 45
    25 67 ec 72 75 83 99 96 71 66 31 00 06 6e fc 20
    c0 08 12 63 2a 8b 44 b3 6a b9 66 92 dc 38 52 79
    85 1d b7 10 91 ee b9 20 2e ac 1a 44 96 02 ec c5
    95 0d 15 1b 95 23 4c 97 2a 77 4e 55 9d f1 59 67
    c1 e3 9e 71 da 86 26 b5 b9 44 d3 4c 51 47 83 86
    20 a3 52 97 58 a1 93 54 27 24 15 37 e9 84 f3 ac
    14 37 52 cb ed 6b 2c 4b 29 32 d4 c4 8c 4f 63 39
    ba d9 a6 f5 66 be 6a 8c 8e 29 64 cc fc f3 b8 44
    7a a0 ba 80 26 16 2c 55 e1 98 9e 56 b4 8a c9 f9
    36 c2 09 27 f1 73 a8 93 52 ad 01 80 a8 74 ac b7
    34 89 79 15 c2 55 57 32 5b a3 76 08 a0 bb 75 f5
    73 7d 9e 38 63 64 cc a3 21 1b 06 2f da a4 8d 57
    67 2b 0b 00 f5 51 6b f0 2b ab 53 c6 44 e5 33 4f
    32 53 5f 2a ac 52 94 2b 48 73 26 85 62 76 44 4c
    a3 c3 88 c0 8d 2a 66 25 63 53 1e 5c 47 b4 ae 24
    07 77 dc cb 52 24 5c c6 aa 4a e7 32 30 fb 8a 38
    ea 82 1c e4 35 c5 6b 9c ba 1e 2b 00 79 75 b6 ea
    67 96 fc c8 b4 54 04 62 a0 51 88 33 63 92 f2 1b
    5a 46 03 01 17 b9 3e e8 75 99 3c d5 b7 0f 90 5d
    f9 34 09 4f 29 c5 95 83 10 94 ca 35 fe cc 35 99
    b2 6e e0 13 a1 a4 c5 c9 37 43 73 bc 72 08 a2 d4
    1a 06 ec 51 a7 80 a8 ec 51 73 5d bb 06 9a e7 ce
    ea c7 c9 78 61 59 4f d5 8d d0 54 37 13 63 ac 4f
    02 60 9e b5 84 57 c8 65 ac 48 7e ae 42 2c 87 40
    30 a8 fa 44 e6 85 83 9c 85 46 c7 94 1c 57 e1 61
    aa 80 5d b1 21 8b 4f a3 af 97 e9 ce 5a 6a cc 4c
    e4 72 c7 93 6f fc 29 21 e8 d3 3d 01 7c cb 82 36
    7a 23 fa 67 4e 25 5e 8b 04 46 73 e1 c8 77 c4 90
    fc 28 66 66 c7 3d a2 64 b8 c3 28 bc e7 dc 69 cf
    61 51 d8 a0 41 fe 21 4d 07 e5 57 c6 b7 58 26 86
    37 5a f4 3d 91 27 31 ee 17 c8 b0 39 59 2a 86 1f
    19 f6 be cb fb 5e 5c e1 6d bf b6 95 80 f0 cf 49
    a0 70 35 eb 7a 38 c5 95 16 fc 11 ad 74 59 6e f8
    58 d0 96 a4 99 56 86 9b a8 c3 aa 70 67 32 70 cc
    ba 23 7c 5f 8c 8e cc f1 83 0b e2 1e ff 94 86 ec
    43 65 3b 28 64 86 b7 66 5d a8 c4 65 4b 6f 1f 47
    8c 92 e4 55 b7 63 a8 b0 eb 38 7e c0 bc 3e 84 16
    58 a4 37 00 87 1f 54 2c 2f 2b 4c 78 ac 30 7e 23
    00 5b f0 50 12 a8 9a 06 08 ea ab 72 ca bf 1e a6
    93 3a 95 10 8e b9 98 79 d5 6d 35 08 c6 06 2c 4a
    fd 60 cc 06 87 8c ed 84 25 1e d0 53 10 83 c1 be
    22 b6 dd ec 72 96 37 91 74 99 01 be 05 7e 6d f1
    70 d5 b2 38 d8 19 c1 02 34 92 ab 66 ae 6b 6b 05
    d3 65 00 5b d9 69 47 d4 95 7d c1 ac 41 71 ce 45
    8c 8a 88 e7 84 fc 8b 7a 91 d2 9f f1 1a a3 2f f0
    1a 78 71 5c 1d 2a ad 23 09 62 d2 5c 05 31 81 67
    3f aa 1b 9e 56 23 91 ca 31 b9 7a 8b e7 8a 49 6f
    45 53 07 fb c5 59 61 65 3d 2a 42 28 96 01 9e 73
    44 4a 5a 42 f0 32 1f e4 94 9b b1 cc 8f 69 c4 15
    d0 9b bf b2 e7 97 1e e5 69 0e 14 7c 87 2c be 21
    f5 ab 4a b2 1a a2 88 a3 e5 02 30 3a 1a ad 61 25
    6a 4c 3a 5c de 77 b7 b8 92 7f 4d 46 c6 2b da 31
    df bb 76 79 ec bd 2c 58 65 ea a5 2f e8 1b ba b9
    36 79 3e 67 40 eb 02 5a fb c1 4a 35 91 8a 7d 88
    55 6e 40 c5 0b 44 94 64 cc b4 ae a0 75 4d 43 93
    a6 d1 48 87 89 9a 2f d1 ac df f3 cb 69 94 5e 19
    10 b4 30 21 8e 43 97 6c 38 da a2 5a b2 4f ad ec
    64 fc bb 7d 8d 05 6a 15 a9 86 9e 7c 62 61 f4 bf
    be a8 65 b5 50 23 e3 3d 1f a9 5c 6d ed bf 61 4d
    8a d5 96 d6 c2 3b 48 4c 2e 17 27 91 d1 a7 81 1d
    ed 25 fa 2a 3a 2f fe 96 74 4a c5 99 63 2f 46 48
    35 e0 49 67 a7 2c bd f4 42 57 8b 01 fe 2e cd a4
    e7 a2 f2 2f f7 38
<<< TLS 1.2, RecordHeader [length 0005]
    14 03 03 00 01
<<< TLS 1.3, ChangeCipherSpec [length 0001]
    01
<<< TLS 1.2, RecordHeader [length 0005]
    16 03 03 04 ba
<<< TLS 1.3, Handshake [length 04ba], ServerHello
    02 00 04 b6 03 03 21 bc f0 2d 3d 0c 4e 6e a6 70
    34 65 a8 b0 45 52 8b d0 05 f5 c5 47 b4 ee 11 7c
    aa f5 94 08 a9 74 20 bc 07 22 9f 25 81 86 11 0b
    63 7d 3b 31 9e 4e e1 63 5e a3 a0 9f b1 a1 c4 ba
    fb 1b 47 ad 88 21 b6 13 02 00 04 6e 00 2b 00 02
    03 04 00 33 04 64 11 ec 04 60 d7 3e a0 d2 9b 79
    81 8b f4 06 c2 5d e8 b7 f1 6e 69 5f d1 4c 44 59
    43 1e 99 7d 34 39 17 3d 17 0b d2 fd b8 13 b9 7e
    24 9a 4b 37 11 26 5c e2 f0 c9 e6 a5 aa 05 e2 63
    3f a7 5d 57 83 eb 8f 2e e3 1f c8 b0 78 3c 03 7c
    5a 1a eb 84 57 e7 7a ca 43 6d 25 d7 76 d8 32 43
    2d 46 26 b6 f2 e7 e0 d5 ac c1 61 b8 7b 6e e6 0c
    af 4e 22 1b 86 74 65 39 e9 11 59 53 0d 7e 7e 68
    72 90 e1 fe 6b 2f 18 be 7b 95 4e d9 a9 59 e1 f9
    52 0d 4a fc d9 eb 19 59 bb 41 06 4f 20 a8 b3 8c
    6b 29 2a cd 9c 36 59 75 34 cc 17 a7 ce af 5d ab
    2a be c0 cb b7 9f 7a dc 51 ca 87 b2 fd 7f 4b 04
    b2 f9 67 a1 57 dd fc 26 9c 5c 2d 68 a0 ee 17 f6
    99 5d f7 71 c8 d7 a0 29 1e 18 0c a2 ac 1b 88 65
    35 ce 89 9c cf ff eb 32 8a bc e7 6f 88 f1 0e 4c
    18 52 51 cd 27 02 6c b0 7b 0d 27 07 ea 28 d2 a3
    48 b0 66 b2 ea ef 17 3c c7 83 59 b0 b1 3f 93 72
    77 3d 12 27 4b ae 02 42 b6 f4 f5 06 84 74 d4 60
    b8 29 14 c9 0f 32 83 78 05 f0 f8 d0 0e f4 a8 6e
    d5 b4 60 61 56 cf d6 99 02 0a 3d f8 d3 f0 54 38
    fe e0 4c 08 73 84 9d bc 82 15 a5 eb 5b 12 82 ce
    79 9e e8 3a eb f9 85 9a e5 e0 ea 38 bd bc 5d 4e
    3b ed b4 6f 9e c7 ba ac 47 b7 d6 90 b6 11 98 24
    43 16 45 7c 84 8f 49 51 19 eb 1f ff 47 1b 36 dc
    c6 14 68 db 2b ac d0 24 92 de d6 c6 ff d9 ba 85
    4a be 62 d2 f0 ae 09 16 c9 32 bf fe 7e 90 9c d3
    39 d3 bd 47 3b 0e ba 3f c9 4c 60 56 41 57 77 28
    b1 5f c9 80 ba 88 73 05 14 22 cf 2e 8e fa 73 f9
    e1 c0 38 b8 eb d4 c6 ea 0e 8f de 9b db 21 76 3e
    83 e4 54 7d b8 00 4a 15 e1 6a 62 13 14 95 6d 7e
    71 89 6e 59 43 f7 4a 37 34 6a 14 54 5f 13 89 b0
    b9 43 17 62 16 83 95 51 09 44 2a 3f b8 49 6a f4
    04 80 60 ff 83 af 21 c4 31 f7 9b 5a df 3f f9 b0
    46 14 ec 7d f1 4c 4a 97 f4 d5 85 56 c7 72 ce 96
    1f 20 aa cc 58 8b 6c 48 f6 b5 7e ec 37 f2 7d 5c
    74 1d 4d 71 6e f4 9e 48 17 6f ac 05 6d 78 77 92
    d8 66 b9 5f c4 13 9c d9 e5 0b b0 c7 93 3d c4 1d
    d7 73 27 0b b2 6b 2f dd 37 f5 d3 46 92 80 6e a2
    83 00 1d 58 62 03 77 99 d1 b9 48 00 ab df 8e 39
    62 b4 30 7a 34 bc b0 a0 7a ea 84 d0 0a ce c4 78
    5e 66 1a a9 b1 9f 34 32 26 93 c1 a5 d8 65 42 18
    32 34 09 23 b2 45 23 3d 50 55 67 89 5c e6 6d bd
    f1 ad 28 41 26 d4 7f 21 6d b3 f3 da d6 45 5a b7
    36 82 6f 72 15 36 00 41 0e 26 5a 4e 93 6a 63 90
    16 c2 fe d8 05 e3 5b a8 5e 8f 5a 1e e4 12 0e 2c
    9f aa 40 28 b4 72 22 a9 88 ac 03 91 4b e7 b0 d4
    7d de 29 e6 d0 aa 8c 1f 61 0c 70 3c df bd 2f 91
    96 1b 59 c2 37 59 9c f4 7b ed d7 ef 5b f8 9f dd
    52 5b 9a 0f 7a 90 e3 b5 3f 99 62 42 4a 51 fe 74
    9a 5f 01 9c 4b a8 b8 09 fa fb cf aa 46 96 6c 51
    62 dc cd f1 20 4a 1a 71 da 1a e7 95 df f4 c5 a7
    1a 80 aa 27 1c 6b ec f0 75 16 45 31 28 08 69 5d
    c9 9e 48 01 62 d4 7c 9e 4d 10 a2 dd 5d bc c9 0e
    c1 88 9d 5b f8 33 62 dd 72 90 e0 4d f4 4d 52 b5
    65 fc d0 ac 78 f0 f4 8f e2 1f af 42 0a 25 a6 46
    af 07 89 9d 5d 09 d4 35 c9 5a 56 08 18 0e 6b e4
    48 50 37 a0 fe 34 d4 81 f2 14 c9 b5 cf af 90 1f
    5e b7 b0 b6 17 ec b3 5b da bc 76 16 39 41 8b 27
    4e a3 a4 50 81 2f 07 38 2b 53 02 07 cf cf d5 cc
    e1 d0 94 cd 1a 75 58 92 04 e4 c2 3e 9c 3c 5c 76
    4a dd 50 e2 88 4e 89 3b 7d 14 b2 12 ac 0d 80 68
    94 48 3d 38 b6 c7 d9 bb 35 16 c2 62 29 69 1f 32
    05 f4 e3 9d cd 73 f1 6e 63 5f a2 3b d7 ae 06 3f
    84 be 98 01 47 5c 6b 3a e6 01 47 17 c4 21 e5 ca
    e2 4f e8 0a 64 12 43 c2 6e 0c e7 54 86 80 7c 20
    bf 71 d2 fa 96 13 e0 77 2a 5c 80 64 19 50 28 ac
    19 6d 59 bb 7e 89 e2 bb ba 34 30 4a 64 16 fe 4e
    93 6a fb 1f 1d 9b a0 c2 9b c1 f2 06 0f 07 75 bc
    81 d4 c2 6a 4d 1c 29 6b 41 ed 1a 4f 18 47 96 71
    f5 bb 7a 39 1b cb d0 50 3d cf f8 c9 a0 3b 79 ca
    de e0 2b ec 2c 1d 10 3d 30 0a
<<< TLS 1.2, RecordHeader [length 0005]
    17 03 03 00 17
<<< TLS 1.3, InnerContent [length 0001]
    16
<<< TLS 1.3, Handshake [length 0006], EncryptedExtensions
    08 00 00 02 00 00
<<< TLS 1.2, RecordHeader [length 0005]
    17 03 03 03 47
<<< TLS 1.3, InnerContent [length 0001]
    16
<<< TLS 1.3, Handshake [length 0336], Certificate
    0b 00 03 32 00 00 03 2e 00 03 29 30 82 03 25 30
    82 02 0d a0 03 02 01 02 02 01 02 30 0d 06 09 2a
    86 48 86 f7 0d 01 01 0b 05 00 30 12 31 10 30 0e
    06 03 55 04 03 0c 07 52 6f 6f 74 20 43 41 30 20
    17 0d 31 36 30 31 31 34 32 32 32 39 34 36 5a 18
    0f 32 31 31 36 30 31 31 35 32 32 32 39 34 36 5a
    30 19 31 17 30 15 06 03 55 04 03 0c 0e 73 65 72
    76 65 72 2e 65 78 61 6d 70 6c 65 30 82 01 22 30
    0d 06 09 2a 86 48 86 f7 0d 01 01 01 05 00 03 82
    01 0f 00 30 82 01 0a 02 82 01 01 00 d5 5d 60 6a
    df fc 61 ee 48 aa 8c 11 48 43 a5 6d b6 52 5d aa
    98 49 b1 61 92 35 b1 fc 3a 04 25 0c 6d 79 ff b4
    d5 c9 e9 5c 1c 3b e0 ab b3 b8 7d a3 de 6d bd e0
    dd d7 5a bf 14 47 11 42 5e a6 82 d0 61 c1 7f dd
    13 46 e6 09 85 07 0e f2 d4 fc 1a 64 d2 0a ad 20
    ab 20 6b 96 f0 ad cc c4 19 53 55 dc 01 1d a4 b3
    ef 8a b4 49 53 5d 8a 05 1c f1 dc e1 44 bf c5 d7
    e2 77 19 57 5c 97 0b 75 ee 88 43 71 0f ca 6c c1
    b4 b2 50 a7 77 46 6c 58 0f 11 bf f1 76 24 5a ae
    39 42 b7 51 67 29 e1 d0 55 30 6f 17 e4 91 ea ad
    f8 28 c2 43 6f a2 64 a9 fb 9d 98 92 62 48 3e eb
    0d 4f 82 4a 8a ff 3f 72 ee 96 b5 ae a1 c1 98 ba
    ef 7d 90 75 6d ff 5a 52 9e ab f5 c0 7e d0 87 43
    db 85 07 07 0f 7d 38 7a fd d1 d3 ee 65 1d d3 ea
    39 6a 87 37 ee 4a d3 e0 0d 6e f5 70 ac c2 bd f1
    6e f3 92 95 5e a9 f0 a1 65 95 93 8d 02 03 01 00
    01 a3 7d 30 7b 30 1d 06 03 55 1d 0e 04 16 04 14
    c0 e7 84 bf e8 59 27 33 10 b0 52 4f 51 52 2f 06
    d6 c0 7a cd 30 1f 06 03 55 1d 23 04 18 30 16 80
    14 70 7f 2e ae 83 68 59 98 04 23 2a cd eb 3e 17
    cd 24 dd 01 49 30 09 06 03 55 1d 13 04 02 30 00
    30 13 06 03 55 1d 25 04 0c 30 0a 06 08 2b 06 01
    05 05 07 03 01 30 19 06 03 55 1d 11 04 12 30 10
    82 0e 73 65 72 76 65 72 2e 65 78 61 6d 70 6c 65
    30 0d 06 09 2a 86 48 86 f7 0d 01 01 0b 05 00 03
    82 01 01 00 7b d3 04 43 75 8a 0f 11 ae c4 fb d7
    a1 a2 9e fe 20 18 d5 f4 2f 31 88 46 b6 75 8c ee
    e5 9b 97 a6 b9 a3 cd 60 9a 46 c3 48 97 e5 97 68
    f7 5a 86 35 73 d9 69 9e f9 5f 74 b9 e6 94 13 01
    cb 6a dc e3 c4 04 e9 65 da 9c a4 8b 28 f3 f9 9a
    7f bf 97 1f 45 92 e5 05 b1 56 e6 0b f6 47 de 1e
    89 b6 2b e1 4d df 4a 7e 01 d3 23 dc 97 8c 47 fe
    5f c7 cc 98 46 0e c4 83 5b ca 8a f1 52 09 be 6b
    ec 3f 09 8b d0 93 02 bf e1 51 e7 d1 7e 34 56 19
    74 d0 ff 28 25 de b7 9f 56 52 91 7d 20 29 85 0a
    80 44 5f 71 32 25 71 0f c2 16 e2 5f 6b 1d 3f 32
    5b 0a 3c 74 1c b9 62 f1 ed 07 50 a3 6d b4 b4 31
    0a c0 53 44 6a 3a 88 84 8b 2d a9 b0 37 8e e6 18
    36 bd 9a 20 40 0f 01 92 8b 3d aa 61 e7 ae 2c ed
    36 cd 3a 07 86 74 3a 29 b3 d7 3a b4 00 a9 c2 f5
    92 78 0e e2 0f a3 fe bb be e0 06 53 84 59 1d 90
    69 e5 b6 f9 00 00
<<< TLS 1.2, RecordHeader [length 0005]
    17 03 03 01 19
<<< TLS 1.3, InnerContent [length 0001]
    16
<<< TLS 1.3, Handshake [length 0108], CertificateVerify
    0f 00 01 04 08 04 01 00 53 42 42 99 1b 97 46 8e
    bd 5f 7a 4c c5 c4 a9 35 08 02 c3 ce 41 63 64 1f
    21 a9 8e 82 61 86 7c 19 81 5e 63 1a 17 21 b9 54
    51 d5 95 fd 85 b1 31 3e 5e 12 33 f5 68 2b 99 33
    c4 d6 32 ec aa 3c e5 f2 58 dd 8b c9 e1 c5 59 14
    ea 5b 52 c4 69 01 e8 3b 2f dd cb 09 31 12 a7 5a
    b1 ed 8e 7b d6 15 9d d0 f7 1e cd 48 fd c9 9e 42
    93 13 d0 45 41 11 43 47 aa 47 f0 12 03 d6 2a c6
    b7 29 92 ad 97 76 63 c7 b1 3f c1 fa 87 3a 4e 35
    2e 41 01 a9 fd 3c be c6 dc d0 33 da a8 f1 94 f5
    ec df 03 73 88 9f 4c 1e 67 d0 c4 3d ee 3b a1 45
    b2 38 09 40 e2 fa 53 e8 d3 62 fe 86 2a ab fa 10
    94 e2 a3 d6 d9 5e 60 e6 40 a6 bb c2 7b 7f 08 d6
    a2 44 07 52 c3 67 07 ba e7 94 ec d6 5c b3 46 a7
    84 d9 50 f3 56 d9 5d 46 e8 9d b4 c7 49 2a 5f 05
    ce 7b cf 2d 16 04 1f da c2 98 2a ed 9c 35 32 97
    85 80 e4 99 73 19 45 f1
<<< TLS 1.2, RecordHeader [length 0005]
    17 03 03 00 45
<<< TLS 1.3, InnerContent [length 0001]
    16
<<< TLS 1.3, Handshake [length 0034], Finished
    14 00 00 30 e8 63 80 99 a3 3f b0 f9 57 b9 87 55
    2a 31 c3 d1 b2 86 fe 91 95 42 09 51 39 0d 39 e5
    3c 3e 79 b8 54 84 55 dd f2 d6 35 b6 0f a1 0d ce
    03 a0 ca 11
>>> TLS 1.2, RecordHeader [length 0005]
    17 03 03 00 45
>>> TLS 1.2, InnerContent [length 0001]
    16
>>> TLS 1.3, Handshake [length 0034], Finished
    14 00 00 30 f6 b6 85 11 97 54 e9 01 6c c0 e4 3e
    75 28 4f b6 77 ed 2d 08 7c 0a fa 06 be 18 d2 0c
    a2 72 a6 51 f6 b3 db 48 aa 8a b0 74 25 3e 2a 1b
    f7 bf 6c 1d
---
Certificate chain
 0 s:CN=server.example
   i:CN=Root CA
   a:PKEY: RSA, 2048 (bit); sigalg: sha256WithRSAEncryption
   v:NotBefore: Jan 14 22:29:46 2016 GMT; NotAfter: Jan 15 22:29:46 2116 GMT
---
Server certificate
-----BEGIN CERTIFICATE-----
MIIDJTCCAg2gAwIBAgIBAjANBgkqhkiG9w0BAQsFADASMRAwDgYDVQQDDAdSb290
IENBMCAXDTE2MDExNDIyMjk0NloYDzIxMTYwMTE1MjIyOTQ2WjAZMRcwFQYDVQQD
DA5zZXJ2ZXIuZXhhbXBsZTCCASIwDQYJKoZIhvcNAQEBBQADggEPADCCAQoCggEB
ANVdYGrf/GHuSKqMEUhDpW22Ul2qmEmxYZI1sfw6BCUMbXn/tNXJ6VwcO+Crs7h9
o95tveDd11q/FEcRQl6mgtBhwX/dE0bmCYUHDvLU/Bpk0gqtIKsga5bwrczEGVNV
3AEdpLPvirRJU12KBRzx3OFEv8XX4ncZV1yXC3XuiENxD8pswbSyUKd3RmxYDxG/
8XYkWq45QrdRZynh0FUwbxfkkeqt+CjCQ2+iZKn7nZiSYkg+6w1PgkqK/z9y7pa1
rqHBmLrvfZB1bf9aUp6r9cB+0IdD24UHBw99OHr90dPuZR3T6jlqhzfuStPgDW71
cKzCvfFu85KVXqnwoWWVk40CAwEAAaN9MHswHQYDVR0OBBYEFMDnhL/oWSczELBS
T1FSLwbWwHrNMB8GA1UdIwQYMBaAFHB/Lq6DaFmYBCMqzes+F80k3QFJMAkGA1Ud
EwQCMAAwEwYDVR0lBAwwCgYIKwYBBQUHAwEwGQYDVR0RBBIwEIIOc2VydmVyLmV4
YW1wbGUwDQYJKoZIhvcNAQELBQADggEBAHvTBEN1ig8RrsT716Ginv4gGNX0LzGI
RrZ1jO7lm5emuaPNYJpGw0iX5Zdo91qGNXPZaZ75X3S55pQTActq3OPEBOll2pyk
iyjz+Zp/v5cfRZLlBbFW5gv2R94eibYr4U3fSn4B0yPcl4xH/l/HzJhGDsSDW8qK
8VIJvmvsPwmL0JMCv+FR59F+NFYZdND/KCXet59WUpF9ICmFCoBEX3EyJXEPwhbi
X2sdPzJbCjx0HLli8e0HUKNttLQxCsBTRGo6iISLLamwN47mGDa9miBADwGSiz2q
YeeuLO02zToHhnQ6KbPXOrQAqcL1kngO4g+j/ru+4AZThFkdkGnltvk=
-----END CERTIFICATE-----
subject=CN=server.example
issuer=CN=Root CA
---
No client certificate CA names sent
Peer signing digest: SHA256
Peer signature type: rsa_pss_rsae_sha256
Negotiated TLS1.3 group: X25519MLKEM768
---
SSL handshake has read 2546 bytes and written 1702 bytes
Verification error: unable to verify the first certificate
---
New, TLSv1.3, Cipher is TLS_AES_256_GCM_SHA384
Protocol: TLSv1.3
Server public key is 2048 bit
This TLS version forbids renegotiation.
Compression: NONE
Expansion: NONE
No ALPN negotiated
Early data was not sent
Verify return code: 21 (unable to verify the first certificate)
---
>>> TLS 1.2, RecordHeader [length 0005]
    17 03 03 00 13
>>> TLS 1.2, InnerContent [length 0001]
    15
>>> TLS 1.3, Alert [length 0002], warning close_notify
    01 00
Connecting to 127.0.0.1
SSL_connect:before SSL initialization
SSL_connect:SSLv3/TLS write client hello
SSL_connect:SSLv3/TLS write client hello
SSL_connect:SSLv3/TLS read server hello
SSL_connect:SSLv3/TLS write change cipher spec
SSL_connect:SSLv3/TLS write client hello
SSL_connect:SSLv3/TLS write client hello
SSL_connect:SSLv3/TLS read server hello
Can't use SSL_get_servername
SSL_connect:TLSv1.3 read encrypted extensions
depth=0 CN=server.example
verify error:num=20:unable to get local issuer certificate
verify return:1
depth=0 CN=server.example
verify error:num=21:unable to verify the first certificate
verify return:1
depth=0 CN=server.example
verify return:1
SSL_connect:SSLv3/TLS read server certificate
SSL_connect:TLSv1.3 read server certificate verify
SSL_connect:SSLv3/TLS read finished
SSL_connect:SSLv3/TLS write finished
DONE
SSL3 alert write:warning:close notify
