CONNECTED(00000003)
>>> TLS 1.0, RecordHeader [length 0005]
    16 03 01 00 d6
>>> TLS 1.3, Handshake [length 00d6], ClientHello
    01 00 00 d2 03 03 ec fc dd 61 05 1d bf 91 a5 84
    2e 7a 29 15 57 5d 9e 3e 18 a6 d8 83 98 0b 31 22
    24 5b 2e c4 c3 d6 20 4f 94 dd a4 b1 c3 e3 07 6c
    47 b3 55 6e 36 16 1a 8a e1 2c f8 6f 13 65 5f de
    88 f7 28 0b f4 89 73 00 06 13 02 13 03 13 01 01
    00 00 83 00 0b 00 04 03 00 01 02 00 0a 00 06 00
    04 00 1d 11 ec 00 23 00 00 00 16 00 00 00 17 00
    00 00 0d 00 2a 00 28 09 05 09 06 09 04 04 03 05
    03 06 03 08 07 08 08 08 1a 08 1b 08 1c 08 09 08
    0a 08 0b 08 04 08 05 08 06 04 01 05 01 06 01 00
    2b 00 03 02 03 04 00 2d 00 02 01 01 00 33 00 26
    00 24 00 1d 00 20 97 d0 cc 49 06 69 b4 39 d5 07
    d6 e5 85 3d 57 4b 9e 71 8c d4 59 27 70 57 5b 5a
    42 b7 93 8b f0 22
<<< TLS 1.2, RecordHeader [length 0005]
    16 03 03 00 58
<<< TLS 1.3, Handshake [length 0058], ServerHello
    02 00 00 54 03 03 cf 21 ad 74 e5 9a 61 11 be 1d
    8c 02 1e 65 b8 91 c2 a2 11 16 7a bb 8c 5e 07 9e
    09 e2 c8 a8 33 9c 20 4f 94 dd a4 b1 c3 e3 07 6c
    47 b3 55 6e 36 16 1a 8a e1 2c f8 6f 13 65 5f de
    88 f7 28 0b f4 89 73 13 02 00 00 0c 00 2b 00 02
    03 04 00 33 00 02 11 ec
>>> TLS 1.2, RecordHeader [length 0005]
    14 03 03 00 01
>>> TLS 1.3, ChangeCipherSpec [length 0001]
    01
>>> TLS 1.2, RecordHeader [length 0005]
    16 03 03 05 76
>>> TLS 1.3, Handshake [length 0576], ClientHello
    01 00 05 72 03 03 ec fc dd 61 05 1d bf 91 a5 84
    2e 7a 29 15 57 5d 9e 3e 18 a6 d8 83 98 0b 31 22
    24 5b 2e c4 c3 d6 20 4f 94 dd a4 b1 c3 e3 07 6c
    47 b3 55 6e 36 16 1a 8a e1 2c f8 6f 13 65 5f de
    88 f7 28 0b f4 89 73 00 06 13 02 13 03 13 01 01
    00 05 23 00 0b 00 04 03 00 01 02 00 0a 00 06 00
    04 00 1d 11 ec 00 23 00 00 00 16 00 00 00 17 00
    00 00 0d 00 2a 00 28 09 05 09 06 09 04 04 03 05
    03 06 03 08 07 08 08 08 1a 08 1b 08 1c 08 09 08
    0a 08 0b 08 04 08 05 08 06 04 01 05 01 06 01 00
    2b 00 03 02 03 04 00 2d 00 02 01 01 00 33 04 c6
    04 c4 11 ec 04 c0 32 5b 25 04 a6 55 0f d4 33 2f
    89 27 51 2c 88 db 38 25 9c c4 c0 2d a1 30 00 8a
    34 a4 b6 4a 1c 8b ab de e2 c6 3f 26 80 67 38 9a
    f6 0c 4a b3 a9 88 05 f4 be 0e f6 36 bd 87 07 f1
    3c 49 0b 87 c3 5c 89 35 46 23 a5 e7 79 02 73 90
    1b 66 6c 7e 06 04 a5 d5 d7 90 22 09 a0 98 2a 06
    62 92 89 b9 19 3d e6 59 05 dc d6 83 a6 e1 67 2f
    8a ac b7 66 5e 9d 42 c7 ad c5 8b f9 0c 3d ee 70
    29 3b 44 4e 16 a4 6b fa 56 ca f9 30 25 81 f4 52
    6b d1 01 a7 00 a5 ce 2b a9 b6 d4 ae a8 7c 1a 39
    c3 a1 3d 57 6b 73 3b 48 f4 5c 37 df 4c 56 b0 91
    ae f5 95 70 5d 05 32 2d a1 97 93 b3 36 20 20 ae
    50 4a 39 12 55 8f 8a 29 39 a7 29 06 c5 7a 5b e7
    73 ad f1 31 38 3e 99 aa 17 5b 62 e9 ac 2e a8 e0
    74 6b 32 20 f8 54 7d 17 62 1d 8a 43 0f 50 aa bc
    5e fc 39 ef 0b 36 df 64 b6 7b 34 97 9a 2a b0 68
    3a c7 82 bb 73 1a a6 8c 1b 4a 10 9e 04 52 27 9a
    a6 97 d0 94 7a a1 a2 90 c1 a3 52 36 c3 e2 da 64
    06 65 c8 2f d8 bb d8 03 0b bc e2 17 51 87 9f 1b
    a0 80 78 6a 2a 95 09 28 8e 39 1e 96 e5 1d e5 ea
    aa 3c 36 6a dd 34 08 c6 f7 8b 31 7c 5e f0 52 3a
    4b 96 4c 2b 3b 2d 89 c2 03 f7 3c 12 12 c9 22 96
    91 5c fc 72 ce 19 4c ab 76 34 2d 45 90 83 a1 a7
    96 4f 56 15 c7 e3 0d 26 31 a3 ad 05 04 f4 81 82
    66 91 4a a3 08 3f 56 05 b9 d0 93 58 30 08 be 33
    fc 59 ba 40 94 73 29 8a 58 96 67 ff 90 7e aa b3
    0f 68 60 c7 50 31 83 1d c5 1f 35 62 b5 21 f5 5d
    b1 8a 2c 13 c2 9f 93 54 3d ac 44 92 b4 bb be 28
    79 07 c0 86 3c 94 87 7d 11 39 9f e6 81 13 06 ca
    5c 20 3c c8 3c 71 96 32 b5 27 c8 ea a2 fc e2 5d
    a6 eb bc 98 d4 b9 e8 d2 68 05 d8 77 5f 16 80 9a
    81 a9 00 86 63 be ec 5e f5 7b 22 c4 5b 10 38 e2
    33 77 54 59 02 79 a8 ed e8 8f bf 73 54 80 43 4a
    76 2b 4a f1 5c 29 00 44 3a f5 0c 27 9a c2 4f a2
    63 3c 2b 2b 04 a6 f7 1f 55 5a 93 6c 89 50 01 85
    8d c2 a9 1c 38 08 44 e8 66 3d 02 27 2a 78 6c a4
    1a 11 73 49 00 8f e8 d4 11 4c 29 9e 4c 09 c1 96
    8a 44 a5 73 9e ad 7b 8e f4 27 93 79 ca ac bc 71
    4e c7 3b 69 50 16 59 66 eb 9b 30 14 58 17 39 6a
    0d f9 b8 b5 88 83 9f 68 76 e2 09 c0 0f 20 af ac
    62 3f aa 68 0b b4 da 16 5e 65 54 39 95 a1 30 ba
    26 38 b7 4e c8 69 0c 40 45 44 55 50 01 95 56 1d
    35 79 51 82 63 50 6b ec c8 36 a7 11 6e fa 15 6e
    23 94 93 bb 10 2d d8 5b 85 6a ad d0 58 70 fd 29
    41 5d 0c 44 c3 42 bb a6 a2 3c 10 93 3d 8e 04 7b
    03 43 21 a5 98 a5 b7 61 c4 ba 27 70 cf 9b 82 08
    38 4e 09 74 71 a6 1b 14 4e 56 91 fa f3 79 c1 13
    1b 9a b4 bf 01 f4 0a 46 1a 4d 06 d8 0f 64 51 01
    74 02 97 65 84 4b c6 f3 17 27 66 a9 46 7a 50 36
    22 0f b2 78 a4 ce 54 54 e2 f1 01 56 84 4e e5 35
    aa f5 2b b6 83 95 20 21 a8 b8 ff b7 07 11 ec 45
    e0 54 ba cc a6 28 82 1a 4d cc 25 ae 5b 90 92 38
    07 82 c3 83 6b a7 7c 2e 08 62 70 06 b2 13 a3 11
    3d ae f1 06 9c 13 b2 08 c7 94 13 94 08 7a e3 70
    2e 49 2b 43 cb c1 f3 4b 21 9e 17 3f 22 4c b6 cd
    31 51 8e 49 0a 35 5b bb 41 64 b1 b6 70 0f ac 82
    6c a7 ea 10 d9 5b 02 47 d7 ae 55 65 30 76 61 a3
    a8 e1 1e 3d 34 9d da 0c 02 41 63 a1 af 5a 97 78
    9b 5c 10 44 9a d6 f5 a0 e1 e0 24 b2 50 66 2a 39
    78 0b d8 88 b1 ca 39 c9 e1 2d 3c 93 2e d8 00 06
    91 57 9a 6e b6 95 b5 aa 02 5c c9 82 54 49 bd 25
    f5 0d 9d 71 27 61 35 6a ad b4 89 62 b4 7a a6 e0
    5b db d6 a7 67 31 0f d7 ba 09 5b 43 b4 3e 4a 02
    34 75 ba 0c 22 9f dc 44 b8 64 c1 a3 4c 77 08 8d
    77 72 b8 b8 bd 72 f6 6c 78 23 69 d9 b3 28 02 27
    cc c5 d3 85 c2 b2 cc b4 d7 57 55 14 25 a1 98 a3
    25 b7 b5 43 b0 b4 f8 76 cf ed c3 05 37 8b 35 b2
    ab 77 d7 79 bd ff 6c 19 96 62 ac 19 48 38 3d f6
    ca 96 0b 0a ef dc 0b 4d c4 15 5a f3 6c 20 88 31
    b6 c9 26 53 41 46 78 85 80 a4 68 c3 e8 a1 75 69
    5b c2 6a 90 ca 87 46 08 00 c8 5c 22 13 a3 3f f3
    70 c1 7a 10 54 bc 00 13 44 30 92 49 67 9e 60 6e
    64 85 91 e3 f1 c0 99 6b 14 0b 88 66 17 78 65 28
    14 86 44 f7 35 bd 43 59 56 25 a4 d5 db 3c 8d a5
    16 e2 35 88 dd 21 50 9b ce 32 79 ad 80 44 0b bb
    0d 11 60 14 af e7 e8 8b f6 f3 d7 b7 19 42 f6 59
    fd 11 18 46 e9 48
<<< TLS 1.2, RecordHeader [length 0005]
    14 03 03 00 01
<<< TLS 1.3, ChangeCipherSpec [length 0001]
    01
<<< TLS 1.2, RecordHeader [length 0005]
    16 03 03 04 ba
<<< TLS 1.3, Handshake [length 04ba], ServerHello
    02 00 04 b6 03 03 62 94 76 cc 09 7f 53 4f 65 d7
    fc d7 f6 81 cc c3 f5 93 4f 22 e3 e9 26 7f b0 3d
    e2 14 b8 3e cb b1 20 4f 94 dd a4 b1 c3 e3 07 6c
    47 b3 55 6e 36 16 1a 8a e1 2c f8 6f 13 65 5f de
    88 f7 28 0b f4 89 73 13 02 00 04 6e 00 2b 00 02
    03 04 00 33 04 64 11 ec 04 60 17 ca dc d1 89 b8
    0c 76 b2 2a 5b 94 6c 8d 1f 47 a6 91 7e 88 34 47
    3e 14 48 67 e7 af c2 8d 32 27 6e 15 91 de 96 37
    22 ed 86 3b d3 77 a4 c5 1b 0a 1c ee 10 c5 7d ef
    ca fd 88 ed b5 9c d8 e7 c0 61 7c 3f 72 93 0f cd
    6e 80 c0 7d f0 c5 74 c0 85 3a f0 09 a4 91 a1 76
    40 9d 34 cb 92 d7 32 6b 49 19 45 7e b1 c4 7d ab
    e6 ff a0 a0 ac db a6 3e 11 12 69 13 83 55 61 8a
    0d 72 55 3a c6 d0 eb e1 e5 e8 7f d4 6a d3 a8 aa
    3e ae 90 df 0e 2c ed 94 0f 4f f5 5c 86 57 f9 8f
    a8 2b 09 b0 47 27 d0 2d c9 29 11 f9 75 7a 4e e5
    8f 3d c4 c5 d5 02 cf 26 c1 21 4f a4 58 e8 91 33
    1a 77 48 55 db 9f 53 46 33 a0 d0 ce 1d be 3f 10
    10 10 e1 34 b4 cb ec d8 07 04 d3 b7 01 67 6a ec
    85 68 77 b3 79 0f 86 43 dd 7b 32 1a a8 6c 2d ce
    d2 90 a0 02 75 26 2a 94 4f e9 7a ed 0d 50 d0 74
    b3 0f de c5 08 18 e0 f2 d4 80 0c cd 60 0e 27 f6
    e8 a5 2d 10 c1 81 35 c0 cf 72 40 cb 32 36 0d e8
    0f cc 61 3b 3c e2 c2 70 49 a3 65 21 ee 4e 01 04
    0f 6e e3 cf 2f 7a 24 56 11 68 b6 93 5c 3d f3 45
    5b 35 85 36 98 61 18 ad 0a 0b af f7 3f 7c 49 71
    ac b3 19 2c 13 b5 c9 fe 39 fa 85 13 6a 1a 13 df
    e4 25 14 61 1c 2e 46 3c 68 76 a3 b8 cb 8f 4a 10
    53 3f 84 4f fc 55 59 48 11 cb 60 e3 c9 0f 68 7e
    c8 6e 2f ac 07 14 b7 b2 e4 81 5d d3 b1 da 4c 20
    58 8a d2 cc e0 5c 9e 42 9b 0f 49 b8 cb 08 99 f1
    52 12 9a 43 c1 55 7f 28 08 e6 4a 37 c9 a6 73 f3
    b7 f8 50 4b 4b 5f 53 5d b1 a5 03 1d e5 e6 d7 29
    5e da e4 e3 ed 7d 3b e5 da 46 6a de c7 90 53 71
    84 76 f5 95 d6 10 54 49 56 51 37 b1 b9 c2 27 84
    87 20 76 2d 43 5a 56 fe 17 1d f1 e4 f8 5d 99 34
    ba 45 60 21 04 64 3d 57 33 9f 89 34 8e 32 f1 98
    d1 78 8a c0 6f 3d 4b 14 20 9f bd fc 6d 4c 79 33
    2e 07 27 1a 44 9d f1 61 52 0f 9c 08 c1 09 a5 d4
    09 48 f2 28 65 6b bf 61 5e 26 4a 74 8b bf 28 9d
    ac fb bc bc b8 75 e0 87 a7 46 22 49 1c df c3 8a
    53 44 e4 34 50 7d 51 3c fa 1d ea 83 86 f4 d1 fc
    7e 69 c3 de 78 3f 41 84 e0 25 72 2b bb df bf bd
    ec 46 38 12 a7 3f 68 a7 33 a8 3a c9 39 14 af b8
    02 42 7d c6 80 92 bf 78 b7 ad 9a 7e 50 b9 3b ea
    80 89 ae 6e d1 52 60 cc 54 56 3f b6 f3 2c 01 bb
    a3 d4 02 29 46 34 62 14 cc eb 55 c3 58 e4 91 2a
    9f 33 88 11 65 7d 1d f2 17 9d 38 08 9b d4 90 80
    a9 a6 7f 27 c3 0b c2 e7 4c ed b9 e2 a8 24 8a 74
    38 df ce 01 da 1b 91 94 05 f5 b7 19 b6 9c c6 e8
    53 d5 c3 aa 15 9b dc b3 ff 4c 5e 65 d7 a0 72 0a
    f8 70 a0 a8 c6 04 90 0d 8a e0 0f b1 5f be 9f 1f
    53 76 1c b5 bc 13 8c 23 84 a5 0c d7 d6 5b d3 33
    ba 09 6d f6 71 8b 33 75 55 8f 32 4c a8 b3 aa ea
    3f 24 2b 60 42 cb b9 ee 51 d1 3c 2d 18 c0 06 a4
    06 f2 12 f8 69 d5 0d 6f 12 5c e6 d1 99 5d 69 c1
    87 15 41 83 e6 68 90 50 ea 15 74 a7 96 c1 a4 3b
    3b d1 56 07 94 73 11 08 e6 41 af 3a 28 31 ed cd
    bf a4 3e d4 b5 d1 ce 63 7f 20 01 c6 13 02 f8 23
    7b 7f db 1f 13 d0 c5 84 b1 ac 13 3f f3 9b 99 8e
    76 82 16 d1 59 9a 9f 78 df 88 7f ec 6d 21 0c 44
    be 80 71 33 8c f0 56 0b 0c ef 71 c5 1b 8c a9 3b
    a4 bc 07 30 a8 95 14 b0 29 5c 87 90 e5 59 fa 8e
    fc ab 2f 51 b2 a6 d4 52 86 3b 0b 6f 11 5f f0 22
    47 84 bc 6e 87 4a 90 d7 e2 75 4a a7 e0 58 89 6d
    17 53 84 e5 a3 88 9a 28 79 fb ec cf 27 d0 ea d9
    dc 51 f5 54 93 c0 13 60 44 27 6e 23 bf 9a 86 73
    23 40 7c 39 54 13 1a b0 c5 87 dc 0e 47 4c dc 10
    85 b0 1b f7 e0 81 95 70 88 bd ab 91 2d bc 0c 39
    8f 86 41 b0 57 13 bb 1b 35 e2 57 7f 6b 64 75 18
    ba 30 6b 6a 0f a3 cd 95 fe f8 83 40 15 06 66 7d
    bf ea 62 1e 92 aa b4 85 87 85 8a 7c c8 9f c5 67
    d8 08 b1 9e fd cf b5 f3 1b 55 63 07 b0 c5 b0 4f
    94 d3 71 ac d5 1f 88 0d 33 42 fa dc fb 1a 05 bf
    ee 7e 9f ba 75 c4 8e 40 75 73 b7 48 a4 c8 58 44
    40 c7 87 f4 4f 4c 97 39 4c 3c
<<< TLS 1.2, RecordHeader [length 0005]
    17 03 03 00 17
<<< TLS 1.3, InnerContent [length 0001]
    16
<<< TLS 1.3, Handshake [length 0006], EncryptedExtensions
    08 00 00 02 00 00
<<< TLS 1.2, RecordHeader [length 0005]
    17 03 03 03 47
<<< TLS 1.3, InnerContent [length 0001]
    16
<<< TLS 1.3, Handshake [length 0336], Certificate
    0b 00 03 32 00 00 03 2e 00 03 29 30 82 03 25 30
    82 02 0d a0 03 02 01 02 02 01 02 30 0d 06 09 2a
    86 48 86 f7 0d 01 01 0b 05 00 30 12 31 10 30 0e
    06 03 55 04 03 0c 07 52 6f 6f 74 20 43 41 30 20
    17 0d 31 36 30 31 31 34 32 32 32 39 34 36 5a 18
    0f 32 31 31 36 30 31 31 35 32 32 32 39 34 36 5a
    30 19 31 17 30 15 06 03 55 04 03 0c 0e 73 65 72
    76 65 72 2e 65 78 61 6d 70 6c 65 30 82 01 22 30
    0d 06 09 2a 86 48 86 f7 0d 01 01 01 05 00 03 82
    01 0f 00 30 82 01 0a 02 82 01 01 00 d5 5d 60 6a
    df fc 61 ee 48 aa 8c 11 48 43 a5 6d b6 52 5d aa
    98 49 b1 61 92 35 b1 fc 3a 04 25 0c 6d 79 ff b4
    d5 c9 e9 5c 1c 3b e0 ab b3 b8 7d a3 de 6d bd e0
    dd d7 5a bf 14 47 11 42 5e a6 82 d0 61 c1 7f dd
    13 46 e6 09 85 07 0e f2 d4 fc 1a 64 d2 0a ad 20
    ab 20 6b 96 f0 ad cc c4 19 53 55 dc 01 1d a4 b3
    ef 8a b4 49 53 5d 8a 05 1c f1 dc e1 44 bf c5 d7
    e2 77 19 57 5c 97 0b 75 ee 88 43 71 0f ca 6c c1
    b4 b2 50 a7 77 46 6c 58 0f 11 bf f1 76 24 5a ae
    39 42 b7 51 67 29 e1 d0 55 30 6f 17 e4 91 ea ad
    f8 28 c2 43 6f a2 64 a9 fb 9d 98 92 62 48 3e eb
    0d 4f 82 4a 8a ff 3f 72 ee 96 b5 ae a1 c1 98 ba
    ef 7d 90 75 6d ff 5a 52 9e ab f5 c0 7e d0 87 43
    db 85 07 07 0f 7d 38 7a fd d1 d3 ee 65 1d d3 ea
    39 6a 87 37 ee 4a d3 e0 0d 6e f5 70 ac c2 bd f1
    6e f3 92 95 5e a9 f0 a1 65 95 93 8d 02 03 01 00
    01 a3 7d 30 7b 30 1d 06 03 55 1d 0e 04 16 04 14
    c0 e7 84 bf e8 59 27 33 10 b0 52 4f 51 52 2f 06
    d6 c0 7a cd 30 1f 06 03 55 1d 23 04 18 30 16 80
    14 70 7f 2e ae 83 68 59 98 04 23 2a cd eb 3e 17
    cd 24 dd 01 49 30 09 06 03 55 1d 13 04 02 30 00
    30 13 06 03 55 1d 25 04 0c 30 0a 06 08 2b 06 01
    05 05 07 03 01 30 19 06 03 55 1d 11 04 12 30 10
    82 0e 73 65 72 76 65 72 2e 65 78 61 6d 70 6c 65
    30 0d 06 09 2a 86 48 86 f7 0d 01 01 0b 05 00 03
    82 01 01 00 7b d3 04 43 75 8a 0f 11 ae c4 fb d7
    a1 a2 9e fe 20 18 d5 f4 2f 31 88 46 b6 75 8c ee
    e5 9b 97 a6 b9 a3 cd 60 9a 46 c3 48 97 e5 97 68
    f7 5a 86 35 73 d9 69 9e f9 5f 74 b9 e6 94 13 01
    cb 6a dc e3 c4 04 e9 65 da 9c a4 8b 28 f3 f9 9a
    7f bf 97 1f 45 92 e5 05 b1 56 e6 0b f6 47 de 1e
    89 b6 2b e1 4d df 4a 7e 01 d3 23 dc 97 8c 47 fe
    5f c7 cc 98 46 0e c4 83 5b ca 8a f1 52 09 be 6b
    ec 3f 09 8b d0 93 02 bf e1 51 e7 d1 7e 34 56 19
    74 d0 ff 28 25 de b7 9f 56 52 91 7d 20 29 85 0a
    80 44 5f 71 32 25 71 0f c2 16 e2 5f 6b 1d 3f 32
    5b 0a 3c 74 1c b9 62 f1 ed 07 50 a3 6d b4 b4 31
    0a c0 53 44 6a 3a 88 84 8b 2d a9 b0 37 8e e6 18
    36 bd 9a 20 40 0f 01 92 8b 3d aa 61 e7 ae 2c ed
    36 cd 3a 07 86 74 3a 29 b3 d7 3a b4 00 a9 c2 f5
    92 78 0e e2 0f a3 fe bb be e0 06 53 84 59 1d 90
    69 e5 b6 f9 00 00
<<< TLS 1.2, RecordHeader [length 0005]
    17 03 03 01 19
<<< TLS 1.3, InnerContent [length 0001]
    16
<<< TLS 1.3, Handshake [length 0108], CertificateVerify
    0f 00 01 04 08 04 01 00 20 4e 18 35 f6 58 7a f3
    f3 d8 0c 88 d8 90 d8 76 6e 07 21 99 38 24 12 61
    16 7b bc 79 70 d5 28 09 83 f0 ab eb e6 b8 17 30
    9d 94 26 0c 8e d2 ea 81 15 af 89 1d 98 fd 6b c5
    e6 68 42 cd 72 4f 54 1a 7e 75 9b 58 c1 c0 8b 6e
    a0 fd 5b 70 b1 ae 94 de a8 62 29 77 b3 35 c6 d5
    45 99 19 18 40 91 15 ae 4d 63 ad 56 7a e2 5a 6c
    5f 8f 8d 0b 4c 64 a1 1f 22 01 b6 64 23 79 66 b8
    10 e4 73 46 9a 08 9e da bf c1 da ff 14 ac 6b b6
    cd f3 6a a7 41 8f 40 d9 ab 40 3e 1e 1d 49 c3 62
    11 70 77 18 df c9 c9 2e c3 87 af 94 a5 0e 06 94
    c8 41 d7 35 84 13 e2 cf 8d 63 0d 9b ec 93 3e 9a
    8e 5b e0 1d 78 0b 86 17 53 63 e2 4c 03 b0 9e 27
    a4 6b f3 36 6c cc 76 6e 6d c7 44 3b 98 28 82 d7
    14 3d a6 0d 1d 86 48 ff 29 7d 81 08 e4 18 f9 43
    69 c2 a3 20 f5 41 e9 c7 ac 8d 09 cc d6 e1 be c0
    d0 20 98 8c 10 e8 99 85
<<< TLS 1.2, RecordHeader [length 0005]
    17 03 03 00 45
<<< TLS 1.3, InnerContent [length 0001]
    16
<<< TLS 1.3, Handshake [length 0034], Finished
    14 00 00 30 80 57 e6 5c 40 fc 5c e4 be a6 8c dd
    27 36 ed 58 4f 62 63 99 21 78 be 3d d8 66 17 2c
    59 e2 72 b7 04 0b e0 b1 8c 96 7f 8f 9b e6 2a 0f
    82 7e ed b2
>>> TLS 1.2, RecordHeader [length 0005]
    17 03 03 00 45
>>> TLS 1.2, InnerContent [length 0001]
    16
>>> TLS 1.3, Handshake [length 0034], Finished
    14 00 00 30 4d 13 d8 8e 6b 08 d7 77 0b cc 36 28
    cd 98 6f 82 7d 45 82 1a c2 25 9d 0d 83 eb 29 e3
    ca 4d e6 27 f2 14 05 ea c1 ff 52 ee 45 c7 87 38
    0d 30 cd d3
---
Certificate chain
 0 s:CN=server.example
   i:CN=Root CA
   a:PKEY: RSA, 2048 (bit); sigalg: sha256WithRSAEncryption
   v:NotBefore: Jan 14 22:29:46 2016 GMT; NotAfter: Jan 15 22:29:46 2116 GMT
---
Server certificate
-----BEGIN CERTIFICATE-----
MIIDJTCCAg2gAwIBAgIBAjANBgkqhkiG9w0BAQsFADASMRAwDgYDVQQDDAdSb290
IENBMCAXDTE2MDExNDIyMjk0NloYDzIxMTYwMTE1MjIyOTQ2WjAZMRcwFQYDVQQD
DA5zZXJ2ZXIuZXhhbXBsZTCCASIwDQYJKoZIhvcNAQEBBQADggEPADCCAQoCggEB
ANVdYGrf/GHuSKqMEUhDpW22Ul2qmEmxYZI1sfw6BCUMbXn/tNXJ6VwcO+Crs7h9
o95tveDd11q/FEcRQl6mgtBhwX/dE0bmCYUHDvLU/Bpk0gqtIKsga5bwrczEGVNV
3AEdpLPvirRJU12KBRzx3OFEv8XX4ncZV1yXC3XuiENxD8pswbSyUKd3RmxYDxG/
8XYkWq45QrdRZynh0FUwbxfkkeqt+CjCQ2+iZKn7nZiSYkg+6w1PgkqK/z9y7pa1
rqHBmLrvfZB1bf9aUp6r9cB+0IdD24UHBw99OHr90dPuZR3T6jlqhzfuStPgDW71
cKzCvfFu85KVXqnwoWWVk40CAwEAAaN9MHswHQYDVR0OBBYEFMDnhL/oWSczELBS
T1FSLwbWwHrNMB8GA1UdIwQYMBaAFHB/Lq6DaFmYBCMqzes+F80k3QFJMAkGA1Ud
EwQCMAAwEwYDVR0lBAwwCgYIKwYBBQUHAwEwGQYDVR0RBBIwEIIOc2VydmVyLmV4
YW1wbGUwDQYJKoZIhvcNAQELBQADggEBAHvTBEN1ig8RrsT716Ginv4gGNX0LzGI
RrZ1jO7lm5emuaPNYJpGw0iX5Zdo91qGNXPZaZ75X3S55pQTActq3OPEBOll2pyk
iyjz+Zp/v5cfRZLlBbFW5gv2R94eibYr4U3fSn4B0yPcl4xH/l/HzJhGDsSDW8qK
8VIJvmvsPwmL0JMCv+FR59F+NFYZdND/KCXet59WUpF9ICmFCoBEX3EyJXEPwhbi
X2sdPzJbCjx0HLli8e0HUKNttLQxCsBTRGo6iISLLamwN47mGDa9miBADwGSiz2q
YeeuLO02zToHhnQ6KbPXOrQAqcL1kngO4g+j/ru+4AZThFkdkGnltvk=
-----END CERTIFICATE-----
subject=CN=server.example
issuer=CN=Root CA
---
No client certificate CA names sent
Peer signing digest: SHA256
Peer signature type: rsa_pss_rsae_sha256
Negotiated TLS1.3 group: X25519MLKEM768
---
SSL handshake has read 2546 bytes and written 1702 bytes
Verification error: unable to verify the first certificate
---
New, TLSv1.3, Cipher is TLS_AES_256_GCM_SHA384
Protocol: TLSv1.3
Server public key is 2048 bit
This TLS version forbids renegotiation.
Compression: NONE
Expansion: NONE
No ALPN negotiated
Early data was not sent
Verify return code: 21 (unable to verify the first certificate)
---
>>> TLS 1.2, RecordHeader [length 0005]
    17 03 03 00 13
>>> TLS 1.2, InnerContent [length 0001]
    15
>>> TLS 1.3, Alert [length 0002], warning close_notify
    01 00
Connecting to 127.0.0.1
SSL_connect:before SSL initialization
SSL_connect:SSLv3/TLS write client hello
SSL_connect:SSLv3/TLS write client hello
SSL_connect:SSLv3/TLS read server hello
SSL_connect:SSLv3/TLS write change cipher spec
SSL_connect:SSLv3/TLS write client hello
SSL_connect:SSLv3/TLS write client hello
SSL_connect:SSLv3/TLS read server hello
Can't use SSL_get_servername
SSL_connect:TLSv1.3 read encrypted extensions
depth=0 CN=server.example
verify error:num=20:unable to get local issuer certificate
verify return:1
depth=0 CN=server.example
verify error:num=21:unable to verify the first certificate
verify return:1
depth=0 CN=server.example
verify return:1
SSL_connect:SSLv3/TLS read server certificate
SSL_connect:TLSv1.3 read server certificate verify
SSL_connect:SSLv3/TLS read finished
SSL_connect:SSLv3/TLS write finished
DONE
SSL3 alert write:warning:close notify
