CONNECTED(00000003)
>>> TLS 1.0, RecordHeader [length 0005]
    16 03 01 00 d6
>>> TLS 1.3, Handshake [length 00d6], ClientHello
    01 00 00 d2 03 03 1c 45 0b 5d 4f db d4 00 54 fa
    2e 75 57 4d 21 8c f2 a4 84 96 a7 14 4c 18 ee 49
    a9 cc 89 af f9 3e 20 fe d6 67 51 1e c9 83 b0 a4
    aa 82 4e 33 8d bd 2e e4 75 f0 0a 94 39 52 1b 44
    bd ce 5e d7 f0 e7 00 00 06 13 02 13 03 13 01 01
    00 00 83 00 0b 00 04 03 00 01 02 00 0a 00 06 00
    04 00 1d 11 ec 00 23 00 00 00 16 00 00 00 17 00
    00 00 0d 00 2a 00 28 09 05 09 06 09 04 04 03 05
    03 06 03 08 07 08 08 08 1a 08 1b 08 1c 08 09 08
    0a 08 0b 08 04 08 05 08 06 04 01 05 01 06 01 00
    2b 00 03 02 03 04 00 2d 00 02 01 01 00 33 00 26
    00 24 00 1d 00 20 f3 9a b0 a7 fd 23 d1 f4 44 24
    21 0d bb 19 b3 32 65 80 58 d2 84 db 05 f8 d1 0a
    22 1d e5 e1 8a 3d
<<< TLS 1.2, RecordHeader [length 0005]
    16 03 03 00 58
<<< TLS 1.3, Handshake [length 0058], ServerHello
    02 00 00 54 03 03 cf 21 ad 74 e5 9a 61 11 be 1d
    8c 02 1e 65 b8 91 c2 a2 11 16 7a bb 8c 5e 07 9e
    09 e2 c8 a8 33 9c 20 fe d6 67 51 1e c9 83 b0 a4
    aa 82 4e 33 8d bd 2e e4 75 f0 0a 94 39 52 1b 44
    bd ce 5e d7 f0 e7 00 13 02 00 00 0c 00 2b 00 02
    03 04 00 33 00 02 11 ec
>>> TLS 1.2, RecordHeader [length 0005]
    14 03 03 00 01
>>> TLS 1.3, ChangeCipherSpec [length 0001]
    01
>>> TLS 1.2, RecordHeader [length 0005]
    16 03 03 05 76
>>> TLS 1.3, Handshake [length 0576], ClientHello
    01 00 05 72 03 03 1c 45 0b 5d 4f db d4 00 54 fa
    2e 75 57 4d 21 8c f2 a4 84 96 a7 14 4c 18 ee 49
    a9 cc 89 af f9 3e 20 fe d6 67 51 1e c9 83 b0 a4
    aa 82 4e 33 8d bd 2e e4 75 f0 0a 94 39 52 1b 44
    bd ce 5e d7 f0 e7 00 00 06 13 02 13 03 13 01 01
    00 05 23 00 0b 00 04 03 00 01 02 00 0a 00 06 00
    04 00 1d 11 ec 00 23 00 00 00 16 00 00 00 17 00
    00 00 0d 00 2a 00 28 09 05 09 06 09 04 04 03 05
    03 06 03 08 07 08 08 08 1a 08 1b 08 1c 08 09 08
    0a 08 0b 08 04 08 05 08 06 04 01 05 01 06 01 00
    2b 00 03 02 03 04 00 2d 00 02 01 01 00 33 04 c6
    04 c4 11 ec 04 c0 02 c6 b5 1b ac c1 86 03 8d 66
    b2 ac d1 7a a4 25 b8 b6 7f c9 1a 87 19 04 14 67
    96 a8 e6 58 a9 98 89 95 11 7e ac f6 9a 12 77 43
    81 f8 0a 51 40 cb 96 75 ac 23 aa 1a 5a b7 1e cf
    7c ab d6 29 95 52 59 1f e6 9b 18 d7 e2 94 25 a5
    bb eb 7a 1d 5d 67 67 1b e6 3d a0 e1 60 23 98 37
    df 45 7c e6 6c 5f 0d f6 b4 a0 a8 28 f6 54 7c e6
    8a a9 b7 ea 12 3e 41 a1 9a 07 27 5d 63 29 6f 86
    5a 33 98 2f 0a f1 6b 1a 54 3e 3e 38 19 7a c5 75
    5a 87 3a 2c ec ab 2a 10 bd 28 72 8a 59 50 a9 07
    59 a9 df a8 be 9c 3b 78 68 88 49 3f d4 12 3c f3
    31 fc 82 c2 64 8c bf ff 21 8a 16 0b b7 46 b6 4c
    cf ea 20 f9 16 9f b0 47 8d e5 f9 3e fc b6 69 b4
    28 67 d9 53 12 4e 7c 3d 1a ca 5d e8 bb 70 81 63
    35 04 a4 19 62 dc 9f ad f3 84 02 8b 2e 94 ba 35
    4b a3 79 89 71 6b 09 8b a3 ea 04 52 3c d7 39 4a
    26 5d b2 0b 37 f8 f0 05 2a f7 7d 68 98 94 dc 89
    7f 29 11 3c 62 f3 0f 30 47 c3 db 71 45 2b c9 6b
    5d b1 50 77 c0 bc e7 f4 b4 7d 11 b0 19 ab 92 a4
    66 5b bc d4 3b 2f f8 a8 e5 79 b5 e5 a7 30 c5 d7
    77 50 46 c9 0b 58 2d 6b 71 a3 a3 85 19 57 1c 71
    71 86 11 e7 db 4b 2a bb 08 c7 e9 8b 0b 27 c6 24
    2a 61 7b 70 0e 87 b5 3e 0a 19 87 58 0c a2 f4 d3
    b3 8f 99 38 2c f1 13 5e 38 6f 4e 49 09 de 9b 66
    84 19 6a d1 fc b8 af 95 58 94 5a cc fb a0 3f ec
    f3 40 b4 6a 78 e8 9a 12 46 d5 be 42 08 16 36 37
    68 2d 73 70 a0 79 a6 9e d7 be a5 42 bb c3 ba 9b
    de 36 cc 51 f4 9c ef a3 b1 94 68 b4 ec 04 52 b5
    0b 80 0d 48 08 3a 10 a0 c3 bc 8f 88 30 3e 87 10
    a4 f4 e7 81 e1 57 96 26 c9 9d 22 4a 95 17 b6 62
    b7 a8 ae b6 bb 2e f8 fc 63 4d 30 b7 24 4a 8b 9a
    14 a2 1f 58 80 4f c8 c5 61 60 6d 58 f0 0c 22 15
    3e c2 3c 58 39 9c 2b b1 c7 0f 45 f9 12 c8 b2 ca
    58 f7 70 1e 09 40 d6 d0 9d f6 58 32 16 05 16 46
    a4 14 ec 33 0e dd f1 14 6a 3b 18 8d 96 9a 4a 05
    c9 07 ec 0e e4 28 6c 97 1c 77 69 75 53 d8 14 aa
    56 bb 48 45 16 61 01 e9 6e 40 70 a4 cf a6 6e 6a
    fb 51 6b 07 6d 33 2b 76 0c 4c 84 78 f5 76 54 91
    0a 44 d0 10 0e 9a 55 84 82 59 f9 e1 3a f6 57 4a
    3f 34 77 cb 6c 39 d0 91 36 f9 bc 16 ef 63 22 23
    2c 08 4a c4 ce 5c 73 7d 7a db be 11 c0 8c ca d5
    b5 4c c5 a9 ab 8b 93 eb bb 3f 5f 41 2f 8d f1 11
    3a 74 40 9b 9a 6d ce db ba 98 c5 92 21 f3 40 12
    49 57 6f 60 cb eb f2 0f 03 14 aa c2 95 61 1c 35
    32 f0 d6 17 5b 72 49 7e 51 20 d3 2c ad 60 0c 10
    a4 11 10 b6 e3 8e 90 83 60 61 59 57 44 71 a7 1f
    8c 5b 2c 21 6b 6d 41 1a 44 bb 13 02 83 71 ef 30
    45 88 02 9c 99 dc 97 99 30 a2 c6 e3 1c c4 43 4d
    d9 2a 69 eb c5 0b 7d fc 8a 82 e6 bd c9 85 65 31
    5a 46 4b 87 53 17 47 50 3a 41 76 8c 84 c9 82 59
    2a 7b 63 47 31 b7 9c 25 18 77 c8 9b 2d de f7 17
    7b ea 5b 35 68 8a a7 16 96 5c fa b3 92 f4 73 40
    e2 50 29 0b 84 1b 28 79 cb c4 52 17 fa a1 63 d0
    2e 87 93 89 2c 74 86 fd f0 9e 25 a8 a2 40 08 3f
    ed c3 6e 80 30 01 4c 41 58 82 4c be c4 a1 7e 6a
    82 7e d1 93 46 68 09 28 0f 9c 04 9b ea 55 86 a1
    04 7b 63 54 55 58 96 4b c9 ac 55 29 5a fe 20 0d
    b6 93 0f f0 79 61 25 ca 9e 49 10 75 e3 65 81 19
    03 6f 6d 5c a7 f0 3a 6f c9 94 87 49 b4 a2 3d bc
    4c b8 32 6a c3 d9 99 3a f2 cb d8 3b a4 d1 29 25
    47 89 9f 4e cc 8e 85 f6 3d 03 89 2e 01 45 4d 51
    03 4b 6b 94 2f aa a9 6a 80 d7 10 7d 28 3d 14 6c
    69 ee 0a 65 93 37 29 eb 67 58 27 f0 78 98 14 2d
    6d 56 99 44 eb bf d8 09 b3 a4 68 c4 4f 51 44 21
    fa 7c 79 d3 25 9e 73 27 12 97 95 3c 27 0e 59 5a
    a9 77 9c c7 fa 59 44 50 2c bd bc 97 18 44 d0 07
    e7 2b 33 67 e7 0f 6d 05 4d a4 00 0e a7 50 25 2d
    79 67 e7 44 8c 48 c7 60 da 72 21 dc 97 67 e8 8b
    86 91 10 43 b0 d9 41 b3 b3 27 e2 68 ba 4a 98 b4
    ab 41 65 2b c7 86 31 f3 7f 44 9b 81 51 85 88 82
    d1 5a 37 ec 8e 2e 63 84 2a 9a ac 6f d5 77 fa 18
    7c 03 50 0e a0 b2 6f 6d 9a 12 0e 72 32 8f 9c 61
    d1 f0 41 2e e7 11 9e 3e 22 6f 47 11 88 a5 32 1c
    b0 86 02 91 02 f4 7c 93 d2 48 66 e4 fa 10 75 ba
    37 21 38 5c 15 34 cd 39 65 0d 36 c8 de 29 32 bb
    40 c3 ca 23 bd 24 2c a9 8e af c5 a8 55 37 65 e1
    ee 8a 43 ad 61 48
<<< TLS 1.2, RecordHeader [length 0005]
    14 03 03 00 01
<<< TLS 1.3, ChangeCipherSpec [length 0001]
    01
<<< TLS 1.2, RecordHeader [length 0005]
    16 03 03 04 ba
<<< TLS 1.3, Handshake [length 04ba], ServerHello
    02 00 04 b6 03 03 7b de b7 0e 11 6d ed 75 b0 ca
    17 d2 c5 20 d7 ed 12 fc 2a bd f6 70 17 fe 06 80
    25 e9 35 c8 c3 58 20 fe d6 67 51 1e c9 83 b0 a4
    aa 82 4e 33 8d bd 2e e4 75 f0 0a 94 39 52 1b 44
    bd ce 5e d7 f0 e7 00 13 02 00 04 6e 00 2b 00 02
    03 04 00 33 04 64 11 ec 04 60 df 0b 29 fd cb 73
    82 c4 a1 90 f7 81 08 1b 32 cd 23 d7 d5 55 86 1f
    43 a5 02 05 a2 d5 53 b4 88 9b 4f e8 e8 0c 8e f6
    02 36 b5 c2 d3 e3 ea 70 a5 bc 9e 7b 7e 55 40 de
    9f ac 3c 7f 35 7e 30 c0 63 cb 0e da 17 84 b7 1c
    5d fe a8 1f 0e 76 5b 78 8c 48 76 aa 56 f7 da 12
    3a 9a 0b 8e 6b bd d5 a7 a7 e4 09 00 0d 3a da 13
    96 30 c8 01 3b 95 e1 43 7a b6 18 34 2e 97 33 68
    36 4c f0 80 ef 6a 23 97 bf f1 f2 b5 58 82 89 f0
    20 94 52 d2 19 82 92 b4 01 5f cf 21 c2 a6 3d 6d
    58 e0 c7 47 92 48 7e 83 13 d1 f1 43 91 cc 70 68
    28 ad 30 d5 8e ec 78 f4 89 f2 c2 0c 45 20 ef 84
    7e 03 84 b2 42 cb 19 d9 8d b7 22 5e 65 3f 5b e6
    3e 9b e8 2a 07 67 94 33 3d 1a 2f 8a 5f b3 38 66
    38 51 31 8f dd c4 73 99 d8 2e 7c ff f9 06 74 12
    bd 2f e2 e8 a5 5f 5e b9 d3 64 a4 03 16 ca a3 85
    3b 6e 63 2c 9c 4c 55 26 cc b1 6a 53 c7 76 59 95
    eb 0f ff 33 d5 9a 2c 61 32 4b 6e b9 c3 19 31 8c
    ab 26 4d b7 7d 1e 9a 98 b9 0c 6b 40 c7 02 29 36
    ec 55 57 74 d3 50 ca e7 1e 00 b7 6a 31 eb e8 63
    82 8d 46 dc f5 23 c8 0c 74 81 1d 89 43 44 9f 3e
    d5 b8 33 93 18 c5 7b 9f 35 68 28 4a 19 c9 93 b9
    4e 89 e7 c3 88 21 a1 c4 73 d3 4d a2 78 e3 ae 12
    46 f2 b3 45 94 86 de a9 4b f4 f5 0d bf c7 7f 65
    4e 0e 93 a0 b0 36 de cf db 49 48 1e 8a a4 bd 5d
    e9 c6 3c 38 43 c1 2a e5 8a e1 0c a2 33 6f de e0
    d9 d1 20 69 4b b5 76 32 63 59 fe 71 bb d0 b4 d0
    47 4c 57 64 e1 6b f2 34 fa 1c 7b dc f7 fb d0 f4
    f0 84 4b 86 7c 3e 10 d9 bf 06 d5 c0 15 81 73 7e
    02 79 4c eb fe 1c 61 cc cf ef 32 a9 88 10 2d fa
    eb ca 1d e9 f7 a1 74 72 8c 27 88 12 2b c6 97 be
    1c 13 f2 f6 06 49 63 54 dd 48 20 14 ac 25 e5 7a
    4a a5 28 31 2d 5f 74 29 24 ec 4b 60 6f 83 ed 3d
    6b 44 50 12 f0 1b 7b ee 37 79 bb 56 84 cc ae d4
    dc 08 83 bf 0c 6e dd a9 0b 54 76 4c cb ea 5a 3a
    25 71 76 05 8f 45 2d 1b 24 9e 7c 5d a2 3c e7 4b
    63 8f bc 0e 31 1d 05 bb 31 91 c8 b4 ac 6a 02 1a
    fd e1 18 7f 1a 5b 0b 42 1a ea 09 58 47 28 c2 46
    8c 40 e2 cd 6e 35 8b 2d c6 da 2b fd 5d 45 5e b8
    08 0b a3 ff ed 79 a1 74 a0 11 eb 06 b8 ee cc f9
    3f 88 c1 1b 82 0b b2 61 bf ce db aa ac a4 94 ff
    2d 60 b2 f6 75 80 d1 b4 eb 66 84 9c 99 4f c4 79
    8d 1e 1d 1e 37 ae 0d 4c f4 80 6f 5d d7 c1 6c d5
    d1 f4 04 99 c2 69 a0 f2 05 88 0b 68 f6 6b 72 cb
    26 e0 53 65 c9 62 57 73 e5 53 3a ba 86 a6 05 ea
    15 04 d5 73 27 56 7e 03 ae 85 f9 6c 0b a2 ff eb
    0f f9 9d 43 32 37 9e 80 01 5d 71 ab 41 1f a0 a4
    bc 8e fd 65 7d 10 93 02 c7 86 97 19 65 07 b2 c7
    21 87 c6 60 22 77 54 3f 3f 4c 21 0f 5e b6 72 c5
    1e 92 d4 35 ee db 86 eb 2a f6 ce fc e1 af b6 4d
    56 33 44 cf 99 34 e9 24 b4 b0 96 33 fd db 17 7b
    9d 2b f6 1f a2 2b 0f 1c 53 f0 6d ad 1a 23 c4 f8
    ac 33 a7 c8 3f a5 f4 4a 45 f7 10 88 59 df 62 38
    33 fc 84 78 43 8a df d5 32 94 18 de c3 83 83 ea
    10 3d 01 06 13 24 8f e2 f8 cb 12 0a 24 c3 19 50
    2b 47 86 6b f3 37 9b b7 b9 8d 61 57 4c f8 b6 cd
    b9 4f 7a ae 1a ac 40 93 b5 0c a6 59 94 c4 c0 fc
    2d 74 5a 4e 2a a0 dc b5 dd b9 e5 85 67 1f 73 19
    37 72 21 57 c8 28 36 b6 de 10 bd 2c be 27 5e 3f
    5e ab 49 f1 e9 af f8 3c 9b fc 7e c0 b1 d7 57 ed
    03 0a 35 64 cc 30 65 d3 f4 87 51 26 be c0 f7 9e
    bc 66 84 06 91 b5 e6 ec aa 30 b6 53 98 04 e1 30
    47 41 b0 3a 02 51 94 c0 fb 06 64 2b d5 b6 da 81
    97 68 18 41 9f df 57 59 94 87 07 0f 28 56 ce fa
    6e 64 1b 38 85 dc 35 58 42 ff 01 00 50 0f fa e4
    e2 30 0f e4 6a 1b c8 44 74 86 cf b6 ed 0c 8f 76
    ba 3c 1f 2e 4f 14 e9 c3 5b 33 40 2f 3f 32 0f ed
    a0 6e 8a e9 20 f0 8a 9d 4f 3b b5 3f 10 c8 2a d1
    01 76 ed f3 5f a3 e4 b8 e5 ff b2 6c b8 82 18 e6
    a6 7e b9 10 92 ce 6c 5e 91 a0 e5 0f 68 52 a1 5f
    66 98 23 17 9b 40 72 56 6d 0a
<<< TLS 1.2, RecordHeader [length 0005]
    17 03 03 00 17
<<< TLS 1.3, InnerContent [length 0001]
    16
<<< TLS 1.3, Handshake [length 0006], EncryptedExtensions
    08 00 00 02 00 00
<<< TLS 1.2, RecordHeader [length 0005]
    17 03 03 03 47
<<< TLS 1.3, InnerContent [length 0001]
    16
<<< TLS 1.3, Handshake [length 0336], Certificate
    0b 00 03 32 00 00 03 2e 00 03 29 30 82 03 25 30
    82 02 0d a0 03 02 01 02 02 01 02 30 0d 06 09 2a
    86 48 86 f7 0d 01 01 0b 05 00 30 12 31 10 30 0e
    06 03 55 04 03 0c 07 52 6f 6f 74 20 43 41 30 20
    17 0d 31 36 30 31 31 34 32 32 32 39 34 36 5a 18
    0f 32 31 31 36 30 31 31 35 32 32 32 39 34 36 5a
    30 19 31 17 30 15 06 03 55 04 03 0c 0e 73 65 72
    76 65 72 2e 65 78 61 6d 70 6c 65 30 82 01 22 30
    0d 06 09 2a 86 48 86 f7 0d 01 01 01 05 00 03 82
    01 0f 00 30 82 01 0a 02 82 01 01 00 d5 5d 60 6a
    df fc 61 ee 48 aa 8c 11 48 43 a5 6d b6 52 5d aa
    98 49 b1 61 92 35 b1 fc 3a 04 25 0c 6d 79 ff b4
    d5 c9 e9 5c 1c 3b e0 ab b3 b8 7d a3 de 6d bd e0
    dd d7 5a bf 14 47 11 42 5e a6 82 d0 61 c1 7f dd
    13 46 e6 09 85 07 0e f2 d4 fc 1a 64 d2 0a ad 20
    ab 20 6b 96 f0 ad cc c4 19 53 55 dc 01 1d a4 b3
    ef 8a b4 49 53 5d 8a 05 1c f1 dc e1 44 bf c5 d7
    e2 77 19 57 5c 97 0b 75 ee 88 43 71 0f ca 6c c1
    b4 b2 50 a7 77 46 6c 58 0f 11 bf f1 76 24 5a ae
    39 42 b7 51 67 29 e1 d0 55 30 6f 17 e4 91 ea ad
    f8 28 c2 43 6f a2 64 a9 fb 9d 98 92 62 48 3e eb
    0d 4f 82 4a 8a ff 3f 72 ee 96 b5 ae a1 c1 98 ba
    ef 7d 90 75 6d ff 5a 52 9e ab f5 c0 7e d0 87 43
    db 85 07 07 0f 7d 38 7a fd d1 d3 ee 65 1d d3 ea
    39 6a 87 37 ee 4a d3 e0 0d 6e f5 70 ac c2 bd f1
    6e f3 92 95 5e a9 f0 a1 65 95 93 8d 02 03 01 00
    01 a3 7d 30 7b 30 1d 06 03 55 1d 0e 04 16 04 14
    c0 e7 84 bf e8 59 27 33 10 b0 52 4f 51 52 2f 06
    d6 c0 7a cd 30 1f 06 03 55 1d 23 04 18 30 16 80
    14 70 7f 2e ae 83 68 59 98 04 23 2a cd eb 3e 17
    cd 24 dd 01 49 30 09 06 03 55 1d 13 04 02 30 00
    30 13 06 03 55 1d 25 04 0c 30 0a 06 08 2b 06 01
    05 05 07 03 01 30 19 06 03 55 1d 11 04 12 30 10
    82 0e 73 65 72 76 65 72 2e 65 78 61 6d 70 6c 65
    30 0d 06 09 2a 86 48 86 f7 0d 01 01 0b 05 00 03
    82 01 01 00 7b d3 04 43 75 8a 0f 11 ae c4 fb d7
    a1 a2 9e fe 20 18 d5 f4 2f 31 88 46 b6 75 8c ee
    e5 9b 97 a6 b9 a3 cd 60 9a 46 c3 48 97 e5 97 68
    f7 5a 86 35 73 d9 69 9e f9 5f 74 b9 e6 94 13 01
    cb 6a dc e3 c4 04 e9 65 da 9c a4 8b 28 f3 f9 9a
    7f bf 97 1f 45 92 e5 05 b1 56 e6 0b f6 47 de 1e
    89 b6 2b e1 4d df 4a 7e 01 d3 23 dc 97 8c 47 fe
    5f c7 cc 98 46 0e c4 83 5b ca 8a f1 52 09 be 6b
    ec 3f 09 8b d0 93 02 bf e1 51 e7 d1 7e 34 56 19
    74 d0 ff 28 25 de b7 9f 56 52 91 7d 20 29 85 0a
    80 44 5f 71 32 25 71 0f c2 16 e2 5f 6b 1d 3f 32
    5b 0a 3c 74 1c b9 62 f1 ed 07 50 a3 6d b4 b4 31
    0a c0 53 44 6a 3a 88 84 8b 2d a9 b0 37 8e e6 18
    36 bd 9a 20 40 0f 01 92 8b 3d aa 61 e7 ae 2c ed
    36 cd 3a 07 86 74 3a 29 b3 d7 3a b4 00 a9 c2 f5
    92 78 0e e2 0f a3 fe bb be e0 06 53 84 59 1d 90
    69 e5 b6 f9 00 00
<<< TLS 1.2, RecordHeader [length 0005]
    17 03 03 01 19
<<< TLS 1.3, InnerContent [length 0001]
    16
<<< TLS 1.3, Handshake [length 0108], CertificateVerify
    0f 00 01 04 08 04 01 00 a2 72 16 bd f3 05 4e e0
    9b ac ac 48 d5 57 37 ab a7 08 84 85 47 5d d2 71
    24 13 3d a5 94 d8 49 a4 dd 57 4a 98 f4 be 32 bc
    8f c8 b4 c3 7b af 66 50 a6 8b 55 b4 8b ca 15 57
    8e f4 27 bd c7 4a 37 d9 03 09 b3 23 6f c5 8f 3d
    1c 21 b4 a7 11 a9 71 1c 48 10 16 7c 09 e6 8b 8d
    ab 54 00 bf 89 b1 d2 ee a5 6e e5 ce 3e d9 a6 2e
    1f 04 92 e1 66 ad 35 86 b8 bf ea ac 2f b2 38 77
    c8 bd 00 05 21 02 b7 80 95 69 96 7f e6 12 2c 6c
    15 15 1c c0 32 79 ac 20 88 81 e2 58 de 8a 4f 6e
    6f 4a 8c 46 8d 5d a5 da 62 94 13 4b be 55 2e f7
    14 4b 61 b8 f8 a5 e7 a7 77 77 91 c6 34 11 d6 ed
    27 ba e7 a4 bc 93 6e 5f cd b5 07 95 b8 29 57 7c
    97 d8 a5 94 12 4d 19 ef 9f 30 48 8f 09 92 97 e2
    ef ef 02 3b bc a4 01 e9 be 1d 12 fb 44 ac 21 ff
    6d cb 6d 62 90 5a 2d ef af 3f 05 93 ff ed 31 7b
    08 ec 34 4b 6e 33 05 4d
<<< TLS 1.2, RecordHeader [length 0005]
    17 03 03 00 45
<<< TLS 1.3, InnerContent [length 0001]
    16
<<< TLS 1.3, Handshake [length 0034], Finished
    14 00 00 30 5c f8 2e ae a9 82 f0 fd 17 b7 29 79
    c7 8e 86 35 ea b1 9f 0b 99 1f a6 ef 5d 36 84 21
    d2 3a 47 5f e3 d5 5e 83 3a f1 a3 ce 09 b0 90 52
    dd 7b 1d 5c
>>> TLS 1.2, RecordHeader [length 0005]
    17 03 03 00 45
>>> TLS 1.2, InnerContent [length 0001]
    16
>>> TLS 1.3, Handshake [length 0034], Finished
    14 00 00 30 9b 7b 48 24 97 89 37 ea d6 46 30 6d
    4d f0 1e 6a aa 81 9a a0 6a 8b 18 40 88 77 e4 31
    e2 2d 22 64 95 e1 4a 66 9c 1e 69 b1 60 d3 f4 4e
    6b 88 5c 8f
---
Certificate chain
 0 s:CN=server.example
   i:CN=Root CA
   a:PKEY: RSA, 2048 (bit); sigalg: sha256WithRSAEncryption
   v:NotBefore: Jan 14 22:29:46 2016 GMT; NotAfter: Jan 15 22:29:46 2116 GMT
---
Server certificate
-----BEGIN CERTIFICATE-----
MIIDJTCCAg2gAwIBAgIBAjANBgkqhkiG9w0BAQsFADASMRAwDgYDVQQDDAdSb290
IENBMCAXDTE2MDExNDIyMjk0NloYDzIxMTYwMTE1MjIyOTQ2WjAZMRcwFQYDVQQD
DA5zZXJ2ZXIuZXhhbXBsZTCCASIwDQYJKoZIhvcNAQEBBQADggEPADCCAQoCggEB
ANVdYGrf/GHuSKqMEUhDpW22Ul2qmEmxYZI1sfw6BCUMbXn/tNXJ6VwcO+Crs7h9
o95tveDd11q/FEcRQl6mgtBhwX/dE0bmCYUHDvLU/Bpk0gqtIKsga5bwrczEGVNV
3AEdpLPvirRJU12KBRzx3OFEv8XX4ncZV1yXC3XuiENxD8pswbSyUKd3RmxYDxG/
8XYkWq45QrdRZynh0FUwbxfkkeqt+CjCQ2+iZKn7nZiSYkg+6w1PgkqK/z9y7pa1
rqHBmLrvfZB1bf9aUp6r9cB+0IdD24UHBw99OHr90dPuZR3T6jlqhzfuStPgDW71
cKzCvfFu85KVXqnwoWWVk40CAwEAAaN9MHswHQYDVR0OBBYEFMDnhL/oWSczELBS
T1FSLwbWwHrNMB8GA1UdIwQYMBaAFHB/Lq6DaFmYBCMqzes+F80k3QFJMAkGA1Ud
EwQCMAAwEwYDVR0lBAwwCgYIKwYBBQUHAwEwGQYDVR0RBBIwEIIOc2VydmVyLmV4
YW1wbGUwDQYJKoZIhvcNAQELBQADggEBAHvTBEN1ig8RrsT716Ginv4gGNX0LzGI
RrZ1jO7lm5emuaPNYJpGw0iX5Zdo91qGNXPZaZ75X3S55pQTActq3OPEBOll2pyk
iyjz+Zp/v5cfRZLlBbFW5gv2R94eibYr4U3fSn4B0yPcl4xH/l/HzJhGDsSDW8qK
8VIJvmvsPwmL0JMCv+FR59F+NFYZdND/KCXet59WUpF9ICmFCoBEX3EyJXEPwhbi
X2sdPzJbCjx0HLli8e0HUKNttLQxCsBTRGo6iISLLamwN47mGDa9miBADwGSiz2q
YeeuLO02zToHhnQ6KbPXOrQAqcL1kngO4g+j/ru+4AZThFkdkGnltvk=
-----END CERTIFICATE-----
subject=CN=server.example
issuer=CN=Root CA
---
No client certificate CA names sent
Peer signing digest: SHA256
Peer signature type: rsa_pss_rsae_sha256
Negotiated TLS1.3 group: X25519MLKEM768
---
SSL handshake has read 2546 bytes and written 1702 bytes
Verification error: unable to verify the first certificate
---
New, TLSv1.3, Cipher is TLS_AES_256_GCM_SHA384
Protocol: TLSv1.3
Server public key is 2048 bit
This TLS version forbids renegotiation.
Compression: NONE
Expansion: NONE
No ALPN negotiated
Early data was not sent
Verify return code: 21 (unable to verify the first certificate)
---
>>> TLS 1.2, RecordHeader [length 0005]
    17 03 03 00 13
>>> TLS 1.2, InnerContent [length 0001]
    15
>>> TLS 1.3, Alert [length 0002], warning close_notify
    01 00
Connecting to 127.0.0.1
SSL_connect:before SSL initialization
SSL_connect:SSLv3/TLS write client hello
SSL_connect:SSLv3/TLS write client hello
SSL_connect:SSLv3/TLS read server hello
SSL_connect:SSLv3/TLS write change cipher spec
SSL_connect:SSLv3/TLS write client hello
SSL_connect:SSLv3/TLS write client hello
SSL_connect:SSLv3/TLS read server hello
Can't use SSL_get_servername
SSL_connect:TLSv1.3 read encrypted extensions
depth=0 CN=server.example
verify error:num=20:unable to get local issuer certificate
verify return:1
depth=0 CN=server.example
verify error:num=21:unable to verify the first certificate
verify return:1
depth=0 CN=server.example
verify return:1
SSL_connect:SSLv3/TLS read server certificate
SSL_connect:TLSv1.3 read server certificate verify
SSL_connect:SSLv3/TLS read finished
SSL_connect:SSLv3/TLS write finished
DONE
SSL3 alert write:warning:close notify
