CONNECTED(00000003)
>>> TLS 1.0, RecordHeader [length 0005]
    16 03 01 00 d6
>>> TLS 1.3, Handshake [length 00d6], ClientHello
    01 00 00 d2 03 03 22 89 8b 25 92 a7 e6 d7 c8 12
    46 19 a8 44 05 8b c3 84 fb 0f a0 c2 23 7a 21 27
    8b 58 33 83 1c 95 20 e7 a5 57 93 19 66 15 d7 91
    f0 a8 ce 08 05 ab a4 66 b7 4d b7 f5 13 6b 75 3b
    fe 19 2b 7a 5d 38 4a 00 06 13 02 13 03 13 01 01
    00 00 83 00 0b 00 04 03 00 01 02 00 0a 00 06 00
    04 00 1d 11 ec 00 23 00 00 00 16 00 00 00 17 00
    00 00 0d 00 2a 00 28 09 05 09 06 09 04 04 03 05
    03 06 03 08 07 08 08 08 1a 08 1b 08 1c 08 09 08
    0a 08 0b 08 04 08 05 08 06 04 01 05 01 06 01 00
    2b 00 03 02 03 04 00 2d 00 02 01 01 00 33 00 26
    00 24 00 1d 00 20 69 7b a7 27 dd 5b 60 87 7a 8e
    e7 43 e0 8e c1 59 7b 9a 76 da 8b 66 a4 3c a6 f5
    c1 04 9f c9 31 3f
<<< TLS 1.2, RecordHeader [length 0005]
    16 03 03 00 58
<<< TLS 1.3, Handshake [length 0058], ServerHello
    02 00 00 54 03 03 cf 21 ad 74 e5 9a 61 11 be 1d
    8c 02 1e 65 b8 91 c2 a2 11 16 7a bb 8c 5e 07 9e
    09 e2 c8 a8 33 9c 20 e7 a5 57 93 19 66 15 d7 91
    f0 a8 ce 08 05 ab a4 66 b7 4d b7 f5 13 6b 75 3b
    fe 19 2b 7a 5d 38 4a 13 02 00 00 0c 00 2b 00 02
    03 04 00 33 00 02 11 ec
>>> TLS 1.2, RecordHeader [length 0005]
    14 03 03 00 01
>>> TLS 1.3, ChangeCipherSpec [length 0001]
    01
>>> TLS 1.2, RecordHeader [length 0005]
    16 03 03 05 76
>>> TLS 1.3, Handshake [length 0576], ClientHello
    01 00 05 72 03 03 22 89 8b 25 92 a7 e6 d7 c8 12
    46 19 a8 44 05 8b c3 84 fb 0f a0 c2 23 7a 21 27
    8b 58 33 83 1c 95 20 e7 a5 57 93 19 66 15 d7 91
    f0 a8 ce 08 05 ab a4 66 b7 4d b7 f5 13 6b 75 3b
    fe 19 2b 7a 5d 38 4a 00 06 13 02 13 03 13 01 01
    00 05 23 00 0b 00 04 03 00 01 02 00 0a 00 06 00
    04 00 1d 11 ec 00 23 00 00 00 16 00 00 00 17 00
    00 00 0d 00 2a 00 28 09 05 09 06 09 04 04 03 05
    03 06 03 08 07 08 08 08 1a 08 1b 08 1c 08 09 08
    0a 08 0b 08 04 08 05 08 06 04 01 05 01 06 01 00
    2b 00 03 02 03 04 00 2d 00 02 01 01 00 33 04 c6
    04 c4 11 ec 04 c0 d8 b8 64 9a 70 2b 5a d2 03 5d
    63 00 c8 ba 0d eb 2a ba 35 71 56 79 e5 1a f4 25
    1e 44 58 ce 52 81 ac fc 1c a8 1a 08 c2 e1 a2 c0
    27 01 3c 25 c3 70 18 24 77 84 34 cb 58 38 0e 68
    93 1c e3 3c 76 cf 22 60 00 e6 98 1c a9 ae 5d 39
    67 dd 55 8e 6b 59 52 89 52 12 d2 78 a3 af aa 7b
    c1 99 2d 3f b6 30 84 b2 78 98 00 77 06 80 b6 d1
    f5 aa e6 d6 a0 5a 90 43 b8 b6 47 0e 27 92 a4 09
    48 a4 e3 3f 16 5b 83 9d 41 72 0b 79 46 56 c4 2d
    a7 47 c0 f3 82 00 24 0b 4c 21 16 44 d8 09 11 30
    c3 1e 76 6c 0d 38 6b 85 05 88 45 a5 02 bd 63 82
    78 45 5a 96 02 b6 79 79 47 af 93 d1 c1 01 1a 8d
    49 13 a1 ac f7 31 03 25 b7 87 e8 3b 1c b1 41 70
    64 0c 4b b7 6c fa 0c 93 05 10 2f 3d 99 66 82 63
    45 82 c3 73 70 a5 a4 6c 6c 86 db 38 07 4c 20 17
    2a 1a 97 b8 99 cc a4 99 0b 66 75 50 47 46 75 55
    16 78 9d 22 6a b7 99 83 10 08 ba ce 78 1a 7a f5
    51 b4 16 97 8e 13 9d 89 77 3c 39 8b 8a 85 f3 0c
    4d b0 64 60 db 5a b6 f7 90 2d 48 bb 63 54 94 e1
    b0 00 44 c0 bf 3e b0 23 38 9a 03 b8 32 c7 5d b7
    c5 ee 0c c7 bb ec 45 45 40 2d 38 52 6f 25 50 4b
    a4 e7 95 67 c7 8b 40 36 4e d9 25 27 ac 57 ad a0
    21 36 d3 55 b4 f1 82 9b f8 31 bc 75 3c 29 a0 c1
    a2 d0 ca 4b 04 c5 71 af a6 79 07 78 5e 4a b6 58
    aa 97 bd ca 8b 23 5a d8 ca 96 32 9e 18 86 30 87
    32 5c 81 73 96 08 e9 7d f8 ab 6c dc 0a 6f 9c 44
    ad c7 05 5b 16 dc 7d 46 49 01 aa 5b 05 9c 62 c2
    3e 6c 93 03 c1 97 11 04 0b 64 ec 7b 1a 86 51 09
    53 2c 5b 85 78 86 85 7a 5d d8 ce cf 99 73 25 f6
    bc db 01 07 49 76 23 14 06 01 3c 75 05 49 23 09
    9c 76 2d 23 f7 38 02 08 68 18 c8 71 a1 00 6f bf
    7c 7e 56 57 08 d2 13 43 bf 31 1b 5f dc 49 d0 87
    b9 65 d6 2c 12 a5 67 a4 49 a0 42 89 b1 55 dc 5e
    6a 57 c6 5d 97 0f a0 a3 5a 7b 96 52 9d c2 6a a7
    eb 82 02 12 1d 2b a2 77 0e 09 c1 fb 31 6a be e6
    c1 4a c5 a5 77 39 1c 5f 13 cb 07 83 69 6d 3a 11
    1d f6 2e ea 84 89 71 91 47 b9 b5 81 d9 01 8f 46
    47 4b 6b 21 ab 8b 40 61 fd 36 78 9e f2 14 92 39
    02 38 e8 c8 10 58 66 f5 4b 8c d6 08 b0 cb c8 b4
    da c9 71 43 74 54 ca 27 2a af c4 af 0b 79 be 3a
    ea 1f bb 56 26 1a c7 4c f9 33 48 83 99 6b 4a b2
    cf 44 78 7f 91 56 b1 c1 25 29 c9 18 69 35 13 c5
    d0 92 87 8a 48 2c 1a 2b c2 52 cb 1c 76 ec 95 45
    90 20 61 56 6a b9 fc 52 bf 2c 01 78 dc 49 5e fa
    cc 93 d6 bb d4 c5 8e b6 a2 9c 98 c7 50 48 b7 c2
    be db 4f 78 21 40 e5 12 93 8c 9a 5c 2c 98 a2 76
    d4 27 9a 90 2f c1 47 8c c5 77 ca 81 9a 0e a4 4c
    c0 c5 2c 73 f5 06 37 09 00 29 10 f0 8b d1 27 73
    2f c1 59 e1 80 6f 95 63 4d e6 d2 40 3c 1a ba 5e
    c2 04 66 12 61 8d e0 1b 4e 68 0d 49 37 ce f0 76
    b9 94 97 22 9b 23 24 50 77 2c 30 25 07 98 99 c0
    1b a0 c5 dc 82 67 fa 52 8c f0 c9 99 95 09 1c d9
    68 3a 46 bb b2 c1 b5 bc 87 73 30 aa 15 45 bb 46
    3a 8e 92 01 3c a8 ad 84 05 cf b5 26 3f 08 a8 0b
    94 21 1b ee 28 25 ce 54 b5 7c b8 b6 2d f7 c2 9e
    9c 3d fe 0a 94 db 11 75 b1 99 96 55 41 6a 61 72
    34 08 34 63 d2 28 b6 95 bc c7 1e 6c 74 d7 37 2c
    5f a0 69 cc 37 11 3c d3 94 ea c3 26 e4 54 98 fa
    24 55 11 40 b2 b4 18 00 41 d3 0f e3 2a 6e b0 12
    44 3c e1 61 20 37 69 45 e7 bd c7 b2 4e 3d 6c c1
    5b f4 46 da 97 6a f8 e6 0f 17 b7 9f 17 91 44 fa
    97 ca f3 db 9d ae c9 22 15 55 9b e5 9a 86 3c 09
    64 a1 52 80 a5 f3 11 07 93 63 ab cb 34 97 ea a3
    32 73 32 bd d1 b5 c5 f3 b9 79 28 92 b3 e9 9b 6c
    2a 28 b3 08 b8 5b d8 9e c9 e1 5e 11 bc 2f 89 48
    bb 3d d4 8b 2b a2 76 d1 f2 99 c1 6a 8d e0 93 c7
    e2 17 83 ea b7 b3 ab 16 ba d9 09 13 5a 00 18 c6
    c3 63 a5 f1 4c 94 56 9c fc 31 16 69 c6 c0 08 4a
    b7 4d 04 1c b5 41 7b 6d 31 8e c7 eb 2d c7 65 10
    4e 55 47 19 5a 32 f0 d9 51 91 8c 61 70 a7 3a a9
    d0 89 e2 c8 5b b9 29 2f 12 08 54 c9 f5 98 6e ba
    af c1 73 84 01 4b 96 65 68 65 4b fb 86 76 5a 9f
    dc 23 58 e2 db 68 86 ad 6c 45 96 01 9f 83 91 87
    c8 88 43 40 fb 6c 9a 21 87 42 c8 df 22 e4 3d 12
    bd e4 dc be 4f cf d1 ca 89 ba d2 b6 c9 aa 74 0c
    22 d2 9d 00 4b a6 05 e9 61 c1 2a d7 40 6e 0f b9
    4f b0 21 56 91 25
<<< TLS 1.2, RecordHeader [length 0005]
    14 03 03 00 01
<<< TLS 1.3, ChangeCipherSpec [length 0001]
    01
<<< TLS 1.2, RecordHeader [length 0005]
    16 03 03 04 ba
<<< TLS 1.3, Handshake [length 04ba], ServerHello
    02 00 04 b6 03 03 3e 1c 57 f6 ac 60 a9 72 5d 57
    f4 a5 c3 26 e7 57 71 4b 8b 5b 22 6c 86 71 b8 7f
    85 95 ac 34 c9 77 20 e7 a5 57 93 19 66 15 d7 91
    f0 a8 ce 08 05 ab a4 66 b7 4d b7 f5 13 6b 75 3b
    fe 19 2b 7a 5d 38 4a 13 02 00 04 6e 00 2b 00 02
    03 04 00 33 04 64 11 ec 04 60 bc 7a 6c 02 cb 35
    19 6f 4b 43 79 d8 2c 51 24 d1 7e 0e 2b 16 12 88
    bd 04 ca cc 35 d4 3e 89 94 a4 05 29 58 64 f2 42
    f3 84 42 22 28 8e f0 1c 58 d6 74 6d 55 e8 0f 87
    30 aa 17 1e b5 1e 84 32 a7 3a 4c a9 50 25 c5 79
    e8 fc cb 25 86 57 fc ac ab 50 f1 88 7e 7a 9b 67
    05 e6 b5 4e 49 a3 4b d9 99 ce 3d e8 c2 8d 94 26
    1b 71 0c 15 44 61 fe 12 20 1b 3d f4 e3 60 1d 63
    0e c0 31 29 f0 c7 56 36 c7 19 a7 3a 35 ed d9 39
    9e 91 0e e1 2f ac 53 22 8d 52 bf 3e db 29 d3 54
    d5 9a 35 8c a4 b7 72 79 83 97 1e 66 e6 07 3f f4
    1b 39 91 1f e4 8c 00 fb 30 84 19 47 f5 2d aa 77
    e5 6f 95 28 0e b0 b1 6d 9c 13 ce c2 47 f2 6c a1
    52 9a ec 1c e5 27 db 80 c8 02 98 2b 3f 19 99 b6
    6a 9a c0 55 6c 69 00 c5 d9 b7 cc 5c 8d bf 21 b5
    ad 1b 69 49 a0 a5 5b 8d 05 fe 4c 04 34 36 c2 16
    b3 67 7e 58 42 2b a9 f2 ce e3 ee 0f 03 9f c5 fa
    e9 5f 61 b8 f8 aa 81 67 47 8f 76 c7 f1 32 0d 78
    da 3d c0 b6 de f9 a7 7b ca 72 bb 88 09 27 53 d7
    bc bc a4 6c 42 a5 8c f0 e5 90 13 ae 88 4f 7c 1b
    b3 a0 8f 2e 16 22 2b da 0a b5 61 67 7e 91 31 83
    a0 38 a9 3f 0f ea c8 12 4f 01 92 03 2c bf 94 04
    b3 50 4f 40 32 17 0c bc 57 63 7c 50 4a 1b 97 e0
    27 6f d8 6e eb b5 43 45 2d d6 3f 07 03 79 0b c6
    53 a7 29 4e a1 fc cf e4 87 e3 91 5c 64 17 60 a8
    47 62 0c bd 0d 31 07 8f e3 c7 20 1b 53 37 ab 05
    a6 76 a6 ca 63 4a b3 82 43 02 2e ec 1c 3e ea 2b
    1a a8 18 05 56 e5 76 08 5f 49 13 86 2c bd 1b 96
    83 6a e5 fa f5 2a 9d a8 53 56 5f ad a3 84 a5 d2
    28 65 f5 2c 19 79 21 70 f8 eb cd 61 35 f4 6c 10
    69 85 15 6e 9e 68 ab d1 28 b5 44 15 02 95 ee 26
    1f 1b d3 af c6 5c 06 6e 66 c7 a9 44 d8 3f 61 59
    8b d4 a0 49 d1 fc e7 1d 19 26 1a d1 c0 0d 4d f5
    4c 93 1e 02 ed 62 bf ec 4d e8 4b 27 c9 d3 5d 56
    6c b4 1c d7 b3 4d 18 ba a8 a8 3f a2 92 71 2c 55
    b4 ed 95 f0 67 80 b0 ab 25 42 d2 ef 1f 65 fa 05
    8c d3 8b 8b 68 07 96 6d 46 a4 88 3f a2 64 0c 5e
    e0 5e 61 d5 a3 3c 5b cd 33 9d a8 47 21 16 cb 88
    88 65 30 07 6d ef b8 51 d3 83 53 fe 64 b0 15 83
    df d3 91 f1 e1 db 72 51 35 36 a5 9c be 93 82 1c
    50 0c 87 52 49 8f 0d 72 e7 d4 70 7a fd ea f8 4f
    1a b9 32 1d ae c7 68 6e 2e 84 80 50 c2 95 e5 74
    ce 53 1c d7 0c ed 24 1a fa 7f d5 7e bd ef 5b 1a
    1b e2 04 e0 ea fb a0 a8 61 5e bb 0e bb 94 34 f6
    72 bc da ca 52 36 4f 41 f9 e7 09 7c 11 df dc ad
    af 2d a2 61 fc 0f 47 33 67 0b 1f c8 ad ae 21 83
    a7 1c 41 30 50 67 84 57 82 27 bf 0a 70 9f ac 1b
    7f 36 35 a4 4b 71 2e 4d 3e 12 95 04 0d 35 2a 41
    74 7d 2a 9f 6c ec c7 4a 7e fb 1f f6 7b 65 0a b2
    23 64 9a 31 e7 be a0 38 49 2c 89 42 cf af 29 6d
    2c f1 72 af 74 a4 cc ca bb 91 9d db c6 51 65 61
    51 38 e6 fd c2 d7 bb 6c 68 86 e7 a2 0c 60 57 5d
    9e 0c e4 b4 4d ac 80 02 1c 12 ba 72 12 13 43 a9
    62 6a e6 70 39 e7 d6 26 2e 5f b1 7d 4b 7a cf ba
    87 92 1e 49 a2 a0 8c b9 ad cd c0 93 b2 b4 41 2c
    eb ca 7a e2 9d 9c 33 26 dc 3c 67 6b 35 21 f6 98
    94 70 37 4e f7 a2 6d a0 76 e7 f1 fe 6c 0c a9 a7
    2a 4a c0 b2 84 89 6e 23 d0 f1 d8 49 27 b2 b3 e7
    fb b7 8d ed b8 5c 22 4d 89 e3 ad 42 b3 ca ba 2a
    eb 7e f5 d2 36 a0 a2 7d 1b ab 22 f7 fe d3 7a 93
    7c f1 59 55 29 92 37 62 bc 6e cc 8d 3b d5 cb 79
    47 6d 80 a2 94 db ca fd da ca 35 16 42 d0 6a 1f
    30 e3 4f 42 f3 98 65 b8 39 52 02 4f 7b a3 a7 52
    95 82 06 0c da 7c e7 9e 8c a6 02 3b 10 d5 2a 09
    44 a5 86 06 4a e8 bb 9a a2 52 04 e0 35 53 0f 75
    0a 5d ff fa 73 3b f8 9f 78 95 6a ff 9c e8 86 9b
    f4 4e 55 47 ce e2 e7 7c 91 d2 37 cc 64 b2 02 f9
    f8 65 b9 af 20 b3 8e e6 ed 1c e1 ce 90 c3 4f 60
    c0 b4 47 a0 ee 0d e1 95 7e 62 5d ee b1 bc a6 fc
    c5 2d c7 26 45 da 69 a8 d6 bf da b0 62 f4 7c c1
    ad a8 0b 6c 34 a4 24 65 a3 03
<<< TLS 1.2, RecordHeader [length 0005]
    17 03 03 00 17
<<< TLS 1.3, InnerContent [length 0001]
    16
<<< TLS 1.3, Handshake [length 0006], EncryptedExtensions
    08 00 00 02 00 00
<<< TLS 1.2, RecordHeader [length 0005]
    17 03 03 03 47
<<< TLS 1.3, InnerContent [length 0001]
    16
<<< TLS 1.3, Handshake [length 0336], Certificate
    0b 00 03 32 00 00 03 2e 00 03 29 30 82 03 25 30
    82 02 0d a0 03 02 01 02 02 01 02 30 0d 06 09 2a
    86 48 86 f7 0d 01 01 0b 05 00 30 12 31 10 30 0e
    06 03 55 04 03 0c 07 52 6f 6f 74 20 43 41 30 20
    17 0d 31 36 30 31 31 34 32 32 32 39 34 36 5a 18
    0f 32 31 31 36 30 31 31 35 32 32 32 39 34 36 5a
    30 19 31 17 30 15 06 03 55 04 03 0c 0e 73 65 72
    76 65 72 2e 65 78 61 6d 70 6c 65 30 82 01 22 30
    0d 06 09 2a 86 48 86 f7 0d 01 01 01 05 00 03 82
    01 0f 00 30 82 01 0a 02 82 01 01 00 d5 5d 60 6a
    df fc 61 ee 48 aa 8c 11 48 43 a5 6d b6 52 5d aa
    98 49 b1 61 92 35 b1 fc 3a 04 25 0c 6d 79 ff b4
    d5 c9 e9 5c 1c 3b e0 ab b3 b8 7d a3 de 6d bd e0
    dd d7 5a bf 14 47 11 42 5e a6 82 d0 61 c1 7f dd
    13 46 e6 09 85 07 0e f2 d4 fc 1a 64 d2 0a ad 20
    ab 20 6b 96 f0 ad cc c4 19 53 55 dc 01 1d a4 b3
    ef 8a b4 49 53 5d 8a 05 1c f1 dc e1 44 bf c5 d7
    e2 77 19 57 5c 97 0b 75 ee 88 43 71 0f ca 6c c1
    b4 b2 50 a7 77 46 6c 58 0f 11 bf f1 76 24 5a ae
    39 42 b7 51 67 29 e1 d0 55 30 6f 17 e4 91 ea ad
    f8 28 c2 43 6f a2 64 a9 fb 9d 98 92 62 48 3e eb
    0d 4f 82 4a 8a ff 3f 72 ee 96 b5 ae a1 c1 98 ba
    ef 7d 90 75 6d ff 5a 52 9e ab f5 c0 7e d0 87 43
    db 85 07 07 0f 7d 38 7a fd d1 d3 ee 65 1d d3 ea
    39 6a 87 37 ee 4a d3 e0 0d 6e f5 70 ac c2 bd f1
    6e f3 92 95 5e a9 f0 a1 65 95 93 8d 02 03 01 00
    01 a3 7d 30 7b 30 1d 06 03 55 1d 0e 04 16 04 14
    c0 e7 84 bf e8 59 27 33 10 b0 52 4f 51 52 2f 06
    d6 c0 7a cd 30 1f 06 03 55 1d 23 04 18 30 16 80
    14 70 7f 2e ae 83 68 59 98 04 23 2a cd eb 3e 17
    cd 24 dd 01 49 30 09 06 03 55 1d 13 04 02 30 00
    30 13 06 03 55 1d 25 04 0c 30 0a 06 08 2b 06 01
    05 05 07 03 01 30 19 06 03 55 1d 11 04 12 30 10
    82 0e 73 65 72 76 65 72 2e 65 78 61 6d 70 6c 65
    30 0d 06 09 2a 86 48 86 f7 0d 01 01 0b 05 00 03
    82 01 01 00 7b d3 04 43 75 8a 0f 11 ae c4 fb d7
    a1 a2 9e fe 20 18 d5 f4 2f 31 88 46 b6 75 8c ee
    e5 9b 97 a6 b9 a3 cd 60 9a 46 c3 48 97 e5 97 68
    f7 5a 86 35 73 d9 69 9e f9 5f 74 b9 e6 94 13 01
    cb 6a dc e3 c4 04 e9 65 da 9c a4 8b 28 f3 f9 9a
    7f bf 97 1f 45 92 e5 05 b1 56 e6 0b f6 47 de 1e
    89 b6 2b e1 4d df 4a 7e 01 d3 23 dc 97 8c 47 fe
    5f c7 cc 98 46 0e c4 83 5b ca 8a f1 52 09 be 6b
    ec 3f 09 8b d0 93 02 bf e1 51 e7 d1 7e 34 56 19
    74 d0 ff 28 25 de b7 9f 56 52 91 7d 20 29 85 0a
    80 44 5f 71 32 25 71 0f c2 16 e2 5f 6b 1d 3f 32
    5b 0a 3c 74 1c b9 62 f1 ed 07 50 a3 6d b4 b4 31
    0a c0 53 44 6a 3a 88 84 8b 2d a9 b0 37 8e e6 18
    36 bd 9a 20 40 0f 01 92 8b 3d aa 61 e7 ae 2c ed
    36 cd 3a 07 86 74 3a 29 b3 d7 3a b4 00 a9 c2 f5
    92 78 0e e2 0f a3 fe bb be e0 06 53 84 59 1d 90
    69 e5 b6 f9 00 00
<<< TLS 1.2, RecordHeader [length 0005]
    17 03 03 01 19
<<< TLS 1.3, InnerContent [length 0001]
    16
<<< TLS 1.3, Handshake [length 0108], CertificateVerify
    0f 00 01 04 08 04 01 00 ae 66 ed 97 04 9d b3 ef
    26 b0 2c 15 d3 6b f1 c1 d6 4e 36 4e 62 20 96 69
    db 79 1b 1a 51 37 64 5c 22 0a bd d3 0b 1c 6e 8c
    a4 e5 53 6c 94 d0 00 63 bc 46 bd 6a 68 86 dc 6b
    5b b6 c4 56 71 0b f8 fe b3 e6 eb 12 69 2f 52 01
    6a 6c 22 34 2b 40 cf 47 c9 f7 40 b8 56 dc f9 60
    67 48 86 0f cb f2 69 8a 0d f6 99 ac f5 ee fe 2a
    ee 10 33 9f d9 d5 11 73 d5 1b 2a 0d 5b f5 6a 04
    89 7e 20 fd c6 ae 8c 89 f0 05 3f d1 08 09 9e d5
    fd 1c 6c 29 93 88 15 35 56 cd a0 a5 10 69 fb a2
    8d 41 e2 60 17 9f b9 f1 39 23 fc 9d 88 ff 0c 0f
    5c c5 10 91 76 6b eb 77 31 53 0a 00 19 56 6c 7b
    bf c1 86 50 b1 fe bc a4 ed 8b 1a d9 f1 f5 60 f6
    ef a5 00 1d 35 d8 85 4e 42 0a fa 7f 3f 09 97 07
    52 a7 9e 20 d3 aa 21 8c 8f 90 60 31 e1 dd e3 7a
    71 74 d1 cd a7 6e 19 39 67 27 c2 ab 43 ce af 99
    3c b4 41 cb 43 e6 5b 14
<<< TLS 1.2, RecordHeader [length 0005]
    17 03 03 00 45
<<< TLS 1.3, InnerContent [length 0001]
    16
<<< TLS 1.3, Handshake [length 0034], Finished
    14 00 00 30 89 22 24 a8 d0 2c be 8b 11 fd 70 2f
    69 ff 95 87 81 c4 e2 17 9b 3c 20 1a c3 6c 16 b9
    4a dd 5b 19 53 66 39 32 fd 73 7d 82 a7 42 cf 08
    07 26 b9 ef
>>> TLS 1.2, RecordHeader [length 0005]
    17 03 03 00 45
>>> TLS 1.2, InnerContent [length 0001]
    16
>>> TLS 1.3, Handshake [length 0034], Finished
    14 00 00 30 ac 2c 84 b6 e0 08 95 8a 7e 19 17 c4
    21 d1 8d 64 3f f8 7f 18 12 ec 3c f2 e3 e3 03 99
    11 ff 04 de b0 24 99 8c cc 3f 68 5f 0b 2d 0a 6f
    d7 b3 c7 14
---
Certificate chain
 0 s:CN=server.example
   i:CN=Root CA
   a:PKEY: RSA, 2048 (bit); sigalg: sha256WithRSAEncryption
   v:NotBefore: Jan 14 22:29:46 2016 GMT; NotAfter: Jan 15 22:29:46 2116 GMT
---
Server certificate
-----BEGIN CERTIFICATE-----
MIIDJTCCAg2gAwIBAgIBAjANBgkqhkiG9w0BAQsFADASMRAwDgYDVQQDDAdSb290
IENBMCAXDTE2MDExNDIyMjk0NloYDzIxMTYwMTE1MjIyOTQ2WjAZMRcwFQYDVQQD
DA5zZXJ2ZXIuZXhhbXBsZTCCASIwDQYJKoZIhvcNAQEBBQADggEPADCCAQoCggEB
ANVdYGrf/GHuSKqMEUhDpW22Ul2qmEmxYZI1sfw6BCUMbXn/tNXJ6VwcO+Crs7h9
o95tveDd11q/FEcRQl6mgtBhwX/dE0bmCYUHDvLU/Bpk0gqtIKsga5bwrczEGVNV
3AEdpLPvirRJU12KBRzx3OFEv8XX4ncZV1yXC3XuiENxD8pswbSyUKd3RmxYDxG/
8XYkWq45QrdRZynh0FUwbxfkkeqt+CjCQ2+iZKn7nZiSYkg+6w1PgkqK/z9y7pa1
rqHBmLrvfZB1bf9aUp6r9cB+0IdD24UHBw99OHr90dPuZR3T6jlqhzfuStPgDW71
cKzCvfFu85KVXqnwoWWVk40CAwEAAaN9MHswHQYDVR0OBBYEFMDnhL/oWSczELBS
T1FSLwbWwHrNMB8GA1UdIwQYMBaAFHB/Lq6DaFmYBCMqzes+F80k3QFJMAkGA1Ud
EwQCMAAwEwYDVR0lBAwwCgYIKwYBBQUHAwEwGQYDVR0RBBIwEIIOc2VydmVyLmV4
YW1wbGUwDQYJKoZIhvcNAQELBQADggEBAHvTBEN1ig8RrsT716Ginv4gGNX0LzGI
RrZ1jO7lm5emuaPNYJpGw0iX5Zdo91qGNXPZaZ75X3S55pQTActq3OPEBOll2pyk
iyjz+Zp/v5cfRZLlBbFW5gv2R94eibYr4U3fSn4B0yPcl4xH/l/HzJhGDsSDW8qK
8VIJvmvsPwmL0JMCv+FR59F+NFYZdND/KCXet59WUpF9ICmFCoBEX3EyJXEPwhbi
X2sdPzJbCjx0HLli8e0HUKNttLQxCsBTRGo6iISLLamwN47mGDa9miBADwGSiz2q
YeeuLO02zToHhnQ6KbPXOrQAqcL1kngO4g+j/ru+4AZThFkdkGnltvk=
-----END CERTIFICATE-----
subject=CN=server.example
issuer=CN=Root CA
---
No client certificate CA names sent
Peer signing digest: SHA256
Peer signature type: rsa_pss_rsae_sha256
Negotiated TLS1.3 group: X25519MLKEM768
---
SSL handshake has read 2546 bytes and written 1702 bytes
Verification error: unable to verify the first certificate
---
New, TLSv1.3, Cipher is TLS_AES_256_GCM_SHA384
Protocol: TLSv1.3
Server public key is 2048 bit
This TLS version forbids renegotiation.
Compression: NONE
Expansion: NONE
No ALPN negotiated
Early data was not sent
Verify return code: 21 (unable to verify the first certificate)
---
>>> TLS 1.2, RecordHeader [length 0005]
    17 03 03 00 13
>>> TLS 1.2, InnerContent [length 0001]
    15
>>> TLS 1.3, Alert [length 0002], warning close_notify
    01 00
Connecting to 127.0.0.1
SSL_connect:before SSL initialization
SSL_connect:SSLv3/TLS write client hello
SSL_connect:SSLv3/TLS write client hello
SSL_connect:SSLv3/TLS read server hello
SSL_connect:SSLv3/TLS write change cipher spec
SSL_connect:SSLv3/TLS write client hello
SSL_connect:SSLv3/TLS write client hello
SSL_connect:SSLv3/TLS read server hello
Can't use SSL_get_servername
SSL_connect:TLSv1.3 read encrypted extensions
depth=0 CN=server.example
verify error:num=20:unable to get local issuer certificate
verify return:1
depth=0 CN=server.example
verify error:num=21:unable to verify the first certificate
verify return:1
depth=0 CN=server.example
verify return:1
SSL_connect:SSLv3/TLS read server certificate
SSL_connect:TLSv1.3 read server certificate verify
SSL_connect:SSLv3/TLS read finished
SSL_connect:SSLv3/TLS write finished
DONE
SSL3 alert write:warning:close notify
