CONNECTED(00000003)
>>> TLS 1.0, RecordHeader [length 0005]
    16 03 01 00 d6
>>> TLS 1.3, Handshake [length 00d6], ClientHello
    01 00 00 d2 03 03 1e ed 44 1d c7 2c c8 b3 26 0f
    b5 3f ec 8d b0 da 1d 9e fd 22 5c ae df 4b 79 6e
    f9 0e 08 4b 68 2d 20 51 a9 c4 42 e1 dc 7e 17 28
    c3 a6 7a 62 12 1f 61 eb e0 14 c5 ea a1 ec 6f 10
    44 9d 8b 35 1c 34 e3 00 06 13 02 13 03 13 01 01
    00 00 83 00 0b 00 04 03 00 01 02 00 0a 00 06 00
    04 00 1d 11 ec 00 23 00 00 00 16 00 00 00 17 00
    00 00 0d 00 2a 00 28 09 05 09 06 09 04 04 03 05
    03 06 03 08 07 08 08 08 1a 08 1b 08 1c 08 09 08
    0a 08 0b 08 04 08 05 08 06 04 01 05 01 06 01 00
    2b 00 03 02 03 04 00 2d 00 02 01 01 00 33 00 26
    00 24 00 1d 00 20 34 f7 1c d5 05 ef e9 07 64 0f
    05 ca 96 d7 ea 02 4e ca 25 ae 80 03 30 ea 37 a1
    1e bd c7 db 63 40
<<< TLS 1.2, RecordHeader [length 0005]
    16 03 03 00 58
<<< TLS 1.3, Handshake [length 0058], ServerHello
    02 00 00 54 03 03 cf 21 ad 74 e5 9a 61 11 be 1d
    8c 02 1e 65 b8 91 c2 a2 11 16 7a bb 8c 5e 07 9e
    09 e2 c8 a8 33 9c 20 51 a9 c4 42 e1 dc 7e 17 28
    c3 a6 7a 62 12 1f 61 eb e0 14 c5 ea a1 ec 6f 10
    44 9d 8b 35 1c 34 e3 13 02 00 00 0c 00 2b 00 02
    03 04 00 33 00 02 11 ec
>>> TLS 1.2, RecordHeader [length 0005]
    14 03 03 00 01
>>> TLS 1.3, ChangeCipherSpec [length 0001]
    01
>>> TLS 1.2, RecordHeader [length 0005]
    16 03 03 05 76
>>> TLS 1.3, Handshake [length 0576], ClientHello
    01 00 05 72 03 03 1e ed 44 1d c7 2c c8 b3 26 0f
    b5 3f ec 8d b0 da 1d 9e fd 22 5c ae df 4b 79 6e
    f9 0e 08 4b 68 2d 20 51 a9 c4 42 e1 dc 7e 17 28
    c3 a6 7a 62 12 1f 61 eb e0 14 c5 ea a1 ec 6f 10
    44 9d 8b 35 1c 34 e3 00 06 13 02 13 03 13 01 01
    00 05 23 00 0b 00 04 03 00 01 02 00 0a 00 06 00
    04 00 1d 11 ec 00 23 00 00 00 16 00 00 00 17 00
    00 00 0d 00 2a 00 28 09 05 09 06 09 04 04 03 05
    03 06 03 08 07 08 08 08 1a 08 1b 08 1c 08 09 08
    0a 08 0b 08 04 08 05 08 06 04 01 05 01 06 01 00
    2b 00 03 02 03 04 00 2d 00 02 01 01 00 33 04 c6
    04 c4 11 ec 04 c0 89 1c 67 f5 60 c8 f1 98 7a 66
    f5 45 d3 65 59 e9 12 5c fd 66 aa 91 d8 34 f5 d0
    a5 25 13 5a 47 fc 78 a8 96 66 40 a2 ba 7f 78 5e
    de 44 b7 45 15 69 12 32 8e 5d f1 37 fb 62 62 39
    64 72 68 b9 c9 60 e6 55 54 11 4a 0d 2b 84 81 74
    77 7f 6b 6c 5b 56 02 0f b2 b3 42 68 24 fe 13 62
    62 f2 83 38 81 1a f4 74 bf a3 07 af c8 04 14 f3
    60 34 f9 81 01 f9 ba 23 67 c2 39 6a 37 91 58 ac
    b6 d0 0a 21 48 5b 8c 1f ab 2f 4a 08 35 0e 40 bd
    65 5b cf d8 9c 97 63 96 7c ec a4 1a 81 92 3b c8
    b6 5f cd b2 7f 15 d9 c5 a0 06 b3 3e 34 9d e2 bb
    af 0f 6b 16 8b a8 b8 ee 18 59 d1 60 aa e1 3b 6f
    28 b8 70 77 b3 2a e8 7c 32 45 3b 4c d0 87 80 94
    19 cf d6 91 7a b7 e5 2a 95 81 a1 c1 1c 2b 74 39
    36 ef e8 cc 88 b1 b2 57 89 59 04 e8 cb dd 66 c5
    24 d0 c8 8f da 7b 34 a2 16 f6 c7 72 9e d8 0e b5
    5b 7d 19 d6 9d 42 31 91 89 10 b4 db 16 05 ce 1b
    af 27 4a 30 a5 03 c0 71 37 a9 c2 6b 32 89 14 20
    2e 94 58 ed e9 0d 0f cc 6c 77 b3 3b 91 7c 06 ca
    d5 c7 80 34 3f b4 7c aa 40 06 59 08 8b a7 83 f0
    71 82 c0 30 50 f4 c1 a0 a7 6e 2a 2b 6c 2d 99 7d
    a6 22 87 0a 2a c2 67 44 89 56 e8 7d 1c 89 60 12
    54 0a 32 71 be e3 4b 15 01 90 0e 8a 15 84 b3 c7
    26 9d 72 85 a4 95 7a de 01 60 34 26 08 e7 d1 3e
    db 25 02 42 08 5b cb 90 27 b6 b0 7c 8f 0c 37 dc
    97 21 85 a9 63 81 c4 20 28 e2 55 28 39 6d 28 b9
    73 ac 9a a5 f0 dc 9e 89 d8 9a be 29 99 29 eb 25
    fa 37 52 d5 93 c1 25 02 41 ed 07 93 1c 47 20 1c
    12 cc c6 7a c4 52 b4 01 24 84 af 9b 6b 1c 01 45
    87 fb 76 7c 64 d0 6f e2 8a 85 6b 01 3c 45 52 09
    b3 56 6d 91 6a 62 fa 83 86 53 ab bf ca 2c 6b 51
    08 80 98 75 57 30 4a 4c a0 9b 73 ee a3 73 2a 75
    ad 95 3c a2 20 4b 2d c1 78 cc 0e 2b 82 5b 9c 7e
    3d c8 21 1f 16 83 1b b9 22 5c d6 c8 19 58 96 e8
    a7 5f 2f e4 0a 98 d6 0b 8f ba 49 0c 20 6c 23 52
    7a b1 81 4e c2 20 98 a1 40 3e 4c f7 3f b4 68 bc
    26 18 c2 9a d1 28 a1 3c c2 99 ec 22 8f d7 44 98
    30 6f fc d1 4a ce fc 29 ba 17 4a 4d 50 97 1a fc
    42 6b c0 c8 78 97 64 d3 84 66 6a 69 59 d2 3b b5
    30 30 17 9b 32 b1 f6 96 a9 d0 06 cd 9e 29 12 a9
    40 c0 b5 e6 ad 32 63 5d 60 42 06 21 26 4e 13 1a
    03 2d ca ce 98 fa 01 64 c8 62 a9 c2 4a 43 d6 01
    f1 d2 cc c0 c7 61 68 11 51 fb 8a 0f a8 8a 3a e6
    00 ac 4d 47 7a 72 08 c1 11 f0 2d ad 42 3c e6 49
    76 33 12 64 13 b5 71 de 57 7b 39 37 c7 70 d0 bf
    fa b1 a2 63 12 5a 5b 6c 97 b8 d0 3c 7d d0 4a 86
    e7 64 4e a3 36 db e1 45 00 a9 2e 27 8b 37 4a 53
    10 91 85 a4 4a 86 30 cc 83 55 73 66 1e c5 62 98
    b4 48 cf 9e c8 1e be 02 8a 1f 6c 6b 00 08 89 f1
    f3 1d 49 79 11 9b 7c 41 35 88 43 8e ac 60 7f 32
    76 e4 eb 82 1e 57 53 fa ec a7 c3 21 07 0a ec 37
    e7 56 55 67 76 34 e9 28 3a 65 97 64 f9 2a 41 ac
    05 c0 9c 03 0d 24 88 05 c0 bb 30 48 b2 05 72 16
    01 8d 58 ae 7a 76 9a 07 6c 6a 2c 89 8f 42 16 57
    68 e1 17 dc 49 21 d5 e5 73 62 ac 12 98 93 5d 99
    48 08 bb a7 9b 17 2b 6b bf 30 ad 3e f7 a0 cf c0
    a5 fb 29 60 b2 d5 0c 7a 35 25 05 ba 02 da c5 90
    90 e2 0a 56 c7 a8 8e a1 82 a4 6b 64 eb 84 4c 1d
    22 45 a1 f4 0b 02 a0 65 d9 0a 4b ee f3 66 39 b7
    ab 8b f1 5b 5b d2 21 90 a9 43 7b c3 24 d1 b6 8d
    ff 58 5a ce 69 b9 d9 64 cc e6 31 06 c7 b9 65 7a
    fa 25 d5 d6 17 ad c8 68 e9 02 68 8e 88 00 0d 17
    4a 8b 0c 8a 9e 07 99 e7 e2 47 64 18 00 b3 3a 30
    92 95 ab a7 04 10 46 f5 18 bf b8 cc 19 40 29 55
    99 0b 8c dc 81 d9 5a 80 96 ea 91 14 f4 55 86 3b
    7a 5f c7 16 0a 86 ae e2 fa 14 b5 95 6e db 07 3a
    dd 6b 2d e6 f6 99 a8 ea 29 56 f4 50 a2 47 84 53
    66 23 84 05 bd 10 d3 1a f4 92 08 ee 52 9a be d3
    3f 76 39 07 11 97 91 73 34 3d 27 5c 0f cf 57 a9
    c3 7a 14 df 85 2b a8 e7 c6 ac f0 35 06 60 aa bd
    91 a2 17 ba bc ee 76 08 42 33 5d a2 f3 17 df 0a
    73 03 eb 77 c0 29 a5 e7 e9 0d db 96 c2 88 a1 24
    fc 5b 72 28 49 b3 07 2b a7 99 a7 36 2b 9e d4 90
    83 c7 90 bf 1b 78 b6 fe ce 2e 72 f6 ff 5f e2 47
    b0 df 45 6e f7 3d 66 7d 69 d6 03 be 1d a0 08 a8
    6b ef 59 55 0e a4 48 c1 e1 96 a4 a6 f9 69 74 8e
    0f 48 8a ff 5f 6c
<<< TLS 1.2, RecordHeader [length 0005]
    14 03 03 00 01
<<< TLS 1.3, ChangeCipherSpec [length 0001]
    01
<<< TLS 1.2, RecordHeader [length 0005]
    16 03 03 04 ba
<<< TLS 1.3, Handshake [length 04ba], ServerHello
    02 00 04 b6 03 03 73 b7 4f 49 a4 0e 49 76 ad e5
    eb 91 a8 95 f7 1d f6 c9 9e c7 4f 25 1a e9 b4 35
    8a cb e5 36 17 59 20 51 a9 c4 42 e1 dc 7e 17 28
    c3 a6 7a 62 12 1f 61 eb e0 14 c5 ea a1 ec 6f 10
    44 9d 8b 35 1c 34 e3 13 02 00 04 6e 00 2b 00 02
    03 04 00 33 04 64 11 ec 04 60 eb ef 9c e1 55 be
    b3 78 71 45 73 15 59 84 a6 85 5e 35 cc 22 a3 3f
    47 8f e0 97 36 0c a9 25 0b a0 ba 0c 55 8c a9 46
    6a c4 8d df f9 a5 d1 e9 35 c6 a1 ea 6a 89 6f 18
    b1 4b 28 5b 93 a8 2f da ba 95 75 69 40 53 67 70
    ff f4 a5 c5 7b 20 d9 7e 88 1d b7 a3 1b cd 17 99
    cc 5f 45 d9 74 8c 3b 30 ff e1 51 fb 9d 50 21 e0
    a7 c4 12 64 07 50 bc fa c5 51 86 bd a9 a9 44 97
    88 1f e4 59 60 e2 89 0d f4 1c 84 d3 21 bb fd 69
    de c8 58 ef 66 fb 73 f0 0b f7 18 eb d2 d8 e7 25
    fe e0 8c 0f 6f 0e 8c 0e e8 35 bd 68 0e 83 fb 7c
    42 89 e3 0c 5b 43 c2 78 8e cf 64 e9 cc 5b e2 67
    43 10 45 ec 51 00 77 44 37 df 63 d8 b4 6f dd f9
    e0 94 0e 44 42 8a f8 6d 9a 90 0c 90 57 2f 88 b4
    12 f3 ec 1e 31 95 79 9d 2d af 4f 67 59 93 4a 1b
    bd 84 b8 91 4d d5 ff 7c 8b b4 99 6f 63 e3 be 14
    83 46 35 11 47 3d 16 f0 4a 43 13 5b 17 61 1f 6a
    9e 57 a9 dd 5d a6 40 ab d0 ec eb 6a bc 45 b5 b6
    2e 6c d9 b2 32 2e ae af 3e 65 24 48 e0 05 ad f1
    8c 71 f3 c1 ca ff a6 7f bb 00 f7 a9 10 b5 e8 66
    11 31 20 3a b3 0a d5 ae 59 49 cc fc 9f ba 5a 4b
    86 2c 38 0a 77 9d 3e a5 02 43 15 18 ad 86 11 74
    52 fd de b8 db 00 e4 05 3a 4b b0 87 24 74 92 86
    a1 54 4b c4 78 2b a3 fb 98 2f 0c 11 0b 14 76 ea
    e1 c7 f7 18 84 60 3a ec 0d 60 3a 64 4a c8 be 0a
    44 2c 8a 1b 8c e5 50 00 13 52 22 50 c9 4c 47 39
    97 89 e8 40 b8 f1 bc 1e a6 bc d9 0a fa 26 cd 87
    ab 41 aa 60 31 38 37 86 db 22 2d 1e 22 e4 b2 4f
    f1 43 36 6c 9d de cc 1e b0 d5 0a 99 e0 ce 7c b4
    73 34 b5 05 0b 6f 71 5d 63 26 f4 c9 ef d3 dc 56
    e1 d1 d9 ad 78 3e fb d8 3d 77 5a d6 51 20 0c 5d
    db 05 4c 01 48 32 ca bc 47 4d 3c 70 44 fe d3 86
    7b 2f 4b 71 9b ed ef a9 35 f7 55 f5 8a 28 f4 c4
    2d 81 5e 2c 74 8b 0b 12 11 11 e6 b0 fd f1 04 34
    0b c7 ec 2b 7f 80 f4 2d 3d d6 23 5c ba b1 41 fc
    24 39 24 db 71 a7 5c c1 a7 60 b3 00 1f 39 0e 7e
    38 b6 f0 84 18 4c 35 2d 88 aa bb f2 a9 98 a0 90
    b3 1d ba 55 ef 9c 44 d2 18 96 d9 5d 3d 3b 2c 0a
    df c9 87 2d d1 c2 dd 9c 0a 6b 44 b6 8e 2e 5f 1b
    5f 1a c0 bd 98 67 85 7a ec 77 38 84 fb 32 42 97
    69 dc ec 64 4d 49 50 2f c2 02 f2 ae 2f b6 c1 b7
    e5 13 4c 66 0d 54 24 0e 75 ba f7 6d fe db cf 6c
    3a e9 03 61 6e 87 44 1c f9 aa 07 71 ed db b9 41
    c4 b0 12 14 77 2c 05 a2 90 3b 2f e3 1b 46 63 ce
    df 4a e8 ae d6 f4 6f 21 01 7b ce 67 8d 03 82 f8
    e7 e8 af 12 40 59 d5 88 2f 8d 96 b5 16 7f 5f 6c
    40 19 f4 a1 e4 33 59 9f a8 01 1a 28 cf 35 e7 12
    78 2a 88 57 7a a8 7b 27 88 da 88 ae ee 72 d0 d2
    4c 26 de 7f 7e 34 d5 5d 4f 2b 7a 12 43 07 bd 1b
    fc 3b 2e 3a 2a f2 64 38 e0 f1 2e 0b 1a 31 37 50
    2f f3 98 c2 b4 8f 48 b3 b4 1b 06 bb 0f a2 84 a2
    d9 a5 5a 8f ad 9d b2 34 67 93 a2 ef 12 7c 95 e0
    ac d9 b8 97 7f 47 97 a5 b0 a5 6a ff 2c 30 2a 50
    70 43 c8 a5 f2 c2 fc 19 cc 1e 9c cc e4 95 a7 1e
    3d b9 71 bc 63 bd 7e fe e3 71 2f a2 0a 8b 7f c0
    63 4d 69 a5 a1 92 80 bf 84 32 32 d2 1d 39 1b 9f
    ca 0b 42 1c 27 60 78 b9 73 03 5b 09 a5 4b 6e d1
    19 ac f9 72 4e c6 f9 b0 6a b9 97 23 ba 27 1a f7
    72 57 12 90 81 55 28 b3 b2 72 ab 95 62 33 d5 ec
    a8 ab 69 0c 11 5d 47 1b 2f a3 1d 98 3b f0 13 26
    51 dd 7d a2 29 fc 85 66 8c bb b0 ab 83 0f 83 6a
    fc b1 a2 f9 4a 09 3a a7 bc a7 2e e0 30 b0 68 06
    3c e7 b7 8d 42 3e 04 be 6f ef 0b 2a 02 93 11 88
    b1 d0 d4 2f d3 18 e5 0b ed bc 14 a5 a3 4d 36 de
    34 73 26 3e 6d 9c 2f e2 a2 f5 ec fc 34 d9 1c 63
    0b af 9c eb 0b 02 e9 24 1d 90 35 cf e9 e1 cf 40
    fc ad 02 32 65 0a 73 b5 d3 6f c0 d1 e1 e1 90 33
    1e 4f 58 c0 3c 07 f5 d9 95 10 e8 c3 2b 31 a4 31
    9b 15 25 1f b2 0d 0d 25 7b 4b c4 7c 79 71 0d 9e
    a6 99 d0 97 39 ba 5c 2e 2f fb 3c 74 5d 22 e4 00
    f1 c6 d8 89 68 07 8c da 9e 36
<<< TLS 1.2, RecordHeader [length 0005]
    17 03 03 00 17
<<< TLS 1.3, InnerContent [length 0001]
    16
<<< TLS 1.3, Handshake [length 0006], EncryptedExtensions
    08 00 00 02 00 00
<<< TLS 1.2, RecordHeader [length 0005]
    17 03 03 03 47
<<< TLS 1.3, InnerContent [length 0001]
    16
<<< TLS 1.3, Handshake [length 0336], Certificate
    0b 00 03 32 00 00 03 2e 00 03 29 30 82 03 25 30
    82 02 0d a0 03 02 01 02 02 01 02 30 0d 06 09 2a
    86 48 86 f7 0d 01 01 0b 05 00 30 12 31 10 30 0e
    06 03 55 04 03 0c 07 52 6f 6f 74 20 43 41 30 20
    17 0d 31 36 30 31 31 34 32 32 32 39 34 36 5a 18
    0f 32 31 31 36 30 31 31 35 32 32 32 39 34 36 5a
    30 19 31 17 30 15 06 03 55 04 03 0c 0e 73 65 72
    76 65 72 2e 65 78 61 6d 70 6c 65 30 82 01 22 30
    0d 06 09 2a 86 48 86 f7 0d 01 01 01 05 00 03 82
    01 0f 00 30 82 01 0a 02 82 01 01 00 d5 5d 60 6a
    df fc 61 ee 48 aa 8c 11 48 43 a5 6d b6 52 5d aa
    98 49 b1 61 92 35 b1 fc 3a 04 25 0c 6d 79 ff b4
    d5 c9 e9 5c 1c 3b e0 ab b3 b8 7d a3 de 6d bd e0
    dd d7 5a bf 14 47 11 42 5e a6 82 d0 61 c1 7f dd
    13 46 e6 09 85 07 0e f2 d4 fc 1a 64 d2 0a ad 20
    ab 20 6b 96 f0 ad cc c4 19 53 55 dc 01 1d a4 b3
    ef 8a b4 49 53 5d 8a 05 1c f1 dc e1 44 bf c5 d7
    e2 77 19 57 5c 97 0b 75 ee 88 43 71 0f ca 6c c1
    b4 b2 50 a7 77 46 6c 58 0f 11 bf f1 76 24 5a ae
    39 42 b7 51 67 29 e1 d0 55 30 6f 17 e4 91 ea ad
    f8 28 c2 43 6f a2 64 a9 fb 9d 98 92 62 48 3e eb
    0d 4f 82 4a 8a ff 3f 72 ee 96 b5 ae a1 c1 98 ba
    ef 7d 90 75 6d ff 5a 52 9e ab f5 c0 7e d0 87 43
    db 85 07 07 0f 7d 38 7a fd d1 d3 ee 65 1d d3 ea
    39 6a 87 37 ee 4a d3 e0 0d 6e f5 70 ac c2 bd f1
    6e f3 92 95 5e a9 f0 a1 65 95 93 8d 02 03 01 00
    01 a3 7d 30 7b 30 1d 06 03 55 1d 0e 04 16 04 14
    c0 e7 84 bf e8 59 27 33 10 b0 52 4f 51 52 2f 06
    d6 c0 7a cd 30 1f 06 03 55 1d 23 04 18 30 16 80
    14 70 7f 2e ae 83 68 59 98 04 23 2a cd eb 3e 17
    cd 24 dd 01 49 30 09 06 03 55 1d 13 04 02 30 00
    30 13 06 03 55 1d 25 04 0c 30 0a 06 08 2b 06 01
    05 05 07 03 01 30 19 06 03 55 1d 11 04 12 30 10
    82 0e 73 65 72 76 65 72 2e 65 78 61 6d 70 6c 65
    30 0d 06 09 2a 86 48 86 f7 0d 01 01 0b 05 00 03
    82 01 01 00 7b d3 04 43 75 8a 0f 11 ae c4 fb d7
    a1 a2 9e fe 20 18 d5 f4 2f 31 88 46 b6 75 8c ee
    e5 9b 97 a6 b9 a3 cd 60 9a 46 c3 48 97 e5 97 68
    f7 5a 86 35 73 d9 69 9e f9 5f 74 b9 e6 94 13 01
    cb 6a dc e3 c4 04 e9 65 da 9c a4 8b 28 f3 f9 9a
    7f bf 97 1f 45 92 e5 05 b1 56 e6 0b f6 47 de 1e
    89 b6 2b e1 4d df 4a 7e 01 d3 23 dc 97 8c 47 fe
    5f c7 cc 98 46 0e c4 83 5b ca 8a f1 52 09 be 6b
    ec 3f 09 8b d0 93 02 bf e1 51 e7 d1 7e 34 56 19
    74 d0 ff 28 25 de b7 9f 56 52 91 7d 20 29 85 0a
    80 44 5f 71 32 25 71 0f c2 16 e2 5f 6b 1d 3f 32
    5b 0a 3c 74 1c b9 62 f1 ed 07 50 a3 6d b4 b4 31
    0a c0 53 44 6a 3a 88 84 8b 2d a9 b0 37 8e e6 18
    36 bd 9a 20 40 0f 01 92 8b 3d aa 61 e7 ae 2c ed
    36 cd 3a 07 86 74 3a 29 b3 d7 3a b4 00 a9 c2 f5
    92 78 0e e2 0f a3 fe bb be e0 06 53 84 59 1d 90
    69 e5 b6 f9 00 00
<<< TLS 1.2, RecordHeader [length 0005]
    17 03 03 01 19
<<< TLS 1.3, InnerContent [length 0001]
    16
<<< TLS 1.3, Handshake [length 0108], CertificateVerify
    0f 00 01 04 08 04 01 00 92 d6 09 0c 6e a8 ea 76
    2d c5 10 88 86 4c 57 86 d2 e0 d9 90 18 00 bf 2b
    ad f3 69 0b 4d ed 49 53 a1 b9 a9 89 60 02 0e f0
    fa f6 cb 77 a6 80 f1 49 48 af 49 24 a7 fb cd d8
    c3 88 4b 2e 62 2c 5a 87 eb de 7d 62 90 24 cc 92
    ca b5 ad e0 03 ae 83 f4 e2 c7 47 68 4d d9 ec c4
    a7 a3 ae df c8 52 8a 17 dd e0 82 ba f5 75 3a 3b
    85 34 1a d4 ea 00 fb f3 11 2c 21 e8 51 58 4c 18
    df 3d 8d e1 76 63 4a 03 c9 d9 40 93 69 b2 c1 18
    f6 50 7a 37 66 2d d7 a9 79 42 f6 13 00 59 4b eb
    cc 38 43 4a 50 a6 3a 37 80 48 af d8 c6 39 6f 9c
    47 e7 df 0e 35 fb 95 53 33 6a 7a 0f a9 e6 4b 45
    a6 37 9d ac 24 69 47 10 ec 2f d9 e1 a8 ca 72 13
    dc 61 b8 1d 9a 7f 6c 6e 7d 3e 15 93 8b d5 67 cd
    55 b6 15 1b 6e 3b fc 28 30 07 d6 8d d9 c0 4c 4e
    50 61 7b 65 7c 20 85 b8 41 07 24 16 7a a5 1c e0
    bf b0 74 2a cf 41 a6 2f
<<< TLS 1.2, RecordHeader [length 0005]
    17 03 03 00 45
<<< TLS 1.3, InnerContent [length 0001]
    16
<<< TLS 1.3, Handshake [length 0034], Finished
    14 00 00 30 ef f1 c6 63 5e 38 f7 c0 86 13 5d dd
    70 e3 a2 b0 fb a5 44 a2 d9 5c b4 65 39 1b af f3
    51 f4 69 98 ff 54 e1 c8 19 37 d4 1d 82 4a a2 87
    d0 c6 7e 9a
>>> TLS 1.2, RecordHeader [length 0005]
    17 03 03 00 45
>>> TLS 1.2, InnerContent [length 0001]
    16
>>> TLS 1.3, Handshake [length 0034], Finished
    14 00 00 30 cf 30 49 7a d6 cd 5c 3c c0 4e 07 88
    12 8a f2 b8 a5 0f 25 e3 df d6 92 40 06 9c d9 3a
    3d 53 7c c0 f7 3d c8 69 6d 46 87 04 2d 4d 13 fb
    11 b0 3c 79
---
Certificate chain
 0 s:CN=server.example
   i:CN=Root CA
   a:PKEY: RSA, 2048 (bit); sigalg: sha256WithRSAEncryption
   v:NotBefore: Jan 14 22:29:46 2016 GMT; NotAfter: Jan 15 22:29:46 2116 GMT
---
Server certificate
-----BEGIN CERTIFICATE-----
MIIDJTCCAg2gAwIBAgIBAjANBgkqhkiG9w0BAQsFADASMRAwDgYDVQQDDAdSb290
IENBMCAXDTE2MDExNDIyMjk0NloYDzIxMTYwMTE1MjIyOTQ2WjAZMRcwFQYDVQQD
DA5zZXJ2ZXIuZXhhbXBsZTCCASIwDQYJKoZIhvcNAQEBBQADggEPADCCAQoCggEB
ANVdYGrf/GHuSKqMEUhDpW22Ul2qmEmxYZI1sfw6BCUMbXn/tNXJ6VwcO+Crs7h9
o95tveDd11q/FEcRQl6mgtBhwX/dE0bmCYUHDvLU/Bpk0gqtIKsga5bwrczEGVNV
3AEdpLPvirRJU12KBRzx3OFEv8XX4ncZV1yXC3XuiENxD8pswbSyUKd3RmxYDxG/
8XYkWq45QrdRZynh0FUwbxfkkeqt+CjCQ2+iZKn7nZiSYkg+6w1PgkqK/z9y7pa1
rqHBmLrvfZB1bf9aUp6r9cB+0IdD24UHBw99OHr90dPuZR3T6jlqhzfuStPgDW71
cKzCvfFu85KVXqnwoWWVk40CAwEAAaN9MHswHQYDVR0OBBYEFMDnhL/oWSczELBS
T1FSLwbWwHrNMB8GA1UdIwQYMBaAFHB/Lq6DaFmYBCMqzes+F80k3QFJMAkGA1Ud
EwQCMAAwEwYDVR0lBAwwCgYIKwYBBQUHAwEwGQYDVR0RBBIwEIIOc2VydmVyLmV4
YW1wbGUwDQYJKoZIhvcNAQELBQADggEBAHvTBEN1ig8RrsT716Ginv4gGNX0LzGI
RrZ1jO7lm5emuaPNYJpGw0iX5Zdo91qGNXPZaZ75X3S55pQTActq3OPEBOll2pyk
iyjz+Zp/v5cfRZLlBbFW5gv2R94eibYr4U3fSn4B0yPcl4xH/l/HzJhGDsSDW8qK
8VIJvmvsPwmL0JMCv+FR59F+NFYZdND/KCXet59WUpF9ICmFCoBEX3EyJXEPwhbi
X2sdPzJbCjx0HLli8e0HUKNttLQxCsBTRGo6iISLLamwN47mGDa9miBADwGSiz2q
YeeuLO02zToHhnQ6KbPXOrQAqcL1kngO4g+j/ru+4AZThFkdkGnltvk=
-----END CERTIFICATE-----
subject=CN=server.example
issuer=CN=Root CA
---
No client certificate CA names sent
Peer signing digest: SHA256
Peer signature type: rsa_pss_rsae_sha256
Negotiated TLS1.3 group: X25519MLKEM768
---
SSL handshake has read 2546 bytes and written 1702 bytes
Verification error: unable to verify the first certificate
---
New, TLSv1.3, Cipher is TLS_AES_256_GCM_SHA384
Protocol: TLSv1.3
Server public key is 2048 bit
This TLS version forbids renegotiation.
Compression: NONE
Expansion: NONE
No ALPN negotiated
Early data was not sent
Verify return code: 21 (unable to verify the first certificate)
---
>>> TLS 1.2, RecordHeader [length 0005]
    17 03 03 00 13
>>> TLS 1.2, InnerContent [length 0001]
    15
>>> TLS 1.3, Alert [length 0002], warning close_notify
    01 00
Connecting to 127.0.0.1
SSL_connect:before SSL initialization
SSL_connect:SSLv3/TLS write client hello
SSL_connect:SSLv3/TLS write client hello
SSL_connect:SSLv3/TLS read server hello
SSL_connect:SSLv3/TLS write change cipher spec
SSL_connect:SSLv3/TLS write client hello
SSL_connect:SSLv3/TLS write client hello
SSL_connect:SSLv3/TLS read server hello
Can't use SSL_get_servername
SSL_connect:TLSv1.3 read encrypted extensions
depth=0 CN=server.example
verify error:num=20:unable to get local issuer certificate
verify return:1
depth=0 CN=server.example
verify error:num=21:unable to verify the first certificate
verify return:1
depth=0 CN=server.example
verify return:1
SSL_connect:SSLv3/TLS read server certificate
SSL_connect:TLSv1.3 read server certificate verify
SSL_connect:SSLv3/TLS read finished
SSL_connect:SSLv3/TLS write finished
DONE
SSL3 alert write:warning:close notify
