CONNECTED(00000003)
>>> TLS 1.0, RecordHeader [length 0005]
    16 03 01 00 d6
>>> TLS 1.3, Handshake [length 00d6], ClientHello
    01 00 00 d2 03 03 12 1f d9 07 78 15 6a 57 5d b0
    d4 20 83 2e d4 a6 36 7f e2 5f d3 40 a4 14 7f cc
    19 88 7e 2b f6 13 20 a8 ee 58 0f ad 18 08 0d 53
    ff ef 84 1c 19 d6 2b 3c 4e 85 fb b8 42 26 a8 c5
    61 1f a8 af e3 ff a7 00 06 13 02 13 03 13 01 01
    00 00 83 00 0b 00 04 03 00 01 02 00 0a 00 06 00
    04 00 1d 11 ec 00 23 00 00 00 16 00 00 00 17 00
    00 00 0d 00 2a 00 28 09 05 09 06 09 04 04 03 05
    03 06 03 08 07 08 08 08 1a 08 1b 08 1c 08 09 08
    0a 08 0b 08 04 08 05 08 06 04 01 05 01 06 01 00
    2b 00 03 02 03 04 00 2d 00 02 01 01 00 33 00 26
    00 24 00 1d 00 20 b0 fe fa ea ea c8 99 b9 99 db
    16 77 c6 3d 45 71 3b 70 71 89 41 09 2c 4f 00 e6
    24 a0 96 9a b3 4b
<<< TLS 1.2, RecordHeader [length 0005]
    16 03 03 00 58
<<< TLS 1.3, Handshake [length 0058], ServerHello
    02 00 00 54 03 03 cf 21 ad 74 e5 9a 61 11 be 1d
    8c 02 1e 65 b8 91 c2 a2 11 16 7a bb 8c 5e 07 9e
    09 e2 c8 a8 33 9c 20 a8 ee 58 0f ad 18 08 0d 53
    ff ef 84 1c 19 d6 2b 3c 4e 85 fb b8 42 26 a8 c5
    61 1f a8 af e3 ff a7 13 02 00 00 0c 00 2b 00 02
    03 04 00 33 00 02 11 ec
>>> TLS 1.2, RecordHeader [length 0005]
    14 03 03 00 01
>>> TLS 1.3, ChangeCipherSpec [length 0001]
    01
>>> TLS 1.2, RecordHeader [length 0005]
    16 03 03 05 76
>>> TLS 1.3, Handshake [length 0576], ClientHello
    01 00 05 72 03 03 12 1f d9 07 78 15 6a 57 5d b0
    d4 20 83 2e d4 a6 36 7f e2 5f d3 40 a4 14 7f cc
    19 88 7e 2b f6 13 20 a8 ee 58 0f ad 18 08 0d 53
    ff ef 84 1c 19 d6 2b 3c 4e 85 fb b8 42 26 a8 c5
    61 1f a8 af e3 ff a7 00 06 13 02 13 03 13 01 01
    00 05 23 00 0b 00 04 03 00 01 02 00 0a 00 06 00
    04 00 1d 11 ec 00 23 00 00 00 16 00 00 00 17 00
    00 00 0d 00 2a 00 28 09 05 09 06 09 04 04 03 05
    03 06 03 08 07 08 08 08 1a 08 1b 08 1c 08 09 08
    0a 08 0b 08 04 08 05 08 06 04 01 05 01 06 01 00
    2b 00 03 02 03 04 00 2d 00 02 01 01 00 33 04 c6
    04 c4 11 ec 04 c0 4e 76 1a 36 b6 37 a1 27 28 f5
    33 79 26 9b 8f 07 63 a9 ce fc 60 56 71 32 81 c2
    40 01 d8 22 4a 73 99 6f 55 2d 39 88 43 da 9a aa
    a9 29 99 d1 6a c4 bc 96 2a 7b c9 09 73 12 c6 5e
    c1 ca dd 05 69 51 3a 7a 91 26 37 65 62 a2 88 1a
    27 6d 43 6e 49 92 67 90 ec cf af 28 68 7e 31 bd
    e0 77 a5 3d 28 5e 21 c6 4e fe 2a 3b 16 36 6f 01
    61 24 bb 6c 12 b2 42 47 9b 58 79 af 43 71 43 40
    13 33 a0 2a c7 40 cb 1d d6 b3 52 f3 28 8e 12 6d
    32 28 af b2 48 99 87 68 cb b9 80 96 c4 45 cf df
    a4 3f 70 24 98 89 34 84 ff f5 19 95 f2 85 35 01
    01 83 ca 16 86 2a 07 22 f2 66 06 5a 42 2c 12 63
    f8 76 52 f2 20 bf da ba 50 0e 79 81 fb ec 5d 98
    96 64 3d e2 47 06 35 85 17 53 b2 24 b9 8a b0 17
    67 08 2c 84 a1 c6 5c b9 13 1f 34 c5 72 dd 2a 05
    59 d3 4a 96 93 60 44 da 12 f4 f7 3f 3a 83 8e c0
    a7 20 94 49 52 8c 86 a5 5e 55 06 e1 74 b7 af 2a
    99 ac d3 a7 be b7 43 7d 6a a0 6f 92 15 c3 cb 56
    39 44 0e 59 b6 30 56 92 97 c7 d8 44 77 b8 5c 2d
    25 b1 00 14 b4 71 eb 55 b4 97 8c 7c 69 a9 cf 95
    4e 4d a1 c3 67 22 5a 7a 86 bb d5 3a 71 4a 86 4f
    03 71 b0 9c 74 22 d1 f5 33 c4 f7 54 34 a2 22 04
    17 05 22 27 3d 45 28 7e 2e 17 9c 4a 1a 77 ed 34
    29 a6 c3 2b d7 c4 08 a8 34 71 68 e9 61 05 06 2e
    4a d2 9f 7b a6 7b 77 d7 83 1a f9 42 3a 14 73 92
    22 22 8f 90 16 0b 74 56 a5 43 b3 22 02 c6 91 65
    37 44 8b 9c 4e 90 11 d1 77 89 57 a3 45 32 96 30
    88 b7 83 ae b1 24 10 18 06 d3 38 89 f2 50 aa dc
    e1 9f 7c 01 34 f4 da 76 70 83 3c a9 15 b8 db e2
    94 9e 72 4b cc c1 77 79 87 cf 34 7c 9f 17 ec 29
    30 dc 6b f2 f3 50 ad e8 52 b8 40 4e dd 84 2c 19
    11 4d 3e e8 7e 50 26 c6 bc 9a 91 1f 9b 3f 42 a7
    8e c2 7c 02 52 86 b6 04 23 11 6d 93 15 f7 6a 61
    5a e1 c2 ed 1b c3 33 2a 0a c5 26 8c 37 d5 b2 bb
    b6 20 ef 44 27 43 60 b6 cb fc a7 2e aa 69 45 ec
    08 3f ac 09 48 c2 4e 18 69 12 2d f0 9a 0b 6a 93
    03 31 bb 59 42 b8 31 32 65 08 16 04 f7 31 c0 e5
    97 7a 75 c5 8d c9 a2 93 fa 41 33 ba 2c 79 fd b4
    1d 05 81 28 24 26 c1 d5 5b 27 62 36 2d df 92 91
    f3 d4 c6 85 55 a2 09 1a 2a 38 ab 02 2a c4 5f 24
    45 58 fe 11 72 f1 56 30 67 9b ba 88 b5 8e 87 46
    2b 37 f6 6f 66 41 3f ab bb c6 e0 9a 08 bd 2a 63
    8f b8 3f 1d 0c 3c d9 23 cc b2 a9 6f 3a e9 12 3e
    7c 40 e8 78 c8 54 71 01 31 72 33 a5 75 83 b2 50
    62 0f bc 49 cb 08 51 92 30 52 5f 33 a2 46 7b 63
    cc 48 39 ec eb 6b 64 86 a5 67 72 7c 75 b6 a9 f7
    19 59 7f c8 36 31 e3 48 ad 24 1e 03 02 66 f0 33
    67 01 e2 ad a1 25 86 51 75 a2 e3 fb 0c 76 dc 7b
    60 98 74 a8 99 c9 c6 a1 8a c7 1c 10 c2 92 65 59
    d3 99 d4 2b a2 29 cb 25 56 d7 a0 14 e8 41 60 75
    c8 0b 76 13 17 31 3b bc d2 cd 63 e0 0a c0 da a3
    48 a5 be b6 0c 91 ec 44 27 f6 cb 46 60 92 c7 82
    a1 4d d7 a5 c6 7a f5 cb a7 01 8e 46 eb a8 6c 53
    77 e1 75 10 7a cb 2e a1 9c c0 73 f6 c8 d3 e2 75
    d5 84 57 a0 fa 26 0f 5c 3c 7c 68 6a a3 49 28 39
    cb 08 cb fb a5 43 38 08 18 26 92 b6 96 83 f7 39
    12 2b a9 bf eb c9 77 91 45 ba 56 46 61 e7 7b 0b
    f9 40 12 1f a1 18 0e 4b 9d 86 07 63 90 48 63 b0
    33 1d 31 72 4d 9a 63 bd 11 32 a8 6a 36 c7 13 28
    8e 9a fc 5a 19 fa 78 d4 39 09 57 c7 43 a3 01 46
    a7 47 86 9c 86 cf e2 7b a1 be f5 2a 74 03 c2 de
    26 62 4c a8 3f 2d b2 a7 3a 50 86 20 a9 79 eb da
    14 45 55 7b 5f 5b 2a 4c 33 79 ac 11 c4 c1 a8 6c
    b2 87 bd b3 47 5e fc c3 12 36 09 54 49 a0 5e df
    1c 05 fc ba ca 84 50 cd ef 34 05 52 68 2a 9e 4a
    3e 50 a7 96 7c 02 29 6f 5c 05 1a ea 93 7b b4 85
    95 b9 05 9a d2 a5 55 95 12 d1 55 bc 51 50 11 41
    ac b7 91 d6 36 b3 8b 55 86 0b 91 6d e0 11 23 71
    60 31 65 4b 17 13 a9 bb 0a 7e 69 6a 1f 90 ea 29
    c9 84 22 1f 0c b2 d9 56 41 52 22 7e e7 03 2f 31
    57 53 99 79 c0 b7 55 7d 8b ab 67 39 18 98 cf f5
    1f 9d b2 1b 9e 6b 30 ce eb 23 5e f9 77 25 49 7d
    1c 73 7a e2 a5 cc dd 46 96 68 e0 8a e7 a9 65 8d
    e0 f8 2c 71 e1 45 ff e9 c3 e9 42 50 85 2c 78 98
    c8 86 0f 7c e1 d2 5e 3e 2d 78 1f 1d 4f 53 f8 d3
    2b 94 29 bc 77 5a b1 f2 47 af f9 56 4b ef 37 15
    c8 4b 91 2b 04 7b
<<< TLS 1.2, RecordHeader [length 0005]
    14 03 03 00 01
<<< TLS 1.3, ChangeCipherSpec [length 0001]
    01
<<< TLS 1.2, RecordHeader [length 0005]
    16 03 03 04 ba
<<< TLS 1.3, Handshake [length 04ba], ServerHello
    02 00 04 b6 03 03 68 77 91 42 9c 72 c4 5b d2 62
    42 34 e7 e5 2c 18 78 39 b1 17 0e 11 79 b3 46 52
    22 68 07 35 76 07 20 a8 ee 58 0f ad 18 08 0d 53
    ff ef 84 1c 19 d6 2b 3c 4e 85 fb b8 42 26 a8 c5
    61 1f a8 af e3 ff a7 13 02 00 04 6e 00 2b 00 02
    03 04 00 33 04 64 11 ec 04 60 0b 02 17 ef ff 81
    e2 67 8a 0f 14 ad 6d 37 68 53 a4 00 f7 15 8c 15
    fd d8 9e 52 5d 1e 67 98 ce 87 3d 41 de e2 7d 53
    e8 f1 da 85 fd 49 c4 b4 b1 b2 63 ca 0d 4d 6b 39
    02 2b ff 98 d3 66 5f cc fe 5d d4 88 52 64 bd 4d
    a7 12 05 fd 3f 73 8e 56 32 17 a6 3e c9 5e 20 f9
    48 57 86 72 4b 66 d3 d0 7a af ca 53 17 1e cb 52
    d1 2c 8a dc 09 7b 9a fe b4 9c 69 ee ef f5 6d 31
    77 d3 92 f1 b4 e9 8e e1 8f ac fd 60 e2 9e a3 3d
    24 04 f6 7f 6b 60 5d 92 c5 1b 65 af 68 60 e9 c1
    1c 32 10 31 2f 89 7a a1 90 42 0e 1c 0b bb 77 3e
    44 62 18 f0 10 a0 12 1c a7 85 21 75 35 e5 e0 d8
    2c f1 6b ef 0d 8d a7 10 3d f1 f2 ae 95 13 32 f0
    d1 bb 7c c2 b8 42 86 f1 13 0e e1 18 61 bc 72 73
    57 4b 7f fa 72 a7 0a b5 a1 64 8a de c6 2c 28 ef
    2c 2e 4d f5 24 6e 2c 71 c2 bd ff f5 9c 4c 7d 30
    53 02 df 86 76 2f 11 5a 6a 13 66 65 40 2a 4c 0c
    84 1c 52 b2 7b c5 af 37 5f 99 80 76 9f 9e 73 a9
    95 eb 08 00 95 ae 10 03 f2 a9 ff 10 0b 57 43 af
    7a 5b b2 97 53 3b 2a 39 20 59 40 90 7f e9 64 2b
    d1 2b c8 22 72 ea 9e 63 a7 18 f6 6f 48 b3 59 eb
    f0 7d 69 7e a7 c5 5d 08 bf b1 b2 74 8f f5 12 22
    ab 05 47 0e 6a e8 40 3f ea 24 4c e5 3b c7 24 14
    39 4c 99 9a 76 6f 1f 9f 02 e3 01 36 2d 61 cf 6e
    b9 75 08 2e 72 a3 80 0f 52 6a 04 f4 a4 ec 3b f6
    81 a6 c4 96 fd 18 e6 b2 9c 64 6d 74 2c 44 c4 a3
    3d ac cf 7f b6 e4 25 9b 48 ca 83 a8 56 fc ae b6
    c9 36 7c 60 97 a7 42 74 8a 92 15 de 0b 19 fd 31
    c3 16 7c b2 59 13 59 28 b7 9a 00 09 a7 4a f3 07
    1f da 15 56 3e 24 2e 50 e6 20 5e 6a 22 0f 08 10
    aa 58 28 a8 42 ca e9 9f 01 07 7f 37 e6 92 ce fa
    d6 2a 46 4b 97 c6 94 95 09 65 0b 77 e0 e5 ee a9
    85 2c 9c 5b fe 3b 4e ff 5b c6 2f 14 9c 2e 78 3a
    2e 14 52 96 40 af c5 00 ff 7c e2 5f 9b 28 84 ca
    6f f6 e0 51 c8 31 5c 81 48 7b b8 4a 8f d1 af 2e
    9a f0 8d 3c 2c 10 7e df ec ed 87 ca 70 fc 35 93
    0a a7 e1 bb 6f 21 fa 1f cb 46 99 39 a3 36 24 93
    79 5b c0 b7 0f d7 93 1d c8 2d 55 ee 40 74 21 78
    f9 c7 8d 62 ab b2 90 d7 c0 dd 5b 93 0d 49 c9 71
    4f c9 dc 10 3a 3c 81 22 29 7e 6e 45 d1 80 3a be
    0d c6 24 2c bc ed 9b c0 e5 d7 3b be cb 75 37 75
    78 86 4a c8 bb 8a 83 7c c0 b0 c2 90 02 04 c9 78
    e3 46 27 9f 3c 58 bc be 1d c9 39 3b 50 ef d8 7b
    67 65 2a 01 09 f7 ce 03 02 10 eb a3 93 88 c0 4c
    2d ab 37 4d 1a f2 0e b8 fe 59 6f 73 fc 1d 16 11
    20 2f 65 52 16 40 4c da 5a 2e 30 e1 e4 cc 69 dc
    97 80 03 61 85 8c aa 6c 07 c7 c8 90 b1 cf d8 71
    a8 e3 9b e6 45 d3 7e 40 8e d1 1b 71 1f fa 75 35
    18 b3 fc 89 3b 95 4c bc d9 ed 7b ef 3e 8d c3 b9
    83 a4 61 09 24 3a ff a2 17 11 81 f9 dd be 35 1c
    4f 53 38 77 11 d8 b4 df 7e fc 2e 5a 30 6b 05 b6
    f8 a5 5b 20 d8 db 96 c9 c7 3a b5 ad 1d 8f 02 b3
    44 34 b1 f0 c2 43 dd 20 ff c9 41 dd b3 39 9e 92
    cb 8e 51 64 a2 33 9c 8d 2c 12 bf c9 f3 ed 2a 65
    f5 f5 57 ff f9 35 db 38 8e 84 37 9a 5b 01 57 71
    35 f6 36 8c 5e 09 3c df d8 dc 94 4c 01 c7 52 32
    c7 74 f3 63 aa 49 eb dc ca c6 bf 69 13 66 87 ee
    26 91 ba b4 da 15 f6 97 cf 43 74 9e f8 ce 61 b0
    b3 9c 21 9b 1e c6 8e 74 53 4c 8f ca c0 95 65 e6
    00 d9 ed 45 9b d3 1c 5e c1 20 50 e9 4e 34 63 4a
    aa 99 bf 27 25 65 1d 00 6c 41 57 ae b3 4c a0 f3
    54 ef 5c 3c bb 82 46 86 fb 36 c1 38 ed b1 e5 60
    1c 4a 8d ff c5 5c 1b e4 f0 93 f8 ee 23 bb 7f 3e
    57 db 9e e7 d6 46 4d e5 5f 1b 81 56 90 8d 0b bc
    82 c3 c6 42 81 3b 65 94 21 5e 53 5a 98 14 88 7f
    2a b8 47 ba 91 fa ae a2 54 b0 3c fe 75 c2 25 72
    d2 cf 73 bb b0 ca 31 4d 83 d8 87 98 e6 5d 40 ef
    2a 15 d4 08 c8 36 fe 99 0c e5 84 eb c2 ce 89 30
    2f b6 2d bc 2b 0e db 11 1a c0 3e 63 ab 42 be 26
    00 c9 e3 44 b2 da 8f 87 fe 4f 3a 95 da 74 13 c9
    cc 46 e1 c2 5a 23 9c 38 00 59
<<< TLS 1.2, RecordHeader [length 0005]
    17 03 03 00 17
<<< TLS 1.3, InnerContent [length 0001]
    16
<<< TLS 1.3, Handshake [length 0006], EncryptedExtensions
    08 00 00 02 00 00
<<< TLS 1.2, RecordHeader [length 0005]
    17 03 03 03 47
<<< TLS 1.3, InnerContent [length 0001]
    16
<<< TLS 1.3, Handshake [length 0336], Certificate
    0b 00 03 32 00 00 03 2e 00 03 29 30 82 03 25 30
    82 02 0d a0 03 02 01 02 02 01 02 30 0d 06 09 2a
    86 48 86 f7 0d 01 01 0b 05 00 30 12 31 10 30 0e
    06 03 55 04 03 0c 07 52 6f 6f 74 20 43 41 30 20
    17 0d 31 36 30 31 31 34 32 32 32 39 34 36 5a 18
    0f 32 31 31 36 30 31 31 35 32 32 32 39 34 36 5a
    30 19 31 17 30 15 06 03 55 04 03 0c 0e 73 65 72
    76 65 72 2e 65 78 61 6d 70 6c 65 30 82 01 22 30
    0d 06 09 2a 86 48 86 f7 0d 01 01 01 05 00 03 82
    01 0f 00 30 82 01 0a 02 82 01 01 00 d5 5d 60 6a
    df fc 61 ee 48 aa 8c 11 48 43 a5 6d b6 52 5d aa
    98 49 b1 61 92 35 b1 fc 3a 04 25 0c 6d 79 ff b4
    d5 c9 e9 5c 1c 3b e0 ab b3 b8 7d a3 de 6d bd e0
    dd d7 5a bf 14 47 11 42 5e a6 82 d0 61 c1 7f dd
    13 46 e6 09 85 07 0e f2 d4 fc 1a 64 d2 0a ad 20
    ab 20 6b 96 f0 ad cc c4 19 53 55 dc 01 1d a4 b3
    ef 8a b4 49 53 5d 8a 05 1c f1 dc e1 44 bf c5 d7
    e2 77 19 57 5c 97 0b 75 ee 88 43 71 0f ca 6c c1
    b4 b2 50 a7 77 46 6c 58 0f 11 bf f1 76 24 5a ae
    39 42 b7 51 67 29 e1 d0 55 30 6f 17 e4 91 ea ad
    f8 28 c2 43 6f a2 64 a9 fb 9d 98 92 62 48 3e eb
    0d 4f 82 4a 8a ff 3f 72 ee 96 b5 ae a1 c1 98 ba
    ef 7d 90 75 6d ff 5a 52 9e ab f5 c0 7e d0 87 43
    db 85 07 07 0f 7d 38 7a fd d1 d3 ee 65 1d d3 ea
    39 6a 87 37 ee 4a d3 e0 0d 6e f5 70 ac c2 bd f1
    6e f3 92 95 5e a9 f0 a1 65 95 93 8d 02 03 01 00
    01 a3 7d 30 7b 30 1d 06 03 55 1d 0e 04 16 04 14
    c0 e7 84 bf e8 59 27 33 10 b0 52 4f 51 52 2f 06
    d6 c0 7a cd 30 1f 06 03 55 1d 23 04 18 30 16 80
    14 70 7f 2e ae 83 68 59 98 04 23 2a cd eb 3e 17
    cd 24 dd 01 49 30 09 06 03 55 1d 13 04 02 30 00
    30 13 06 03 55 1d 25 04 0c 30 0a 06 08 2b 06 01
    05 05 07 03 01 30 19 06 03 55 1d 11 04 12 30 10
    82 0e 73 65 72 76 65 72 2e 65 78 61 6d 70 6c 65
    30 0d 06 09 2a 86 48 86 f7 0d 01 01 0b 05 00 03
    82 01 01 00 7b d3 04 43 75 8a 0f 11 ae c4 fb d7
    a1 a2 9e fe 20 18 d5 f4 2f 31 88 46 b6 75 8c ee
    e5 9b 97 a6 b9 a3 cd 60 9a 46 c3 48 97 e5 97 68
    f7 5a 86 35 73 d9 69 9e f9 5f 74 b9 e6 94 13 01
    cb 6a dc e3 c4 04 e9 65 da 9c a4 8b 28 f3 f9 9a
    7f bf 97 1f 45 92 e5 05 b1 56 e6 0b f6 47 de 1e
    89 b6 2b e1 4d df 4a 7e 01 d3 23 dc 97 8c 47 fe
    5f c7 cc 98 46 0e c4 83 5b ca 8a f1 52 09 be 6b
    ec 3f 09 8b d0 93 02 bf e1 51 e7 d1 7e 34 56 19
    74 d0 ff 28 25 de b7 9f 56 52 91 7d 20 29 85 0a
    80 44 5f 71 32 25 71 0f c2 16 e2 5f 6b 1d 3f 32
    5b 0a 3c 74 1c b9 62 f1 ed 07 50 a3 6d b4 b4 31
    0a c0 53 44 6a 3a 88 84 8b 2d a9 b0 37 8e e6 18
    36 bd 9a 20 40 0f 01 92 8b 3d aa 61 e7 ae 2c ed
    36 cd 3a 07 86 74 3a 29 b3 d7 3a b4 00 a9 c2 f5
    92 78 0e e2 0f a3 fe bb be e0 06 53 84 59 1d 90
    69 e5 b6 f9 00 00
<<< TLS 1.2, RecordHeader [length 0005]
    17 03 03 01 19
<<< TLS 1.3, InnerContent [length 0001]
    16
<<< TLS 1.3, Handshake [length 0108], CertificateVerify
    0f 00 01 04 08 04 01 00 a7 fe ec 5f d3 23 f9 8c
    ad 12 ea 3f a2 88 0a c9 6b 63 32 e1 9b fe b9 95
    de 79 76 dd 76 f5 2c 6e f8 61 6c c1 05 56 a1 df
    89 6f d8 9a 30 16 38 cd 67 d3 26 ab a9 ff c4 1b
    0d 0d b6 cc 14 c0 40 83 c9 5b 43 9d f2 b4 89 56
    c8 21 a9 26 49 7e 3d b0 36 b9 87 ff 64 e4 5c 88
    2f 2e a8 95 81 c6 92 96 c0 54 e2 9a a7 78 d5 51
    f1 2b 05 58 ba 1c 66 7c 83 b3 6d 5d 59 3e 5e 59
    ff 7d fb f8 02 a2 c6 d4 53 9b 92 df 83 c5 26 4c
    f8 7c 6d da e2 98 f5 4f 5a 9c 96 1e 24 d9 9a 4c
    04 3d c5 40 9a 34 2d 13 9d 22 70 69 5b fe 9c eb
    99 f2 cb 61 70 bf a9 85 84 8a 9f 91 40 9c 72 1c
    78 36 b7 56 fa ac 0f f1 a1 38 a7 52 09 49 9e 23
    02 ee 20 0f c2 ae 42 fe 24 05 87 e5 46 ac a8 b3
    bb db a1 af 4d ec 4e a4 70 be 6a 47 cc ff 30 15
    4f 42 12 77 fa 00 e7 8e 38 92 b7 18 91 3f 21 6e
    23 43 14 e6 ea fd fd db
<<< TLS 1.2, RecordHeader [length 0005]
    17 03 03 00 45
<<< TLS 1.3, InnerContent [length 0001]
    16
<<< TLS 1.3, Handshake [length 0034], Finished
    14 00 00 30 05 93 54 49 38 d6 6b e3 15 21 3d c8
    b8 6b 35 d9 bd 6e bb 5a ae e7 71 6a af f1 d4 66
    57 da 8e 20 12 38 6a d7 dc b9 85 a2 75 5a f0 ce
    2e 9b d6 77
>>> TLS 1.2, RecordHeader [length 0005]
    17 03 03 00 45
>>> TLS 1.2, InnerContent [length 0001]
    16
>>> TLS 1.3, Handshake [length 0034], Finished
    14 00 00 30 47 eb a9 28 af c7 6a 51 f4 39 86 d3
    78 42 c7 8d 10 02 6b 45 a1 a7 24 77 dd 1f 70 17
    8d 09 ff a3 fb 13 0b ad 37 8a 4a e5 4b 8e 2c 88
    c0 4d 68 49
---
Certificate chain
 0 s:CN=server.example
   i:CN=Root CA
   a:PKEY: RSA, 2048 (bit); sigalg: sha256WithRSAEncryption
   v:NotBefore: Jan 14 22:29:46 2016 GMT; NotAfter: Jan 15 22:29:46 2116 GMT
---
Server certificate
-----BEGIN CERTIFICATE-----
MIIDJTCCAg2gAwIBAgIBAjANBgkqhkiG9w0BAQsFADASMRAwDgYDVQQDDAdSb290
IENBMCAXDTE2MDExNDIyMjk0NloYDzIxMTYwMTE1MjIyOTQ2WjAZMRcwFQYDVQQD
DA5zZXJ2ZXIuZXhhbXBsZTCCASIwDQYJKoZIhvcNAQEBBQADggEPADCCAQoCggEB
ANVdYGrf/GHuSKqMEUhDpW22Ul2qmEmxYZI1sfw6BCUMbXn/tNXJ6VwcO+Crs7h9
o95tveDd11q/FEcRQl6mgtBhwX/dE0bmCYUHDvLU/Bpk0gqtIKsga5bwrczEGVNV
3AEdpLPvirRJU12KBRzx3OFEv8XX4ncZV1yXC3XuiENxD8pswbSyUKd3RmxYDxG/
8XYkWq45QrdRZynh0FUwbxfkkeqt+CjCQ2+iZKn7nZiSYkg+6w1PgkqK/z9y7pa1
rqHBmLrvfZB1bf9aUp6r9cB+0IdD24UHBw99OHr90dPuZR3T6jlqhzfuStPgDW71
cKzCvfFu85KVXqnwoWWVk40CAwEAAaN9MHswHQYDVR0OBBYEFMDnhL/oWSczELBS
T1FSLwbWwHrNMB8GA1UdIwQYMBaAFHB/Lq6DaFmYBCMqzes+F80k3QFJMAkGA1Ud
EwQCMAAwEwYDVR0lBAwwCgYIKwYBBQUHAwEwGQYDVR0RBBIwEIIOc2VydmVyLmV4
YW1wbGUwDQYJKoZIhvcNAQELBQADggEBAHvTBEN1ig8RrsT716Ginv4gGNX0LzGI
RrZ1jO7lm5emuaPNYJpGw0iX5Zdo91qGNXPZaZ75X3S55pQTActq3OPEBOll2pyk
iyjz+Zp/v5cfRZLlBbFW5gv2R94eibYr4U3fSn4B0yPcl4xH/l/HzJhGDsSDW8qK
8VIJvmvsPwmL0JMCv+FR59F+NFYZdND/KCXet59WUpF9ICmFCoBEX3EyJXEPwhbi
X2sdPzJbCjx0HLli8e0HUKNttLQxCsBTRGo6iISLLamwN47mGDa9miBADwGSiz2q
YeeuLO02zToHhnQ6KbPXOrQAqcL1kngO4g+j/ru+4AZThFkdkGnltvk=
-----END CERTIFICATE-----
subject=CN=server.example
issuer=CN=Root CA
---
No client certificate CA names sent
Peer signing digest: SHA256
Peer signature type: rsa_pss_rsae_sha256
Negotiated TLS1.3 group: X25519MLKEM768
---
SSL handshake has read 2546 bytes and written 1702 bytes
Verification error: unable to verify the first certificate
---
New, TLSv1.3, Cipher is TLS_AES_256_GCM_SHA384
Protocol: TLSv1.3
Server public key is 2048 bit
This TLS version forbids renegotiation.
Compression: NONE
Expansion: NONE
No ALPN negotiated
Early data was not sent
Verify return code: 21 (unable to verify the first certificate)
---
>>> TLS 1.2, RecordHeader [length 0005]
    17 03 03 00 13
>>> TLS 1.2, InnerContent [length 0001]
    15
>>> TLS 1.3, Alert [length 0002], warning close_notify
    01 00
Connecting to 127.0.0.1
SSL_connect:before SSL initialization
SSL_connect:SSLv3/TLS write client hello
SSL_connect:SSLv3/TLS write client hello
SSL_connect:SSLv3/TLS read server hello
SSL_connect:SSLv3/TLS write change cipher spec
SSL_connect:SSLv3/TLS write client hello
SSL_connect:SSLv3/TLS write client hello
SSL_connect:SSLv3/TLS read server hello
Can't use SSL_get_servername
SSL_connect:TLSv1.3 read encrypted extensions
depth=0 CN=server.example
verify error:num=20:unable to get local issuer certificate
verify return:1
depth=0 CN=server.example
verify error:num=21:unable to verify the first certificate
verify return:1
depth=0 CN=server.example
verify return:1
SSL_connect:SSLv3/TLS read server certificate
SSL_connect:TLSv1.3 read server certificate verify
SSL_connect:SSLv3/TLS read finished
SSL_connect:SSLv3/TLS write finished
DONE
SSL3 alert write:warning:close notify
