CONNECTED(00000003)
>>> TLS 1.0, RecordHeader [length 0005]
    16 03 01 00 d6
>>> TLS 1.3, Handshake [length 00d6], ClientHello
    01 00 00 d2 03 03 8b 8a 99 1b 64 94 f2 59 00 2f
    57 1f 36 42 19 24 50 44 46 72 e9 a4 22 0c 6b 97
    62 f9 d2 d1 65 2b 20 f2 b4 34 10 95 f8 fe f0 fc
    ba a6 44 2c 84 5d c8 82 e5 26 55 2b f2 5f 1c f8
    ca 0e 60 b5 4b d8 2c 00 06 13 02 13 03 13 01 01
    00 00 83 00 0b 00 04 03 00 01 02 00 0a 00 06 00
    04 00 1d 11 ec 00 23 00 00 00 16 00 00 00 17 00
    00 00 0d 00 2a 00 28 09 05 09 06 09 04 04 03 05
    03 06 03 08 07 08 08 08 1a 08 1b 08 1c 08 09 08
    0a 08 0b 08 04 08 05 08 06 04 01 05 01 06 01 00
    2b 00 03 02 03 04 00 2d 00 02 01 01 00 33 00 26
    00 24 00 1d 00 20 b3 a7 91 0a 3e b6 10 0e fa 1a
    f3 a8 aa f8 0c d8 88 71 5a 40 e9 2b cb 03 d1 a7
    ef 19 e7 4b c8 32
<<< TLS 1.2, RecordHeader [length 0005]
    16 03 03 00 58
<<< TLS 1.3, Handshake [length 0058], ServerHello
    02 00 00 54 03 03 cf 21 ad 74 e5 9a 61 11 be 1d
    8c 02 1e 65 b8 91 c2 a2 11 16 7a bb 8c 5e 07 9e
    09 e2 c8 a8 33 9c 20 f2 b4 34 10 95 f8 fe f0 fc
    ba a6 44 2c 84 5d c8 82 e5 26 55 2b f2 5f 1c f8
    ca 0e 60 b5 4b d8 2c 13 02 00 00 0c 00 2b 00 02
    03 04 00 33 00 02 11 ec
>>> TLS 1.2, RecordHeader [length 0005]
    14 03 03 00 01
>>> TLS 1.3, ChangeCipherSpec [length 0001]
    01
>>> TLS 1.2, RecordHeader [length 0005]
    16 03 03 05 76
>>> TLS 1.3, Handshake [length 0576], ClientHello
    01 00 05 72 03 03 8b 8a 99 1b 64 94 f2 59 00 2f
    57 1f 36 42 19 24 50 44 46 72 e9 a4 22 0c 6b 97
    62 f9 d2 d1 65 2b 20 f2 b4 34 10 95 f8 fe f0 fc
    ba a6 44 2c 84 5d c8 82 e5 26 55 2b f2 5f 1c f8
    ca 0e 60 b5 4b d8 2c 00 06 13 02 13 03 13 01 01
    00 05 23 00 0b 00 04 03 00 01 02 00 0a 00 06 00
    04 00 1d 11 ec 00 23 00 00 00 16 00 00 00 17 00
    00 00 0d 00 2a 00 28 09 05 09 06 09 04 04 03 05
    03 06 03 08 07 08 08 08 1a 08 1b 08 1c 08 09 08
    0a 08 0b 08 04 08 05 08 06 04 01 05 01 06 01 00
    2b 00 03 02 03 04 00 2d 00 02 01 01 00 33 04 c6
    04 c4 11 ec 04 c0 68 09 a7 2e bb ce 1d 77 ca 7a
    75 51 b8 82 20 5b f7 09 cf d6 40 94 c0 c2 b4 a4
    87 8b ba 76 c4 a4 01 8f 79 8d 31 74 27 b1 f1 8b
    f8 fb b5 e6 91 24 ae 4c 9e d6 d6 85 06 79 7b 46
    67 28 56 8a 35 d0 8a 5d 3e 31 80 b8 05 37 3e 68
    a8 cf 58 97 34 4a a1 4b 75 ba 9b d6 48 ab 95 2f
    26 23 90 5a 43 95 87 33 7a de 06 54 95 d0 10 0f
    d6 b5 99 91 bf 89 f8 00 eb a2 3e 34 50 26 00 11
    40 04 0b 98 81 f3 87 ec da 7a c1 91 3c 4a c4 19
    72 ec 25 e5 5a 1b bc 65 33 84 93 67 fa 51 24 a4
    61 af cb c2 57 48 b0 33 ac 2c 26 7b 78 5e a6 62
    a3 c4 89 5c 1f 55 60 7f 30 20 73 a7 21 81 da 91
    6b d2 70 e9 e4 15 08 60 78 13 ab b4 2f b8 6c 1a
    3c 59 70 2c 7a 5c 17 aa 6d 91 6c 09 1c 26 78 25
    9c ff cb 6b 74 e5 1f b7 88 ce f0 c3 92 b9 42 6c
    b0 fa 61 8c fc 9a 8d 10 8f d3 70 a9 d1 e7 07 a4
    32 14 32 3b 59 89 aa 12 d3 bb b8 1f 04 95 07 d3
    60 65 33 1a 1c a6 c9 c3 c4 41 c0 1c 0c 48 b0 43
    c6 17 80 ed b0 b8 be 77 90 35 52 44 80 19 4b 6a
    e9 90 d1 f7 10 ea fa b0 1d 29 c1 72 b8 5e f5 73
    4d 70 17 90 b2 a7 0f cc 94 4d 03 47 93 40 70 36
    9c 57 5b 6a f6 67 30 b3 6e 77 9a 56 d6 05 1a 4f
    58 9e 15 51 ba 4d dc c4 c3 f7 57 dc d1 a7 c7 92
    83 1c 08 ac 3e 04 bd 91 44 62 2d 50 19 cb 9b 5e
    d1 0a c6 e4 4a 8a 10 bb 45 63 d3 11 43 ac 75 95
    58 5e 5e 0a a9 75 a6 6c 7a f0 7c 4d 72 c5 a5 c0
    82 24 96 59 5e da b7 8d 9c 91 d8 4a 2b dc b3 59
    f0 d0 1a 18 19 80 89 2a cb 2a 8a c5 06 34 00 a1
    b5 7a a1 7b c9 aa b4 2e 62 7c 01 41 f2 17 17 c5
    14 39 00 99 54 94 37 fb 0a a4 3e a2 9f 86 41 a4
    95 b3 5f 4a a4 27 5b aa c6 35 47 be ad d7 0e ce
    d2 c3 0a 90 4c 7e 75 c5 37 03 43 56 62 88 d2 54
    35 2f 93 61 f3 96 02 ee 29 cb 20 1a 47 61 cb ae
    95 58 99 14 eb a3 65 98 28 88 4a 97 4d f8 81 f6
    2c b3 93 05 ca 4a 17 b5 7f 90 b5 58 84 59 4c 22
    7b 8a 65 05 3a e9 12 2e 9c 09 22 29 ae d9 ca 15
    6b 63 59 f1 d5 2d 99 e9 91 fd 65 9a d9 9a c2 c8
    67 3d 9e d4 3d 89 26 a4 a4 14 28 1e 33 cb 98 bb
    81 c6 87 04 73 87 5d 00 83 aa e1 39 b4 62 d1 2d
    2d 64 84 bd 65 ab 5f ac 10 94 97 37 7b d6 21 09
    6c b6 ec bc 1e c4 09 45 39 e8 bb fc 58 cf 8d 7b
    7e 03 82 32 89 07 86 69 08 9e be 4c 2b 09 c3 6d
    18 1a 57 28 24 c4 4e f8 77 4a 44 a2 40 65 4e a0
    a1 ce aa 3c 03 0f 7a 9b 86 d6 2e 3a 50 17 43 32
    8b ed b5 a7 45 88 73 79 30 a4 2f 43 2f 10 d0 54
    96 16 95 b0 19 20 09 23 02 93 c9 af 53 e2 74 c5
    31 ae 9f a4 83 bb b3 95 85 bb 69 c5 3c 0f 98 e4
    c8 f4 67 6b 9c 35 9d bd a6 91 6e 47 2a ac 6a 20
    e4 27 5f 8f 1a 46 65 70 08 40 66 3b b4 5b c2 1c
    c6 b3 72 39 1f 8f 8b 84 e1 e8 60 28 73 50 74 bc
    09 11 d4 01 d8 1a 2e 8c ca 69 e8 26 37 96 c5 4a
    fe a8 b9 0a a7 35 5c e7 6c f7 e7 0e 1b 3c 03 86
    48 3a f7 00 8f bf e6 64 46 53 88 8d 48 98 16 47
    78 f0 ec bf c3 c6 a9 19 4a a7 61 b6 a7 3b 5b ac
    78 51 c0 5f 50 21 31 09 bb 58 c9 79 dc b7 a9 f6
    fb b2 03 89 a2 d8 c9 8d bf 59 bb e0 a0 a2 6b aa
    07 c8 3b 7d 8f 3c 66 0f d5 51 d5 e0 8c 94 69 8b
    69 12 84 91 e7 2d d5 70 61 e8 19 0f 6a 00 3c d6
    d2 81 fc c5 b9 49 08 99 e0 23 70 cd 09 30 01 f6
    32 b2 c9 98 a0 dc 5d 37 e5 2b 9d 9a 71 26 d9 72
    ba e4 4e ee 69 9c 5a 78 bf 6d 99 00 7b 51 82 14
    d5 2f c2 9b c7 53 c8 80 f6 94 8f ea 11 8f ff c5
    98 01 e9 2a ea a5 b1 15 c0 27 f1 8b a2 91 40 a0
    b3 8a cc 2d f6 98 7e 44 2b 3f 87 a7 d4 49 a6 49
    d3 c7 97 d6 6d af e0 c1 79 fa 77 85 14 a1 6e 99
    cc ab 79 af e3 ca 99 2d 64 9c 66 5c c5 22 b0 73
    06 86 24 22 84 68 a8 54 16 63 db 3a 79 21 25 b5
    61 43 91 2a 76 67 53 a6 68 26 99 6f c0 a9 4f b3
    b0 b4 d7 2c 12 9a 78 a3 23 33 36 eb 44 7f b0 c1
    2b 25 35 2f 4a 59 db f2 7e 22 b0 56 d0 b0 97 53
    50 be 35 f2 c5 d5 93 8e d6 e8 73 14 f4 a4 ca 81
    4f 4a 41 43 75 b5 65 f5 0a 92 29 27 cc 34 03 50
    b5 c1 44 e6 66 0c fd 95 b1 1c 53 c4 dd 1f 68 f8
    33 5d 85 98 9b ff 7e b6 53 b2 ef 48 cf f9 d8 66
    93 4d 1d 0b 5f 8a 8d f9 4f 87 61 f2 3d c0 14 52
    3b b0 3c 00 e8 a9 3a c3 48 59 e9 c8 5b 9d e5 9e
    db 12 98 d4 7b 36
<<< TLS 1.2, RecordHeader [length 0005]
    14 03 03 00 01
<<< TLS 1.3, ChangeCipherSpec [length 0001]
    01
<<< TLS 1.2, RecordHeader [length 0005]
    16 03 03 04 ba
<<< TLS 1.3, Handshake [length 04ba], ServerHello
    02 00 04 b6 03 03 26 1d 62 d8 55 4f 04 2f 3d 58
    f6 59 a4 00 87 60 a9 cc de 4c b3 77 44 de 97 bd
    fa 8c 88 3e 5c ee 20 f2 b4 34 10 95 f8 fe f0 fc
    ba a6 44 2c 84 5d c8 82 e5 26 55 2b f2 5f 1c f8
    ca 0e 60 b5 4b d8 2c 13 02 00 04 6e 00 2b 00 02
    03 04 00 33 04 64 11 ec 04 60 01 3e 02 26 ef 95
    f2 61 42 58 36 bf 3b c6 6d 77 63 09 d5 a5 66 81
    44 1a 5d fa 6e 11 87 34 1f 7a ee 2c 13 f5 c0 be
    df b2 b3 17 1c 43 04 33 16 95 74 5f e9 ef 0f 03
    7a e3 e6 9a 99 25 6a fc 79 07 0f be 55 0c 97 93
    f0 23 69 98 67 c9 bf 5d d5 4b ea 94 0d f9 ca 4b
    6c bd dd a4 3b cb 6e 6e 26 31 55 8f d9 60 d9 ea
    d5 cf bd 9f 68 58 54 c3 b2 8c f3 df de 7e 0f aa
    4a 39 d6 ee f7 d9 93 4c 50 7c 7b 83 90 29 35 4f
    43 31 56 2a 02 0d 62 f9 d8 be 36 52 0a 54 f2 47
    1c ba 44 5a b0 97 b8 9a 8f 4e fa 89 c9 9d 1f 06
    9c ca a7 3b cd 04 8b 25 d5 90 4a 08 74 b8 e5 2b
    8a 9b 43 b2 c7 88 5e 91 e2 bd d2 0a 6e 24 12 e0
    3b 78 52 36 06 54 9e 51 4b 6f f1 82 71 29 e7 ce
    74 49 6a 48 42 aa 27 14 a5 4b a9 37 aa 9d d0 ec
    5e 75 52 e0 43 e3 ea 5b 46 4f 53 b5 28 42 de 8f
    2f da 6e 75 dc 45 4b 4c 9b 4e 01 ad d2 d5 dd 90
    1f c0 90 7d fe c8 4b 0e c6 f7 7b a5 95 6b f2 0e
    37 45 ae cf f4 89 01 99 50 a7 96 83 ba 0c 84 39
    be d4 f0 46 40 a2 ae 08 0f 80 26 c6 dc 5b a9 10
    a6 57 83 c1 5b 67 fa d4 14 1e 11 d8 fe 14 f9 ca
    52 49 81 e5 90 21 e1 72 76 3e 43 ce 28 98 b0 2a
    73 09 da 5a a0 73 be f9 5f 1b f4 a3 cf cc c1 5b
    10 48 4d 67 91 8d 5c a0 5f ac 17 81 72 c6 d8 5a
    31 2c ae 45 45 45 a1 c5 d9 e3 bd a1 ff 6d 3b b1
    38 ca 76 6b 52 7f 7b d3 d8 a4 45 5c ba f3 6f 45
    db d8 e0 78 3c aa bd ea 1b b2 e4 9f 4b 16 f6 b9
    c1 db e3 c8 85 52 d1 97 18 23 28 86 28 59 03 98
    9f 31 d9 ae 1b 51 af d6 d4 b0 97 9a 14 3a 8a 90
    e3 b1 ec b9 70 13 37 53 bb 75 a2 49 e4 a7 1c 8f
    20 ce 9c e9 67 43 71 ce 7e 18 70 35 72 87 32 59
    6a 6e 23 6e 1d a1 a2 d4 c6 b6 59 24 fe bb 5e b8
    12 1b cd a4 8e 67 ad 2e 3c 4f d6 d5 b0 c7 93 1d
    a8 eb 3a d6 96 c0 b4 34 c2 bb 5c e5 9f ca 48 7f
    bf 1d 85 a9 3d fe 12 88 e3 2f be a2 2c cb 05 30
    f2 ae 3d 90 b1 3f 68 5c a8 89 23 68 8d 16 fe 77
    f3 c9 c2 6a 54 9c 22 75 9f 84 24 1e 40 4f d8 55
    58 af fd 8f 8c e3 44 a5 b9 98 f8 82 eb f0 15 bd
    b5 1b 0a f6 7a b5 2d 9e 06 c7 4e 5c ba ac 92 3e
    e5 bf 7a e4 8b 08 b3 29 bc 13 6c 5f 28 03 0a 8b
    a2 9a f2 43 4a 22 62 16 53 ee 63 57 2b ce d8 72
    49 c7 f5 52 17 91 6f 81 83 d1 5e 66 75 1a 6d 94
    09 e4 6c bf 98 1c 77 30 73 28 9a b6 11 34 66 3a
    ea 3c 02 f4 4e 39 56 27 73 0c 12 41 ea e7 20 7d
    89 9e 22 0d 78 b6 e9 75 7e 78 a9 65 9c 99 25 cb
    97 b0 82 95 9a 22 04 f7 77 49 2a 82 d9 4e 4d ee
    db 20 49 70 e7 c6 f4 e5 e0 e5 ca 09 23 27 c0 42
    40 83 94 b2 79 6d c0 f2 47 3f 40 e5 98 9e 72 8c
    91 10 79 34 54 e2 99 27 33 24 ff a7 f1 89 df de
    81 32 14 69 fd e4 5c ab c4 4f e1 a1 3d 5e 71 2c
    bc 42 61 6f d2 ef 65 31 08 f1 56 82 88 77 e0 bc
    08 8d 68 72 a3 4b 58 e2 ca 06 f6 83 40 30 c7 ce
    d7 c8 af 5a 26 19 45 ee 3c 14 d2 6e f7 33 83 eb
    10 c5 fa f6 54 df e6 ad 3e e5 f8 df 34 96 e3 31
    95 f8 d0 57 ea 39 a8 76 10 a5 4d c8 be 4b de 06
    db e2 93 70 53 24 99 2c dc 23 1b 1b 7e 24 cf 02
    8e 27 32 b9 cb 79 ef 91 d6 a9 27 3c 99 59 51 c6
    4c 25 f3 18 05 94 12 a5 ff 84 4f 6b 8d 94 36 c4
    f7 c9 6c 3a 95 34 2f b7 5e 4d 4c a5 da 40 11 46
    92 f4 d7 33 a5 44 8e 9d a3 f9 6f a2 07 a7 de 68
    24 b5 e9 6d e9 5b 7d c3 44 a0 c8 c2 c5 40 08 ea
    52 92 22 fe bf 81 70 38 f6 72 d5 3e 4d c4 6b d9
    28 c8 a7 b3 3d cf be a9 0b 21 04 de bd 59 d0 89
    af f7 ff a4 81 83 e1 c4 c4 df c0 05 56 94 62 96
    5f 5b e8 88 95 06 ee eb 57 5f 22 4d 0d a2 7a 23
    bc 91 50 48 af 15 e0 16 91 51 3f 67 4d de 62 0b
    2e 82 25 88 03 e5 a0 c6 5d 0e 8a 06 cc 74 ac 35
    76 7e 4d 8c 84 39 4e f1 8b 35 65 51 6e df 93 4a
    8e e1 d2 b8 ea c0 38 01 60 b7 f5 ff b8 4d 57 c1
    cc 3f 93 e4 e4 d4 87 aa b2 26 a9 10 d0 b4 93 e6
    14 06 78 d3 74 9e c5 a2 82 71
<<< TLS 1.2, RecordHeader [length 0005]
    17 03 03 00 17
<<< TLS 1.3, InnerContent [length 0001]
    16
<<< TLS 1.3, Handshake [length 0006], EncryptedExtensions
    08 00 00 02 00 00
<<< TLS 1.2, RecordHeader [length 0005]
    17 03 03 03 47
<<< TLS 1.3, InnerContent [length 0001]
    16
<<< TLS 1.3, Handshake [length 0336], Certificate
    0b 00 03 32 00 00 03 2e 00 03 29 30 82 03 25 30
    82 02 0d a0 03 02 01 02 02 01 02 30 0d 06 09 2a
    86 48 86 f7 0d 01 01 0b 05 00 30 12 31 10 30 0e
    06 03 55 04 03 0c 07 52 6f 6f 74 20 43 41 30 20
    17 0d 31 36 30 31 31 34 32 32 32 39 34 36 5a 18
    0f 32 31 31 36 30 31 31 35 32 32 32 39 34 36 5a
    30 19 31 17 30 15 06 03 55 04 03 0c 0e 73 65 72
    76 65 72 2e 65 78 61 6d 70 6c 65 30 82 01 22 30
    0d 06 09 2a 86 48 86 f7 0d 01 01 01 05 00 03 82
    01 0f 00 30 82 01 0a 02 82 01 01 00 d5 5d 60 6a
    df fc 61 ee 48 aa 8c 11 48 43 a5 6d b6 52 5d aa
    98 49 b1 61 92 35 b1 fc 3a 04 25 0c 6d 79 ff b4
    d5 c9 e9 5c 1c 3b e0 ab b3 b8 7d a3 de 6d bd e0
    dd d7 5a bf 14 47 11 42 5e a6 82 d0 61 c1 7f dd
    13 46 e6 09 85 07 0e f2 d4 fc 1a 64 d2 0a ad 20
    ab 20 6b 96 f0 ad cc c4 19 53 55 dc 01 1d a4 b3
    ef 8a b4 49 53 5d 8a 05 1c f1 dc e1 44 bf c5 d7
    e2 77 19 57 5c 97 0b 75 ee 88 43 71 0f ca 6c c1
    b4 b2 50 a7 77 46 6c 58 0f 11 bf f1 76 24 5a ae
    39 42 b7 51 67 29 e1 d0 55 30 6f 17 e4 91 ea ad
    f8 28 c2 43 6f a2 64 a9 fb 9d 98 92 62 48 3e eb
    0d 4f 82 4a 8a ff 3f 72 ee 96 b5 ae a1 c1 98 ba
    ef 7d 90 75 6d ff 5a 52 9e ab f5 c0 7e d0 87 43
    db 85 07 07 0f 7d 38 7a fd d1 d3 ee 65 1d d3 ea
    39 6a 87 37 ee 4a d3 e0 0d 6e f5 70 ac c2 bd f1
    6e f3 92 95 5e a9 f0 a1 65 95 93 8d 02 03 01 00
    01 a3 7d 30 7b 30 1d 06 03 55 1d 0e 04 16 04 14
    c0 e7 84 bf e8 59 27 33 10 b0 52 4f 51 52 2f 06
    d6 c0 7a cd 30 1f 06 03 55 1d 23 04 18 30 16 80
    14 70 7f 2e ae 83 68 59 98 04 23 2a cd eb 3e 17
    cd 24 dd 01 49 30 09 06 03 55 1d 13 04 02 30 00
    30 13 06 03 55 1d 25 04 0c 30 0a 06 08 2b 06 01
    05 05 07 03 01 30 19 06 03 55 1d 11 04 12 30 10
    82 0e 73 65 72 76 65 72 2e 65 78 61 6d 70 6c 65
    30 0d 06 09 2a 86 48 86 f7 0d 01 01 0b 05 00 03
    82 01 01 00 7b d3 04 43 75 8a 0f 11 ae c4 fb d7
    a1 a2 9e fe 20 18 d5 f4 2f 31 88 46 b6 75 8c ee
    e5 9b 97 a6 b9 a3 cd 60 9a 46 c3 48 97 e5 97 68
    f7 5a 86 35 73 d9 69 9e f9 5f 74 b9 e6 94 13 01
    cb 6a dc e3 c4 04 e9 65 da 9c a4 8b 28 f3 f9 9a
    7f bf 97 1f 45 92 e5 05 b1 56 e6 0b f6 47 de 1e
    89 b6 2b e1 4d df 4a 7e 01 d3 23 dc 97 8c 47 fe
    5f c7 cc 98 46 0e c4 83 5b ca 8a f1 52 09 be 6b
    ec 3f 09 8b d0 93 02 bf e1 51 e7 d1 7e 34 56 19
    74 d0 ff 28 25 de b7 9f 56 52 91 7d 20 29 85 0a
    80 44 5f 71 32 25 71 0f c2 16 e2 5f 6b 1d 3f 32
    5b 0a 3c 74 1c b9 62 f1 ed 07 50 a3 6d b4 b4 31
    0a c0 53 44 6a 3a 88 84 8b 2d a9 b0 37 8e e6 18
    36 bd 9a 20 40 0f 01 92 8b 3d aa 61 e7 ae 2c ed
    36 cd 3a 07 86 74 3a 29 b3 d7 3a b4 00 a9 c2 f5
    92 78 0e e2 0f a3 fe bb be e0 06 53 84 59 1d 90
    69 e5 b6 f9 00 00
<<< TLS 1.2, RecordHeader [length 0005]
    17 03 03 01 19
<<< TLS 1.3, InnerContent [length 0001]
    16
<<< TLS 1.3, Handshake [length 0108], CertificateVerify
    0f 00 01 04 08 04 01 00 68 44 9f db 54 8e 86 5d
    1f 8c af fe 27 2b 76 7d 62 1b 74 9b e2 63 01 ac
    2f 13 e0 99 72 b7 d0 37 0b ca 28 ad 41 bd f2 3a
    31 a2 e6 da 20 6a 50 c7 b0 aa 1d ed a8 dd 7f 98
    7c d4 c9 b8 d6 4d 94 63 65 b2 30 f0 77 27 86 ed
    15 44 5c e1 e6 06 c2 e2 33 da 4f 89 39 56 94 84
    a8 82 71 6b e8 6c fe 69 18 cc 9e 28 d6 35 e8 f3
    f6 f9 e7 e3 65 1d a8 f2 cf 69 57 fd 65 aa dc 79
    00 14 e4 b1 ce d9 35 3b 30 73 47 7d ca e6 54 b8
    6b c2 60 b4 fe 88 99 96 ca f3 d4 b3 fb d8 4d be
    30 af 74 2f 4a 3e cc 73 d3 54 1d a1 6c f6 ed ce
    72 61 2d 14 42 a4 0a d9 53 45 d0 52 0c c4 aa 19
    ae 69 eb 99 7a 11 34 8d c8 c9 44 0c b6 dc bf b6
    18 dc 0e 17 a1 9f d7 00 e7 4c 2c f9 3a 7f e8 71
    e4 1d 84 27 5d e5 d6 30 5c c9 2b 2e f0 58 3d d6
    d1 4e 9b ff 47 a5 af 60 f1 b3 53 37 12 59 5a 8b
    01 c6 77 db a2 a3 6f ae
<<< TLS 1.2, RecordHeader [length 0005]
    17 03 03 00 45
<<< TLS 1.3, InnerContent [length 0001]
    16
<<< TLS 1.3, Handshake [length 0034], Finished
    14 00 00 30 b1 41 02 75 72 47 2b 8e e1 c9 a0 89
    c3 7c ff e8 4d 7e e5 4e f2 34 dc 4b e3 9a d5 77
    d0 3b 55 11 d5 c3 f8 95 a2 3a 49 1a 75 3f 46 47
    3b 5e 15 3b
>>> TLS 1.2, RecordHeader [length 0005]
    17 03 03 00 45
>>> TLS 1.2, InnerContent [length 0001]
    16
>>> TLS 1.3, Handshake [length 0034], Finished
    14 00 00 30 8d 36 a7 8a ae 33 93 eb fa 27 68 5e
    b5 d6 c9 71 c8 ad 13 84 64 ef 1b b3 95 d4 3a e2
    03 52 34 1c 50 19 ea 22 dc 5f 1c b3 e2 69 83 f1
    f2 dd 96 7a
---
Certificate chain
 0 s:CN=server.example
   i:CN=Root CA
   a:PKEY: RSA, 2048 (bit); sigalg: sha256WithRSAEncryption
   v:NotBefore: Jan 14 22:29:46 2016 GMT; NotAfter: Jan 15 22:29:46 2116 GMT
---
Server certificate
-----BEGIN CERTIFICATE-----
MIIDJTCCAg2gAwIBAgIBAjANBgkqhkiG9w0BAQsFADASMRAwDgYDVQQDDAdSb290
IENBMCAXDTE2MDExNDIyMjk0NloYDzIxMTYwMTE1MjIyOTQ2WjAZMRcwFQYDVQQD
DA5zZXJ2ZXIuZXhhbXBsZTCCASIwDQYJKoZIhvcNAQEBBQADggEPADCCAQoCggEB
ANVdYGrf/GHuSKqMEUhDpW22Ul2qmEmxYZI1sfw6BCUMbXn/tNXJ6VwcO+Crs7h9
o95tveDd11q/FEcRQl6mgtBhwX/dE0bmCYUHDvLU/Bpk0gqtIKsga5bwrczEGVNV
3AEdpLPvirRJU12KBRzx3OFEv8XX4ncZV1yXC3XuiENxD8pswbSyUKd3RmxYDxG/
8XYkWq45QrdRZynh0FUwbxfkkeqt+CjCQ2+iZKn7nZiSYkg+6w1PgkqK/z9y7pa1
rqHBmLrvfZB1bf9aUp6r9cB+0IdD24UHBw99OHr90dPuZR3T6jlqhzfuStPgDW71
cKzCvfFu85KVXqnwoWWVk40CAwEAAaN9MHswHQYDVR0OBBYEFMDnhL/oWSczELBS
T1FSLwbWwHrNMB8GA1UdIwQYMBaAFHB/Lq6DaFmYBCMqzes+F80k3QFJMAkGA1Ud
EwQCMAAwEwYDVR0lBAwwCgYIKwYBBQUHAwEwGQYDVR0RBBIwEIIOc2VydmVyLmV4
YW1wbGUwDQYJKoZIhvcNAQELBQADggEBAHvTBEN1ig8RrsT716Ginv4gGNX0LzGI
RrZ1jO7lm5emuaPNYJpGw0iX5Zdo91qGNXPZaZ75X3S55pQTActq3OPEBOll2pyk
iyjz+Zp/v5cfRZLlBbFW5gv2R94eibYr4U3fSn4B0yPcl4xH/l/HzJhGDsSDW8qK
8VIJvmvsPwmL0JMCv+FR59F+NFYZdND/KCXet59WUpF9ICmFCoBEX3EyJXEPwhbi
X2sdPzJbCjx0HLli8e0HUKNttLQxCsBTRGo6iISLLamwN47mGDa9miBADwGSiz2q
YeeuLO02zToHhnQ6KbPXOrQAqcL1kngO4g+j/ru+4AZThFkdkGnltvk=
-----END CERTIFICATE-----
subject=CN=server.example
issuer=CN=Root CA
---
No client certificate CA names sent
Peer signing digest: SHA256
Peer signature type: rsa_pss_rsae_sha256
Negotiated TLS1.3 group: X25519MLKEM768
---
SSL handshake has read 2546 bytes and written 1702 bytes
Verification error: unable to verify the first certificate
---
New, TLSv1.3, Cipher is TLS_AES_256_GCM_SHA384
Protocol: TLSv1.3
Server public key is 2048 bit
This TLS version forbids renegotiation.
Compression: NONE
Expansion: NONE
No ALPN negotiated
Early data was not sent
Verify return code: 21 (unable to verify the first certificate)
---
>>> TLS 1.2, RecordHeader [length 0005]
    17 03 03 00 13
>>> TLS 1.2, InnerContent [length 0001]
    15
>>> TLS 1.3, Alert [length 0002], warning close_notify
    01 00
Connecting to 127.0.0.1
SSL_connect:before SSL initialization
SSL_connect:SSLv3/TLS write client hello
SSL_connect:SSLv3/TLS write client hello
SSL_connect:SSLv3/TLS read server hello
SSL_connect:SSLv3/TLS write change cipher spec
SSL_connect:SSLv3/TLS write client hello
SSL_connect:SSLv3/TLS write client hello
SSL_connect:SSLv3/TLS read server hello
Can't use SSL_get_servername
SSL_connect:TLSv1.3 read encrypted extensions
depth=0 CN=server.example
verify error:num=20:unable to get local issuer certificate
verify return:1
depth=0 CN=server.example
verify error:num=21:unable to verify the first certificate
verify return:1
depth=0 CN=server.example
verify return:1
SSL_connect:SSLv3/TLS read server certificate
SSL_connect:TLSv1.3 read server certificate verify
SSL_connect:SSLv3/TLS read finished
SSL_connect:SSLv3/TLS write finished
DONE
SSL3 alert write:warning:close notify
