CONNECTED(00000003)
>>> TLS 1.0, RecordHeader [length 0005]
    16 03 01 00 d6
>>> TLS 1.3, Handshake [length 00d6], ClientHello
    01 00 00 d2 03 03 a5 d4 90 3d 97 1f 0d 55 6d 51
    60 ec cd f4 d6 59 4d 09 7d 6a ed 28 98 74 f8 f0
    03 ec df 0b b6 71 20 89 8c 85 21 94 cd f8 d6 e8
    de 0a b1 2f 3e 12 3e 27 2d b8 42 90 f5 ea d0 b2
    15 91 85 36 33 b2 51 00 06 13 02 13 03 13 01 01
    00 00 83 00 0b 00 04 03 00 01 02 00 0a 00 06 00
    04 00 1d 11 ec 00 23 00 00 00 16 00 00 00 17 00
    00 00 0d 00 2a 00 28 09 05 09 06 09 04 04 03 05
    03 06 03 08 07 08 08 08 1a 08 1b 08 1c 08 09 08
    0a 08 0b 08 04 08 05 08 06 04 01 05 01 06 01 00
    2b 00 03 02 03 04 00 2d 00 02 01 01 00 33 00 26
    00 24 00 1d 00 20 5e 97 ea 50 84 4f 0c 19 a9 03
    7b 87 e7 fe 81 61 77 eb d4 a4 fb 6c 5b f7 b9 6f
    ad e1 17 c6 15 27
<<< TLS 1.2, RecordHeader [length 0005]
    16 03 03 00 58
<<< TLS 1.3, Handshake [length 0058], ServerHello
    02 00 00 54 03 03 cf 21 ad 74 e5 9a 61 11 be 1d
    8c 02 1e 65 b8 91 c2 a2 11 16 7a bb 8c 5e 07 9e
    09 e2 c8 a8 33 9c 20 89 8c 85 21 94 cd f8 d6 e8
    de 0a b1 2f 3e 12 3e 27 2d b8 42 90 f5 ea d0 b2
    15 91 85 36 33 b2 51 13 02 00 00 0c 00 2b 00 02
    03 04 00 33 00 02 11 ec
>>> TLS 1.2, RecordHeader [length 0005]
    14 03 03 00 01
>>> TLS 1.3, ChangeCipherSpec [length 0001]
    01
>>> TLS 1.2, RecordHeader [length 0005]
    16 03 03 05 76
>>> TLS 1.3, Handshake [length 0576], ClientHello
    01 00 05 72 03 03 a5 d4 90 3d 97 1f 0d 55 6d 51
    60 ec cd f4 d6 59 4d 09 7d 6a ed 28 98 74 f8 f0
    03 ec df 0b b6 71 20 89 8c 85 21 94 cd f8 d6 e8
    de 0a b1 2f 3e 12 3e 27 2d b8 42 90 f5 ea d0 b2
    15 91 85 36 33 b2 51 00 06 13 02 13 03 13 01 01
    00 05 23 00 0b 00 04 03 00 01 02 00 0a 00 06 00
    04 00 1d 11 ec 00 23 00 00 00 16 00 00 00 17 00
    00 00 0d 00 2a 00 28 09 05 09 06 09 04 04 03 05
    03 06 03 08 07 08 08 08 1a 08 1b 08 1c 08 09 08
    0a 08 0b 08 04 08 05 08 06 04 01 05 01 06 01 00
    2b 00 03 02 03 04 00 2d 00 02 01 01 00 33 04 c6
    04 c4 11 ec 04 c0 55 89 73 d8 d1 95 ca 25 c0 99
    17 bd bd 21 78 bd 44 6f f1 48 69 7a a0 36 e4 16
    87 63 bc a4 15 f4 9b 82 6a 66 7d c8 b9 4c 87 a6
    f3 07 5a a7 28 a4 e7 7b 3a 4a 87 ac b7 10 17 94
    88 3a 21 2b 9d 09 09 9e 54 27 69 a2 f2 0f 90 7b
    c6 a0 63 60 39 ac 7f 98 c0 52 92 26 70 7f a6 b8
    62 89 be 07 54 12 8c 05 64 6f 79 52 3e 97 01 77
    d6 33 ec f4 85 6e 59 3a 8a 2a 0b 26 f8 0c 95 66
    4b fb 63 19 b2 d7 3a 42 d5 4b f5 87 88 8e 96 c9
    0e 14 9f a2 05 b4 30 cc 5f 87 a9 a8 2b 68 88 6e
    3a 59 ba 16 2e 62 20 2c f7 e5 81 5f fc 4d 4b cc
    92 fd 61 51 04 6a 3a ad c1 66 91 3c ae 6c e7 5b
    09 94 a9 98 c5 53 ef c2 02 8d fb 75 c0 a6 af 7d
    9b 22 eb 27 4d 23 56 27 63 95 cb 2f 66 54 ec 98
    4a 7d 57 c2 be 63 b9 a1 1c 5f 67 fc b9 a9 e9 64
    3e bc 5d 07 73 6d bc ec 45 98 4b 27 7a 6a 40 80
    6c c4 07 dc a8 7a 07 45 3f d6 c0 20 61 8f 87 e0
    55 7e a2 84 ef 48 2e a6 7b b2 f2 85 b3 ed ea 9e
    b3 ea 5e 76 66 ab d4 86 6c bb 07 02 5a 03 71 82
    da 87 af ab a0 87 50 70 86 1a 4d 84 db c8 ef b5
    79 ba 51 cc 25 28 40 4b 36 96 d5 d3 5c 11 34 37
    9b 8b 92 db 50 13 cc c3 40 54 21 31 09 03 6c 9f
    ec a8 20 84 87 a9 a6 50 b7 96 bd eb 0a 97 c1 62
    a1 92 c1 63 d1 83 8d d0 fc 2a 3a 45 9d ec 33 b3
    70 07 cb e3 d8 0a 94 9a 1a 93 84 25 5e d2 6a 2c
    3b 26 d0 5c 25 56 c8 94 7b 83 cd 17 87 98 95 99
    6a 38 28 32 63 e2 3e 94 b1 03 83 3b 93 4a 44 2c
    1c 86 05 e9 3c 28 cb 78 96 05 d7 20 93 a9 c3 f1
    c8 79 56 80 ce bb 87 a9 a2 01 2a 6b 40 b3 00 2c
    2c b5 eb 84 46 85 77 fd f0 aa 3c 6b 7c 62 92 01
    69 a8 8e 7f 5b 18 7c c3 44 99 d0 ac 72 2a c2 dd
    d4 8f 87 53 b1 f7 92 5f bb 12 6d f2 62 4f 25 3a
    39 bc a9 08 dd d9 7d 40 14 7d 06 d5 33 47 20 cc
    d9 9b 1d 52 5b 77 0b 91 55 0b 85 1d 34 dc b9 1c
    d3 36 26 d4 ac 29 40 08 bb 18 99 a7 9b aa 3b 14
    20 2e eb 78 1f 9b ca ca 8c 72 f7 9b c8 92 2a 4e
    1d 59 c3 29 6c 11 87 e2 a4 1d 29 16 5e d0 9e 40
    73 1f 28 6b 5c 8a 15 2e 8b c1 5b de c9 8b 33 42
    48 d6 17 83 4a 08 01 c4 92 25 06 09 0b 4a dc 47
    dc 68 1c 22 11 9f e8 e5 91 0e 99 5a d4 91 c0 36
    86 51 85 b6 89 e3 b6 ae 11 18 00 37 fa b0 c5 d4
    01 a4 45 0c 7b e6 8f 4d cb 64 18 bc cc d5 53 6c
    b0 28 a6 20 45 ae d1 b8 a3 3a b9 36 22 20 00 8f
    18 c8 11 32 3e 49 e9 3f ce ec 79 f8 52 2e 87 04
    4c 42 57 70 48 a8 47 d8 38 2b 30 5c 2d b1 a4 a5
    8b d8 94 1d 61 7d 8c 9c 69 3f 18 1e db c7 28 fe
    00 36 01 49 82 bf d6 61 00 53 4f 04 89 0a 50 14
    ac e8 da 5e 4c ab 2b 15 79 91 79 59 5f 68 01 c3
    fd 95 84 7a d1 3a c6 94 66 bc 65 6f 34 54 b0 f2
    2a 23 3b f4 9e 6f 57 41 3b e1 27 86 29 3a 47 4a
    73 41 f5 b4 71 b9 6b 97 f3 5c 1b 34 7a 5d a1 c8
    a9 c6 27 b6 16 80 8d 70 18 1b f1 b3 e9 40 c2 74
    2a 87 3d f4 0f 88 59 b4 77 02 7c 91 e6 23 a7 fa
    83 b0 da 92 91 f8 ce 77 69 68 bc 32 1a c3 b8 31
    9e 37 57 86 30 56 0e 61 0d 34 23 0c 05 d5 bc 65
    34 43 63 66 8c 5f b6 16 6c 40 12 da e4 8e 9d 56
    03 6a 33 3f 9a 28 83 d4 40 3d 79 db 62 08 31 8d
    8f 9b 1d ff 44 03 90 52 53 6f f2 03 4a 11 cb 75
    d0 69 5d 34 89 09 f5 40 43 f9 13 e3 c2 a0 d8 fa
    75 99 aa 2c b6 a8 6a ab e6 aa 22 74 cc ff 66 52
    cb c6 31 69 e4 01 57 2c 42 a4 81 2d 1a 82 1f f5
    d6 26 a4 da 07 24 21 26 43 54 b3 8b f7 94 29 f2
    56 ed d3 89 f4 e5 40 6f a4 a4 29 11 3a 4a 83 a3
    f2 17 75 54 6b 4c d5 85 0d ec b2 48 02 8a c5 95
    57 74 f1 14 03 b8 34 95 6b ab 34 b8 d5 21 28 3c
    68 9e 93 0f e8 00 42 dc b5 32 f2 34 86 c6 c5 7c
    e1 9b b3 62 43 17 85 f8 0b c6 92 33 e4 85 27 0c
    4c 3d aa dc 87 d8 1b 0f bb 7a 25 28 7a 63 17 52
    c5 4c 7a 8d a9 14 03 82 41 8a 58 e3 1c e1 c9 70
    0e a3 0a 4e 50 87 3c 85 20 6c 9b 41 a4 45 01 40
    14 42 00 70 bc a9 7a 97 7a d7 3b 5e dc 80 4c 91
    3f 36 78 6f 61 12 52 f6 d5 7d e6 0b 32 fc 58 1a
    ba 6c 67 d3 11 c2 eb 82 97 e5 9f 0c e7 39 c8 29
    3c 4e 63 b5 12 e4 fe 29 5e e4 46 0a 4a 3c 71 28
    a3 4a 1c a7 d6 9a 62 ee 7d 15 6d e3 83 4d 98 be
    8c 18 a1 65 f6 8e 0b 1b 54 ab 6c 7d 85 11 c6 d2
    5f e6 6f 8c e1 48
<<< TLS 1.2, RecordHeader [length 0005]
    14 03 03 00 01
<<< TLS 1.3, ChangeCipherSpec [length 0001]
    01
<<< TLS 1.2, RecordHeader [length 0005]
    16 03 03 04 ba
<<< TLS 1.3, Handshake [length 04ba], ServerHello
    02 00 04 b6 03 03 10 c3 58 10 3c c1 a9 93 1e 70
    c6 57 aa 7f d2 d1 0a 87 83 77 9f 3f 4f b7 e3 9c
    da f4 d3 94 22 72 20 89 8c 85 21 94 cd f8 d6 e8
    de 0a b1 2f 3e 12 3e 27 2d b8 42 90 f5 ea d0 b2
    15 91 85 36 33 b2 51 13 02 00 04 6e 00 2b 00 02
    03 04 00 33 04 64 11 ec 04 60 b9 1a 4b d7 5e 3a
    e7 b0 f4 e7 6a ff 7d 16 c7 4b 7c 20 73 a6 ec a6
    f4 04 38 d3 a9 90 65 3f 44 40 55 72 83 28 5d cd
    c3 a1 1b 60 8f 96 4b 19 ff 25 de 78 2a 11 54 16
    ab f1 92 29 7c a1 90 7a d5 02 cd 34 15 30 f2 d8
    4c af 2d 1a 8d bd f7 53 64 2d 20 45 08 c0 84 26
    1e cb 64 e5 4e 63 43 bf ac cd c0 d4 f5 c1 d9 98
    52 c2 fa c4 5f aa 30 aa f1 19 c5 5d 18 48 b3 9a
    44 0d 23 fb b7 4f 12 c3 23 e0 b1 91 29 87 0c 9b
    90 2c dc be 8b eb b8 06 35 47 0e 02 0d 6a 99 1f
    f5 1c bf 60 2a ef b3 46 a4 4d a8 f0 5c 1e 69 93
    ae 5e 31 a3 b6 ac 27 f0 15 c5 9d 17 8a 2e c3 14
    70 7d 04 0b 1b 37 0e 5b 9e c7 7e 23 7a 92 14 22
    5e 42 6f 06 c9 97 e2 13 18 5e 60 7d 55 10 5b 16
    b2 64 f8 81 b6 3f 83 18 dc fd 73 be fb 7a a4 92
    7d a9 47 2c 68 93 02 58 ee d1 93 5a 32 3a b3 5d
    f8 d0 81 7d c1 cb 3f 71 7b 4a 4c cd 7f 37 8b 06
    02 dc 82 17 02 65 02 c6 dc a6 78 3c f0 b3 e3 d7
    0f a8 c3 d7 39 6b 4c b7 3e a2 6b 19 6a 84 2a 8c
    dc fb fc 5b 42 83 e7 e5 bc 49 9d d1 ed 5f b5 92
    a1 cd 35 69 0f 10 b6 91 75 02 79 a4 f3 3a 0f 74
    2a 8f 3f 3a 78 a6 1d 4a 2b ec 52 e5 ac a4 32 d9
    79 f9 bb 6f e8 a9 c4 d9 2b 7f 53 aa b3 1e 9f 15
    dc 31 19 80 92 88 a6 95 1b 65 82 a0 a6 71 14 16
    b3 99 dc 0a cc e7 b3 c6 05 26 39 73 3b b8 b3 a4
    6f a3 38 9f 58 db ba 8f 5a d2 f3 d4 8c 73 97 d9
    e0 07 fb b3 ea 11 81 a4 48 cb 62 0a c0 44 1e 36
    96 e2 a6 2d 59 a2 65 cd 03 fd 18 81 69 0f 30 fd
    ca 8d 94 2f 4f e7 63 13 6e ab 02 35 8e 5a 6a 47
    71 5a 9a b2 85 85 70 de e7 86 fa 58 02 fc 4d a3
    56 3a 9f 04 67 e1 b3 f1 4e ca bd 72 ef bf cd 10
    d3 15 57 30 c1 7a 42 3a 4d 02 98 75 84 44 27 ea
    7e e2 4a 11 45 7f ae 85 1b 55 4a ae 27 aa 60 0c
    7e f7 05 50 5f 4a 5d f6 5c 09 71 21 af 2a f9 05
    40 bc 90 03 a0 c3 9c a5 08 fe 89 8c b9 37 ad f2
    53 43 22 59 45 50 84 5f 3e 23 e6 69 cd 1a fc af
    01 ec 98 b8 ea f8 b0 db 83 de 59 f4 c6 0e f3 ff
    3c ea e3 c5 70 a8 fd c8 87 8b cc d1 b4 4b 2e e4
    c0 76 b3 66 67 08 33 b9 bf 8c 94 8a d1 40 cb 73
    f0 3a f3 dd be fc 83 a5 dc 92 d0 cb f2 e5 65 0e
    e8 3f b2 35 2e 70 5a ee d0 81 c4 3a 82 d0 12 1d
    d1 e6 c3 b9 c9 97 c2 f2 ec a1 f7 8b d2 88 3b bb
    4b d7 68 15 db a8 b2 67 d4 9c 77 99 59 27 d4 1c
    b0 f2 55 19 a4 f9 12 4b 7c e7 6b 11 56 73 36 36
    68 64 70 bd a7 91 ba c3 20 3c bb 46 d4 e2 fe f2
    8b 30 f2 ce 5b 59 7f 38 fb fe 43 4f da 97 d9 3f
    52 f2 79 f4 79 5f 73 8a 88 8b 24 16 38 0e 8f 77
    d1 c8 e4 32 27 65 41 1e 86 fa 17 14 4f 41 15 f4
    70 97 a6 5c ff 9a fa 41 39 af 4c 10 86 65 7a b8
    b8 b0 4f a5 6e b6 4f 08 1b 93 cf f9 b7 62 b7 12
    71 0e d7 03 77 2c 7c aa 15 86 19 34 89 4d 1f 77
    4d 67 6c 11 c3 16 fd 6c 0c 2a f7 cd 01 8f 36 a0
    2d a0 c9 f0 6d 7f bd 54 51 7d 6a cc 12 a4 3d ca
    18 60 0c e8 40 29 b4 77 0d c2 0c 68 50 85 52 ee
    aa d5 66 f1 31 c2 92 b5 18 79 f5 90 37 ef 1b 37
    7b cf 3e ec cc 2f a7 6d d0 19 73 ff fd 4d 45 fa
    31 ad 82 30 ce 57 c5 8a 63 3d 2c 43 12 9f 4f 81
    76 1d 8e e7 da d0 5e dd 6f b4 f0 35 51 52 18 11
    fd 8a 23 d8 c8 4b 04 05 44 d4 77 bf 06 61 eb 34
    d5 19 a9 09 35 c9 f3 54 df 72 0c 85 3a 83 63 58
    08 49 5f 8c c9 fd d8 74 0e 76 cd 74 fa 5f 96 f7
    48 b9 7a 56 c9 0d dd b5 01 c8 2b ef 23 66 8e b7
    0d 13 a0 a7 d1 d1 8e a9 ac 38 a6 5c 83 05 97 ef
    a7 c6 9c fd fa 35 cb f5 8c 96 91 65 08 28 12 16
    4f 48 c2 89 d9 27 cd ae 7d 2b 58 b5 7f b9 22 0d
    da b2 a2 24 5a 7d f1 92 a8 a3 6d 22 fd ac 72 69
    7e 95 9e 71 c2 de ab 52 8c a1 9d 68 2e 79 ec 3f
    c5 6d 30 0a 34 36 ef 99 71 6e 5f 36 20 c2 2a 85
    12 25 bd 4d 38 8b 85 b1 94 b7 14 d0 df 48 ff c6
    fb 3e 86 dd e3 22 62 e4 6b 42 58 44 7e 8f b3 fa
    9b c3 27 58 bc da 40 df 32 07
<<< TLS 1.2, RecordHeader [length 0005]
    17 03 03 00 17
<<< TLS 1.3, InnerContent [length 0001]
    16
<<< TLS 1.3, Handshake [length 0006], EncryptedExtensions
    08 00 00 02 00 00
<<< TLS 1.2, RecordHeader [length 0005]
    17 03 03 03 47
<<< TLS 1.3, InnerContent [length 0001]
    16
<<< TLS 1.3, Handshake [length 0336], Certificate
    0b 00 03 32 00 00 03 2e 00 03 29 30 82 03 25 30
    82 02 0d a0 03 02 01 02 02 01 02 30 0d 06 09 2a
    86 48 86 f7 0d 01 01 0b 05 00 30 12 31 10 30 0e
    06 03 55 04 03 0c 07 52 6f 6f 74 20 43 41 30 20
    17 0d 31 36 30 31 31 34 32 32 32 39 34 36 5a 18
    0f 32 31 31 36 30 31 31 35 32 32 32 39 34 36 5a
    30 19 31 17 30 15 06 03 55 04 03 0c 0e 73 65 72
    76 65 72 2e 65 78 61 6d 70 6c 65 30 82 01 22 30
    0d 06 09 2a 86 48 86 f7 0d 01 01 01 05 00 03 82
    01 0f 00 30 82 01 0a 02 82 01 01 00 d5 5d 60 6a
    df fc 61 ee 48 aa 8c 11 48 43 a5 6d b6 52 5d aa
    98 49 b1 61 92 35 b1 fc 3a 04 25 0c 6d 79 ff b4
    d5 c9 e9 5c 1c 3b e0 ab b3 b8 7d a3 de 6d bd e0
    dd d7 5a bf 14 47 11 42 5e a6 82 d0 61 c1 7f dd
    13 46 e6 09 85 07 0e f2 d4 fc 1a 64 d2 0a ad 20
    ab 20 6b 96 f0 ad cc c4 19 53 55 dc 01 1d a4 b3
    ef 8a b4 49 53 5d 8a 05 1c f1 dc e1 44 bf c5 d7
    e2 77 19 57 5c 97 0b 75 ee 88 43 71 0f ca 6c c1
    b4 b2 50 a7 77 46 6c 58 0f 11 bf f1 76 24 5a ae
    39 42 b7 51 67 29 e1 d0 55 30 6f 17 e4 91 ea ad
    f8 28 c2 43 6f a2 64 a9 fb 9d 98 92 62 48 3e eb
    0d 4f 82 4a 8a ff 3f 72 ee 96 b5 ae a1 c1 98 ba
    ef 7d 90 75 6d ff 5a 52 9e ab f5 c0 7e d0 87 43
    db 85 07 07 0f 7d 38 7a fd d1 d3 ee 65 1d d3 ea
    39 6a 87 37 ee 4a d3 e0 0d 6e f5 70 ac c2 bd f1
    6e f3 92 95 5e a9 f0 a1 65 95 93 8d 02 03 01 00
    01 a3 7d 30 7b 30 1d 06 03 55 1d 0e 04 16 04 14
    c0 e7 84 bf e8 59 27 33 10 b0 52 4f 51 52 2f 06
    d6 c0 7a cd 30 1f 06 03 55 1d 23 04 18 30 16 80
    14 70 7f 2e ae 83 68 59 98 04 23 2a cd eb 3e 17
    cd 24 dd 01 49 30 09 06 03 55 1d 13 04 02 30 00
    30 13 06 03 55 1d 25 04 0c 30 0a 06 08 2b 06 01
    05 05 07 03 01 30 19 06 03 55 1d 11 04 12 30 10
    82 0e 73 65 72 76 65 72 2e 65 78 61 6d 70 6c 65
    30 0d 06 09 2a 86 48 86 f7 0d 01 01 0b 05 00 03
    82 01 01 00 7b d3 04 43 75 8a 0f 11 ae c4 fb d7
    a1 a2 9e fe 20 18 d5 f4 2f 31 88 46 b6 75 8c ee
    e5 9b 97 a6 b9 a3 cd 60 9a 46 c3 48 97 e5 97 68
    f7 5a 86 35 73 d9 69 9e f9 5f 74 b9 e6 94 13 01
    cb 6a dc e3 c4 04 e9 65 da 9c a4 8b 28 f3 f9 9a
    7f bf 97 1f 45 92 e5 05 b1 56 e6 0b f6 47 de 1e
    89 b6 2b e1 4d df 4a 7e 01 d3 23 dc 97 8c 47 fe
    5f c7 cc 98 46 0e c4 83 5b ca 8a f1 52 09 be 6b
    ec 3f 09 8b d0 93 02 bf e1 51 e7 d1 7e 34 56 19
    74 d0 ff 28 25 de b7 9f 56 52 91 7d 20 29 85 0a
    80 44 5f 71 32 25 71 0f c2 16 e2 5f 6b 1d 3f 32
    5b 0a 3c 74 1c b9 62 f1 ed 07 50 a3 6d b4 b4 31
    0a c0 53 44 6a 3a 88 84 8b 2d a9 b0 37 8e e6 18
    36 bd 9a 20 40 0f 01 92 8b 3d aa 61 e7 ae 2c ed
    36 cd 3a 07 86 74 3a 29 b3 d7 3a b4 00 a9 c2 f5
    92 78 0e e2 0f a3 fe bb be e0 06 53 84 59 1d 90
    69 e5 b6 f9 00 00
<<< TLS 1.2, RecordHeader [length 0005]
    17 03 03 01 19
<<< TLS 1.3, InnerContent [length 0001]
    16
<<< TLS 1.3, Handshake [length 0108], CertificateVerify
    0f 00 01 04 08 04 01 00 b4 32 50 f8 a9 ce 31 76
    66 a6 fc 8c 67 11 2f 9e 6a 90 f5 ba 45 2b 71 a9
    86 06 d5 5a 4d 1f c3 6a 25 6c 75 b6 44 6c 87 6d
    37 47 ba b8 e8 0e eb 32 3d d2 52 85 f4 58 1b 43
    e7 5d ef 57 4e 80 9a 3e ef cb 81 6c 77 c6 c1 ce
    35 7f 3b c2 6f 4d 04 cf cc d8 5f cb b0 4d 55 fa
    cb 60 f8 1a a7 c4 d1 ad cb f5 36 17 97 99 44 c9
    fc fe 14 06 d0 2d a3 00 30 e3 8c 4e 92 51 c0 cb
    14 a1 5c e6 78 90 66 1d 8a d1 29 5c 4a c9 f4 4b
    b2 1f f3 03 54 b4 92 81 c4 94 47 c1 60 89 6e 93
    51 ce 25 9d 5a 6a 20 39 13 a9 98 44 97 36 7b 27
    10 4e 8d 09 bf 4b c0 01 81 66 1b 71 78 0b e3 3a
    f8 07 5b 36 95 83 a1 f2 a6 35 25 93 fa d1 43 30
    0c b7 22 e7 a2 b5 3e 01 6c 76 1f 80 12 62 f7 e8
    0f ab e2 a7 55 cc 0e 6c bb 88 15 8d 97 ee 33 23
    6c ce 9f 41 23 d8 e3 20 72 b7 eb 2c ea cf fc 4b
    3d ea 45 1d d0 e3 71 62
<<< TLS 1.2, RecordHeader [length 0005]
    17 03 03 00 45
<<< TLS 1.3, InnerContent [length 0001]
    16
<<< TLS 1.3, Handshake [length 0034], Finished
    14 00 00 30 7f 16 02 ba 1f ba f4 1e 81 53 57 1b
    83 3f 20 e8 18 8f b7 2a ba 82 73 28 f0 41 e8 e8
    b7 fd cb 5c 9b f4 59 66 e9 48 14 ac 27 99 4e 56
    f6 a2 b7 83
>>> TLS 1.2, RecordHeader [length 0005]
    17 03 03 00 45
>>> TLS 1.2, InnerContent [length 0001]
    16
>>> TLS 1.3, Handshake [length 0034], Finished
    14 00 00 30 f7 9f 37 6e f1 27 4f 8b c2 4e ec 58
    c3 f8 b3 fa f1 7d f2 79 ec f3 89 52 f4 55 b1 2a
    a7 e1 4b 4a 2f bc 6d 60 ed c9 44 3e df 83 b2 c8
    f6 97 19 57
---
Certificate chain
 0 s:CN=server.example
   i:CN=Root CA
   a:PKEY: RSA, 2048 (bit); sigalg: sha256WithRSAEncryption
   v:NotBefore: Jan 14 22:29:46 2016 GMT; NotAfter: Jan 15 22:29:46 2116 GMT
---
Server certificate
-----BEGIN CERTIFICATE-----
MIIDJTCCAg2gAwIBAgIBAjANBgkqhkiG9w0BAQsFADASMRAwDgYDVQQDDAdSb290
IENBMCAXDTE2MDExNDIyMjk0NloYDzIxMTYwMTE1MjIyOTQ2WjAZMRcwFQYDVQQD
DA5zZXJ2ZXIuZXhhbXBsZTCCASIwDQYJKoZIhvcNAQEBBQADggEPADCCAQoCggEB
ANVdYGrf/GHuSKqMEUhDpW22Ul2qmEmxYZI1sfw6BCUMbXn/tNXJ6VwcO+Crs7h9
o95tveDd11q/FEcRQl6mgtBhwX/dE0bmCYUHDvLU/Bpk0gqtIKsga5bwrczEGVNV
3AEdpLPvirRJU12KBRzx3OFEv8XX4ncZV1yXC3XuiENxD8pswbSyUKd3RmxYDxG/
8XYkWq45QrdRZynh0FUwbxfkkeqt+CjCQ2+iZKn7nZiSYkg+6w1PgkqK/z9y7pa1
rqHBmLrvfZB1bf9aUp6r9cB+0IdD24UHBw99OHr90dPuZR3T6jlqhzfuStPgDW71
cKzCvfFu85KVXqnwoWWVk40CAwEAAaN9MHswHQYDVR0OBBYEFMDnhL/oWSczELBS
T1FSLwbWwHrNMB8GA1UdIwQYMBaAFHB/Lq6DaFmYBCMqzes+F80k3QFJMAkGA1Ud
EwQCMAAwEwYDVR0lBAwwCgYIKwYBBQUHAwEwGQYDVR0RBBIwEIIOc2VydmVyLmV4
YW1wbGUwDQYJKoZIhvcNAQELBQADggEBAHvTBEN1ig8RrsT716Ginv4gGNX0LzGI
RrZ1jO7lm5emuaPNYJpGw0iX5Zdo91qGNXPZaZ75X3S55pQTActq3OPEBOll2pyk
iyjz+Zp/v5cfRZLlBbFW5gv2R94eibYr4U3fSn4B0yPcl4xH/l/HzJhGDsSDW8qK
8VIJvmvsPwmL0JMCv+FR59F+NFYZdND/KCXet59WUpF9ICmFCoBEX3EyJXEPwhbi
X2sdPzJbCjx0HLli8e0HUKNttLQxCsBTRGo6iISLLamwN47mGDa9miBADwGSiz2q
YeeuLO02zToHhnQ6KbPXOrQAqcL1kngO4g+j/ru+4AZThFkdkGnltvk=
-----END CERTIFICATE-----
subject=CN=server.example
issuer=CN=Root CA
---
No client certificate CA names sent
Peer signing digest: SHA256
Peer signature type: rsa_pss_rsae_sha256
Negotiated TLS1.3 group: X25519MLKEM768
---
SSL handshake has read 2546 bytes and written 1702 bytes
Verification error: unable to verify the first certificate
---
New, TLSv1.3, Cipher is TLS_AES_256_GCM_SHA384
Protocol: TLSv1.3
Server public key is 2048 bit
This TLS version forbids renegotiation.
Compression: NONE
Expansion: NONE
No ALPN negotiated
Early data was not sent
Verify return code: 21 (unable to verify the first certificate)
---
>>> TLS 1.2, RecordHeader [length 0005]
    17 03 03 00 13
>>> TLS 1.2, InnerContent [length 0001]
    15
>>> TLS 1.3, Alert [length 0002], warning close_notify
    01 00
Connecting to 127.0.0.1
SSL_connect:before SSL initialization
SSL_connect:SSLv3/TLS write client hello
SSL_connect:SSLv3/TLS write client hello
SSL_connect:SSLv3/TLS read server hello
SSL_connect:SSLv3/TLS write change cipher spec
SSL_connect:SSLv3/TLS write client hello
SSL_connect:SSLv3/TLS write client hello
SSL_connect:SSLv3/TLS read server hello
Can't use SSL_get_servername
SSL_connect:TLSv1.3 read encrypted extensions
depth=0 CN=server.example
verify error:num=20:unable to get local issuer certificate
verify return:1
depth=0 CN=server.example
verify error:num=21:unable to verify the first certificate
verify return:1
depth=0 CN=server.example
verify return:1
SSL_connect:SSLv3/TLS read server certificate
SSL_connect:TLSv1.3 read server certificate verify
SSL_connect:SSLv3/TLS read finished
SSL_connect:SSLv3/TLS write finished
DONE
SSL3 alert write:warning:close notify
