CONNECTED(00000003)
>>> TLS 1.0, RecordHeader [length 0005]
    16 03 01 00 d6
>>> TLS 1.3, Handshake [length 00d6], ClientHello
    01 00 00 d2 03 03 d4 da 3c cc d8 58 54 33 8d 38
    65 74 41 86 5f ae a5 a6 86 35 0b af 45 a2 0b 76
    ef cf f9 2c 69 a3 20 20 f3 9c 0f 9a 9f 96 e5 01
    af ef 8d 31 6b 6b 05 45 8c 3f 63 ff 29 6f 7d a6
    1a 72 3b 38 66 53 a4 00 06 13 02 13 03 13 01 01
    00 00 83 00 0b 00 04 03 00 01 02 00 0a 00 06 00
    04 00 1d 11 ec 00 23 00 00 00 16 00 00 00 17 00
    00 00 0d 00 2a 00 28 09 05 09 06 09 04 04 03 05
    03 06 03 08 07 08 08 08 1a 08 1b 08 1c 08 09 08
    0a 08 0b 08 04 08 05 08 06 04 01 05 01 06 01 00
    2b 00 03 02 03 04 00 2d 00 02 01 01 00 33 00 26
    00 24 00 1d 00 20 30 cf 40 3c 8e b6 db a2 51 0b
    cf d9 15 bc 7a 0a c6 6a ec 6b 40 c8 26 42 30 28
    7d bb 1f 9f a4 31
<<< TLS 1.2, RecordHeader [length 0005]
    16 03 03 00 58
<<< TLS 1.3, Handshake [length 0058], ServerHello
    02 00 00 54 03 03 cf 21 ad 74 e5 9a 61 11 be 1d
    8c 02 1e 65 b8 91 c2 a2 11 16 7a bb 8c 5e 07 9e
    09 e2 c8 a8 33 9c 20 20 f3 9c 0f 9a 9f 96 e5 01
    af ef 8d 31 6b 6b 05 45 8c 3f 63 ff 29 6f 7d a6
    1a 72 3b 38 66 53 a4 13 02 00 00 0c 00 2b 00 02
    03 04 00 33 00 02 11 ec
>>> TLS 1.2, RecordHeader [length 0005]
    14 03 03 00 01
>>> TLS 1.3, ChangeCipherSpec [length 0001]
    01
>>> TLS 1.2, RecordHeader [length 0005]
    16 03 03 05 76
>>> TLS 1.3, Handshake [length 0576], ClientHello
    01 00 05 72 03 03 d4 da 3c cc d8 58 54 33 8d 38
    65 74 41 86 5f ae a5 a6 86 35 0b af 45 a2 0b 76
    ef cf f9 2c 69 a3 20 20 f3 9c 0f 9a 9f 96 e5 01
    af ef 8d 31 6b 6b 05 45 8c 3f 63 ff 29 6f 7d a6
    1a 72 3b 38 66 53 a4 00 06 13 02 13 03 13 01 01
    00 05 23 00 0b 00 04 03 00 01 02 00 0a 00 06 00
    04 00 1d 11 ec 00 23 00 00 00 16 00 00 00 17 00
    00 00 0d 00 2a 00 28 09 05 09 06 09 04 04 03 05
    03 06 03 08 07 08 08 08 1a 08 1b 08 1c 08 09 08
    0a 08 0b 08 04 08 05 08 06 04 01 05 01 06 01 00
    2b 00 03 02 03 04 00 2d 00 02 01 01 00 33 04 c6
    04 c4 11 ec 04 c0 a1 e7 a4 d2 3a 11 20 fc a0 5b
    25 4e c3 d0 46 05 71 10 80 15 a8 4c 1b 1e 9f fc
    26 f7 19 ae e0 80 af 60 11 58 97 81 9e 46 83 8e
    c8 96 c7 54 46 be 07 ab b2 44 d8 ba 5c 4c 4f d3
    b4 4f d9 72 5d 45 17 57 d4 0c 90 6d 8a 6c 21 4a
    0a da e9 08 74 96 92 8a 80 0a dd 4b 37 62 e4 6a
    0e e2 b2 61 47 54 6a f0 19 f4 3a 60 54 e1 33 a6
    dc c6 95 32 ac 7b 60 5c 90 dc 24 01 e5 24 e5 24
    cf 1d 72 00 55 e3 43 d8 99 80 4b 71 14 a9 81 cd
    83 d8 20 51 b3 a0 28 3b 82 29 65 48 9f 81 2b 2c
    c0 7b 2e 6b 92 57 d3 91 f1 55 55 99 52 39 ea 49
    2e c3 ec 09 64 ec 1f 5e 9c 5f be eb 5f 70 94 ce
    0e d2 4d 77 b1 33 1a 70 8c 43 a4 0d a5 12 98 1d
    62 73 17 0b 43 c9 82 9c 7d a0 8c c2 99 67 10 f6
    1f 3f e7 92 46 42 0c fc eb c1 6d f1 20 56 80 5f
    c7 8b 96 f8 06 37 f7 b8 62 19 5b 13 da 24 20 73
    e8 34 77 60 77 bb 76 5f cd 0a 32 54 7b b4 da d1
    80 4d 52 b3 86 a8 3c 3d 87 c5 e5 d2 71 4a f9 0b
    f7 e6 c2 df 66 28 95 89 12 89 29 6a 6f 96 22 73
    69 55 61 f3 16 41 b9 9e 62 64 85 11 04 20 ad c3
    0f 21 11 b2 3a f7 0d 83 f0 9b d7 c1 8a 72 19 73
    9b 67 3f 63 04 22 4c 63 a7 ee a9 27 0f 5c 50 24
    84 62 59 27 6c 6a a9 1c f2 65 18 bc ec 4b a0 3c
    a8 4a 64 ba f6 9a ba 49 7b 11 5a 26 77 6a 6c a1
    53 c6 0e f1 76 a3 93 e0 18 a7 0a ca cc 39 02 58
    b3 18 89 69 9b 55 7c 3f 5a a1 be 8e 1b 55 5f 84
    89 82 64 45 68 cc c1 92 fb 5c 8f 87 92 b4 68 07
    aa 24 23 94 33 37 66 05 46 12 56 69 36 d9 80 71
    ec 3a 92 98 44 a9 e0 7d 7b 48 14 16 26 a1 f0 10
    47 01 0a 82 a7 37 81 07 fb 1e f5 fa 23 0c f5 62
    67 42 c5 a4 88 15 db da aa 15 c8 0f 62 70 0c 8b
    8b 11 13 f9 5f 6c b2 1f f2 32 ab 97 a9 79 dd c9
    29 5e 72 cc 93 03 03 86 59 51 3d 81 01 ac 8b 7e
    9a 56 78 93 63 19 d3 00 91 3b 38 2b 48 0b a2 38
    0a 32 df 83 b7 df e4 01 42 c4 6c b2 a2 c9 70 8c
    85 ae f5 6e 7c 27 13 97 57 1d bf e1 0a 90 6c 10
    b4 e0 b8 32 5b 18 76 d2 6c 03 ec 4a 8f f2 30 cb
    9b 8f 71 01 b3 4c a4 23 05 f9 01 69 43 2c ba 31
    2d 8d 7b 90 b6 e7 c3 77 e5 aa 61 48 61 6d a4 88
    ea b9 9f 9d 3b 29 55 28 03 c2 94 95 b0 b8 50 a8
    f0 41 26 52 2b cd 82 21 f3 ea cb 90 f5 4e c3 f7
    7b bb 64 bc 4c 98 a6 97 2a 0d a1 8c 0e c6 a7 00
    e3 e5 24 b9 80 bd a1 52 cf 33 f2 39 24 73 77 8c
    d0 61 5c 70 69 df 57 76 b5 f7 6f 8b bb 33 c0 0b
    c0 bd 43 57 df a8 62 ae 41 6f a6 14 29 81 81 2b
    fa 45 18 18 3a 46 76 f1 04 38 65 6d 38 52 2d cc
    a9 44 e8 52 50 d0 62 c3 d8 96 42 c6 c6 ac 9b 15
    30 06 37 0d 88 3a 13 b6 29 a4 72 dc 85 a7 c1 06
    6e 17 11 d0 28 90 8f 76 89 45 e9 91 45 b6 b1 ba
    f3 7a 1a 72 a4 f3 e9 71 1b d7 30 8d fc a6 0d 71
    be b2 1a ce c8 bb 33 44 cb c6 19 31 30 18 e6 04
    8f 75 96 3d 5c 58 b6 a8 26 e4 7c 79 eb 20 2a a0
    c6 b8 29 b7 62 82 d8 05 f6 52 0f 0f 37 82 5d f6
    5f a7 07 04 39 4a 30 f2 ca 77 d6 45 7e db 54 02
    9e db 2e 35 55 c9 e7 12 27 66 f3 94 d1 fb 41 1e
    e8 85 b3 25 79 8e 84 69 cc 82 c5 9a c7 09 31 62
    6b fe e9 54 e8 93 0e 40 97 2a bb 47 3e bf 75 85
    fb 74 5d fa c4 23 b5 36 4e 60 e9 a4 30 a1 74 08
    30 45 c4 46 be 59 60 3f a7 94 71 45 f0 a6 ee ac
    25 78 46 a8 bf fc 19 dc 00 84 22 4c 22 96 c1 16
    07 69 b7 9b aa 27 52 19 15 e1 d8 ac a7 f7 04 32
    b9 54 cc cc 8a 03 d5 04 3b a1 12 3f 67 9b 3b 61
    51 72 bb a3 d7 b8 a2 dd 29 22 02 5c 03 55 87 5c
    e1 e9 20 75 2a 7f d5 fb 0a d1 c6 bc 29 79 12 8c
    d8 41 6f 94 2f 15 aa 86 96 37 ac 03 da c5 97 6a
    18 19 d5 85 88 7c a1 ac fb 6f cf fc c6 96 40 17
    64 dc cc 8b 39 73 c5 e1 99 0a a1 40 8f e7 18 82
    82 2a 22 3c 37 fe 7a 61 71 13 6c 8c 8a 1f 6e 1a
    04 29 62 4a ea 46 1d 04 97 57 15 26 2c 7d da 0e
    54 b2 33 a1 29 69 ac 11 b8 b8 1c a3 f4 2c 38 76
    41 81 dc d1 13 5e fa 8f 76 43 8f b6 6c 47 df 02
    99 ea da 78 34 d2 2a d9 27 32 40 ec 0d 58 79 6e
    9b 84 10 03 b6 b7 a2 09 bf 7b a5 f0 9e d5 23 dc
    a9 22 6d 2b cc 0f 2e 56 82 0b 1e f3 e6 b0 18 ca
    ab 0c 5b 72 2e bb 2d 4d 5e 26 26 10 a3 b8 64 4d
    b1 8d 7e 6c c8 95 2a b5 f8 fe e3 be 66 92 53 17
    ee 85 a3 13 54 07
<<< TLS 1.2, RecordHeader [length 0005]
    14 03 03 00 01
<<< TLS 1.3, ChangeCipherSpec [length 0001]
    01
<<< TLS 1.2, RecordHeader [length 0005]
    16 03 03 04 ba
<<< TLS 1.3, Handshake [length 04ba], ServerHello
    02 00 04 b6 03 03 aa 7e 78 4c 61 a6 17 44 26 49
    bd 08 39 a3 21 66 7d 7d 0d 74 ef a7 7d 29 17 14
    cc bd 9c 36 74 57 20 20 f3 9c 0f 9a 9f 96 e5 01
    af ef 8d 31 6b 6b 05 45 8c 3f 63 ff 29 6f 7d a6
    1a 72 3b 38 66 53 a4 13 02 00 04 6e 00 2b 00 02
    03 04 00 33 04 64 11 ec 04 60 39 69 9f d7 25 70
    28 7a e2 7f d6 d3 90 c6 23 9b 36 b7 a1 c7 07 3d
    ca 97 0b b9 95 cd 02 55 10 17 0c c6 39 84 2e 88
    56 ec 02 b8 fe 1e d5 cf 4f 0c 85 80 50 1b 8f 90
    c3 23 ba 0c df ee 97 b0 08 ff e8 a6 ca d0 43 db
    dd 10 8e 47 ee 23 34 9c a0 14 c0 e7 58 81 5f 94
    0e a0 c5 6a b4 28 61 9b f2 c8 d5 3c 19 8a c9 f0
    08 00 d2 6e 2c c5 9a c4 1d d7 86 32 07 39 69 e2
    66 88 b2 73 96 7c 71 b9 35 50 da bf 8b cb 61 01
    93 b1 4c 73 e6 a2 90 ee 50 9a f4 13 53 ba ee bc
    c8 b2 5f aa 98 35 b5 79 d7 ba 47 a9 0d 5e 05 92
    2c f5 f7 fe 1d 4b 10 0b 2e 76 c5 6d f2 a5 16 11
    47 1d 80 90 81 4e e6 18 14 ec 6d 67 89 9d 73 3a
    5b b2 18 d1 f8 c2 e4 e8 90 ff b0 1b 87 5a 3d 95
    03 b8 b7 63 9e 28 7e 49 8f a3 87 8e 7b 12 c0 0e
    9a 9e 37 30 cd 64 32 b8 47 4f 9d 59 bf 35 10 5f
    10 7f 45 d8 c5 30 27 66 fd 39 32 49 f5 31 97 99
    59 17 89 63 40 17 72 60 d5 c5 43 9e 0a 2f 04 f9
    b0 69 8d 03 4a 35 98 ff fb 08 9c cf e3 45 f2 be
    55 e6 3f bc 1d 45 f4 e3 15 0b 46 9f 60 8d 43 c6
    16 fb ba ee 43 93 95 85 66 ca 4e 44 f4 85 8e 72
    79 3c 47 48 de 45 d1 18 a7 90 f9 de 3a 10 e4 e2
    f5 6f 17 58 47 2e 0c 57 3a d0 f9 37 5b be e9 0e
    9e b0 5c 39 7f db 2b 1a a6 c0 5d b4 d9 8c 83 fa
    7b 3c ef d8 a2 b1 0b bf 39 6d b2 92 94 95 ac b5
    b8 98 40 13 6e 74 77 ba 77 4a b3 6a ab 83 7b 3e
    1e 42 ef f0 e6 35 92 7c da a8 52 4d 9e 11 32 de
    97 92 7e c4 50 f2 73 04 99 ee 70 e5 41 af 2d b0
    0b ba 4e 65 a4 c0 1c 04 3d 47 f3 00 40 73 02 8a
    6a e4 41 02 6a 4d 3c 2e 47 1f 07 c2 42 e6 43 ff
    d6 6e e7 7c 4b 1b b5 40 82 ff 68 82 f8 13 ec 6c
    9f 9a 4c a2 25 e6 a4 37 61 7a f1 6c 64 7d d3 57
    6f cf 81 22 5b c6 23 d9 50 49 ee db 69 8f a5 66
    1d d7 4a 9b 02 37 67 0c 87 e5 c4 e7 c4 4e c4 ab
    ad 9b 5e 28 0d 46 31 91 a1 aa 48 81 14 15 5b 2c
    6b b6 fc 18 39 b8 d6 e7 c1 07 30 26 5b 63 3e 0a
    0c 3e 4f ef 3b 0a f8 ef 5d 3c 54 c9 1f b6 df b7
    8b fe c1 1e 36 71 fe 99 36 5a 75 90 e2 52 6f d4
    e8 c1 55 e7 75 90 01 bd 68 ae ac 39 58 f0 9a de
    3d 1e 95 29 84 80 87 2b 63 a5 50 4f e7 4d b3 94
    3f f7 de f3 e3 fe 15 62 4a 4e 91 89 f1 cb fd b1
    71 76 63 48 7c 52 0e f0 7d d3 4c 5c 9c 4a e6 39
    db 5a 7d fb 42 6c 91 09 71 59 39 0e d1 bb 1d 5f
    51 3e d3 4a 10 f1 d2 07 2d 84 28 06 22 5e 1f e9
    5d aa d0 27 1c ba b9 19 06 ae 23 ee ba 8e 9b 91
    9e d0 04 71 47 5a 77 56 6b ba 47 ab 89 46 9c f4
    6a d4 ce f8 32 4c 1a fb db de 5a 44 8b 1e 1a c1
    ff 2c 89 9d 4c cc 3a ac 42 46 25 3b 9b fd 65 35
    ed 78 3e c3 b5 58 e3 73 26 94 f4 e7 b2 66 36 11
    dd 39 cb 3f cf d8 06 7d 33 91 3f d6 69 a7 4b c8
    8e 3d c7 d4 c4 1c 31 82 b3 b9 c5 a1 18 84 ef 8f
    60 5a 6e 6d 58 ca de 27 53 03 b7 b2 5c 4a 01 fb
    1a a6 e6 12 93 07 93 2b 2f ea e7 76 ed 54 37 bf
    f8 3b 84 37 65 0a d8 7e 73 5d d0 51 da 91 97 19
    9b 94 53 b9 c2 cc 0d fe 08 dd 33 07 57 2c f4 5e
    c5 a5 ee f4 fb 57 ad 51 36 6e 99 ed 63 65 c2 02
    30 2b 59 e3 9f f4 36 9f 9d 67 28 bc ad af 08 42
    dd a8 0e 71 9f 69 b9 78 03 1e 3b 40 df e7 f8 8f
    50 0c dd 2b 53 7c 31 59 ae c1 52 73 86 07 b5 c8
    49 00 40 29 3b e7 1b 6b a5 af c4 ba 83 3a 71 43
    59 27 d5 db fc a9 bb 7a c6 af f4 f3 dc de e4 02
    8a 0a 2c 98 d6 5b ae 43 28 44 53 86 95 8c 09 af
    6a 31 9d 3a 88 3a 55 6c ac 98 49 03 e8 4c 0a 4e
    bf 24 a9 dd 97 de ff e8 1d 4e 12 0f bf e4 41 c4
    71 bc 4f b0 df 7e bf ef 3f 99 cd 51 08 67 62 4c
    a1 d3 83 f2 a7 b7 c6 a3 49 4b 36 01 be bc bf af
    87 d0 cc e8 65 47 81 8a 83 49 75 48 53 fc fa de
    b0 9e fe 30 fc 1c 7c f2 3c 69 2f d1 93 5b 33 f5
    a1 4a 33 63 cc 36 4d c8 ab f1 15 c4 3e d6 f1 56
    7b 6e 9c 2e 01 09 14 85 3a 76 f6 0b 12 02 91 a0
    3b 54 47 15 e5 cd 03 51 5a 49
<<< TLS 1.2, RecordHeader [length 0005]
    17 03 03 00 17
<<< TLS 1.3, InnerContent [length 0001]
    16
<<< TLS 1.3, Handshake [length 0006], EncryptedExtensions
    08 00 00 02 00 00
<<< TLS 1.2, RecordHeader [length 0005]
    17 03 03 03 47
<<< TLS 1.3, InnerContent [length 0001]
    16
<<< TLS 1.3, Handshake [length 0336], Certificate
    0b 00 03 32 00 00 03 2e 00 03 29 30 82 03 25 30
    82 02 0d a0 03 02 01 02 02 01 02 30 0d 06 09 2a
    86 48 86 f7 0d 01 01 0b 05 00 30 12 31 10 30 0e
    06 03 55 04 03 0c 07 52 6f 6f 74 20 43 41 30 20
    17 0d 31 36 30 31 31 34 32 32 32 39 34 36 5a 18
    0f 32 31 31 36 30 31 31 35 32 32 32 39 34 36 5a
    30 19 31 17 30 15 06 03 55 04 03 0c 0e 73 65 72
    76 65 72 2e 65 78 61 6d 70 6c 65 30 82 01 22 30
    0d 06 09 2a 86 48 86 f7 0d 01 01 01 05 00 03 82
    01 0f 00 30 82 01 0a 02 82 01 01 00 d5 5d 60 6a
    df fc 61 ee 48 aa 8c 11 48 43 a5 6d b6 52 5d aa
    98 49 b1 61 92 35 b1 fc 3a 04 25 0c 6d 79 ff b4
    d5 c9 e9 5c 1c 3b e0 ab b3 b8 7d a3 de 6d bd e0
    dd d7 5a bf 14 47 11 42 5e a6 82 d0 61 c1 7f dd
    13 46 e6 09 85 07 0e f2 d4 fc 1a 64 d2 0a ad 20
    ab 20 6b 96 f0 ad cc c4 19 53 55 dc 01 1d a4 b3
    ef 8a b4 49 53 5d 8a 05 1c f1 dc e1 44 bf c5 d7
    e2 77 19 57 5c 97 0b 75 ee 88 43 71 0f ca 6c c1
    b4 b2 50 a7 77 46 6c 58 0f 11 bf f1 76 24 5a ae
    39 42 b7 51 67 29 e1 d0 55 30 6f 17 e4 91 ea ad
    f8 28 c2 43 6f a2 64 a9 fb 9d 98 92 62 48 3e eb
    0d 4f 82 4a 8a ff 3f 72 ee 96 b5 ae a1 c1 98 ba
    ef 7d 90 75 6d ff 5a 52 9e ab f5 c0 7e d0 87 43
    db 85 07 07 0f 7d 38 7a fd d1 d3 ee 65 1d d3 ea
    39 6a 87 37 ee 4a d3 e0 0d 6e f5 70 ac c2 bd f1
    6e f3 92 95 5e a9 f0 a1 65 95 93 8d 02 03 01 00
    01 a3 7d 30 7b 30 1d 06 03 55 1d 0e 04 16 04 14
    c0 e7 84 bf e8 59 27 33 10 b0 52 4f 51 52 2f 06
    d6 c0 7a cd 30 1f 06 03 55 1d 23 04 18 30 16 80
    14 70 7f 2e ae 83 68 59 98 04 23 2a cd eb 3e 17
    cd 24 dd 01 49 30 09 06 03 55 1d 13 04 02 30 00
    30 13 06 03 55 1d 25 04 0c 30 0a 06 08 2b 06 01
    05 05 07 03 01 30 19 06 03 55 1d 11 04 12 30 10
    82 0e 73 65 72 76 65 72 2e 65 78 61 6d 70 6c 65
    30 0d 06 09 2a 86 48 86 f7 0d 01 01 0b 05 00 03
    82 01 01 00 7b d3 04 43 75 8a 0f 11 ae c4 fb d7
    a1 a2 9e fe 20 18 d5 f4 2f 31 88 46 b6 75 8c ee
    e5 9b 97 a6 b9 a3 cd 60 9a 46 c3 48 97 e5 97 68
    f7 5a 86 35 73 d9 69 9e f9 5f 74 b9 e6 94 13 01
    cb 6a dc e3 c4 04 e9 65 da 9c a4 8b 28 f3 f9 9a
    7f bf 97 1f 45 92 e5 05 b1 56 e6 0b f6 47 de 1e
    89 b6 2b e1 4d df 4a 7e 01 d3 23 dc 97 8c 47 fe
    5f c7 cc 98 46 0e c4 83 5b ca 8a f1 52 09 be 6b
    ec 3f 09 8b d0 93 02 bf e1 51 e7 d1 7e 34 56 19
    74 d0 ff 28 25 de b7 9f 56 52 91 7d 20 29 85 0a
    80 44 5f 71 32 25 71 0f c2 16 e2 5f 6b 1d 3f 32
    5b 0a 3c 74 1c b9 62 f1 ed 07 50 a3 6d b4 b4 31
    0a c0 53 44 6a 3a 88 84 8b 2d a9 b0 37 8e e6 18
    36 bd 9a 20 40 0f 01 92 8b 3d aa 61 e7 ae 2c ed
    36 cd 3a 07 86 74 3a 29 b3 d7 3a b4 00 a9 c2 f5
    92 78 0e e2 0f a3 fe bb be e0 06 53 84 59 1d 90
    69 e5 b6 f9 00 00
<<< TLS 1.2, RecordHeader [length 0005]
    17 03 03 01 19
<<< TLS 1.3, InnerContent [length 0001]
    16
<<< TLS 1.3, Handshake [length 0108], CertificateVerify
    0f 00 01 04 08 04 01 00 78 2a 3a 0d 80 83 50 cf
    b2 0a 04 48 3f 86 60 b0 85 53 e0 5d 9f cd 2a 2b
    bb eb 6d 87 bf 57 12 e0 3d 9f ef fe 36 35 6d d4
    22 ce e8 f9 e3 ee d6 ad c2 a5 6d b1 93 c2 db 14
    42 80 72 ce 20 60 44 b6 ad 78 77 90 c9 cf f9 79
    40 bf 27 8f 76 34 cb 00 1a 62 00 70 87 44 17 b0
    d4 87 42 18 03 22 39 f9 95 8c ed 3e c6 f9 e2 cf
    f7 b4 fa a0 17 06 88 83 0a 55 b8 c3 da a7 a2 0a
    df ac c8 35 73 f2 0c be 37 23 31 17 d8 d0 69 b5
    fd ae 1f e1 6f 92 c6 f1 1d a8 f5 ad 4d 9d 39 a2
    d4 3c 32 f2 4f 80 52 50 0f 3d a2 0b e2 24 57 3c
    55 d9 f0 87 e7 66 0b 33 88 75 69 58 1b 1a b4 79
    39 4b 7c 3c ee af 97 c2 3e 2a 09 e6 60 10 09 a3
    ea 81 38 36 68 d0 6d 7a 45 1d 5a 26 be fe 32 8a
    20 8a 02 09 58 36 d9 e9 95 08 54 b8 44 3a 61 fa
    41 ed 2e 82 52 c0 fa 0d c5 ee 46 df ad 19 63 84
    47 34 9b 57 50 f6 8b 8e
<<< TLS 1.2, RecordHeader [length 0005]
    17 03 03 00 45
<<< TLS 1.3, InnerContent [length 0001]
    16
<<< TLS 1.3, Handshake [length 0034], Finished
    14 00 00 30 e0 7f 45 72 ad 8f 02 d2 9e e0 f2 ce
    9e 95 88 92 3f 54 3f 37 c4 ec 2a 48 6d 83 eb 34
    97 3f 32 d3 29 a9 21 06 c7 d8 9d 89 93 59 ea e7
    5a 72 c6 31
>>> TLS 1.2, RecordHeader [length 0005]
    17 03 03 00 45
>>> TLS 1.2, InnerContent [length 0001]
    16
>>> TLS 1.3, Handshake [length 0034], Finished
    14 00 00 30 f4 17 9e 87 ef ca 4c 07 a2 bc 40 4d
    4a c4 47 e8 77 fd bc 53 b4 78 a8 5a 91 7c 34 3b
    03 8f 49 38 7b af af 05 29 16 9b 36 a3 ac 48 80
    5b 1e 3a 20
---
Certificate chain
 0 s:CN=server.example
   i:CN=Root CA
   a:PKEY: RSA, 2048 (bit); sigalg: sha256WithRSAEncryption
   v:NotBefore: Jan 14 22:29:46 2016 GMT; NotAfter: Jan 15 22:29:46 2116 GMT
---
Server certificate
-----BEGIN CERTIFICATE-----
MIIDJTCCAg2gAwIBAgIBAjANBgkqhkiG9w0BAQsFADASMRAwDgYDVQQDDAdSb290
IENBMCAXDTE2MDExNDIyMjk0NloYDzIxMTYwMTE1MjIyOTQ2WjAZMRcwFQYDVQQD
DA5zZXJ2ZXIuZXhhbXBsZTCCASIwDQYJKoZIhvcNAQEBBQADggEPADCCAQoCggEB
ANVdYGrf/GHuSKqMEUhDpW22Ul2qmEmxYZI1sfw6BCUMbXn/tNXJ6VwcO+Crs7h9
o95tveDd11q/FEcRQl6mgtBhwX/dE0bmCYUHDvLU/Bpk0gqtIKsga5bwrczEGVNV
3AEdpLPvirRJU12KBRzx3OFEv8XX4ncZV1yXC3XuiENxD8pswbSyUKd3RmxYDxG/
8XYkWq45QrdRZynh0FUwbxfkkeqt+CjCQ2+iZKn7nZiSYkg+6w1PgkqK/z9y7pa1
rqHBmLrvfZB1bf9aUp6r9cB+0IdD24UHBw99OHr90dPuZR3T6jlqhzfuStPgDW71
cKzCvfFu85KVXqnwoWWVk40CAwEAAaN9MHswHQYDVR0OBBYEFMDnhL/oWSczELBS
T1FSLwbWwHrNMB8GA1UdIwQYMBaAFHB/Lq6DaFmYBCMqzes+F80k3QFJMAkGA1Ud
EwQCMAAwEwYDVR0lBAwwCgYIKwYBBQUHAwEwGQYDVR0RBBIwEIIOc2VydmVyLmV4
YW1wbGUwDQYJKoZIhvcNAQELBQADggEBAHvTBEN1ig8RrsT716Ginv4gGNX0LzGI
RrZ1jO7lm5emuaPNYJpGw0iX5Zdo91qGNXPZaZ75X3S55pQTActq3OPEBOll2pyk
iyjz+Zp/v5cfRZLlBbFW5gv2R94eibYr4U3fSn4B0yPcl4xH/l/HzJhGDsSDW8qK
8VIJvmvsPwmL0JMCv+FR59F+NFYZdND/KCXet59WUpF9ICmFCoBEX3EyJXEPwhbi
X2sdPzJbCjx0HLli8e0HUKNttLQxCsBTRGo6iISLLamwN47mGDa9miBADwGSiz2q
YeeuLO02zToHhnQ6KbPXOrQAqcL1kngO4g+j/ru+4AZThFkdkGnltvk=
-----END CERTIFICATE-----
subject=CN=server.example
issuer=CN=Root CA
---
No client certificate CA names sent
Peer signing digest: SHA256
Peer signature type: rsa_pss_rsae_sha256
Negotiated TLS1.3 group: X25519MLKEM768
---
SSL handshake has read 2546 bytes and written 1702 bytes
Verification error: unable to verify the first certificate
---
New, TLSv1.3, Cipher is TLS_AES_256_GCM_SHA384
Protocol: TLSv1.3
Server public key is 2048 bit
This TLS version forbids renegotiation.
Compression: NONE
Expansion: NONE
No ALPN negotiated
Early data was not sent
Verify return code: 21 (unable to verify the first certificate)
---
>>> TLS 1.2, RecordHeader [length 0005]
    17 03 03 00 13
>>> TLS 1.2, InnerContent [length 0001]
    15
>>> TLS 1.3, Alert [length 0002], warning close_notify
    01 00
Connecting to 127.0.0.1
SSL_connect:before SSL initialization
SSL_connect:SSLv3/TLS write client hello
SSL_connect:SSLv3/TLS write client hello
SSL_connect:SSLv3/TLS read server hello
SSL_connect:SSLv3/TLS write change cipher spec
SSL_connect:SSLv3/TLS write client hello
SSL_connect:SSLv3/TLS write client hello
SSL_connect:SSLv3/TLS read server hello
Can't use SSL_get_servername
SSL_connect:TLSv1.3 read encrypted extensions
depth=0 CN=server.example
verify error:num=20:unable to get local issuer certificate
verify return:1
depth=0 CN=server.example
verify error:num=21:unable to verify the first certificate
verify return:1
depth=0 CN=server.example
verify return:1
SSL_connect:SSLv3/TLS read server certificate
SSL_connect:TLSv1.3 read server certificate verify
SSL_connect:SSLv3/TLS read finished
SSL_connect:SSLv3/TLS write finished
DONE
SSL3 alert write:warning:close notify
