CONNECTED(00000003)
>>> TLS 1.0, RecordHeader [length 0005]
    16 03 01 00 d6
>>> TLS 1.3, Handshake [length 00d6], ClientHello
    01 00 00 d2 03 03 6c 25 9c 6e ed b8 fd b8 54 1f
    4f b1 a6 30 cb 79 da 72 50 6b bf 98 2a e6 44 7d
    9d 10 4c 0f 45 7b 20 81 f9 32 8d 1f 45 77 e2 a3
    f1 fe 95 d0 59 31 09 fa e3 c9 0f 2e ee 1e 26 08
    63 61 c0 4f e2 49 c7 00 06 13 02 13 03 13 01 01
    00 00 83 00 0b 00 04 03 00 01 02 00 0a 00 06 00
    04 00 1d 11 ec 00 23 00 00 00 16 00 00 00 17 00
    00 00 0d 00 2a 00 28 09 05 09 06 09 04 04 03 05
    03 06 03 08 07 08 08 08 1a 08 1b 08 1c 08 09 08
    0a 08 0b 08 04 08 05 08 06 04 01 05 01 06 01 00
    2b 00 03 02 03 04 00 2d 00 02 01 01 00 33 00 26
    00 24 00 1d 00 20 98 4e 86 77 28 e4 f5 e5 3d 3a
    90 eb 42 18 44 d8 b8 f4 06 ec 29 9b 46 56 7c 32
    c0 da e3 46 af 4f
<<< TLS 1.2, RecordHeader [length 0005]
    16 03 03 00 58
<<< TLS 1.3, Handshake [length 0058], ServerHello
    02 00 00 54 03 03 cf 21 ad 74 e5 9a 61 11 be 1d
    8c 02 1e 65 b8 91 c2 a2 11 16 7a bb 8c 5e 07 9e
    09 e2 c8 a8 33 9c 20 81 f9 32 8d 1f 45 77 e2 a3
    f1 fe 95 d0 59 31 09 fa e3 c9 0f 2e ee 1e 26 08
    63 61 c0 4f e2 49 c7 13 02 00 00 0c 00 2b 00 02
    03 04 00 33 00 02 11 ec
>>> TLS 1.2, RecordHeader [length 0005]
    14 03 03 00 01
>>> TLS 1.3, ChangeCipherSpec [length 0001]
    01
>>> TLS 1.2, RecordHeader [length 0005]
    16 03 03 05 76
>>> TLS 1.3, Handshake [length 0576], ClientHello
    01 00 05 72 03 03 6c 25 9c 6e ed b8 fd b8 54 1f
    4f b1 a6 30 cb 79 da 72 50 6b bf 98 2a e6 44 7d
    9d 10 4c 0f 45 7b 20 81 f9 32 8d 1f 45 77 e2 a3
    f1 fe 95 d0 59 31 09 fa e3 c9 0f 2e ee 1e 26 08
    63 61 c0 4f e2 49 c7 00 06 13 02 13 03 13 01 01
    00 05 23 00 0b 00 04 03 00 01 02 00 0a 00 06 00
    04 00 1d 11 ec 00 23 00 00 00 16 00 00 00 17 00
    00 00 0d 00 2a 00 28 09 05 09 06 09 04 04 03 05
    03 06 03 08 07 08 08 08 1a 08 1b 08 1c 08 09 08
    0a 08 0b 08 04 08 05 08 06 04 01 05 01 06 01 00
    2b 00 03 02 03 04 00 2d 00 02 01 01 00 33 04 c6
    04 c4 11 ec 04 c0 37 bb 5d 86 50 cd 49 95 a4 89
    ca a9 f7 52 9a 94 fc 45 14 1a 1b 4f 75 4a e7 d2
    c9 14 ca c5 58 f8 45 4c c5 56 71 c2 b1 f4 f5 c6
    09 a2 74 db 56 97 b4 58 3f 40 aa 58 5d b2 7f c1
    a6 74 6e 3c 08 b1 ab a5 6b aa 34 90 c2 0a bc 92
    0e 66 98 b2 3b f3 99 1a 0a 3e 52 53 23 b8 b6 53
    d4 e9 6c eb 09 24 0e c1 c6 e5 0c 43 3e e0 bb a5
    15 6a e6 ba 99 6b 64 6f 25 d3 b6 94 00 b8 cb 7a
    b9 a0 b1 72 47 b6 73 44 f4 9d e4 47 29 a3 56 3c
    86 f6 c4 00 f0 39 d2 80 c8 f2 c3 0a e7 d7 8e 8f
    a6 71 a0 25 50 55 c9 c2 30 38 9e 52 32 35 92 d1
    83 19 2b 6f 62 2a 4d 4c e3 a3 75 19 28 09 d2 3c
    52 01 4b cf 27 4b bb 33 93 f0 9b 17 bb 94 c4 a0
    ec 22 fe 8c 0c 07 a6 58 48 3b ac b1 0c b6 2d c5
    97 66 23 b0 d6 e2 8f 71 c8 27 c8 c7 06 0c c2 b3
    5f 39 2e 97 61 73 56 78 13 75 d2 98 58 0c ab a0
    73 4f 0f 0a 31 4b 79 58 02 b5 7f fd 06 1e 28 c4
    7e 8b 71 78 6f 42 29 86 e6 bf e0 c0 2b b1 d3 91
    57 66 71 3e 93 36 f2 e1 9d f6 92 17 c1 b0 ad 78
    21 83 db 2c 75 16 ca c0 d4 97 4d be 68 69 b5 4b
    a1 b4 73 67 64 91 c4 5f 8c af f6 18 a6 a6 98 2a
    d4 e0 8c b3 4b ab 42 fb 3b 0f f1 1a 8a a0 0c 5d
    30 98 da 27 35 94 37 c2 ab 66 9f 51 c1 53 e0 15
    5a 06 4b 58 48 97 bd bf 73 84 db 79 b3 37 c7 b5
    9f 98 62 6d 21 67 39 1c ae 0c c4 76 6a b7 9c 9d
    d8 4a d7 68 64 c4 10 39 e3 28 36 42 bc 08 6f d0
    98 01 14 7a 5e c8 56 1e f2 45 a8 d9 5f a9 01 33
    83 fb 3e 4f 83 7f 83 d5 66 7c 8c 00 b2 c8 96 e2
    06 61 82 6a 92 c3 e5 c6 3c 16 44 18 09 0d 83 0c
    2c 4a 80 17 8a 22 ba 32 75 43 7c 95 5b 3b 47 14
    8f d4 b7 a4 59 4f ec eb 49 ae 89 6a 84 19 07 e3
    99 53 d4 c7 75 f3 25 c1 67 d1 2c 24 3c 31 9f 71
    93 b7 6c 09 87 34 84 2c e2 31 e8 a6 03 3a d7 7c
    fd 72 48 4a 49 90 d5 4c 76 31 cb b1 0f 53 96 86
    26 c0 f7 54 47 b2 3c 6f 16 23 c1 36 eb 7d 36 84
    bf 4d 0c 61 1e 66 43 c9 59 b0 ec 4a 49 3f 2c 9e
    24 b8 68 a6 43 1a 9f 46 c8 cd 55 51 e2 e0 8d f1
    37 b5 74 71 4f 2b a7 a9 16 04 56 f3 8b 55 d8 2c
    07 9c d0 82 89 26 0e d9 47 7d 80 59 c5 8c 37 83
    c5 b2 85 1f 72 4e 27 65 3c 3e 03 a6 01 61 30 f0
    84 91 69 17 3e 1f 73 0b c3 89 b2 82 01 16 b5 c7
    3e fd d6 3b fd 77 b4 1f e7 ae cd e2 90 8b 0c 2e
    c8 00 cc 6d f7 49 40 d1 90 b7 87 b4 bf c2 73 59
    d6 b5 e4 56 53 d6 b5 aa 91 8b 88 72 59 9f 3f 02
    13 de bb 03 40 02 79 1b 10 8e 34 fb 65 90 65 0b
    86 39 33 f9 35 46 23 86 77 34 10 34 08 a5 88 a3
    5a 05 1e 45 7d 89 56 7a 3b 77 31 2d c4 36 89 b8
    62 f9 81 1a 8e 06 59 15 45 a8 dc 0a 13 5b 2c 4f
    b5 05 75 79 84 81 a5 e8 8c a5 d1 bd cf 95 60 50
    3a 48 79 c1 3a 45 b2 7b 5c 45 85 f3 b9 b5 e9 38
    cc 35 50 11 2f a8 67 2e e2 27 af 86 92 0b ba 32
    8f 26 0a 95 81 4e 2a 0c 62 a3 f7 40 d6 ca 9a ba
    47 5e f9 0c 7a 02 67 99 73 b6 a3 3b b0 0e 98 81
    bd a5 f7 89 b3 4b 89 35 b9 a9 d0 c4 1c a6 24 35
    50 e3 25 c1 a6 23 f8 21 92 39 07 cf 7e 90 11 67
    71 2c 19 f9 c0 15 f5 14 55 75 b7 30 e1 2f c6 70
    81 15 bc 67 3b dc 3c 76 03 15 c1 45 93 47 b8 cd
    8f 74 12 d3 31 ad 2a e7 b1 53 56 22 42 73 b3 c8
    a5 63 b5 66 5e 76 0b 4d d5 bb 1a bf 47 55 de d3
    32 5d 87 23 cf 6b 52 ac f5 95 01 d7 6b 79 59 cd
    57 d2 9c 10 02 9b 9f 06 15 00 40 c3 6b 02 0d 46
    d3 a4 c2 38 8e 73 96 77 b7 56 7f eb 90 c0 c2 62
    81 6f 8b 8e 0a f5 96 94 b6 3d bf 98 af 53 01 a4
    47 27 cc 74 62 b9 b4 32 68 25 53 0d 65 bc 4d 70
    54 1e 44 e0 b0 37 08 56 d2 f1 ca 15 99 86 db 37
    1d 79 17 8d 50 f4 6a 08 08 30 99 d0 a1 73 c4 96
    e4 11 5d 1c 24 04 3d 83 2d 50 fb 15 33 62 b6 5c
    80 b5 54 59 9d 3a 49 91 36 36 2f a2 b1 a4 0c 61
    47 c3 23 a1 51 55 91 1c 17 93 13 76 b3 72 b4 be
    42 84 5c f9 56 c8 66 f5 41 e2 61 9c 7e e3 35 6d
    84 36 86 b3 15 5d c9 06 c4 17 9c d9 d3 61 af ba
    7e 77 17 9f 6a a1 ad 43 4b a6 60 64 22 71 92 50
    56 c7 1f 1e 37 30 48 c3 d3 ae 17 f1 31 d7 aa fa
    c2 4d fa 19 ba 28 bd 05 d2 0d ed 78 3e f7 88 30
    43 f9 35 cf 20 60 47 5d fb 78 89 86 9e 31 1b 3b
    1c c1 41 94 dd b9 b2 07 6a d8 59 63 2c f9 0c 33
    fb 2a 6a 0f 1d 14
<<< TLS 1.2, RecordHeader [length 0005]
    14 03 03 00 01
<<< TLS 1.3, ChangeCipherSpec [length 0001]
    01
<<< TLS 1.2, RecordHeader [length 0005]
    16 03 03 04 ba
<<< TLS 1.3, Handshake [length 04ba], ServerHello
    02 00 04 b6 03 03 70 20 57 d7 11 14 d2 8d bf 8b
    34 49 b1 be 5f 7c 87 26 5a de 21 5e 66 88 ea ba
    07 81 b1 8a e4 ee 20 81 f9 32 8d 1f 45 77 e2 a3
    f1 fe 95 d0 59 31 09 fa e3 c9 0f 2e ee 1e 26 08
    63 61 c0 4f e2 49 c7 13 02 00 04 6e 00 2b 00 02
    03 04 00 33 04 64 11 ec 04 60 9d 5e f1 58 00 db
    ec c1 85 ef 08 94 4d dd bb 49 fc e1 6c 65 39 69
    c8 33 fd 4f 8f ef 73 90 12 91 f6 61 7a bf 33 6a
    ba 3a 94 bb b9 fa 92 61 0f 8a e0 ce 01 a7 83 cd
    2d f6 aa 96 f4 02 c9 84 7d c6 97 a7 85 e7 72 01
    fb 8a 36 d6 45 9b d6 b1 ba 07 74 b7 7e 7e 12 52
    10 74 21 5c bf 07 ee 20 a8 cd 64 aa f8 b5 91 c4
    de 5e 2c 1d 76 a3 0b 7b c7 18 b7 d8 7d 64 97 e6
    e0 a5 fd 59 20 d7 af a6 fb 82 17 b5 30 0d 70 77
    91 d5 cf 7a 05 09 36 f9 8e 9f 18 23 62 c6 de b9
    8a 4c 93 57 5c 97 8f 02 be a3 2d 90 97 94 cf ed
    d0 61 c5 9c 3c c4 16 19 0c 79 4c b1 f7 fc 1b ed
    3c f2 cb 15 93 2f 31 31 f8 2c 07 fa 85 3f e4 d2
    cc 3d 89 d4 64 fa 50 7b 16 78 23 df 5c 2a 29 6b
    cc 35 2b a9 50 4f 01 11 8a 65 a3 d7 be 5b e9 79
    9b 60 1f 97 09 a9 31 01 06 6f 29 01 4b 4a ee ef
    47 16 e2 ba 43 5b e3 af 51 cd 3d 05 60 12 cc 9b
    77 fb d7 1c 3b 8d d8 2d 65 83 57 cf 32 e0 42 fe
    95 e6 d9 d9 30 84 5e 73 a9 fd 11 11 80 c7 ec ff
    a2 9d 99 be 06 c2 b1 4f 5c 82 3d 4f 43 11 f1 32
    93 8a 9d 56 17 29 f0 e8 c8 64 0b 84 68 57 9f 98
    2d 75 b1 cd 17 d8 60 41 aa 7a 10 07 8c 64 60 47
    a5 c0 74 d6 4a 53 4f 8b c1 58 50 3a de 66 3c 6e
    85 d2 10 7c a2 c0 5f 70 27 66 fb b4 e1 9b 46 c0
    87 0d 4f e4 43 25 ad b1 7d ae 7e 35 f7 22 fc 77
    b1 90 b5 ea 5f 74 b4 19 64 a1 07 99 8a eb 79 73
    03 55 9c f1 94 2a 81 0e 22 da 5a 38 e6 41 48 21
    f8 e8 95 43 6a 81 27 99 26 64 f1 52 5c 08 d6 be
    8b 6e d0 61 7e 3a 3a 69 4a d6 7d 3f 85 04 bd ab
    49 a4 2c 40 1f e8 dd 17 6f 83 e6 51 a9 47 e1 4b
    2a c4 51 bf ab a7 60 8f b0 7b cd b1 0b 1d 96 e9
    e5 b5 61 b2 68 81 62 4e 80 f6 93 a4 47 b3 3d 90
    b6 75 04 5f df e5 c1 08 55 3e 90 fc 84 7b 40 e4
    d3 ce 65 87 2d 28 30 c1 cb 00 1c 0e 27 52 05 97
    d5 55 0e 88 fb 68 b9 3b aa 41 4b 7c 3e 20 0d 61
    bf 1b 76 41 76 0f 0e ac 29 2c 62 f6 9f 4d 9d ad
    3b 25 af d5 7c cf 95 4c 09 87 db b1 6b 3e 58 7a
    32 47 17 16 9c 96 7c ca 33 00 b2 f7 0f 05 2f 6f
    8f 24 78 8e c7 e5 50 49 8d 9c dc 78 57 f8 c0 b8
    d3 22 3a 45 93 4a 63 5b ce 8d 16 30 96 b3 b0 f1
    8f 3d 07 6d 2d e2 84 9a 41 a6 bc b9 26 bc 7a 47
    f8 47 55 4d f3 f0 cd a6 c4 3f ad a7 47 0e a7 d0
    d4 c2 34 64 da 8d e8 b4 cb c0 26 01 13 3e b2 77
    42 f9 59 b1 18 3d b8 b3 17 f7 6a 84 d1 09 04 0a
    8d 8d 59 92 99 18 9f 46 41 78 55 2e fa 23 33 76
    06 86 84 67 b5 5a b5 31 9d 58 ca 6c a5 06 08 fb
    0d b5 a9 c9 43 ca 1e 3d 34 d0 58 a7 c2 db 18 dc
    64 64 06 3c 6c 1a 08 e7 17 e7 f8 e8 71 61 bf 70
    e6 63 27 2a c2 9d d1 ad cd fc 5e be 9b 4e 05 db
    d4 07 ef 2b a4 ed 75 85 da 8d cc 99 f0 d6 1d 88
    98 37 bc 23 f5 aa 5f 96 4c ca 94 f5 af 4e 6a a7
    2b f8 6d 7f 5b d4 61 8e b1 bf 2d 83 65 7d 83 30
    d7 4a c7 0b 1a 48 7b 28 f1 26 b0 1e 51 70 4d 5c
    67 bf b2 ee 5f d6 ff 6c 0c 3e 79 1d 84 f4 15 06
    c8 0a 4d 8a df fb d8 96 87 d1 89 32 ab 40 9d f2
    68 07 35 ee f2 33 32 c9 ea a6 04 fe e3 83 84 78
    b8 18 b6 9c 79 84 c3 b8 a8 80 da fb 5f ca 3d 30
    2d 16 e2 8d 0a 63 ae e6 9a 57 68 f6 20 8a 04 91
    99 d7 ea ab 1e 55 dd 60 0c 85 ca 5a 2d 19 d6 df
    ac 02 c9 75 bd 34 22 99 39 44 a7 26 d6 b4 8a 95
    75 15 16 b8 07 02 9f 07 1d 73 62 4b 6a 07 a3 f8
    7e e4 b5 a9 ac 17 63 e0 11 03 57 5f 7a 34 34 e9
    f4 c2 94 46 24 49 93 34 18 ca aa 69 95 04 db b7
    f3 e9 2d 1c 4a 55 38 ee 6f c8 23 f5 22 7b 00 ba
    f0 7b 60 18 16 35 08 07 03 98 ad 45 4f 87 96 88
    9b 23 3f b9 77 1d 90 24 d7 66 4d 90 c6 87 43 d1
    26 ae 0f 3b 72 e4 c6 f4 a8 38 49 19 a3 02 a4 a0
    4f 1a f1 91 78 7f a6 fe d3 4b 59 40 75 1e b1 ea
    a1 96 43 70 f9 1e b6 01 71 f5 64 59 44 33 1c d9
    ea e2 53 1c a5 4b fe 77 5e 33 58 66 e9 d1 59 3b
    04 23 85 4f 62 96 36 07 eb 02
<<< TLS 1.2, RecordHeader [length 0005]
    17 03 03 00 17
<<< TLS 1.3, InnerContent [length 0001]
    16
<<< TLS 1.3, Handshake [length 0006], EncryptedExtensions
    08 00 00 02 00 00
<<< TLS 1.2, RecordHeader [length 0005]
    17 03 03 03 47
<<< TLS 1.3, InnerContent [length 0001]
    16
<<< TLS 1.3, Handshake [length 0336], Certificate
    0b 00 03 32 00 00 03 2e 00 03 29 30 82 03 25 30
    82 02 0d a0 03 02 01 02 02 01 02 30 0d 06 09 2a
    86 48 86 f7 0d 01 01 0b 05 00 30 12 31 10 30 0e
    06 03 55 04 03 0c 07 52 6f 6f 74 20 43 41 30 20
    17 0d 31 36 30 31 31 34 32 32 32 39 34 36 5a 18
    0f 32 31 31 36 30 31 31 35 32 32 32 39 34 36 5a
    30 19 31 17 30 15 06 03 55 04 03 0c 0e 73 65 72
    76 65 72 2e 65 78 61 6d 70 6c 65 30 82 01 22 30
    0d 06 09 2a 86 48 86 f7 0d 01 01 01 05 00 03 82
    01 0f 00 30 82 01 0a 02 82 01 01 00 d5 5d 60 6a
    df fc 61 ee 48 aa 8c 11 48 43 a5 6d b6 52 5d aa
    98 49 b1 61 92 35 b1 fc 3a 04 25 0c 6d 79 ff b4
    d5 c9 e9 5c 1c 3b e0 ab b3 b8 7d a3 de 6d bd e0
    dd d7 5a bf 14 47 11 42 5e a6 82 d0 61 c1 7f dd
    13 46 e6 09 85 07 0e f2 d4 fc 1a 64 d2 0a ad 20
    ab 20 6b 96 f0 ad cc c4 19 53 55 dc 01 1d a4 b3
    ef 8a b4 49 53 5d 8a 05 1c f1 dc e1 44 bf c5 d7
    e2 77 19 57 5c 97 0b 75 ee 88 43 71 0f ca 6c c1
    b4 b2 50 a7 77 46 6c 58 0f 11 bf f1 76 24 5a ae
    39 42 b7 51 67 29 e1 d0 55 30 6f 17 e4 91 ea ad
    f8 28 c2 43 6f a2 64 a9 fb 9d 98 92 62 48 3e eb
    0d 4f 82 4a 8a ff 3f 72 ee 96 b5 ae a1 c1 98 ba
    ef 7d 90 75 6d ff 5a 52 9e ab f5 c0 7e d0 87 43
    db 85 07 07 0f 7d 38 7a fd d1 d3 ee 65 1d d3 ea
    39 6a 87 37 ee 4a d3 e0 0d 6e f5 70 ac c2 bd f1
    6e f3 92 95 5e a9 f0 a1 65 95 93 8d 02 03 01 00
    01 a3 7d 30 7b 30 1d 06 03 55 1d 0e 04 16 04 14
    c0 e7 84 bf e8 59 27 33 10 b0 52 4f 51 52 2f 06
    d6 c0 7a cd 30 1f 06 03 55 1d 23 04 18 30 16 80
    14 70 7f 2e ae 83 68 59 98 04 23 2a cd eb 3e 17
    cd 24 dd 01 49 30 09 06 03 55 1d 13 04 02 30 00
    30 13 06 03 55 1d 25 04 0c 30 0a 06 08 2b 06 01
    05 05 07 03 01 30 19 06 03 55 1d 11 04 12 30 10
    82 0e 73 65 72 76 65 72 2e 65 78 61 6d 70 6c 65
    30 0d 06 09 2a 86 48 86 f7 0d 01 01 0b 05 00 03
    82 01 01 00 7b d3 04 43 75 8a 0f 11 ae c4 fb d7
    a1 a2 9e fe 20 18 d5 f4 2f 31 88 46 b6 75 8c ee
    e5 9b 97 a6 b9 a3 cd 60 9a 46 c3 48 97 e5 97 68
    f7 5a 86 35 73 d9 69 9e f9 5f 74 b9 e6 94 13 01
    cb 6a dc e3 c4 04 e9 65 da 9c a4 8b 28 f3 f9 9a
    7f bf 97 1f 45 92 e5 05 b1 56 e6 0b f6 47 de 1e
    89 b6 2b e1 4d df 4a 7e 01 d3 23 dc 97 8c 47 fe
    5f c7 cc 98 46 0e c4 83 5b ca 8a f1 52 09 be 6b
    ec 3f 09 8b d0 93 02 bf e1 51 e7 d1 7e 34 56 19
    74 d0 ff 28 25 de b7 9f 56 52 91 7d 20 29 85 0a
    80 44 5f 71 32 25 71 0f c2 16 e2 5f 6b 1d 3f 32
    5b 0a 3c 74 1c b9 62 f1 ed 07 50 a3 6d b4 b4 31
    0a c0 53 44 6a 3a 88 84 8b 2d a9 b0 37 8e e6 18
    36 bd 9a 20 40 0f 01 92 8b 3d aa 61 e7 ae 2c ed
    36 cd 3a 07 86 74 3a 29 b3 d7 3a b4 00 a9 c2 f5
    92 78 0e e2 0f a3 fe bb be e0 06 53 84 59 1d 90
    69 e5 b6 f9 00 00
<<< TLS 1.2, RecordHeader [length 0005]
    17 03 03 01 19
<<< TLS 1.3, InnerContent [length 0001]
    16
<<< TLS 1.3, Handshake [length 0108], CertificateVerify
    0f 00 01 04 08 04 01 00 91 30 7f 97 ad 0d 2a 2a
    4a cd f5 14 86 9e ac 8b 5e f0 65 f8 83 7c 38 4f
    92 32 a1 9c 6a ce b4 b2 9b b2 ad 84 82 95 76 de
    15 28 43 a6 82 54 64 87 64 65 94 d9 9f 21 ec b2
    e8 82 e7 70 31 77 1d f9 a3 06 02 9d ae 57 3b 00
    8f 01 bd 56 5c ab 73 de 6c da 12 52 91 9b 28 90
    44 70 ae 5f 68 74 31 8d 2f cf c0 63 6f 39 96 84
    aa 11 b8 fa 33 fe b4 57 10 55 44 1b bf cd 80 71
    a4 3d 69 a1 53 57 6c 59 21 5d 76 60 bb 4f 6a bc
    9d 60 4c e9 b4 49 54 2c 18 c9 7c 1a c2 94 2a bb
    29 7e 0b a0 45 91 1c e0 cb 4b ca 02 c6 2a a6 0e
    e8 14 79 7a 83 66 5d a0 58 9e eb e0 8c 06 6a 3f
    69 63 d3 04 4c 35 98 15 8f eb ea 8f 14 ed f8 85
    f0 95 54 96 e0 4f 2b 13 e4 e3 65 6d ef 32 57 40
    5d 53 0e 58 71 13 e6 fd d2 73 9e 44 ca 14 8f 2d
    01 f0 27 74 e9 08 13 df 0c d6 ff 56 e9 07 aa 79
    5e 8a 3a 89 fb c3 22 cc
<<< TLS 1.2, RecordHeader [length 0005]
    17 03 03 00 45
<<< TLS 1.3, InnerContent [length 0001]
    16
<<< TLS 1.3, Handshake [length 0034], Finished
    14 00 00 30 40 48 ef 52 c9 db e2 39 d3 f8 19 9f
    a1 8b ef 7f e5 54 85 8a 4a 86 c5 a5 22 9b 54 92
    45 21 ae c9 0f b4 98 17 d0 b3 41 02 ed ad f5 dd
    e0 3d 65 e1
>>> TLS 1.2, RecordHeader [length 0005]
    17 03 03 00 45
>>> TLS 1.2, InnerContent [length 0001]
    16
>>> TLS 1.3, Handshake [length 0034], Finished
    14 00 00 30 c8 67 4f b6 5a d3 72 91 a9 40 b8 28
    c1 10 0c 74 cc f2 bd 4e f1 33 93 0e c3 7e 55 56
    9d 35 c3 ed 4d 45 d8 21 36 89 48 af ba 88 7b 21
    f3 32 6e d6
---
Certificate chain
 0 s:CN=server.example
   i:CN=Root CA
   a:PKEY: RSA, 2048 (bit); sigalg: sha256WithRSAEncryption
   v:NotBefore: Jan 14 22:29:46 2016 GMT; NotAfter: Jan 15 22:29:46 2116 GMT
---
Server certificate
-----BEGIN CERTIFICATE-----
MIIDJTCCAg2gAwIBAgIBAjANBgkqhkiG9w0BAQsFADASMRAwDgYDVQQDDAdSb290
IENBMCAXDTE2MDExNDIyMjk0NloYDzIxMTYwMTE1MjIyOTQ2WjAZMRcwFQYDVQQD
DA5zZXJ2ZXIuZXhhbXBsZTCCASIwDQYJKoZIhvcNAQEBBQADggEPADCCAQoCggEB
ANVdYGrf/GHuSKqMEUhDpW22Ul2qmEmxYZI1sfw6BCUMbXn/tNXJ6VwcO+Crs7h9
o95tveDd11q/FEcRQl6mgtBhwX/dE0bmCYUHDvLU/Bpk0gqtIKsga5bwrczEGVNV
3AEdpLPvirRJU12KBRzx3OFEv8XX4ncZV1yXC3XuiENxD8pswbSyUKd3RmxYDxG/
8XYkWq45QrdRZynh0FUwbxfkkeqt+CjCQ2+iZKn7nZiSYkg+6w1PgkqK/z9y7pa1
rqHBmLrvfZB1bf9aUp6r9cB+0IdD24UHBw99OHr90dPuZR3T6jlqhzfuStPgDW71
cKzCvfFu85KVXqnwoWWVk40CAwEAAaN9MHswHQYDVR0OBBYEFMDnhL/oWSczELBS
T1FSLwbWwHrNMB8GA1UdIwQYMBaAFHB/Lq6DaFmYBCMqzes+F80k3QFJMAkGA1Ud
EwQCMAAwEwYDVR0lBAwwCgYIKwYBBQUHAwEwGQYDVR0RBBIwEIIOc2VydmVyLmV4
YW1wbGUwDQYJKoZIhvcNAQELBQADggEBAHvTBEN1ig8RrsT716Ginv4gGNX0LzGI
RrZ1jO7lm5emuaPNYJpGw0iX5Zdo91qGNXPZaZ75X3S55pQTActq3OPEBOll2pyk
iyjz+Zp/v5cfRZLlBbFW5gv2R94eibYr4U3fSn4B0yPcl4xH/l/HzJhGDsSDW8qK
8VIJvmvsPwmL0JMCv+FR59F+NFYZdND/KCXet59WUpF9ICmFCoBEX3EyJXEPwhbi
X2sdPzJbCjx0HLli8e0HUKNttLQxCsBTRGo6iISLLamwN47mGDa9miBADwGSiz2q
YeeuLO02zToHhnQ6KbPXOrQAqcL1kngO4g+j/ru+4AZThFkdkGnltvk=
-----END CERTIFICATE-----
subject=CN=server.example
issuer=CN=Root CA
---
No client certificate CA names sent
Peer signing digest: SHA256
Peer signature type: rsa_pss_rsae_sha256
Negotiated TLS1.3 group: X25519MLKEM768
---
SSL handshake has read 2546 bytes and written 1702 bytes
Verification error: unable to verify the first certificate
---
New, TLSv1.3, Cipher is TLS_AES_256_GCM_SHA384
Protocol: TLSv1.3
Server public key is 2048 bit
This TLS version forbids renegotiation.
Compression: NONE
Expansion: NONE
No ALPN negotiated
Early data was not sent
Verify return code: 21 (unable to verify the first certificate)
---
>>> TLS 1.2, RecordHeader [length 0005]
    17 03 03 00 13
>>> TLS 1.2, InnerContent [length 0001]
    15
>>> TLS 1.3, Alert [length 0002], warning close_notify
    01 00
Connecting to 127.0.0.1
SSL_connect:before SSL initialization
SSL_connect:SSLv3/TLS write client hello
SSL_connect:SSLv3/TLS write client hello
SSL_connect:SSLv3/TLS read server hello
SSL_connect:SSLv3/TLS write change cipher spec
SSL_connect:SSLv3/TLS write client hello
SSL_connect:SSLv3/TLS write client hello
SSL_connect:SSLv3/TLS read server hello
Can't use SSL_get_servername
SSL_connect:TLSv1.3 read encrypted extensions
depth=0 CN=server.example
verify error:num=20:unable to get local issuer certificate
verify return:1
depth=0 CN=server.example
verify error:num=21:unable to verify the first certificate
verify return:1
depth=0 CN=server.example
verify return:1
SSL_connect:SSLv3/TLS read server certificate
SSL_connect:TLSv1.3 read server certificate verify
SSL_connect:SSLv3/TLS read finished
SSL_connect:SSLv3/TLS write finished
DONE
SSL3 alert write:warning:close notify
