CONNECTED(00000003)
>>> TLS 1.0, RecordHeader [length 0005]
    16 03 01 00 d6
>>> TLS 1.3, Handshake [length 00d6], ClientHello
    01 00 00 d2 03 03 b0 7a 66 27 ee 45 bc d3 ab ca
    b0 9a f2 67 57 07 32 ab 1a f1 cd ca 1a 4c 54 ff
    82 bd 13 d0 b7 94 20 af ba 92 b1 cf 23 37 27 c3
    ba 98 c8 d6 97 fa d2 d6 ab 20 54 d4 e4 30 e9 b6
    e4 99 88 25 f2 18 47 00 06 13 02 13 03 13 01 01
    00 00 83 00 0b 00 04 03 00 01 02 00 0a 00 06 00
    04 00 1d 11 ec 00 23 00 00 00 16 00 00 00 17 00
    00 00 0d 00 2a 00 28 09 05 09 06 09 04 04 03 05
    03 06 03 08 07 08 08 08 1a 08 1b 08 1c 08 09 08
    0a 08 0b 08 04 08 05 08 06 04 01 05 01 06 01 00
    2b 00 03 02 03 04 00 2d 00 02 01 01 00 33 00 26
    00 24 00 1d 00 20 4d 36 6e 8d b9 8f fc aa bc 1b
    3b 07 24 5c c7 b7 db 40 6d d2 91 dc 94 f5 8c d8
    b0 65 e1 54 61 59
<<< TLS 1.2, RecordHeader [length 0005]
    16 03 03 00 58
<<< TLS 1.3, Handshake [length 0058], ServerHello
    02 00 00 54 03 03 cf 21 ad 74 e5 9a 61 11 be 1d
    8c 02 1e 65 b8 91 c2 a2 11 16 7a bb 8c 5e 07 9e
    09 e2 c8 a8 33 9c 20 af ba 92 b1 cf 23 37 27 c3
    ba 98 c8 d6 97 fa d2 d6 ab 20 54 d4 e4 30 e9 b6
    e4 99 88 25 f2 18 47 13 02 00 00 0c 00 2b 00 02
    03 04 00 33 00 02 11 ec
>>> TLS 1.2, RecordHeader [length 0005]
    14 03 03 00 01
>>> TLS 1.3, ChangeCipherSpec [length 0001]
    01
>>> TLS 1.2, RecordHeader [length 0005]
    16 03 03 05 76
>>> TLS 1.3, Handshake [length 0576], ClientHello
    01 00 05 72 03 03 b0 7a 66 27 ee 45 bc d3 ab ca
    b0 9a f2 67 57 07 32 ab 1a f1 cd ca 1a 4c 54 ff
    82 bd 13 d0 b7 94 20 af ba 92 b1 cf 23 37 27 c3
    ba 98 c8 d6 97 fa d2 d6 ab 20 54 d4 e4 30 e9 b6
    e4 99 88 25 f2 18 47 00 06 13 02 13 03 13 01 01
    00 05 23 00 0b 00 04 03 00 01 02 00 0a 00 06 00
    04 00 1d 11 ec 00 23 00 00 00 16 00 00 00 17 00
    00 00 0d 00 2a 00 28 09 05 09 06 09 04 04 03 05
    03 06 03 08 07 08 08 08 1a 08 1b 08 1c 08 09 08
    0a 08 0b 08 04 08 05 08 06 04 01 05 01 06 01 00
    2b 00 03 02 03 04 00 2d 00 02 01 01 00 33 04 c6
    04 c4 11 ec 04 c0 6a 6c 04 a0 66 cf f3 47 9e a6
    2a 40 fa 46 3e 89 64 4e df 9c 33 7d bc 5b 87 b3
    ba 70 98 1d 05 fc 6e 61 41 ba 4b a1 1f 42 d5 93
    fa 31 8a 7d 08 65 ea 92 c2 ab d4 05 ec eb 37 c8
    11 22 a1 73 47 58 43 3a 72 39 7a 83 21 5a b0 a1
    4d 8f 17 a6 eb e0 7d 05 cb 1d 28 73 69 e6 62 c4
    06 30 37 49 a3 55 58 a5 41 f2 74 bd 78 59 35 af
    c6 af 80 40 0f 92 58 11 9d 84 24 8e f5 2e 0d 84
    27 0d 4b 5f d4 17 12 12 4a 7f 3b a8 b4 44 79 3b
    89 40 16 f3 87 7a b9 76 60 37 a4 13 46 03 6d 29
    43 62 29 7c 2a af ba 3c d9 88 24 fc 75 af 98 95
    06 d7 1b 16 ea 0b 82 85 d1 b4 48 eb 91 6e 95 85
    84 b1 57 ed d4 ba 22 cc ae cc 83 0d dc 24 5b 47
    7b 2c f3 86 a3 66 66 54 28 e2 7b ca 2a 0e e6 a7
    6e 28 b2 38 c9 d3 27 b0 17 2f 7a 25 05 24 b9 24
    09 96 1e 49 63 9b f2 75 bc 2f f4 00 71 04 b5 d0
    75 89 30 69 71 3e e4 b3 6a 97 c6 5d 80 4f dc d9
    63 e8 80 4d b0 a8 6e b5 b8 45 ce 65 7a 7e e4 5f
    1f 04 ab 8c d0 86 31 e7 c9 b1 6b 91 08 19 47 c5
    19 94 cf 90 b6 68 73 1d ac 71 11 a3 72 1d 3f a9
    91 3d a0 89 67 c7 5b 6e 86 9d 7e 07 b5 1e b1 06
    1a 68 82 8a 5b 55 c9 81 63 bc 66 4b 20 1b bf 1c
    d6 45 c5 41 b3 66 03 7b db c6 58 b4 ea 76 5a 08
    1d 7e fa 4e 72 c6 a1 f2 51 2f 50 04 ce 06 a7 6e
    88 84 7b dd 90 07 e6 36 a3 2a b0 bb b4 23 2c a7
    42 b8 e6 ab 9a 98 c3 bb cd 39 86 4b 7c bc 7f 7a
    97 81 99 4b 3a 49 b3 38 f6 b5 68 c2 83 c7 1b 0e
    23 4c 34 bc 97 23 c8 2c b2 15 c1 03 37 4b 94 51
    53 a3 13 3a 8a 3d 34 c9 1f e1 a9 df e3 c2 33 cb
    1c a8 f9 cc f4 6a b6 f5 31 91 96 70 8a ac e7 a4
    34 e6 6b fd a5 c8 b2 07 b0 51 e9 7f b5 29 b8 9a
    62 8a 1b 76 04 ff cc 2d 21 18 64 58 63 c5 50 b2
    06 22 01 68 0f 14 c5 af 30 2d 76 98 66 e6 0a 29
    3e b0 7e 8d 83 40 10 c4 4e e0 76 b2 51 a2 8d e3
    e8 9c 08 93 62 96 32 9b fa 95 2d 65 f5 09 11 86
    56 ec 82 32 a3 39 ac ba 60 08 31 d6 1d af 7c 74
    43 1b 4a b2 a3 70 1d 58 53 9c d2 96 77 b7 05 8c
    dc ab 39 c6 59 34 02 b5 3b b0 90 ec 9b c8 28 73
    0b 97 26 a5 42 53 ae 9e 66 17 7c c6 87 f1 95 67
    2d c3 4e 2e 72 af 91 47 17 f7 07 55 2e c1 01 99
    0b c6 5c da 0b 8c 99 8a 5d ba 25 dd f5 35 e5 45
    35 4b b9 37 07 e0 8a 94 7a 49 6f 86 9a 9d cc 1a
    57 45 ad 62 88 31 1a d9 bd 02 fb 23 9a 3b 32 64
    44 23 9f d1 7d 7a 54 cf a4 83 49 2f 05 36 12 13
    4f e4 02 44 46 a8 90 fb fb 4c 57 db aa 8a a3 b7
    21 aa 25 ce 42 b0 4b d4 46 0c c2 39 8f 06 91 9d
    64 20 63 fc a7 ea f6 44 1d 86 94 6b f4 4e 63 e5
    b6 77 30 76 ec f9 7c 9a f3 2b 9e c2 c7 d3 cc 9e
    7a 13 bd 73 29 95 f8 84 22 89 c8 82 b6 82 68 57
    5a 08 93 f2 6a 4f a0 9d d0 1a 22 49 a4 62 06 75
    00 c8 bc 5e 33 44 39 5b 24 3b 75 c7 5b b7 33 8d
    c9 eb 46 4c 36 18 42 25 18 95 64 70 0d 36 bd 3c
    b6 26 28 38 94 14 28 1e 1c 98 16 bb e7 c6 fe 95
    4a c4 d9 37 62 04 b2 df fc 75 ef eb 26 db a5 9b
    2b 29 08 25 8b aa 76 d6 46 f1 b7 43 34 86 48 f5
    b3 7a e1 b2 17 12 d4 73 fa 14 93 aa 06 51 0e 75
    37 b8 db 66 34 c0 61 be 6b 70 16 65 b4 3f 06 61
    f0 12 68 bd fb 65 27 62 4c 7a e5 4e 98 94 8e df
    18 a4 20 63 71 c3 e2 ac da 99 4e 9f c0 c3 15 d9
    ce 02 ac 22 1b b3 a2 29 c3 6b 8b 35 a3 04 c4 0a
    af f7 45 e2 81 87 5a ac 56 8e aa 64 09 48 75 bb
    ba 8f 7e 18 ce 90 d2 1d cc 9a c2 ac d4 21 92 db
    4b 19 db 30 95 1b a0 bf 01 ae 89 25 7e 67 8c cc
    0b 17 1b 15 0a 07 dc bb 02 bd 6c 55 6b db a8 b0
    45 ca 74 85 7e 0c 15 a9 6c 73 8e 35 d7 45 36 9c
    bb bf 79 a6 1f bb 1c 23 59 84 0f 82 5b c5 a0 b6
    eb 70 99 0a d7 90 8f 35 69 bc 13 7b df b9 53 aa
    64 c7 97 66 ae e0 98 0e 16 10 c1 9a a1 b8 d0 d2
    02 04 84 5e e5 63 ac f6 15 45 74 8b 10 72 b2 56
    78 94 56 88 74 70 c2 36 b1 02 6c 3a a5 77 10 41
    d0 40 50 45 41 d1 98 63 fb 75 a3 53 77 bd 83 62
    1c 02 a5 b7 bc 61 c6 f5 52 82 b9 d3 87 04 a0 99
    8f f8 31 58 a7 6d 17 c9 85 7a 1a ca cc c1 60 a9
    f2 25 d7 e9 84 0b 45 16 95 60 29 13 8b b1 0b 04
    fb 81 b8 47 5f bf a0 04 ee 37 91 4e 24 44 68 e7
    ed 85 16 f8 52 76 19 b9 fa 80 f4 da bf 9e d5 6a
    93 9d 57 bd a3 19
<<< TLS 1.2, RecordHeader [length 0005]
    14 03 03 00 01
<<< TLS 1.3, ChangeCipherSpec [length 0001]
    01
<<< TLS 1.2, RecordHeader [length 0005]
    16 03 03 04 ba
<<< TLS 1.3, Handshake [length 04ba], ServerHello
    02 00 04 b6 03 03 a8 f2 83 62 dd bd a9 1c 24 64
    65 27 50 e2 0d da 07 15 77 52 67 d2 d0 d7 fb 02
    78 57 3f 75 52 45 20 af ba 92 b1 cf 23 37 27 c3
    ba 98 c8 d6 97 fa d2 d6 ab 20 54 d4 e4 30 e9 b6
    e4 99 88 25 f2 18 47 13 02 00 04 6e 00 2b 00 02
    03 04 00 33 04 64 11 ec 04 60 73 65 d8 1d 22 ad
    b4 03 09 9b 9f f9 ae ca a8 06 0b af 81 52 72 bf
    30 14 f0 c7 e0 65 7a d4 54 15 ad 62 32 4f a7 31
    51 42 6c d8 1a 2f b1 2a 4d 69 38 e1 94 94 35 e9
    dc 91 56 e5 d3 83 1d 93 c1 cb b0 b9 a7 7b c8 b1
    af 37 f2 47 43 c4 ea 12 2b fc e2 a5 52 a8 0f 05
    1d aa 0d 55 fa e2 5c d6 c5 86 6a f9 f3 08 58 48
    62 ef 05 20 52 76 60 be 03 fb 83 24 3d cc 11 8e
    dd 92 7e b2 39 4f 8e 86 70 9e 82 fc e6 e4 b9 0d
    f1 a6 64 13 38 48 56 2b a2 45 b8 6a a0 15 7b 92
    fa 0a c5 59 db 97 d6 5a d4 73 d1 e4 6c f7 fb 04
    36 5e 33 70 e6 ca d0 b0 bf 44 f9 05 81 e0 50 12
    23 8b a6 1d c8 b2 5b a6 a8 ce ae 94 da 4d 70 45
    81 bb 88 a7 e7 44 4d ce b7 23 c2 8c fd 49 f1 ef
    f8 e1 94 ff ce a0 d0 e1 a0 06 7a 55 05 8a a0 a7
    65 22 15 9d 52 a4 a5 71 0b de a7 f8 33 1e 7d 24
    dd ce bd 17 ef f2 9a 4d 3a 31 a8 0a 73 fa 2a 0f
    85 b2 e9 a6 a1 1e 97 5c 7e 57 32 bc 60 15 4f 72
    ed 0a aa 0d 7c b7 9d 38 9e 7f 70 98 d0 10 76 a8
    a2 89 17 d0 7a 39 da 2f 9f a5 11 8b d6 65 b9 c5
    8a 3c 38 f8 ed b3 6a 4d 42 e6 f2 c8 a1 5d 38 25
    e9 92 ad 09 ed 51 38 9c 59 18 87 c1 9f 5d ab 2c
    d1 e8 30 88 ef 45 c9 bc b5 cb e0 31 e9 42 a0 5e
    80 a2 92 3d 53 60 d1 31 43 4f fa af 96 2c e5 0b
    7a b6 e7 5d f6 45 94 78 3e a0 96 3c 68 9b e8 01
    1b 27 51 30 aa c3 e9 43 18 2e bb 56 c5 a2 82 23
    e2 a8 f1 ff 32 da c8 20 ab cf fa 40 12 cd da 4d
    b5 65 03 b1 36 65 bb 2e c9 8f a4 45 c9 84 4a 3a
    81 6b df 46 24 1e 70 1e 16 c4 ca 16 7a 75 8d fd
    58 b3 46 b4 22 03 54 a6 1e df bc 1a d5 d2 79 bd
    f3 92 46 02 70 33 dc ef 63 c9 2b df 2d 3d f3 87
    7f a2 ff d6 fd 8e fd 5c 25 05 5f ea 66 f6 d6 42
    93 4b e4 aa ce 9a 70 36 80 fb e4 6c 6e 5d 7b 65
    a5 76 76 68 77 8e d7 cd 92 48 25 bf 84 a6 a9 71
    a6 37 89 34 20 7e d6 0f 2b bb 92 0a 5f 0c e1 0d
    12 44 6f 7e 86 40 97 39 67 8a 36 c5 1b c5 43 33
    01 a4 f4 27 4f 6b e3 92 28 83 1c 10 73 12 4d 55
    83 cb f3 59 59 e1 40 07 f3 81 d9 ea 79 e6 dd aa
    f6 b2 7a d7 2a d4 eb 02 91 46 18 77 22 f0 e6 72
    30 91 6a ed 62 88 ef 22 a9 9e d3 fa cb a9 64 a8
    05 a4 8f e4 73 f7 dc bd b3 32 0a b5 fa 42 5e 10
    e1 60 86 08 39 d9 8a 9f 61 70 5f 30 41 ea 6b 37
    a9 28 91 7f f8 a7 d2 59 f0 d1 63 cb f4 3c a9 21
    a5 d7 b0 e6 8a f5 99 59 f0 09 ad 14 0d b5 63 04
    a2 24 5c df 5d 9c 28 cc 00 2d 92 5a 9e 63 59 fe
    19 3f d7 5c 46 58 75 92 bb 96 b4 dc 6c 04 73 0a
    0c 2a 7a 5d 79 e5 0d 19 95 50 05 7b 4e 60 ed ed
    40 a0 fb fa fd a5 20 22 60 92 34 63 59 3e c4 d0
    98 f0 8d 5c 19 25 32 d0 47 5c 1b b8 a9 bd e8 89
    0a a4 9f d1 c5 2a c7 4d 1a 04 a0 2c 66 e1 26 95
    c6 63 61 f6 02 32 90 ad 55 55 52 09 86 17 54 3d
    e7 36 24 03 7f 31 d0 8b 64 70 bf 80 60 7d 43 67
    6c 9b 8d d1 8a 9b 79 da 91 7d c2 53 2f 8f e8 92
    45 05 85 78 2c 65 31 b9 7f 42 b4 35 53 a2 fd 7a
    89 01 a8 90 df 82 ee d3 bb 3a 07 5c 23 dd d3 ef
    66 40 88 d5 fd b7 c6 5c 17 42 5a a6 d3 5f a2 09
    b3 d6 00 4a a9 80 70 b7 3b db de e0 7d f2 21 53
    93 31 8c 58 a0 69 61 8b 24 d6 56 6e a3 09 b7 2a
    09 4c 6d 1e cb 13 39 e8 ca 21 26 3f be 99 73 c6
    7a e9 65 a6 8f 3c 64 9c 54 f2 ab 69 35 4a b3 3e
    e2 b6 e0 92 4a 8f 14 a7 6f 7f 39 6c c1 19 43 d6
    cb a3 a5 17 ff ff 92 91 da e4 b9 80 6d 83 29 d1
    5b 92 10 a1 f2 e0 57 45 c5 b2 79 77 d6 fd 32 96
    ca 1e 4d 56 16 15 c1 d3 3e d2 f9 0e a3 9a 82 43
    88 92 fc ee 0b 7b ae a9 45 6d 61 5c a8 45 86 b4
    08 58 02 e8 a1 ee 5d 82 32 40 3e 0f 61 ef 1f 65
    36 62 83 f0 4d b4 70 03 6d d7 5e 3a 67 15 42 3b
    98 ae 1a 6e a6 e3 3a d6 c2 64 4e c2 b6 8f 57 83
    0c 54 87 d9 cf 26 69 33 24 14 6d 1a e9 94 3c c0
    76 69 e0 65 4c e7 b2 4e c4 5b 96 da 3d 17 9c 7e
    96 e1 bd a3 c9 21 99 f0 f1 6e
<<< TLS 1.2, RecordHeader [length 0005]
    17 03 03 00 17
<<< TLS 1.3, InnerContent [length 0001]
    16
<<< TLS 1.3, Handshake [length 0006], EncryptedExtensions
    08 00 00 02 00 00
<<< TLS 1.2, RecordHeader [length 0005]
    17 03 03 03 47
<<< TLS 1.3, InnerContent [length 0001]
    16
<<< TLS 1.3, Handshake [length 0336], Certificate
    0b 00 03 32 00 00 03 2e 00 03 29 30 82 03 25 30
    82 02 0d a0 03 02 01 02 02 01 02 30 0d 06 09 2a
    86 48 86 f7 0d 01 01 0b 05 00 30 12 31 10 30 0e
    06 03 55 04 03 0c 07 52 6f 6f 74 20 43 41 30 20
    17 0d 31 36 30 31 31 34 32 32 32 39 34 36 5a 18
    0f 32 31 31 36 30 31 31 35 32 32 32 39 34 36 5a
    30 19 31 17 30 15 06 03 55 04 03 0c 0e 73 65 72
    76 65 72 2e 65 78 61 6d 70 6c 65 30 82 01 22 30
    0d 06 09 2a 86 48 86 f7 0d 01 01 01 05 00 03 82
    01 0f 00 30 82 01 0a 02 82 01 01 00 d5 5d 60 6a
    df fc 61 ee 48 aa 8c 11 48 43 a5 6d b6 52 5d aa
    98 49 b1 61 92 35 b1 fc 3a 04 25 0c 6d 79 ff b4
    d5 c9 e9 5c 1c 3b e0 ab b3 b8 7d a3 de 6d bd e0
    dd d7 5a bf 14 47 11 42 5e a6 82 d0 61 c1 7f dd
    13 46 e6 09 85 07 0e f2 d4 fc 1a 64 d2 0a ad 20
    ab 20 6b 96 f0 ad cc c4 19 53 55 dc 01 1d a4 b3
    ef 8a b4 49 53 5d 8a 05 1c f1 dc e1 44 bf c5 d7
    e2 77 19 57 5c 97 0b 75 ee 88 43 71 0f ca 6c c1
    b4 b2 50 a7 77 46 6c 58 0f 11 bf f1 76 24 5a ae
    39 42 b7 51 67 29 e1 d0 55 30 6f 17 e4 91 ea ad
    f8 28 c2 43 6f a2 64 a9 fb 9d 98 92 62 48 3e eb
    0d 4f 82 4a 8a ff 3f 72 ee 96 b5 ae a1 c1 98 ba
    ef 7d 90 75 6d ff 5a 52 9e ab f5 c0 7e d0 87 43
    db 85 07 07 0f 7d 38 7a fd d1 d3 ee 65 1d d3 ea
    39 6a 87 37 ee 4a d3 e0 0d 6e f5 70 ac c2 bd f1
    6e f3 92 95 5e a9 f0 a1 65 95 93 8d 02 03 01 00
    01 a3 7d 30 7b 30 1d 06 03 55 1d 0e 04 16 04 14
    c0 e7 84 bf e8 59 27 33 10 b0 52 4f 51 52 2f 06
    d6 c0 7a cd 30 1f 06 03 55 1d 23 04 18 30 16 80
    14 70 7f 2e ae 83 68 59 98 04 23 2a cd eb 3e 17
    cd 24 dd 01 49 30 09 06 03 55 1d 13 04 02 30 00
    30 13 06 03 55 1d 25 04 0c 30 0a 06 08 2b 06 01
    05 05 07 03 01 30 19 06 03 55 1d 11 04 12 30 10
    82 0e 73 65 72 76 65 72 2e 65 78 61 6d 70 6c 65
    30 0d 06 09 2a 86 48 86 f7 0d 01 01 0b 05 00 03
    82 01 01 00 7b d3 04 43 75 8a 0f 11 ae c4 fb d7
    a1 a2 9e fe 20 18 d5 f4 2f 31 88 46 b6 75 8c ee
    e5 9b 97 a6 b9 a3 cd 60 9a 46 c3 48 97 e5 97 68
    f7 5a 86 35 73 d9 69 9e f9 5f 74 b9 e6 94 13 01
    cb 6a dc e3 c4 04 e9 65 da 9c a4 8b 28 f3 f9 9a
    7f bf 97 1f 45 92 e5 05 b1 56 e6 0b f6 47 de 1e
    89 b6 2b e1 4d df 4a 7e 01 d3 23 dc 97 8c 47 fe
    5f c7 cc 98 46 0e c4 83 5b ca 8a f1 52 09 be 6b
    ec 3f 09 8b d0 93 02 bf e1 51 e7 d1 7e 34 56 19
    74 d0 ff 28 25 de b7 9f 56 52 91 7d 20 29 85 0a
    80 44 5f 71 32 25 71 0f c2 16 e2 5f 6b 1d 3f 32
    5b 0a 3c 74 1c b9 62 f1 ed 07 50 a3 6d b4 b4 31
    0a c0 53 44 6a 3a 88 84 8b 2d a9 b0 37 8e e6 18
    36 bd 9a 20 40 0f 01 92 8b 3d aa 61 e7 ae 2c ed
    36 cd 3a 07 86 74 3a 29 b3 d7 3a b4 00 a9 c2 f5
    92 78 0e e2 0f a3 fe bb be e0 06 53 84 59 1d 90
    69 e5 b6 f9 00 00
<<< TLS 1.2, RecordHeader [length 0005]
    17 03 03 01 19
<<< TLS 1.3, InnerContent [length 0001]
    16
<<< TLS 1.3, Handshake [length 0108], CertificateVerify
    0f 00 01 04 08 04 01 00 66 56 29 c6 29 b4 23 a9
    8f 8c 35 3f b4 cc 1f 0d 22 de b1 ba 5d 34 11 c5
    f3 68 1d 9b 6e e0 49 90 ba 3c 2c 57 93 22 fe 34
    9f 36 83 03 5c 30 a8 ae 6e 75 60 69 ae f8 dc d4
    00 6d ef 20 de 55 bb 86 d1 7d 64 5a bc c7 1d c2
    6b 76 5b 5a a3 12 df a0 0b 25 8e cc 25 53 a7 c3
    8b 4b 53 14 bf 62 8e ca 6f d9 8d 17 1d 68 5a 58
    6d fe 26 1f d1 ac 5e 89 6a 9c fa b1 57 57 1f 99
    9a b7 ea 96 f6 20 4b 12 af d4 33 7d 15 85 49 a5
    3f b6 5a 4d 08 4d b9 fd e8 2f b5 25 3f da e8 fb
    46 e2 14 b2 0b 63 f5 67 b1 c9 08 37 d8 77 85 26
    28 19 fa f3 4d 17 e6 ea a4 6e c8 f9 fd 34 4c f2
    9c 4b 14 ee 50 27 23 bb 8f c1 7b 28 59 43 3b aa
    23 f4 e2 bc c8 d3 bf 30 45 43 09 d9 a8 38 20 82
    64 90 d6 8c 05 35 78 8a 0d a1 1f 9c a9 23 33 56
    f6 c8 0a 9b 9d b4 21 6a 85 28 fe 66 44 09 20 d0
    83 eb 4b cc 17 eb ad a3
<<< TLS 1.2, RecordHeader [length 0005]
    17 03 03 00 45
<<< TLS 1.3, InnerContent [length 0001]
    16
<<< TLS 1.3, Handshake [length 0034], Finished
    14 00 00 30 c9 e0 9b e7 22 0f a8 1b 3b be b3 e4
    af b6 e0 37 9e fc 8b 43 c6 b4 1b df af 19 c9 8e
    ce 2f 52 25 ed 3e 61 18 f5 ce c8 2f 32 21 0f c4
    5f 4b bf 46
>>> TLS 1.2, RecordHeader [length 0005]
    17 03 03 00 45
>>> TLS 1.2, InnerContent [length 0001]
    16
>>> TLS 1.3, Handshake [length 0034], Finished
    14 00 00 30 20 51 d0 1c cd 6e e4 59 23 10 06 6d
    b2 95 64 d0 78 55 ef df 80 d8 47 90 59 d2 92 72
    12 8c 2d a1 be 18 ee 9a f3 e5 b6 89 c2 01 0f 89
    e1 71 d1 11
---
Certificate chain
 0 s:CN=server.example
   i:CN=Root CA
   a:PKEY: RSA, 2048 (bit); sigalg: sha256WithRSAEncryption
   v:NotBefore: Jan 14 22:29:46 2016 GMT; NotAfter: Jan 15 22:29:46 2116 GMT
---
Server certificate
-----BEGIN CERTIFICATE-----
MIIDJTCCAg2gAwIBAgIBAjANBgkqhkiG9w0BAQsFADASMRAwDgYDVQQDDAdSb290
IENBMCAXDTE2MDExNDIyMjk0NloYDzIxMTYwMTE1MjIyOTQ2WjAZMRcwFQYDVQQD
DA5zZXJ2ZXIuZXhhbXBsZTCCASIwDQYJKoZIhvcNAQEBBQADggEPADCCAQoCggEB
ANVdYGrf/GHuSKqMEUhDpW22Ul2qmEmxYZI1sfw6BCUMbXn/tNXJ6VwcO+Crs7h9
o95tveDd11q/FEcRQl6mgtBhwX/dE0bmCYUHDvLU/Bpk0gqtIKsga5bwrczEGVNV
3AEdpLPvirRJU12KBRzx3OFEv8XX4ncZV1yXC3XuiENxD8pswbSyUKd3RmxYDxG/
8XYkWq45QrdRZynh0FUwbxfkkeqt+CjCQ2+iZKn7nZiSYkg+6w1PgkqK/z9y7pa1
rqHBmLrvfZB1bf9aUp6r9cB+0IdD24UHBw99OHr90dPuZR3T6jlqhzfuStPgDW71
cKzCvfFu85KVXqnwoWWVk40CAwEAAaN9MHswHQYDVR0OBBYEFMDnhL/oWSczELBS
T1FSLwbWwHrNMB8GA1UdIwQYMBaAFHB/Lq6DaFmYBCMqzes+F80k3QFJMAkGA1Ud
EwQCMAAwEwYDVR0lBAwwCgYIKwYBBQUHAwEwGQYDVR0RBBIwEIIOc2VydmVyLmV4
YW1wbGUwDQYJKoZIhvcNAQELBQADggEBAHvTBEN1ig8RrsT716Ginv4gGNX0LzGI
RrZ1jO7lm5emuaPNYJpGw0iX5Zdo91qGNXPZaZ75X3S55pQTActq3OPEBOll2pyk
iyjz+Zp/v5cfRZLlBbFW5gv2R94eibYr4U3fSn4B0yPcl4xH/l/HzJhGDsSDW8qK
8VIJvmvsPwmL0JMCv+FR59F+NFYZdND/KCXet59WUpF9ICmFCoBEX3EyJXEPwhbi
X2sdPzJbCjx0HLli8e0HUKNttLQxCsBTRGo6iISLLamwN47mGDa9miBADwGSiz2q
YeeuLO02zToHhnQ6KbPXOrQAqcL1kngO4g+j/ru+4AZThFkdkGnltvk=
-----END CERTIFICATE-----
subject=CN=server.example
issuer=CN=Root CA
---
No client certificate CA names sent
Peer signing digest: SHA256
Peer signature type: rsa_pss_rsae_sha256
Negotiated TLS1.3 group: X25519MLKEM768
---
SSL handshake has read 2546 bytes and written 1702 bytes
Verification error: unable to verify the first certificate
---
New, TLSv1.3, Cipher is TLS_AES_256_GCM_SHA384
Protocol: TLSv1.3
Server public key is 2048 bit
This TLS version forbids renegotiation.
Compression: NONE
Expansion: NONE
No ALPN negotiated
Early data was not sent
Verify return code: 21 (unable to verify the first certificate)
---
>>> TLS 1.2, RecordHeader [length 0005]
    17 03 03 00 13
>>> TLS 1.2, InnerContent [length 0001]
    15
>>> TLS 1.3, Alert [length 0002], warning close_notify
    01 00
Connecting to 127.0.0.1
SSL_connect:before SSL initialization
SSL_connect:SSLv3/TLS write client hello
SSL_connect:SSLv3/TLS write client hello
SSL_connect:SSLv3/TLS read server hello
SSL_connect:SSLv3/TLS write change cipher spec
SSL_connect:SSLv3/TLS write client hello
SSL_connect:SSLv3/TLS write client hello
SSL_connect:SSLv3/TLS read server hello
Can't use SSL_get_servername
SSL_connect:TLSv1.3 read encrypted extensions
depth=0 CN=server.example
verify error:num=20:unable to get local issuer certificate
verify return:1
depth=0 CN=server.example
verify error:num=21:unable to verify the first certificate
verify return:1
depth=0 CN=server.example
verify return:1
SSL_connect:SSLv3/TLS read server certificate
SSL_connect:TLSv1.3 read server certificate verify
SSL_connect:SSLv3/TLS read finished
SSL_connect:SSLv3/TLS write finished
DONE
SSL3 alert write:warning:close notify
