CONNECTED(00000003)
>>> TLS 1.0, RecordHeader [length 0005]
    16 03 01 00 d6
>>> TLS 1.3, Handshake [length 00d6], ClientHello
    01 00 00 d2 03 03 8a 2d 8d 91 75 10 9c 5b 62 14
    aa dc c9 dd 51 40 77 1d 2f e2 4d 27 98 da 65 cc
    12 10 b6 01 d4 b6 20 c3 93 f3 fd 54 3b 96 14 67
    80 e8 6f 00 67 60 54 d9 9f 22 44 20 9f 48 fa 08
    55 56 ab 16 43 12 8e 00 06 13 02 13 03 13 01 01
    00 00 83 00 0b 00 04 03 00 01 02 00 0a 00 06 00
    04 00 1d 11 ec 00 23 00 00 00 16 00 00 00 17 00
    00 00 0d 00 2a 00 28 09 05 09 06 09 04 04 03 05
    03 06 03 08 07 08 08 08 1a 08 1b 08 1c 08 09 08
    0a 08 0b 08 04 08 05 08 06 04 01 05 01 06 01 00
    2b 00 03 02 03 04 00 2d 00 02 01 01 00 33 00 26
    00 24 00 1d 00 20 e3 07 86 6e f7 e3 56 38 aa d0
    62 cd 84 0e a7 82 29 fc d2 bf 43 dc 20 76 51 98
    b5 ed 82 ae bb 5a
<<< TLS 1.2, RecordHeader [length 0005]
    16 03 03 00 58
<<< TLS 1.3, Handshake [length 0058], ServerHello
    02 00 00 54 03 03 cf 21 ad 74 e5 9a 61 11 be 1d
    8c 02 1e 65 b8 91 c2 a2 11 16 7a bb 8c 5e 07 9e
    09 e2 c8 a8 33 9c 20 c3 93 f3 fd 54 3b 96 14 67
    80 e8 6f 00 67 60 54 d9 9f 22 44 20 9f 48 fa 08
    55 56 ab 16 43 12 8e 13 02 00 00 0c 00 2b 00 02
    03 04 00 33 00 02 11 ec
>>> TLS 1.2, RecordHeader [length 0005]
    14 03 03 00 01
>>> TLS 1.3, ChangeCipherSpec [length 0001]
    01
>>> TLS 1.2, RecordHeader [length 0005]
    16 03 03 05 76
>>> TLS 1.3, Handshake [length 0576], ClientHello
    01 00 05 72 03 03 8a 2d 8d 91 75 10 9c 5b 62 14
    aa dc c9 dd 51 40 77 1d 2f e2 4d 27 98 da 65 cc
    12 10 b6 01 d4 b6 20 c3 93 f3 fd 54 3b 96 14 67
    80 e8 6f 00 67 60 54 d9 9f 22 44 20 9f 48 fa 08
    55 56 ab 16 43 12 8e 00 06 13 02 13 03 13 01 01
    00 05 23 00 0b 00 04 03 00 01 02 00 0a 00 06 00
    04 00 1d 11 ec 00 23 00 00 00 16 00 00 00 17 00
    00 00 0d 00 2a 00 28 09 05 09 06 09 04 04 03 05
    03 06 03 08 07 08 08 08 1a 08 1b 08 1c 08 09 08
    0a 08 0b 08 04 08 05 08 06 04 01 05 01 06 01 00
    2b 00 03 02 03 04 00 2d 00 02 01 01 00 33 04 c6
    04 c4 11 ec 04 c0 a8 7b 0e 75 87 ac 1d 91 3e 12
    15 ae eb 1c b4 77 c0 37 04 f3 6f 6f 01 7d a3 fc
    15 84 80 ab ce f3 96 4b f6 01 4c 3a 66 ca d2 1c
    48 06 7d fd 15 7d 25 05 61 3f c2 48 d2 43 78 71
    81 17 80 1b 52 ed cb 6d b9 77 92 0b a7 78 e5 38
    5c d3 fc a3 a7 98 63 bc bb 65 fe eb 07 5a 45 ca
    e8 22 87 29 f4 a2 6a c7 03 f2 8b 90 b7 51 22 75
    13 a8 fc 06 bb 17 b7 78 0c 23 6c c9 52 2a ea 07
    34 a7 6a 5c 4a 35 2c 9f 03 77 e0 c0 9c bb e6 9e
    1c 79 92 dd 57 88 06 15 90 99 3c c4 af b1 4e de
    e2 26 0e 73 99 fa a5 91 a5 85 0d ac 00 0d 29 40
    0c 37 8a 54 24 c2 a5 31 5b 14 14 e7 32 4d 0c 2a
    a6 67 09 b7 bb 73 82 81 4a 65 c3 46 da 22 cf 04
    4c 81 1d ab 7a a7 15 6e ff 19 91 ae 6b 6c 2e 17
    6b 7e 4a ae 9e 88 b3 c5 b6 1b 25 06 19 db c7 05
    81 b9 25 d6 ba 33 36 10 6b a1 90 53 e4 c6 3d 0e
    6c 63 d1 e8 c8 6e bb a5 42 02 1c 54 29 79 90 c9
    7a e8 85 c9 6f 00 2a 0f 44 3a 7b 46 97 50 e0 28
    14 69 0e 6b b6 04 4b 98 b2 63 73 a8 6a fc 1d de
    12 7f 3c 26 99 d6 98 3d 9e 56 88 0d ab 7b 40 19
    52 2b 72 00 e3 b5 35 96 76 b2 9c e7 85 12 fb 33
    1e 14 b6 a4 b0 0e 1b 0a 76 32 72 23 98 58 78 c9
    f7 ce b6 c1 0e 7d 68 a6 4f 69 1e c8 96 99 d1 d3
    02 b1 63 c9 27 f9 7f 12 a5 9b 69 46 89 c0 22 82
    1f 35 33 f0 fc af 36 8a bc f2 e5 a8 bc 65 03 71
    19 2b 5c 07 8f ce 12 64 ba d7 12 af a3 4b a7 3a
    ad 12 49 82 5b d3 6a cb 09 7f 80 fa 1d 3d a4 52
    6a 26 47 2e 14 41 00 1d 1e 9b 94 95 e2 51 7e e1
    32 6c 97 32 a3 02 63 71 e7 96 8e be f1 b7 25 2a
    67 51 dc 87 cb f1 7b e0 2a 5e 5b 14 b4 a7 82 51
    81 48 26 aa 87 80 dc 59 59 79 14 02 36 e3 32 ee
    41 8e e5 47 98 f8 94 a9 85 84 5f c7 e6 b8 24 05
    2a 35 6b 52 27 a3 78 75 38 8b f9 61 cc 8a 75 0f
    dd 08 0d c3 76 1c ba d9 5c 86 22 07 fc 37 4c 95
    b2 57 db b9 82 27 44 63 ae b9 a1 86 c4 8e cd cb
    03 76 79 0a 1f 11 1a 98 3c 34 7e b8 c5 4f ca 39
    d8 16 5f a4 2c 73 e0 f9 68 92 21 b3 d5 c5 94 58
    57 50 1e f8 9b d7 f0 08 44 fa 9a 00 74 3f e8 04
    9c 0e 23 84 d9 25 78 f6 16 06 dc 68 21 46 3a 01
    9f 42 1e e1 70 9d 27 83 70 93 42 a1 8a 31 00 d4
    b4 3a ea 00 12 71 4b 47 39 f2 6f 16 66 19 7d f9
    c8 f2 d3 87 bb f2 59 15 ca cf 2e 71 47 ce 17 6a
    4e 27 a6 6d 55 47 b7 b6 70 e3 e8 5e 97 cb c7 d1
    31 b5 40 a0 40 8f bb 8f d0 65 10 7c 26 79 6c e1
    a2 e4 83 07 a9 30 90 ea f2 82 eb 92 6f eb d8 b1
    f7 94 3e 97 62 06 05 16 0e 22 c9 2d 49 eb a8 7b
    7a 62 a0 bb 25 c9 6b 70 bd 26 65 46 35 7b 5e 32
    15 cf 06 31 85 06 aa 3f 5b 4b 44 98 3e 8a 44 66
    6e 4b 83 a3 b0 2e 3e 2b 5b 6b e6 b7 f3 43 36 c3
    a0 1f 2d b2 16 2c 51 a5 b8 7b 13 a8 97 bc b8 44
    be 96 22 9d 5d 97 6c 81 8c 9c 28 12 b6 0d 05 37
    74 10 9a eb c6 0a e4 da 6b 2d c4 08 ae fb cd 0f
    53 b8 92 14 28 74 70 55 fe 58 5e 60 e3 28 50 75
    7c 72 94 89 72 f0 a3 fa 66 b7 f8 db 4a c4 13 43
    ab 03 ce fb 39 b6 7b 70 0b 61 a7 bf 53 66 bb e1
    d3 61 64 fc 8d fc a8 c5 b3 a9 0b fe 87 0e eb 84
    45 fc 39 3d c7 0b 86 b8 17 cf 4d f7 00 b4 78 c9
    b7 65 1b d2 92 c2 90 68 38 27 f0 20 f8 7a 4d 82
    10 2c cc a3 62 37 70 33 14 7a 06 68 c0 ca 43 60
    0e 6d 1a 78 c4 74 1a cf 72 71 53 7a c9 37 32 bc
    20 31 7b db c8 82 a5 a9 3d 4a 43 83 79 e7 07 ff
    fb 13 03 dc 6b 70 37 b1 88 48 be 06 71 89 84 ba
    30 57 e2 9b 0c 39 72 cf 85 60 14 b0 00 50 81 62
    a6 00 b7 b2 d0 8c d8 a9 a6 c5 9b 9c 94 bb aa 99
    c7 40 64 00 b0 7a 96 08 64 cb ce 6c 80 7d 62 48
    87 2f 99 33 8b 72 6b ab 17 28 bf a7 13 5d 93 bf
    22 15 22 4a 70 59 1e 89 95 26 a3 3b 97 f8 86 4e
    ba a6 13 01 14 fb b4 7b 60 39 cd ea c2 be c5 e1
    5d 53 e3 79 08 06 5e 1e 28 6a c8 61 c0 ab 01 cf
    ef 1a 17 32 48 1c 34 21 4f c6 e6 2a 40 23 84 a2
    b3 b1 03 5a b5 1e fb 2a 83 b8 93 92 26 64 c7 92
    04 be 10 ae b5 fc a9 77 eb 45 96 9b 2d 71 32 66
    fa a5 c4 57 31 b7 a8 a0 20 9e 43 16 af 3f 1f 30
    fa cb 99 9b 2f c1 27 06 31 d7 7f c9 bc 06 dd a6
    7f 33 46 bf 1d b6 3b 20 39 fd 8c 49 ad 6e 84 49
    9b aa 45 c7 40 b9 7b 93 01 56 2a e1 3b 56 76 29
    a2 70 d9 4f 7b 12
<<< TLS 1.2, RecordHeader [length 0005]
    14 03 03 00 01
<<< TLS 1.3, ChangeCipherSpec [length 0001]
    01
<<< TLS 1.2, RecordHeader [length 0005]
    16 03 03 04 ba
<<< TLS 1.3, Handshake [length 04ba], ServerHello
    02 00 04 b6 03 03 0a e0 a9 db d5 3d 45 08 3c ac
    29 da 33 90 e2 20 45 28 27 a0 e9 d2 e4 4c 8c 28
    2e 8b e5 48 9e 5b 20 c3 93 f3 fd 54 3b 96 14 67
    80 e8 6f 00 67 60 54 d9 9f 22 44 20 9f 48 fa 08
    55 56 ab 16 43 12 8e 13 02 00 04 6e 00 2b 00 02
    03 04 00 33 04 64 11 ec 04 60 cd ec db 94 20 ad
    8c cb 74 9f 70 c9 45 31 f3 b3 ec 1e 57 6f af ac
    5e ee ed 1c ca 1e cd 90 09 6c ea 44 65 4c 30 87
    94 2c d7 a0 79 38 b1 38 76 95 52 c9 24 53 32 32
    bc d3 1a a2 1c 9e 57 0f 0a 55 4c eb 51 27 8c 84
    9f 1a a9 92 2b 19 77 07 1e 68 75 7d ef d5 82 72
    11 90 e9 87 7e 03 82 1a 4a 60 92 83 38 26 47 df
    b9 05 ad d2 c7 5c da 08 6d 1e c8 18 ac 6f 4b 6f
    72 5c 1c de 14 28 ac dc 71 4f d7 31 dc 67 25 22
    ec a2 fa 8e ed 2f cd 58 94 8b ba 2c ca fb c5 eb
    c8 d7 58 0f e3 54 cd aa 10 cf ce 77 e0 93 ae da
    ae 1f 91 00 2c 76 7b 28 07 cb c0 56 c9 06 9a 1d
    99 29 28 11 02 61 3c 38 aa bb 0a 39 5b 9b ba 9f
    48 c5 38 08 f2 4c d0 47 63 98 40 56 84 b0 01 6c
    23 e5 9a e8 29 06 62 1c 5e cf e1 e1 2a 30 aa 0b
    f4 11 26 ca 47 96 72 ac 3a 6b 06 39 b2 3a 58 9a
    c2 97 e8 eb 22 40 76 fa b6 6c d7 92 7e 5f 5d 31
    93 dd 44 58 71 1c 99 9d b5 74 90 42 e0 00 12 fb
    63 f1 ab 1b 2a ba 89 55 80 d0 f6 ba 90 6c 77 4a
    f1 dc 6c 7b e2 e4 f1 8e 27 10 90 e3 2b 03 60 9c
    5a 69 3e 17 39 37 a7 fb ba 0b d4 89 99 86 a7 56
    62 0e b5 52 34 17 36 17 62 21 fe 96 23 fb ee 6c
    0e 5e 40 5e 6a 7f 9e 86 8c b1 24 43 cb 55 f3 6e
    8c e0 9f 4d fb bc 15 7e 31 cb 7f 2a 83 55 e4 95
    32 a3 08 c5 1f f4 7d 24 60 10 5e d5 39 68 c1 f6
    00 0e 33 b3 d3 b3 41 a8 0a 94 b4 8f 52 92 aa 13
    be 12 8f 1a 52 f2 9c c9 5f fd bc 07 41 3f 66 9a
    19 23 30 d6 86 13 e2 2a 6d 77 1c 9b f8 90 3c a9
    11 75 cd ed 05 59 1d 86 c5 d5 ca c2 a6 64 ef 13
    1c 0a 93 c4 80 8f 0c 4a d9 6c 75 91 5e b1 38 a2
    5d fb b6 dd 76 d2 62 fb 6c ef b7 ff 08 17 16 32
    d1 12 47 9d 30 c8 60 68 94 eb 4f ef 33 ef b6 b2
    52 0c 03 60 65 4a 7e 34 c1 8d 66 a6 a5 b8 db b7
    c1 47 c4 1b bf d7 1c fe ef 28 37 b5 df b9 fd e6
    47 e5 60 43 39 3c ba f8 19 66 33 68 4d 5e 01 3f
    76 27 d8 9d 54 3b f7 e9 45 54 ff 8a b0 0d 4f dc
    d5 0d 47 e7 c6 d5 99 01 d6 5b ef 8f cf 51 d3 f5
    2e 86 6c 22 8d 38 57 a8 5a e9 94 8c 59 ce b7 09
    e2 7b 74 56 1b c5 af f4 d1 23 ee 8d fe 13 5a b2
    53 5b d8 75 6a 08 e0 8b 04 0f da 84 47 a5 f1 5d
    ad c0 de 87 11 04 9c 90 93 73 12 49 1b de e6 ac
    9e 75 72 77 29 9e 1f 56 fd f8 7e db 66 55 dd 1f
    2a 1b 99 f8 dc 1a 17 fb 56 40 b3 df cb 0e 84 77
    32 65 e4 33 59 9d 13 82 e5 d5 4d 7f 5a bc 01 e4
    05 6c 0f fb 99 1e 85 c7 e4 79 ec d5 86 83 6f 48
    68 df 42 be 8b 58 b5 12 5f 13 ce bf 58 41 17 d4
    9c 95 bb fb 04 ac c3 96 5f 3d 4e 23 94 21 80 0a
    e4 c9 f0 58 72 33 61 41 d6 1a 0e 91 b4 68 02 a9
    06 08 9e b7 cf f9 e7 c1 cf 5e 70 05 d8 d5 a4 02
    b0 fc 6d ef 3f 70 87 94 ad c6 dc 5e 98 01 2b 2d
    58 83 60 d3 7d e9 e2 6e a1 b3 af 42 55 1d cc c3
    1f 1b 8d 57 9b 00 ad 97 6b 32 29 73 f1 d6 c4 4b
    74 95 b3 42 5e bc 2a fa 66 7e 8b 4b 03 09 c9 0f
    f9 66 41 9b 70 0e 8f de 05 5f 96 c0 26 72 bb 51
    5a 00 cc c7 b2 3e f1 4b 7a 36 f7 b7 bd 12 4a 01
    b0 57 d2 a8 05 cc 2f 58 0a 2f 58 82 68 4b 92 29
    78 89 d0 8a 99 8e 5e 38 51 54 5f 7a f0 b0 17 4f
    d7 cc 66 6c d7 e2 e7 60 39 67 b4 17 e1 51 c6 7f
    ba fb f8 30 a9 76 49 f7 da f2 ca e1 52 d3 9a c1
    e2 f2 57 b1 2f 34 50 35 79 d6 25 28 7e 59 e5 13
    a7 b5 7e 98 90 f0 6f a2 dc 12 86 82 68 ec 4c 19
    c3 1d 0c 09 a5 8c f7 6f a1 59 32 c0 39 af 78 e5
    f2 02 6d 35 6e d4 89 21 7e ad dc 1e f3 e9 a4 a7
    82 80 84 37 96 45 1b 8e 92 cb 86 30 59 b5 db 1e
    95 b5 e6 e4 d1 b1 46 1e f7 0a 6c e1 94 8e dd 2e
    7f 01 87 ab fa e9 3e 82 c0 6b 6a ae 51 69 ee 29
    d0 71 96 f1 53 65 74 98 c4 a2 6d 4c 53 d3 a6 42
    a7 26 b9 64 b5 45 51 d8 bf 1f 58 97 95 98 23 d5
    02 a2 37 1b e0 a7 db d7 1b 29 9e 95 b5 f8 56 ca
    de 66 09 cd 27 49 65 0b 4f 3f d2 49 a6 e9 21 b3
    f8 9c c0 d6 2d 84 e8 45 93 45
<<< TLS 1.2, RecordHeader [length 0005]
    17 03 03 00 17
<<< TLS 1.3, InnerContent [length 0001]
    16
<<< TLS 1.3, Handshake [length 0006], EncryptedExtensions
    08 00 00 02 00 00
<<< TLS 1.2, RecordHeader [length 0005]
    17 03 03 03 47
<<< TLS 1.3, InnerContent [length 0001]
    16
<<< TLS 1.3, Handshake [length 0336], Certificate
    0b 00 03 32 00 00 03 2e 00 03 29 30 82 03 25 30
    82 02 0d a0 03 02 01 02 02 01 02 30 0d 06 09 2a
    86 48 86 f7 0d 01 01 0b 05 00 30 12 31 10 30 0e
    06 03 55 04 03 0c 07 52 6f 6f 74 20 43 41 30 20
    17 0d 31 36 30 31 31 34 32 32 32 39 34 36 5a 18
    0f 32 31 31 36 30 31 31 35 32 32 32 39 34 36 5a
    30 19 31 17 30 15 06 03 55 04 03 0c 0e 73 65 72
    76 65 72 2e 65 78 61 6d 70 6c 65 30 82 01 22 30
    0d 06 09 2a 86 48 86 f7 0d 01 01 01 05 00 03 82
    01 0f 00 30 82 01 0a 02 82 01 01 00 d5 5d 60 6a
    df fc 61 ee 48 aa 8c 11 48 43 a5 6d b6 52 5d aa
    98 49 b1 61 92 35 b1 fc 3a 04 25 0c 6d 79 ff b4
    d5 c9 e9 5c 1c 3b e0 ab b3 b8 7d a3 de 6d bd e0
    dd d7 5a bf 14 47 11 42 5e a6 82 d0 61 c1 7f dd
    13 46 e6 09 85 07 0e f2 d4 fc 1a 64 d2 0a ad 20
    ab 20 6b 96 f0 ad cc c4 19 53 55 dc 01 1d a4 b3
    ef 8a b4 49 53 5d 8a 05 1c f1 dc e1 44 bf c5 d7
    e2 77 19 57 5c 97 0b 75 ee 88 43 71 0f ca 6c c1
    b4 b2 50 a7 77 46 6c 58 0f 11 bf f1 76 24 5a ae
    39 42 b7 51 67 29 e1 d0 55 30 6f 17 e4 91 ea ad
    f8 28 c2 43 6f a2 64 a9 fb 9d 98 92 62 48 3e eb
    0d 4f 82 4a 8a ff 3f 72 ee 96 b5 ae a1 c1 98 ba
    ef 7d 90 75 6d ff 5a 52 9e ab f5 c0 7e d0 87 43
    db 85 07 07 0f 7d 38 7a fd d1 d3 ee 65 1d d3 ea
    39 6a 87 37 ee 4a d3 e0 0d 6e f5 70 ac c2 bd f1
    6e f3 92 95 5e a9 f0 a1 65 95 93 8d 02 03 01 00
    01 a3 7d 30 7b 30 1d 06 03 55 1d 0e 04 16 04 14
    c0 e7 84 bf e8 59 27 33 10 b0 52 4f 51 52 2f 06
    d6 c0 7a cd 30 1f 06 03 55 1d 23 04 18 30 16 80
    14 70 7f 2e ae 83 68 59 98 04 23 2a cd eb 3e 17
    cd 24 dd 01 49 30 09 06 03 55 1d 13 04 02 30 00
    30 13 06 03 55 1d 25 04 0c 30 0a 06 08 2b 06 01
    05 05 07 03 01 30 19 06 03 55 1d 11 04 12 30 10
    82 0e 73 65 72 76 65 72 2e 65 78 61 6d 70 6c 65
    30 0d 06 09 2a 86 48 86 f7 0d 01 01 0b 05 00 03
    82 01 01 00 7b d3 04 43 75 8a 0f 11 ae c4 fb d7
    a1 a2 9e fe 20 18 d5 f4 2f 31 88 46 b6 75 8c ee
    e5 9b 97 a6 b9 a3 cd 60 9a 46 c3 48 97 e5 97 68
    f7 5a 86 35 73 d9 69 9e f9 5f 74 b9 e6 94 13 01
    cb 6a dc e3 c4 04 e9 65 da 9c a4 8b 28 f3 f9 9a
    7f bf 97 1f 45 92 e5 05 b1 56 e6 0b f6 47 de 1e
    89 b6 2b e1 4d df 4a 7e 01 d3 23 dc 97 8c 47 fe
    5f c7 cc 98 46 0e c4 83 5b ca 8a f1 52 09 be 6b
    ec 3f 09 8b d0 93 02 bf e1 51 e7 d1 7e 34 56 19
    74 d0 ff 28 25 de b7 9f 56 52 91 7d 20 29 85 0a
    80 44 5f 71 32 25 71 0f c2 16 e2 5f 6b 1d 3f 32
    5b 0a 3c 74 1c b9 62 f1 ed 07 50 a3 6d b4 b4 31
    0a c0 53 44 6a 3a 88 84 8b 2d a9 b0 37 8e e6 18
    36 bd 9a 20 40 0f 01 92 8b 3d aa 61 e7 ae 2c ed
    36 cd 3a 07 86 74 3a 29 b3 d7 3a b4 00 a9 c2 f5
    92 78 0e e2 0f a3 fe bb be e0 06 53 84 59 1d 90
    69 e5 b6 f9 00 00
<<< TLS 1.2, RecordHeader [length 0005]
    17 03 03 01 19
<<< TLS 1.3, InnerContent [length 0001]
    16
<<< TLS 1.3, Handshake [length 0108], CertificateVerify
    0f 00 01 04 08 04 01 00 92 15 a3 34 fe ff 7f 5d
    6c 41 7c 34 79 f7 1b 3b 72 ab 46 97 6e 06 8d 65
    a9 56 b4 a4 e3 68 8b ce ee 6d e9 d5 d3 29 48 c0
    00 e7 85 5b dc b9 2a ac 40 35 16 77 91 c9 eb 6c
    60 41 8d 6c 04 55 41 67 e8 be 09 52 05 ea bd 01
    45 bd 30 42 50 36 1c 4e a3 da fa 77 89 5d 6d b3
    c5 dc 83 df ab 52 b3 20 5f 17 09 0a 56 71 b6 8e
    2c 6d ab 95 e8 66 45 62 92 db 9b a2 a1 5b 9f 78
    89 3d c3 17 98 59 75 11 bf 2c cd d0 c8 0d 26 75
    ed 42 a0 76 3c 47 01 22 7a 8c ec d2 5d d0 3d e4
    4a 8f ff 96 00 cc 4b 3c 7a 92 65 f8 14 da 1e 80
    5d ba be eb 8d 39 14 6b e6 4b 61 9c a5 e4 0d 0e
    30 8d 37 95 a4 03 34 9e 56 7e 34 11 e5 7d 5a 3a
    dd 55 fd 9b 7e 66 b9 99 1d 28 c1 73 04 d4 d9 e1
    d6 0c bb 8d 23 b7 f8 4e 69 94 23 da 8a 0f 24 45
    57 5c 77 1a ea 18 3c 4e cd 70 0a 74 a4 31 72 0f
    39 ee bb c4 ba 6f d2 e8
<<< TLS 1.2, RecordHeader [length 0005]
    17 03 03 00 45
<<< TLS 1.3, InnerContent [length 0001]
    16
<<< TLS 1.3, Handshake [length 0034], Finished
    14 00 00 30 8b ba de 01 fb 9b e8 7f 54 f2 65 2e
    5a bc 16 86 01 74 92 2e 9e e7 cb ea 0d 26 05 6f
    f4 fd ec 3b 6d 00 7c d8 c3 55 7a cc b5 f3 82 23
    94 18 55 5f
>>> TLS 1.2, RecordHeader [length 0005]
    17 03 03 00 45
>>> TLS 1.2, InnerContent [length 0001]
    16
>>> TLS 1.3, Handshake [length 0034], Finished
    14 00 00 30 62 f4 9a c7 18 e9 0f a7 c8 15 cc 0e
    07 73 fb 64 09 e9 73 8c 82 bf 27 46 2e 00 92 7e
    5e 62 96 4c 7e 32 4b 39 6e 71 89 0e 17 b9 95 ee
    21 30 6f cb
---
Certificate chain
 0 s:CN=server.example
   i:CN=Root CA
   a:PKEY: RSA, 2048 (bit); sigalg: sha256WithRSAEncryption
   v:NotBefore: Jan 14 22:29:46 2016 GMT; NotAfter: Jan 15 22:29:46 2116 GMT
---
Server certificate
-----BEGIN CERTIFICATE-----
MIIDJTCCAg2gAwIBAgIBAjANBgkqhkiG9w0BAQsFADASMRAwDgYDVQQDDAdSb290
IENBMCAXDTE2MDExNDIyMjk0NloYDzIxMTYwMTE1MjIyOTQ2WjAZMRcwFQYDVQQD
DA5zZXJ2ZXIuZXhhbXBsZTCCASIwDQYJKoZIhvcNAQEBBQADggEPADCCAQoCggEB
ANVdYGrf/GHuSKqMEUhDpW22Ul2qmEmxYZI1sfw6BCUMbXn/tNXJ6VwcO+Crs7h9
o95tveDd11q/FEcRQl6mgtBhwX/dE0bmCYUHDvLU/Bpk0gqtIKsga5bwrczEGVNV
3AEdpLPvirRJU12KBRzx3OFEv8XX4ncZV1yXC3XuiENxD8pswbSyUKd3RmxYDxG/
8XYkWq45QrdRZynh0FUwbxfkkeqt+CjCQ2+iZKn7nZiSYkg+6w1PgkqK/z9y7pa1
rqHBmLrvfZB1bf9aUp6r9cB+0IdD24UHBw99OHr90dPuZR3T6jlqhzfuStPgDW71
cKzCvfFu85KVXqnwoWWVk40CAwEAAaN9MHswHQYDVR0OBBYEFMDnhL/oWSczELBS
T1FSLwbWwHrNMB8GA1UdIwQYMBaAFHB/Lq6DaFmYBCMqzes+F80k3QFJMAkGA1Ud
EwQCMAAwEwYDVR0lBAwwCgYIKwYBBQUHAwEwGQYDVR0RBBIwEIIOc2VydmVyLmV4
YW1wbGUwDQYJKoZIhvcNAQELBQADggEBAHvTBEN1ig8RrsT716Ginv4gGNX0LzGI
RrZ1jO7lm5emuaPNYJpGw0iX5Zdo91qGNXPZaZ75X3S55pQTActq3OPEBOll2pyk
iyjz+Zp/v5cfRZLlBbFW5gv2R94eibYr4U3fSn4B0yPcl4xH/l/HzJhGDsSDW8qK
8VIJvmvsPwmL0JMCv+FR59F+NFYZdND/KCXet59WUpF9ICmFCoBEX3EyJXEPwhbi
X2sdPzJbCjx0HLli8e0HUKNttLQxCsBTRGo6iISLLamwN47mGDa9miBADwGSiz2q
YeeuLO02zToHhnQ6KbPXOrQAqcL1kngO4g+j/ru+4AZThFkdkGnltvk=
-----END CERTIFICATE-----
subject=CN=server.example
issuer=CN=Root CA
---
No client certificate CA names sent
Peer signing digest: SHA256
Peer signature type: rsa_pss_rsae_sha256
Negotiated TLS1.3 group: X25519MLKEM768
---
SSL handshake has read 2546 bytes and written 1702 bytes
Verification error: unable to verify the first certificate
---
New, TLSv1.3, Cipher is TLS_AES_256_GCM_SHA384
Protocol: TLSv1.3
Server public key is 2048 bit
This TLS version forbids renegotiation.
Compression: NONE
Expansion: NONE
No ALPN negotiated
Early data was not sent
Verify return code: 21 (unable to verify the first certificate)
---
>>> TLS 1.2, RecordHeader [length 0005]
    17 03 03 00 13
>>> TLS 1.2, InnerContent [length 0001]
    15
>>> TLS 1.3, Alert [length 0002], warning close_notify
    01 00
Connecting to 127.0.0.1
SSL_connect:before SSL initialization
SSL_connect:SSLv3/TLS write client hello
SSL_connect:SSLv3/TLS write client hello
SSL_connect:SSLv3/TLS read server hello
SSL_connect:SSLv3/TLS write change cipher spec
SSL_connect:SSLv3/TLS write client hello
SSL_connect:SSLv3/TLS write client hello
SSL_connect:SSLv3/TLS read server hello
Can't use SSL_get_servername
SSL_connect:TLSv1.3 read encrypted extensions
depth=0 CN=server.example
verify error:num=20:unable to get local issuer certificate
verify return:1
depth=0 CN=server.example
verify error:num=21:unable to verify the first certificate
verify return:1
depth=0 CN=server.example
verify return:1
SSL_connect:SSLv3/TLS read server certificate
SSL_connect:TLSv1.3 read server certificate verify
SSL_connect:SSLv3/TLS read finished
SSL_connect:SSLv3/TLS write finished
DONE
SSL3 alert write:warning:close notify
