CONNECTED(00000003)
>>> TLS 1.0, RecordHeader [length 0005]
    16 03 01 00 d6
>>> TLS 1.3, Handshake [length 00d6], ClientHello
    01 00 00 d2 03 03 d5 7d ae 17 5b 69 99 21 e5 b9
    f3 17 72 af 1e 64 ab e2 a6 40 b2 5d 29 fe 12 18
    d2 b1 a6 de 54 da 20 a4 13 a2 df 74 15 17 33 f8
    b1 8c 44 6e 7a e4 f2 be dc 90 19 3a 37 53 2e 35
    41 76 4b a2 b6 3c 4a 00 06 13 02 13 03 13 01 01
    00 00 83 00 0b 00 04 03 00 01 02 00 0a 00 06 00
    04 00 1d 11 ec 00 23 00 00 00 16 00 00 00 17 00
    00 00 0d 00 2a 00 28 09 05 09 06 09 04 04 03 05
    03 06 03 08 07 08 08 08 1a 08 1b 08 1c 08 09 08
    0a 08 0b 08 04 08 05 08 06 04 01 05 01 06 01 00
    2b 00 03 02 03 04 00 2d 00 02 01 01 00 33 00 26
    00 24 00 1d 00 20 05 14 35 04 45 39 78 22 23 84
    06 01 57 c9 17 fe 95 6c 0a 85 99 73 9a fd 0d 22
    c6 8c 36 27 75 39
<<< TLS 1.2, RecordHeader [length 0005]
    16 03 03 00 58
<<< TLS 1.3, Handshake [length 0058], ServerHello
    02 00 00 54 03 03 cf 21 ad 74 e5 9a 61 11 be 1d
    8c 02 1e 65 b8 91 c2 a2 11 16 7a bb 8c 5e 07 9e
    09 e2 c8 a8 33 9c 20 a4 13 a2 df 74 15 17 33 f8
    b1 8c 44 6e 7a e4 f2 be dc 90 19 3a 37 53 2e 35
    41 76 4b a2 b6 3c 4a 13 02 00 00 0c 00 2b 00 02
    03 04 00 33 00 02 11 ec
>>> TLS 1.2, RecordHeader [length 0005]
    14 03 03 00 01
>>> TLS 1.3, ChangeCipherSpec [length 0001]
    01
>>> TLS 1.2, RecordHeader [length 0005]
    16 03 03 05 76
>>> TLS 1.3, Handshake [length 0576], ClientHello
    01 00 05 72 03 03 d5 7d ae 17 5b 69 99 21 e5 b9
    f3 17 72 af 1e 64 ab e2 a6 40 b2 5d 29 fe 12 18
    d2 b1 a6 de 54 da 20 a4 13 a2 df 74 15 17 33 f8
    b1 8c 44 6e 7a e4 f2 be dc 90 19 3a 37 53 2e 35
    41 76 4b a2 b6 3c 4a 00 06 13 02 13 03 13 01 01
    00 05 23 00 0b 00 04 03 00 01 02 00 0a 00 06 00
    04 00 1d 11 ec 00 23 00 00 00 16 00 00 00 17 00
    00 00 0d 00 2a 00 28 09 05 09 06 09 04 04 03 05
    03 06 03 08 07 08 08 08 1a 08 1b 08 1c 08 09 08
    0a 08 0b 08 04 08 05 08 06 04 01 05 01 06 01 00
    2b 00 03 02 03 04 00 2d 00 02 01 01 00 33 04 c6
    04 c4 11 ec 04 c0 40 94 69 af 41 bd a6 80 3f c9
    62 c9 b0 a5 2f b4 c7 cf 1c 46 6e 24 a8 98 8c e9
    39 34 55 42 0c b8 9c f7 e5 66 dd 2a c3 60 f6 33
    fc dc 94 31 1c 1d 91 51 28 28 71 12 bb cc 49 ac
    57 c7 af 60 93 d7 23 4a 15 c7 4b fd 85 30 e7 1c
    41 bb d4 47 48 c4 b5 9e 5c 53 73 b1 57 1e 79 3d
    3b 82 4e 7e aa c8 3c 0c 5e f8 27 0c 34 73 18 d4
    cc 25 6b 61 cd 71 29 b3 5d 6c 5b b3 0c 32 ad 53
    30 72 12 8a 7c 68 a1 e3 dc b1 26 39 26 3d 07 43
    42 1c 40 d0 b2 b7 d9 7c 9c 81 20 88 62 3b a9 65
    b0 47 c3 16 10 21 92 9d 86 ba 3a a3 84 16 4f c1
    6c a7 87 2b a8 d4 84 0a 24 26 6c 35 7c ea 37 13
    57 10 12 76 65 67 85 90 c4 3f e8 3e 3b 58 10 fc
    a1 a4 ad 37 76 c2 3a b0 0e 68 5e 20 ea 66 e3 4c
    39 c9 44 a9 c4 89 ac f6 cb b2 8e 6c 40 b6 02 54
    3c 36 cf 0d 62 38 b4 71 13 8f b7 14 d4 d5 52 2e
    50 96 a4 c9 89 4b 07 88 85 0b c3 01 b3 18 e6 da
    bf 75 ec 4c 13 c7 9f a2 32 6f 66 81 0e c4 75 6c
    a1 a4 2f 36 21 cb 61 ba 07 9d 32 59 0a 70 a3 1b
    41 35 b7 87 9c 6e f9 07 72 d5 7f e6 e8 30 77 53
    9a e1 eb 2b 53 07 82 2d f4 75 ef a1 bc 4f 51 3e
    ea 49 7f 79 74 a4 a1 d6 2b bb 87 16 29 f5 58 ad
    c5 54 1e c3 80 6d 01 00 d9 57 a2 ef 88 81 3c fa
    51 40 45 79 f6 2a 14 4b 63 77 15 97 32 01 cc 4b
    c8 00 21 f9 1a 38 1b 8a ba e0 b3 cc 84 39 04 f6
    8b 29 85 63 b7 32 97 bb 63 22 96 26 81 92 65 c5
    b2 db 63 b5 de d9 b8 25 03 66 ac 17 7c 9b f7 ca
    ee 10 9c 3f 51 a5 c2 02 25 6e 05 71 ca 58 c8 ef
    e3 78 eb 9c 76 62 ab 54 65 90 34 c3 eb b0 8a f1
    8e 35 05 ce 98 8b 67 b0 f8 8c 17 d3 48 10 f2 1b
    87 ea 42 c4 51 3e 49 87 75 af 21 6a 4f b5 c6 7f
    27 93 bf c2 90 8f 28 7c ed b4 ae d4 80 29 59 2c
    b1 c7 13 65 14 31 b4 9b b3 18 e8 19 7c df 63 ad
    27 2a 53 a2 f1 87 68 07 61 64 eb b7 06 73 b3 33
    c0 72 e9 15 21 e2 a4 55 b3 80 49 50 d9 9d eb e6
    8c 06 04 86 e0 e5 4f c7 85 3f c5 60 42 53 35 60
    12 ea 20 46 6b 7b 05 ca 64 3b bb 2c 41 fa 18 96
    a6 64 0c 64 c4 41 e3 42 28 79 84 a5 3a 63 c1 a5
    01 b9 37 92 1f c2 6e bf d8 5f 18 52 a3 84 bc 5a
    8c 02 6c b9 92 00 c0 83 5c 86 ea 0a 7c 55 54 86
    b3 6d 48 32 68 09 a5 cd 6d 4b bb df 07 0e e5 27
    2e 5a 39 3c c0 c9 85 cb ba 1e 25 3c 56 da e9 65
    7b a5 01 91 48 2d c1 d1 34 f8 d3 c3 69 13 7b bc
    fc 79 81 c8 af 62 ea 8d 1e bb 28 4a e4 30 0d c0
    20 99 6a bd bc 4c 88 4d d5 63 e8 f2 51 d8 d5 b7
    bf a7 75 ef f2 69 10 e7 88 d4 37 71 2d 50 56 a0
    46 c0 63 a9 3a 19 1b 84 b1 0a 8a 11 14 b4 42 03
    72 b0 d7 9f 0d ba a5 30 b5 0e 30 06 b5 4c 00 56
    fa d6 9f 18 46 b3 42 20 01 51 88 bf ba 45 85 4d
    a9 bb 1a 99 ab e5 f9 5a b4 71 91 1b 93 1d 2e c7
    2f 5f f6 49 5b 6a 8f 46 54 19 a9 54 86 3b 57 42
    a0 d6 c7 bc 35 6b 9b fc a3 0c e1 8f 61 db 79 58
    1c 11 95 b7 95 62 33 92 b6 02 6a de 41 03 c9 d7
    3c cd d0 1a 53 a1 c5 96 a7 62 9a 2a 0b 25 0b 40
    45 f3 3a da e9 25 65 34 c2 2c 52 06 a7 f0 0c 34
    24 3e e3 81 47 f0 73 c6 ed c7 01 21 a6 3d 5f 86
    a9 38 96 49 3a 86 42 87 0b cb 6f 55 0d 7f 83 89
    5c 73 5c ff 22 4c ed a1 04 8a 80 7b 66 09 9a 8f
    48 9c 9a d8 b5 42 cc 55 01 76 2f 95 25 20 0a 05
    00 35 da 34 eb d2 ae fa 91 30 29 48 92 0a 78 92
    a9 b6 2c 55 31 3d fb 17 8c 4d d9 ba 7b 58 1e ef
    43 04 8e 91 20 91 a2 ce 5c f0 38 9a 59 cc 9b f1
    4e 20 31 67 c4 7a c6 f8 3a 30 f9 aa 41 20 aa 83
    6c 07 26 f3 40 a7 3b e6 27 d9 87 b6 42 08 28 9b
    d2 4b 61 06 98 f0 cb ba ee b4 06 9c d7 29 d3 68
    04 56 e2 1e ee 37 07 1e ec 4a 4b 10 6b 1e c1 77
    d6 f4 be dd 02 60 f7 aa 22 53 7b 4a fd 8a 0d 11
    61 a7 b5 23 6d 11 20 c8 89 d6 b5 25 41 09 e8 58
    1b 27 b2 25 ac 64 b2 ae 26 2d 64 e5 11 e8 c6 0e
    ba 69 52 74 fc 94 b3 20 b7 45 11 3d 1a e3 46 e7
    80 bb 80 c0 9d 98 39 2f 81 ba 2d 7e cc 0a 16 c4
    a1 1e fc 25 e8 15 08 a4 60 39 29 fa 4c 68 c0 31
    09 b8 12 01 29 74 2a 27 88 03 a8 43 07 a4 58 ce
    dd 45 0a 68 51 a9 4c 77 93 04 15 ea 35 d4 74 e3
    f4 43 9d a0 4f 04 9b c9 18 98 39 02 68 ad 35 d4
    5b 4c 4a 23 3a d0 4d 71 45 4c e7 68 80 05 3e 7a
    dd d0 48 69 30 73
<<< TLS 1.2, RecordHeader [length 0005]
    14 03 03 00 01
<<< TLS 1.3, ChangeCipherSpec [length 0001]
    01
<<< TLS 1.2, RecordHeader [length 0005]
    16 03 03 04 ba
<<< TLS 1.3, Handshake [length 04ba], ServerHello
    02 00 04 b6 03 03 74 19 f9 4f e3 04 1d 13 c6 a7
    d3 64 4e bf 66 10 f2 57 a5 5b 96 55 57 12 07 0d
    0b 58 3f 77 9b 68 20 a4 13 a2 df 74 15 17 33 f8
    b1 8c 44 6e 7a e4 f2 be dc 90 19 3a 37 53 2e 35
    41 76 4b a2 b6 3c 4a 13 02 00 04 6e 00 2b 00 02
    03 04 00 33 04 64 11 ec 04 60 af 27 63 96 af f0
    cd b7 52 a8 6b 3d a5 d6 d3 fd 4c b5 ae 73 f3 5d
    60 f8 7d 6b 9c 1a 57 9f 35 38 b0 8b cf 47 aa 22
    a7 9e 96 26 76 b3 5b 74 1d f2 87 ef b5 d6 c1 2f
    01 46 7b 0e aa f8 76 dc dc af 22 48 3b 01 d1 b8
    00 a8 ce b1 af 99 9a ef 90 4a 37 99 22 22 5c b6
    db 31 22 cd 0a d8 6e c5 bb 2a 1a eb 4a e8 be 47
    27 05 4c 69 d0 25 dd 89 48 54 a2 1d d2 12 81 c8
    55 23 ad 46 d9 1a c9 f3 41 42 90 eb e4 ad db 17
    25 4a 7c 9f 23 cd f9 e8 8c 86 d9 fc 10 59 ae 6f
    66 a8 98 9e 31 1c 8a a8 fd ab 52 74 6f e8 5e 27
    b3 cb df da ec 6b b8 24 db 15 dc 8d e2 82 17 87
    24 16 8f 5e f1 7d 3e 34 07 ab 9c 47 69 f1 f2 7c
    8f c8 e4 42 df e3 d1 3c 53 77 64 29 a8 89 b8 aa
    11 2b f6 b1 54 60 a0 9e f3 57 5b b7 85 42 52 1f
    2f 10 9a 32 7e 4f 11 49 c1 bd d7 2c 27 0d 3c b5
    31 75 a6 87 7a 39 ba 2a a0 4b 52 68 a1 2f 8c b6
    90 42 cb f2 a2 4a c8 cb d2 bb fe 2b 8c d8 76 f4
    5a 10 ee 7b 8e cf 27 a9 47 69 33 5a ce df 0c eb
    13 42 1c 88 8b d5 b7 a4 9a 0a 4a 74 7e c2 5a 27
    b7 6f 99 fc 6b e0 70 bb b6 c9 cc 8a 0a f3 76 49
    25 be c3 80 73 e6 ff 21 9c 98 e0 16 9a b9 e4 ff
    db 7f 13 e4 96 25 4d f2 a5 d0 91 fd a7 0a fa 23
    40 a5 cb 61 d4 89 31 1a 7f 27 89 42 3c 58 a7 d9
    be b2 58 b2 01 cb b1 9f 79 4e 31 de 96 ca 21 96
    01 dc 07 6d dc 9e fa 56 d3 98 72 2b c9 ef 15 a2
    f9 32 a0 dd 12 96 a4 9d 2d 37 09 af 6d 06 1d dd
    cd 18 77 82 93 5d bb d0 a3 5b 78 33 0b 20 d7 38
    b5 08 52 c5 0d 4c cb 7d 93 4a 93 93 87 40 39 9f
    5d bc 11 04 aa 92 e2 4f a7 e6 07 5d 5c 46 2c 3e
    9a 23 4d 7f 20 66 00 49 5c c8 bc 31 f7 1a e3 1a
    98 21 1c 47 2f 05 75 ff bb 1e 83 63 45 01 f8 51
    f9 04 53 46 fd 1c 8c ed ea de dd d7 dd 1d a7 8b
    0d 2d e4 bd 94 87 69 be a6 37 7d f4 f2 53 97 64
    e4 53 1d f8 05 60 94 da 3a fc 0b 5a 52 12 b0 f1
    c9 28 04 91 d1 6d 86 c7 7e 8b bc a7 3d b1 b9 01
    29 36 42 fe cf 32 9f 70 a2 7a cc 35 d1 4c 68 fd
    d1 7b ac 00 2a 9c f9 bc 9d 98 8b 3b f0 51 5c 61
    cf 5e 0a 94 82 9c 12 44 59 2c fc 94 69 53 04 87
    ef ab 80 d4 95 b7 2d 3d 60 2a 52 52 fa d2 aa 5c
    c5 72 5c a4 ee 09 45 37 3f 93 c0 82 42 9e e2 c8
    9c 5a 59 3e 9b b3 79 f3 7c 6d 04 b1 5c b2 f5 bb
    42 1a 4f 4e c3 01 24 82 62 5c 01 12 06 5c a0 02
    35 80 19 85 c2 92 7f d3 22 26 88 2f 40 bb 4f 46
    6a 10 52 ba 7d 73 9c 44 49 f0 67 1d 4e 83 fd 04
    09 7b 2f a0 cd a0 de fb 7d ee 3b 76 d8 9a cd 6e
    79 6f c3 bf a5 b0 71 f6 6a 74 f6 27 1f 14 93 88
    aa e6 0c 12 bd 14 51 4c cf 08 37 61 42 60 56 1c
    1b e7 bb 97 2f 17 aa 41 a2 cc 2c 93 3c 4a 24 42
    a3 36 0c 45 4e fd 03 01 57 3b 5d 2a f6 83 6a 72
    b0 04 37 12 33 22 d3 95 cf 0d 12 20 87 3a 8b 31
    ef 51 0c 04 5e e5 b2 a1 9f 84 57 b2 63 4d e5 2b
    3b 99 cc 60 64 ae ab 38 56 dc 86 bf c1 dd 6e 81
    6e e8 bb 8f 0d 7e 3c 77 79 6a c9 be 75 60 1f 36
    f7 43 f3 a2 32 15 f0 94 75 fc 61 f2 7c e9 51 2f
    b6 a8 8d e7 ce ab e0 3f b7 b4 b2 27 ce 21 b1 a8
    f1 c6 5c 76 4d 5c 13 e1 b1 9d 25 f6 b8 d5 bb cc
    b0 d1 9b 6b e8 25 40 88 34 a3 dd ad b4 ea c0 40
    23 46 a6 4e 07 9b 07 3d cb b1 82 d4 7f fe 82 3d
    c2 05 b5 24 84 6a 30 1d 38 19 b0 3e 18 b7 cf 36
    cd f2 12 d1 7c c9 4d a4 53 ad 34 d3 36 29 6b 49
    7b 84 f0 09 9e 28 71 71 a8 7e 07 28 56 92 5d c0
    3d 80 4f 40 9f 98 c4 80 22 08 86 a1 e8 c7 42 aa
    2c 7c 2d 6d c5 5d 19 47 6f 6f a2 c7 99 a5 fd f0
    88 9a 15 61 bd 57 14 72 b9 00 fc 60 81 a1 a4 d7
    f3 92 9f 47 e8 a8 95 5e 57 3a 92 e3 db f3 3b 0a
    85 82 9b ef 41 c8 bd 67 65 ee d9 f0 15 c3 a1 07
    2c 34 ba 86 ee ab 82 aa d5 30 f9 80 60 5d ce 5c
    35 e3 45 e8 3f 00 3e 93 15 40 4c f6 80 56 f9 a0
    22 89 cc 10 d3 7d 89 d4 ca 38 c0 68 b2 01 7d aa
    98 3f 27 da 20 60 cc 25 77 01
<<< TLS 1.2, RecordHeader [length 0005]
    17 03 03 00 17
<<< TLS 1.3, InnerContent [length 0001]
    16
<<< TLS 1.3, Handshake [length 0006], EncryptedExtensions
    08 00 00 02 00 00
<<< TLS 1.2, RecordHeader [length 0005]
    17 03 03 03 47
<<< TLS 1.3, InnerContent [length 0001]
    16
<<< TLS 1.3, Handshake [length 0336], Certificate
    0b 00 03 32 00 00 03 2e 00 03 29 30 82 03 25 30
    82 02 0d a0 03 02 01 02 02 01 02 30 0d 06 09 2a
    86 48 86 f7 0d 01 01 0b 05 00 30 12 31 10 30 0e
    06 03 55 04 03 0c 07 52 6f 6f 74 20 43 41 30 20
    17 0d 31 36 30 31 31 34 32 32 32 39 34 36 5a 18
    0f 32 31 31 36 30 31 31 35 32 32 32 39 34 36 5a
    30 19 31 17 30 15 06 03 55 04 03 0c 0e 73 65 72
    76 65 72 2e 65 78 61 6d 70 6c 65 30 82 01 22 30
    0d 06 09 2a 86 48 86 f7 0d 01 01 01 05 00 03 82
    01 0f 00 30 82 01 0a 02 82 01 01 00 d5 5d 60 6a
    df fc 61 ee 48 aa 8c 11 48 43 a5 6d b6 52 5d aa
    98 49 b1 61 92 35 b1 fc 3a 04 25 0c 6d 79 ff b4
    d5 c9 e9 5c 1c 3b e0 ab b3 b8 7d a3 de 6d bd e0
    dd d7 5a bf 14 47 11 42 5e a6 82 d0 61 c1 7f dd
    13 46 e6 09 85 07 0e f2 d4 fc 1a 64 d2 0a ad 20
    ab 20 6b 96 f0 ad cc c4 19 53 55 dc 01 1d a4 b3
    ef 8a b4 49 53 5d 8a 05 1c f1 dc e1 44 bf c5 d7
    e2 77 19 57 5c 97 0b 75 ee 88 43 71 0f ca 6c c1
    b4 b2 50 a7 77 46 6c 58 0f 11 bf f1 76 24 5a ae
    39 42 b7 51 67 29 e1 d0 55 30 6f 17 e4 91 ea ad
    f8 28 c2 43 6f a2 64 a9 fb 9d 98 92 62 48 3e eb
    0d 4f 82 4a 8a ff 3f 72 ee 96 b5 ae a1 c1 98 ba
    ef 7d 90 75 6d ff 5a 52 9e ab f5 c0 7e d0 87 43
    db 85 07 07 0f 7d 38 7a fd d1 d3 ee 65 1d d3 ea
    39 6a 87 37 ee 4a d3 e0 0d 6e f5 70 ac c2 bd f1
    6e f3 92 95 5e a9 f0 a1 65 95 93 8d 02 03 01 00
    01 a3 7d 30 7b 30 1d 06 03 55 1d 0e 04 16 04 14
    c0 e7 84 bf e8 59 27 33 10 b0 52 4f 51 52 2f 06
    d6 c0 7a cd 30 1f 06 03 55 1d 23 04 18 30 16 80
    14 70 7f 2e ae 83 68 59 98 04 23 2a cd eb 3e 17
    cd 24 dd 01 49 30 09 06 03 55 1d 13 04 02 30 00
    30 13 06 03 55 1d 25 04 0c 30 0a 06 08 2b 06 01
    05 05 07 03 01 30 19 06 03 55 1d 11 04 12 30 10
    82 0e 73 65 72 76 65 72 2e 65 78 61 6d 70 6c 65
    30 0d 06 09 2a 86 48 86 f7 0d 01 01 0b 05 00 03
    82 01 01 00 7b d3 04 43 75 8a 0f 11 ae c4 fb d7
    a1 a2 9e fe 20 18 d5 f4 2f 31 88 46 b6 75 8c ee
    e5 9b 97 a6 b9 a3 cd 60 9a 46 c3 48 97 e5 97 68
    f7 5a 86 35 73 d9 69 9e f9 5f 74 b9 e6 94 13 01
    cb 6a dc e3 c4 04 e9 65 da 9c a4 8b 28 f3 f9 9a
    7f bf 97 1f 45 92 e5 05 b1 56 e6 0b f6 47 de 1e
    89 b6 2b e1 4d df 4a 7e 01 d3 23 dc 97 8c 47 fe
    5f c7 cc 98 46 0e c4 83 5b ca 8a f1 52 09 be 6b
    ec 3f 09 8b d0 93 02 bf e1 51 e7 d1 7e 34 56 19
    74 d0 ff 28 25 de b7 9f 56 52 91 7d 20 29 85 0a
    80 44 5f 71 32 25 71 0f c2 16 e2 5f 6b 1d 3f 32
    5b 0a 3c 74 1c b9 62 f1 ed 07 50 a3 6d b4 b4 31
    0a c0 53 44 6a 3a 88 84 8b 2d a9 b0 37 8e e6 18
    36 bd 9a 20 40 0f 01 92 8b 3d aa 61 e7 ae 2c ed
    36 cd 3a 07 86 74 3a 29 b3 d7 3a b4 00 a9 c2 f5
    92 78 0e e2 0f a3 fe bb be e0 06 53 84 59 1d 90
    69 e5 b6 f9 00 00
<<< TLS 1.2, RecordHeader [length 0005]
    17 03 03 01 19
<<< TLS 1.3, InnerContent [length 0001]
    16
<<< TLS 1.3, Handshake [length 0108], CertificateVerify
    0f 00 01 04 08 04 01 00 7d fe e7 35 62 08 90 17
    97 72 d9 3c 22 36 33 2b c6 6c 38 bf ec 99 ae dc
    c8 2b 49 77 fc 92 a8 54 c2 43 23 bd ed c0 6f 9c
    fb db 70 a8 5a f6 8b 75 2e 55 67 2b 0f af 87 38
    88 0e 90 70 08 8c 18 36 be d0 f4 01 f2 9b 50 2a
    75 38 c6 d4 8c a4 38 b8 f5 4b 4b 4b df 40 ba 8b
    84 be aa 5b 43 2d 3f 63 fd 92 f4 c4 61 e6 75 7a
    e9 17 4c e6 2a 6b 33 ce 17 77 08 30 37 ea 0b 7a
    6c 40 f8 60 16 80 ff 24 9c 5c 23 91 fd 83 70 7b
    78 dc e5 fe 35 a3 af af b9 d0 90 9b 23 e4 f0 07
    7d 1c eb b7 91 ac a8 58 97 27 a0 7c 6e cc e9 95
    8a 69 1b 40 8a de 98 47 95 fa c5 6e e3 60 c1 c5
    18 4f 7a 11 4a b4 33 78 62 b3 d3 e1 5a ad b0 b3
    8a 79 2f 83 d8 5e 6b 42 20 f1 7d 5a a8 26 da 51
    e0 57 ce 36 61 d1 bf a3 02 b5 51 d5 bf 9e d3 36
    35 fb 4d 4f d5 e0 8a 35 ea af 02 0c 35 e0 5e d8
    dd 01 c6 a8 c6 e3 62 ab
<<< TLS 1.2, RecordHeader [length 0005]
    17 03 03 00 45
<<< TLS 1.3, InnerContent [length 0001]
    16
<<< TLS 1.3, Handshake [length 0034], Finished
    14 00 00 30 6e d8 c8 1b 8b 21 c5 98 8d 10 9f 38
    05 f3 05 6b 5b 4b 25 38 1b 98 e0 a3 30 2c 25 99
    c7 45 e3 9d c3 67 bf e2 71 64 23 06 29 0d 5e af
    00 3b ad 9e
>>> TLS 1.2, RecordHeader [length 0005]
    17 03 03 00 45
>>> TLS 1.2, InnerContent [length 0001]
    16
>>> TLS 1.3, Handshake [length 0034], Finished
    14 00 00 30 e8 28 75 2f 16 bf 3d 4b 64 76 42 c3
    7a 68 b5 25 bc a2 ac 8d c5 ea c0 b9 12 dc d1 e3
    c3 62 43 38 81 93 32 1b 08 ef 66 1c ab ea b9 5d
    94 7f fb d0
---
Certificate chain
 0 s:CN=server.example
   i:CN=Root CA
   a:PKEY: RSA, 2048 (bit); sigalg: sha256WithRSAEncryption
   v:NotBefore: Jan 14 22:29:46 2016 GMT; NotAfter: Jan 15 22:29:46 2116 GMT
---
Server certificate
-----BEGIN CERTIFICATE-----
MIIDJTCCAg2gAwIBAgIBAjANBgkqhkiG9w0BAQsFADASMRAwDgYDVQQDDAdSb290
IENBMCAXDTE2MDExNDIyMjk0NloYDzIxMTYwMTE1MjIyOTQ2WjAZMRcwFQYDVQQD
DA5zZXJ2ZXIuZXhhbXBsZTCCASIwDQYJKoZIhvcNAQEBBQADggEPADCCAQoCggEB
ANVdYGrf/GHuSKqMEUhDpW22Ul2qmEmxYZI1sfw6BCUMbXn/tNXJ6VwcO+Crs7h9
o95tveDd11q/FEcRQl6mgtBhwX/dE0bmCYUHDvLU/Bpk0gqtIKsga5bwrczEGVNV
3AEdpLPvirRJU12KBRzx3OFEv8XX4ncZV1yXC3XuiENxD8pswbSyUKd3RmxYDxG/
8XYkWq45QrdRZynh0FUwbxfkkeqt+CjCQ2+iZKn7nZiSYkg+6w1PgkqK/z9y7pa1
rqHBmLrvfZB1bf9aUp6r9cB+0IdD24UHBw99OHr90dPuZR3T6jlqhzfuStPgDW71
cKzCvfFu85KVXqnwoWWVk40CAwEAAaN9MHswHQYDVR0OBBYEFMDnhL/oWSczELBS
T1FSLwbWwHrNMB8GA1UdIwQYMBaAFHB/Lq6DaFmYBCMqzes+F80k3QFJMAkGA1Ud
EwQCMAAwEwYDVR0lBAwwCgYIKwYBBQUHAwEwGQYDVR0RBBIwEIIOc2VydmVyLmV4
YW1wbGUwDQYJKoZIhvcNAQELBQADggEBAHvTBEN1ig8RrsT716Ginv4gGNX0LzGI
RrZ1jO7lm5emuaPNYJpGw0iX5Zdo91qGNXPZaZ75X3S55pQTActq3OPEBOll2pyk
iyjz+Zp/v5cfRZLlBbFW5gv2R94eibYr4U3fSn4B0yPcl4xH/l/HzJhGDsSDW8qK
8VIJvmvsPwmL0JMCv+FR59F+NFYZdND/KCXet59WUpF9ICmFCoBEX3EyJXEPwhbi
X2sdPzJbCjx0HLli8e0HUKNttLQxCsBTRGo6iISLLamwN47mGDa9miBADwGSiz2q
YeeuLO02zToHhnQ6KbPXOrQAqcL1kngO4g+j/ru+4AZThFkdkGnltvk=
-----END CERTIFICATE-----
subject=CN=server.example
issuer=CN=Root CA
---
No client certificate CA names sent
Peer signing digest: SHA256
Peer signature type: rsa_pss_rsae_sha256
Negotiated TLS1.3 group: X25519MLKEM768
---
SSL handshake has read 2546 bytes and written 1702 bytes
Verification error: unable to verify the first certificate
---
New, TLSv1.3, Cipher is TLS_AES_256_GCM_SHA384
Protocol: TLSv1.3
Server public key is 2048 bit
This TLS version forbids renegotiation.
Compression: NONE
Expansion: NONE
No ALPN negotiated
Early data was not sent
Verify return code: 21 (unable to verify the first certificate)
---
>>> TLS 1.2, RecordHeader [length 0005]
    17 03 03 00 13
>>> TLS 1.2, InnerContent [length 0001]
    15
>>> TLS 1.3, Alert [length 0002], warning close_notify
    01 00
Connecting to 127.0.0.1
SSL_connect:before SSL initialization
SSL_connect:SSLv3/TLS write client hello
SSL_connect:SSLv3/TLS write client hello
SSL_connect:SSLv3/TLS read server hello
SSL_connect:SSLv3/TLS write change cipher spec
SSL_connect:SSLv3/TLS write client hello
SSL_connect:SSLv3/TLS write client hello
SSL_connect:SSLv3/TLS read server hello
Can't use SSL_get_servername
SSL_connect:TLSv1.3 read encrypted extensions
depth=0 CN=server.example
verify error:num=20:unable to get local issuer certificate
verify return:1
depth=0 CN=server.example
verify error:num=21:unable to verify the first certificate
verify return:1
depth=0 CN=server.example
verify return:1
SSL_connect:SSLv3/TLS read server certificate
SSL_connect:TLSv1.3 read server certificate verify
SSL_connect:SSLv3/TLS read finished
SSL_connect:SSLv3/TLS write finished
DONE
SSL3 alert write:warning:close notify
