CONNECTED(00000003)
>>> TLS 1.0, RecordHeader [length 0005]
    16 03 01 00 d6
>>> TLS 1.3, Handshake [length 00d6], ClientHello
    01 00 00 d2 03 03 89 35 43 9b e9 1f 85 dd 83 8e
    bf 4e 36 62 4b db 9e cd a2 ae 79 da 25 8e 85 7c
    f6 e8 00 b8 2c 75 20 57 e5 b2 bd 83 3f bb f9 73
    50 c0 3a 9d 41 f4 bc 1c 28 ff 37 e2 13 c0 f0 3b
    b6 f4 45 7e 24 90 40 00 06 13 02 13 03 13 01 01
    00 00 83 00 0b 00 04 03 00 01 02 00 0a 00 06 00
    04 00 1d 11 ec 00 23 00 00 00 16 00 00 00 17 00
    00 00 0d 00 2a 00 28 09 05 09 06 09 04 04 03 05
    03 06 03 08 07 08 08 08 1a 08 1b 08 1c 08 09 08
    0a 08 0b 08 04 08 05 08 06 04 01 05 01 06 01 00
    2b 00 03 02 03 04 00 2d 00 02 01 01 00 33 00 26
    00 24 00 1d 00 20 a3 95 58 b7 1f 5a 28 8c 9d 1b
    48 33 84 fb d7 dc fb d6 5c 18 05 f7 00 07 e3 6c
    6d 9f bc 2e 48 28
<<< TLS 1.2, RecordHeader [length 0005]
    16 03 03 00 58
<<< TLS 1.3, Handshake [length 0058], ServerHello
    02 00 00 54 03 03 cf 21 ad 74 e5 9a 61 11 be 1d
    8c 02 1e 65 b8 91 c2 a2 11 16 7a bb 8c 5e 07 9e
    09 e2 c8 a8 33 9c 20 57 e5 b2 bd 83 3f bb f9 73
    50 c0 3a 9d 41 f4 bc 1c 28 ff 37 e2 13 c0 f0 3b
    b6 f4 45 7e 24 90 40 13 02 00 00 0c 00 2b 00 02
    03 04 00 33 00 02 11 ec
>>> TLS 1.2, RecordHeader [length 0005]
    14 03 03 00 01
>>> TLS 1.3, ChangeCipherSpec [length 0001]
    01
>>> TLS 1.2, RecordHeader [length 0005]
    16 03 03 05 76
>>> TLS 1.3, Handshake [length 0576], ClientHello
    01 00 05 72 03 03 89 35 43 9b e9 1f 85 dd 83 8e
    bf 4e 36 62 4b db 9e cd a2 ae 79 da 25 8e 85 7c
    f6 e8 00 b8 2c 75 20 57 e5 b2 bd 83 3f bb f9 73
    50 c0 3a 9d 41 f4 bc 1c 28 ff 37 e2 13 c0 f0 3b
    b6 f4 45 7e 24 90 40 00 06 13 02 13 03 13 01 01
    00 05 23 00 0b 00 04 03 00 01 02 00 0a 00 06 00
    04 00 1d 11 ec 00 23 00 00 00 16 00 00 00 17 00
    00 00 0d 00 2a 00 28 09 05 09 06 09 04 04 03 05
    03 06 03 08 07 08 08 08 1a 08 1b 08 1c 08 09 08
    0a 08 0b 08 04 08 05 08 06 04 01 05 01 06 01 00
    2b 00 03 02 03 04 00 2d 00 02 01 01 00 33 04 c6
    04 c4 11 ec 04 c0 fd 00 5f 59 4b 62 a4 e5 88 bb
    34 5f f5 61 8b 57 7a 1b 7f 12 11 fd 7a 29 27 2a
    31 3c ac 0b b1 68 a3 e7 30 2e 34 f9 24 ef 8b 4b
    65 36 53 ae 26 9e 31 7a 21 73 65 8d bf 85 14 c3
    24 bb 4c 85 36 97 42 41 25 74 75 e5 31 74 30 0c
    3b bb 92 0c fc 31 5f b4 cb 40 bd 9b 1c 41 45 02
    72 b0 1f ac 18 27 c0 e0 5c db c9 05 4b 63 0a 1b
    a3 c5 77 53 ba 96 08 a2 c3 8a 4c d5 85 34 55 50
    75 89 28 bb d1 7c 31 78 f7 ac fe 33 b2 fc 4a cd
    0c 8c 4f ea b8 ad 82 7a 62 7a 53 b0 79 66 5e be
    18 3a 6f 02 87 af 2b 81 ca a9 ac a6 82 83 7f 25
    a0 9c 79 b3 02 40 5e 7e a7 a7 c1 08 8d 40 36 8c
    89 e4 54 09 19 19 63 9c 5c f5 9b ce f6 4b 27 8d
    a4 2c 3b db b2 f5 b3 90 38 d6 28 ff e5 1d 16 47
    73 21 a7 1a 2b ab 25 14 5a 95 d4 97 86 6e 7a 0b
    92 b9 4b 66 00 b3 a1 b8 4e 5a 1b 97 62 90 04 e1
    c2 1d 93 61 a7 03 c0 20 f4 69 bd 24 f6 78 af 90
    bf bc f9 29 7d 93 34 9f 95 9c 82 24 3e dc 18 2e
    da a0 ba c5 cb b7 b5 25 a8 69 a2 cb ec 54 42 66
    83 38 f9 b4 75 3f 64 16 51 4b b6 28 f9 c0 1e a9
    4b 64 c3 33 b9 d6 99 6c c1 94 0f 09 00 3a aa 36
    fc d4 cb 97 c8 65 c0 b4 27 4f 5b 9d c7 11 13 2a
    a7 7c 9e 9b 12 53 e6 50 90 b0 4b 64 c8 06 8d d2
    64 8f 34 61 dd 45 48 41 ec bd 4e d1 35 80 f8 0c
    0e 4b c4 55 63 84 51 21 c1 13 ca 87 75 62 33 ae
    31 8d 40 51 36 64 b6 11 1e 99 00 c9 e3 ce 38 b5
    53 c8 16 89 1d ac 4c 2e a4 6a 43 a5 16 ba d0 97
    3e 77 4d 4e f0 3f 7f 47 74 1e f1 21 eb 1b 3b 20
    e7 c8 9f a7 a3 19 e2 4b 85 85 88 8a c0 88 de 94
    8e de 52 4b fa 4c 32 22 ca 5e 98 d5 08 8c 08 4e
    ad 99 1e c1 28 7e ad 4a 6f 60 a0 1f d6 e2 4f a6
    b9 5c 57 d0 b0 6b 27 73 35 61 5b 20 77 4d e8 85
    a3 63 80 a4 60 7b 82 45 fa 0f 2e 8b 72 bf 21 a6
    6b 99 2e 79 16 7b db 95 af 7c c6 b7 be 3a 7f 58
    d1 03 50 a0 ab 48 f6 62 a9 31 21 26 7c 09 22 a3
    2c 65 50 42 f0 30 84 6b c8 76 3b 4c b7 15 99 65
    7f e3 9b f4 8a 6f 5c 45 5e 29 90 4a ce aa 5a 7e
    0c 9b 8e 9a 08 a5 53 0a f9 ec 6c 1b a7 b2 ed bc
    5b 66 1a 19 86 a3 71 69 79 7b d6 09 08 8f 31 18
    00 66 18 f7 cb bd f5 ca 82 f7 fb 90 70 a6 1f 66
    ab a5 11 26 83 4e 62 8a b2 cb cb 51 8a 7f fc d3
    37 86 d6 43 4f 5c ac 7e f2 3c 73 a2 83 f6 a5 3f
    e6 f8 58 11 09 0c de 8b 8c 52 83 c6 0d d8 31 67
    bc 00 29 89 ae be 20 5d d1 b7 39 ed 3a 61 94 5b
    a5 c4 c7 b6 b8 d1 b3 27 94 c4 97 c3 4a 77 60 5b
    b7 b1 5b 05 54 92 0d c2 8c e8 92 4f ca 90 8f 8d
    9c c7 3f 1a 7b 29 61 64 c6 70 34 a1 55 82 77 35
    a3 56 f4 6f fc 43 75 79 61 a4 c1 26 c4 75 9a 0e
    23 db a7 71 db 29 aa f0 ca 2c a9 3d e7 81 c8 e3
    eb 0c da a9 5c 1a 80 7c f8 5a 85 e4 a1 ad c5 8a
    8e e5 96 14 9a fc 68 b4 52 c4 fb e5 82 64 87 3a
    c5 10 72 5d e1 a7 7b 90 a7 15 33 c0 8e 14 a2 cb
    a7 4b 76 db 7b c6 51 b6 45 99 22 2b b6 a9 18 c1
    45 57 bc 87 f8 b5 24 68 01 17 f6 c7 a6 f5 65 32
    f0 84 0f e6 db 44 54 bb 92 2b 37 2f b7 12 01 b3
    a4 70 4c c7 53 af 1c b2 f4 76 97 37 42 7c 40 e7
    76 fd 60 5f 89 21 b1 36 cb 93 af f4 33 e5 e3 8e
    6c 5b 98 83 93 ba 6d c8 55 44 e5 30 79 60 80 e1
    a0 22 03 4c c4 9c a3 47 35 4c 35 3a d0 66 e9 ca
    1f 86 20 91 1f 18 8c cb 0b 1e 66 a1 17 61 c1 5c
    b5 a1 98 c4 a3 37 56 1c 81 c9 72 47 06 56 8d 69
    0b 86 18 99 5d 3c f9 4f 84 97 27 11 f6 9c 2f b4
    20 1f 31 98 43 32 4a 2a 12 16 3b 3b 7c 37 68 0d
    25 4b bb 9a b5 82 eb 40 a5 09 d3 4d 1e 37 85 00
    cd 79 9a c0 09 48 f0 2e e5 00 58 a1 ba 9c 39 65
    3c fe 0a a2 27 48 4f 9d 98 50 18 84 b4 a0 92 ac
    4f b9 c6 e8 68 bd 62 78 ba 57 f3 34 24 bc ad d7
    2c 63 c4 b8 9a fa 20 8e 4c c9 63 7b c2 0c 11 03
    8a 50 e2 be 1b f8 67 d7 58 9a 37 65 17 ef f9 b8
    a3 53 66 6f 08 5d 09 8a a5 60 01 49 0b 16 5b e7
    67 b9 d9 a7 b4 07 e2 41 f2 76 7e 5a a3 a9 70 b4
    8c 54 6a 08 b9 f8 bc 54 3a a0 bf 1a 14 27 d9 2f
    7a d0 0a b4 b8 02 4e b5 13 41 67 a4 29 39 92 7a
    ce 46 80 5c d3 ab 03 97 5e d9 f8 ed 92 d1 1c d5
    b3 3d 1e c4 eb 15 9e e3 89 a6 af 08 4a 52 4c 1f
    0e 31 11 fc 0d 8e 98 fa 78 4f 83 34 e7 39 00 db
    af ea d8 6c ef 5b
<<< TLS 1.2, RecordHeader [length 0005]
    14 03 03 00 01
<<< TLS 1.3, ChangeCipherSpec [length 0001]
    01
<<< TLS 1.2, RecordHeader [length 0005]
    16 03 03 04 ba
<<< TLS 1.3, Handshake [length 04ba], ServerHello
    02 00 04 b6 03 03 17 09 92 b8 b5 c2 3a b9 ad 51
    6e 0e a0 5d 0f c2 49 a2 26 f1 76 e3 88 ac d0 43
    d3 9a 64 a4 fb 73 20 57 e5 b2 bd 83 3f bb f9 73
    50 c0 3a 9d 41 f4 bc 1c 28 ff 37 e2 13 c0 f0 3b
    b6 f4 45 7e 24 90 40 13 02 00 04 6e 00 2b 00 02
    03 04 00 33 04 64 11 ec 04 60 97 77 29 af 0f f1
    30 5c f0 d4 29 df ca 87 dc 19 4f c4 5f 23 75 e3
    a9 47 37 64 26 99 c1 cf fc 2e 10 6b 6c 21 c1 a8
    5f ed 90 3e b5 c5 ff 1d e1 fb 16 26 53 25 79 93
    32 af f1 13 68 7b 86 46 b7 ec c9 3b df 8b 18 c3
    2e 20 a8 87 ce 29 9b 14 e4 1c dd 96 d3 eb ce 87
    de 9a 43 7a be 45 0d 44 87 47 5f 60 f1 d4 ec d5
    64 89 9c cd ac 9c 49 d6 a9 6a 84 7e 78 04 65 d3
    8f c4 78 28 95 80 bc 88 02 b0 63 91 ec a4 37 0b
    37 8b da c9 6d c1 0b 36 56 60 44 b1 b6 18 69 07
    9c e6 40 30 97 e4 bc 15 a5 e8 66 e1 4f 0c 68 10
    77 52 80 51 6f 38 4f 67 3a a5 52 fb 5d c1 96 7b
    9f 65 b0 20 73 64 d4 29 8c 40 1c 32 0f 52 f3 e8
    1f 4f 32 39 2e 55 f3 3c d4 a6 66 99 62 6e eb 16
    18 b9 dd 38 1b 3d 41 9b e1 2c ce 5b dc 0b a4 2c
    4f b2 f6 37 84 b5 b8 f2 4a 9d b2 51 ec f8 8f 2c
    a2 91 e9 a0 cc e5 0d c6 f7 ab cc 9a e7 d9 be cb
    53 63 29 0e f9 5c d8 c7 04 12 e9 f9 fb d2 16 93
    7d ce 04 87 be 2c e9 35 57 28 fa 92 01 c9 00 6c
    91 92 80 ef 40 fe 4b da 5e 8f b9 22 a3 f0 29 8d
    7d 2f 88 8f 7d 4c ea 73 36 ea 35 4a 83 0b 19 ae
    a9 60 89 c0 e3 97 d9 a8 04 16 b8 a0 8f 5b b2 3c
    c5 22 56 c8 79 d1 cc 83 c9 c4 65 07 53 fe 03 bf
    62 42 24 3a 12 fc 60 21 c1 26 c8 40 8d 40 7c ca
    01 1a e4 1b 6e 45 21 12 3d 6a c4 0c a9 6f 45 80
    92 5e 5b a7 55 4c f7 4d 9a 45 91 fb 4f 24 24 2b
    91 fc e9 13 8f 2b 18 af 40 78 84 a6 40 82 b4 df
    90 16 a9 7c 05 84 66 44 13 b2 ca bb 01 29 f5 47
    6b ec 4f 1e 89 d7 a1 2e ec 64 8e f0 50 59 93 82
    af f3 8a 54 d1 39 e5 ec 82 9f cb 68 c9 67 ce f6
    32 ec b7 83 9a 85 eb e1 09 5d 88 65 97 2d eb c0
    b2 25 b0 97 0e e0 6b 71 e6 38 a9 08 2e a2 44 da
    fb ed 66 ca f3 26 80 8e 8b 8c 51 b0 ea 8b 75 24
    54 60 2a 4f 91 ef 25 bd 17 cd eb 01 53 bb a3 8c
    29 4a f8 e0 18 58 f1 42 9b fd a3 2b 01 f3 bf 5e
    fa 55 a4 07 94 83 f1 b1 b1 fb 9c 1d 88 3b 35 2f
    3b 83 1d d0 92 da 16 ca 7d 63 72 f7 7c a2 ae 28
    18 1a 9c 88 0e a9 67 4c 46 33 36 b8 2b 06 2a e2
    97 dc bb cb cf f4 a8 f3 e6 87 89 a0 5e cf 77 ae
    1c 3f 0d 36 e1 02 46 c9 3b b0 7b 69 b9 53 d0 07
    79 6b b1 20 8f 35 f6 28 3a 19 42 ec 58 2e b6 8a
    f0 20 12 5c 55 16 dd 57 e1 08 da b4 6c 5e e4 5a
    fb 5e 57 0d bd ab e3 07 25 86 9c 08 cc 4f 54 81
    57 7c 3f 57 b9 06 e9 94 d2 f3 00 73 5a 5c aa 2f
    41 2d b7 62 61 6b 79 80 1a ac 16 56 87 d3 f7 b1
    88 23 61 33 0b d3 07 c6 73 51 b9 63 c9 bd a8 36
    8c a0 05 47 5b 0d 6b e7 69 86 d7 ba ca 99 f3 ef
    02 c5 48 94 ce fe 3b 85 59 39 2d 37 89 4e 80 0c
    c8 79 b5 39 c6 2d 71 3b 9e a9 84 46 33 ec 9a 6e
    58 84 ac 9a f2 59 be 0b 82 73 21 26 ac 91 da 69
    3f 6c 3e bb 43 aa fa 6a 64 4d 9f 92 bb d4 fc 1f
    f3 37 92 bc 11 3b cf 85 c6 84 4c 46 94 38 09 ad
    0c 3e 92 95 52 32 7a b7 a2 7c e0 8b ec 4c 87 93
    ce 07 87 c8 30 70 02 12 7f 93 59 f6 ab 1d 7b a7
    86 b1 74 65 1a 0b 7c af 61 d4 4d c4 17 7e 51 21
    87 14 ba f0 62 a3 30 c6 25 f0 a8 ce 28 32 9c b6
    68 9f b7 50 7c 8b 75 ff 3b 04 be 55 c7 92 c8 69
    1f fa 49 96 4a 0f 09 8f be 76 a1 c2 c4 c2 df a7
    da 9f 32 55 b1 d0 32 8d 2b 89 77 c8 2d 25 ea ed
    57 be 24 5d 54 8f 2d 83 18 fc 57 ca 61 16 16 5e
    1e 33 d8 69 c8 8e 51 e8 62 b4 3d b9 ee dd 24 3b
    05 36 16 62 85 4b 14 df db 9d 71 83 e6 46 e9 83
    40 40 50 6e b9 86 b9 81 27 75 c4 d6 e1 43 a3 dc
    2e 43 79 62 ef ad b6 26 ba 1c 2b 7c 2a af ff 00
    db ff 2f ad a8 b8 78 72 57 01 8d 77 d7 c7 44 07
    84 2e 5a 88 ad c6 e9 03 1c 0f ae c1 74 ba 92 3d
    8b 68 cf 0a 26 53 72 3a 7e 7e 0a 6f 74 a5 fc 0f
    44 3a 3b f1 cf 48 6c 4b e1 dd b3 31 5b 35 fc b8
    88 8d eb c5 0b 89 46 83 cd 97 71 d1 3b 84 e5 90
    25 b5 bf 26 02 69 ae ac 8b de 18 e8 bb f6 d8 af
    5d a4 ea 15 b6 02 58 44 2c 45
<<< TLS 1.2, RecordHeader [length 0005]
    17 03 03 00 17
<<< TLS 1.3, InnerContent [length 0001]
    16
<<< TLS 1.3, Handshake [length 0006], EncryptedExtensions
    08 00 00 02 00 00
<<< TLS 1.2, RecordHeader [length 0005]
    17 03 03 03 47
<<< TLS 1.3, InnerContent [length 0001]
    16
<<< TLS 1.3, Handshake [length 0336], Certificate
    0b 00 03 32 00 00 03 2e 00 03 29 30 82 03 25 30
    82 02 0d a0 03 02 01 02 02 01 02 30 0d 06 09 2a
    86 48 86 f7 0d 01 01 0b 05 00 30 12 31 10 30 0e
    06 03 55 04 03 0c 07 52 6f 6f 74 20 43 41 30 20
    17 0d 31 36 30 31 31 34 32 32 32 39 34 36 5a 18
    0f 32 31 31 36 30 31 31 35 32 32 32 39 34 36 5a
    30 19 31 17 30 15 06 03 55 04 03 0c 0e 73 65 72
    76 65 72 2e 65 78 61 6d 70 6c 65 30 82 01 22 30
    0d 06 09 2a 86 48 86 f7 0d 01 01 01 05 00 03 82
    01 0f 00 30 82 01 0a 02 82 01 01 00 d5 5d 60 6a
    df fc 61 ee 48 aa 8c 11 48 43 a5 6d b6 52 5d aa
    98 49 b1 61 92 35 b1 fc 3a 04 25 0c 6d 79 ff b4
    d5 c9 e9 5c 1c 3b e0 ab b3 b8 7d a3 de 6d bd e0
    dd d7 5a bf 14 47 11 42 5e a6 82 d0 61 c1 7f dd
    13 46 e6 09 85 07 0e f2 d4 fc 1a 64 d2 0a ad 20
    ab 20 6b 96 f0 ad cc c4 19 53 55 dc 01 1d a4 b3
    ef 8a b4 49 53 5d 8a 05 1c f1 dc e1 44 bf c5 d7
    e2 77 19 57 5c 97 0b 75 ee 88 43 71 0f ca 6c c1
    b4 b2 50 a7 77 46 6c 58 0f 11 bf f1 76 24 5a ae
    39 42 b7 51 67 29 e1 d0 55 30 6f 17 e4 91 ea ad
    f8 28 c2 43 6f a2 64 a9 fb 9d 98 92 62 48 3e eb
    0d 4f 82 4a 8a ff 3f 72 ee 96 b5 ae a1 c1 98 ba
    ef 7d 90 75 6d ff 5a 52 9e ab f5 c0 7e d0 87 43
    db 85 07 07 0f 7d 38 7a fd d1 d3 ee 65 1d d3 ea
    39 6a 87 37 ee 4a d3 e0 0d 6e f5 70 ac c2 bd f1
    6e f3 92 95 5e a9 f0 a1 65 95 93 8d 02 03 01 00
    01 a3 7d 30 7b 30 1d 06 03 55 1d 0e 04 16 04 14
    c0 e7 84 bf e8 59 27 33 10 b0 52 4f 51 52 2f 06
    d6 c0 7a cd 30 1f 06 03 55 1d 23 04 18 30 16 80
    14 70 7f 2e ae 83 68 59 98 04 23 2a cd eb 3e 17
    cd 24 dd 01 49 30 09 06 03 55 1d 13 04 02 30 00
    30 13 06 03 55 1d 25 04 0c 30 0a 06 08 2b 06 01
    05 05 07 03 01 30 19 06 03 55 1d 11 04 12 30 10
    82 0e 73 65 72 76 65 72 2e 65 78 61 6d 70 6c 65
    30 0d 06 09 2a 86 48 86 f7 0d 01 01 0b 05 00 03
    82 01 01 00 7b d3 04 43 75 8a 0f 11 ae c4 fb d7
    a1 a2 9e fe 20 18 d5 f4 2f 31 88 46 b6 75 8c ee
    e5 9b 97 a6 b9 a3 cd 60 9a 46 c3 48 97 e5 97 68
    f7 5a 86 35 73 d9 69 9e f9 5f 74 b9 e6 94 13 01
    cb 6a dc e3 c4 04 e9 65 da 9c a4 8b 28 f3 f9 9a
    7f bf 97 1f 45 92 e5 05 b1 56 e6 0b f6 47 de 1e
    89 b6 2b e1 4d df 4a 7e 01 d3 23 dc 97 8c 47 fe
    5f c7 cc 98 46 0e c4 83 5b ca 8a f1 52 09 be 6b
    ec 3f 09 8b d0 93 02 bf e1 51 e7 d1 7e 34 56 19
    74 d0 ff 28 25 de b7 9f 56 52 91 7d 20 29 85 0a
    80 44 5f 71 32 25 71 0f c2 16 e2 5f 6b 1d 3f 32
    5b 0a 3c 74 1c b9 62 f1 ed 07 50 a3 6d b4 b4 31
    0a c0 53 44 6a 3a 88 84 8b 2d a9 b0 37 8e e6 18
    36 bd 9a 20 40 0f 01 92 8b 3d aa 61 e7 ae 2c ed
    36 cd 3a 07 86 74 3a 29 b3 d7 3a b4 00 a9 c2 f5
    92 78 0e e2 0f a3 fe bb be e0 06 53 84 59 1d 90
    69 e5 b6 f9 00 00
<<< TLS 1.2, RecordHeader [length 0005]
    17 03 03 01 19
<<< TLS 1.3, InnerContent [length 0001]
    16
<<< TLS 1.3, Handshake [length 0108], CertificateVerify
    0f 00 01 04 08 04 01 00 4d a7 1b e1 c2 00 87 a4
    2f 9d 40 b0 af 33 17 4c e7 91 c3 b3 97 47 32 76
    59 65 42 8c 25 2e 9e d6 8b 92 8a 76 d1 07 cb 92
    5d d2 95 79 50 55 65 02 8c 53 5e ed 52 34 9e 83
    d8 e1 b9 46 18 fa 5e 6f 74 1c 6e 3f 94 f3 4a 70
    ea 6b 1d f3 32 d1 01 54 89 fd 41 e4 dd f5 fd 5f
    14 90 88 a8 ca dc fd 6d 11 cd 51 2c c5 27 41 ba
    1d 52 c2 68 d1 c7 cb 7a 5c fd d9 e6 19 f3 30 ad
    b1 cb c9 2b c6 c0 f5 86 36 a1 36 47 08 4f c5 b7
    ad 5c 2c 4f 93 76 6e f3 8a 0c 39 41 74 52 ec d5
    f0 09 47 6c 5f f5 d1 9b 9a 73 f2 8a 18 13 5a a4
    e6 b5 06 30 e6 64 17 8e 74 cf b5 74 e4 c8 cf 81
    73 4e 4c 2e 3a 96 8b c2 ec d7 9d 6f bc bf 5d 1a
    d6 1f c7 f7 44 4a 92 09 09 f8 e4 a8 42 2b 2f 33
    bd e7 e4 76 ea b1 d1 29 f2 08 9c c4 00 b4 78 e4
    ce 4d 2e 09 15 d2 fc e3 92 e2 9d 46 3c 5e 41 41
    96 7c af 9a 47 05 96 4d
<<< TLS 1.2, RecordHeader [length 0005]
    17 03 03 00 45
<<< TLS 1.3, InnerContent [length 0001]
    16
<<< TLS 1.3, Handshake [length 0034], Finished
    14 00 00 30 a7 e4 9e 6f 1d 50 11 3c 22 32 ad 2c
    84 6c b4 a0 17 a2 32 8a 8a fd 4e 24 e5 fa fc 3e
    61 61 c1 cb bc 67 0d c9 91 a2 15 c5 e3 2b be fd
    78 1f 43 61
>>> TLS 1.2, RecordHeader [length 0005]
    17 03 03 00 45
>>> TLS 1.2, InnerContent [length 0001]
    16
>>> TLS 1.3, Handshake [length 0034], Finished
    14 00 00 30 c6 3e 5c 9d 55 0d ee 45 b2 d7 4b 51
    c0 fb 0c 70 c2 c6 26 63 60 7b 3b 7d 34 c2 3a 41
    9e d7 14 1a 21 13 dc 50 d4 39 fd 3a a3 cd 1e b5
    32 55 5a 88
---
Certificate chain
 0 s:CN=server.example
   i:CN=Root CA
   a:PKEY: RSA, 2048 (bit); sigalg: sha256WithRSAEncryption
   v:NotBefore: Jan 14 22:29:46 2016 GMT; NotAfter: Jan 15 22:29:46 2116 GMT
---
Server certificate
-----BEGIN CERTIFICATE-----
MIIDJTCCAg2gAwIBAgIBAjANBgkqhkiG9w0BAQsFADASMRAwDgYDVQQDDAdSb290
IENBMCAXDTE2MDExNDIyMjk0NloYDzIxMTYwMTE1MjIyOTQ2WjAZMRcwFQYDVQQD
DA5zZXJ2ZXIuZXhhbXBsZTCCASIwDQYJKoZIhvcNAQEBBQADggEPADCCAQoCggEB
ANVdYGrf/GHuSKqMEUhDpW22Ul2qmEmxYZI1sfw6BCUMbXn/tNXJ6VwcO+Crs7h9
o95tveDd11q/FEcRQl6mgtBhwX/dE0bmCYUHDvLU/Bpk0gqtIKsga5bwrczEGVNV
3AEdpLPvirRJU12KBRzx3OFEv8XX4ncZV1yXC3XuiENxD8pswbSyUKd3RmxYDxG/
8XYkWq45QrdRZynh0FUwbxfkkeqt+CjCQ2+iZKn7nZiSYkg+6w1PgkqK/z9y7pa1
rqHBmLrvfZB1bf9aUp6r9cB+0IdD24UHBw99OHr90dPuZR3T6jlqhzfuStPgDW71
cKzCvfFu85KVXqnwoWWVk40CAwEAAaN9MHswHQYDVR0OBBYEFMDnhL/oWSczELBS
T1FSLwbWwHrNMB8GA1UdIwQYMBaAFHB/Lq6DaFmYBCMqzes+F80k3QFJMAkGA1Ud
EwQCMAAwEwYDVR0lBAwwCgYIKwYBBQUHAwEwGQYDVR0RBBIwEIIOc2VydmVyLmV4
YW1wbGUwDQYJKoZIhvcNAQELBQADggEBAHvTBEN1ig8RrsT716Ginv4gGNX0LzGI
RrZ1jO7lm5emuaPNYJpGw0iX5Zdo91qGNXPZaZ75X3S55pQTActq3OPEBOll2pyk
iyjz+Zp/v5cfRZLlBbFW5gv2R94eibYr4U3fSn4B0yPcl4xH/l/HzJhGDsSDW8qK
8VIJvmvsPwmL0JMCv+FR59F+NFYZdND/KCXet59WUpF9ICmFCoBEX3EyJXEPwhbi
X2sdPzJbCjx0HLli8e0HUKNttLQxCsBTRGo6iISLLamwN47mGDa9miBADwGSiz2q
YeeuLO02zToHhnQ6KbPXOrQAqcL1kngO4g+j/ru+4AZThFkdkGnltvk=
-----END CERTIFICATE-----
subject=CN=server.example
issuer=CN=Root CA
---
No client certificate CA names sent
Peer signing digest: SHA256
Peer signature type: rsa_pss_rsae_sha256
Negotiated TLS1.3 group: X25519MLKEM768
---
SSL handshake has read 2546 bytes and written 1702 bytes
Verification error: unable to verify the first certificate
---
New, TLSv1.3, Cipher is TLS_AES_256_GCM_SHA384
Protocol: TLSv1.3
Server public key is 2048 bit
This TLS version forbids renegotiation.
Compression: NONE
Expansion: NONE
No ALPN negotiated
Early data was not sent
Verify return code: 21 (unable to verify the first certificate)
---
>>> TLS 1.2, RecordHeader [length 0005]
    17 03 03 00 13
>>> TLS 1.2, InnerContent [length 0001]
    15
>>> TLS 1.3, Alert [length 0002], warning close_notify
    01 00
Connecting to 127.0.0.1
SSL_connect:before SSL initialization
SSL_connect:SSLv3/TLS write client hello
SSL_connect:SSLv3/TLS write client hello
SSL_connect:SSLv3/TLS read server hello
SSL_connect:SSLv3/TLS write change cipher spec
SSL_connect:SSLv3/TLS write client hello
SSL_connect:SSLv3/TLS write client hello
SSL_connect:SSLv3/TLS read server hello
Can't use SSL_get_servername
SSL_connect:TLSv1.3 read encrypted extensions
depth=0 CN=server.example
verify error:num=20:unable to get local issuer certificate
verify return:1
depth=0 CN=server.example
verify error:num=21:unable to verify the first certificate
verify return:1
depth=0 CN=server.example
verify return:1
SSL_connect:SSLv3/TLS read server certificate
SSL_connect:TLSv1.3 read server certificate verify
SSL_connect:SSLv3/TLS read finished
SSL_connect:SSLv3/TLS write finished
DONE
SSL3 alert write:warning:close notify
