CONNECTED(00000003)
>>> TLS 1.0, RecordHeader [length 0005]
    16 03 01 00 d6
>>> TLS 1.3, Handshake [length 00d6], ClientHello
    01 00 00 d2 03 03 a4 b8 a4 42 c8 e3 b0 8e 51 88
    2b f2 d4 9b b8 0b 3e f6 32 7c 09 68 8e 1f ed dc
    50 ca 2a 89 a1 4f 20 a4 44 c9 02 2d 74 06 2f 60
    e5 3c 85 66 e0 f9 58 bb 0b 7c ba be 53 3d 5a 21
    9c d9 cf 94 91 ad 67 00 06 13 02 13 03 13 01 01
    00 00 83 00 0b 00 04 03 00 01 02 00 0a 00 06 00
    04 00 1d 11 ec 00 23 00 00 00 16 00 00 00 17 00
    00 00 0d 00 2a 00 28 09 05 09 06 09 04 04 03 05
    03 06 03 08 07 08 08 08 1a 08 1b 08 1c 08 09 08
    0a 08 0b 08 04 08 05 08 06 04 01 05 01 06 01 00
    2b 00 03 02 03 04 00 2d 00 02 01 01 00 33 00 26
    00 24 00 1d 00 20 6d c7 81 3a 76 3b 63 4d cb a6
    b8 77 e3 7c a6 a2 f2 e3 f8 63 88 0b d0 01 23 45
    e5 52 71 60 9d 6c
<<< TLS 1.2, RecordHeader [length 0005]
    16 03 03 00 58
<<< TLS 1.3, Handshake [length 0058], ServerHello
    02 00 00 54 03 03 cf 21 ad 74 e5 9a 61 11 be 1d
    8c 02 1e 65 b8 91 c2 a2 11 16 7a bb 8c 5e 07 9e
    09 e2 c8 a8 33 9c 20 a4 44 c9 02 2d 74 06 2f 60
    e5 3c 85 66 e0 f9 58 bb 0b 7c ba be 53 3d 5a 21
    9c d9 cf 94 91 ad 67 13 02 00 00 0c 00 2b 00 02
    03 04 00 33 00 02 11 ec
>>> TLS 1.2, RecordHeader [length 0005]
    14 03 03 00 01
>>> TLS 1.3, ChangeCipherSpec [length 0001]
    01
>>> TLS 1.2, RecordHeader [length 0005]
    16 03 03 05 76
>>> TLS 1.3, Handshake [length 0576], ClientHello
    01 00 05 72 03 03 a4 b8 a4 42 c8 e3 b0 8e 51 88
    2b f2 d4 9b b8 0b 3e f6 32 7c 09 68 8e 1f ed dc
    50 ca 2a 89 a1 4f 20 a4 44 c9 02 2d 74 06 2f 60
    e5 3c 85 66 e0 f9 58 bb 0b 7c ba be 53 3d 5a 21
    9c d9 cf 94 91 ad 67 00 06 13 02 13 03 13 01 01
    00 05 23 00 0b 00 04 03 00 01 02 00 0a 00 06 00
    04 00 1d 11 ec 00 23 00 00 00 16 00 00 00 17 00
    00 00 0d 00 2a 00 28 09 05 09 06 09 04 04 03 05
    03 06 03 08 07 08 08 08 1a 08 1b 08 1c 08 09 08
    0a 08 0b 08 04 08 05 08 06 04 01 05 01 06 01 00
    2b 00 03 02 03 04 00 2d 00 02 01 01 00 33 04 c6
    04 c4 11 ec 04 c0 9b 29 8c 3e 59 0b 54 06 73 d7
    4a 9f df 40 6c 09 e6 4b 65 c5 29 06 ac 76 61 09
    6d 0f a0 76 34 4c 78 e5 69 6f 0e 9a 21 2d 8c b3
    9b fb 1d 16 a0 95 a7 da 04 73 a0 9b 10 e8 82 67
    42 53 03 47 4f dd 62 7c 20 74 12 73 27 88 52 48
    53 99 e5 8b fa 92 ca bf eb 3d 04 a7 6a af 72 02
    35 c7 8e ae c3 58 ee d4 74 8f 33 3a 5a b9 a9 ef
    ca 2c 6f e9 26 cb 5c b4 09 5c b5 c8 7a 30 aa 21
    59 fb ec 35 79 95 36 d7 57 09 4f 12 86 97 44 3f
    ba 00 9a a1 88 62 a0 6b 4f 6e 29 67 9a 31 93 f2
    f5 61 aa 5c 8c 31 fc 65 04 92 c9 b2 bb ad dd ea
    15 19 fa a4 42 08 43 96 75 90 7e 58 83 13 a4 b9
    65 33 68 74 50 13 a3 12 10 c0 71 0b 66 34 3f ee
    17 ab ab f1 9b ff 8b ba b2 90 52 d3 fa a9 d4 98
    29 63 aa bb 3f 53 ca 28 49 3f be 3c 2d 5f 1b 02
    27 20 7d 54 26 22 40 e4 46 fb 96 a4 a0 6a 42 8d
    46 6b 5f 16 03 89 74 07 c4 6c 08 4d 77 6a dc 9a
    54 dd e0 53 3a 5c 2e 40 e3 15 11 5c 22 25 30 b7
    5c 28 34 f0 a2 57 0f 06 19 af 25 8f 00 16 14 a1
    71 bb 43 f2 8c ef 02 cc bd b9 21 0b 13 65 77 8a
    90 74 96 ca 1f f0 87 13 a5 36 03 a9 a8 7e 58 41
    51 62 22 75 f1 84 3b 0b 97 cf 2b 61 27 61 61 f8
    a1 71 d2 f0 c1 f6 6c 63 c2 05 2a ac 98 9e 56 c8
    7d 25 08 5d 41 70 29 8b 59 4a 00 d1 9a b2 23 24
    fb 47 7d 1c 9c 7c 83 75 0f e9 6a 69 da a1 ab af
    b0 39 3a e6 13 3f 80 54 93 c2 6b 1d f4 af b7 90
    cb 84 07 3a a5 f8 ce 76 dc 91 66 a4 0a a3 99 5a
    94 c1 6f 3d 66 1a a7 a4 c9 e7 f6 2c 13 5b b4 b2
    d7 50 a1 f2 52 58 0a 36 64 58 44 86 aa 31 d4 1c
    75 80 fc 21 74 e2 82 9f 13 7e 6b 80 62 30 79 ba
    61 a7 96 e6 0a 8d fe 9b 63 17 36 4a 08 ba 30 ae
    10 2e e0 74 90 a3 78 b0 df 43 bd e6 d1 bd be 35
    5f 15 69 0b a1 65 55 97 99 82 c1 9c ab 96 4c 98
    96 ca b1 d8 fa 39 e7 d4 ca 59 96 09 13 11 2b 4d
    49 b0 4f 55 62 cb 30 3f d8 a3 8a 64 9a 82 2f fb
    8d 0c 53 96 72 52 06 47 4a 2f 69 42 b1 61 f5 77
    73 2a 4d 29 d8 cb 02 94 a7 57 38 5e 90 f5 ce f8
    65 37 54 73 4e 35 29 9e 77 4b cb f5 c5 cd 19 42
    c8 58 33 3e 7f 7b a7 cf 85 6d 39 b4 4c 38 68 52
    00 9d 88 88 d6 0b 5a 05 2c 6c 19 cc fd 64 76 45
    13 32 13 e3 74 0b 8a 08 d0 b6 68 cf bc 78 63 30
    a8 d4 a6 86 b8 d4 04 4a fa 84 e4 03 82 1f 79 b7
    ad c7 a0 56 18 70 0e 28 cf 3d f2 99 26 59 b1 f1
    c8 a0 16 0a 2e 97 74 09 5c 83 b8 23 f2 9d 92 a3
    a3 0a 70 59 ef f6 cb e9 ec ac 82 7c 24 0d 78 a0
    50 91 c4 6c e4 37 23 b4 5a fc e9 3c 51 c9 5b b7
    f5 7c d6 9a 91 d6 ec 2a 38 b0 03 4f 14 6b a2 69
    03 00 a6 96 90 ec a6 2d 01 54 95 16 25 42 e3 c9
    41 13 00 13 d4 71 17 00 56 bd 75 4b 91 94 4e f8
    34 4d 50 87 aa c5 71 8a 09 01 49 07 d1 c8 95 83
    71 3c 9c 90 99 37 a9 6e 75 98 9d f7 93 fd e2 48
    28 60 cd 29 03 6a d4 f8 af 08 cc 29 e0 24 af a4
    f9 13 b7 71 6b 19 2a 6f 81 bb 2f 4c 5c 6e 93 01
    93 50 69 7e 91 e6 57 71 54 7e e4 70 4c 1b 84 5e
    7f 1c 12 f6 e8 02 da fc 30 57 36 b3 e7 c6 97 b9
    eb 0d a8 a6 7d fe ba a0 a9 30 9e be 70 c7 25 eb
    43 d0 eb 39 20 f0 9c d0 84 61 30 d0 9a f7 a0 93
    3f c1 42 3f ba c7 4a c7 5f 53 f6 a6 3a e6 30 a0
    91 8b 5f 87 89 08 52 56 a1 f9 4b fd a6 5d e5 5b
    75 d2 69 7c ae 23 cb 74 34 34 be 30 37 1d f6 7f
    30 77 9b 72 90 7f a5 15 c8 ef f5 9d 70 74 27 dd
    ab 82 d2 d1 43 ae 86 bd e4 77 25 0c b9 c5 40 42
    0c e4 d8 4c 4c 08 42 85 4b 21 ac 10 45 d9 07 9b
    5c a5 2d c0 03 93 ad 02 c5 c1 71 c2 fa 45 7f c8
    54 6a 29 10 54 19 2a 15 4b c6 48 a2 25 6a b9 72
    43 11 77 3b ab ca 45 60 d2 3d d2 11 37 f3 c0 9e
    ab 1a 79 f5 2a 48 da ac 10 51 2c b1 58 58 2b 08
    04 a7 63 76 6d a1 99 08 e3 18 1a 8c 57 7a 9f 10
    a2 0e 78 a0 3b 97 c3 d3 a7 13 bc a6 ab 5f 42 94
    45 10 a0 75 49 4c 57 dc 01 ef a1 62 58 1c 03 68
    cb 9e 12 cb 3c 92 d5 5d 46 80 3d 1c bc 4c 4d d0
    55 5b 57 72 dc 6b 01 bd 8a 78 b5 42 19 c7 ba 3a
    e4 f7 78 71 b9 95 c1 e1 b9 7d 41 99 63 56 17 54
    eb 2c b4 c7 49 99 86 f1 22 5f 17 7f 2a b0 92 bc
    cc 0c 2e 77 a5 48 a8 59 5c 8e dd 6f 2a 84 2d d3
    24 f4 43 78 d5 d1 b7 c0 9d fa 0c 43 86 37 97 06
    ba 45 f9 bf 94 25
<<< TLS 1.2, RecordHeader [length 0005]
    14 03 03 00 01
<<< TLS 1.3, ChangeCipherSpec [length 0001]
    01
<<< TLS 1.2, RecordHeader [length 0005]
    16 03 03 04 ba
<<< TLS 1.3, Handshake [length 04ba], ServerHello
    02 00 04 b6 03 03 cb ff 6b cf 6c 25 af a0 03 2b
    49 38 22 1b 08 f6 76 88 fc c9 6a 55 b6 ce d1 e7
    b1 7a 7e 73 a0 ad 20 a4 44 c9 02 2d 74 06 2f 60
    e5 3c 85 66 e0 f9 58 bb 0b 7c ba be 53 3d 5a 21
    9c d9 cf 94 91 ad 67 13 02 00 04 6e 00 2b 00 02
    03 04 00 33 04 64 11 ec 04 60 09 06 ea 8a 3b e7
    db 06 c1 fe 20 e2 94 2d 0e 51 1f 93 fa a7 6a 03
    77 08 81 af a6 21 21 51 bc 2d 72 5f 11 de bb 52
    56 2f 96 77 92 0a b3 28 e5 60 34 95 02 e0 81 ac
    b9 70 61 62 cc 15 60 42 0d 97 81 f2 9b 1c c7 fc
    98 cd 3b fe 72 7f 88 bb e0 6a 13 82 07 e2 bb 23
    68 24 1e 11 90 6b 09 95 dc 40 8c 62 58 0c 82 59
    ad 53 6c 80 90 c7 a9 72 3a df c9 a3 6f 5b bf 5d
    4e f2 06 23 73 37 1e 5c fb 91 92 89 75 aa 69 7d
    76 53 74 84 3f fa d0 e1 30 b5 e5 73 4d a4 1e 09
    cb 4c 74 a3 97 48 32 d9 db d1 b0 ca 21 78 a3 29
    f3 45 25 c3 2a 59 cb 1a 7a 84 e7 a1 b6 0c cf 7b
    b8 73 6c 73 a7 ee 31 4d 37 6e 05 52 90 e2 06 69
    fa 18 c3 61 60 30 a7 19 cc 3c 03 06 fa 4a 1e 5c
    3d 8e fe 36 85 0c d6 d4 54 8c 92 c2 06 c3 f0 f3
    bb c5 df 35 c0 3d 41 8a fa 10 15 0d 8c 68 12 8a
    a0 a9 8c ac 02 a9 4c 36 24 75 12 c5 f5 7f 13 14
    c1 7b db a5 63 a1 b6 c8 74 3b 85 56 40 77 bc 11
    83 6e f1 3e cb 0a 96 4d 64 41 aa e2 b5 2f ef 44
    99 68 1a 33 19 5b c9 7b 51 da 16 e9 45 04 b7 17
    89 19 50 6d 31 71 d2 d0 c8 39 f4 01 16 d5 70 08
    a3 d8 1e 25 f8 ff c0 a4 c5 d8 93 b6 9a ae 14 10
    92 c4 df a3 0e 5f 88 f2 19 21 0a 8e e8 d2 4a a3
    e7 26 bf f2 c7 2e 61 dc 7c 39 56 5d 11 e9 af 02
    91 af 00 f4 46 29 ac 3c 5b 4d 3e e8 8e aa 40 9d
    46 8d 4a b0 d2 af 09 1a e8 99 d6 ad 70 33 45 d0
    5c eb 10 d6 5e 9f d0 55 6d 62 29 cf 65 6c 7a e7
    57 50 4d 1a 93 b6 55 31 60 69 14 99 fc a8 47 79
    a2 21 07 4f d2 fb ca 06 98 16 73 01 51 d4 0a ff
    db 21 b2 19 c9 aa 7d 1d fc bb 7e 43 5f 44 c8 2e
    2e 24 49 cb 61 b8 94 ad 80 f0 b9 d4 a7 30 f2 6b
    f4 37 90 f9 07 46 c2 4e 6b 46 73 7c aa 44 f9 5d
    f8 41 d3 50 fd 7f 73 38 c3 53 39 7c 3e b2 45 96
    21 ae 8f 14 61 52 a3 48 9c 3f 78 1f 1d cc b9 7a
    cb 85 a7 11 48 d9 97 8a 51 f7 5e 9e a8 ce cc c9
    d6 a3 d7 f1 e3 6f 06 8b 50 4e f0 2d 89 36 db 43
    0e 74 82 05 90 59 2c 88 dd 4e 5f 67 e7 26 85 aa
    11 cd c1 9b 4f b4 a6 ff 92 c5 9c ea 3f 7a 97 df
    5e 59 df e6 e5 09 bb 03 b0 d0 1c af b9 be e5 34
    65 44 27 90 a6 f6 44 6e ac 79 2b 4a 8d 68 c5 0a
    48 61 36 c2 e7 ad 81 b4 3d 60 08 be 69 04 62 45
    f1 dc 66 35 4d 9f 59 21 e4 bd 42 5c 76 d6 b1 e0
    60 e7 f8 ac 77 35 ee 6d a6 f6 ae 1a b4 c4 f1 ab
    f8 24 30 bc 29 5a ce 9f 1f 76 b0 88 51 2c c1 c4
    2b 23 6c 31 05 9e 55 0c 5a a1 a0 51 04 35 64 4b
    4a 81 cd c2 95 6c dd 12 0d e7 3c 10 d2 a6 e3 d5
    ef f9 cc 7b c2 df b8 d7 1e 72 46 5f 96 4d 01 e4
    77 ac 2d 83 49 6c 73 31 58 98 d8 20 ef dd df cf
    e8 23 4f 39 be ac 19 80 dc 5b 2d f4 e8 2d 41 59
    52 ae 46 aa 69 26 1e 06 71 9b ae 8a e0 a0 85 01
    a0 f5 00 0b 8d 37 90 3d 28 cf 76 de 9e 93 1e 44
    08 c8 ea b4 3e 37 f9 13 3f e8 08 9e 6e 78 44 f3
    f7 8b ed 91 95 be 85 fa ac 7c 61 11 82 cc 03 a3
    02 33 e3 02 54 4b f9 90 5e 1a 3a e5 43 22 f7 7a
    ca 0c c1 0e 88 4f 94 c2 86 9a 72 aa 1f d5 23 b8
    9b 53 ab f4 57 6c 3c 55 c9 ac c5 f6 f2 f3 5b ac
    23 21 89 80 6e dd 62 b8 dc 8e 05 62 ca f1 64 9b
    4b fa 4c 9c fd ca 72 7c a3 10 cc d9 dd 19 6a 72
    34 68 ba a4 f8 d3 bb e4 b1 76 1d b7 7b db 71 7f
    74 14 9f 81 35 63 0e d0 96 11 e6 24 fa f7 b7 39
    40 64 71 a0 d9 bf 4d bd dc 0d 94 a8 09 5a 6c c9
    d2 5e 3d c7 2c b9 c9 e5 fe 8e d4 df 22 f1 f0 d1
    9e d2 74 c5 27 2a 5f 7f fe a6 ff 33 b7 8c 1a b3
    26 35 0f 2b 61 08 33 e8 d7 15 fc c2 c3 67 c1 ea
    96 52 d1 e5 7e d9 88 79 09 94 8a 89 5e 39 16 32
    7c 9c 27 de 14 1d 98 ea 1b 41 d2 2b 68 9d 08 75
    dd 3d 7e 16 7a e1 fd ed 85 e1 da 62 62 45 13 59
    3f 5b 7f 35 b1 d8 d9 e2 ec 55 7a 5f 38 8e 51 3a
    76 66 8e 0f bc 03 b7 2e c7 b3 d2 59 61 18 b4 19
    a4 45 99 6f b2 b2 ae ca ea b5 7a 57 e5 c3 de 34
    05 86 fd 61 09 d4 86 c4 f2 08
<<< TLS 1.2, RecordHeader [length 0005]
    17 03 03 00 17
<<< TLS 1.3, InnerContent [length 0001]
    16
<<< TLS 1.3, Handshake [length 0006], EncryptedExtensions
    08 00 00 02 00 00
<<< TLS 1.2, RecordHeader [length 0005]
    17 03 03 03 47
<<< TLS 1.3, InnerContent [length 0001]
    16
<<< TLS 1.3, Handshake [length 0336], Certificate
    0b 00 03 32 00 00 03 2e 00 03 29 30 82 03 25 30
    82 02 0d a0 03 02 01 02 02 01 02 30 0d 06 09 2a
    86 48 86 f7 0d 01 01 0b 05 00 30 12 31 10 30 0e
    06 03 55 04 03 0c 07 52 6f 6f 74 20 43 41 30 20
    17 0d 31 36 30 31 31 34 32 32 32 39 34 36 5a 18
    0f 32 31 31 36 30 31 31 35 32 32 32 39 34 36 5a
    30 19 31 17 30 15 06 03 55 04 03 0c 0e 73 65 72
    76 65 72 2e 65 78 61 6d 70 6c 65 30 82 01 22 30
    0d 06 09 2a 86 48 86 f7 0d 01 01 01 05 00 03 82
    01 0f 00 30 82 01 0a 02 82 01 01 00 d5 5d 60 6a
    df fc 61 ee 48 aa 8c 11 48 43 a5 6d b6 52 5d aa
    98 49 b1 61 92 35 b1 fc 3a 04 25 0c 6d 79 ff b4
    d5 c9 e9 5c 1c 3b e0 ab b3 b8 7d a3 de 6d bd e0
    dd d7 5a bf 14 47 11 42 5e a6 82 d0 61 c1 7f dd
    13 46 e6 09 85 07 0e f2 d4 fc 1a 64 d2 0a ad 20
    ab 20 6b 96 f0 ad cc c4 19 53 55 dc 01 1d a4 b3
    ef 8a b4 49 53 5d 8a 05 1c f1 dc e1 44 bf c5 d7
    e2 77 19 57 5c 97 0b 75 ee 88 43 71 0f ca 6c c1
    b4 b2 50 a7 77 46 6c 58 0f 11 bf f1 76 24 5a ae
    39 42 b7 51 67 29 e1 d0 55 30 6f 17 e4 91 ea ad
    f8 28 c2 43 6f a2 64 a9 fb 9d 98 92 62 48 3e eb
    0d 4f 82 4a 8a ff 3f 72 ee 96 b5 ae a1 c1 98 ba
    ef 7d 90 75 6d ff 5a 52 9e ab f5 c0 7e d0 87 43
    db 85 07 07 0f 7d 38 7a fd d1 d3 ee 65 1d d3 ea
    39 6a 87 37 ee 4a d3 e0 0d 6e f5 70 ac c2 bd f1
    6e f3 92 95 5e a9 f0 a1 65 95 93 8d 02 03 01 00
    01 a3 7d 30 7b 30 1d 06 03 55 1d 0e 04 16 04 14
    c0 e7 84 bf e8 59 27 33 10 b0 52 4f 51 52 2f 06
    d6 c0 7a cd 30 1f 06 03 55 1d 23 04 18 30 16 80
    14 70 7f 2e ae 83 68 59 98 04 23 2a cd eb 3e 17
    cd 24 dd 01 49 30 09 06 03 55 1d 13 04 02 30 00
    30 13 06 03 55 1d 25 04 0c 30 0a 06 08 2b 06 01
    05 05 07 03 01 30 19 06 03 55 1d 11 04 12 30 10
    82 0e 73 65 72 76 65 72 2e 65 78 61 6d 70 6c 65
    30 0d 06 09 2a 86 48 86 f7 0d 01 01 0b 05 00 03
    82 01 01 00 7b d3 04 43 75 8a 0f 11 ae c4 fb d7
    a1 a2 9e fe 20 18 d5 f4 2f 31 88 46 b6 75 8c ee
    e5 9b 97 a6 b9 a3 cd 60 9a 46 c3 48 97 e5 97 68
    f7 5a 86 35 73 d9 69 9e f9 5f 74 b9 e6 94 13 01
    cb 6a dc e3 c4 04 e9 65 da 9c a4 8b 28 f3 f9 9a
    7f bf 97 1f 45 92 e5 05 b1 56 e6 0b f6 47 de 1e
    89 b6 2b e1 4d df 4a 7e 01 d3 23 dc 97 8c 47 fe
    5f c7 cc 98 46 0e c4 83 5b ca 8a f1 52 09 be 6b
    ec 3f 09 8b d0 93 02 bf e1 51 e7 d1 7e 34 56 19
    74 d0 ff 28 25 de b7 9f 56 52 91 7d 20 29 85 0a
    80 44 5f 71 32 25 71 0f c2 16 e2 5f 6b 1d 3f 32
    5b 0a 3c 74 1c b9 62 f1 ed 07 50 a3 6d b4 b4 31
    0a c0 53 44 6a 3a 88 84 8b 2d a9 b0 37 8e e6 18
    36 bd 9a 20 40 0f 01 92 8b 3d aa 61 e7 ae 2c ed
    36 cd 3a 07 86 74 3a 29 b3 d7 3a b4 00 a9 c2 f5
    92 78 0e e2 0f a3 fe bb be e0 06 53 84 59 1d 90
    69 e5 b6 f9 00 00
<<< TLS 1.2, RecordHeader [length 0005]
    17 03 03 01 19
<<< TLS 1.3, InnerContent [length 0001]
    16
<<< TLS 1.3, Handshake [length 0108], CertificateVerify
    0f 00 01 04 08 04 01 00 1d aa 0e aa 56 f9 32 72
    36 32 38 9b a7 1b fa 91 bd 78 e4 9f 6f 43 39 f8
    02 c4 b2 b9 dd b8 ec de 6d 2d 43 25 e3 1f 3a da
    ae 4d b8 d3 b3 b6 34 8a ac 95 ee 13 07 c8 4c 1b
    5c ef 58 08 86 03 ce 76 f2 89 69 0f b6 5b a0 f7
    c9 13 b6 8e 2e 90 f0 d6 5d b0 fc 0d 37 0b 31 64
    45 ee 00 56 4e d0 1d 5a 2c f4 c3 98 ad b3 2a 91
    60 06 14 96 65 7d a8 e9 5f f1 23 24 a8 d7 2f 70
    66 c2 69 cf 64 f4 f5 bc 41 7c 46 e8 6e 6d 1c 1b
    01 c6 1e 33 48 a5 cf 99 e8 86 e7 a7 1b 8e 44 cc
    23 a5 83 f3 46 c7 64 2a 0d 0f 38 28 b2 70 09 b7
    7c 10 49 7d 64 5f d1 69 4b 1f 54 d9 0c b9 53 b9
    5e f7 43 ae e1 e1 ea eb 20 25 cf bc 03 5b c7 cc
    d3 11 1a 29 1f ed 0f d3 bd 2f 4a ab 74 a6 0e a3
    60 9c 5f d0 f7 4a c1 c6 a7 ee 70 5a 87 e0 ab 5e
    3a 2f fd 76 b4 ff da 0e ef 6d 77 39 74 75 2f a5
    87 d0 2c 4d a5 05 46 a8
<<< TLS 1.2, RecordHeader [length 0005]
    17 03 03 00 45
<<< TLS 1.3, InnerContent [length 0001]
    16
<<< TLS 1.3, Handshake [length 0034], Finished
    14 00 00 30 79 f3 5c 75 68 7a 65 e0 bb 58 f5 bd
    0b 56 57 f2 af 25 9e e8 15 1f 87 60 01 47 91 b6
    8f 56 6d c1 bf 46 c1 9c c6 9e 52 88 91 09 0f df
    62 ca 94 71
>>> TLS 1.2, RecordHeader [length 0005]
    17 03 03 00 45
>>> TLS 1.2, InnerContent [length 0001]
    16
>>> TLS 1.3, Handshake [length 0034], Finished
    14 00 00 30 4f 8f 8b 0f 60 b1 db e5 ba 59 e0 2a
    49 bf 6e 2d 1e 75 de 0a d8 ba b8 37 fc 27 b7 7a
    18 fd 9e 7d 74 25 39 3f 34 11 f0 4f be 4d f0 cc
    c6 70 cd ac
---
Certificate chain
 0 s:CN=server.example
   i:CN=Root CA
   a:PKEY: RSA, 2048 (bit); sigalg: sha256WithRSAEncryption
   v:NotBefore: Jan 14 22:29:46 2016 GMT; NotAfter: Jan 15 22:29:46 2116 GMT
---
Server certificate
-----BEGIN CERTIFICATE-----
MIIDJTCCAg2gAwIBAgIBAjANBgkqhkiG9w0BAQsFADASMRAwDgYDVQQDDAdSb290
IENBMCAXDTE2MDExNDIyMjk0NloYDzIxMTYwMTE1MjIyOTQ2WjAZMRcwFQYDVQQD
DA5zZXJ2ZXIuZXhhbXBsZTCCASIwDQYJKoZIhvcNAQEBBQADggEPADCCAQoCggEB
ANVdYGrf/GHuSKqMEUhDpW22Ul2qmEmxYZI1sfw6BCUMbXn/tNXJ6VwcO+Crs7h9
o95tveDd11q/FEcRQl6mgtBhwX/dE0bmCYUHDvLU/Bpk0gqtIKsga5bwrczEGVNV
3AEdpLPvirRJU12KBRzx3OFEv8XX4ncZV1yXC3XuiENxD8pswbSyUKd3RmxYDxG/
8XYkWq45QrdRZynh0FUwbxfkkeqt+CjCQ2+iZKn7nZiSYkg+6w1PgkqK/z9y7pa1
rqHBmLrvfZB1bf9aUp6r9cB+0IdD24UHBw99OHr90dPuZR3T6jlqhzfuStPgDW71
cKzCvfFu85KVXqnwoWWVk40CAwEAAaN9MHswHQYDVR0OBBYEFMDnhL/oWSczELBS
T1FSLwbWwHrNMB8GA1UdIwQYMBaAFHB/Lq6DaFmYBCMqzes+F80k3QFJMAkGA1Ud
EwQCMAAwEwYDVR0lBAwwCgYIKwYBBQUHAwEwGQYDVR0RBBIwEIIOc2VydmVyLmV4
YW1wbGUwDQYJKoZIhvcNAQELBQADggEBAHvTBEN1ig8RrsT716Ginv4gGNX0LzGI
RrZ1jO7lm5emuaPNYJpGw0iX5Zdo91qGNXPZaZ75X3S55pQTActq3OPEBOll2pyk
iyjz+Zp/v5cfRZLlBbFW5gv2R94eibYr4U3fSn4B0yPcl4xH/l/HzJhGDsSDW8qK
8VIJvmvsPwmL0JMCv+FR59F+NFYZdND/KCXet59WUpF9ICmFCoBEX3EyJXEPwhbi
X2sdPzJbCjx0HLli8e0HUKNttLQxCsBTRGo6iISLLamwN47mGDa9miBADwGSiz2q
YeeuLO02zToHhnQ6KbPXOrQAqcL1kngO4g+j/ru+4AZThFkdkGnltvk=
-----END CERTIFICATE-----
subject=CN=server.example
issuer=CN=Root CA
---
No client certificate CA names sent
Peer signing digest: SHA256
Peer signature type: rsa_pss_rsae_sha256
Negotiated TLS1.3 group: X25519MLKEM768
---
SSL handshake has read 2546 bytes and written 1702 bytes
Verification error: unable to verify the first certificate
---
New, TLSv1.3, Cipher is TLS_AES_256_GCM_SHA384
Protocol: TLSv1.3
Server public key is 2048 bit
This TLS version forbids renegotiation.
Compression: NONE
Expansion: NONE
No ALPN negotiated
Early data was not sent
Verify return code: 21 (unable to verify the first certificate)
---
>>> TLS 1.2, RecordHeader [length 0005]
    17 03 03 00 13
>>> TLS 1.2, InnerContent [length 0001]
    15
>>> TLS 1.3, Alert [length 0002], warning close_notify
    01 00
Connecting to 127.0.0.1
SSL_connect:before SSL initialization
SSL_connect:SSLv3/TLS write client hello
SSL_connect:SSLv3/TLS write client hello
SSL_connect:SSLv3/TLS read server hello
SSL_connect:SSLv3/TLS write change cipher spec
SSL_connect:SSLv3/TLS write client hello
SSL_connect:SSLv3/TLS write client hello
SSL_connect:SSLv3/TLS read server hello
Can't use SSL_get_servername
SSL_connect:TLSv1.3 read encrypted extensions
depth=0 CN=server.example
verify error:num=20:unable to get local issuer certificate
verify return:1
depth=0 CN=server.example
verify error:num=21:unable to verify the first certificate
verify return:1
depth=0 CN=server.example
verify return:1
SSL_connect:SSLv3/TLS read server certificate
SSL_connect:TLSv1.3 read server certificate verify
SSL_connect:SSLv3/TLS read finished
SSL_connect:SSLv3/TLS write finished
DONE
SSL3 alert write:warning:close notify
