CONNECTED(00000003)
>>> TLS 1.0, RecordHeader [length 0005]
    16 03 01 00 d6
>>> TLS 1.3, Handshake [length 00d6], ClientHello
    01 00 00 d2 03 03 62 0a 02 ec 05 4e b3 06 c7 ac
    cf 97 49 4a 51 f1 02 db 75 32 45 e6 76 f4 74 0c
    fa 2c 5b 7c 30 27 20 2b 10 d7 f7 42 6a 7c c5 be
    d0 c2 99 a1 33 1f 8a 60 92 4e e3 ba c5 71 c6 50
    62 d5 1c 29 e8 91 bb 00 06 13 02 13 03 13 01 01
    00 00 83 00 0b 00 04 03 00 01 02 00 0a 00 06 00
    04 00 1d 11 ec 00 23 00 00 00 16 00 00 00 17 00
    00 00 0d 00 2a 00 28 09 05 09 06 09 04 04 03 05
    03 06 03 08 07 08 08 08 1a 08 1b 08 1c 08 09 08
    0a 08 0b 08 04 08 05 08 06 04 01 05 01 06 01 00
    2b 00 03 02 03 04 00 2d 00 02 01 01 00 33 00 26
    00 24 00 1d 00 20 4f f6 65 de 2e 43 5c d3 a6 c3
    29 ec c4 81 fc 68 b2 87 9f f3 39 7c 53 07 73 02
    d8 e6 7a 50 2d 55
<<< TLS 1.2, RecordHeader [length 0005]
    16 03 03 00 58
<<< TLS 1.3, Handshake [length 0058], ServerHello
    02 00 00 54 03 03 cf 21 ad 74 e5 9a 61 11 be 1d
    8c 02 1e 65 b8 91 c2 a2 11 16 7a bb 8c 5e 07 9e
    09 e2 c8 a8 33 9c 20 2b 10 d7 f7 42 6a 7c c5 be
    d0 c2 99 a1 33 1f 8a 60 92 4e e3 ba c5 71 c6 50
    62 d5 1c 29 e8 91 bb 13 02 00 00 0c 00 2b 00 02
    03 04 00 33 00 02 11 ec
>>> TLS 1.2, RecordHeader [length 0005]
    14 03 03 00 01
>>> TLS 1.3, ChangeCipherSpec [length 0001]
    01
>>> TLS 1.2, RecordHeader [length 0005]
    16 03 03 05 76
>>> TLS 1.3, Handshake [length 0576], ClientHello
    01 00 05 72 03 03 62 0a 02 ec 05 4e b3 06 c7 ac
    cf 97 49 4a 51 f1 02 db 75 32 45 e6 76 f4 74 0c
    fa 2c 5b 7c 30 27 20 2b 10 d7 f7 42 6a 7c c5 be
    d0 c2 99 a1 33 1f 8a 60 92 4e e3 ba c5 71 c6 50
    62 d5 1c 29 e8 91 bb 00 06 13 02 13 03 13 01 01
    00 05 23 00 0b 00 04 03 00 01 02 00 0a 00 06 00
    04 00 1d 11 ec 00 23 00 00 00 16 00 00 00 17 00
    00 00 0d 00 2a 00 28 09 05 09 06 09 04 04 03 05
    03 06 03 08 07 08 08 08 1a 08 1b 08 1c 08 09 08
    0a 08 0b 08 04 08 05 08 06 04 01 05 01 06 01 00
    2b 00 03 02 03 04 00 2d 00 02 01 01 00 33 04 c6
    04 c4 11 ec 04 c0 03 41 93 53 31 3f 41 03 24 5b
    3b 99 8f 64 61 b9 98 92 5f 84 8a 6b a6 1f 57 99
    53 da a4 46 a5 01 4e 84 08 23 1d f4 63 33 b5 9f
    2a f0 af a2 30 37 fc 59 94 20 22 a2 a4 26 37 32
    68 19 28 68 4a 25 3b 4a f6 2b b7 15 b9 36 9e 00
    74 10 17 4c 6c e6 75 e2 8a 76 4a c9 07 b0 85 ab
    dd 39 79 5c 20 c7 56 35 c2 fe ab 1c 9c 6a 46 21
    e0 6d cf d1 3d 42 9b 83 ae c2 2b 89 f2 a4 45 3a
    ce 6e ec 08 a0 d7 7a 4d 06 47 df a8 c2 69 a0 b9
    e8 57 17 32 91 63 ad a1 93 19 06 5a 52 f3 3a fe
    19 15 f6 84 ad 3d a4 74 66 52 87 00 a9 cc 6a 87
    95 59 04 9b 0e e7 91 46 2a 08 b3 9b 35 50 a4 13
    37 e3 8d f5 b9 9c 52 b0 b1 37 b5 21 6c e9 5e b7
    91 0b 1f 73 0e 33 50 82 de db 63 1a 65 ae 59 48
    3a 3f 00 8e 8e 95 98 92 0a 2f 1e d1 a9 df 9a cf
    38 26 93 f0 05 0d 7b 10 a2 0b 8c 79 3e 1b 53 69
    dc b0 aa c9 80 cf 80 bd 6a dc 6c a8 34 60 61 fa
    8e 7e 6c 78 05 b2 0b d3 1a 93 59 d1 89 05 80 39
    01 45 97 bf 99 62 10 66 08 1e d1 77 f1 72 ac 63
    3c bb a8 88 88 13 42 37 67 67 43 d2 8c cb 39 53
    c9 1d 4a c3 4d b5 60 ff a6 c4 bc 75 6d f0 30 85
    20 e7 1e 5b 00 29 53 96 7a af b2 cb dc 52 8f 59
    d8 6b dc bc 15 3b 41 b1 51 70 5f fe 4a 02 25 e3
    65 61 50 37 92 98 68 d7 3c 29 7b a7 8b ad 70 c0
    50 99 14 91 e0 67 31 32 13 e1 7a 22 8e 45 06 af
    79 76 30 a6 b2 f6 5c 80 48 29 84 51 d4 c2 75 d4
    c7 ab 24 c6 bc 70 c6 cd 73 bd ac ba 68 d7 c4 5a
    e2 71 b8 df fa 66 a2 a7 5a 14 7a a5 80 fb 1d c2
    c8 b3 07 d2 09 1f 01 8b b3 01 97 d0 61 46 65 47
    63 57 a1 74 ec 4b 9b da 73 95 75 fa 71 18 f3 13
    0f 22 9f b8 a2 bf 94 9c 11 ba 78 87 5b 35 33 d9
    f6 89 cc cc 39 86 45 b6 92 84 0c 31 7c 42 f5 f0
    47 00 00 c4 88 e8 b3 aa 53 6d 82 0c 86 4d 90 56
    3a 04 19 a0 39 83 e2 37 75 6b b6 04 8e 8b 15 e3
    01 c4 ef 68 53 c1 9c 17 11 eb 3b 6d 4c 3f 2b 5c
    73 e0 e1 b1 9e 22 68 4d 96 c7 9f 27 80 0f f6 7c
    ae b4 29 a7 d6 05 21 26 a0 9a c3 59 08 f6 a9 5d
    17 21 a2 eb 82 9a d6 cc a1 b6 ac 99 e7 bf b7 f8
    6b c2 0c ac e6 70 50 a3 b9 78 39 d3 3f 75 64 1b
    3e b3 b2 84 4b a3 c6 5b 65 e9 c1 4b 29 79 a5 d8
    c7 1b 44 13 9d e1 07 1a a0 29 75 84 f4 2c df 8a
    1f ea 9b c8 62 76 a3 8c a6 3a 2f d3 2d f2 a5 97
    3f 41 3f 8c 43 98 41 8a 88 97 05 b9 2d c2 3c 05
    62 c8 52 95 60 5d c4 1d b4 65 0e e2 a9 44 35 49
    50 a3 e1 7c fd 66 64 40 86 a9 4d 64 63 42 24 81
    2f 13 5d fc 5b 90 7e 30 2c dd 56 a7 6e 2c 03 56
    80 c8 2f e7 02 bd 60 12 74 6c 7b 20 62 b0 bd d1
    25 19 5b 25 e4 ba 7e a0 c6 55 cb 40 31 5b 83 1b
    82 93 9b 8f ec 3a 25 1c 1b 04 78 4b fc 0c 19 d9
    5c 0d bc 4b 4a 28 1a 03 70 21 c6 14 80 11 cd 60
    80 2d a9 96 93 aa c5 f4 86 c6 58 14 70 08 98 a1
    41 50 27 ae 65 8d 5f c4 71 13 a1 ac 25 f3 6f e7
    d0 07 c9 ec 69 23 61 08 43 27 3f 0a 21 1e 0b e1
    c1 ba 0a be eb f9 b7 19 a5 5e 8c 06 6f 99 f5 4b
    7a 62 06 31 48 58 8c ba 53 33 a2 27 6e 3b 72 f6
    8b c7 ed ec 8b ff 38 b9 3a 21 b7 0d d3 80 4c 43
    82 82 69 05 c4 c9 89 94 4b 4f aa 09 0c 0a 54 3d
    83 6c ce 50 0c 21 d2 7a 27 07 94 b0 6b b9 11 7b
    89 cf 8a 12 ca 27 20 8a 42 7b 49 c1 86 bc 7c a3
    95 eb 15 19 20 97 be 99 86 7c 84 d6 6a 9c 96 b9
    43 46 0a 6a a8 66 77 59 cd a6 39 39 33 e3 43 56
    f6 ab 52 33 c0 a1 0c a7 6f b7 84 dd a5 cf b2 bc
    4f e0 91 9a 62 1b 2b e7 bc 13 45 63 b1 ed 17 73
    4c 39 94 af 3c 36 8b 80 b0 4b 88 05 73 79 2a 1f
    ea 4c 47 68 ce 85 12 58 12 87 4a 2e 3a 85 ce 17
    c9 1f 04 c4 66 80 b3 41 c7 6f f1 e4 4a cb 25 67
    ac c1 c4 ba 56 40 2a 76 0b a5 81 9d 72 b8 0c d5
    a0 05 cb 6a 72 3f c4 12 07 a1 bb 2b 47 24 9d f3
    86 a9 09 7b ef 82 a0 d7 a9 2a f8 b2 b9 b7 86 9d
    24 72 b1 c6 c4 33 b8 01 85 b9 e3 1f 38 76 86 44
    19 7c a3 13 70 a1 5a 5c 4f 62 14 17 d8 7e 8d 92
    55 16 4b be 7e 00 47 c7 20 30 80 20 c1 51 0c 7f
    4a 82 68 77 e9 14 e0 94 3c b4 e8 df 4f 85 da 5a
    a1 ae 92 97 70 d0 d8 95 4e e2 93 99 d6 5c 52 b2
    79 a3 f8 83 0e 10 39 10 37 19 c5 18 5c 71 76 c7
    cf 4e d0 5a c2 7d fc f2 2a 01 d5 da 09 cf 07 1d
    2b 23 0c 8e cb 26
<<< TLS 1.2, RecordHeader [length 0005]
    14 03 03 00 01
<<< TLS 1.3, ChangeCipherSpec [length 0001]
    01
<<< TLS 1.2, RecordHeader [length 0005]
    16 03 03 04 ba
<<< TLS 1.3, Handshake [length 04ba], ServerHello
    02 00 04 b6 03 03 bb c6 c7 c7 4d f1 d2 b3 ad 95
    4e 93 08 a6 2d 1a c9 ea fa ba 14 47 61 d8 a9 2d
    5a de 56 b6 9f 5b 20 2b 10 d7 f7 42 6a 7c c5 be
    d0 c2 99 a1 33 1f 8a 60 92 4e e3 ba c5 71 c6 50
    62 d5 1c 29 e8 91 bb 13 02 00 04 6e 00 2b 00 02
    03 04 00 33 04 64 11 ec 04 60 86 1b b1 8a 07 ce
    97 c5 61 ec 3e 00 77 63 6c 4f e6 68 41 08 e9 28
    e0 45 4b e1 dc 3a 32 14 43 55 f7 01 8c 2b 32 d0
    34 e9 b8 5f f9 67 fa 7f 65 74 be 3c 46 1b af 11
    f2 6e c7 7c 6d a3 11 09 20 35 ec 7d 65 bb f0 01
    21 7f 26 08 dd b2 1f 9c b6 e9 98 45 7c d7 0d a5
    5b f3 29 ba 20 d2 ae 06 c5 5b 27 f9 2f ff a1 cb
    3a 65 1b 8c 89 df 90 a0 97 df cd 1d ac dc fd 4a
    fb 4e ba 5b 83 48 fc 9e ab 9a 00 45 23 8d 96 a5
    d5 d8 fe c4 dd a9 82 97 4d a6 27 df ff 49 a1 55
    1d 40 ab 25 7a 1d c1 db 1b cf 91 6b 39 ad 03 49
    64 65 31 99 1f d7 55 ef ad 03 1f 03 0e c8 0a 1d
    dd ae 6e 23 28 ff ba cb 3a 78 cf fc 20 98 05 48
    18 43 70 8d b0 54 c4 29 aa 9f aa 2e 7f 49 40 c9
    a9 dc ca 37 3b d2 eb fe 86 79 4e 84 ca ab 4b aa
    39 cd 3e 51 60 3a b9 61 80 91 77 91 c8 54 ef 7f
    bc e5 fe c9 fc 73 c6 0c 54 d4 f0 ed ed 66 af e2
    c6 7c 93 c7 7e bc 6d 71 03 81 fe ef 78 17 85 b7
    e9 8d 7b 76 ca 14 47 63 32 59 dd 58 ca 44 5a d3
    88 0c e0 86 1a e0 da 91 0c 4a 88 72 2d f7 ac c0
    c1 3d b0 ec e5 fc a8 0a 1a 2e 01 df fc 5d b3 59
    4d 6e ec ab f2 c1 87 4f 82 37 2d 69 bc a0 8a 2c
    91 6b 73 e3 aa 43 8a 29 80 92 8e f1 11 7a 48 82
    dc cb 39 76 e2 9f 93 d0 57 a4 72 3b d8 83 01 04
    72 85 2d 91 71 56 95 ec b5 eb 74 3d c7 e2 e3 66
    5f cd aa 9f 83 d7 3b 1f 5d b3 89 79 5e 2a ed 46
    0e e7 49 c6 73 36 e4 be ca c4 7b 94 a6 7f f7 cd
    a7 c2 a6 fe 1a 7b 0c 7a e1 b5 88 56 8e 7c 0a 66
    cb cd 53 4a 97 d4 55 f8 9c fd 41 7e ee 02 7d df
    dd c6 75 da 3d 11 41 09 63 7a 4b 4c 52 7c b0 3d
    a4 68 b7 cc 02 af e9 65 82 eb 2f 13 a0 6f 6e 42
    11 d0 0a 14 78 a2 79 a7 ab e9 55 c0 e3 94 85 82
    2f a3 a4 bd ee 8e 5f 3d b1 fe 55 68 c8 02 79 19
    78 16 76 8f 60 6b e7 2a b6 ef 00 21 1d 41 5b e2
    1a 5e 90 8e b5 fb ee 87 4c a5 35 1f ef fb f5 b3
    b8 c6 47 3b 77 bb e7 90 a3 a8 0c 2e 55 39 70 70
    f0 70 fc a9 eb 42 01 c6 08 7e cc 81 b2 93 20 6d
    8e 30 ce 85 4b 23 e9 db 5b fe df 91 1d 18 dc 43
    47 5b 4c c6 d3 0f f7 01 dd a2 18 9c de 61 0a 2b
    7a 91 04 c8 30 3a 60 fc 3e 49 25 09 e6 1e 74 98
    cc 2a 57 f7 27 62 a2 73 42 24 09 c7 6f b1 8f aa
    14 37 e5 9d 4a b1 f0 87 4c a5 02 0b c5 52 91 23
    ad fa d1 01 6a 1e 15 0e 57 c4 81 6d 0f 63 f0 5a
    6f 53 1c 0c 65 25 c8 13 f7 d4 94 8b fa 30 40 64
    49 35 2c 65 28 37 24 b5 ae 29 05 84 b3 f6 40 29
    4b 89 40 32 ce 03 07 2b a7 26 67 42 a0 ff b0 fd
    89 69 ea f6 47 05 57 41 fb 0a 31 f7 d7 60 b8 65
    6f 1c 9e 5d 1f ad 22 b4 12 f9 05 a4 e2 8e ff 1a
    be d0 8c 2e f2 40 9d 18 5e 68 d6 57 81 55 ca a9
    26 8d f1 80 79 56 05 f0 98 ea 31 48 fa 1b 6f 92
    77 fd 00 d2 b6 76 6d f0 32 4f a8 a2 14 48 54 24
    6d cb d6 5d 58 8a cb 21 27 d4 7a d4 3d 87 40 c3
    cf 4c c2 6a 59 2a b3 bd 1c 48 47 f4 ee fd c4 aa
    ea 57 8e a2 04 48 06 3b c3 5a ca 33 2e 7d a2 64
    fd 91 73 3a e6 91 a8 91 64 80 87 a1 13 18 0f 64
    6e 87 4b 1f b6 8c 11 c8 27 e7 34 d9 a6 73 86 fc
    4c 9b 7f 58 e2 39 95 4a b9 4c b8 de af 78 9a 04
    ee 28 e3 50 29 ae 6f 53 4e 56 94 f9 2d 29 82 09
    62 86 2c 9a c0 32 bb 16 27 f8 74 d1 26 0b 13 b1
    4c 8b 4a 33 17 2e 5d af 4c 3a 40 af e8 96 dd 15
    8d 46 4f 8d e1 2d de d9 45 fb 26 11 a3 cb 98 44
    79 91 df b0 63 49 da 0a c7 d7 d0 f1 e8 bb e4 a6
    80 f7 97 e7 f8 2d 3f 4e 36 97 49 fe 0e 78 58 13
    0f 4f e0 d8 51 81 1d 96 17 4f 94 54 9f 31 f4 0e
    44 ba 09 d9 1d 33 f4 eb 1c 5d 53 c8 2d ae d3 ab
    4a 5b 40 2a 8d ae 57 9c 52 09 cf 89 6f a6 ef 4a
    32 8b d6 9b 9c f6 0c 74 b3 63 a0 33 7d 5c fd 02
    59 0f a0 97 c3 95 2d 48 6d ce e2 2d 0d 1a 2c 38
    6f 6a be 23 e5 f7 f8 23 04 c2 d0 86 64 a7 09 44
    e4 0d 9f 63 cc 67 ee 99 81 19 8d 65 5e cc 83 59
    5d 88 38 3b 4c 71 0b 45 a2 24
<<< TLS 1.2, RecordHeader [length 0005]
    17 03 03 00 17
<<< TLS 1.3, InnerContent [length 0001]
    16
<<< TLS 1.3, Handshake [length 0006], EncryptedExtensions
    08 00 00 02 00 00
<<< TLS 1.2, RecordHeader [length 0005]
    17 03 03 03 47
<<< TLS 1.3, InnerContent [length 0001]
    16
<<< TLS 1.3, Handshake [length 0336], Certificate
    0b 00 03 32 00 00 03 2e 00 03 29 30 82 03 25 30
    82 02 0d a0 03 02 01 02 02 01 02 30 0d 06 09 2a
    86 48 86 f7 0d 01 01 0b 05 00 30 12 31 10 30 0e
    06 03 55 04 03 0c 07 52 6f 6f 74 20 43 41 30 20
    17 0d 31 36 30 31 31 34 32 32 32 39 34 36 5a 18
    0f 32 31 31 36 30 31 31 35 32 32 32 39 34 36 5a
    30 19 31 17 30 15 06 03 55 04 03 0c 0e 73 65 72
    76 65 72 2e 65 78 61 6d 70 6c 65 30 82 01 22 30
    0d 06 09 2a 86 48 86 f7 0d 01 01 01 05 00 03 82
    01 0f 00 30 82 01 0a 02 82 01 01 00 d5 5d 60 6a
    df fc 61 ee 48 aa 8c 11 48 43 a5 6d b6 52 5d aa
    98 49 b1 61 92 35 b1 fc 3a 04 25 0c 6d 79 ff b4
    d5 c9 e9 5c 1c 3b e0 ab b3 b8 7d a3 de 6d bd e0
    dd d7 5a bf 14 47 11 42 5e a6 82 d0 61 c1 7f dd
    13 46 e6 09 85 07 0e f2 d4 fc 1a 64 d2 0a ad 20
    ab 20 6b 96 f0 ad cc c4 19 53 55 dc 01 1d a4 b3
    ef 8a b4 49 53 5d 8a 05 1c f1 dc e1 44 bf c5 d7
    e2 77 19 57 5c 97 0b 75 ee 88 43 71 0f ca 6c c1
    b4 b2 50 a7 77 46 6c 58 0f 11 bf f1 76 24 5a ae
    39 42 b7 51 67 29 e1 d0 55 30 6f 17 e4 91 ea ad
    f8 28 c2 43 6f a2 64 a9 fb 9d 98 92 62 48 3e eb
    0d 4f 82 4a 8a ff 3f 72 ee 96 b5 ae a1 c1 98 ba
    ef 7d 90 75 6d ff 5a 52 9e ab f5 c0 7e d0 87 43
    db 85 07 07 0f 7d 38 7a fd d1 d3 ee 65 1d d3 ea
    39 6a 87 37 ee 4a d3 e0 0d 6e f5 70 ac c2 bd f1
    6e f3 92 95 5e a9 f0 a1 65 95 93 8d 02 03 01 00
    01 a3 7d 30 7b 30 1d 06 03 55 1d 0e 04 16 04 14
    c0 e7 84 bf e8 59 27 33 10 b0 52 4f 51 52 2f 06
    d6 c0 7a cd 30 1f 06 03 55 1d 23 04 18 30 16 80
    14 70 7f 2e ae 83 68 59 98 04 23 2a cd eb 3e 17
    cd 24 dd 01 49 30 09 06 03 55 1d 13 04 02 30 00
    30 13 06 03 55 1d 25 04 0c 30 0a 06 08 2b 06 01
    05 05 07 03 01 30 19 06 03 55 1d 11 04 12 30 10
    82 0e 73 65 72 76 65 72 2e 65 78 61 6d 70 6c 65
    30 0d 06 09 2a 86 48 86 f7 0d 01 01 0b 05 00 03
    82 01 01 00 7b d3 04 43 75 8a 0f 11 ae c4 fb d7
    a1 a2 9e fe 20 18 d5 f4 2f 31 88 46 b6 75 8c ee
    e5 9b 97 a6 b9 a3 cd 60 9a 46 c3 48 97 e5 97 68
    f7 5a 86 35 73 d9 69 9e f9 5f 74 b9 e6 94 13 01
    cb 6a dc e3 c4 04 e9 65 da 9c a4 8b 28 f3 f9 9a
    7f bf 97 1f 45 92 e5 05 b1 56 e6 0b f6 47 de 1e
    89 b6 2b e1 4d df 4a 7e 01 d3 23 dc 97 8c 47 fe
    5f c7 cc 98 46 0e c4 83 5b ca 8a f1 52 09 be 6b
    ec 3f 09 8b d0 93 02 bf e1 51 e7 d1 7e 34 56 19
    74 d0 ff 28 25 de b7 9f 56 52 91 7d 20 29 85 0a
    80 44 5f 71 32 25 71 0f c2 16 e2 5f 6b 1d 3f 32
    5b 0a 3c 74 1c b9 62 f1 ed 07 50 a3 6d b4 b4 31
    0a c0 53 44 6a 3a 88 84 8b 2d a9 b0 37 8e e6 18
    36 bd 9a 20 40 0f 01 92 8b 3d aa 61 e7 ae 2c ed
    36 cd 3a 07 86 74 3a 29 b3 d7 3a b4 00 a9 c2 f5
    92 78 0e e2 0f a3 fe bb be e0 06 53 84 59 1d 90
    69 e5 b6 f9 00 00
<<< TLS 1.2, RecordHeader [length 0005]
    17 03 03 01 19
<<< TLS 1.3, InnerContent [length 0001]
    16
<<< TLS 1.3, Handshake [length 0108], CertificateVerify
    0f 00 01 04 08 04 01 00 a3 32 5a 26 0c 40 94 83
    f9 ec 61 1c 37 e9 8f 94 bb 57 8b 67 29 7e d3 75
    2f 55 91 8d bc d3 c3 d6 f3 ce 1e d5 9e 9a 83 a2
    b8 98 cc aa aa cd c1 76 7f 7d 00 6b bf ba a9 46
    03 92 92 9c 5c 4b 72 3c ca de cf df 07 dd 01 b8
    0f 89 58 5e 1d ff ce 79 e1 f7 f7 1b 09 c5 d5 49
    a7 13 3e cd 0f 43 9b e6 24 8d d3 c6 32 d4 e5 91
    7d df 13 91 de 08 21 e0 16 2b 84 ff 53 1b 03 7c
    09 1e 56 6c ae 36 92 32 dc 21 ed 12 63 14 63 77
    b5 3d 8a 6b f0 8b f0 00 25 35 eb af 25 14 d4 40
    4d 37 30 ff 9c 35 82 e4 a4 a3 88 ab db 9d 1b f1
    7b db 35 0b 69 43 06 29 18 a6 54 f2 19 dc d2 36
    e8 e7 b6 19 e1 84 1b 1a 74 08 67 77 e6 7a c3 46
    0c 38 57 f4 14 f8 85 6d a4 75 c4 ab 34 3d 01 6a
    e8 40 cd 95 2e 40 13 97 d9 68 38 8d c7 82 c3 b3
    9c 19 24 3b e2 84 df 4c 64 e1 8b 46 83 09 f0 cc
    1e 43 d9 99 51 74 87 05
<<< TLS 1.2, RecordHeader [length 0005]
    17 03 03 00 45
<<< TLS 1.3, InnerContent [length 0001]
    16
<<< TLS 1.3, Handshake [length 0034], Finished
    14 00 00 30 3f 8b a7 f7 ad 9c 25 0b d3 eb 1c eb
    7a 1b dc 21 f4 e6 ee 8c db 16 bc 05 11 db 2d 0a
    f7 7d 4b 41 fb 99 01 0e b5 8b 4c 35 69 73 86 17
    c8 a9 e1 c6
>>> TLS 1.2, RecordHeader [length 0005]
    17 03 03 00 45
>>> TLS 1.2, InnerContent [length 0001]
    16
>>> TLS 1.3, Handshake [length 0034], Finished
    14 00 00 30 0f aa 86 cb 60 9c a5 d0 e6 07 61 50
    7c fe 7d 82 60 dc 2a 24 f6 2e 5c 6b 1f 78 18 b6
    b7 a5 7a 0f 4a 0a c8 44 7c 51 2b 5f 97 e7 05 c8
    c4 c5 76 08
---
Certificate chain
 0 s:CN=server.example
   i:CN=Root CA
   a:PKEY: RSA, 2048 (bit); sigalg: sha256WithRSAEncryption
   v:NotBefore: Jan 14 22:29:46 2016 GMT; NotAfter: Jan 15 22:29:46 2116 GMT
---
Server certificate
-----BEGIN CERTIFICATE-----
MIIDJTCCAg2gAwIBAgIBAjANBgkqhkiG9w0BAQsFADASMRAwDgYDVQQDDAdSb290
IENBMCAXDTE2MDExNDIyMjk0NloYDzIxMTYwMTE1MjIyOTQ2WjAZMRcwFQYDVQQD
DA5zZXJ2ZXIuZXhhbXBsZTCCASIwDQYJKoZIhvcNAQEBBQADggEPADCCAQoCggEB
ANVdYGrf/GHuSKqMEUhDpW22Ul2qmEmxYZI1sfw6BCUMbXn/tNXJ6VwcO+Crs7h9
o95tveDd11q/FEcRQl6mgtBhwX/dE0bmCYUHDvLU/Bpk0gqtIKsga5bwrczEGVNV
3AEdpLPvirRJU12KBRzx3OFEv8XX4ncZV1yXC3XuiENxD8pswbSyUKd3RmxYDxG/
8XYkWq45QrdRZynh0FUwbxfkkeqt+CjCQ2+iZKn7nZiSYkg+6w1PgkqK/z9y7pa1
rqHBmLrvfZB1bf9aUp6r9cB+0IdD24UHBw99OHr90dPuZR3T6jlqhzfuStPgDW71
cKzCvfFu85KVXqnwoWWVk40CAwEAAaN9MHswHQYDVR0OBBYEFMDnhL/oWSczELBS
T1FSLwbWwHrNMB8GA1UdIwQYMBaAFHB/Lq6DaFmYBCMqzes+F80k3QFJMAkGA1Ud
EwQCMAAwEwYDVR0lBAwwCgYIKwYBBQUHAwEwGQYDVR0RBBIwEIIOc2VydmVyLmV4
YW1wbGUwDQYJKoZIhvcNAQELBQADggEBAHvTBEN1ig8RrsT716Ginv4gGNX0LzGI
RrZ1jO7lm5emuaPNYJpGw0iX5Zdo91qGNXPZaZ75X3S55pQTActq3OPEBOll2pyk
iyjz+Zp/v5cfRZLlBbFW5gv2R94eibYr4U3fSn4B0yPcl4xH/l/HzJhGDsSDW8qK
8VIJvmvsPwmL0JMCv+FR59F+NFYZdND/KCXet59WUpF9ICmFCoBEX3EyJXEPwhbi
X2sdPzJbCjx0HLli8e0HUKNttLQxCsBTRGo6iISLLamwN47mGDa9miBADwGSiz2q
YeeuLO02zToHhnQ6KbPXOrQAqcL1kngO4g+j/ru+4AZThFkdkGnltvk=
-----END CERTIFICATE-----
subject=CN=server.example
issuer=CN=Root CA
---
No client certificate CA names sent
Peer signing digest: SHA256
Peer signature type: rsa_pss_rsae_sha256
Negotiated TLS1.3 group: X25519MLKEM768
---
SSL handshake has read 2546 bytes and written 1702 bytes
Verification error: unable to verify the first certificate
---
New, TLSv1.3, Cipher is TLS_AES_256_GCM_SHA384
Protocol: TLSv1.3
Server public key is 2048 bit
This TLS version forbids renegotiation.
Compression: NONE
Expansion: NONE
No ALPN negotiated
Early data was not sent
Verify return code: 21 (unable to verify the first certificate)
---
>>> TLS 1.2, RecordHeader [length 0005]
    17 03 03 00 13
>>> TLS 1.2, InnerContent [length 0001]
    15
>>> TLS 1.3, Alert [length 0002], warning close_notify
    01 00
Connecting to 127.0.0.1
SSL_connect:before SSL initialization
SSL_connect:SSLv3/TLS write client hello
SSL_connect:SSLv3/TLS write client hello
SSL_connect:SSLv3/TLS read server hello
SSL_connect:SSLv3/TLS write change cipher spec
SSL_connect:SSLv3/TLS write client hello
SSL_connect:SSLv3/TLS write client hello
SSL_connect:SSLv3/TLS read server hello
Can't use SSL_get_servername
SSL_connect:TLSv1.3 read encrypted extensions
depth=0 CN=server.example
verify error:num=20:unable to get local issuer certificate
verify return:1
depth=0 CN=server.example
verify error:num=21:unable to verify the first certificate
verify return:1
depth=0 CN=server.example
verify return:1
SSL_connect:SSLv3/TLS read server certificate
SSL_connect:TLSv1.3 read server certificate verify
SSL_connect:SSLv3/TLS read finished
SSL_connect:SSLv3/TLS write finished
DONE
SSL3 alert write:warning:close notify
