CONNECTED(00000003)
>>> TLS 1.0, RecordHeader [length 0005]
    16 03 01 00 d6
>>> TLS 1.3, Handshake [length 00d6], ClientHello
    01 00 00 d2 03 03 5c c0 15 c1 a2 a0 0e 32 4d 5e
    a5 31 33 b7 80 6f bb 57 39 29 5e 46 19 05 15 44
    eb 77 43 a5 50 33 20 6c a3 a1 6c c6 3c ab 50 74
    bf b2 b6 53 c9 5d 37 7d ca d3 ff 7c 3c 94 30 84
    4b 52 50 34 19 35 56 00 06 13 02 13 03 13 01 01
    00 00 83 00 0b 00 04 03 00 01 02 00 0a 00 06 00
    04 00 1d 11 ec 00 23 00 00 00 16 00 00 00 17 00
    00 00 0d 00 2a 00 28 09 05 09 06 09 04 04 03 05
    03 06 03 08 07 08 08 08 1a 08 1b 08 1c 08 09 08
    0a 08 0b 08 04 08 05 08 06 04 01 05 01 06 01 00
    2b 00 03 02 03 04 00 2d 00 02 01 01 00 33 00 26
    00 24 00 1d 00 20 8a 0d 4f ff 3d 6b 28 5b 06 a5
    3a ec 03 9f 23 a0 4c 5b bb 4d f3 ab 45 6d 07 ed
    ef 7d 7a 52 44 50
<<< TLS 1.2, RecordHeader [length 0005]
    16 03 03 00 58
<<< TLS 1.3, Handshake [length 0058], ServerHello
    02 00 00 54 03 03 cf 21 ad 74 e5 9a 61 11 be 1d
    8c 02 1e 65 b8 91 c2 a2 11 16 7a bb 8c 5e 07 9e
    09 e2 c8 a8 33 9c 20 6c a3 a1 6c c6 3c ab 50 74
    bf b2 b6 53 c9 5d 37 7d ca d3 ff 7c 3c 94 30 84
    4b 52 50 34 19 35 56 13 02 00 00 0c 00 2b 00 02
    03 04 00 33 00 02 11 ec
>>> TLS 1.2, RecordHeader [length 0005]
    14 03 03 00 01
>>> TLS 1.3, ChangeCipherSpec [length 0001]
    01
>>> TLS 1.2, RecordHeader [length 0005]
    16 03 03 05 76
>>> TLS 1.3, Handshake [length 0576], ClientHello
    01 00 05 72 03 03 5c c0 15 c1 a2 a0 0e 32 4d 5e
    a5 31 33 b7 80 6f bb 57 39 29 5e 46 19 05 15 44
    eb 77 43 a5 50 33 20 6c a3 a1 6c c6 3c ab 50 74
    bf b2 b6 53 c9 5d 37 7d ca d3 ff 7c 3c 94 30 84
    4b 52 50 34 19 35 56 00 06 13 02 13 03 13 01 01
    00 05 23 00 0b 00 04 03 00 01 02 00 0a 00 06 00
    04 00 1d 11 ec 00 23 00 00 00 16 00 00 00 17 00
    00 00 0d 00 2a 00 28 09 05 09 06 09 04 04 03 05
    03 06 03 08 07 08 08 08 1a 08 1b 08 1c 08 09 08
    0a 08 0b 08 04 08 05 08 06 04 01 05 01 06 01 00
    2b 00 03 02 03 04 00 2d 00 02 01 01 00 33 04 c6
    04 c4 11 ec 04 c0 eb 37 ae 3d 59 05 16 c1 49 c6
    31 6d 4d 8a af c0 87 0c 2e a0 4e e9 f5 39 18 13
    bb fa e4 80 50 50 92 f7 43 2c 4d 6a 7e 03 47 0f
    54 a1 64 30 51 89 b0 3b 44 1e bc b7 d1 34 04 15
    c9 04 8d 65 8f 05 1c 9c 2e 9b c4 c4 46 af 15 18
    96 4b 98 3e 9d 54 83 4c 05 44 3f 64 73 15 71 76
    23 2b 42 08 a9 13 ae d5 38 9c 82 a4 05 eb a9 db
    53 a4 08 f8 54 7c e5 29 5b d1 08 ab 7c 36 8c 62
    65 1e d2 5d 76 66 9a fe d5 42 53 98 09 d7 13 2a
    20 71 2f c3 85 3f c4 aa 78 09 24 15 cc 2b 89 24
    82 33 11 46 b7 76 03 bf dc a5 38 b1 35 a0 78 f0
    cf fc 25 a4 9f 52 5e e7 b9 65 44 dc 1f 4c fb 47
    90 81 be f2 cc 75 d2 d4 4e 89 06 78 e2 77 4a c3
    33 b3 e7 66 85 f5 99 9d 3d 84 15 42 15 36 b1 f7
    6d 2b 42 63 1d b5 3b cd 78 9c 4e 0b 6f 2b 22 c8
    d0 fc c2 bd d6 4c c5 f1 62 65 10 a0 8f a5 a6 5b
    55 2c ea 2a 3c bc 6b c6 ad db a8 b2 d2 22 88 48
    21 35 a1 0f 13 d5 cf 82 f6 86 27 47 67 89 89 cb
    d2 47 77 eb a5 34 6d 78 a0 c2 05 b3 95 fb 94 42
    f8 61 ab 47 60 6c d7 bd be a3 0e 61 58 53 4e 14
    22 3c 20 bb ed b4 60 0b 54 06 2f 36 2c 41 74 66
    ea c0 1f 7b 41 97 d1 70 ac 96 84 3e 49 1a b2 57
    37 0b 80 94 72 b5 7a 2a d3 aa 15 07 f3 0f 91 ab
    87 1c cb c1 50 33 c1 f1 46 04 a0 77 99 5f 30 17
    dc 0a 8e 26 24 0b a2 02 4f a4 d5 13 3d 41 9a 8d
    88 96 1c 1b 6e d8 79 14 17 39 48 16 64 78 28 04
    71 47 42 69 ec 89 5c 7b 10 62 05 80 bf 57 b0 2e
    f0 3b 8e d2 cc 97 e9 5c 89 63 8c 32 c6 58 32 ec
    d2 c0 36 c2 be 5d 19 b9 47 74 9e 51 ba ab ca 58
    c2 bd 67 6b 19 f5 bc bb 80 a8 3b ab ce 05 43 28
    9e 32 37 c1 22 4f 45 88 5b 64 33 15 06 da 1f c1
    51 27 f9 ba 8e 8e a3 a0 dc f2 1f 85 82 60 3b c7
    91 c3 92 64 c8 a9 8a fe 62 6f 10 56 26 87 80 6c
    34 a1 c0 2a e9 00 32 e6 cc 92 e2 1a 92 e3 cc 73
    76 94 1e d1 91 50 93 13 34 c9 72 0d 04 46 9a e1
    ab 5d d2 28 69 d3 89 7a 62 64 92 f8 76 b7 fc c5
    76 c1 b5 f8 a3 b0 bf 22 5d 72 2a 5b ee 2c 3f 21
    5a 64 d2 04 c2 9a 14 22 fb f2 16 d3 38 15 3d b9
    87 05 0b c2 fe b5 03 53 7c ab e8 ac af 4e 48 56
    8b 03 c4 c1 cb b0 03 25 0a 1a 97 b3 e0 b2 3c b2
    22 16 9a 41 24 8e 04 9f f6 9b a7 cb 1c 78 c7 9b
    7b 12 22 94 c9 60 9d ed d7 43 9b 18 b8 1c 68 50
    7a 8a 74 fd b0 9a f9 9b 18 12 a3 5a f9 e9 cc 03
    54 82 22 f1 19 3b 36 51 df 46 2c e1 55 0d c4 d8
    2a 79 b9 1c 28 25 29 5c 40 cd 0e a9 b0 1d 33 80
    0c 84 36 80 17 07 d5 ab b9 e7 10 49 f3 f4 ba 1e
    77 4d 74 d2 2a 94 18 71 10 f5 0d 91 30 99 31 c2
    2e 5f a6 10 67 e7 38 b4 f0 61 88 58 17 94 88 b8
    13 ea 0a 13 ca 9c b6 57 2c cc 37 4d 19 a4 a4 c0
    f3 67 76 64 8e 60 cb 66 e1 a3 2a 32 97 36 95 8b
    09 6d 16 08 ca f6 1f 59 73 c2 da 9a 9d 81 3a c4
    a4 b9 09 92 fc 69 b8 b8 4c 32 e4 c6 4c 8a 9d 8e
    08 24 04 e7 6e 37 08 2b c1 14 a0 99 fb 35 03 b5
    78 b8 96 4b f6 85 91 c6 71 89 fa 61 b4 1e 65 94
    c4 f5 68 ff 9c cc 9e 3a 3c 41 9c c3 6e 79 34 8b
    d7 50 ff 2b 3d af 65 66 86 a5 0a d3 6b 56 9c 0b
    6c d6 f4 c6 5c 6b 63 40 27 4c f2 e7 4f e1 ea 55
    62 e9 09 b9 71 36 cb 83 2e f9 22 97 36 1b 8f 39
    c8 4d 5a f6 0b 18 35 bd 63 42 a9 34 5a 8c ec 70
    6f ba 00 95 a8 10 3a 30 ca 40 72 c6 ba f2 69 6c
    2c d1 2f 42 79 57 f9 b1 5f 5e bb 84 55 97 78 86
    d2 16 9b 19 34 fb 05 a0 9b 48 cf 61 17 77 f0 9a
    56 40 84 23 f1 77 68 f2 b9 18 95 d6 b2 b4 88 c3
    48 04 9d 7e 8b a3 df 12 8f 3d 21 bb cd db 97 ea
    1b 71 05 55 8e 4e 17 22 3f 25 82 73 a8 86 b9 f8
    47 e4 63 44 85 fc a8 93 48 19 5b 75 99 12 68 4d
    81 1c 27 57 f4 4b 27 d3 03 ac 2a cc e4 75 a5 4d
    67 53 fd d0 02 a3 78 15 98 5c 41 69 d3 01 59 28
    6a d3 13 7c aa 9a 6f bb 52 80 ef bc 92 23 a8 49
    32 40 47 0c 84 3d c2 23 32 83 18 68 c1 1b 3e 5f
    f1 af b7 08 12 bd f8 4e 10 79 c3 6b 88 20 c3 7c
    63 0e 77 4c 23 14 96 c8 47 c9 c3 b5 c6 36 64 bf
    10 10 c5 31 9c 33 a5 a6 c5 43 99 10 20 96 1b ca
    c6 81 7a d6 4b e0 33 c5 b4 7e b8 a4 3f 6b d4 af
    92 04 f8 84 24 de 73 37 ce b9 da 68 e3 ad 62 a8
    70 33 88 4a 08 7e bb fc cd 1c fd 00 1a 26 97 60
    95 e9 77 6f 2d 28
<<< TLS 1.2, RecordHeader [length 0005]
    14 03 03 00 01
<<< TLS 1.3, ChangeCipherSpec [length 0001]
    01
<<< TLS 1.2, RecordHeader [length 0005]
    16 03 03 04 ba
<<< TLS 1.3, Handshake [length 04ba], ServerHello
    02 00 04 b6 03 03 a3 68 ab 28 bd fc 55 bb 87 a2
    c6 3e 5a 9b d6 8f 42 5a 3d cd dd a6 5c a6 6f 1f
    d5 1d 24 72 19 84 20 6c a3 a1 6c c6 3c ab 50 74
    bf b2 b6 53 c9 5d 37 7d ca d3 ff 7c 3c 94 30 84
    4b 52 50 34 19 35 56 13 02 00 04 6e 00 2b 00 02
    03 04 00 33 04 64 11 ec 04 60 51 98 34 9a 5e 99
    8a 5c 04 fe 09 ed ff 73 42 40 39 d4 5e 85 b5 04
    bb e3 c9 7b 02 f7 a6 72 53 75 1d cc 5b e8 71 f0
    bf 35 d7 ef df 31 21 be aa 71 99 07 a1 5e 32 f3
    43 cc 81 dc 90 95 2a 16 88 e7 72 51 c5 24 0a cc
    ba 14 54 4f 52 07 f2 a6 67 8a 41 1b 25 f9 cc 7e
    b1 f6 eb 11 ff 9d 95 b1 01 e5 5d 8f 6d 7d f1 da
    37 6a b4 58 60 39 a8 06 6b 06 c6 14 9e 02 65 a9
    9f 27 b6 ec d6 97 9d 40 01 3e 4c df ef ae e2 be
    e4 1a 5a 3a e6 d0 4d 56 41 40 21 41 51 5f db 4e
    d2 0b b6 a9 46 c8 9f fc 08 3d b6 83 f4 2a 2c 09
    5d 46 c2 1b 84 ca f6 6d d0 40 1a b0 8e 48 89 7e
    2d 1d 59 d7 df 4d ba 18 83 7e e8 b9 28 87 2d 33
    5c e3 f4 5a 8a 74 2d 84 70 e9 f4 e3 75 a4 cf bb
    f4 d9 b6 42 39 a7 f2 a9 eb 79 ed 8d b0 d1 92 e9
    a7 61 89 55 a0 3a ef 3b d9 3c 44 64 bc eb a8 ef
    d0 d4 03 6a 54 01 44 8f 6b 8f 24 49 ba a9 01 48
    01 a3 88 3e c8 cd 12 a5 6c 88 21 20 7f 42 66 e7
    38 39 f8 8b ee 97 80 80 2f 2a a8 92 cb e9 ee f1
    5c ea d6 d9 0e 10 f1 3d 28 f0 a7 0d fd d8 d9 63
    97 fd 9b 49 32 6d 10 96 f0 5f c0 dd 75 ba 88 2a
    a9 9f 8b f3 62 b3 6b 65 bf 21 03 0b 72 e1 02 0e
    96 05 93 51 a3 cf 37 d2 dd 00 06 77 37 f0 64 5a
    1e 65 b8 94 b8 44 fb 07 a3 16 39 e8 62 9d 6b 37
    50 45 9d 03 c9 bf 81 12 e3 b9 08 81 c6 ad 71 f2
    e5 7d 30 c1 e1 d5 a6 bf 2a c9 05 79 5c cb c2 f0
    5d ea f4 7a 6a 9d 9a 19 8d 85 cc c7 40 ae 8b f9
    3d 4c 73 9b 40 48 f7 39 47 46 96 ed 47 77 37 6c
    e6 40 71 da 6c c4 bd 7f c8 13 36 dc b3 54 41 27
    2a 24 ed 1f 6d 55 f0 6a ab b8 dc 25 c6 7a 63 e1
    06 74 bd 50 e2 42 aa 3d 01 a9 03 cd c2 bd 6d 15
    f6 01 14 76 b4 1f 70 d4 fa 06 c7 cd cb 9e 8a 0f
    de 46 00 97 10 03 2e 22 fe 41 ed fd ca ac 96 6f
    bf cd 04 0f 02 b9 67 8b 90 27 7e 5b 4c d9 98 63
    77 89 e7 a1 85 0c cd e8 50 4c 85 18 f7 f7 88 0a
    ff c0 9e 1b b4 f0 14 03 c4 b4 6c ad f1 e5 9d ee
    b3 c8 40 4b 29 d9 f3 e2 13 6e 03 aa 16 f0 68 bb
    09 b8 e6 26 9b d3 a5 2a a3 9e ae 99 ed a5 e2 31
    a2 48 2b c2 08 23 41 23 85 77 00 1e 42 43 e3 aa
    21 44 5c d1 cd 9f bb b8 06 fe df 5e 65 98 a2 d9
    5f 21 34 1d 6e 00 21 09 06 cd ab bc 3b f8 c4 ab
    65 8c 24 36 28 33 99 92 74 5d 47 bd 0d 5f 2c cc
    df 9a c3 b7 ac f4 d4 7f 62 21 92 c2 b9 f4 ea f0
    a1 15 d3 93 7c e9 37 72 ac f9 9d ab 40 f2 29 46
    c8 51 34 e0 0c 3c 2f 7d 77 c8 35 ee b3 9d f7 55
    c9 c8 87 96 09 e6 5b 88 92 ed ce 13 75 a8 0e 63
    9a ca 98 06 e5 fa fe aa b2 aa 4d 9b 8a 03 b5 ac
    4f ea 79 d8 40 e9 cf 18 c7 2a 15 54 e1 fe 13 69
    b8 88 c5 85 d2 e8 7d 2c 19 bd 16 c0 be 65 83 67
    b0 d5 7f 6e 07 1d d7 83 ef c5 8a c1 32 4b 5e 2a
    76 ad a0 0f 4d e4 e4 be 2f b2 34 27 54 8e f0 95
    0c 6e 67 f6 4b 5c ca 4a e4 b3 85 50 19 c1 75 2a
    07 bc 04 c2 f8 f8 71 b2 ec 9f 5b 4f fd c6 7f 8a
    1a 71 8c 65 a3 94 5b ab 1c 23 b9 9b 85 5a 8e 78
    53 2c cb 86 76 60 9b ba d4 a2 94 51 99 cb a9 b4
    df 84 a4 9c 82 3e 88 eb ab 69 5d be 3d dd 9a be
    cf 05 f5 ca 4a d1 7c 4f c1 d5 a3 9e 75 4f 48 07
    63 85 58 27 5b e5 3e e6 1c 6b cc c7 ac d1 5a 76
    2b 51 43 81 a7 ba fa 77 32 17 b5 4b 12 b3 08 b4
    37 14 f3 c8 0a 78 ac 94 81 7d 74 71 4f 51 18 ea
    8c 8e 93 76 b4 48 97 f4 ac 5e 51 2b b4 7f d6 e4
    21 30 70 66 6f 24 6c 7f f3 75 9b 05 65 45 91 8b
    37 9c ff 86 db fb a0 5b 08 10 f0 ce ec 9e 77 0d
    75 cd ea c1 95 8c 9f 43 2a b7 ae 6b 2d 60 27 55
    f2 c8 34 c8 20 52 f5 32 e7 11 18 52 3e 13 0f 73
    aa 2d 75 8d 43 e4 82 14 ae 53 8a c2 d0 e6 8f 2a
    5f 98 48 23 16 15 7f 25 80 a4 96 42 46 02 2b 7b
    9a 7b ba a0 a8 3b d0 0c ca 57 3e ba 1c 3f 2e b1
    91 f0 3c 07 c8 4d a3 f4 6f 89 a3 d1 1b ba ea 68
    fe 0e 0d 61 bd 37 0d 5a 02 06 ca 21 57 b4 c6 db
    2b a9 50 66 3d e6 ff 0b 98 28
<<< TLS 1.2, RecordHeader [length 0005]
    17 03 03 00 17
<<< TLS 1.3, InnerContent [length 0001]
    16
<<< TLS 1.3, Handshake [length 0006], EncryptedExtensions
    08 00 00 02 00 00
<<< TLS 1.2, RecordHeader [length 0005]
    17 03 03 03 47
<<< TLS 1.3, InnerContent [length 0001]
    16
<<< TLS 1.3, Handshake [length 0336], Certificate
    0b 00 03 32 00 00 03 2e 00 03 29 30 82 03 25 30
    82 02 0d a0 03 02 01 02 02 01 02 30 0d 06 09 2a
    86 48 86 f7 0d 01 01 0b 05 00 30 12 31 10 30 0e
    06 03 55 04 03 0c 07 52 6f 6f 74 20 43 41 30 20
    17 0d 31 36 30 31 31 34 32 32 32 39 34 36 5a 18
    0f 32 31 31 36 30 31 31 35 32 32 32 39 34 36 5a
    30 19 31 17 30 15 06 03 55 04 03 0c 0e 73 65 72
    76 65 72 2e 65 78 61 6d 70 6c 65 30 82 01 22 30
    0d 06 09 2a 86 48 86 f7 0d 01 01 01 05 00 03 82
    01 0f 00 30 82 01 0a 02 82 01 01 00 d5 5d 60 6a
    df fc 61 ee 48 aa 8c 11 48 43 a5 6d b6 52 5d aa
    98 49 b1 61 92 35 b1 fc 3a 04 25 0c 6d 79 ff b4
    d5 c9 e9 5c 1c 3b e0 ab b3 b8 7d a3 de 6d bd e0
    dd d7 5a bf 14 47 11 42 5e a6 82 d0 61 c1 7f dd
    13 46 e6 09 85 07 0e f2 d4 fc 1a 64 d2 0a ad 20
    ab 20 6b 96 f0 ad cc c4 19 53 55 dc 01 1d a4 b3
    ef 8a b4 49 53 5d 8a 05 1c f1 dc e1 44 bf c5 d7
    e2 77 19 57 5c 97 0b 75 ee 88 43 71 0f ca 6c c1
    b4 b2 50 a7 77 46 6c 58 0f 11 bf f1 76 24 5a ae
    39 42 b7 51 67 29 e1 d0 55 30 6f 17 e4 91 ea ad
    f8 28 c2 43 6f a2 64 a9 fb 9d 98 92 62 48 3e eb
    0d 4f 82 4a 8a ff 3f 72 ee 96 b5 ae a1 c1 98 ba
    ef 7d 90 75 6d ff 5a 52 9e ab f5 c0 7e d0 87 43
    db 85 07 07 0f 7d 38 7a fd d1 d3 ee 65 1d d3 ea
    39 6a 87 37 ee 4a d3 e0 0d 6e f5 70 ac c2 bd f1
    6e f3 92 95 5e a9 f0 a1 65 95 93 8d 02 03 01 00
    01 a3 7d 30 7b 30 1d 06 03 55 1d 0e 04 16 04 14
    c0 e7 84 bf e8 59 27 33 10 b0 52 4f 51 52 2f 06
    d6 c0 7a cd 30 1f 06 03 55 1d 23 04 18 30 16 80
    14 70 7f 2e ae 83 68 59 98 04 23 2a cd eb 3e 17
    cd 24 dd 01 49 30 09 06 03 55 1d 13 04 02 30 00
    30 13 06 03 55 1d 25 04 0c 30 0a 06 08 2b 06 01
    05 05 07 03 01 30 19 06 03 55 1d 11 04 12 30 10
    82 0e 73 65 72 76 65 72 2e 65 78 61 6d 70 6c 65
    30 0d 06 09 2a 86 48 86 f7 0d 01 01 0b 05 00 03
    82 01 01 00 7b d3 04 43 75 8a 0f 11 ae c4 fb d7
    a1 a2 9e fe 20 18 d5 f4 2f 31 88 46 b6 75 8c ee
    e5 9b 97 a6 b9 a3 cd 60 9a 46 c3 48 97 e5 97 68
    f7 5a 86 35 73 d9 69 9e f9 5f 74 b9 e6 94 13 01
    cb 6a dc e3 c4 04 e9 65 da 9c a4 8b 28 f3 f9 9a
    7f bf 97 1f 45 92 e5 05 b1 56 e6 0b f6 47 de 1e
    89 b6 2b e1 4d df 4a 7e 01 d3 23 dc 97 8c 47 fe
    5f c7 cc 98 46 0e c4 83 5b ca 8a f1 52 09 be 6b
    ec 3f 09 8b d0 93 02 bf e1 51 e7 d1 7e 34 56 19
    74 d0 ff 28 25 de b7 9f 56 52 91 7d 20 29 85 0a
    80 44 5f 71 32 25 71 0f c2 16 e2 5f 6b 1d 3f 32
    5b 0a 3c 74 1c b9 62 f1 ed 07 50 a3 6d b4 b4 31
    0a c0 53 44 6a 3a 88 84 8b 2d a9 b0 37 8e e6 18
    36 bd 9a 20 40 0f 01 92 8b 3d aa 61 e7 ae 2c ed
    36 cd 3a 07 86 74 3a 29 b3 d7 3a b4 00 a9 c2 f5
    92 78 0e e2 0f a3 fe bb be e0 06 53 84 59 1d 90
    69 e5 b6 f9 00 00
<<< TLS 1.2, RecordHeader [length 0005]
    17 03 03 01 19
<<< TLS 1.3, InnerContent [length 0001]
    16
<<< TLS 1.3, Handshake [length 0108], CertificateVerify
    0f 00 01 04 08 04 01 00 cd a0 e4 29 57 f7 92 d7
    7a 17 63 00 29 36 56 72 bf d3 1e 77 2c 30 f3 f1
    cf fa 28 18 a6 dd d8 ab 1c 11 90 58 24 62 c7 ab
    2e 60 a3 d3 8c e9 ff 05 26 f5 8c 74 ac 3a 83 98
    ac ae 8b d3 e0 2e 1f ad 3a f7 bf ee 43 cb 8a b6
    81 d8 9e 67 8e e2 93 5e 5d d2 69 e3 45 b6 d5 e5
    26 05 05 aa eb 4f a0 c6 75 18 8b 9f 26 f1 bb 68
    78 07 a8 1b 57 5a 55 41 25 85 8d ee a6 68 b5 96
    73 23 41 0f cf b5 5c 19 9c c6 0d c8 9b 26 f8 6b
    6a 37 76 04 fc cd 64 d8 bf f1 c2 7d 06 9c c0 b6
    f2 77 f5 ac 73 0b 29 b1 be 90 20 cd 0e f3 51 23
    c3 15 ec 1f 6e 6b 83 2b 56 09 af f5 7b fc 8c 0e
    b9 dc e0 47 ef 13 cc 7a cb 73 a2 0c d9 f1 de fb
    c9 8f 6c d4 2b 1a 1c 41 ea e7 32 2e e5 b6 fd 6a
    7f 10 15 57 fa e5 3f a0 49 dd cd 57 55 27 47 df
    1f 3e ee aa 73 b1 c7 28 ee d0 de ce 52 b9 f2 4a
    c1 0d 7c 81 b2 d8 4d 7c
<<< TLS 1.2, RecordHeader [length 0005]
    17 03 03 00 45
<<< TLS 1.3, InnerContent [length 0001]
    16
<<< TLS 1.3, Handshake [length 0034], Finished
    14 00 00 30 49 a9 b6 63 2f 81 21 e1 99 ae 8d 35
    7b 89 64 bb 16 16 b0 28 40 e3 b2 00 7f 5c 03 29
    15 f5 0e b6 7c 2e 61 64 49 22 c4 6a 80 ce 10 0d
    90 34 a3 13
>>> TLS 1.2, RecordHeader [length 0005]
    17 03 03 00 45
>>> TLS 1.2, InnerContent [length 0001]
    16
>>> TLS 1.3, Handshake [length 0034], Finished
    14 00 00 30 12 d2 72 2c 81 c7 43 15 70 24 3c cb
    51 3a 96 e9 2c ef f0 60 b4 ed 48 57 05 31 e8 ae
    11 45 2a f1 db 6d 72 ee 50 2d 27 8b b7 8e 72 5d
    5b 42 2e 96
---
Certificate chain
 0 s:CN=server.example
   i:CN=Root CA
   a:PKEY: RSA, 2048 (bit); sigalg: sha256WithRSAEncryption
   v:NotBefore: Jan 14 22:29:46 2016 GMT; NotAfter: Jan 15 22:29:46 2116 GMT
---
Server certificate
-----BEGIN CERTIFICATE-----
MIIDJTCCAg2gAwIBAgIBAjANBgkqhkiG9w0BAQsFADASMRAwDgYDVQQDDAdSb290
IENBMCAXDTE2MDExNDIyMjk0NloYDzIxMTYwMTE1MjIyOTQ2WjAZMRcwFQYDVQQD
DA5zZXJ2ZXIuZXhhbXBsZTCCASIwDQYJKoZIhvcNAQEBBQADggEPADCCAQoCggEB
ANVdYGrf/GHuSKqMEUhDpW22Ul2qmEmxYZI1sfw6BCUMbXn/tNXJ6VwcO+Crs7h9
o95tveDd11q/FEcRQl6mgtBhwX/dE0bmCYUHDvLU/Bpk0gqtIKsga5bwrczEGVNV
3AEdpLPvirRJU12KBRzx3OFEv8XX4ncZV1yXC3XuiENxD8pswbSyUKd3RmxYDxG/
8XYkWq45QrdRZynh0FUwbxfkkeqt+CjCQ2+iZKn7nZiSYkg+6w1PgkqK/z9y7pa1
rqHBmLrvfZB1bf9aUp6r9cB+0IdD24UHBw99OHr90dPuZR3T6jlqhzfuStPgDW71
cKzCvfFu85KVXqnwoWWVk40CAwEAAaN9MHswHQYDVR0OBBYEFMDnhL/oWSczELBS
T1FSLwbWwHrNMB8GA1UdIwQYMBaAFHB/Lq6DaFmYBCMqzes+F80k3QFJMAkGA1Ud
EwQCMAAwEwYDVR0lBAwwCgYIKwYBBQUHAwEwGQYDVR0RBBIwEIIOc2VydmVyLmV4
YW1wbGUwDQYJKoZIhvcNAQELBQADggEBAHvTBEN1ig8RrsT716Ginv4gGNX0LzGI
RrZ1jO7lm5emuaPNYJpGw0iX5Zdo91qGNXPZaZ75X3S55pQTActq3OPEBOll2pyk
iyjz+Zp/v5cfRZLlBbFW5gv2R94eibYr4U3fSn4B0yPcl4xH/l/HzJhGDsSDW8qK
8VIJvmvsPwmL0JMCv+FR59F+NFYZdND/KCXet59WUpF9ICmFCoBEX3EyJXEPwhbi
X2sdPzJbCjx0HLli8e0HUKNttLQxCsBTRGo6iISLLamwN47mGDa9miBADwGSiz2q
YeeuLO02zToHhnQ6KbPXOrQAqcL1kngO4g+j/ru+4AZThFkdkGnltvk=
-----END CERTIFICATE-----
subject=CN=server.example
issuer=CN=Root CA
---
No client certificate CA names sent
Peer signing digest: SHA256
Peer signature type: rsa_pss_rsae_sha256
Negotiated TLS1.3 group: X25519MLKEM768
---
SSL handshake has read 2546 bytes and written 1702 bytes
Verification error: unable to verify the first certificate
---
New, TLSv1.3, Cipher is TLS_AES_256_GCM_SHA384
Protocol: TLSv1.3
Server public key is 2048 bit
This TLS version forbids renegotiation.
Compression: NONE
Expansion: NONE
No ALPN negotiated
Early data was not sent
Verify return code: 21 (unable to verify the first certificate)
---
>>> TLS 1.2, RecordHeader [length 0005]
    17 03 03 00 13
>>> TLS 1.2, InnerContent [length 0001]
    15
>>> TLS 1.3, Alert [length 0002], warning close_notify
    01 00
Connecting to 127.0.0.1
SSL_connect:before SSL initialization
SSL_connect:SSLv3/TLS write client hello
SSL_connect:SSLv3/TLS write client hello
SSL_connect:SSLv3/TLS read server hello
SSL_connect:SSLv3/TLS write change cipher spec
SSL_connect:SSLv3/TLS write client hello
SSL_connect:SSLv3/TLS write client hello
SSL_connect:SSLv3/TLS read server hello
Can't use SSL_get_servername
SSL_connect:TLSv1.3 read encrypted extensions
depth=0 CN=server.example
verify error:num=20:unable to get local issuer certificate
verify return:1
depth=0 CN=server.example
verify error:num=21:unable to verify the first certificate
verify return:1
depth=0 CN=server.example
verify return:1
SSL_connect:SSLv3/TLS read server certificate
SSL_connect:TLSv1.3 read server certificate verify
SSL_connect:SSLv3/TLS read finished
SSL_connect:SSLv3/TLS write finished
DONE
SSL3 alert write:warning:close notify
