CONNECTED(00000003)
>>> TLS 1.0, RecordHeader [length 0005]
    16 03 01 00 d6
>>> TLS 1.3, Handshake [length 00d6], ClientHello
    01 00 00 d2 03 03 2f d3 49 86 f9 b0 2b c6 f4 1a
    21 cd 2d 40 91 75 10 c0 28 70 11 22 0c 8b 2b 10
    4a 0d 32 d4 da 64 20 cc 24 04 95 19 a9 10 4f 4b
    9d a6 e7 27 d7 86 78 aa ed 2a 32 fa f9 7c 67 3e
    74 fb da c3 99 92 03 00 06 13 02 13 03 13 01 01
    00 00 83 00 0b 00 04 03 00 01 02 00 0a 00 06 00
    04 00 1d 11 ec 00 23 00 00 00 16 00 00 00 17 00
    00 00 0d 00 2a 00 28 09 05 09 06 09 04 04 03 05
    03 06 03 08 07 08 08 08 1a 08 1b 08 1c 08 09 08
    0a 08 0b 08 04 08 05 08 06 04 01 05 01 06 01 00
    2b 00 03 02 03 04 00 2d 00 02 01 01 00 33 00 26
    00 24 00 1d 00 20 a5 16 dc a5 38 21 1a ce 6d 5b
    ee e7 69 bb b6 f0 56 7f 56 75 78 50 3f 7d b0 b9
    3a 5f bf 23 b7 22
<<< TLS 1.2, RecordHeader [length 0005]
    16 03 03 00 58
<<< TLS 1.3, Handshake [length 0058], ServerHello
    02 00 00 54 03 03 cf 21 ad 74 e5 9a 61 11 be 1d
    8c 02 1e 65 b8 91 c2 a2 11 16 7a bb 8c 5e 07 9e
    09 e2 c8 a8 33 9c 20 cc 24 04 95 19 a9 10 4f 4b
    9d a6 e7 27 d7 86 78 aa ed 2a 32 fa f9 7c 67 3e
    74 fb da c3 99 92 03 13 02 00 00 0c 00 2b 00 02
    03 04 00 33 00 02 11 ec
>>> TLS 1.2, RecordHeader [length 0005]
    14 03 03 00 01
>>> TLS 1.3, ChangeCipherSpec [length 0001]
    01
>>> TLS 1.2, RecordHeader [length 0005]
    16 03 03 05 76
>>> TLS 1.3, Handshake [length 0576], ClientHello
    01 00 05 72 03 03 2f d3 49 86 f9 b0 2b c6 f4 1a
    21 cd 2d 40 91 75 10 c0 28 70 11 22 0c 8b 2b 10
    4a 0d 32 d4 da 64 20 cc 24 04 95 19 a9 10 4f 4b
    9d a6 e7 27 d7 86 78 aa ed 2a 32 fa f9 7c 67 3e
    74 fb da c3 99 92 03 00 06 13 02 13 03 13 01 01
    00 05 23 00 0b 00 04 03 00 01 02 00 0a 00 06 00
    04 00 1d 11 ec 00 23 00 00 00 16 00 00 00 17 00
    00 00 0d 00 2a 00 28 09 05 09 06 09 04 04 03 05
    03 06 03 08 07 08 08 08 1a 08 1b 08 1c 08 09 08
    0a 08 0b 08 04 08 05 08 06 04 01 05 01 06 01 00
    2b 00 03 02 03 04 00 2d 00 02 01 01 00 33 04 c6
    04 c4 11 ec 04 c0 ba a0 a0 f7 6a ba 1c a8 a1 12
    ec 89 84 35 c7 ff 8a cb f9 80 96 3d 62 73 99 f1
    21 e1 09 ab 70 d7 aa 1a d4 bf a0 cb 3e a8 12 6e
    6b 11 66 ab 22 8b 9b 5a 69 dc 88 3f 8a c9 0a 37
    60 aa 71 a1 75 31 0a 7e 9a 12 c6 46 3a 39 f2 7c
    cf d9 99 7e 19 16 94 78 7a 0c 63 7a 75 d3 b4 88
    55 04 5a f5 5b c2 5f 42 75 77 1a 62 32 32 a3 58
    70 7f fb 07 c4 5d 16 27 01 50 62 f7 f2 bb ed 03
    a2 22 b8 1c 04 ba 86 e2 36 13 15 1c 9c 2a d6 98
    6a eb 59 23 e7 6b ee aa 41 96 72 ac 21 e2 4c 30
    73 53 6c 59 84 e8 89 04 ed b5 00 5b 52 45 57 6a
    7a 0b b6 74 64 e8 c7 1f a7 63 82 35 4b dd ab c3
    eb 05 1a be f3 05 a6 fa a7 5f f4 00 ef 0a 7a ab
    78 93 fd 42 0c 5c 57 61 05 48 a0 de c9 19 74 79
    77 52 a3 12 3f b4 b5 aa 84 49 a5 e2 aa 39 5a a8
    bc 35 15 ac b9 79 22 da c2 34 44 9a 77 27 51 85
    21 be 29 e5 26 89 56 8f 46 7a 81 e5 31 b9 d1 04
    31 86 78 6a b0 9a b5 41 01 c2 2a fa ce 5c a7 11
    5c e2 31 32 19 a9 62 90 05 9b 2b bf c8 2c 11 d3
    36 30 b3 82 00 53 c8 10 14 1c 26 f7 27 19 79 d4
    57 68 2a 02 6d 63 45 b8 a2 81 0a f4 22 04 9a 95
    84 16 33 78 e1 58 42 12 b8 ec f3 8a 08 d9 0a f8
    39 b7 06 8b b6 75 66 95 7c c6 cb bc 39 3e 51 67
    81 d5 dc a3 7f 10 98 8a d8 a8 81 f9 ba 9e 9a ae
    b9 20 c1 06 c7 64 84 59 94 ce 84 24 fd 41 37 be
    2c c0 18 07 57 f6 db 79 ae 67 9c fe 50 97 b7 38
    39 84 38 15 9f 32 a3 4e f7 3c 09 f8 29 af 8c b8
    78 d9 64 27 5a 8b cb 19 ce db 22 8b cf ac 42 a8
    d7 98 63 f7 06 e1 9b 2d 1f a2 ca 2f 14 2f 74 ab
    7d bb d7 8a 1d 19 b8 7e 00 ac 36 c7 c1 75 22 2e
    e4 22 bf b3 b7 37 cc ba 05 fc 55 64 10 71 7b 88
    21 0b 87 60 25 38 f0 72 37 d9 c1 88 29 b5 43 43
    cf 75 3a 4a 5a 90 8a 63 96 97 ee ec 1d 44 60 8d
    26 14 bb d3 35 9b 51 02 09 9d 05 d0 b9 16 5c bd
    05 9a d8 27 aa 16 61 21 79 44 1e 9f 01 73 5d c1
    9f ac 59 8a 12 06 14 aa f9 30 fb 37 94 4c 86 4e
    2d 28 b7 4a 9b 29 59 12 69 6d 39 87 b0 f0 be 07
    42 ae 5f f8 24 35 b7 1d 40 10 60 4e 60 0c 6a 0c
    ba 28 a6 2d 23 8c 4e d8 bb 6e d7 21 87 09 85 9a
    13 fa c5 e4 96 bd a3 ba 8b 65 82 42 bb 5c 70 a2
    f2 b0 8e b1 b5 71 b9 65 3d 64 23 59 58 2f da ca
    33 c2 17 bb ff b2 04 dd aa b6 9d 85 2e 40 21 49
    dc 23 21 8b 93 a5 aa 20 49 ad bc 23 48 4b 97 2c
    3c 2a 20 2a 43 cd 07 70 56 90 9b 51 14 29 39 83
    1c e4 17 27 20 13 ca 58 1a c7 00 eb b7 32 84 5b
    ad 15 68 63 09 43 66 fb 20 e0 00 92 46 85 10 aa
    7c 63 fb 7a 43 8f 65 5e ea 57 26 7b 9a 86 18 3c
    90 24 12 29 eb 30 95 f3 92 17 83 e4 c8 5c 98 c4
    c3 da 24 ae 51 ba 14 53 ac 4d 88 85 90 26 9d 4e
    7b 15 f1 06 ca 1d 80 7f 06 c0 3d dd 95 9d 0d b0
    69 e3 fc 62 7c c6 49 63 9a 12 fe a9 b7 ed 77 5a
    36 05 14 d3 cb 73 a4 9b 92 4c 8b ca 62 f1 46 e7
    b9 8d 75 d4 ab 6a cb 20 65 91 23 70 79 be e5 c0
    5a 66 e9 43 04 a4 5f 07 c4 c3 be fb 59 43 a7 c7
    bf ba 82 46 36 9c 62 17 48 88 9b 41 9e fc aa a4
    d5 34 87 b4 bb 31 35 43 61 ea 57 cf 73 65 7f e7
    cb f1 02 ce 96 08 1a 4a c3 29 53 16 bb fd a8 ce
    cc 49 73 34 54 a5 65 37 6b 98 34 70 48 74 33 f3
    85 9d 4c 48 9c 95 64 75 70 32 c4 70 01 c3 0f 38
    bd 3b 30 93 98 19 97 e8 35 b5 65 b4 c8 6f d2 72
    a2 62 4f 6e 2b 72 1d 33 b8 61 81 cd 09 59 0f ae
    71 3b c8 11 72 ea fb 3a 10 52 89 bf 51 b0 0f 38
    c2 e5 d3 c2 58 d8 0c 12 1a b2 bf a4 b5 57 71 ba
    36 e8 69 04 1a a0 1b 42 15 8a 97 6f 0b 59 51 5d
    2c 9e 44 43 b2 67 80 5a 41 39 92 6a b1 6c f8 31
    2e a7 58 7c 36 c5 8b b7 d8 bf 06 79 c0 60 47 1e
    d9 8b c7 49 87 62 56 2c 7d 49 69 35 17 c4 c0 59
    54 14 2f 72 a8 95 a1 31 22 54 9f 07 4b 4e 05 b9
    a7 87 d2 0b 36 3c 53 56 c4 41 1c 10 11 34 65 b4
    d0 c2 9a 43 63 98 56 3b 40 44 f3 5a 4d 72 b8 c4
    ca 0a 75 43 0c 40 9c 04 7c 60 7f a7 75 15 a6 33
    9c ec 61 ba 43 57 5d 4c 52 98 ff 00 69 4b 0b c8
    9b e1 8b e1 c9 b0 3d a9 85 57 b0 c7 4a a2 ea 79
    b4 36 ea 25 c9 88 19 f7 17 5a c9 b5 23 bc d6 92
    73 f0 d3 85 85 d9 ef f6 86 cf d5 70 6a 24 9d e3
    94 1b 46 5d ae 2b a9 72 9e c2 33 8f 2b c3 a4 37
    ed 54 da f6 53 66
<<< TLS 1.2, RecordHeader [length 0005]
    14 03 03 00 01
<<< TLS 1.3, ChangeCipherSpec [length 0001]
    01
<<< TLS 1.2, RecordHeader [length 0005]
    16 03 03 04 ba
<<< TLS 1.3, Handshake [length 04ba], ServerHello
    02 00 04 b6 03 03 b9 a8 a7 3c 59 9c c6 99 fe fc
    c5 83 2d 03 d4 b0 ba de 95 7a 32 04 fe e4 bc 09
    a3 8b 83 de 3b 7a 20 cc 24 04 95 19 a9 10 4f 4b
    9d a6 e7 27 d7 86 78 aa ed 2a 32 fa f9 7c 67 3e
    74 fb da c3 99 92 03 13 02 00 04 6e 00 2b 00 02
    03 04 00 33 04 64 11 ec 04 60 64 b1 1e 5d e5 4d
    8d d8 57 61 ff 2d b2 82 e8 0c c2 b8 6e 0e 79 eb
    8b 6d bf a8 d8 57 e4 0e 19 7b 7b 2b 5a 51 da e0
    f4 69 a8 00 02 08 f1 a1 bc a4 10 74 ae 5f e2 47
    a3 b9 f4 0b 01 6d 92 05 9c 45 93 94 3b 2b 29 73
    d9 14 4c ce 5d ee 8b 57 90 83 38 de ad fb 32 1b
    60 01 4e 98 0e 6d 92 c1 fb 52 2b be 26 09 07 a5
    63 3e b9 56 c6 24 cf 86 02 d8 0d f5 49 6d 58 fe
    9f f1 e0 07 e0 e2 ac 13 ae 39 ec 63 d0 2a 11 d8
    c7 d4 dd 2b 7a b6 c1 f8 09 60 9c 94 05 13 51 8b
    b4 df a6 c2 5a 04 08 ee 4e 66 c0 ce b1 12 a5 f3
    c1 c8 26 71 ad 9e c8 13 d3 ed e5 59 f0 71 55 09
    31 a0 eb 88 e2 3d 05 9e 7b ad 76 48 fd d5 ad 02
    cb b6 e3 2a 86 13 ed 3d 3d 5d 6b c1 b2 8e 81 de
    6e 3a 9f 44 95 14 9a 59 19 07 8c 20 41 48 1a 6c
    e2 8b d7 20 80 c4 b8 a1 57 04 15 36 b3 30 58 73
    ef 32 88 1d 36 4c d2 9d 07 10 eb ae 33 df 1c 46
    6f 88 c5 68 1c 99 8e e2 4f d0 65 3d 33 8b 71 d2
    0f f5 35 38 de cd 60 d9 81 ea 02 70 99 11 b3 29
    b5 30 19 b9 56 04 44 77 58 4a b3 d3 ba 2f 3a e4
    7d 54 43 58 5f bc bd d1 69 2b 7c c7 a7 74 88 0d
    a4 dc 7e 2d 5d b1 d1 11 35 02 7c 2a c7 cb 53 e3
    87 de bb 1e 2b b1 2f fb 61 b3 c2 e0 2c a1 62 1e
    81 75 da c3 6f 61 53 30 7e f0 b3 f7 92 b7 35 13
    d6 09 96 85 51 d0 63 e9 4a 1b 7d 7d 04 78 cb f3
    c9 3c 13 1d 88 b2 c7 88 61 97 ea ee 81 0a a0 09
    58 e6 91 35 d7 33 32 6f d2 12 a8 e3 82 47 9f cc
    b0 f6 24 96 d3 81 3f fe bf a4 b5 da 31 25 85 68
    e2 d3 09 50 ad 81 7b e2 db ea 83 f0 44 13 2c 12
    dd 39 b4 6c df e0 bd 69 34 bb 6a 95 be 6c be ed
    33 40 c6 de c7 fe d9 ed bc 89 5e 11 4f 52 04 f2
    5d 92 e3 74 27 d5 22 2b d9 5e 00 cf 5e 07 3f 39
    4b 1a 04 b8 85 95 cf fe 34 9f 9a ea 09 d2 c6 e3
    fc d3 4a 1f 6a 0d 1b 42 02 63 1e 26 f9 32 22 5c
    6a e7 f7 15 87 20 ee ea 53 e2 82 0c 8a aa 8d e3
    53 59 3e c9 c1 c1 88 0d ff 58 c8 07 db 92 b3 79
    a9 2c 6b d5 a4 bc 9d d4 12 73 e7 09 73 03 74 c5
    eb 26 a0 4f 0a b3 69 82 54 70 12 2d d3 b4 f7 9b
    40 26 35 fe 5f 64 5b 17 5c fc 96 57 20 78 38 72
    c5 1d 73 0d e5 3e 44 0c a2 8c 1f 59 46 81 ad 13
    dc bf b5 a1 50 f7 bd 4d ba ed d0 8f 46 f9 9b 75
    b3 b4 49 6e fd c6 6d c3 7c 3a 88 91 07 38 e9 41
    f4 38 dd db 32 35 79 ee 76 86 f5 6f 32 40 88 c4
    e7 dd 96 dc 1f ea 64 ed 20 b2 d6 06 8e 65 6f f7
    b2 0b a8 88 b2 a1 ec db 0e 47 1e 5e 74 63 5e 5a
    7d 9d e5 d2 8b 9d de f8 4a f7 40 62 05 b7 7e b1
    9a 3a 37 9c 4f 62 10 e5 15 ea 58 9d 67 b6 bf 91
    d2 14 4a ef 1e aa d1 06 fa 26 81 59 7c a8 65 0e
    66 63 8d cc 35 21 dd 89 30 e4 dd 1c 0c 5f 93 8d
    a0 db 11 aa f9 6c 30 51 87 26 a4 61 42 e8 42 4b
    28 da 3a f6 f6 b0 20 58 d7 a1 b7 4b f1 b4 11 0e
    40 aa 9b ff 28 b4 da b8 a8 8f e2 b3 15 20 b9 5b
    58 fe 66 96 58 36 0c 03 57 56 1b 3c b6 5f ac fb
    59 30 61 b9 79 65 a8 27 63 d0 d8 99 20 20 b0 c2
    f5 55 fd c2 22 20 ce fc cd 60 bd d9 80 8e 06 02
    f0 18 cb 14 3b f8 fc 30 7c 0e 93 22 fe a4 48 94
    1c 65 d3 4b c6 0c 35 c4 7d 87 9d 6d 7a 15 b6 6c
    8c 85 7d 00 06 77 11 80 cf fe d3 33 80 46 c4 c6
    77 f3 d8 eb b0 a9 45 eb 09 35 ac 52 33 28 47 31
    6a e3 00 1d 24 7e 6a e2 3c 95 c8 2a 14 93 e7 b2
    a2 64 5c c3 b3 b4 b2 70 ad 39 5f 29 e7 20 8a 4f
    cb 43 7e 04 ef 28 c0 ef 3b 9f 12 f2 e2 f9 37 7c
    a9 05 ec 12 24 bd 8d d6 c9 6b 4d 6e 4f ea 96 c7
    2f ac 9c 9e ba 9c ba e7 38 ac 21 46 71 d2 4a b5
    2a 85 28 46 7e 1d 69 97 10 64 e9 9d 0e 29 61 8d
    bd 2f 6d 8c 8b bc 6d 7e 75 24 98 c7 e7 e1 cf 8a
    f8 97 9d 63 02 08 b9 d5 04 3d a3 0b a5 f5 79 24
    0c 18 e9 18 6a ca d4 44 7c fa c9 25 c4 d6 bb 1c
    8d 29 e9 ce 5d 15 6b df af 39 d3 aa 51 6a 37 f9
    10 ff 73 22 ca d8 b5 24 19 50 7c 1a 8c c0 af 8e
    ea 55 74 14 31 fe 8a b5 cd 07
<<< TLS 1.2, RecordHeader [length 0005]
    17 03 03 00 17
<<< TLS 1.3, InnerContent [length 0001]
    16
<<< TLS 1.3, Handshake [length 0006], EncryptedExtensions
    08 00 00 02 00 00
<<< TLS 1.2, RecordHeader [length 0005]
    17 03 03 03 47
<<< TLS 1.3, InnerContent [length 0001]
    16
<<< TLS 1.3, Handshake [length 0336], Certificate
    0b 00 03 32 00 00 03 2e 00 03 29 30 82 03 25 30
    82 02 0d a0 03 02 01 02 02 01 02 30 0d 06 09 2a
    86 48 86 f7 0d 01 01 0b 05 00 30 12 31 10 30 0e
    06 03 55 04 03 0c 07 52 6f 6f 74 20 43 41 30 20
    17 0d 31 36 30 31 31 34 32 32 32 39 34 36 5a 18
    0f 32 31 31 36 30 31 31 35 32 32 32 39 34 36 5a
    30 19 31 17 30 15 06 03 55 04 03 0c 0e 73 65 72
    76 65 72 2e 65 78 61 6d 70 6c 65 30 82 01 22 30
    0d 06 09 2a 86 48 86 f7 0d 01 01 01 05 00 03 82
    01 0f 00 30 82 01 0a 02 82 01 01 00 d5 5d 60 6a
    df fc 61 ee 48 aa 8c 11 48 43 a5 6d b6 52 5d aa
    98 49 b1 61 92 35 b1 fc 3a 04 25 0c 6d 79 ff b4
    d5 c9 e9 5c 1c 3b e0 ab b3 b8 7d a3 de 6d bd e0
    dd d7 5a bf 14 47 11 42 5e a6 82 d0 61 c1 7f dd
    13 46 e6 09 85 07 0e f2 d4 fc 1a 64 d2 0a ad 20
    ab 20 6b 96 f0 ad cc c4 19 53 55 dc 01 1d a4 b3
    ef 8a b4 49 53 5d 8a 05 1c f1 dc e1 44 bf c5 d7
    e2 77 19 57 5c 97 0b 75 ee 88 43 71 0f ca 6c c1
    b4 b2 50 a7 77 46 6c 58 0f 11 bf f1 76 24 5a ae
    39 42 b7 51 67 29 e1 d0 55 30 6f 17 e4 91 ea ad
    f8 28 c2 43 6f a2 64 a9 fb 9d 98 92 62 48 3e eb
    0d 4f 82 4a 8a ff 3f 72 ee 96 b5 ae a1 c1 98 ba
    ef 7d 90 75 6d ff 5a 52 9e ab f5 c0 7e d0 87 43
    db 85 07 07 0f 7d 38 7a fd d1 d3 ee 65 1d d3 ea
    39 6a 87 37 ee 4a d3 e0 0d 6e f5 70 ac c2 bd f1
    6e f3 92 95 5e a9 f0 a1 65 95 93 8d 02 03 01 00
    01 a3 7d 30 7b 30 1d 06 03 55 1d 0e 04 16 04 14
    c0 e7 84 bf e8 59 27 33 10 b0 52 4f 51 52 2f 06
    d6 c0 7a cd 30 1f 06 03 55 1d 23 04 18 30 16 80
    14 70 7f 2e ae 83 68 59 98 04 23 2a cd eb 3e 17
    cd 24 dd 01 49 30 09 06 03 55 1d 13 04 02 30 00
    30 13 06 03 55 1d 25 04 0c 30 0a 06 08 2b 06 01
    05 05 07 03 01 30 19 06 03 55 1d 11 04 12 30 10
    82 0e 73 65 72 76 65 72 2e 65 78 61 6d 70 6c 65
    30 0d 06 09 2a 86 48 86 f7 0d 01 01 0b 05 00 03
    82 01 01 00 7b d3 04 43 75 8a 0f 11 ae c4 fb d7
    a1 a2 9e fe 20 18 d5 f4 2f 31 88 46 b6 75 8c ee
    e5 9b 97 a6 b9 a3 cd 60 9a 46 c3 48 97 e5 97 68
    f7 5a 86 35 73 d9 69 9e f9 5f 74 b9 e6 94 13 01
    cb 6a dc e3 c4 04 e9 65 da 9c a4 8b 28 f3 f9 9a
    7f bf 97 1f 45 92 e5 05 b1 56 e6 0b f6 47 de 1e
    89 b6 2b e1 4d df 4a 7e 01 d3 23 dc 97 8c 47 fe
    5f c7 cc 98 46 0e c4 83 5b ca 8a f1 52 09 be 6b
    ec 3f 09 8b d0 93 02 bf e1 51 e7 d1 7e 34 56 19
    74 d0 ff 28 25 de b7 9f 56 52 91 7d 20 29 85 0a
    80 44 5f 71 32 25 71 0f c2 16 e2 5f 6b 1d 3f 32
    5b 0a 3c 74 1c b9 62 f1 ed 07 50 a3 6d b4 b4 31
    0a c0 53 44 6a 3a 88 84 8b 2d a9 b0 37 8e e6 18
    36 bd 9a 20 40 0f 01 92 8b 3d aa 61 e7 ae 2c ed
    36 cd 3a 07 86 74 3a 29 b3 d7 3a b4 00 a9 c2 f5
    92 78 0e e2 0f a3 fe bb be e0 06 53 84 59 1d 90
    69 e5 b6 f9 00 00
<<< TLS 1.2, RecordHeader [length 0005]
    17 03 03 01 19
<<< TLS 1.3, InnerContent [length 0001]
    16
<<< TLS 1.3, Handshake [length 0108], CertificateVerify
    0f 00 01 04 08 04 01 00 7e b9 36 61 b8 45 60 fe
    7f bd e0 9d a4 05 ff 3e a1 32 54 52 5c 17 7c 4b
    58 af 43 97 91 fa 76 6f a5 0f 0a 4a 33 2c 79 7d
    63 d9 f2 11 4b 97 22 2b cc 49 05 90 ab cf bf f7
    cc 5c 4b 2e 4f 72 b8 49 4c e3 6b 1a fc 60 e1 4b
    62 49 0e 1c ab 59 5f bd 32 07 8c ed 89 0d e5 5c
    f6 11 3f be 27 b4 ac 33 37 01 31 af 39 b4 b5 5d
    ff 03 1a 2f 10 cf 14 2b 48 0e cb 2b 42 63 ad fc
    a4 2d 47 51 a8 9d 3e c4 ed e2 99 08 42 49 13 ee
    22 b6 53 b6 ed 91 60 87 51 5d 05 dd 8c 79 e4 40
    54 cc f5 68 56 fc 24 d4 ea 9e 1d 17 78 52 93 ea
    3f 61 ff 61 80 75 2a 4c d2 5d 76 ac ab c7 9c f8
    b4 91 41 7a 6b e0 4d 67 17 1e 20 11 aa 0d af a4
    3e 48 49 08 20 8f 5e 7c 2c 4b ef 19 88 0a fb d5
    35 ea a5 c4 a8 1a 1c 5f 7d 48 fd 34 f8 31 aa 79
    1c 1c 68 bc bf cd 13 1c b2 48 06 8a b7 ce 83 42
    b0 09 bd 92 76 2e 88 52
<<< TLS 1.2, RecordHeader [length 0005]
    17 03 03 00 45
<<< TLS 1.3, InnerContent [length 0001]
    16
<<< TLS 1.3, Handshake [length 0034], Finished
    14 00 00 30 96 54 25 48 3b 79 88 70 7a 22 e8 c8
    ec a8 84 fd bb df 41 84 6a 7e 60 61 72 10 06 40
    78 73 51 74 6e c5 59 58 66 5a 3c a9 64 4f 83 97
    09 51 40 88
>>> TLS 1.2, RecordHeader [length 0005]
    17 03 03 00 45
>>> TLS 1.2, InnerContent [length 0001]
    16
>>> TLS 1.3, Handshake [length 0034], Finished
    14 00 00 30 ac 7f 78 e6 e7 2b 2c 4c 43 db 40 47
    5b 21 22 50 86 6d 91 25 ed db 0f 6a 1f d4 f6 0b
    62 00 80 e2 48 47 64 f0 73 d9 af ad 5f 9c ed e3
    ac 10 4b d9
---
Certificate chain
 0 s:CN=server.example
   i:CN=Root CA
   a:PKEY: RSA, 2048 (bit); sigalg: sha256WithRSAEncryption
   v:NotBefore: Jan 14 22:29:46 2016 GMT; NotAfter: Jan 15 22:29:46 2116 GMT
---
Server certificate
-----BEGIN CERTIFICATE-----
MIIDJTCCAg2gAwIBAgIBAjANBgkqhkiG9w0BAQsFADASMRAwDgYDVQQDDAdSb290
IENBMCAXDTE2MDExNDIyMjk0NloYDzIxMTYwMTE1MjIyOTQ2WjAZMRcwFQYDVQQD
DA5zZXJ2ZXIuZXhhbXBsZTCCASIwDQYJKoZIhvcNAQEBBQADggEPADCCAQoCggEB
ANVdYGrf/GHuSKqMEUhDpW22Ul2qmEmxYZI1sfw6BCUMbXn/tNXJ6VwcO+Crs7h9
o95tveDd11q/FEcRQl6mgtBhwX/dE0bmCYUHDvLU/Bpk0gqtIKsga5bwrczEGVNV
3AEdpLPvirRJU12KBRzx3OFEv8XX4ncZV1yXC3XuiENxD8pswbSyUKd3RmxYDxG/
8XYkWq45QrdRZynh0FUwbxfkkeqt+CjCQ2+iZKn7nZiSYkg+6w1PgkqK/z9y7pa1
rqHBmLrvfZB1bf9aUp6r9cB+0IdD24UHBw99OHr90dPuZR3T6jlqhzfuStPgDW71
cKzCvfFu85KVXqnwoWWVk40CAwEAAaN9MHswHQYDVR0OBBYEFMDnhL/oWSczELBS
T1FSLwbWwHrNMB8GA1UdIwQYMBaAFHB/Lq6DaFmYBCMqzes+F80k3QFJMAkGA1Ud
EwQCMAAwEwYDVR0lBAwwCgYIKwYBBQUHAwEwGQYDVR0RBBIwEIIOc2VydmVyLmV4
YW1wbGUwDQYJKoZIhvcNAQELBQADggEBAHvTBEN1ig8RrsT716Ginv4gGNX0LzGI
RrZ1jO7lm5emuaPNYJpGw0iX5Zdo91qGNXPZaZ75X3S55pQTActq3OPEBOll2pyk
iyjz+Zp/v5cfRZLlBbFW5gv2R94eibYr4U3fSn4B0yPcl4xH/l/HzJhGDsSDW8qK
8VIJvmvsPwmL0JMCv+FR59F+NFYZdND/KCXet59WUpF9ICmFCoBEX3EyJXEPwhbi
X2sdPzJbCjx0HLli8e0HUKNttLQxCsBTRGo6iISLLamwN47mGDa9miBADwGSiz2q
YeeuLO02zToHhnQ6KbPXOrQAqcL1kngO4g+j/ru+4AZThFkdkGnltvk=
-----END CERTIFICATE-----
subject=CN=server.example
issuer=CN=Root CA
---
No client certificate CA names sent
Peer signing digest: SHA256
Peer signature type: rsa_pss_rsae_sha256
Negotiated TLS1.3 group: X25519MLKEM768
---
SSL handshake has read 2546 bytes and written 1702 bytes
Verification error: unable to verify the first certificate
---
New, TLSv1.3, Cipher is TLS_AES_256_GCM_SHA384
Protocol: TLSv1.3
Server public key is 2048 bit
This TLS version forbids renegotiation.
Compression: NONE
Expansion: NONE
No ALPN negotiated
Early data was not sent
Verify return code: 21 (unable to verify the first certificate)
---
>>> TLS 1.2, RecordHeader [length 0005]
    17 03 03 00 13
>>> TLS 1.2, InnerContent [length 0001]
    15
>>> TLS 1.3, Alert [length 0002], warning close_notify
    01 00
Connecting to 127.0.0.1
SSL_connect:before SSL initialization
SSL_connect:SSLv3/TLS write client hello
SSL_connect:SSLv3/TLS write client hello
SSL_connect:SSLv3/TLS read server hello
SSL_connect:SSLv3/TLS write change cipher spec
SSL_connect:SSLv3/TLS write client hello
SSL_connect:SSLv3/TLS write client hello
SSL_connect:SSLv3/TLS read server hello
Can't use SSL_get_servername
SSL_connect:TLSv1.3 read encrypted extensions
depth=0 CN=server.example
verify error:num=20:unable to get local issuer certificate
verify return:1
depth=0 CN=server.example
verify error:num=21:unable to verify the first certificate
verify return:1
depth=0 CN=server.example
verify return:1
SSL_connect:SSLv3/TLS read server certificate
SSL_connect:TLSv1.3 read server certificate verify
SSL_connect:SSLv3/TLS read finished
SSL_connect:SSLv3/TLS write finished
DONE
SSL3 alert write:warning:close notify
