CONNECTED(00000003)
>>> TLS 1.0, RecordHeader [length 0005]
    16 03 01 00 d6
>>> TLS 1.3, Handshake [length 00d6], ClientHello
    01 00 00 d2 03 03 c8 76 86 d6 2a 8a 71 75 cf 9a
    68 9d b4 cc bb 3e 1a 35 64 74 48 1c 62 60 13 b9
    e5 dd 08 67 93 1d 20 8e ce 14 c9 3d e9 31 b1 5b
    9e 52 63 32 a8 6c dc 91 9b 15 de f3 2f ec 65 65
    91 b2 6f d3 df ba 21 00 06 13 02 13 03 13 01 01
    00 00 83 00 0b 00 04 03 00 01 02 00 0a 00 06 00
    04 00 1d 11 ec 00 23 00 00 00 16 00 00 00 17 00
    00 00 0d 00 2a 00 28 09 05 09 06 09 04 04 03 05
    03 06 03 08 07 08 08 08 1a 08 1b 08 1c 08 09 08
    0a 08 0b 08 04 08 05 08 06 04 01 05 01 06 01 00
    2b 00 03 02 03 04 00 2d 00 02 01 01 00 33 00 26
    00 24 00 1d 00 20 2c 59 bd cd bc 15 63 b9 31 ce
    94 fb ab fe ec d7 fb ea 20 16 cf 87 ca 06 62 77
    14 ce cc a6 00 16
<<< TLS 1.2, RecordHeader [length 0005]
    16 03 03 00 58
<<< TLS 1.3, Handshake [length 0058], ServerHello
    02 00 00 54 03 03 cf 21 ad 74 e5 9a 61 11 be 1d
    8c 02 1e 65 b8 91 c2 a2 11 16 7a bb 8c 5e 07 9e
    09 e2 c8 a8 33 9c 20 8e ce 14 c9 3d e9 31 b1 5b
    9e 52 63 32 a8 6c dc 91 9b 15 de f3 2f ec 65 65
    91 b2 6f d3 df ba 21 13 02 00 00 0c 00 2b 00 02
    03 04 00 33 00 02 11 ec
>>> TLS 1.2, RecordHeader [length 0005]
    14 03 03 00 01
>>> TLS 1.3, ChangeCipherSpec [length 0001]
    01
>>> TLS 1.2, RecordHeader [length 0005]
    16 03 03 05 76
>>> TLS 1.3, Handshake [length 0576], ClientHello
    01 00 05 72 03 03 c8 76 86 d6 2a 8a 71 75 cf 9a
    68 9d b4 cc bb 3e 1a 35 64 74 48 1c 62 60 13 b9
    e5 dd 08 67 93 1d 20 8e ce 14 c9 3d e9 31 b1 5b
    9e 52 63 32 a8 6c dc 91 9b 15 de f3 2f ec 65 65
    91 b2 6f d3 df ba 21 00 06 13 02 13 03 13 01 01
    00 05 23 00 0b 00 04 03 00 01 02 00 0a 00 06 00
    04 00 1d 11 ec 00 23 00 00 00 16 00 00 00 17 00
    00 00 0d 00 2a 00 28 09 05 09 06 09 04 04 03 05
    03 06 03 08 07 08 08 08 1a 08 1b 08 1c 08 09 08
    0a 08 0b 08 04 08 05 08 06 04 01 05 01 06 01 00
    2b 00 03 02 03 04 00 2d 00 02 01 01 00 33 04 c6
    04 c4 11 ec 04 c0 ef a7 86 46 55 49 e5 c8 9d b1
    e1 a4 d8 5b 36 60 93 b2 3d c1 c3 54 04 a0 00 d4
    b1 88 64 69 4c ac cf 2b 76 05 c2 5c 3c f3 bb 1b
    6a b1 4c ee 69 30 68 e9 65 d4 23 8b d6 45 b1 72
    55 54 ec a2 07 3d 78 5a 89 f5 65 93 0b 83 68 84
    65 9c 21 40 82 11 2a e3 c6 28 3d 9b c0 f0 10 67
    90 a8 28 42 c0 cd 8f a2 78 8d 48 bf 74 f9 b4 9e
    59 70 58 b3 b5 b2 6c 60 b2 48 0e e9 d6 50 83 cc
    c5 f4 6a 1f 20 22 86 33 0a 0b 7f f8 02 14 5b 3a
    e8 57 03 db 04 66 e1 98 ab 86 45 5f f4 ba 17 3f
    16 5a 7b 56 01 1f 83 a4 c0 f7 26 5b 71 3a c7 66
    b8 26 1a 45 b2 c9 52 7e 3b 5d 3b b9 11 59 42 7d
    19 bb 39 52 c0 43 8f f7 79 98 b7 5c b8 ec 70 94
    b5 97 a9 1a 15 6b f1 25 94 34 60 21 95 71 c8 f0
    48 13 17 a3 17 b2 7c f6 fc c6 2a 3a 33 54 08 b5
    24 93 4c 6d 8c 99 a0 fb 36 9d 8b 83 31 81 9e c1
    4c 3c b0 14 1f e5 a0 1f 86 c3 c5 c4 80 87 cb 4b
    ad 86 ab b6 4b 58 a4 e9 60 1a a6 38 c6 26 55 0e
    e8 1a 29 82 fc 96 35 1b aa f8 bb 3f 41 71 78 f9
    63 03 0f b5 ca 00 a4 07 d0 53 81 64 1b 2a fd f9
    68 20 a9 aa 15 91 14 22 18 02 38 57 ac f9 e1 69
    70 65 a5 06 66 14 b2 d3 41 8a ec 01 92 0a cd 10
    b1 88 27 00 a8 4a bc 6e c5 73 68 d5 f7 60 f9 67
    32 80 e2 b9 56 75 7c be cc 38 a4 44 8f 5f 51 7e
    f3 5b 72 d7 8c b3 cf d4 bd fb fa 09 83 1c 1a b4
    16 30 ce eb 20 05 55 9d ba e9 5d e4 b4 5f ee 7a
    ad a1 c2 39 0c 37 63 45 58 55 5a 52 ab c0 67 9e
    be cb 67 ad b4 c7 12 48 9e 5d b4 5b 7b 3a 95 af
    e4 28 f2 b8 9e 38 48 9e 61 49 a0 e6 69 6e 9e a7
    ae e9 21 c6 48 5c 5d cb e7 67 b0 ab 80 de f1 0e
    79 f4 c8 d3 e2 52 69 c6 8f e7 46 39 9f 22 56 a4
    63 7c 64 95 2f 0d 21 50 00 c7 11 b8 e4 0f 20 85
    58 f3 b2 02 6d 05 9b 13 a2 a9 01 f5 4c 85 81 6c
    b8 ea 63 c1 56 44 5d 6c 9a de eb b7 2f 42 ad 99
    e6 12 8b 14 c5 29 77 2a 11 97 c8 ea c7 6f 92 2a
    72 3c 58 c3 0c ba 35 5f f2 7d 93 a0 61 cd f2 7a
    5a e7 5d 4b 52 9e 76 c3 66 7a a6 47 d1 78 93 d9
    94 7b 0e b4 7f 77 9b af 82 b8 4c ef bb 5c a4 97
    74 01 16 b0 fa ba 38 9f 15 76 48 08 98 1f 74 5c
    bd 2c 6b e8 39 54 f9 db 85 1a a0 76 c4 58 ce 20
    f7 04 14 c9 68 5a 0a 79 44 5b 49 d0 06 9c b1 94
    40 28 99 7d a2 49 71 b2 10 80 c5 87 7f 48 b5 4c
    c2 2c cc 04 13 a0 80 21 8a 11 c6 0f 90 99 5b ab
    b5 a8 cb a8 a1 b5 22 5b b4 49 98 b3 e7 a8 9f b5
    06 ac 7b b1 4c 95 75 a8 e6 cd 0c 44 57 86 eb 33
    99 94 3c 93 2a 9a b3 96 9b e3 41 55 a7 f6 14 52
    e3 83 4e d8 10 16 48 1b dd 15 be 97 06 3d eb 7b
    81 20 83 ba d0 8b 00 20 ea 65 7d f7 a9 57 12 b5
    e4 c2 4d e3 67 08 e7 24 cd 2a 19 2c 52 ba 87 40
    70 05 87 ea 47 9c 06 2c 21 84 8e 9e da 07 80 f4
    41 06 c6 60 31 e6 2e 89 0b 02 e8 d3 9b 18 c1 20
    70 ea 05 a2 72 7c ac b6 5c 69 09 c3 fd ec c6 1e
    41 2a 75 23 53 58 0a 68 8f b9 ba 90 c6 36 c7 d1
    06 6c ba 57 91 8a 9c 47 61 5e 58 cb 8c a9 e9 48
    7d 5c 7e 31 34 27 1f 20 cd 19 b8 28 37 a2 3b dd
    f2 3d f7 94 7e 07 91 bd 8b 66 9f a1 23 45 10 70
    3a 66 ac 95 0e 1b b6 4b c5 0d 5a 04 b2 4d c0 9b
    00 33 a5 f2 8b 41 84 a6 86 0c d6 3f c0 50 ba 07
    5a 3f c1 83 a1 f0 43 80 9f 1b 34 90 c9 b0 67 3a
    6c e8 5b 60 f8 a4 6b a7 74 26 8f b8 15 9e d7 99
    39 66 2a e1 49 0a 5f c8 b7 fa 17 09 ce 66 c8 6c
    44 5c 65 87 c8 be 55 2a 9c 34 77 b8 71 52 4a f7
    43 10 56 18 2b 60 04 a6 43 6e 1d 7b 61 f9 46 92
    88 dc 26 66 91 c1 f4 e3 7c 48 92 9f 43 64 52 d8
    f5 c6 c1 f6 3d c5 59 68 81 38 a6 0f fa 16 42 32
    0d e6 e9 81 04 a9 06 f9 32 b8 1e 61 4f ec 74 0b
    21 48 c4 2f 61 0b 83 a4 a6 b3 6c 71 8c f2 bc a0
    d1 20 8d 5a 14 8c 38 bd ad 10 c0 65 66 56 b1 3b
    68 5b 64 9a 56 bc 02 16 b9 8b f3 8a 73 0a 24 8e
    15 eb c4 6c 38 4e a9 7b 33 04 04 8f ad d3 74 52
    ca 9b d1 c4 3b 0c 6b 23 29 c7 9d ad 08 9e 6b 3a
    91 90 22 47 b7 4a 68 db 96 c7 4f 64 05 76 34 31
    84 c9 04 75 73 07 92 de 89 d0 2c 08 3a e9 d4 9a
    4c 58 a9 6a 55 55 e9 22 04 0c db 51 91 3d 36 38
    f0 72 00 18 32 f5 d5 18 f3 e6 31 5d 3f 5b 41 54
    8d b5 1a 1d a4 92 5b 17 6a 96 1b 18 ea c0 7b 47
    a5 9a ae dd 82 2f
<<< TLS 1.2, RecordHeader [length 0005]
    14 03 03 00 01
<<< TLS 1.3, ChangeCipherSpec [length 0001]
    01
<<< TLS 1.2, RecordHeader [length 0005]
    16 03 03 04 ba
<<< TLS 1.3, Handshake [length 04ba], ServerHello
    02 00 04 b6 03 03 65 ad 15 c8 44 cb 8a 7c 9c 85
    77 6c 31 39 be 27 9c ad ec 4f ff b9 f2 72 91 76
    bb b5 aa b2 22 7f 20 8e ce 14 c9 3d e9 31 b1 5b
    9e 52 63 32 a8 6c dc 91 9b 15 de f3 2f ec 65 65
    91 b2 6f d3 df ba 21 13 02 00 04 6e 00 2b 00 02
    03 04 00 33 04 64 11 ec 04 60 96 64 09 95 c9 d0
    49 ee 5f 39 49 23 5d 96 99 9f 95 a5 fd 30 c5 94
    a6 e2 2f 01 a3 f0 eb eb 62 db 97 29 c7 e9 d6 1e
    67 1a 97 04 5e 5d 47 18 4c 0c 92 f0 a8 d7 ab e6
    8a 1c 71 b3 8e fe e0 c6 d1 d9 8c 5b 52 2d 3a 29
    69 f7 e4 ec d5 9e a2 44 59 f3 2f 2f a9 b7 d7 59
    2a 80 dc 22 63 44 fd a9 82 89 fa c1 56 0a 35 66
    5f 6c 66 e6 29 5c 90 fc 18 bb 36 8d 6d 26 92 ae
    6c 2a 2b 32 ff cb 5a 3c 12 67 84 ad 00 1b 86 77
    4c 30 8d 9b 2e c5 17 c8 72 ca 00 02 ea 92 c5 44
    24 92 3b 12 ce 76 b2 d0 2d 7e 05 14 2b e6 54 e4
    f0 2a 43 5c 3b 98 40 25 9b 50 ee d1 1b fa 43 b9
    fd fd e1 1e 59 0b 1e a9 f6 b1 91 14 4a 61 ab 77
    67 1e da e4 ab fa 81 d4 91 a2 15 5a dc be 34 a7
    d1 46 d5 83 a1 9d 2e 27 0b de ea 58 fb 0e c1 30
    f2 d7 6b dc 21 e9 b5 59 55 71 d4 84 f5 62 48 91
    9b 51 74 44 72 b9 68 07 f7 b1 12 d9 82 0e b0 a6
    89 2d c9 1f a9 97 5a 81 6d 40 5c 34 7e 90 66 99
    0d 38 8d 55 bc 76 3b ff bd 13 8d d6 3b 37 74 d6
    ce 60 f5 41 1a ab e8 11 b3 03 75 3c d5 8d 3b 0f
    35 62 8c 20 e2 e1 cd 87 a4 45 6b 1e cf a8 47 eb
    29 ac 8f 06 09 ca 65 c0 04 76 d1 3e 43 68 c6 f2
    c1 af dc d1 02 f0 1d db f5 e3 7a fe c4 ba 89 34
    2d b4 23 31 da a6 1c 73 42 5b 37 81 75 9a f1 1b
    ca 31 bd 36 ab a4 a6 bc b2 2b 88 f7 19 04 d3 1c
    3f 81 4c 36 73 04 26 f5 cb 9c 62 de 49 cd d9 10
    44 24 74 48 77 fa 2f 7a b2 7e 10 73 62 0c 57 c6
    59 d6 c3 c4 ee 3c bf c2 64 19 40 9b 8f 40 37 e7
    cc 36 b0 85 61 67 10 ce 7a da 3d d9 79 e1 04 4b
    14 ce 73 73 3f 8f a3 65 7e 07 d0 c9 25 b5 e8 ab
    0d ad ab f3 6f ad 06 e0 22 7e aa a7 69 8c 30 cb
    67 73 25 ee 98 01 f9 b0 a3 35 e2 30 3f 77 4e c4
    a0 c1 9c 79 b5 b3 47 25 da 5a 3f ff 68 bc 36 c2
    8b 48 03 6e 1a 33 ce 04 56 f7 6b c9 0e 55 1c d8
    b7 15 1c 15 e0 33 2b d6 0e 1a 8e bc 77 15 c1 d5
    93 ae 68 03 d9 48 48 ca df 96 c4 d0 0d 55 71 34
    ba e3 bd b7 ae 6b 5c 11 4b 03 3f 2a 1e 98 27 6b
    e0 15 f6 4d b7 aa 13 4d 2d b4 97 ba eb 76 8c e7
    86 04 33 57 49 e1 db d8 7e c5 58 90 45 0c f5 c7
    4c b4 4c 4c 6a 4b 36 38 7d b1 69 1a e0 15 fe 61
    87 6a 39 07 91 10 ff 68 36 f8 06 b0 03 ca 45 4a
    86 67 c3 07 30 ae 3b 9c 15 ef 6e 26 d1 b4 fc 9b
    3b 49 41 18 e6 80 e3 5a d7 38 55 20 9d 21 a1 e8
    7c 31 98 51 b8 59 21 77 6f 4d 3d f5 75 18 0c c0
    c7 ed bd 13 d4 23 b5 c6 e0 d2 a5 92 23 4b 05 f0
    7d cf 54 7b 46 42 4c 1b bc 57 1f 5e a4 29 b6 a1
    46 2d 73 44 33 7a bf 83 ce 49 6e 56 4e 54 9d 64
    21 67 54 29 8f 33 7a 2a 69 21 e6 4b bc ad 91 3d
    c0 f1 41 cb 7c 65 ad ec f7 8b 8c 8c b9 fd 9a 7c
    81 22 42 86 28 c0 82 43 21 7c 37 c6 71 a0 d9 3b
    54 f8 92 40 74 5e fe 55 6b b9 cd 9f ba 45 2f 34
    ab 39 a6 1b 5c 59 a9 9d 47 a2 13 f6 23 e8 f9 fc
    54 49 f2 2e 64 22 ec f2 2a 41 63 b9 db b1 15 73
    2c 08 35 16 c8 54 34 c1 3a c7 fb dd 59 ea 1d d6
    73 1e 52 87 de 21 6b 76 87 65 d5 cf 9d f4 5f 8e
    af 57 0d bc 1b e5 1b 54 89 61 b2 84 d1 9c 5a ee
    d4 40 df 59 ae f3 b2 08 31 30 3b d1 13 88 0a d9
    ac 01 95 2a c4 64 6f 02 ed d0 0e 10 4d 58 e2 4e
    6b 34 0f 0e 38 8a bf f7 67 73 e5 c5 7d 18 31 c3
    11 77 1a 37 21 57 d0 a8 62 22 9d 89 d2 b3 3d 90
    fb 0e 5f 26 a0 0a 52 32 63 f7 04 9f fc 40 ce 03
    65 7f 5b bf c7 e4 d4 cc c8 7b 26 4f 4c eb 20 d5
    e3 0c b9 1f 2c 44 55 31 4c a3 16 16 60 3f 80 e0
    c1 0f 04 9a c6 81 0f 03 21 40 8e e3 7b 51 99 85
    cf 0c d0 c0 c7 21 26 90 55 9c 31 05 4b ab 86 1c
    91 d1 4e 66 a5 90 ad 86 4c 4f c6 ac 45 f3 c5 a9
    d4 f6 ab 49 54 65 34 b7 87 ae 39 58 0c 7b ec 57
    30 d0 3f 25 00 7a 29 ce 97 9c 80 4b a6 cc 04 95
    42 2a ef aa 97 49 d0 c8 cc 57 10 0d aa 98 82 77
    f3 4c 4e af a3 14 2c 44 3a f9 89 69 f8 98 3f ce
    94 8c 77 22 b3 fe 37 b0 58 4b
<<< TLS 1.2, RecordHeader [length 0005]
    17 03 03 00 17
<<< TLS 1.3, InnerContent [length 0001]
    16
<<< TLS 1.3, Handshake [length 0006], EncryptedExtensions
    08 00 00 02 00 00
<<< TLS 1.2, RecordHeader [length 0005]
    17 03 03 03 47
<<< TLS 1.3, InnerContent [length 0001]
    16
<<< TLS 1.3, Handshake [length 0336], Certificate
    0b 00 03 32 00 00 03 2e 00 03 29 30 82 03 25 30
    82 02 0d a0 03 02 01 02 02 01 02 30 0d 06 09 2a
    86 48 86 f7 0d 01 01 0b 05 00 30 12 31 10 30 0e
    06 03 55 04 03 0c 07 52 6f 6f 74 20 43 41 30 20
    17 0d 31 36 30 31 31 34 32 32 32 39 34 36 5a 18
    0f 32 31 31 36 30 31 31 35 32 32 32 39 34 36 5a
    30 19 31 17 30 15 06 03 55 04 03 0c 0e 73 65 72
    76 65 72 2e 65 78 61 6d 70 6c 65 30 82 01 22 30
    0d 06 09 2a 86 48 86 f7 0d 01 01 01 05 00 03 82
    01 0f 00 30 82 01 0a 02 82 01 01 00 d5 5d 60 6a
    df fc 61 ee 48 aa 8c 11 48 43 a5 6d b6 52 5d aa
    98 49 b1 61 92 35 b1 fc 3a 04 25 0c 6d 79 ff b4
    d5 c9 e9 5c 1c 3b e0 ab b3 b8 7d a3 de 6d bd e0
    dd d7 5a bf 14 47 11 42 5e a6 82 d0 61 c1 7f dd
    13 46 e6 09 85 07 0e f2 d4 fc 1a 64 d2 0a ad 20
    ab 20 6b 96 f0 ad cc c4 19 53 55 dc 01 1d a4 b3
    ef 8a b4 49 53 5d 8a 05 1c f1 dc e1 44 bf c5 d7
    e2 77 19 57 5c 97 0b 75 ee 88 43 71 0f ca 6c c1
    b4 b2 50 a7 77 46 6c 58 0f 11 bf f1 76 24 5a ae
    39 42 b7 51 67 29 e1 d0 55 30 6f 17 e4 91 ea ad
    f8 28 c2 43 6f a2 64 a9 fb 9d 98 92 62 48 3e eb
    0d 4f 82 4a 8a ff 3f 72 ee 96 b5 ae a1 c1 98 ba
    ef 7d 90 75 6d ff 5a 52 9e ab f5 c0 7e d0 87 43
    db 85 07 07 0f 7d 38 7a fd d1 d3 ee 65 1d d3 ea
    39 6a 87 37 ee 4a d3 e0 0d 6e f5 70 ac c2 bd f1
    6e f3 92 95 5e a9 f0 a1 65 95 93 8d 02 03 01 00
    01 a3 7d 30 7b 30 1d 06 03 55 1d 0e 04 16 04 14
    c0 e7 84 bf e8 59 27 33 10 b0 52 4f 51 52 2f 06
    d6 c0 7a cd 30 1f 06 03 55 1d 23 04 18 30 16 80
    14 70 7f 2e ae 83 68 59 98 04 23 2a cd eb 3e 17
    cd 24 dd 01 49 30 09 06 03 55 1d 13 04 02 30 00
    30 13 06 03 55 1d 25 04 0c 30 0a 06 08 2b 06 01
    05 05 07 03 01 30 19 06 03 55 1d 11 04 12 30 10
    82 0e 73 65 72 76 65 72 2e 65 78 61 6d 70 6c 65
    30 0d 06 09 2a 86 48 86 f7 0d 01 01 0b 05 00 03
    82 01 01 00 7b d3 04 43 75 8a 0f 11 ae c4 fb d7
    a1 a2 9e fe 20 18 d5 f4 2f 31 88 46 b6 75 8c ee
    e5 9b 97 a6 b9 a3 cd 60 9a 46 c3 48 97 e5 97 68
    f7 5a 86 35 73 d9 69 9e f9 5f 74 b9 e6 94 13 01
    cb 6a dc e3 c4 04 e9 65 da 9c a4 8b 28 f3 f9 9a
    7f bf 97 1f 45 92 e5 05 b1 56 e6 0b f6 47 de 1e
    89 b6 2b e1 4d df 4a 7e 01 d3 23 dc 97 8c 47 fe
    5f c7 cc 98 46 0e c4 83 5b ca 8a f1 52 09 be 6b
    ec 3f 09 8b d0 93 02 bf e1 51 e7 d1 7e 34 56 19
    74 d0 ff 28 25 de b7 9f 56 52 91 7d 20 29 85 0a
    80 44 5f 71 32 25 71 0f c2 16 e2 5f 6b 1d 3f 32
    5b 0a 3c 74 1c b9 62 f1 ed 07 50 a3 6d b4 b4 31
    0a c0 53 44 6a 3a 88 84 8b 2d a9 b0 37 8e e6 18
    36 bd 9a 20 40 0f 01 92 8b 3d aa 61 e7 ae 2c ed
    36 cd 3a 07 86 74 3a 29 b3 d7 3a b4 00 a9 c2 f5
    92 78 0e e2 0f a3 fe bb be e0 06 53 84 59 1d 90
    69 e5 b6 f9 00 00
<<< TLS 1.2, RecordHeader [length 0005]
    17 03 03 01 19
<<< TLS 1.3, InnerContent [length 0001]
    16
<<< TLS 1.3, Handshake [length 0108], CertificateVerify
    0f 00 01 04 08 04 01 00 37 7e b2 7f 21 52 f0 ed
    65 f5 23 b2 20 09 ce 13 50 e4 eb db 3d c7 f4 0e
    5f 2d ce 14 8b c3 e6 95 1f dc 01 59 5c 6d 41 36
    c5 16 d0 29 04 f5 36 00 e2 5a 24 e0 a2 f5 35 5c
    28 f6 4a b9 3d 38 eb 5e e0 21 9c a4 57 c2 f8 a0
    45 e6 b5 f9 39 49 51 bc cb 2d 5f b2 51 3c a8 57
    b7 59 e6 2a 60 fc 1d 9e a0 3e 18 41 b2 b6 aa f5
    ce 57 e7 6c 1b 0b 85 12 27 9d 2b 10 7e 7f 12 34
    06 f6 1b 92 da dd 94 b3 23 b4 1a b9 2d 12 03 84
    db e6 74 43 06 0e 75 9f 1c 8d 3f 5b 42 c5 76 19
    9a e6 e7 6c 57 ad 89 14 d4 7c 70 bf 00 23 39 70
    f8 c9 c6 ac a2 11 0b 12 36 b6 0d 7f a9 7f 6b 14
    28 3e aa 2f 17 47 f2 3e 94 62 5d 27 0b c9 27 4a
    df 34 e6 25 a4 4a 9f bf 85 3d c5 a8 84 ef 53 77
    72 62 a0 10 03 7d 4b 49 8d 91 19 38 f7 e3 6d 89
    72 38 d8 15 cb c1 bc 49 9e c5 db 8d 4f a3 12 12
    00 7e cc bd 22 34 97 5c
<<< TLS 1.2, RecordHeader [length 0005]
    17 03 03 00 45
<<< TLS 1.3, InnerContent [length 0001]
    16
<<< TLS 1.3, Handshake [length 0034], Finished
    14 00 00 30 55 7b 72 83 5d a0 38 d8 9c 74 7f cd
    8f 01 ed 2e 01 5c 05 09 e3 03 4d f3 02 0f 21 63
    6d fc 8b d6 ee b5 78 ba 93 1e 89 ca 88 a8 73 eb
    f9 92 06 98
>>> TLS 1.2, RecordHeader [length 0005]
    17 03 03 00 45
>>> TLS 1.2, InnerContent [length 0001]
    16
>>> TLS 1.3, Handshake [length 0034], Finished
    14 00 00 30 eb a9 7b 94 b0 4f 4e 8c b9 c3 5c e2
    c1 46 c2 19 e7 9a 3d fc 97 61 7e e8 54 50 14 65
    0c a9 8c d7 66 63 da fa e7 8b 46 fd 55 44 2a 3a
    5c 67 aa 02
---
Certificate chain
 0 s:CN=server.example
   i:CN=Root CA
   a:PKEY: RSA, 2048 (bit); sigalg: sha256WithRSAEncryption
   v:NotBefore: Jan 14 22:29:46 2016 GMT; NotAfter: Jan 15 22:29:46 2116 GMT
---
Server certificate
-----BEGIN CERTIFICATE-----
MIIDJTCCAg2gAwIBAgIBAjANBgkqhkiG9w0BAQsFADASMRAwDgYDVQQDDAdSb290
IENBMCAXDTE2MDExNDIyMjk0NloYDzIxMTYwMTE1MjIyOTQ2WjAZMRcwFQYDVQQD
DA5zZXJ2ZXIuZXhhbXBsZTCCASIwDQYJKoZIhvcNAQEBBQADggEPADCCAQoCggEB
ANVdYGrf/GHuSKqMEUhDpW22Ul2qmEmxYZI1sfw6BCUMbXn/tNXJ6VwcO+Crs7h9
o95tveDd11q/FEcRQl6mgtBhwX/dE0bmCYUHDvLU/Bpk0gqtIKsga5bwrczEGVNV
3AEdpLPvirRJU12KBRzx3OFEv8XX4ncZV1yXC3XuiENxD8pswbSyUKd3RmxYDxG/
8XYkWq45QrdRZynh0FUwbxfkkeqt+CjCQ2+iZKn7nZiSYkg+6w1PgkqK/z9y7pa1
rqHBmLrvfZB1bf9aUp6r9cB+0IdD24UHBw99OHr90dPuZR3T6jlqhzfuStPgDW71
cKzCvfFu85KVXqnwoWWVk40CAwEAAaN9MHswHQYDVR0OBBYEFMDnhL/oWSczELBS
T1FSLwbWwHrNMB8GA1UdIwQYMBaAFHB/Lq6DaFmYBCMqzes+F80k3QFJMAkGA1Ud
EwQCMAAwEwYDVR0lBAwwCgYIKwYBBQUHAwEwGQYDVR0RBBIwEIIOc2VydmVyLmV4
YW1wbGUwDQYJKoZIhvcNAQELBQADggEBAHvTBEN1ig8RrsT716Ginv4gGNX0LzGI
RrZ1jO7lm5emuaPNYJpGw0iX5Zdo91qGNXPZaZ75X3S55pQTActq3OPEBOll2pyk
iyjz+Zp/v5cfRZLlBbFW5gv2R94eibYr4U3fSn4B0yPcl4xH/l/HzJhGDsSDW8qK
8VIJvmvsPwmL0JMCv+FR59F+NFYZdND/KCXet59WUpF9ICmFCoBEX3EyJXEPwhbi
X2sdPzJbCjx0HLli8e0HUKNttLQxCsBTRGo6iISLLamwN47mGDa9miBADwGSiz2q
YeeuLO02zToHhnQ6KbPXOrQAqcL1kngO4g+j/ru+4AZThFkdkGnltvk=
-----END CERTIFICATE-----
subject=CN=server.example
issuer=CN=Root CA
---
No client certificate CA names sent
Peer signing digest: SHA256
Peer signature type: rsa_pss_rsae_sha256
Negotiated TLS1.3 group: X25519MLKEM768
---
SSL handshake has read 2546 bytes and written 1702 bytes
Verification error: unable to verify the first certificate
---
New, TLSv1.3, Cipher is TLS_AES_256_GCM_SHA384
Protocol: TLSv1.3
Server public key is 2048 bit
This TLS version forbids renegotiation.
Compression: NONE
Expansion: NONE
No ALPN negotiated
Early data was not sent
Verify return code: 21 (unable to verify the first certificate)
---
>>> TLS 1.2, RecordHeader [length 0005]
    17 03 03 00 13
>>> TLS 1.2, InnerContent [length 0001]
    15
>>> TLS 1.3, Alert [length 0002], warning close_notify
    01 00
Connecting to 127.0.0.1
SSL_connect:before SSL initialization
SSL_connect:SSLv3/TLS write client hello
SSL_connect:SSLv3/TLS write client hello
SSL_connect:SSLv3/TLS read server hello
SSL_connect:SSLv3/TLS write change cipher spec
SSL_connect:SSLv3/TLS write client hello
SSL_connect:SSLv3/TLS write client hello
SSL_connect:SSLv3/TLS read server hello
Can't use SSL_get_servername
SSL_connect:TLSv1.3 read encrypted extensions
depth=0 CN=server.example
verify error:num=20:unable to get local issuer certificate
verify return:1
depth=0 CN=server.example
verify error:num=21:unable to verify the first certificate
verify return:1
depth=0 CN=server.example
verify return:1
SSL_connect:SSLv3/TLS read server certificate
SSL_connect:TLSv1.3 read server certificate verify
SSL_connect:SSLv3/TLS read finished
SSL_connect:SSLv3/TLS write finished
DONE
SSL3 alert write:warning:close notify
