CONNECTED(00000003)
>>> TLS 1.0, RecordHeader [length 0005]
    16 03 01 00 d6
>>> TLS 1.3, Handshake [length 00d6], ClientHello
    01 00 00 d2 03 03 12 31 16 09 08 ba 0f 53 9c 75
    65 fa 77 09 70 57 3e 7b 06 a8 7e 40 c8 58 22 3a
    80 99 87 b2 f0 df 20 e3 22 3c d8 08 20 84 8d 09
    61 e6 33 23 f5 6c e4 c5 49 34 70 9b 3c 13 94 65
    34 b8 85 ec b3 e8 c2 00 06 13 02 13 03 13 01 01
    00 00 83 00 0b 00 04 03 00 01 02 00 0a 00 06 00
    04 00 1d 11 ec 00 23 00 00 00 16 00 00 00 17 00
    00 00 0d 00 2a 00 28 09 05 09 06 09 04 04 03 05
    03 06 03 08 07 08 08 08 1a 08 1b 08 1c 08 09 08
    0a 08 0b 08 04 08 05 08 06 04 01 05 01 06 01 00
    2b 00 03 02 03 04 00 2d 00 02 01 01 00 33 00 26
    00 24 00 1d 00 20 fd 6b 5c 72 6d af 15 f3 52 0a
    6a 90 9f df a3 67 5f b5 c8 8f 92 03 ad 36 dd 9a
    0d 5d e3 86 0b 1f
<<< TLS 1.2, RecordHeader [length 0005]
    16 03 03 00 58
<<< TLS 1.3, Handshake [length 0058], ServerHello
    02 00 00 54 03 03 cf 21 ad 74 e5 9a 61 11 be 1d
    8c 02 1e 65 b8 91 c2 a2 11 16 7a bb 8c 5e 07 9e
    09 e2 c8 a8 33 9c 20 e3 22 3c d8 08 20 84 8d 09
    61 e6 33 23 f5 6c e4 c5 49 34 70 9b 3c 13 94 65
    34 b8 85 ec b3 e8 c2 13 02 00 00 0c 00 2b 00 02
    03 04 00 33 00 02 11 ec
>>> TLS 1.2, RecordHeader [length 0005]
    14 03 03 00 01
>>> TLS 1.3, ChangeCipherSpec [length 0001]
    01
>>> TLS 1.2, RecordHeader [length 0005]
    16 03 03 05 76
>>> TLS 1.3, Handshake [length 0576], ClientHello
    01 00 05 72 03 03 12 31 16 09 08 ba 0f 53 9c 75
    65 fa 77 09 70 57 3e 7b 06 a8 7e 40 c8 58 22 3a
    80 99 87 b2 f0 df 20 e3 22 3c d8 08 20 84 8d 09
    61 e6 33 23 f5 6c e4 c5 49 34 70 9b 3c 13 94 65
    34 b8 85 ec b3 e8 c2 00 06 13 02 13 03 13 01 01
    00 05 23 00 0b 00 04 03 00 01 02 00 0a 00 06 00
    04 00 1d 11 ec 00 23 00 00 00 16 00 00 00 17 00
    00 00 0d 00 2a 00 28 09 05 09 06 09 04 04 03 05
    03 06 03 08 07 08 08 08 1a 08 1b 08 1c 08 09 08
    0a 08 0b 08 04 08 05 08 06 04 01 05 01 06 01 00
    2b 00 03 02 03 04 00 2d 00 02 01 01 00 33 04 c6
    04 c4 11 ec 04 c0 bc 65 6d 92 dc 27 9a 88 13 bf
    16 be db 0a 40 1d b0 4f 53 eb 1a 68 f3 14 eb e0
    10 db 08 bd b8 4c 96 95 d2 ac c1 12 21 4e 15 2d
    f8 b2 be 46 f5 a4 67 cc 86 9c f3 8e b0 77 0f 2c
    a9 c5 25 a7 61 ab 53 39 98 06 b5 78 3c 44 20 97
    38 6f 71 04 37 b1 6b 71 e1 5c d0 80 c8 8d 59 08
    9a 9a ac 23 51 99 84 1b a8 e2 c2 43 8f ab 32 83
    64 3c eb 09 47 3c 9b 45 e7 a9 30 d3 20 bc 5f 94
    23 e0 a3 cd 1f e7 b9 75 b6 c0 a3 e0 86 b7 b1 6e
    1d 33 14 ef cb 35 7d 65 1d 09 07 3b 86 76 7b 9a
    39 6a b1 79 1f 2c 23 45 c0 21 23 34 28 a7 aa a3
    93 d2 d9 bf c8 56 aa 9a ba 5e 0b 08 37 49 97 b3
    ca d0 a1 ff b2 38 93 2b cf 2f 50 ae d6 6c 8f a4
    32 52 40 ca 5f df 16 2d 7e 8b ca 73 46 1f 6a d1
    17 f5 75 09 56 73 c7 66 85 b6 68 e3 66 14 29 93
    29 9a a5 13 f4 a0 fa 56 73 b2 6c 07 05 11 bc b7
    77 bf d3 58 4c 68 e0 9c 45 b5 92 01 1b 7e 6e fa
    a6 c8 43 47 bd 14 56 3d 64 17 52 e4 a4 ee 85 6d
    84 d7 27 1d eb 83 78 1a 4f d4 88 67 c9 ac 45 4c
    e0 21 8b 2b b3 56 a6 ca 52 43 79 6b e0 ca 8f f9
    73 5e 21 19 aa 87 15 09 15 4c 52 ab 63 78 8c cf
    d9 b5 09 ff 05 90 2c 45 59 f5 f8 4d e0 10 65 37
    55 61 2f 52 38 bb f6 67 11 40 3e 34 a7 5f 23 b7
    2b 07 b7 57 c7 b9 2c 6e 67 1c fa 85 06 8b 74 bb
    f5 d8 74 fd 52 b3 54 08 08 d5 35 25 4e 76 15 40
    d8 05 70 67 50 71 59 6c bc 0b 0c c8 88 ab 8e b3
    55 5c 69 75 62 7b c9 d6 8b 95 3f cb 29 45 c1 2d
    89 4c ce a5 c9 6b 9f f2 ba d3 e3 6e a8 21 5c 16
    7c 56 f1 e4 b7 11 c1 8b 58 68 b7 36 76 46 05 38
    40 a5 56 5c 4b 78 b0 48 73 3a 5c 51 3c 64 10 9d
    a3 95 36 1f 00 36 5a 88 16 57 48 7e 5f ab 1d 8c
    67 39 d8 53 76 78 57 94 a6 dc 0f 6a 9c 55 42 01
    2b 11 e8 8d 4e 08 5e e0 d3 93 ad 36 b8 86 41 35
    f2 a5 43 27 e2 cd 1a c6 4d 14 3c b5 a6 13 36 43
    7b 3a a4 0c 0b 8e 39 30 4b b9 4b f5 c3 b2 ab 20
    21 99 4b c5 31 57 86 19 d5 bf a4 15 0b ff 4c 81
    86 a0 1c f4 69 ce 9d 81 c8 13 43 1b 3f da a7 4c
    d6 96 b8 37 0d 1a 73 53 05 c3 6e 7e 56 93 d1 a0
    02 9c 71 03 3b a9 68 cc 43 9a 64 cb a9 5e b2 03
    10 60 69 0d c5 51 f0 39 9b 2d 6b a2 43 49 0d 21
    95 5c a2 ab 1c e6 fa 61 38 b8 0b d5 ab 33 93 a6
    a6 b0 a8 35 69 7a 00 77 95 1a 8f 37 4d ff f7 ba
    e8 e4 59 dd a7 cd 67 f6 be 19 ea 9f e2 05 64 0f
    f9 3d 15 24 be 60 79 07 d8 2a 4d c6 04 56 b5 02
    4e 49 64 6e 2e 6c 16 ae b6 c7 01 3c 73 f1 0a 9a
    a5 ab bf c3 17 6f 0e 15 0c ad 87 5c 4a 55 0e f1
    24 af f8 d2 22 bb b1 88 a8 51 cc 58 a7 87 a2 58
    19 8c c2 28 d9 34 1f e7 30 92 ac c9 42 62 41 16
    44 71 17 44 ec b9 cf 14 62 fd 88 27 45 04 0a 73
    99 05 19 20 a4 55 18 87 d1 d3 09 d8 a9 b3 55 80
    88 24 f3 0c c1 a3 17 a4 f5 37 d1 71 a6 0d 0a 7e
    bd 41 b5 72 37 3a b7 06 4a cc 48 98 d8 55 83 84
    73 81 7b 64 b4 32 20 35 63 80 23 9a d1 75 58 96
    bb 2c aa ce 39 6c 53 25 13 1f a9 d5 a2 38 5a 86
    2e e9 7d 7c 79 7d f4 ea 19 2a b4 22 88 ab 48 b2
    ba b6 39 41 2d 19 da 30 09 c2 7f 1c 85 86 29 76
    0d ba 54 98 66 96 07 63 4b 18 de 6a c2 78 95 ca
    25 84 84 87 9b 31 5f 0b 30 46 f2 ac 1f d9 ac 59
    1a 0c 44 89 38 aa b0 03 61 85 be 2d 7b ca a4 27
    a6 ef 09 46 f1 77 bf 21 48 30 72 4b a5 1d d8 2a
    b3 62 8d 87 a7 8b 47 5b 2b 85 aa 6f 3e 9b 89 cc
    3b 9d da e8 80 cb c9 b2 81 5c 44 92 78 90 a7 ea
    bb cd b4 85 4a e4 b2 c9 86 85 4d 0b 45 e1 0a 27
    d5 f4 52 6b a5 ae 8f 6a 60 ea e4 14 f4 10 2a 82
    17 4c 72 ac 2d 9b 1a 59 19 a4 b0 e4 c8 16 9a c8
    9a 7c ab a3 3d 4b 2e 96 4a 20 dc c4 97 37 e4 39
    52 8c 15 99 08 94 9d 25 8a 58 26 0d 07 07 c2 0f
    97 78 4e 76 c5 35 b2 6e 41 76 0f b4 41 84 c5 a7
    7f 80 70 b3 65 b4 99 51 c4 4a 5d c9 ce 78 70 1f
    83 4b 87 14 a1 24 f2 b1 20 b7 36 b5 f3 e4 19 b9
    38 9f 91 8b 87 18 0a b6 fb 41 6d dc 79 ac 47 a0
    48 c6 7c 99 95 c0 15 24 46 29 9a cb 3f 7b c1 27
    5e 79 b7 24 87 8e 9a 83 e1 99 7b cd 1a c2 b9 27
    e0 4f 36 75 fc 84 4e 67 db 25 39 99 d6 13 9d cc
    64 71 2c 7d 7a db 94 af 63 b4 c9 77 42 48 4b 51
    0f 9d de ff c4 03 81 5f cb 10 0f a4 26 8d 3d 33
    67 0b ae 59 41 57
<<< TLS 1.2, RecordHeader [length 0005]
    14 03 03 00 01
<<< TLS 1.3, ChangeCipherSpec [length 0001]
    01
<<< TLS 1.2, RecordHeader [length 0005]
    16 03 03 04 ba
<<< TLS 1.3, Handshake [length 04ba], ServerHello
    02 00 04 b6 03 03 29 e2 6b ef 52 c1 fb 17 09 40
    8f 22 6f 0b 75 47 e0 fb ea 7e 13 32 61 87 09 b2
    15 e6 68 a4 a0 68 20 e3 22 3c d8 08 20 84 8d 09
    61 e6 33 23 f5 6c e4 c5 49 34 70 9b 3c 13 94 65
    34 b8 85 ec b3 e8 c2 13 02 00 04 6e 00 2b 00 02
    03 04 00 33 04 64 11 ec 04 60 94 c3 10 3e 26 1b
    ad 58 c6 c6 c6 43 ca 14 69 26 8e 9a 27 b2 6c b4
    54 6a 7a 5f 4f 05 7d e2 0f 41 41 1c ee c7 d7 3a
    7c 11 41 3f fa 1b 18 10 43 37 43 26 70 06 f3 0f
    92 9e da b5 ab 4c b8 34 09 fa 08 38 d2 0a 3e 80
    96 7a 12 23 13 08 7f 78 28 f1 bd e6 14 8e f9 57
    bd 4b 4c c8 75 77 98 33 20 8e a9 ce 01 92 46 62
    49 5d ac fb e1 38 a9 75 af 12 41 61 ad 49 b2 c7
    56 58 57 a6 20 74 ad 6a 36 be 66 28 91 8c bd 3d
    78 8d dc e9 49 df e3 7d a4 f7 9e 26 3a 53 18 e8
    91 e0 4d 89 a3 23 83 c6 b5 d7 b3 3c 6a 16 63 e1
    89 99 9a c5 1f 5f 59 86 0b 06 08 33 e7 b4 24 a7
    30 86 5d 9a 9f 20 c7 12 0f d7 ec 98 39 0e 11 08
    2f ef 28 ca 37 f5 62 72 22 f6 01 0b 3e 23 6a cf
    1a 5e ad 2e b2 7e 7d b2 1c 58 43 95 0c d2 08 d7
    3a 77 a4 89 64 0f 3f 5d 3f e0 fd 96 c8 de 98 83
    ca 97 16 3e a6 a2 f9 70 b6 d1 74 5d 31 56 60 94
    d6 4f 9c 3b 89 fe ee a8 bd a2 62 78 6e d5 a2 36
    fd 8b 8b fd 28 43 3b 18 22 79 33 96 f3 07 34 43
    a0 30 94 ce 98 35 3c 33 9a 27 4d 18 bd ee d1 af
    5c 19 ff c5 55 d2 69 ca 50 c1 ee e7 90 b9 69 87
    a2 a9 04 87 50 b8 a0 99 66 b7 92 28 99 4b 15 78
    a2 3c bd 8b 55 eb 9e be c5 bd 66 4c 39 5c 46 2c
    55 35 f3 0d c9 4d b3 49 b9 ca c7 8e 2b 2b fd bb
    fd cb 99 0e 68 2c dc b6 98 01 9a da fb fd 28 67
    c6 69 6e ea b3 bb fa df 03 d5 ee 7b 97 fa b5 a1
    c2 93 09 3d 6c 28 fb ea ee 7f 83 ff 87 6b c9 ff
    dc 4e 34 6d 55 a6 3f b7 1d 25 b2 fe d8 75 38 22
    d9 fc 4e d4 18 cf 3c 48 fe 41 42 7e e2 37 19 15
    2a cf fd 89 20 2c 45 73 39 f8 40 3c be 36 33 63
    e8 a1 99 e7 4d 0f 3c df 17 27 a0 92 44 16 72 38
    fe f4 19 d0 d2 47 fe 87 41 2a c1 63 e5 bd d7 26
    c5 0f fc 84 6b 3e 97 ae 77 96 33 05 a4 c3 11 cc
    31 e0 1e 5d 6b 1e f6 f5 3c 8f 11 24 e6 56 57 aa
    e5 ad b9 9e 06 e8 92 1e 09 4b 37 84 16 e4 16 9e
    5b 47 08 ae 33 a4 87 73 4d 0c 00 f6 98 16 76 19
    9b b9 51 83 b5 93 a2 b7 17 60 10 9a 97 17 1b c3
    02 16 a2 25 2f 86 26 71 b5 d8 ef 7a be cc 0b 27
    8f fd aa 0d 47 f8 4f bc 40 a7 96 a0 a4 12 c5 ec
    15 fc 47 12 9d 51 21 f0 e3 35 6b 8e ee 6b dd c1
    42 13 2d 12 d9 c4 2a b9 44 b1 de 1a 21 38 72 45
    fe fa 1f 76 39 8c fb a3 05 0c 87 36 6e ad 1a 77
    2e 27 36 b9 c8 1c 83 7a 66 e1 3b 45 44 7b 43 42
    9f 92 47 e4 4e a7 3a 6f d5 ca 1f 77 ae 5d 77 21
    4e 98 e8 4b 1d 26 80 32 2c 5c 28 26 43 60 c6 98
    35 6e 2c 30 3d 99 d8 22 7e aa 3f c3 99 8b 46 63
    f6 dd 6c 97 37 2a 8a 42 c5 51 98 25 b0 d9 13 7c
    c2 be 45 8f fe bd b3 66 48 0f b7 c9 9d af 44 46
    1a 93 29 89 e2 bf 71 90 cc 0b 32 53 78 40 32 8f
    d7 97 11 71 87 16 08 a1 88 24 f8 0a 8f bb 5a 2c
    c4 a2 f2 e4 21 a3 06 ce ff fb 21 d0 5c 41 7f 7d
    e6 f5 75 7c d4 d9 e8 ff b8 91 aa 10 0f 73 36 1d
    8b e9 5c 69 f4 dc cd ae 69 a4 ea 86 67 f9 f1 99
    aa 49 7d 14 d2 ab 4f c5 06 53 09 ed 49 f5 a9 22
    08 a8 a8 e4 4a 90 3a 7b 42 22 68 70 43 4f 47 53
    f7 d2 35 b5 85 b7 1d af 20 96 05 fb 76 d3 d5 cd
    af 9b c5 11 70 42 2d ca 4c 58 ca 00 d4 11 aa 32
    93 10 8c e6 63 a2 4b c2 67 5f cb 69 a7 1a 78 9e
    af e5 2d 61 5e bb ec 8e ce 00 a1 13 98 75 d4 25
    95 58 a1 c0 1c 74 ce 68 79 18 56 b5 24 35 b2 09
    0b 74 3b 10 7c 20 0d 5f c3 bd dd fb eb 68 0f 82
    ca 8a eb 6d ce ea fb 8c 87 e3 72 ca c8 fe 49 3a
    04 5c 6f 0b c2 f3 a0 86 f1 7b a4 f0 12 4c 34 f1
    10 39 03 4e b1 c6 2d fe 44 ce b3 73 55 b5 8a ea
    b6 58 dc 97 ee 7f 28 43 23 4b b8 a5 c5 01 60 9b
    94 32 a0 81 2f f7 69 e7 46 bd 8c ad 3e 01 c2 b6
    cf 55 db a4 96 8e ee 70 72 d5 5e e0 fb 04 b1 34
    c4 93 e6 0e 41 87 09 f6 d1 27 c3 8c 15 25 14 15
    d4 1a c2 66 e9 e4 22 0e 2d e5 8e 74 c1 44 9a 1c
    98 ec 8b fb a5 5a e7 62 55 a3 e7 be 7c 2b fc 65
    af 01 c5 8a 1b a0 92 53 0a 16
<<< TLS 1.2, RecordHeader [length 0005]
    17 03 03 00 17
<<< TLS 1.3, InnerContent [length 0001]
    16
<<< TLS 1.3, Handshake [length 0006], EncryptedExtensions
    08 00 00 02 00 00
<<< TLS 1.2, RecordHeader [length 0005]
    17 03 03 03 47
<<< TLS 1.3, InnerContent [length 0001]
    16
<<< TLS 1.3, Handshake [length 0336], Certificate
    0b 00 03 32 00 00 03 2e 00 03 29 30 82 03 25 30
    82 02 0d a0 03 02 01 02 02 01 02 30 0d 06 09 2a
    86 48 86 f7 0d 01 01 0b 05 00 30 12 31 10 30 0e
    06 03 55 04 03 0c 07 52 6f 6f 74 20 43 41 30 20
    17 0d 31 36 30 31 31 34 32 32 32 39 34 36 5a 18
    0f 32 31 31 36 30 31 31 35 32 32 32 39 34 36 5a
    30 19 31 17 30 15 06 03 55 04 03 0c 0e 73 65 72
    76 65 72 2e 65 78 61 6d 70 6c 65 30 82 01 22 30
    0d 06 09 2a 86 48 86 f7 0d 01 01 01 05 00 03 82
    01 0f 00 30 82 01 0a 02 82 01 01 00 d5 5d 60 6a
    df fc 61 ee 48 aa 8c 11 48 43 a5 6d b6 52 5d aa
    98 49 b1 61 92 35 b1 fc 3a 04 25 0c 6d 79 ff b4
    d5 c9 e9 5c 1c 3b e0 ab b3 b8 7d a3 de 6d bd e0
    dd d7 5a bf 14 47 11 42 5e a6 82 d0 61 c1 7f dd
    13 46 e6 09 85 07 0e f2 d4 fc 1a 64 d2 0a ad 20
    ab 20 6b 96 f0 ad cc c4 19 53 55 dc 01 1d a4 b3
    ef 8a b4 49 53 5d 8a 05 1c f1 dc e1 44 bf c5 d7
    e2 77 19 57 5c 97 0b 75 ee 88 43 71 0f ca 6c c1
    b4 b2 50 a7 77 46 6c 58 0f 11 bf f1 76 24 5a ae
    39 42 b7 51 67 29 e1 d0 55 30 6f 17 e4 91 ea ad
    f8 28 c2 43 6f a2 64 a9 fb 9d 98 92 62 48 3e eb
    0d 4f 82 4a 8a ff 3f 72 ee 96 b5 ae a1 c1 98 ba
    ef 7d 90 75 6d ff 5a 52 9e ab f5 c0 7e d0 87 43
    db 85 07 07 0f 7d 38 7a fd d1 d3 ee 65 1d d3 ea
    39 6a 87 37 ee 4a d3 e0 0d 6e f5 70 ac c2 bd f1
    6e f3 92 95 5e a9 f0 a1 65 95 93 8d 02 03 01 00
    01 a3 7d 30 7b 30 1d 06 03 55 1d 0e 04 16 04 14
    c0 e7 84 bf e8 59 27 33 10 b0 52 4f 51 52 2f 06
    d6 c0 7a cd 30 1f 06 03 55 1d 23 04 18 30 16 80
    14 70 7f 2e ae 83 68 59 98 04 23 2a cd eb 3e 17
    cd 24 dd 01 49 30 09 06 03 55 1d 13 04 02 30 00
    30 13 06 03 55 1d 25 04 0c 30 0a 06 08 2b 06 01
    05 05 07 03 01 30 19 06 03 55 1d 11 04 12 30 10
    82 0e 73 65 72 76 65 72 2e 65 78 61 6d 70 6c 65
    30 0d 06 09 2a 86 48 86 f7 0d 01 01 0b 05 00 03
    82 01 01 00 7b d3 04 43 75 8a 0f 11 ae c4 fb d7
    a1 a2 9e fe 20 18 d5 f4 2f 31 88 46 b6 75 8c ee
    e5 9b 97 a6 b9 a3 cd 60 9a 46 c3 48 97 e5 97 68
    f7 5a 86 35 73 d9 69 9e f9 5f 74 b9 e6 94 13 01
    cb 6a dc e3 c4 04 e9 65 da 9c a4 8b 28 f3 f9 9a
    7f bf 97 1f 45 92 e5 05 b1 56 e6 0b f6 47 de 1e
    89 b6 2b e1 4d df 4a 7e 01 d3 23 dc 97 8c 47 fe
    5f c7 cc 98 46 0e c4 83 5b ca 8a f1 52 09 be 6b
    ec 3f 09 8b d0 93 02 bf e1 51 e7 d1 7e 34 56 19
    74 d0 ff 28 25 de b7 9f 56 52 91 7d 20 29 85 0a
    80 44 5f 71 32 25 71 0f c2 16 e2 5f 6b 1d 3f 32
    5b 0a 3c 74 1c b9 62 f1 ed 07 50 a3 6d b4 b4 31
    0a c0 53 44 6a 3a 88 84 8b 2d a9 b0 37 8e e6 18
    36 bd 9a 20 40 0f 01 92 8b 3d aa 61 e7 ae 2c ed
    36 cd 3a 07 86 74 3a 29 b3 d7 3a b4 00 a9 c2 f5
    92 78 0e e2 0f a3 fe bb be e0 06 53 84 59 1d 90
    69 e5 b6 f9 00 00
<<< TLS 1.2, RecordHeader [length 0005]
    17 03 03 01 19
<<< TLS 1.3, InnerContent [length 0001]
    16
<<< TLS 1.3, Handshake [length 0108], CertificateVerify
    0f 00 01 04 08 04 01 00 6d 19 1a eb 2e 47 cd 9c
    42 fa bd 05 c5 9e 06 67 7f 1f 9c 6f 25 b2 7a 3c
    62 da 27 d0 60 2d 35 7e 5e 34 5b 23 53 eb ff 93
    8e 2f c6 26 29 08 64 8e 01 51 e6 7d f5 e6 41 ca
    e0 89 05 a7 91 b9 0b 99 52 7b ef 2a b1 4c 99 78
    81 b7 cb 2d 77 fe e4 52 9e 10 1b 06 4a d7 72 d9
    7a 1e d3 21 61 9f 1b 9e 6c bc 2f 9f a4 1a c7 58
    88 5f 31 1c f5 13 40 c7 1f 1d d2 b7 c8 93 91 ab
    49 1c 06 f9 42 16 1b 34 e2 6c 2c 34 56 73 1a 19
    f1 73 4c 5d 4a 17 b6 6d 00 5e 7e e2 0c 34 83 79
    33 b6 9c d9 ce e7 dc d2 30 35 1f 73 bc 40 49 58
    3c fe 9f 84 d8 43 c2 61 bb 4a 7a 85 f2 a2 f8 8b
    d0 75 a4 7b 51 c2 c7 19 0f d5 de 7b 3e 50 93 5b
    8b 27 ae d6 e7 65 1e 2e 8b b3 81 c1 0a 36 e3 9b
    4e 2a 2c 90 a6 17 98 39 bd a5 41 90 10 1b fd c1
    9d 9a 6c 0e 14 20 c2 11 d6 58 b0 19 80 73 bc 22
    a8 32 62 b0 31 3b 40 5e
<<< TLS 1.2, RecordHeader [length 0005]
    17 03 03 00 45
<<< TLS 1.3, InnerContent [length 0001]
    16
<<< TLS 1.3, Handshake [length 0034], Finished
    14 00 00 30 70 b7 61 28 ed ef 28 9f 84 fe ed dc
    a9 6c 21 b2 59 47 12 f6 f2 2b da d4 d7 f5 a3 90
    47 3a 79 c3 21 ed d9 a7 5d ac 7d 27 2c 5b 9c c3
    ac af 5e 6f
>>> TLS 1.2, RecordHeader [length 0005]
    17 03 03 00 45
>>> TLS 1.2, InnerContent [length 0001]
    16
>>> TLS 1.3, Handshake [length 0034], Finished
    14 00 00 30 4c f0 b5 55 ca a4 aa 66 60 34 09 ae
    cf d9 33 ea 3d 6e dd 20 e7 df 8a fd 32 1a fc 0d
    44 f4 4b 19 6e 8d 31 ec 49 68 3d 5a eb da 2e ff
    a8 c0 d0 81
---
Certificate chain
 0 s:CN=server.example
   i:CN=Root CA
   a:PKEY: RSA, 2048 (bit); sigalg: sha256WithRSAEncryption
   v:NotBefore: Jan 14 22:29:46 2016 GMT; NotAfter: Jan 15 22:29:46 2116 GMT
---
Server certificate
-----BEGIN CERTIFICATE-----
MIIDJTCCAg2gAwIBAgIBAjANBgkqhkiG9w0BAQsFADASMRAwDgYDVQQDDAdSb290
IENBMCAXDTE2MDExNDIyMjk0NloYDzIxMTYwMTE1MjIyOTQ2WjAZMRcwFQYDVQQD
DA5zZXJ2ZXIuZXhhbXBsZTCCASIwDQYJKoZIhvcNAQEBBQADggEPADCCAQoCggEB
ANVdYGrf/GHuSKqMEUhDpW22Ul2qmEmxYZI1sfw6BCUMbXn/tNXJ6VwcO+Crs7h9
o95tveDd11q/FEcRQl6mgtBhwX/dE0bmCYUHDvLU/Bpk0gqtIKsga5bwrczEGVNV
3AEdpLPvirRJU12KBRzx3OFEv8XX4ncZV1yXC3XuiENxD8pswbSyUKd3RmxYDxG/
8XYkWq45QrdRZynh0FUwbxfkkeqt+CjCQ2+iZKn7nZiSYkg+6w1PgkqK/z9y7pa1
rqHBmLrvfZB1bf9aUp6r9cB+0IdD24UHBw99OHr90dPuZR3T6jlqhzfuStPgDW71
cKzCvfFu85KVXqnwoWWVk40CAwEAAaN9MHswHQYDVR0OBBYEFMDnhL/oWSczELBS
T1FSLwbWwHrNMB8GA1UdIwQYMBaAFHB/Lq6DaFmYBCMqzes+F80k3QFJMAkGA1Ud
EwQCMAAwEwYDVR0lBAwwCgYIKwYBBQUHAwEwGQYDVR0RBBIwEIIOc2VydmVyLmV4
YW1wbGUwDQYJKoZIhvcNAQELBQADggEBAHvTBEN1ig8RrsT716Ginv4gGNX0LzGI
RrZ1jO7lm5emuaPNYJpGw0iX5Zdo91qGNXPZaZ75X3S55pQTActq3OPEBOll2pyk
iyjz+Zp/v5cfRZLlBbFW5gv2R94eibYr4U3fSn4B0yPcl4xH/l/HzJhGDsSDW8qK
8VIJvmvsPwmL0JMCv+FR59F+NFYZdND/KCXet59WUpF9ICmFCoBEX3EyJXEPwhbi
X2sdPzJbCjx0HLli8e0HUKNttLQxCsBTRGo6iISLLamwN47mGDa9miBADwGSiz2q
YeeuLO02zToHhnQ6KbPXOrQAqcL1kngO4g+j/ru+4AZThFkdkGnltvk=
-----END CERTIFICATE-----
subject=CN=server.example
issuer=CN=Root CA
---
No client certificate CA names sent
Peer signing digest: SHA256
Peer signature type: rsa_pss_rsae_sha256
Negotiated TLS1.3 group: X25519MLKEM768
---
SSL handshake has read 2546 bytes and written 1702 bytes
Verification error: unable to verify the first certificate
---
New, TLSv1.3, Cipher is TLS_AES_256_GCM_SHA384
Protocol: TLSv1.3
Server public key is 2048 bit
This TLS version forbids renegotiation.
Compression: NONE
Expansion: NONE
No ALPN negotiated
Early data was not sent
Verify return code: 21 (unable to verify the first certificate)
---
>>> TLS 1.2, RecordHeader [length 0005]
    17 03 03 00 13
>>> TLS 1.2, InnerContent [length 0001]
    15
>>> TLS 1.3, Alert [length 0002], warning close_notify
    01 00
Connecting to 127.0.0.1
SSL_connect:before SSL initialization
SSL_connect:SSLv3/TLS write client hello
SSL_connect:SSLv3/TLS write client hello
SSL_connect:SSLv3/TLS read server hello
SSL_connect:SSLv3/TLS write change cipher spec
SSL_connect:SSLv3/TLS write client hello
SSL_connect:SSLv3/TLS write client hello
SSL_connect:SSLv3/TLS read server hello
Can't use SSL_get_servername
SSL_connect:TLSv1.3 read encrypted extensions
depth=0 CN=server.example
verify error:num=20:unable to get local issuer certificate
verify return:1
depth=0 CN=server.example
verify error:num=21:unable to verify the first certificate
verify return:1
depth=0 CN=server.example
verify return:1
SSL_connect:SSLv3/TLS read server certificate
SSL_connect:TLSv1.3 read server certificate verify
SSL_connect:SSLv3/TLS read finished
SSL_connect:SSLv3/TLS write finished
DONE
SSL3 alert write:warning:close notify
