CONNECTED(00000003)
>>> TLS 1.0, RecordHeader [length 0005]
    16 03 01 00 d6
>>> TLS 1.3, Handshake [length 00d6], ClientHello
    01 00 00 d2 03 03 3e 86 5c 47 18 3b ed 42 a8 62
    13 d5 af 41 ec cd 69 8e 4e 60 f6 91 52 ae d6 07
    c1 32 ba e6 6c be 20 f2 5b d2 38 3b a6 8d 59 39
    55 0e 95 fa 7d 5d 75 48 d2 8e e8 a6 ea 48 eb fe
    76 c6 30 a9 eb 74 bf 00 06 13 02 13 03 13 01 01
    00 00 83 00 0b 00 04 03 00 01 02 00 0a 00 06 00
    04 00 1d 11 ec 00 23 00 00 00 16 00 00 00 17 00
    00 00 0d 00 2a 00 28 09 05 09 06 09 04 04 03 05
    03 06 03 08 07 08 08 08 1a 08 1b 08 1c 08 09 08
    0a 08 0b 08 04 08 05 08 06 04 01 05 01 06 01 00
    2b 00 03 02 03 04 00 2d 00 02 01 01 00 33 00 26
    00 24 00 1d 00 20 36 bb 27 d6 f1 90 ed 92 ff 7d
    31 05 4a 3b ac 01 e6 76 96 f9 8e 04 e4 37 d9 9a
    a6 34 2c fb ba 11
<<< TLS 1.2, RecordHeader [length 0005]
    16 03 03 00 58
<<< TLS 1.3, Handshake [length 0058], ServerHello
    02 00 00 54 03 03 cf 21 ad 74 e5 9a 61 11 be 1d
    8c 02 1e 65 b8 91 c2 a2 11 16 7a bb 8c 5e 07 9e
    09 e2 c8 a8 33 9c 20 f2 5b d2 38 3b a6 8d 59 39
    55 0e 95 fa 7d 5d 75 48 d2 8e e8 a6 ea 48 eb fe
    76 c6 30 a9 eb 74 bf 13 02 00 00 0c 00 2b 00 02
    03 04 00 33 00 02 11 ec
>>> TLS 1.2, RecordHeader [length 0005]
    14 03 03 00 01
>>> TLS 1.3, ChangeCipherSpec [length 0001]
    01
>>> TLS 1.2, RecordHeader [length 0005]
    16 03 03 05 76
>>> TLS 1.3, Handshake [length 0576], ClientHello
    01 00 05 72 03 03 3e 86 5c 47 18 3b ed 42 a8 62
    13 d5 af 41 ec cd 69 8e 4e 60 f6 91 52 ae d6 07
    c1 32 ba e6 6c be 20 f2 5b d2 38 3b a6 8d 59 39
    55 0e 95 fa 7d 5d 75 48 d2 8e e8 a6 ea 48 eb fe
    76 c6 30 a9 eb 74 bf 00 06 13 02 13 03 13 01 01
    00 05 23 00 0b 00 04 03 00 01 02 00 0a 00 06 00
    04 00 1d 11 ec 00 23 00 00 00 16 00 00 00 17 00
    00 00 0d 00 2a 00 28 09 05 09 06 09 04 04 03 05
    03 06 03 08 07 08 08 08 1a 08 1b 08 1c 08 09 08
    0a 08 0b 08 04 08 05 08 06 04 01 05 01 06 01 00
    2b 00 03 02 03 04 00 2d 00 02 01 01 00 33 04 c6
    04 c4 11 ec 04 c0 87 5c ce 4c cb 25 c1 63 5e 3c
    c7 b0 7c e1 98 4f 88 25 10 6b 70 00 e6 5a 35 18
    32 8e 52 b3 ff d8 29 1f 2b 92 87 55 36 bc b6 3b
    87 0c 1d 3e 82 18 09 7b 9c d4 75 8c 7b 47 05 59
    d0 b5 1a bc 8f a1 02 bd 14 f8 55 40 6c 07 08 a5
    35 b9 d3 53 8f 44 28 e7 16 13 fc 44 3d 92 82 4c
    53 ca 13 ec d3 a5 af e5 bf 70 74 8e be c6 b2 21
    33 4b 5f b9 a8 88 13 6f bc b4 76 40 25 91 68 24
    67 cd eb 54 6f b4 53 ef 92 8d 62 d7 08 7f e2 63
    0d 26 9e 64 c7 35 04 a7 76 b7 17 92 03 c8 79 92
    1b 84 20 aa b0 26 83 ad 16 b0 12 ce db 17 4a 08
    83 38 24 1f 2a 8a 9f 1c f2 37 b3 83 65 24 81 5c
    c7 c6 00 d7 4c 42 b4 89 86 e5 f7 5f 6d 60 02 21
    22 0a 67 23 ab 28 30 7d 53 7b 61 d5 4c 0b 50 86
    33 e4 f3 2b 3b 56 3b 03 08 42 b2 da ab d9 68 c0
    9a 0b 3f 6f 4b c7 6b a4 b7 bf 77 cc d0 a8 17 9e
    99 0f 10 0b 52 b9 d1 66 59 85 8c d5 34 50 88 ba
    01 e4 d9 48 ce 23 8b 0d c4 06 02 57 78 73 f6 79
    b2 46 40 08 e7 c7 ae 34 19 13 22 7a 73 46 20 2b
    36 74 b2 a9 67 6d 3a 2d 46 78 1d c3 68 ba 55 c4
    7b f0 96 60 0b b5 5d e3 75 a1 6f cb 6c 1d 63 19
    7a bc b4 23 a8 bd df 10 00 f1 4a 8b 50 f9 10 7e
    e7 84 96 60 b2 ec 9c 21 30 d7 ad bd ac 83 6f 6a
    2c 4c 21 52 a6 b4 82 98 04 6f 42 2c bb a9 84 49
    0b ab 76 6a 86 5a 82 ac 3a 16 d0 48 8d b4 6b e8
    65 43 f7 52 93 7a 02 0c d7 20 7a 9a ea 59 89 3b
    2c 0e 0c 51 f2 a8 52 b9 86 2d 04 b2 2a e6 f5 7f
    40 47 81 79 08 11 1d 29 2f 0c ec 17 6e b5 18 c5
    3c a5 53 c4 5a 73 47 c6 84 a1 5f eb 17 1e 89 90
    af 2b 70 6c 95 55 05 72 77 3f e6 52 24 d6 c1 c4
    63 03 3f 02 b5 55 da 67 13 25 d4 8c 0e 85 9f b6
    e0 71 23 3c 89 3a 10 58 e9 05 b9 66 fa 7d ae 4b
    cc 12 fb 07 71 42 a2 0d a2 a7 97 fb 1c aa e9 23
    b0 d3 8e 5b a8 9e 6d 56 b5 5a 40 4d 9b 35 b5 a5
    c9 91 df e0 8a fd c7 a8 9c 9c 4e 36 e0 13 60 a0
    10 e1 53 05 84 c5 5d 50 35 98 63 f1 25 28 2a a2
    c9 2b c4 19 f7 70 93 c5 9d 06 41 53 54 90 9d 7b
    72 b7 0b 1c 77 33 14 0e a2 29 2f bc e1 96 fe c1
    36 9f ac 55 41 19 77 5b 32 6d 5b b7 52 da 21 86
    89 d5 37 e8 d3 37 9b fb 84 ea e9 16 76 71 0a dc
    bc 23 60 47 5a ee dc 33 ee b3 b2 fd 26 70 4a a3
    1b e0 f8 80 55 90 27 a9 76 49 47 80 31 73 e0 ce
    c2 a9 9a c6 38 b5 ee 81 a9 c6 54 b6 ab c4 07 5e
    4a 75 6f 71 6c 4f 52 40 2b 57 71 a0 d0 c2 cf 25
    42 c1 02 bc 49 07 78 a4 76 6d f9 b3 7b 6e fb 35
    2d 35 57 4f db c0 2d 1a 8a 9a a4 6d 9d 1b aa 91
    80 5d a2 37 79 ec 5b 3a df 76 5a 83 99 a4 ed fa
    96 24 90 74 c0 d7 16 6a 17 2a 82 02 66 bc 11 15
    af b0 58 d4 dc 32 bc a1 73 2b ab 6e 1f 58 56 9a
    26 22 15 67 cd 0f 74 06 85 f1 29 3b a0 c8 a2 4c
    60 50 9a 91 a3 22 11 5e 76 83 e1 11 6a 7b 60 9c
    80 c9 53 50 07 46 84 b8 6a ac 49 90 36 d9 22 0f
    d4 8f e4 7c ae ba 77 b0 0d 63 38 c9 e1 25 9a 6a
    2e db 45 b9 ff d6 77 a8 2b 39 d3 38 39 d0 f9 a7
    47 b5 7a c4 a7 2e 2b c8 ca a3 60 cc ee 90 60 a2
    29 47 a2 c8 cb 18 34 02 c4 d4 23 fd a2 5d bf 32
    5e f6 57 38 fa e1 cc f0 a8 98 7a f7 b7 53 ba 2e
    33 c1 96 c7 3c 43 b2 92 59 73 6b ca e0 1b 93 ef
    ec b9 70 5a 7b 4f 42 8e 54 c1 38 4b a4 a3 8d 96
    58 7a 26 b7 fe a7 64 3c b9 66 72 b6 79 c8 61 aa
    8f 3c b0 35 1a 76 dc b2 3c df ac 14 35 b7 7c d7
    53 28 0e 8a a4 98 6b 0c 39 94 7d 00 f6 31 a2 38
    22 7b 1b a8 fa 60 21 ae 4c bd 4a 9a 85 43 2a c4
    d0 5c a0 00 21 04 74 fa 50 a6 88 28 52 a9 9c 8f
    00 75 11 b2 63 b1 4a 5b 0d 08 91 e1 60 1b 01 b5
    cb 04 33 3e 4c 00 5e af 40 c4 c8 09 37 a4 80 7c
    a3 a6 20 e1 f1 01 3b 47 44 2a 26 a0 28 17 40 54
    f8 22 ae db 09 bc d7 02 61 d5 ac 04 87 12 cc 1b
    64 ab fa 84 77 01 b4 a6 e4 18 31 f0 c4 4b a2 b5
    bb c3 6c 90 48 42 82 23 95 de 17 70 96 15 ba 68
    00 43 22 01 6f c9 46 82 9c 82 b1 1d 64 80 cc e0
    8d f6 e4 29 80 74 0e 57 d4 85 fc e2 70 e2 d5 7f
    a0 a3 94 23 90 4c 73 29 cb 35 1f d1 ec d9 35 d0
    00 cb 12 13 60 2b 8f 7b a0 3a b8 d8 a6 87 bc 43
    8a 7a 1b f9 6b c5 f2 8c a5 9a 1d 49 34 d4 7e ba
    87 c0 ed 53 10 36 4e b3 14 9a a8 fd 77 9a dd 7b
    73 e6 a6 c8 36 65
<<< TLS 1.2, RecordHeader [length 0005]
    14 03 03 00 01
<<< TLS 1.3, ChangeCipherSpec [length 0001]
    01
<<< TLS 1.2, RecordHeader [length 0005]
    16 03 03 04 ba
<<< TLS 1.3, Handshake [length 04ba], ServerHello
    02 00 04 b6 03 03 23 b4 75 a9 9a 8c fe 8b 3f 67
    af 45 0b f3 64 7e 51 ba 94 18 a6 81 8a 8b 4b da
    57 59 33 46 0b eb 20 f2 5b d2 38 3b a6 8d 59 39
    55 0e 95 fa 7d 5d 75 48 d2 8e e8 a6 ea 48 eb fe
    76 c6 30 a9 eb 74 bf 13 02 00 04 6e 00 2b 00 02
    03 04 00 33 04 64 11 ec 04 60 62 68 43 c4 cd db
    de bb 9f 31 98 0d 0e 49 de d4 38 51 a0 eb 58 60
    b7 72 56 f7 a6 a7 a1 10 dd a2 f4 30 e4 07 86 c1
    07 6e ca 37 27 1a a5 80 07 62 47 3a 6d d9 2c 7c
    a4 96 4b 91 6a 76 26 b1 39 5a ec 7f b4 22 1b eb
    84 21 ff c6 34 4d 95 5a 9d 39 9b 99 ef d3 79 5c
    29 1c 69 28 d8 2d cd 6f a2 80 72 51 71 67 b7 13
    37 6d 57 af 3b 52 74 27 ae 97 6f 0c 9c ae 56 91
    0a a8 96 de 10 e9 f6 58 28 bf ca a9 96 0b 75 69
    1d b4 df 2c 81 3f 8f 30 eb d6 bb 5b 02 39 a4 e9
    be 3a 6f 0d 92 49 e7 e4 0f 53 b3 20 c1 b7 12 fc
    db fd c8 0d 91 a8 0a bf 2f 98 61 d6 0d 3d 80 23
    f8 62 17 46 55 88 5f 48 9f 32 d0 82 1b 46 42 86
    bd 84 8a 63 97 a4 3d 38 a3 03 e5 d4 21 09 1c 71
    33 be 59 2e 70 38 89 39 7b ed e6 d9 2c de c3 38
    6a 9d 5a 64 17 ad 0b 10 28 6d 38 0e bb 82 b4 c9
    16 21 81 c3 6b a4 e1 95 cb 0e b4 67 70 ee 49 1a
    93 ec ec bf 03 02 75 e4 7e c6 62 5a c5 9d b0 18
    30 3c 84 ff cc 12 bb f5 64 90 28 10 16 5d 33 70
    51 d5 2f 2b e7 50 85 59 60 ab e9 0c 0f 14 86 54
    a7 2a f9 9e ac 38 1e 42 27 a7 ad 79 5b 6d 8a e9
    cc ae d8 22 8d 0c c8 41 99 53 ae f0 6d cb 6d 58
    7e 0a 81 61 ed 2a a4 a5 ed 1a 64 a7 37 39 94 9c
    52 76 79 2d 3a ea 55 4e 20 fb 6c d6 0a 5d 25 06
    12 52 c0 7d 79 e1 ef 1a 88 21 f8 83 1e 24 11 0b
    c8 25 89 94 fa 71 54 13 12 6d e3 09 05 ed 65 f8
    97 fd 20 3a ba b3 6c c6 a3 48 0a dd 37 2f 00 66
    b4 1f 3b 8c 54 e7 6a 9a 48 19 33 98 b5 6d 3f ed
    ca ac 6a 11 ed f6 d0 f1 71 b3 2f 65 1a 12 64 79
    cd 99 eb a3 00 ad 70 18 a5 5c 6b 67 78 a2 fd 25
    3a 5d 83 5e a1 20 8c b9 13 6f ec dd c1 cb 70 50
    2e 2a 7e 86 9b 3e 13 0c 77 b3 6e bc 44 a7 71 d1
    7e eb 14 cf 80 43 06 66 2c 1e 25 53 9f f4 73 03
    68 a4 0c e4 cb dd ee cf 5b ea 15 2f 93 b8 8d 6e
    07 a9 6d 88 94 cc ba 6e df 90 20 e6 4f 59 0a 0e
    18 57 ae 9e c9 0e a6 63 73 38 ff 65 a1 af 0f 64
    e6 76 00 5b 00 61 f9 43 f4 6e 85 a4 9f 7d fe f0
    30 48 01 7c a0 6f a9 3e 1d f7 8e e0 45 13 66 20
    d8 36 b0 7e e5 1c 95 7a 06 08 0b f7 84 7e 8d be
    a6 5c ce 45 a3 9c 89 3f 59 2d 82 89 8c 5a 01 b1
    78 b2 1c 4d e3 ac 9c 31 bd 95 d5 28 1a f3 7f c0
    27 70 1d ec c8 93 7a 30 52 13 ef 43 96 36 81 9d
    3b d4 af 14 e1 3b 61 c3 cd 84 b4 57 15 26 51 7a
    a8 d0 e9 8c 36 ab 41 d2 7f 09 92 88 63 16 ae d4
    ef 16 9c 7e c7 24 29 5c 31 71 30 ce 54 2d c6 6d
    50 f5 dc 25 eb 79 68 81 52 38 b5 28 e3 32 28 e5
    77 f9 dc c3 b7 35 c7 02 de 0d 0a 44 6e 5a cc c0
    b6 3b 61 4a bd 82 6e d4 4a 83 d2 6c 37 1e 56 73
    ab 0f 1e a8 76 9e bf 93 58 1c d7 3e 8f 54 aa d3
    17 7f ec 74 31 cb 35 92 58 13 8a d2 49 65 26 d8
    fe da 1e 7b 95 b1 60 5b 50 46 2f c4 33 8b 41 59
    4e 28 b1 1a dc f8 0d a4 ec 74 dd 61 2e 4f 9b c6
    72 ef f5 fb 74 54 dd a4 0b 11 16 84 f9 85 9d ba
    db e4 fe c7 77 59 43 bd f2 32 0c 98 b8 01 0b ee
    e3 23 4b 7a a1 63 18 a9 6f bf b1 13 45 d9 57 47
    28 87 e3 a6 b4 54 0c e1 ce 38 49 45 9b cf d6 f1
    0d 25 ea a2 6b f9 ed 2d 9f f4 48 08 61 65 8e cf
    68 30 1e d3 82 88 81 ec 98 92 4b 27 3b c5 30 a5
    4e b5 5e d0 92 86 fb 97 f8 8b 4c f9 8a 22 6d be
    33 77 07 9c 9f 82 cc 05 a1 4c 61 ef 87 81 30 6f
    2a 74 0e e0 c5 67 59 07 fe 8e a9 3d 17 53 9d 6d
    ce 36 38 23 63 6b ff 7d cf 2e 64 a2 76 35 dd 50
    3b 32 5b e7 fb 86 1c 67 34 14 fb 9f 2f 8e 52 ac
    12 23 53 0a dd 1a 58 9d 94 b5 4b 5f b7 02 bb 0f
    41 f1 fb 8d 1f ec 25 b0 23 7c ea 9e c9 c6 bc 5d
    ce 2c 01 d8 bb cd 6c 6b b0 6a a9 c3 94 0d d5 03
    d0 ed a6 52 9b 80 f7 13 f0 e4 1b de b0 b8 7a 84
    23 d4 cc 30 f4 0b ff 9d 9f 6f b3 71 9f ee 48 68
    1d 92 45 ee f0 a3 a8 b5 66 79 c5 16 85 c8 4d aa
    9f 37 32 40 e5 8b a7 76 2e 10 57 25 dc 00 3e 8b
    0d 9c f4 52 0d 08 20 92 fc 41
<<< TLS 1.2, RecordHeader [length 0005]
    17 03 03 00 17
<<< TLS 1.3, InnerContent [length 0001]
    16
<<< TLS 1.3, Handshake [length 0006], EncryptedExtensions
    08 00 00 02 00 00
<<< TLS 1.2, RecordHeader [length 0005]
    17 03 03 03 47
<<< TLS 1.3, InnerContent [length 0001]
    16
<<< TLS 1.3, Handshake [length 0336], Certificate
    0b 00 03 32 00 00 03 2e 00 03 29 30 82 03 25 30
    82 02 0d a0 03 02 01 02 02 01 02 30 0d 06 09 2a
    86 48 86 f7 0d 01 01 0b 05 00 30 12 31 10 30 0e
    06 03 55 04 03 0c 07 52 6f 6f 74 20 43 41 30 20
    17 0d 31 36 30 31 31 34 32 32 32 39 34 36 5a 18
    0f 32 31 31 36 30 31 31 35 32 32 32 39 34 36 5a
    30 19 31 17 30 15 06 03 55 04 03 0c 0e 73 65 72
    76 65 72 2e 65 78 61 6d 70 6c 65 30 82 01 22 30
    0d 06 09 2a 86 48 86 f7 0d 01 01 01 05 00 03 82
    01 0f 00 30 82 01 0a 02 82 01 01 00 d5 5d 60 6a
    df fc 61 ee 48 aa 8c 11 48 43 a5 6d b6 52 5d aa
    98 49 b1 61 92 35 b1 fc 3a 04 25 0c 6d 79 ff b4
    d5 c9 e9 5c 1c 3b e0 ab b3 b8 7d a3 de 6d bd e0
    dd d7 5a bf 14 47 11 42 5e a6 82 d0 61 c1 7f dd
    13 46 e6 09 85 07 0e f2 d4 fc 1a 64 d2 0a ad 20
    ab 20 6b 96 f0 ad cc c4 19 53 55 dc 01 1d a4 b3
    ef 8a b4 49 53 5d 8a 05 1c f1 dc e1 44 bf c5 d7
    e2 77 19 57 5c 97 0b 75 ee 88 43 71 0f ca 6c c1
    b4 b2 50 a7 77 46 6c 58 0f 11 bf f1 76 24 5a ae
    39 42 b7 51 67 29 e1 d0 55 30 6f 17 e4 91 ea ad
    f8 28 c2 43 6f a2 64 a9 fb 9d 98 92 62 48 3e eb
    0d 4f 82 4a 8a ff 3f 72 ee 96 b5 ae a1 c1 98 ba
    ef 7d 90 75 6d ff 5a 52 9e ab f5 c0 7e d0 87 43
    db 85 07 07 0f 7d 38 7a fd d1 d3 ee 65 1d d3 ea
    39 6a 87 37 ee 4a d3 e0 0d 6e f5 70 ac c2 bd f1
    6e f3 92 95 5e a9 f0 a1 65 95 93 8d 02 03 01 00
    01 a3 7d 30 7b 30 1d 06 03 55 1d 0e 04 16 04 14
    c0 e7 84 bf e8 59 27 33 10 b0 52 4f 51 52 2f 06
    d6 c0 7a cd 30 1f 06 03 55 1d 23 04 18 30 16 80
    14 70 7f 2e ae 83 68 59 98 04 23 2a cd eb 3e 17
    cd 24 dd 01 49 30 09 06 03 55 1d 13 04 02 30 00
    30 13 06 03 55 1d 25 04 0c 30 0a 06 08 2b 06 01
    05 05 07 03 01 30 19 06 03 55 1d 11 04 12 30 10
    82 0e 73 65 72 76 65 72 2e 65 78 61 6d 70 6c 65
    30 0d 06 09 2a 86 48 86 f7 0d 01 01 0b 05 00 03
    82 01 01 00 7b d3 04 43 75 8a 0f 11 ae c4 fb d7
    a1 a2 9e fe 20 18 d5 f4 2f 31 88 46 b6 75 8c ee
    e5 9b 97 a6 b9 a3 cd 60 9a 46 c3 48 97 e5 97 68
    f7 5a 86 35 73 d9 69 9e f9 5f 74 b9 e6 94 13 01
    cb 6a dc e3 c4 04 e9 65 da 9c a4 8b 28 f3 f9 9a
    7f bf 97 1f 45 92 e5 05 b1 56 e6 0b f6 47 de 1e
    89 b6 2b e1 4d df 4a 7e 01 d3 23 dc 97 8c 47 fe
    5f c7 cc 98 46 0e c4 83 5b ca 8a f1 52 09 be 6b
    ec 3f 09 8b d0 93 02 bf e1 51 e7 d1 7e 34 56 19
    74 d0 ff 28 25 de b7 9f 56 52 91 7d 20 29 85 0a
    80 44 5f 71 32 25 71 0f c2 16 e2 5f 6b 1d 3f 32
    5b 0a 3c 74 1c b9 62 f1 ed 07 50 a3 6d b4 b4 31
    0a c0 53 44 6a 3a 88 84 8b 2d a9 b0 37 8e e6 18
    36 bd 9a 20 40 0f 01 92 8b 3d aa 61 e7 ae 2c ed
    36 cd 3a 07 86 74 3a 29 b3 d7 3a b4 00 a9 c2 f5
    92 78 0e e2 0f a3 fe bb be e0 06 53 84 59 1d 90
    69 e5 b6 f9 00 00
<<< TLS 1.2, RecordHeader [length 0005]
    17 03 03 01 19
<<< TLS 1.3, InnerContent [length 0001]
    16
<<< TLS 1.3, Handshake [length 0108], CertificateVerify
    0f 00 01 04 08 04 01 00 8f 4b 96 f3 82 df 94 48
    59 aa 6a 26 0f ee d9 0d 89 c6 a2 be 1c 11 fe 38
    6b c3 c3 0e bd 50 3a 50 c2 ec 08 d7 87 2c 09 9d
    07 4f 9a 0b 6e c0 df 3b fb 12 b2 26 31 67 68 75
    50 24 95 ef 4c c0 68 85 68 e6 1c 51 f3 02 3e 95
    6f 50 38 77 b3 95 64 b9 19 7e 30 b2 b4 e7 6b dc
    a9 44 3e 4d cc 73 bd a8 83 91 2f 56 f2 3b bc 7f
    c0 ff 06 aa 4c 8d bd 2f 8a 0c 09 c6 08 64 ca d3
    05 0d 67 43 2c b5 76 e7 c0 50 c8 af a2 86 99 1f
    61 85 7b 09 43 fa 95 cf e4 5c 32 0d 2c 8f 0c 7f
    42 55 54 47 dc de cb e6 a5 ea db 33 a7 70 0c 10
    91 66 64 30 5b 95 5d eb 2d 7e 0b c7 90 d0 c9 1c
    a1 8b 8e b4 22 0c e1 57 08 97 0e 2f 4d 20 29 92
    b7 8d 1e 82 9e fc 3e 27 ae 6e 56 19 d4 5f 40 8f
    37 0a f7 2a fb e3 a1 85 fd 05 be 2b f7 60 7f 00
    ab db e8 88 f8 fe d5 67 e1 65 fe fa 5d 24 b4 e2
    15 02 36 03 66 21 fa 48
<<< TLS 1.2, RecordHeader [length 0005]
    17 03 03 00 45
<<< TLS 1.3, InnerContent [length 0001]
    16
<<< TLS 1.3, Handshake [length 0034], Finished
    14 00 00 30 91 57 13 d4 b6 55 83 3c 8e 1f 62 6a
    70 d1 3c e7 22 dd bc 5f 20 f2 59 60 15 7b 6e ee
    61 bc 29 73 9e fc bc 2a 8d 91 ff f8 dd a1 70 15
    28 80 03 09
>>> TLS 1.2, RecordHeader [length 0005]
    17 03 03 00 45
>>> TLS 1.2, InnerContent [length 0001]
    16
>>> TLS 1.3, Handshake [length 0034], Finished
    14 00 00 30 d2 fc 78 e5 76 47 75 c3 b4 9d 15 a2
    c4 23 28 83 69 5e 6c d9 69 4a e1 48 cb a0 aa 7a
    49 6d 04 80 3c 3d af 52 30 3e 11 38 ac b3 4c a9
    b8 38 34 1a
---
Certificate chain
 0 s:CN=server.example
   i:CN=Root CA
   a:PKEY: RSA, 2048 (bit); sigalg: sha256WithRSAEncryption
   v:NotBefore: Jan 14 22:29:46 2016 GMT; NotAfter: Jan 15 22:29:46 2116 GMT
---
Server certificate
-----BEGIN CERTIFICATE-----
MIIDJTCCAg2gAwIBAgIBAjANBgkqhkiG9w0BAQsFADASMRAwDgYDVQQDDAdSb290
IENBMCAXDTE2MDExNDIyMjk0NloYDzIxMTYwMTE1MjIyOTQ2WjAZMRcwFQYDVQQD
DA5zZXJ2ZXIuZXhhbXBsZTCCASIwDQYJKoZIhvcNAQEBBQADggEPADCCAQoCggEB
ANVdYGrf/GHuSKqMEUhDpW22Ul2qmEmxYZI1sfw6BCUMbXn/tNXJ6VwcO+Crs7h9
o95tveDd11q/FEcRQl6mgtBhwX/dE0bmCYUHDvLU/Bpk0gqtIKsga5bwrczEGVNV
3AEdpLPvirRJU12KBRzx3OFEv8XX4ncZV1yXC3XuiENxD8pswbSyUKd3RmxYDxG/
8XYkWq45QrdRZynh0FUwbxfkkeqt+CjCQ2+iZKn7nZiSYkg+6w1PgkqK/z9y7pa1
rqHBmLrvfZB1bf9aUp6r9cB+0IdD24UHBw99OHr90dPuZR3T6jlqhzfuStPgDW71
cKzCvfFu85KVXqnwoWWVk40CAwEAAaN9MHswHQYDVR0OBBYEFMDnhL/oWSczELBS
T1FSLwbWwHrNMB8GA1UdIwQYMBaAFHB/Lq6DaFmYBCMqzes+F80k3QFJMAkGA1Ud
EwQCMAAwEwYDVR0lBAwwCgYIKwYBBQUHAwEwGQYDVR0RBBIwEIIOc2VydmVyLmV4
YW1wbGUwDQYJKoZIhvcNAQELBQADggEBAHvTBEN1ig8RrsT716Ginv4gGNX0LzGI
RrZ1jO7lm5emuaPNYJpGw0iX5Zdo91qGNXPZaZ75X3S55pQTActq3OPEBOll2pyk
iyjz+Zp/v5cfRZLlBbFW5gv2R94eibYr4U3fSn4B0yPcl4xH/l/HzJhGDsSDW8qK
8VIJvmvsPwmL0JMCv+FR59F+NFYZdND/KCXet59WUpF9ICmFCoBEX3EyJXEPwhbi
X2sdPzJbCjx0HLli8e0HUKNttLQxCsBTRGo6iISLLamwN47mGDa9miBADwGSiz2q
YeeuLO02zToHhnQ6KbPXOrQAqcL1kngO4g+j/ru+4AZThFkdkGnltvk=
-----END CERTIFICATE-----
subject=CN=server.example
issuer=CN=Root CA
---
No client certificate CA names sent
Peer signing digest: SHA256
Peer signature type: rsa_pss_rsae_sha256
Negotiated TLS1.3 group: X25519MLKEM768
---
SSL handshake has read 2546 bytes and written 1702 bytes
Verification error: unable to verify the first certificate
---
New, TLSv1.3, Cipher is TLS_AES_256_GCM_SHA384
Protocol: TLSv1.3
Server public key is 2048 bit
This TLS version forbids renegotiation.
Compression: NONE
Expansion: NONE
No ALPN negotiated
Early data was not sent
Verify return code: 21 (unable to verify the first certificate)
---
>>> TLS 1.2, RecordHeader [length 0005]
    17 03 03 00 13
>>> TLS 1.2, InnerContent [length 0001]
    15
>>> TLS 1.3, Alert [length 0002], warning close_notify
    01 00
Connecting to 127.0.0.1
SSL_connect:before SSL initialization
SSL_connect:SSLv3/TLS write client hello
SSL_connect:SSLv3/TLS write client hello
SSL_connect:SSLv3/TLS read server hello
SSL_connect:SSLv3/TLS write change cipher spec
SSL_connect:SSLv3/TLS write client hello
SSL_connect:SSLv3/TLS write client hello
SSL_connect:SSLv3/TLS read server hello
Can't use SSL_get_servername
SSL_connect:TLSv1.3 read encrypted extensions
depth=0 CN=server.example
verify error:num=20:unable to get local issuer certificate
verify return:1
depth=0 CN=server.example
verify error:num=21:unable to verify the first certificate
verify return:1
depth=0 CN=server.example
verify return:1
SSL_connect:SSLv3/TLS read server certificate
SSL_connect:TLSv1.3 read server certificate verify
SSL_connect:SSLv3/TLS read finished
SSL_connect:SSLv3/TLS write finished
DONE
SSL3 alert write:warning:close notify
