CONNECTED(00000003)
>>> TLS 1.0, RecordHeader [length 0005]
    16 03 01 00 d6
>>> TLS 1.3, Handshake [length 00d6], ClientHello
    01 00 00 d2 03 03 d3 c9 e9 0a 74 2b 9d 65 27 95
    87 30 31 c1 d4 7c 0f 8d 9d 46 f7 69 37 bf cc b3
    dd 1b e7 51 62 93 20 8a d6 7f 64 8f 06 59 62 89
    63 d1 15 fe e3 92 ac bf 12 cf a0 10 17 2c 76 16
    90 4d e1 db e4 80 b6 00 06 13 02 13 03 13 01 01
    00 00 83 00 0b 00 04 03 00 01 02 00 0a 00 06 00
    04 00 1d 11 ec 00 23 00 00 00 16 00 00 00 17 00
    00 00 0d 00 2a 00 28 09 05 09 06 09 04 04 03 05
    03 06 03 08 07 08 08 08 1a 08 1b 08 1c 08 09 08
    0a 08 0b 08 04 08 05 08 06 04 01 05 01 06 01 00
    2b 00 03 02 03 04 00 2d 00 02 01 01 00 33 00 26
    00 24 00 1d 00 20 2c d6 c0 67 9c 0a e1 7d 1f 11
    4c 3d 30 5c 2d ee 85 5c 38 23 df ba 95 32 80 7c
    68 76 10 04 47 19
<<< TLS 1.2, RecordHeader [length 0005]
    16 03 03 00 58
<<< TLS 1.3, Handshake [length 0058], ServerHello
    02 00 00 54 03 03 cf 21 ad 74 e5 9a 61 11 be 1d
    8c 02 1e 65 b8 91 c2 a2 11 16 7a bb 8c 5e 07 9e
    09 e2 c8 a8 33 9c 20 8a d6 7f 64 8f 06 59 62 89
    63 d1 15 fe e3 92 ac bf 12 cf a0 10 17 2c 76 16
    90 4d e1 db e4 80 b6 13 02 00 00 0c 00 2b 00 02
    03 04 00 33 00 02 11 ec
>>> TLS 1.2, RecordHeader [length 0005]
    14 03 03 00 01
>>> TLS 1.3, ChangeCipherSpec [length 0001]
    01
>>> TLS 1.2, RecordHeader [length 0005]
    16 03 03 05 76
>>> TLS 1.3, Handshake [length 0576], ClientHello
    01 00 05 72 03 03 d3 c9 e9 0a 74 2b 9d 65 27 95
    87 30 31 c1 d4 7c 0f 8d 9d 46 f7 69 37 bf cc b3
    dd 1b e7 51 62 93 20 8a d6 7f 64 8f 06 59 62 89
    63 d1 15 fe e3 92 ac bf 12 cf a0 10 17 2c 76 16
    90 4d e1 db e4 80 b6 00 06 13 02 13 03 13 01 01
    00 05 23 00 0b 00 04 03 00 01 02 00 0a 00 06 00
    04 00 1d 11 ec 00 23 00 00 00 16 00 00 00 17 00
    00 00 0d 00 2a 00 28 09 05 09 06 09 04 04 03 05
    03 06 03 08 07 08 08 08 1a 08 1b 08 1c 08 09 08
    0a 08 0b 08 04 08 05 08 06 04 01 05 01 06 01 00
    2b 00 03 02 03 04 00 2d 00 02 01 01 00 33 04 c6
    04 c4 11 ec 04 c0 5e 43 76 3f f3 cd 78 a9 12 d1
    87 cf 5e db 83 8a 37 77 95 10 5a 5a 46 c3 7a 18
    a8 51 7a 14 21 54 ce 2c 60 c7 f0 70 3a 1c 3a 8e
    8c 73 4e 37 b5 89 83 81 aa cf 72 5b 4e 32 b6 53
    6a 68 8b d8 a7 94 d0 98 4d 54 be a9 27 20 66 fc
    1d 37 04 c5 f2 13 4d 8b f5 b7 9f 75 c6 77 24 5f
    07 97 6f 6a 32 be 73 00 02 44 ac 1e b1 93 2a 8d
    b4 57 f8 e3 7e aa 66 8b d2 e6 50 ef a3 0d 6f f0
    5c 0a c0 99 c1 fc b9 c8 62 c3 fe e6 3e 2d 99 6e
    af d0 8b 4f 4c bf a9 94 3e ff 22 74 ed a2 0d 6a
    b1 9a a8 23 92 42 08 21 01 49 0f 37 0a c5 07 d0
    1b 7c 91 12 ce 55 b7 c6 61 56 99 59 6f 93 7a 3d
    f1 70 5e 1b 47 56 98 16 73 2d 57 1e d4 32 72 eb
    b6 59 25 d9 84 d4 96 88 19 6a 6d 4c 20 8c b1 70
    2a e8 cb cf fc f7 81 ba 92 bf 8f e8 89 ed 12 be
    05 17 36 6f 6b 13 03 a6 4a 72 16 ad c1 20 b9 d2
    f9 59 8b 15 5b 79 e6 48 f7 b0 1f 04 28 39 17 62
    22 f5 0a 85 0c 51 2e 8d 06 56 df a5 53 c6 a8 ab
    81 bc 2c 56 03 07 a1 f1 a0 84 e4 14 8c 53 c2 3e
    8a 5c f6 64 47 62 c6 65 ed 7b 2b 6e c7 77 5d 73
    5b 54 2b 33 6e b0 b9 fe 28 bc e4 77 cd 7f f8 60
    7a 72 4c 4b 75 4c 83 a8 7e 8e 52 1b a0 a1 38 6e
    c8 34 46 d3 8a 4b 15 85 ca 41 2b a5 64 51 91 64
    1f 61 fc 09 88 74 5c 7d 0c b5 0e 25 c7 7f 8a 4d
    3b 84 74 f5 44 3f ab ba 35 2f b7 05 50 63 8e 03
    55 91 d1 63 98 5c 62 02 79 77 12 01 a9 22 fc 49
    3e bc 03 a6 d9 72 ab 6f b5 7c 53 c2 aa d5 aa 75
    d5 f0 01 ef 8b 99 33 e5 3e af a4 65 af dc ac 9a
    da 5f 37 13 ad 4c 47 23 03 89 06 40 67 2e d1 c7
    49 62 7c 87 88 70 91 0b 76 61 26 b1 44 67 2c 09
    ef c0 0d f3 ea 5d 52 f5 52 df 34 c3 54 97 27 ea
    89 7c c0 70 a7 ef d1 1f 9c 85 34 9c 4a 6b 03 01
    6c 46 1b 49 ee a8 8e 5d aa 5c 6b 60 ad 03 b3 50
    44 0c 6d 3d 08 01 bc 89 24 76 95 09 bc 35 35 e7
    ea c3 d9 22 37 5c f1 c2 21 b9 2a 90 d0 94 5d 22
    bb 6d 01 49 07 c2 7f eb d2 58 14 32 8c d1 a4 b8
    5a 41 c5 f0 39 b7 14 b7 4b 57 c0 5a 6a 22 b5 9a
    92 cc 5b 76 06 7d 96 52 cf 6b 5f 0d 3b 78 74 25
    86 94 09 c4 45 53 72 fb f6 17 d6 27 58 92 09 99
    30 22 4a e9 f1 08 75 b5 87 b0 82 24 ff bb ce 7a
    d1 39 40 59 65 ec f2 44 9d 23 ac 28 59 6e cc f9
    74 26 59 81 4b ec 0f 7b 18 23 fe 37 4d 3c fb 9e
    0d bc 7d 56 9b 85 cb d5 3c 71 32 77 6d 87 17 53
    fc 4e bf a7 37 f5 b2 93 10 d1 51 25 cc 02 a0 c1
    9d a2 98 b0 64 51 56 36 4a 3b 55 b3 4e dd b5 26
    07 80 61 e7 c3 33 c5 a7 27 34 16 a8 77 00 92 58
    01 d0 d9 d5 1c 79 71 2a df e4 a2 db 3c a0 70 41
    13 5b 07 94 98 5c 29 ae 5a 1c 02 8b 53 01 a4 3a
    f3 3a 0c e3 73 35 45 b2 1b e9 9a 5a 4e f1 5e 80
    93 b6 fa 24 85 6c a7 95 92 0a 4e ae 45 6e 9b 1b
    ba 5e ab 45 d1 d0 37 a1 f5 40 f2 43 13 3f bb 73
    55 f1 7c 40 30 9d f4 50 58 19 27 4d 98 27 03 e7
    14 0f cd 27 ab 80 b5 11 de 28 06 2d 80 cd a1 c1
    1c 4a e6 7a 40 06 18 ee 64 2c ec 83 45 36 45 a5
    4c c4 36 95 b3 cd 24 02 cb 5b 99 38 4c 08 cf f6
    cc 3a 7e 60 96 02 d7 35 1e 52 ab 4a 9a 10 52 63
    5c 5a 18 c0 91 11 6d 7d 00 bf 61 68 c0 6f b3 aa
    a4 ac 54 c0 42 5d 5e b9 80 45 76 4b b8 11 53 47
    f1 42 52 03 a4 8a 14 5c 90 85 57 ee 12 11 50 62
    34 03 39 a9 31 d4 10 fb b0 7b 96 43 09 7e f8 22
    cd 58 be e8 12 63 44 53 16 ce bc 1b 4a 82 63 a4
    61 67 71 37 00 b3 84 bc c3 1b ce 30 a6 60 be f5
    12 72 0b 78 8c 7b 94 93 f2 92 40 ec 39 3f f6 c7
    67 a5 19 69 2a 78 ca 5c 47 e2 0c 26 f4 c7 c1 17
    79 af 95 09 0b b3 16 cb 8f 1c 09 f7 f4 28 20 f3
    6c 78 f1 56 a2 0a 34 90 68 6b 8b c1 a4 1b d7 26
    db e1 cd 4e 67 0e 82 91 2c 4f 24 8b 73 a2 32 0e
    f5 7d 0c b3 2a 40 94 89 b9 fc 14 5f 99 81 7c da
    65 22 06 6c 9a b1 81 95 64 47 52 bc 19 69 c6 84
    58 69 41 a1 c1 5e e2 98 6d f0 10 8d fa 0a 23 89
    03 01 b3 20 5b cb 58 ac 2e 5b 05 58 20 c9 26 e9
    30 35 0a 32 50 56 0f d0 12 bd ce d0 60 db 21 b5
    58 95 91 4a fc 7d 83 f9 91 00 5f c6 f9 55 94 b3
    76 2d c7 a0 fa 46 06 04 76 93 a0 ec bb 52 bc 62
    33 ab 1e 2b d8 71 d7 e4 0c 04 e8 6f 34 e0 e9 fb
    75 bf c2 f6 e5 74 d0 b8 bb 39 b7 0e 73 a5 69 48
    1b ed 67 53 f8 2f
<<< TLS 1.2, RecordHeader [length 0005]
    14 03 03 00 01
<<< TLS 1.3, ChangeCipherSpec [length 0001]
    01
<<< TLS 1.2, RecordHeader [length 0005]
    16 03 03 04 ba
<<< TLS 1.3, Handshake [length 04ba], ServerHello
    02 00 04 b6 03 03 fd c6 0b 78 08 99 b7 9f 70 72
    92 4d 63 a3 b2 ef f3 2c 18 25 e6 9a 24 9b 75 ec
    c1 3f 94 f6 a1 ac 20 8a d6 7f 64 8f 06 59 62 89
    63 d1 15 fe e3 92 ac bf 12 cf a0 10 17 2c 76 16
    90 4d e1 db e4 80 b6 13 02 00 04 6e 00 2b 00 02
    03 04 00 33 04 64 11 ec 04 60 91 67 f4 ca 80 53
    3e bb 80 a8 25 d3 e2 9e e8 cb 7e a1 0b 04 14 f7
    bf 79 96 7f d1 2e 17 2d e8 3b 2e b4 f0 ad a1 a1
    c0 a5 c9 52 dc d5 84 ff 4e b8 c6 c1 c3 96 33 8d
    ad 27 1b 82 74 a6 b4 69 d4 a0 7e a2 6b f5 d9 c5
    61 f3 2c 7f 5e b5 64 45 5f a4 56 04 98 dd 5c f4
    c7 21 27 76 cf 29 ae c8 90 b3 04 8b b0 ac 83 72
    f9 be 0e a6 5a ef 02 11 1e a8 51 b6 06 d9 65 6f
    80 a5 3c 6a 48 ce 4f 3e 45 48 a2 34 fa da ad e6
    74 36 c4 3c a2 b6 e0 be bd de 5f fe 70 3c ad 60
    f7 35 a1 fb d3 61 18 61 c7 a7 db b3 af 99 4d fb
    27 3e 46 a7 bf 2d f4 8d 2f 07 90 4f ac 68 fc e1
    22 cd ad 41 44 7e 1f b5 9f ee f5 85 0d a9 10 30
    6b 0c 5c 81 f9 33 e6 23 bf cb 65 2a 43 fd 1d 03
    56 79 b5 6f bb ce a5 8f 6b 20 c1 15 c1 c2 e0 85
    2c 4e 87 65 e5 ff f9 f8 1f 17 81 d5 cb b4 38 e2
    48 2f 4a 46 bc 1b 5f e8 c7 b0 07 a5 2d 4e 22 b6
    16 d3 47 57 a7 c3 50 bf 82 a9 40 3d 33 4e 4b f1
    85 8b 1c 22 10 8b db 0d a5 05 94 2e 34 47 05 2b
    ea db ce 1b ae 0d e2 95 a6 23 e9 11 da 39 53 67
    cc 69 6d af d4 27 3b 80 12 fd af c0 7b 22 87 57
    96 4f df bb 12 48 53 d0 0b 06 f0 e4 22 1a 90 41
    b4 19 26 bd cc 61 2f 4a 51 93 49 8e bd 24 fb 90
    ce ca e8 81 aa cc 3f a1 52 15 8d 91 c7 39 f9 ca
    bf a1 5f 72 0c 0e ac 89 2f 6e b6 8b df 7c 06 f0
    7a 3e 91 71 43 07 d0 cd 04 3c 08 2c 50 53 2a 54
    4a fe d5 21 de c7 25 67 b3 75 ca 86 a7 8c c8 c7
    91 c0 8f 23 4c 31 21 76 fc a1 5b 6f 2c a5 30 9d
    df 45 85 6c ca 21 04 2e d6 39 74 2f 05 5c 69 0b
    76 d1 33 cb 26 99 a3 67 5d 5a 06 98 f5 68 98 1c
    e0 2b 8f 04 e3 59 9d 98 26 91 f1 34 2e 71 50 00
    92 b5 b5 7f bf 69 b3 90 40 00 f0 9d 2e b2 94 3f
    ee 55 d6 1b 11 b4 1d 78 80 cb ac 90 bb 35 13 b1
    26 3b 8c 0d f0 aa 52 3d d8 46 4d d3 c8 fd eb 28
    f5 dc e6 5b 87 8c b6 d5 8e 06 68 c9 c7 3c 6c 45
    42 cc f3 a1 3a db 98 76 7d 3a d8 5a b9 c9 b4 4e
    c9 87 56 ee 29 9c d8 77 97 32 ea bb 3d 4b 54 18
    58 cf b4 54 88 a5 82 09 2b f7 09 79 ba ec e5 e7
    ed c7 b2 4e cd f0 b4 a8 34 73 ed c0 57 e7 81 32
    cd fb d3 05 3b 7f c7 b8 3a f8 ae a4 0c 09 79 a5
    c6 85 02 23 4f c4 59 26 3b 18 83 e1 a0 3f f0 c3
    d8 5d 68 80 fa 0c b7 50 98 f1 e3 5b d1 9b de 2b
    33 88 d0 81 fa 4b f8 4a ee 6e d7 ef 1b 48 6b 1a
    2e 1b 42 80 47 a1 8e 6b 1a 75 6f 15 96 70 66 fc
    14 61 e6 ad 72 3a fb 4e dd 93 8e 40 1d 96 ec 7e
    d7 d6 bb b7 2f ab 4a 46 bb f8 ea 3a 7f cf 4b 05
    3c ee cf 93 72 02 cb 5e 6e 76 dc 8c dd 40 c5 7d
    45 35 26 3c e8 80 44 49 e5 dd 94 89 34 17 e0 66
    19 28 91 21 55 36 62 43 c8 2b 99 5e 55 0e cb 10
    e3 8c cd 5d 93 1d f2 20 fd e6 9c 93 4b 82 5e 51
    8b 5f 55 99 a4 0c 68 5d e2 f4 87 41 66 a1 d9 c8
    41 8d 9a ca 2c 2b dd c8 71 9f 1f 50 89 53 ee 8f
    6c b0 e9 9b d1 7b 69 e8 ad c4 6a 0c 39 32 4d c2
    e6 95 4b 8b d7 36 5a f5 9e fa 9a ae b8 36 9f 8c
    60 26 17 57 5d a8 48 52 10 07 e6 f4 23 03 2d 85
    1f f2 8e f8 2b 54 1d c9 00 98 78 f3 71 3e ed bf
    2d e5 08 78 97 95 cd 87 40 f1 af 61 74 24 e9 dc
    1c 86 b5 bb 6e 68 69 52 13 a3 21 ec b2 f1 e2 f8
    94 59 9c cc 01 de 6b 88 34 c2 4d 34 7e d5 9a b6
    db 56 56 6a 7a 8d eb 36 e8 7c f4 fe af 85 b4 b5
    e0 ac 84 24 1e ba a8 47 00 2d 89 7c e4 c9 12 df
    f2 18 6d b3 9b 0a 43 1a 71 93 58 9b 96 d1 f2 61
    bf dc 1f 2b 54 30 ae 2f 3c 93 fb 4c 40 23 00 24
    e4 f5 f9 c9 2b 80 24 67 31 e8 26 1a 9f 15 ef b4
    76 f1 ea 9d 4c 7c f9 9f 9b 47 30 91 28 93 38 1f
    54 da d7 1e d1 b4 de 26 61 05 35 71 f0 f9 25 11
    ce 78 3e 19 91 e5 60 12 4b 16 44 b3 72 d5 49 f8
    ed e1 72 a4 79 cf 93 b6 cf 7a 95 7b a5 0c 01 a2
    3f e0 0f 32 63 88 24 4c 98 b6 f0 a3 44 04 dc bd
    e5 2b 0d b6 77 56 59 ff 91 15 9f 94 58 20 ea 6c
    d9 39 f8 fb 7c aa a8 52 a8 2e
<<< TLS 1.2, RecordHeader [length 0005]
    17 03 03 00 17
<<< TLS 1.3, InnerContent [length 0001]
    16
<<< TLS 1.3, Handshake [length 0006], EncryptedExtensions
    08 00 00 02 00 00
<<< TLS 1.2, RecordHeader [length 0005]
    17 03 03 03 47
<<< TLS 1.3, InnerContent [length 0001]
    16
<<< TLS 1.3, Handshake [length 0336], Certificate
    0b 00 03 32 00 00 03 2e 00 03 29 30 82 03 25 30
    82 02 0d a0 03 02 01 02 02 01 02 30 0d 06 09 2a
    86 48 86 f7 0d 01 01 0b 05 00 30 12 31 10 30 0e
    06 03 55 04 03 0c 07 52 6f 6f 74 20 43 41 30 20
    17 0d 31 36 30 31 31 34 32 32 32 39 34 36 5a 18
    0f 32 31 31 36 30 31 31 35 32 32 32 39 34 36 5a
    30 19 31 17 30 15 06 03 55 04 03 0c 0e 73 65 72
    76 65 72 2e 65 78 61 6d 70 6c 65 30 82 01 22 30
    0d 06 09 2a 86 48 86 f7 0d 01 01 01 05 00 03 82
    01 0f 00 30 82 01 0a 02 82 01 01 00 d5 5d 60 6a
    df fc 61 ee 48 aa 8c 11 48 43 a5 6d b6 52 5d aa
    98 49 b1 61 92 35 b1 fc 3a 04 25 0c 6d 79 ff b4
    d5 c9 e9 5c 1c 3b e0 ab b3 b8 7d a3 de 6d bd e0
    dd d7 5a bf 14 47 11 42 5e a6 82 d0 61 c1 7f dd
    13 46 e6 09 85 07 0e f2 d4 fc 1a 64 d2 0a ad 20
    ab 20 6b 96 f0 ad cc c4 19 53 55 dc 01 1d a4 b3
    ef 8a b4 49 53 5d 8a 05 1c f1 dc e1 44 bf c5 d7
    e2 77 19 57 5c 97 0b 75 ee 88 43 71 0f ca 6c c1
    b4 b2 50 a7 77 46 6c 58 0f 11 bf f1 76 24 5a ae
    39 42 b7 51 67 29 e1 d0 55 30 6f 17 e4 91 ea ad
    f8 28 c2 43 6f a2 64 a9 fb 9d 98 92 62 48 3e eb
    0d 4f 82 4a 8a ff 3f 72 ee 96 b5 ae a1 c1 98 ba
    ef 7d 90 75 6d ff 5a 52 9e ab f5 c0 7e d0 87 43
    db 85 07 07 0f 7d 38 7a fd d1 d3 ee 65 1d d3 ea
    39 6a 87 37 ee 4a d3 e0 0d 6e f5 70 ac c2 bd f1
    6e f3 92 95 5e a9 f0 a1 65 95 93 8d 02 03 01 00
    01 a3 7d 30 7b 30 1d 06 03 55 1d 0e 04 16 04 14
    c0 e7 84 bf e8 59 27 33 10 b0 52 4f 51 52 2f 06
    d6 c0 7a cd 30 1f 06 03 55 1d 23 04 18 30 16 80
    14 70 7f 2e ae 83 68 59 98 04 23 2a cd eb 3e 17
    cd 24 dd 01 49 30 09 06 03 55 1d 13 04 02 30 00
    30 13 06 03 55 1d 25 04 0c 30 0a 06 08 2b 06 01
    05 05 07 03 01 30 19 06 03 55 1d 11 04 12 30 10
    82 0e 73 65 72 76 65 72 2e 65 78 61 6d 70 6c 65
    30 0d 06 09 2a 86 48 86 f7 0d 01 01 0b 05 00 03
    82 01 01 00 7b d3 04 43 75 8a 0f 11 ae c4 fb d7
    a1 a2 9e fe 20 18 d5 f4 2f 31 88 46 b6 75 8c ee
    e5 9b 97 a6 b9 a3 cd 60 9a 46 c3 48 97 e5 97 68
    f7 5a 86 35 73 d9 69 9e f9 5f 74 b9 e6 94 13 01
    cb 6a dc e3 c4 04 e9 65 da 9c a4 8b 28 f3 f9 9a
    7f bf 97 1f 45 92 e5 05 b1 56 e6 0b f6 47 de 1e
    89 b6 2b e1 4d df 4a 7e 01 d3 23 dc 97 8c 47 fe
    5f c7 cc 98 46 0e c4 83 5b ca 8a f1 52 09 be 6b
    ec 3f 09 8b d0 93 02 bf e1 51 e7 d1 7e 34 56 19
    74 d0 ff 28 25 de b7 9f 56 52 91 7d 20 29 85 0a
    80 44 5f 71 32 25 71 0f c2 16 e2 5f 6b 1d 3f 32
    5b 0a 3c 74 1c b9 62 f1 ed 07 50 a3 6d b4 b4 31
    0a c0 53 44 6a 3a 88 84 8b 2d a9 b0 37 8e e6 18
    36 bd 9a 20 40 0f 01 92 8b 3d aa 61 e7 ae 2c ed
    36 cd 3a 07 86 74 3a 29 b3 d7 3a b4 00 a9 c2 f5
    92 78 0e e2 0f a3 fe bb be e0 06 53 84 59 1d 90
    69 e5 b6 f9 00 00
<<< TLS 1.2, RecordHeader [length 0005]
    17 03 03 01 19
<<< TLS 1.3, InnerContent [length 0001]
    16
<<< TLS 1.3, Handshake [length 0108], CertificateVerify
    0f 00 01 04 08 04 01 00 0d d1 ad b8 ef 1c 78 51
    14 f1 16 db 12 5f 42 e3 95 f9 a2 59 40 3b ae 8c
    7f 72 89 93 c0 43 80 18 28 7b 7e 55 5b 73 9f 2d
    8a 49 83 05 5a a2 7f 64 57 41 8e 25 3f 11 4c c1
    bf 73 90 e6 35 2c 0b 11 23 9e 20 40 ee 2c 77 3f
    f6 df f8 29 ec 23 7d b1 17 56 ab c4 79 66 9b 3d
    25 d4 11 69 cc d9 5f c5 26 84 b7 ac c7 be b3 3f
    2f 5c 92 5e ea 39 8b a0 8f 98 e1 44 bc 55 17 03
    02 c8 60 9e b5 43 50 62 00 5c 46 e8 33 ab 47 ef
    fe da b0 62 e9 f2 a4 a3 57 45 98 ad 51 65 94 10
    61 c3 30 b3 f9 55 0d c1 94 bc 90 20 de eb 0c be
    ff 9b c3 79 86 e1 4b 75 68 c3 fa ae 52 b0 13 04
    8d 0a 0d fa 69 4a f3 f7 80 d9 3d ce 8a f8 8e b2
    72 84 bc e7 a0 b4 b1 61 fa 1d f0 c5 13 99 c7 c8
    3a 95 10 8a 7a 82 29 4c 41 ef 50 9b 8f 37 17 00
    b7 06 34 82 98 0d 97 1c 14 f7 1a 0c 52 35 e2 ec
    e1 69 d1 1b 9e 85 b4 92
<<< TLS 1.2, RecordHeader [length 0005]
    17 03 03 00 45
<<< TLS 1.3, InnerContent [length 0001]
    16
<<< TLS 1.3, Handshake [length 0034], Finished
    14 00 00 30 6c ec 17 80 1b 62 a8 4f 1b e3 71 5f
    6c 10 82 8c d7 98 76 da 7f b9 61 54 31 98 ca 73
    12 71 8d 1c 3f ea b8 20 03 42 d4 d1 35 df d4 b6
    21 12 79 c5
>>> TLS 1.2, RecordHeader [length 0005]
    17 03 03 00 45
>>> TLS 1.2, InnerContent [length 0001]
    16
>>> TLS 1.3, Handshake [length 0034], Finished
    14 00 00 30 34 18 76 77 c8 95 29 cb 3b 32 ae 70
    ae 30 73 32 8b a3 da a6 45 96 fa 0b c0 6a 43 38
    9f 6f 50 78 d1 fe ac 2b e1 27 b3 4d 53 ce 3f 1d
    a2 16 28 ce
---
Certificate chain
 0 s:CN=server.example
   i:CN=Root CA
   a:PKEY: RSA, 2048 (bit); sigalg: sha256WithRSAEncryption
   v:NotBefore: Jan 14 22:29:46 2016 GMT; NotAfter: Jan 15 22:29:46 2116 GMT
---
Server certificate
-----BEGIN CERTIFICATE-----
MIIDJTCCAg2gAwIBAgIBAjANBgkqhkiG9w0BAQsFADASMRAwDgYDVQQDDAdSb290
IENBMCAXDTE2MDExNDIyMjk0NloYDzIxMTYwMTE1MjIyOTQ2WjAZMRcwFQYDVQQD
DA5zZXJ2ZXIuZXhhbXBsZTCCASIwDQYJKoZIhvcNAQEBBQADggEPADCCAQoCggEB
ANVdYGrf/GHuSKqMEUhDpW22Ul2qmEmxYZI1sfw6BCUMbXn/tNXJ6VwcO+Crs7h9
o95tveDd11q/FEcRQl6mgtBhwX/dE0bmCYUHDvLU/Bpk0gqtIKsga5bwrczEGVNV
3AEdpLPvirRJU12KBRzx3OFEv8XX4ncZV1yXC3XuiENxD8pswbSyUKd3RmxYDxG/
8XYkWq45QrdRZynh0FUwbxfkkeqt+CjCQ2+iZKn7nZiSYkg+6w1PgkqK/z9y7pa1
rqHBmLrvfZB1bf9aUp6r9cB+0IdD24UHBw99OHr90dPuZR3T6jlqhzfuStPgDW71
cKzCvfFu85KVXqnwoWWVk40CAwEAAaN9MHswHQYDVR0OBBYEFMDnhL/oWSczELBS
T1FSLwbWwHrNMB8GA1UdIwQYMBaAFHB/Lq6DaFmYBCMqzes+F80k3QFJMAkGA1Ud
EwQCMAAwEwYDVR0lBAwwCgYIKwYBBQUHAwEwGQYDVR0RBBIwEIIOc2VydmVyLmV4
YW1wbGUwDQYJKoZIhvcNAQELBQADggEBAHvTBEN1ig8RrsT716Ginv4gGNX0LzGI
RrZ1jO7lm5emuaPNYJpGw0iX5Zdo91qGNXPZaZ75X3S55pQTActq3OPEBOll2pyk
iyjz+Zp/v5cfRZLlBbFW5gv2R94eibYr4U3fSn4B0yPcl4xH/l/HzJhGDsSDW8qK
8VIJvmvsPwmL0JMCv+FR59F+NFYZdND/KCXet59WUpF9ICmFCoBEX3EyJXEPwhbi
X2sdPzJbCjx0HLli8e0HUKNttLQxCsBTRGo6iISLLamwN47mGDa9miBADwGSiz2q
YeeuLO02zToHhnQ6KbPXOrQAqcL1kngO4g+j/ru+4AZThFkdkGnltvk=
-----END CERTIFICATE-----
subject=CN=server.example
issuer=CN=Root CA
---
No client certificate CA names sent
Peer signing digest: SHA256
Peer signature type: rsa_pss_rsae_sha256
Negotiated TLS1.3 group: X25519MLKEM768
---
SSL handshake has read 2546 bytes and written 1702 bytes
Verification error: unable to verify the first certificate
---
New, TLSv1.3, Cipher is TLS_AES_256_GCM_SHA384
Protocol: TLSv1.3
Server public key is 2048 bit
This TLS version forbids renegotiation.
Compression: NONE
Expansion: NONE
No ALPN negotiated
Early data was not sent
Verify return code: 21 (unable to verify the first certificate)
---
<<< TLS 1.2, RecordHeader [length 0005]
    17 03 03 00 fa
<<< TLS 1.3, InnerContent [length 0001]
    16
<<< TLS 1.3, Handshake [length 00e9], NewSessionTicket
    04 00 00 e5 00 00 1c 20 31 34 3a 39 08 00 00 00
    00 00 00 00 00 00 d0 a4 6f e5 38 23 a2 74 23 11
    27 a6 a6 16 4d bd ba 08 89 9d 85 95 82 31 97 82
    ca 29 6a f8 89 e8 ac c6 93 7e f3 c1 84 04 5c 2a
    e6 6f 31 e4 f8 18 f4 66 b6 5f 5b d3 5e 2a 83 49
    ad 65 7f 88 bb 15 ef 46 27 6c 1b c1 94 1a 2c d0
    ab 70 2b 5d 7e 52 85 2d b8 9c da ae 7c 5a f5 2c
    e4 c1 17 8d 88 ca c3 fd 8b 5a 22 01 82 b9 1c 07
    7c ec 34 84 40 f2 a7 26 3e 4a c0 cd 7d c7 03 df
    37 ce 3f e3 8c d2 b8 aa 5e 35 5c d7 b8 7c 05 96
    cf 2e 49 e6 a2 13 e7 3c 09 62 a1 73 58 24 12 ba
    fc a2 d1 9e e9 8f dd ff f1 bf 62 8a 44 fd 5b 8a
    86 0d 1e 2a f9 d6 ae ed 0f 53 1b 56 52 56 c1 44
    09 97 44 fd e8 9a b1 f3 a9 ca 9b 24 0e ad 2e 9e
    d1 50 b5 5c 3f cd e0 00 00
---
Post-Handshake New Session Ticket arrived:
SSL-Session:
    Protocol  : TLSv1.3
    Cipher    : TLS_AES_256_GCM_SHA384
    Session-ID: 38CC8173480294AED910A92EBB224FD7640DB7268CD9FC08A4ABCAFA5F21704B
    Session-ID-ctx: 
    Resumption PSK: 66059D7FF4BEBCA953185C794E7F44A7E90A52D602B784C9CD00AA00143F1C01D495436B5075B94EB1A98B14A1BAB986
    PSK identity: None
    PSK identity hint: None
    SRP username: None
    TLS session ticket lifetime hint: 7200 (seconds)
    TLS session ticket:
    0000 - a4 6f e5 38 23 a2 74 23-11 27 a6 a6 16 4d bd ba   .o.8#.t#.'...M..
    0010 - 08 89 9d 85 95 82 31 97-82 ca 29 6a f8 89 e8 ac   ......1...)j....
    0020 - c6 93 7e f3 c1 84 04 5c-2a e6 6f 31 e4 f8 18 f4   ..~....\*.o1....
    0030 - 66 b6 5f 5b d3 5e 2a 83-49 ad 65 7f 88 bb 15 ef   f._[.^*.I.e.....
    0040 - 46 27 6c 1b c1 94 1a 2c-d0 ab 70 2b 5d 7e 52 85   F'l....,..p+]~R.
    0050 - 2d b8 9c da ae 7c 5a f5-2c e4 c1 17 8d 88 ca c3   -....|Z.,.......
    0060 - fd 8b 5a 22 01 82 b9 1c-07 7c ec 34 84 40 f2 a7   ..Z".....|.4.@..
    0070 - 26 3e 4a c0 cd 7d c7 03-df 37 ce 3f e3 8c d2 b8   &>J..}...7.?....
    0080 - aa 5e 35 5c d7 b8 7c 05-96 cf 2e 49 e6 a2 13 e7   .^5\..|....I....
    0090 - 3c 09 62 a1 73 58 24 12-ba fc a2 d1 9e e9 8f dd   <.b.sX$.........
    00a0 - ff f1 bf 62 8a 44 fd 5b-8a 86 0d 1e 2a f9 d6 ae   ...b.D.[....*...
    00b0 - ed 0f 53 1b 56 52 56 c1-44 09 97 44 fd e8 9a b1   ..S.VRV.D..D....
    00c0 - f3 a9 ca 9b 24 0e ad 2e-9e d1 50 b5 5c 3f cd e0   ....$.....P.\?..

    Start Time: 1790644248
    Timeout   : 7200 (sec)
    Verify return code: 21 (unable to verify the first certificate)
    Extended master secret: no
    Max Early Data: 0
---
read R BLOCK
<<< TLS 1.2, RecordHeader [length 0005]
    17 03 03 00 fa
<<< TLS 1.3, InnerContent [length 0001]
    16
<<< TLS 1.3, Handshake [length 00e9], NewSessionTicket
    04 00 00 e5 00 00 1c 20 be f0 83 34 08 00 00 00
    00 00 00 00 01 00 d0 a4 6f e5 38 23 a2 74 23 11
    27 a6 a6 16 4d bd ba 04 5a 6d a9 ad c7 3a 74 4d
    f8 33 85 3f cf be 40 1d 9b 11 98 a2 23 81 4c 7a
    26 99 11 51 45 da b2 43 bd be 0a e1 e9 ff 41 ab
    8a 0e 34 87 a5 65 62 4d 5c 07 35 28 ff 2b 81 e8
    48 27 4a d5 b3 75 fa c1 bc e6 28 6a 78 24 9b 6c
    7f 38 58 1f 80 17 28 aa 23 3b a1 23 25 c1 e3 0a
    33 d1 ae 3d 50 fa 83 22 cb fd 45 24 8d e6 e9 7c
    9e f6 f1 92 d1 36 c7 68 e6 fe 5b a7 9d 2b bb f4
    44 cd c5 ce 4d ca c0 88 13 c5 c6 04 3a 51 b8 ef
    b0 7b c8 fe 20 a4 69 5f 04 69 21 29 e6 99 2d 35
    f6 f6 77 83 7b 28 df d5 ad e7 3d 51 21 ca 05 9c
    ec 94 37 00 77 69 52 96 95 71 a7 14 81 35 73 df
    84 41 ea b5 09 a4 12 00 00
---
Post-Handshake New Session Ticket arrived:
SSL-Session:
    Protocol  : TLSv1.3
    Cipher    : TLS_AES_256_GCM_SHA384
    Session-ID: AF32135D118A5F3A755E2623BAE44F3BF456C3A2117A67D7409AAFCA76354925
    Session-ID-ctx: 
    Resumption PSK: F8B461A4AEBFF197E1B7FE51D48ECC9675233AC9AF9E815838E3A13ECFB6A0F1004451682D7A7D297FABAB3CCA11033D
    PSK identity: None
    PSK identity hint: None
    SRP username: None
    TLS session ticket lifetime hint: 7200 (seconds)
    TLS session ticket:
    0000 - a4 6f e5 38 23 a2 74 23-11 27 a6 a6 16 4d bd ba   .o.8#.t#.'...M..
    0010 - 04 5a 6d a9 ad c7 3a 74-4d f8 33 85 3f cf be 40   .Zm...:tM.3.?..@
    0020 - 1d 9b 11 98 a2 23 81 4c-7a 26 99 11 51 45 da b2   .....#.Lz&..QE..
    0030 - 43 bd be 0a e1 e9 ff 41-ab 8a 0e 34 87 a5 65 62   C......A...4..eb
    0040 - 4d 5c 07 35 28 ff 2b 81-e8 48 27 4a d5 b3 75 fa   M\.5(.+..H'J..u.
    0050 - c1 bc e6 28 6a 78 24 9b-6c 7f 38 58 1f 80 17 28   ...(jx$.l.8X...(
    0060 - aa 23 3b a1 23 25 c1 e3-0a 33 d1 ae 3d 50 fa 83   .#;.#%...3..=P..
    0070 - 22 cb fd 45 24 8d e6 e9-7c 9e f6 f1 92 d1 36 c7   "..E$...|.....6.
    0080 - 68 e6 fe 5b a7 9d 2b bb-f4 44 cd c5 ce 4d ca c0   h..[..+..D...M..
    0090 - 88 13 c5 c6 04 3a 51 b8-ef b0 7b c8 fe 20 a4 69   .....:Q...{.. .i
    00a0 - 5f 04 69 21 29 e6 99 2d-35 f6 f6 77 83 7b 28 df   _.i!)..-5..w.{(.
    00b0 - d5 ad e7 3d 51 21 ca 05-9c ec 94 37 00 77 69 52   ...=Q!.....7.wiR
    00c0 - 96 95 71 a7 14 81 35 73-df 84 41 ea b5 09 a4 12   ..q...5s..A.....

    Start Time: 1790644248
    Timeout   : 7200 (sec)
    Verify return code: 21 (unable to verify the first certificate)
    Extended master secret: no
    Max Early Data: 0
---
read R BLOCK
>>> TLS 1.2, RecordHeader [length 0005]
    17 03 03 00 13
>>> TLS 1.2, InnerContent [length 0001]
    15
>>> TLS 1.3, Alert [length 0002], warning close_notify
    01 00
Connecting to 127.0.0.1
SSL_connect:before SSL initialization
SSL_connect:SSLv3/TLS write client hello
SSL_connect:SSLv3/TLS write client hello
SSL_connect:SSLv3/TLS read server hello
SSL_connect:SSLv3/TLS write change cipher spec
SSL_connect:SSLv3/TLS write client hello
SSL_connect:SSLv3/TLS write client hello
SSL_connect:SSLv3/TLS read server hello
Can't use SSL_get_servername
SSL_connect:TLSv1.3 read encrypted extensions
depth=0 CN=server.example
verify error:num=20:unable to get local issuer certificate
verify return:1
depth=0 CN=server.example
verify error:num=21:unable to verify the first certificate
verify return:1
depth=0 CN=server.example
verify return:1
SSL_connect:SSLv3/TLS read server certificate
SSL_connect:TLSv1.3 read server certificate verify
SSL_connect:SSLv3/TLS read finished
SSL_connect:SSLv3/TLS write finished
SSL_connect:SSL negotiation finished successfully
SSL_connect:SSL negotiation finished successfully
SSL_connect:SSLv3/TLS read server session ticket
SSL_connect:SSL negotiation finished successfully
SSL_connect:SSL negotiation finished successfully
SSL_connect:SSLv3/TLS read server session ticket
DONE
SSL3 alert write:warning:close notify
