CONNECTED(00000003)
>>> TLS 1.0, RecordHeader [length 0005]
    16 03 01 00 d6
>>> TLS 1.3, Handshake [length 00d6], ClientHello
    01 00 00 d2 03 03 fe 06 4d 8e 96 5d 93 8c db 9c
    48 62 3f ef 44 1a b0 c9 57 2a 9c 16 0c 9d 43 e9
    b2 b2 7c 2c 5d e4 20 ac 2e e4 09 78 5a 98 0c c6
    bd d9 05 48 4c c1 b2 d6 75 c1 39 24 e0 e4 cc 0f
    80 98 34 46 d8 1b 33 00 06 13 02 13 03 13 01 01
    00 00 83 00 0b 00 04 03 00 01 02 00 0a 00 06 00
    04 00 1d 11 ec 00 23 00 00 00 16 00 00 00 17 00
    00 00 0d 00 2a 00 28 09 05 09 06 09 04 04 03 05
    03 06 03 08 07 08 08 08 1a 08 1b 08 1c 08 09 08
    0a 08 0b 08 04 08 05 08 06 04 01 05 01 06 01 00
    2b 00 03 02 03 04 00 2d 00 02 01 01 00 33 00 26
    00 24 00 1d 00 20 fd 33 37 d5 a7 ee 3b 3a 6b c6
    9f 43 72 bf ce 55 66 0f 73 c7 7e 88 f3 89 0e 63
    40 43 90 e7 d4 24
<<< TLS 1.2, RecordHeader [length 0005]
    16 03 03 00 58
<<< TLS 1.3, Handshake [length 0058], ServerHello
    02 00 00 54 03 03 cf 21 ad 74 e5 9a 61 11 be 1d
    8c 02 1e 65 b8 91 c2 a2 11 16 7a bb 8c 5e 07 9e
    09 e2 c8 a8 33 9c 20 ac 2e e4 09 78 5a 98 0c c6
    bd d9 05 48 4c c1 b2 d6 75 c1 39 24 e0 e4 cc 0f
    80 98 34 46 d8 1b 33 13 02 00 00 0c 00 2b 00 02
    03 04 00 33 00 02 11 ec
>>> TLS 1.2, RecordHeader [length 0005]
    14 03 03 00 01
>>> TLS 1.3, ChangeCipherSpec [length 0001]
    01
>>> TLS 1.2, RecordHeader [length 0005]
    16 03 03 05 76
>>> TLS 1.3, Handshake [length 0576], ClientHello
    01 00 05 72 03 03 fe 06 4d 8e 96 5d 93 8c db 9c
    48 62 3f ef 44 1a b0 c9 57 2a 9c 16 0c 9d 43 e9
    b2 b2 7c 2c 5d e4 20 ac 2e e4 09 78 5a 98 0c c6
    bd d9 05 48 4c c1 b2 d6 75 c1 39 24 e0 e4 cc 0f
    80 98 34 46 d8 1b 33 00 06 13 02 13 03 13 01 01
    00 05 23 00 0b 00 04 03 00 01 02 00 0a 00 06 00
    04 00 1d 11 ec 00 23 00 00 00 16 00 00 00 17 00
    00 00 0d 00 2a 00 28 09 05 09 06 09 04 04 03 05
    03 06 03 08 07 08 08 08 1a 08 1b 08 1c 08 09 08
    0a 08 0b 08 04 08 05 08 06 04 01 05 01 06 01 00
    2b 00 03 02 03 04 00 2d 00 02 01 01 00 33 04 c6
    04 c4 11 ec 04 c0 54 db 54 7e 7a 20 44 73 9e ae
    aa 20 5e 05 79 88 b1 a4 f0 1c 74 9b 7c 24 a3 30
    a2 17 97 16 7f 18 36 92 ec 6d c5 86 8b 5f 97 9f
    69 66 2a d5 0c 11 65 ec a0 37 e7 59 f0 63 34 fc
    9c a2 70 9c 27 dc 2b 00 ff e7 36 c2 d3 28 5d 22
    49 38 13 ae 4d 71 8b d2 4b 16 45 f3 49 1d e3 2a
    1e 8a 7b ef e3 a2 25 8a 85 2c 94 2d 37 c5 5a 5f
    7c 72 28 e4 92 dd e2 c1 70 eb c4 28 57 33 6b 92
    42 25 87 2f 9d 9b 14 a4 d7 72 39 a5 67 88 21 79
    6a 54 cd 8d f3 47 fc fa ca c1 e6 4e 50 f1 94 37
    17 0b c1 f7 75 db 9c b7 c5 c6 7a 1c b9 88 54 05
    70 60 47 8f 0a c7 6c ae f7 4e 5f d1 4a 55 d7 91
    c6 6b 8e ae f4 66 c7 70 93 68 7b 00 24 73 48 36
    14 37 4d 32 06 7b 28 14 87 96 86 a5 08 ab 28 2c
    6e 20 3c 1e e9 87 c6 69 56 65 24 6a 8b 81 77 1e
    c7 39 11 65 da a0 f5 32 19 10 a0 b8 d4 61 43 9c
    49 21 95 62 57 33 62 c6 23 21 cb 3a 3b 25 15 7c
    46 ba a6 0b 65 d8 9e 09 76 4c e6 c5 5f 89 9a 75
    67 66 7d b9 16 68 c7 86 40 ee 90 36 7f 57 af 98
    e1 4b c3 19 4b a6 3a 4b 48 24 22 c4 d8 7d 9e 1c
    cd 60 84 b5 89 51 65 67 e7 b6 eb d2 77 48 b4 69
    d9 14 54 5b f4 bb 22 6b 37 75 fa 6f 6e e1 01 17
    61 6f cc 65 3b e2 74 a8 51 59 26 7f 5b 6e 2b 78
    47 7a 16 7b d6 e5 2b b2 c5 c2 2e 7a 76 93 08 aa
    9d b6 56 da 12 0b 13 b2 a1 6f d1 87 f6 08 32 38
    99 4e ed 16 48 61 22 2a ce 3a 8d 85 a0 42 8a 62
    7d f4 67 a7 86 d7 5b e7 f4 c6 16 f3 9b 11 10 43
    c5 70 9d 9c 2b 1a ef 3a b5 e5 05 c2 83 0b c5 c8
    b3 04 9d 34 a2 ae 35 98 b4 90 9b 4b 29 a6 66 bb
    bc 44 d1 5a b3 99 2d 20 50 1e 09 5c 9f a3 a7 84
    66 82 7d a6 c2 b6 c8 c1 a7 b2 84 59 53 79 91 c3
    04 60 2f a6 48 36 d6 a1 3f 03 61 45 53 1d c7 37
    34 82 d4 46 f6 48 c7 45 86 92 da b5 5f b8 82 b9
    1c 25 21 1a 81 4a 9c 13 24 96 54 24 18 7c 05 27
    db 17 45 09 46 ec e4 0c d5 89 05 7a d5 c4 7a 17
    96 28 72 7e 5e b7 b7 29 8b 3c 5c 9c 4e f2 b1 8d
    52 f4 35 be f3 78 1f 3b 8b 04 32 4e 93 4a af a3
    99 87 e1 d4 94 73 33 9b 77 e9 ac b0 11 4a ec 2c
    29 fa eb be 4c d4 bf 8b 53 17 4d 99 b0 e2 f9 33
    ea 54 c9 b3 58 27 b9 51 a7 9a 48 34 08 28 60 51
    83 1e 80 16 7c ca 44 aa 7c f3 27 61 06 39 ed c4
    12 9a 5a 95 eb c3 14 3c 3a 98 4d 71 22 d3 a5 0a
    46 08 58 55 45 94 17 99 9a 3f f1 c3 35 c2 39 ae
    36 56 f0 c3 7c 62 16 84 97 e6 30 5a 58 0a b5 ec
    45 6a 52 c6 74 40 15 b2 e2 12 ef 8c c0 5a d6 b0
    dd a7 56 e6 e0 8a 1f c0 10 54 92 6c 84 51 86 cd
    95 c1 a6 57 12 48 bb 4f 0d 56 38 90 2b 75 ba c5
    c4 03 84 88 85 65 65 42 74 63 fe 6b 58 53 c4 16
    d4 f9 21 ff 97 0c 7b 22 45 e4 a0 a3 7b e9 7b 8e
    f4 74 ef ac 03 ae 8b 48 c0 7b ac 61 27 b6 96 ca
    9e cf 84 b8 b6 d9 52 47 d7 ca 96 d2 3a 05 18 6e
    93 aa 01 7c 3b 44 f3 88 22 ee ea 1a 9d 81 7d a9
    5c 47 9e e5 73 8e 56 72 26 33 00 ff c7 a4 6e c7
    5b eb e7 2e 5b 18 44 7d 20 85 4b 69 43 fb 38 b6
    a4 89 c0 e5 32 65 b1 61 a5 93 66 64 4c bb 82 62
    5a bd 99 b4 4a 47 97 ca d6 78 b6 a7 f6 b3 9d 96
    c5 2c 60 3d 24 5b c4 aa d4 aa 66 f1 3a df c9 a2
    8a 94 58 56 8c 8e 3f 77 7d 70 87 b3 ae 85 38 da
    23 03 42 72 92 2f 11 58 04 56 17 54 2a 3e 34 7a
    48 f5 db 7f 03 59 40 4b 53 97 53 b4 35 ec 32 8e
    e4 bc ca 81 61 75 63 20 3e 41 1a aa 73 96 0e 9e
    31 b5 23 90 9a 4d 6a a4 9c 8b a3 21 25 cf f3 47
    82 6b a0 40 59 48 c2 c7 b0 c9 f7 2b 65 0f 53 0c
    45 94 94 84 31 a8 d5 75 c8 21 32 47 cc 00 4f 99
    20 26 cf 2c 35 a4 39 28 81 75 75 af 75 2e cc 73
    cc 98 24 88 2b 83 34 29 44 6f 31 d3 1f ab e5 4d
    e6 16 35 3c 1a b2 5f 1c 7a 58 14 5c 8c b2 5e b4
    7b 0d 3f 28 65 0b b6 25 20 09 90 86 93 ac d5 87
    b4 f3 e9 51 fc 02 2a 39 75 03 b7 d1 21 59 31 8f
    4c c3 5c 0a 59 ca 4f 75 5c d9 15 bf c3 6c bb 16
    9b 41 ef bc 63 d3 d1 af ed 94 22 52 14 9a f5 a3
    25 55 c4 55 86 4c a5 d0 17 7a 7a 9a a4 28 13 bd
    1e c1 af 73 32 61 40 c4 ca ac 45 fa 82 da ff 99
    cd a0 95 f1 f4 2d 8f 23 f7 e1 17 86 1b e9 22 b9
    6d 1a ea 38 83 64 8c b0 d9 bd 49 a4 2f 99 92 03
    75 87 6f c4 2f 07 fc 81 5f 3d 7d 0e 8f c8 36 01
    d1 17 e0 0a 83 60
<<< TLS 1.2, RecordHeader [length 0005]
    14 03 03 00 01
<<< TLS 1.3, ChangeCipherSpec [length 0001]
    01
<<< TLS 1.2, RecordHeader [length 0005]
    16 03 03 04 ba
<<< TLS 1.3, Handshake [length 04ba], ServerHello
    02 00 04 b6 03 03 d1 60 9d d2 f6 d6 52 a3 11 a9
    a3 ea 08 a9 80 a5 33 a1 48 a3 18 9e 1d 5a 5f 68
    db 3e 78 8e 31 28 20 ac 2e e4 09 78 5a 98 0c c6
    bd d9 05 48 4c c1 b2 d6 75 c1 39 24 e0 e4 cc 0f
    80 98 34 46 d8 1b 33 13 02 00 04 6e 00 2b 00 02
    03 04 00 33 04 64 11 ec 04 60 fd d3 ee 9c 1c 9c
    08 41 58 5d b3 43 83 ac 12 32 eb 92 f8 5b 53 7d
    3b 5e 4d bd 51 77 1a 1c ae bb ce 9d a7 9c 61 89
    e3 9b 52 7a 08 c2 23 92 eb 32 92 a9 d2 ce 88 81
    d9 54 81 0b 5d cd b5 3f 6c dd 86 01 78 f5 18 4b
    4b 17 1e 8a 43 bb 50 38 a4 7c 64 32 26 0d 14 1c
    a0 cf fa 59 02 ef ce 65 a9 40 76 95 00 13 ef 82
    c4 81 60 c7 93 ad 66 49 5a 4c 5d 57 7b e7 81 33
    c1 80 ef 24 6d 5b 0e 4f db e0 3b aa 5c f5 e0 15
    11 25 48 f2 e6 a1 0a 9b c1 b3 50 c4 db b0 48 56
    be cb be db 51 1a 34 58 40 1a f7 40 54 db f6 4c
    90 ad d5 fe 98 b8 5d 20 9e 32 04 4c f1 39 a9 8e
    f5 cb d4 49 f8 60 d1 e3 02 35 b4 26 77 61 45 34
    2f 51 7e ff 89 53 7a a6 4b 8e da 28 3e ba b9 1c
    e2 3c c5 f5 7a bf 5e 25 5d ac bb b4 90 63 27 af
    f2 65 12 f9 31 5d ec 3c 8c ea 42 a4 1b d5 87 df
    0c 68 f3 a9 b1 a2 9f d1 38 30 83 9f 3e 50 67 44
    c8 a1 34 17 3e 97 d8 7d df 8e 1d 99 66 63 f1 70
    f0 db 34 ff 90 e8 43 85 90 a0 e2 d0 b3 99 7e ad
    56 38 7e 93 23 b9 e5 99 9b b6 14 58 54 9a f9 04
    b3 70 47 ad 08 45 07 62 f5 c1 03 51 e2 23 fc 67
    d5 b2 f1 2a 65 7f cf fa 97 4d c2 2d e7 cd 73 ff
    06 19 a7 a9 97 90 10 2e 92 3c 58 8a 08 c0 a1 b2
    06 27 9a 49 0e a4 56 5f e1 6a 37 7c b6 13 07 8b
    e1 ac 81 4e 53 cb 5d f3 43 9c a0 53 06 32 f6 24
    de 0b 0d 15 b4 ce 25 b5 b3 eb 55 9e 25 66 6e ad
    7c 15 ec fe d6 e7 65 be 0e 12 40 9f 4b 40 12 52
    1c e0 ac cc 88 52 43 e6 53 aa a0 04 2c 8f 23 11
    57 a9 0a 03 f8 74 1b e3 b8 5b 0a bb 0b 62 62 19
    fd 0b 2d 18 13 41 67 eb e7 f2 e4 c9 b8 4e a6 82
    df 0c 00 24 8d 92 14 76 3e ea de b1 17 69 a8 28
    9b ea 12 bd d6 ea 70 99 53 30 ca ff 18 df 4f 73
    91 8f 41 b0 62 17 7c fe 76 af 41 0a 74 84 19 b0
    6a 55 71 ae 01 ec bb 1a d3 a8 43 97 eb 9c 01 98
    b6 62 3c 48 d4 c3 73 45 07 23 27 04 35 0d 31 6a
    83 98 95 fc 1d aa 42 3e 62 bc 82 40 48 df c0 cd
    ea 71 7f c8 ff 07 9a 0a 66 b2 9d d4 8a 25 5f 4f
    c3 74 d5 58 f5 5c c8 e6 27 b4 d6 bc c1 cb b7 da
    f4 64 4c 88 ae 03 62 e2 a1 10 5d d4 2a 63 f6 c2
    e2 a2 b6 f2 10 af ee 3e 0c ec 50 ef 4d fa 37 8e
    a8 35 2e 04 47 98 ec 01 47 81 ba 8e ea 44 c5 f3
    33 64 71 60 6f ab 1d f6 db 68 12 71 0d e5 51 6b
    16 07 d1 ce ff ed 7c b3 dc 42 51 22 40 33 a7 55
    4c d8 40 77 d2 20 15 40 5c af 69 9d 9a a3 e4 c1
    bf 47 5b f6 84 6c 7a 38 c7 a5 b1 3d fb 3a 9b 2f
    86 87 3c 7f 27 e1 33 dc 4a 3a 75 de 69 e4 b4 28
    f0 30 18 ae 03 1c 01 b0 33 4b 78 39 2f aa c3 d6
    ef 11 54 d5 90 07 53 4d 81 80 cd 8b dc 8d 78 70
    5c 91 3a b8 9a 8d 5c 01 da 70 29 e6 fa c2 2a c6
    77 e0 4d bf 4a bc 3c 8d 97 c0 26 3f 73 ad cd c5
    29 b3 2e 7e 2a 08 bd f9 33 88 d3 3f 86 2e 90 f8
    d9 43 79 f8 e1 c8 48 b9 63 22 48 1f 2c 28 06 dc
    8f ff 43 45 dd c4 62 36 a2 50 62 f9 74 f6 42 f6
    46 54 cf 3b c8 0a 04 85 6a fb f8 e5 0f e2 88 6b
    53 bc b2 72 7e 39 aa b5 47 18 50 32 4b 76 0c 7b
    02 32 47 9e d6 07 a0 a4 7d 17 69 05 75 df fe ce
    f5 9b 55 d0 8e f5 1a 42 9b 69 ee d5 9b 81 55 58
    91 ed af 3c 7a 18 51 46 15 05 87 bf 48 64 3e e7
    4c cb 13 27 ae a1 01 f3 b5 d3 2b 26 ab 3e 67 81
    ce ae 1d d0 9b 0c 50 be a0 72 6d ce 60 e4 7d 49
    1f 2f be f0 1f 83 e4 e3 40 e6 01 e9 28 cf 13 ff
    e2 57 c0 81 01 92 f1 83 30 b8 8e a0 b1 3b 45 e3
    b0 de 35 de f2 d8 b6 e9 38 d6 e2 c3 7a a3 11 17
    c5 01 f8 65 a4 73 6b 32 4e 1c fe 1a 64 a7 f3 b4
    0b a4 b2 67 59 38 4f 9f f4 e0 45 11 8f 38 88 a2
    87 e8 fc 52 d5 eb b8 2e 10 be 2a 40 e2 31 11 a0
    1c f4 0f b7 b3 2b f2 25 d2 3a 2a 93 74 5c 2f 89
    21 59 64 79 b1 6e e4 31 65 55 f2 78 bb 30 90 35
    49 1c 31 13 f0 d6 af b8 8a a0 a5 77 ab b9 67 18
    44 e9 ae 64 a2 c0 0a e0 4e 6f 1b c7 5d da 16 d0
    8f f1 4f 46 b4 7d 56 5a aa 6c
<<< TLS 1.2, RecordHeader [length 0005]
    17 03 03 00 17
<<< TLS 1.3, InnerContent [length 0001]
    16
<<< TLS 1.3, Handshake [length 0006], EncryptedExtensions
    08 00 00 02 00 00
<<< TLS 1.2, RecordHeader [length 0005]
    17 03 03 03 47
<<< TLS 1.3, InnerContent [length 0001]
    16
<<< TLS 1.3, Handshake [length 0336], Certificate
    0b 00 03 32 00 00 03 2e 00 03 29 30 82 03 25 30
    82 02 0d a0 03 02 01 02 02 01 02 30 0d 06 09 2a
    86 48 86 f7 0d 01 01 0b 05 00 30 12 31 10 30 0e
    06 03 55 04 03 0c 07 52 6f 6f 74 20 43 41 30 20
    17 0d 31 36 30 31 31 34 32 32 32 39 34 36 5a 18
    0f 32 31 31 36 30 31 31 35 32 32 32 39 34 36 5a
    30 19 31 17 30 15 06 03 55 04 03 0c 0e 73 65 72
    76 65 72 2e 65 78 61 6d 70 6c 65 30 82 01 22 30
    0d 06 09 2a 86 48 86 f7 0d 01 01 01 05 00 03 82
    01 0f 00 30 82 01 0a 02 82 01 01 00 d5 5d 60 6a
    df fc 61 ee 48 aa 8c 11 48 43 a5 6d b6 52 5d aa
    98 49 b1 61 92 35 b1 fc 3a 04 25 0c 6d 79 ff b4
    d5 c9 e9 5c 1c 3b e0 ab b3 b8 7d a3 de 6d bd e0
    dd d7 5a bf 14 47 11 42 5e a6 82 d0 61 c1 7f dd
    13 46 e6 09 85 07 0e f2 d4 fc 1a 64 d2 0a ad 20
    ab 20 6b 96 f0 ad cc c4 19 53 55 dc 01 1d a4 b3
    ef 8a b4 49 53 5d 8a 05 1c f1 dc e1 44 bf c5 d7
    e2 77 19 57 5c 97 0b 75 ee 88 43 71 0f ca 6c c1
    b4 b2 50 a7 77 46 6c 58 0f 11 bf f1 76 24 5a ae
    39 42 b7 51 67 29 e1 d0 55 30 6f 17 e4 91 ea ad
    f8 28 c2 43 6f a2 64 a9 fb 9d 98 92 62 48 3e eb
    0d 4f 82 4a 8a ff 3f 72 ee 96 b5 ae a1 c1 98 ba
    ef 7d 90 75 6d ff 5a 52 9e ab f5 c0 7e d0 87 43
    db 85 07 07 0f 7d 38 7a fd d1 d3 ee 65 1d d3 ea
    39 6a 87 37 ee 4a d3 e0 0d 6e f5 70 ac c2 bd f1
    6e f3 92 95 5e a9 f0 a1 65 95 93 8d 02 03 01 00
    01 a3 7d 30 7b 30 1d 06 03 55 1d 0e 04 16 04 14
    c0 e7 84 bf e8 59 27 33 10 b0 52 4f 51 52 2f 06
    d6 c0 7a cd 30 1f 06 03 55 1d 23 04 18 30 16 80
    14 70 7f 2e ae 83 68 59 98 04 23 2a cd eb 3e 17
    cd 24 dd 01 49 30 09 06 03 55 1d 13 04 02 30 00
    30 13 06 03 55 1d 25 04 0c 30 0a 06 08 2b 06 01
    05 05 07 03 01 30 19 06 03 55 1d 11 04 12 30 10
    82 0e 73 65 72 76 65 72 2e 65 78 61 6d 70 6c 65
    30 0d 06 09 2a 86 48 86 f7 0d 01 01 0b 05 00 03
    82 01 01 00 7b d3 04 43 75 8a 0f 11 ae c4 fb d7
    a1 a2 9e fe 20 18 d5 f4 2f 31 88 46 b6 75 8c ee
    e5 9b 97 a6 b9 a3 cd 60 9a 46 c3 48 97 e5 97 68
    f7 5a 86 35 73 d9 69 9e f9 5f 74 b9 e6 94 13 01
    cb 6a dc e3 c4 04 e9 65 da 9c a4 8b 28 f3 f9 9a
    7f bf 97 1f 45 92 e5 05 b1 56 e6 0b f6 47 de 1e
    89 b6 2b e1 4d df 4a 7e 01 d3 23 dc 97 8c 47 fe
    5f c7 cc 98 46 0e c4 83 5b ca 8a f1 52 09 be 6b
    ec 3f 09 8b d0 93 02 bf e1 51 e7 d1 7e 34 56 19
    74 d0 ff 28 25 de b7 9f 56 52 91 7d 20 29 85 0a
    80 44 5f 71 32 25 71 0f c2 16 e2 5f 6b 1d 3f 32
    5b 0a 3c 74 1c b9 62 f1 ed 07 50 a3 6d b4 b4 31
    0a c0 53 44 6a 3a 88 84 8b 2d a9 b0 37 8e e6 18
    36 bd 9a 20 40 0f 01 92 8b 3d aa 61 e7 ae 2c ed
    36 cd 3a 07 86 74 3a 29 b3 d7 3a b4 00 a9 c2 f5
    92 78 0e e2 0f a3 fe bb be e0 06 53 84 59 1d 90
    69 e5 b6 f9 00 00
<<< TLS 1.2, RecordHeader [length 0005]
    17 03 03 01 19
<<< TLS 1.3, InnerContent [length 0001]
    16
<<< TLS 1.3, Handshake [length 0108], CertificateVerify
    0f 00 01 04 08 04 01 00 39 0b b5 35 a1 58 8d 54
    81 c4 5e 36 8b b7 40 56 6b 6b aa 1b 09 59 c4 e2
    14 0f 73 94 83 13 d1 0f 3d 0a 73 0e ad 62 55 e8
    5b 63 10 59 f0 f7 65 50 93 86 de 44 10 09 64 91
    7b ba a3 d5 f8 05 ee 0d b4 3b 4a 79 25 67 12 b5
    39 b2 b6 d4 39 36 95 db 95 c1 ad 86 9a 89 8b ab
    66 b6 b8 68 dd cf 1f 6a 9c ac 60 e8 45 2e 9c 29
    25 7e a1 22 3e 26 42 dc 5d cb c4 cf ab fe 0b 7a
    a8 cf 51 a6 b5 28 0d 76 8c 2d 52 75 4d 51 f2 0d
    6f 0b ac 44 81 ae 8d b6 b7 53 55 4e 80 8c f5 57
    a7 37 39 72 cb 06 7f ad 76 56 2d 8e 70 d5 bd 2a
    57 0b b3 44 e0 56 d0 d6 73 1f 8b 0b 10 80 1a 77
    a5 3e e5 da 6e c5 15 d6 fc be 27 b1 9e 8a 03 47
    28 b1 3d fa 9a d6 59 f1 ef 9d 2b 3e 2f 60 87 96
    94 d9 ea 8d 6d b0 5d 07 20 f3 75 04 92 f6 b9 3a
    d1 85 aa e5 94 b5 3e cc 93 c3 60 4b 25 bf 5f 60
    4b 66 f5 be a0 df ff 64
<<< TLS 1.2, RecordHeader [length 0005]
    17 03 03 00 45
<<< TLS 1.3, InnerContent [length 0001]
    16
<<< TLS 1.3, Handshake [length 0034], Finished
    14 00 00 30 c2 db b3 e2 a0 5e 7e bc 09 67 ee 67
    d1 34 74 1d 4e d3 ab 7e bd 87 e8 3d 06 43 70 1f
    40 66 ca 73 bb f6 fa 2c d9 b6 ca bb 20 d0 d5 8a
    bf aa 96 85
>>> TLS 1.2, RecordHeader [length 0005]
    17 03 03 00 45
>>> TLS 1.2, InnerContent [length 0001]
    16
>>> TLS 1.3, Handshake [length 0034], Finished
    14 00 00 30 fa f1 8d 01 d2 72 b7 e3 f8 f4 8e 6c
    bf d5 0d 32 4b 87 f9 e0 27 3a 9e 8e 18 a1 d3 44
    9b f1 bb 48 ae 7f 56 d8 f0 07 5d 67 78 c2 8b e2
    0a 10 70 c9
---
Certificate chain
 0 s:CN=server.example
   i:CN=Root CA
   a:PKEY: RSA, 2048 (bit); sigalg: sha256WithRSAEncryption
   v:NotBefore: Jan 14 22:29:46 2016 GMT; NotAfter: Jan 15 22:29:46 2116 GMT
---
Server certificate
-----BEGIN CERTIFICATE-----
MIIDJTCCAg2gAwIBAgIBAjANBgkqhkiG9w0BAQsFADASMRAwDgYDVQQDDAdSb290
IENBMCAXDTE2MDExNDIyMjk0NloYDzIxMTYwMTE1MjIyOTQ2WjAZMRcwFQYDVQQD
DA5zZXJ2ZXIuZXhhbXBsZTCCASIwDQYJKoZIhvcNAQEBBQADggEPADCCAQoCggEB
ANVdYGrf/GHuSKqMEUhDpW22Ul2qmEmxYZI1sfw6BCUMbXn/tNXJ6VwcO+Crs7h9
o95tveDd11q/FEcRQl6mgtBhwX/dE0bmCYUHDvLU/Bpk0gqtIKsga5bwrczEGVNV
3AEdpLPvirRJU12KBRzx3OFEv8XX4ncZV1yXC3XuiENxD8pswbSyUKd3RmxYDxG/
8XYkWq45QrdRZynh0FUwbxfkkeqt+CjCQ2+iZKn7nZiSYkg+6w1PgkqK/z9y7pa1
rqHBmLrvfZB1bf9aUp6r9cB+0IdD24UHBw99OHr90dPuZR3T6jlqhzfuStPgDW71
cKzCvfFu85KVXqnwoWWVk40CAwEAAaN9MHswHQYDVR0OBBYEFMDnhL/oWSczELBS
T1FSLwbWwHrNMB8GA1UdIwQYMBaAFHB/Lq6DaFmYBCMqzes+F80k3QFJMAkGA1Ud
EwQCMAAwEwYDVR0lBAwwCgYIKwYBBQUHAwEwGQYDVR0RBBIwEIIOc2VydmVyLmV4
YW1wbGUwDQYJKoZIhvcNAQELBQADggEBAHvTBEN1ig8RrsT716Ginv4gGNX0LzGI
RrZ1jO7lm5emuaPNYJpGw0iX5Zdo91qGNXPZaZ75X3S55pQTActq3OPEBOll2pyk
iyjz+Zp/v5cfRZLlBbFW5gv2R94eibYr4U3fSn4B0yPcl4xH/l/HzJhGDsSDW8qK
8VIJvmvsPwmL0JMCv+FR59F+NFYZdND/KCXet59WUpF9ICmFCoBEX3EyJXEPwhbi
X2sdPzJbCjx0HLli8e0HUKNttLQxCsBTRGo6iISLLamwN47mGDa9miBADwGSiz2q
YeeuLO02zToHhnQ6KbPXOrQAqcL1kngO4g+j/ru+4AZThFkdkGnltvk=
-----END CERTIFICATE-----
subject=CN=server.example
issuer=CN=Root CA
---
No client certificate CA names sent
Peer signing digest: SHA256
Peer signature type: rsa_pss_rsae_sha256
Negotiated TLS1.3 group: X25519MLKEM768
---
SSL handshake has read 2546 bytes and written 1702 bytes
Verification error: unable to verify the first certificate
---
New, TLSv1.3, Cipher is TLS_AES_256_GCM_SHA384
Protocol: TLSv1.3
Server public key is 2048 bit
This TLS version forbids renegotiation.
Compression: NONE
Expansion: NONE
No ALPN negotiated
Early data was not sent
Verify return code: 21 (unable to verify the first certificate)
---
>>> TLS 1.2, RecordHeader [length 0005]
    17 03 03 00 13
>>> TLS 1.2, InnerContent [length 0001]
    15
>>> TLS 1.3, Alert [length 0002], warning close_notify
    01 00
Connecting to 127.0.0.1
SSL_connect:before SSL initialization
SSL_connect:SSLv3/TLS write client hello
SSL_connect:SSLv3/TLS write client hello
SSL_connect:SSLv3/TLS read server hello
SSL_connect:SSLv3/TLS write change cipher spec
SSL_connect:SSLv3/TLS write client hello
SSL_connect:SSLv3/TLS write client hello
SSL_connect:SSLv3/TLS read server hello
Can't use SSL_get_servername
SSL_connect:TLSv1.3 read encrypted extensions
depth=0 CN=server.example
verify error:num=20:unable to get local issuer certificate
verify return:1
depth=0 CN=server.example
verify error:num=21:unable to verify the first certificate
verify return:1
depth=0 CN=server.example
verify return:1
SSL_connect:SSLv3/TLS read server certificate
SSL_connect:TLSv1.3 read server certificate verify
SSL_connect:SSLv3/TLS read finished
SSL_connect:SSLv3/TLS write finished
DONE
SSL3 alert write:warning:close notify
