CONNECTED(00000003)
>>> TLS 1.0, RecordHeader [length 0005]
    16 03 01 00 d6
>>> TLS 1.3, Handshake [length 00d6], ClientHello
    01 00 00 d2 03 03 10 c2 3f 4a 97 5f 83 96 c0 37
    9d 52 da 07 d7 ba d7 a4 77 92 fe 91 a8 f7 c7 d0
    4a ac 96 2d cf 36 20 99 5a a7 45 71 61 fd 56 29
    0d 21 5b 25 be 5b 67 aa 76 3e a5 a5 14 4e 2c 32
    e8 98 40 c9 8a c7 3c 00 06 13 02 13 03 13 01 01
    00 00 83 00 0b 00 04 03 00 01 02 00 0a 00 06 00
    04 00 1d 11 ec 00 23 00 00 00 16 00 00 00 17 00
    00 00 0d 00 2a 00 28 09 05 09 06 09 04 04 03 05
    03 06 03 08 07 08 08 08 1a 08 1b 08 1c 08 09 08
    0a 08 0b 08 04 08 05 08 06 04 01 05 01 06 01 00
    2b 00 03 02 03 04 00 2d 00 02 01 01 00 33 00 26
    00 24 00 1d 00 20 e5 33 ec c0 5d 3b 88 a7 25 36
    71 3e 73 47 d1 fb ae cd da a5 3b 8f ab ea 00 aa
    60 60 33 cf d1 15
<<< TLS 1.2, RecordHeader [length 0005]
    16 03 03 00 58
<<< TLS 1.3, Handshake [length 0058], ServerHello
    02 00 00 54 03 03 cf 21 ad 74 e5 9a 61 11 be 1d
    8c 02 1e 65 b8 91 c2 a2 11 16 7a bb 8c 5e 07 9e
    09 e2 c8 a8 33 9c 20 99 5a a7 45 71 61 fd 56 29
    0d 21 5b 25 be 5b 67 aa 76 3e a5 a5 14 4e 2c 32
    e8 98 40 c9 8a c7 3c 13 02 00 00 0c 00 2b 00 02
    03 04 00 33 00 02 11 ec
>>> TLS 1.2, RecordHeader [length 0005]
    14 03 03 00 01
>>> TLS 1.3, ChangeCipherSpec [length 0001]
    01
>>> TLS 1.2, RecordHeader [length 0005]
    16 03 03 05 76
>>> TLS 1.3, Handshake [length 0576], ClientHello
    01 00 05 72 03 03 10 c2 3f 4a 97 5f 83 96 c0 37
    9d 52 da 07 d7 ba d7 a4 77 92 fe 91 a8 f7 c7 d0
    4a ac 96 2d cf 36 20 99 5a a7 45 71 61 fd 56 29
    0d 21 5b 25 be 5b 67 aa 76 3e a5 a5 14 4e 2c 32
    e8 98 40 c9 8a c7 3c 00 06 13 02 13 03 13 01 01
    00 05 23 00 0b 00 04 03 00 01 02 00 0a 00 06 00
    04 00 1d 11 ec 00 23 00 00 00 16 00 00 00 17 00
    00 00 0d 00 2a 00 28 09 05 09 06 09 04 04 03 05
    03 06 03 08 07 08 08 08 1a 08 1b 08 1c 08 09 08
    0a 08 0b 08 04 08 05 08 06 04 01 05 01 06 01 00
    2b 00 03 02 03 04 00 2d 00 02 01 01 00 33 04 c6
    04 c4 11 ec 04 c0 a9 d5 4e c6 56 af 8a 6b 27 3b
    bc ab 5f 8b aa 15 e0 6e 3b 7c 7f 52 12 7a cd 01
    9f 65 73 5a 00 38 3b 17 26 89 52 83 bf b6 e0 8a
    d0 e0 0d 8a e8 cc 37 02 43 ff e9 73 90 2a b9 4e
    5a 9d b9 a0 3a 44 a8 1a 2d ac 7a 56 05 5b 7a d7
    82 2c f2 5c b5 a7 81 aa 59 bd 00 35 28 cd 26 7c
    70 9a 0b 35 46 49 f9 14 17 d6 b0 a9 88 f4 45 91
    aa 2b 57 22 93 9c 3c c1 79 1a 99 4a 54 19 83 c5
    22 67 78 86 45 80 82 fd 29 bf d7 d1 39 14 05 97
    34 74 94 6d 2c 7f ad db 38 62 76 8e 6b 83 53 a2
    37 aa c5 f2 6f f8 9b 37 68 56 1e 61 fc 02 54 44
    5f 0f 38 c6 0a 69 9c cc e8 a3 7d 49 b6 8e c9 8d
    7f bc ba 49 c7 bb 1d 63 98 e5 a8 88 52 da 54 01
    22 92 c6 08 7c 0b 8b a1 ea a8 63 f3 d9 49 9e 53
    49 7d f1 56 b9 fb ab 17 03 73 a0 e9 35 2a e1 b0
    6b e4 26 63 ba 92 43 a8 5b 19 ca 98 9f 24 b9 1c
    70 31 e3 37 c5 2a e2 52 8c 73 34 6c 08 3d 53 23
    b1 60 b4 b3 75 f5 83 58 82 c8 a3 52 49 67 d0 1a
    e4 19 39 04 2b a0 6b 8c 13 ab 20 8f bc 56 cd 4e
    91 13 93 e9 1f 9b 77 c3 87 c5 a7 21 d5 84 e7 cc
    19 98 f1 87 41 71 8a 01 a5 36 4e a2 5f cb cb 8e
    e1 4c cd c9 eb 0e ea 25 22 41 13 49 c0 79 8b 12
    95 a4 dc e7 ad 83 30 90 aa 37 25 78 97 a5 d8 d1
    43 ee e3 60 40 77 ad 43 a3 26 7d 76 6d e1 ac 3c
    f0 6c 23 4e a5 61 79 50 82 3a 41 c7 c8 57 10 8e
    95 04 06 14 4a 2e c6 1c a6 c4 92 f9 ba 6c c1 1b
    c7 af 19 85 b8 15 01 ac a4 b2 85 79 19 40 d0 88
    4d 58 af e5 6a 5c 6f 41 c0 3f 18 12 9a c4 bb d6
    45 49 d6 bc 2c 70 25 a6 1e 66 c3 1a f6 56 3f bc
    82 85 51 9b f3 78 04 d9 fb 0a 7d f6 84 07 0c 5e
    48 c0 90 de 27 2e c9 fa c6 c9 41 c6 f9 b6 9f ad
    12 a5 28 8c 32 64 bb 13 3a 77 83 db d4 84 ec 10
    06 24 2b 5e 0c 3b 37 70 a0 48 ba 74 7b 16 30 1f
    94 11 a1 f1 73 43 46 c5 31 6d 43 7c 03 03 87 c1
    f4 27 15 cb ac b0 a7 c9 60 4c 4b 6c 74 7d 87 f2
    b9 8f 95 82 f5 b6 ab 36 a8 9c 01 08 71 31 99 5c
    30 ec 64 01 1b 15 38 59 c9 ea 01 87 99 41 34 b7
    ec 55 46 99 7f 57 17 33 fe 20 47 d2 93 67 9a 9c
    cb c0 86 73 d6 53 a7 ac eb b5 61 8b 82 3c dc ae
    28 71 ae fc 8c 94 e0 7c b0 a3 4b 05 de 83 1e d8
    14 0d 79 93 1c 39 77 99 19 c4 9c 4f e4 23 5f f0
    a4 ad ca 9c 5c 48 9a e1 bb 33 e7 8c 70 86 77 ad
    df f7 1d 3b 80 4e 38 ec 32 af 77 1a 02 09 00 1e
    e4 73 21 1b b3 f3 72 9d 89 dc 79 fc e5 27 a3 66
    53 ad 71 5d 21 a2 a2 cd b2 2e ef 97 90 1d 82 24
    84 c5 7e 41 50 0c b4 fb b4 8c 07 34 d3 2a 96 b0
    60 37 11 84 4f 9f bc 81 ee 69 16 24 16 57 2b e6
    75 5e 55 0e 57 8b 26 6c 22 76 27 48 a1 6b 6a 9a
    30 07 6f 2b 99 a6 fb d6 0c 90 e7 9f 4c b9 84 42
    d2 98 ef 1c 0c 83 93 54 df d8 17 40 53 c2 5d 12
    4c 4b d6 57 31 a9 31 42 58 ba 24 e9 b1 0b f9 94
    34 5b 47 c9 fc 74 95 db 80 9d 70 a2 30 56 66 68
    86 a6 4f fb 67 9b 96 57 01 f9 43 f3 4a 10 44 39
    a6 3d c1 45 85 4a 69 57 fb 8c a7 f9 77 72 8c 99
    38 3a a4 9a a7 3d 74 e6 c5 b5 e1 78 02 19 19 a4
    70 84 85 ea 29 4d 15 71 49 30 13 19 b5 8b d0 15
    46 cc e0 b2 2a ab c9 30 d8 83 fc 23 54 ea 3a 45
    01 cc 2e 2b 61 0c 4d 54 43 ce c3 69 dc d0 1a 14
    69 b2 55 3b 3d 7a 29 17 d1 73 63 bf 64 78 00 a3
    af 34 70 9b cf d9 11 e5 fc b6 b8 b5 05 52 67 a4
    b0 dc 21 55 1c 16 08 91 30 a2 47 99 c7 5c 8e f0
    34 3d 07 21 a8 45 73 cf 64 78 2c 1f 70 ad 97 a9
    a4 b0 64 99 c3 47 a6 d0 23 53 22 4b 7c 13 1b b0
    26 26 0b 78 60 5d 8e 98 6f 87 f3 85 cd 2c 0f 45
    6b b6 ca 03 49 0b b3 05 4b eb 2a dc 89 29 80 34
    2d 05 9c 2b d9 da 00 3c 78 ac 38 93 bc 5d 99 05
    cf 3a 44 26 7b cd 51 00 10 70 c8 a1 b4 a9 6f 30
    e4 97 c1 f8 9e dd 67 36 f5 f0 8f 65 60 47 15 54
    a6 dc 41 06 d3 22 00 d6 98 6e 29 c3 6b 64 90 c7
    01 90 bb 59 a7 72 64 92 69 79 4c 46 47 0c 4e e1
    65 0c 52 14 99 1f 53 51 4f e1 9e c8 49 c1 c5 72
    06 7f c3 3f fe 78 41 38 4b 8f 65 0a 6d d8 12 0b
    34 96 77 e7 0b cf 88 89 2e cb da 76 82 94 ea 6b
    21 83 84 98 bf 94 6d 39 90 53 53 be fa 73 fa 26
    4c 44 da 5a bd ea 97 91 84 56 4c 08 d7 e5 68 53
    0c e1 9e 40 be bc de ec 2c e0 6f 10 f8 f5 0a 95
    37 d6 ff 82 19 08
<<< TLS 1.2, RecordHeader [length 0005]
    14 03 03 00 01
<<< TLS 1.3, ChangeCipherSpec [length 0001]
    01
<<< TLS 1.2, RecordHeader [length 0005]
    16 03 03 04 ba
<<< TLS 1.3, Handshake [length 04ba], ServerHello
    02 00 04 b6 03 03 9d 33 98 8e df 75 bf ec 3c 5b
    f0 a2 16 96 8f fe bd a0 10 3e df 80 ee 7a 12 61
    db c0 fa dc a8 0d 20 99 5a a7 45 71 61 fd 56 29
    0d 21 5b 25 be 5b 67 aa 76 3e a5 a5 14 4e 2c 32
    e8 98 40 c9 8a c7 3c 13 02 00 04 6e 00 2b 00 02
    03 04 00 33 04 64 11 ec 04 60 b5 89 df 49 9b 23
    bc 4d 37 95 84 21 e9 d5 38 f3 96 8f 51 2a 1e 83
    c8 b2 72 6c ca 78 33 9a 97 3b ef b1 85 b4 7b a0
    fd da 1f 2a 80 af 6f e8 15 2c 5a 66 42 0b b7 46
    de 2d 5c b5 05 ca 15 0d 9c 9d b3 22 e3 29 49 e7
    43 20 00 e7 5a c0 d2 d6 f5 69 a6 4c c9 ec 80 a2
    eb c0 b9 76 60 05 3f 1b 9b 83 3c 51 19 8b e1 88
    74 6c 14 c2 a5 fa 5e a2 1f 67 ab 19 2a 6c ee 0f
    90 eb d5 bf 59 40 8e b7 12 9b 67 90 d0 f0 ae b9
    62 7e d4 89 8a 85 d3 56 be df 08 c0 22 57 77 f0
    b1 45 54 c6 a3 fb ee b7 55 e4 0d 14 52 b3 a8 64
    1c 02 41 b0 3a 28 3e 0b 54 2a 8f a2 86 68 eb e9
    10 15 9b 8a e4 6e 65 74 36 be db ec 86 12 60 b3
    30 63 05 45 0c 97 46 38 5c 4d a2 45 11 35 a6 99
    6a 39 c6 c3 e5 31 34 02 d7 29 8d 96 a5 51 2e 6f
    fd 2a 85 60 c9 fb b7 69 38 dc 2a e8 bd 62 59 d4
    22 d4 81 61 2c 2c 86 96 c1 d9 b2 34 1a 8f fb 23
    05 42 27 67 f1 15 3e ed 6e cb 5d 73 79 34 fa 15
    b9 e8 2c 05 29 32 20 dd 20 8a a7 e7 d5 1c d4 a8
    36 a1 50 e9 27 33 a4 04 3c c0 46 2d 0c 66 5c d2
    32 d9 f9 54 f5 d3 27 5d 4a 4c f4 a0 f7 0f 19 3c
    1f ed 39 1f 8e 6c 6b be d8 96 50 c6 8a d2 35 d7
    88 c8 ae dc 4f 4a 70 84 38 f5 b6 d0 99 1e 17 a9
    af 94 60 58 49 b8 0c 87 2a e2 63 bf 47 5b 3e 13
    78 96 ce 9c 09 9e b4 ce bc f7 98 52 14 a2 52 47
    20 a6 43 70 89 b4 18 32 02 8f 8f 7b d9 cc 98 81
    94 96 61 eb 94 f2 c9 10 90 b9 67 97 b4 c4 9d bd
    f0 1a 28 cc 63 4e c2 80 e0 a4 ec 71 c2 37 f5 55
    85 9b 0d b5 42 3d 54 83 37 36 65 a9 59 ce d1 5d
    c2 8a 33 95 ad 46 f3 ee a4 1f c0 7d 40 90 51 9f
    65 50 12 71 be 9b e5 6d 9f 92 ee dc 36 30 b7 4b
    f0 6a d0 ce d9 7a 02 3c 84 93 ac 07 2c 64 31 dd
    7c f9 36 68 db aa b5 ef 16 7b 54 85 3e 36 9e c6
    d2 44 bb 55 f3 20 ed a6 7c 30 50 3a 9c 15 a6 3b
    dd ef 67 62 42 62 df 16 fe 18 7c 7b f3 60 dd 1e
    9a fe e9 1d 0e f6 34 75 71 42 20 74 c8 ce c3 5d
    c8 da 61 f2 76 71 0a ba d5 c0 0a 00 58 d9 9a 55
    a4 5c fe 08 b0 1b 35 60 38 ef 2f 12 2a 88 ca c8
    88 7b 64 d3 ac 49 18 fc c6 3e ad 0c 95 0c 03 7d
    4b 00 01 c6 86 04 5d d9 95 38 6d 70 77 b1 97 cf
    98 03 8e 79 0b 5d 20 d2 5a 3c 2d a8 c5 15 ee a6
    37 34 23 72 03 f0 56 ea 89 b2 8d 7e 51 a9 8f 15
    6a a7 fe 12 7c 6f 1b 8e cd 3b 8e 8d c5 f3 a9 76
    57 a8 e0 94 e2 81 13 57 27 a9 32 d7 ba 98 28 0d
    fc 3b 47 2e d6 69 58 fa 9b 1b ba b8 82 60 31 35
    70 ee 1d e2 d5 ec bd 75 05 fb 67 7b 3c b2 a0 43
    a3 e1 f3 58 e1 7d 0d 3b f7 14 2d e1 c6 b7 54 5d
    d1 19 3e 05 e2 e6 42 6a bf 23 ba 03 8b 07 42 16
    24 af 96 b9 05 2c 43 2d ec 3e 80 6f 32 8b c2 cf
    bb da 4c 7d 29 8c 22 04 34 02 f0 73 17 31 de 64
    69 45 ae 31 cb 93 c7 46 ad 59 07 9e 2a 1f c8 5c
    64 14 19 6f c0 a7 d1 42 6d 57 4c 63 bc dc 97 5f
    a7 94 9c e9 c0 cd d9 b9 30 84 ae 58 42 d1 99 53
    8a b4 0d e3 91 0e e8 45 f7 2b 93 67 d2 59 2a 47
    67 88 c6 8c 67 a1 a2 83 cd 96 b9 15 74 34 26 78
    fd 1f 01 bd 17 fc 75 f2 c7 45 1f ff cd fd e0 13
    bb d3 8a ce 10 f8 40 5e 4f 95 4c ec 54 2c 96 08
    9e 75 9c 72 04 68 b7 b6 86 83 ee a7 7e f6 87 12
    a8 fc 51 a9 a7 b7 b1 64 87 79 45 d8 71 7b 94 c6
    9d 4e 5d b2 11 92 89 d1 f9 d8 bc cb 69 45 74 3b
    b4 f4 7e 78 17 14 f6 b8 e8 7e e8 ba 18 3e b6 f3
    bb 06 bc e6 d5 30 96 c5 5a f9 a1 f9 63 0a 45 4d
    fa b8 d4 e0 06 10 9e 99 43 09 c6 6e f4 f0 39 8f
    bb 63 ef 0f 3c fe 11 cd 19 af a8 9e 41 fd fe e9
    cd e8 09 90 b4 5f 8c 99 da 45 01 82 19 30 09 a5
    23 11 8e 30 3c c1 4a dd 28 df 8b d3 7d 45 b3 f1
    7b 2d 52 58 6e 7c 2d 21 2a b4 73 a6 dc e2 fa 6f
    36 04 ff ef 39 06 6b 44 12 a1 95 c8 d9 ef 54 d2
    08 45 87 92 69 6f 7b 0a f9 98 67 56 68 b4 a0 c3
    57 98 53 e7 17 78 1d 45 fb 86 8b 56 1c 99 b2 22
    59 fb 64 de ac 08 24 63 c3 11
<<< TLS 1.2, RecordHeader [length 0005]
    17 03 03 00 17
<<< TLS 1.3, InnerContent [length 0001]
    16
<<< TLS 1.3, Handshake [length 0006], EncryptedExtensions
    08 00 00 02 00 00
<<< TLS 1.2, RecordHeader [length 0005]
    17 03 03 03 47
<<< TLS 1.3, InnerContent [length 0001]
    16
<<< TLS 1.3, Handshake [length 0336], Certificate
    0b 00 03 32 00 00 03 2e 00 03 29 30 82 03 25 30
    82 02 0d a0 03 02 01 02 02 01 02 30 0d 06 09 2a
    86 48 86 f7 0d 01 01 0b 05 00 30 12 31 10 30 0e
    06 03 55 04 03 0c 07 52 6f 6f 74 20 43 41 30 20
    17 0d 31 36 30 31 31 34 32 32 32 39 34 36 5a 18
    0f 32 31 31 36 30 31 31 35 32 32 32 39 34 36 5a
    30 19 31 17 30 15 06 03 55 04 03 0c 0e 73 65 72
    76 65 72 2e 65 78 61 6d 70 6c 65 30 82 01 22 30
    0d 06 09 2a 86 48 86 f7 0d 01 01 01 05 00 03 82
    01 0f 00 30 82 01 0a 02 82 01 01 00 d5 5d 60 6a
    df fc 61 ee 48 aa 8c 11 48 43 a5 6d b6 52 5d aa
    98 49 b1 61 92 35 b1 fc 3a 04 25 0c 6d 79 ff b4
    d5 c9 e9 5c 1c 3b e0 ab b3 b8 7d a3 de 6d bd e0
    dd d7 5a bf 14 47 11 42 5e a6 82 d0 61 c1 7f dd
    13 46 e6 09 85 07 0e f2 d4 fc 1a 64 d2 0a ad 20
    ab 20 6b 96 f0 ad cc c4 19 53 55 dc 01 1d a4 b3
    ef 8a b4 49 53 5d 8a 05 1c f1 dc e1 44 bf c5 d7
    e2 77 19 57 5c 97 0b 75 ee 88 43 71 0f ca 6c c1
    b4 b2 50 a7 77 46 6c 58 0f 11 bf f1 76 24 5a ae
    39 42 b7 51 67 29 e1 d0 55 30 6f 17 e4 91 ea ad
    f8 28 c2 43 6f a2 64 a9 fb 9d 98 92 62 48 3e eb
    0d 4f 82 4a 8a ff 3f 72 ee 96 b5 ae a1 c1 98 ba
    ef 7d 90 75 6d ff 5a 52 9e ab f5 c0 7e d0 87 43
    db 85 07 07 0f 7d 38 7a fd d1 d3 ee 65 1d d3 ea
    39 6a 87 37 ee 4a d3 e0 0d 6e f5 70 ac c2 bd f1
    6e f3 92 95 5e a9 f0 a1 65 95 93 8d 02 03 01 00
    01 a3 7d 30 7b 30 1d 06 03 55 1d 0e 04 16 04 14
    c0 e7 84 bf e8 59 27 33 10 b0 52 4f 51 52 2f 06
    d6 c0 7a cd 30 1f 06 03 55 1d 23 04 18 30 16 80
    14 70 7f 2e ae 83 68 59 98 04 23 2a cd eb 3e 17
    cd 24 dd 01 49 30 09 06 03 55 1d 13 04 02 30 00
    30 13 06 03 55 1d 25 04 0c 30 0a 06 08 2b 06 01
    05 05 07 03 01 30 19 06 03 55 1d 11 04 12 30 10
    82 0e 73 65 72 76 65 72 2e 65 78 61 6d 70 6c 65
    30 0d 06 09 2a 86 48 86 f7 0d 01 01 0b 05 00 03
    82 01 01 00 7b d3 04 43 75 8a 0f 11 ae c4 fb d7
    a1 a2 9e fe 20 18 d5 f4 2f 31 88 46 b6 75 8c ee
    e5 9b 97 a6 b9 a3 cd 60 9a 46 c3 48 97 e5 97 68
    f7 5a 86 35 73 d9 69 9e f9 5f 74 b9 e6 94 13 01
    cb 6a dc e3 c4 04 e9 65 da 9c a4 8b 28 f3 f9 9a
    7f bf 97 1f 45 92 e5 05 b1 56 e6 0b f6 47 de 1e
    89 b6 2b e1 4d df 4a 7e 01 d3 23 dc 97 8c 47 fe
    5f c7 cc 98 46 0e c4 83 5b ca 8a f1 52 09 be 6b
    ec 3f 09 8b d0 93 02 bf e1 51 e7 d1 7e 34 56 19
    74 d0 ff 28 25 de b7 9f 56 52 91 7d 20 29 85 0a
    80 44 5f 71 32 25 71 0f c2 16 e2 5f 6b 1d 3f 32
    5b 0a 3c 74 1c b9 62 f1 ed 07 50 a3 6d b4 b4 31
    0a c0 53 44 6a 3a 88 84 8b 2d a9 b0 37 8e e6 18
    36 bd 9a 20 40 0f 01 92 8b 3d aa 61 e7 ae 2c ed
    36 cd 3a 07 86 74 3a 29 b3 d7 3a b4 00 a9 c2 f5
    92 78 0e e2 0f a3 fe bb be e0 06 53 84 59 1d 90
    69 e5 b6 f9 00 00
<<< TLS 1.2, RecordHeader [length 0005]
    17 03 03 01 19
<<< TLS 1.3, InnerContent [length 0001]
    16
<<< TLS 1.3, Handshake [length 0108], CertificateVerify
    0f 00 01 04 08 04 01 00 ab dd 15 a3 cd 2f bc 98
    c2 bb 51 80 ee a8 90 e7 07 b0 7b dc cb f7 88 cc
    54 95 d1 45 e5 0a 89 6e be be 77 79 be 13 42 be
    30 ba 70 7e 72 9d f4 27 59 48 57 c1 23 e6 6f 1c
    73 a8 18 16 41 6d 02 56 ec e9 28 6d 15 2a 70 14
    a8 08 af 3e 89 e6 cb de 42 7e f6 91 f8 4c c0 7b
    87 e4 81 8e 80 c4 3e 37 f2 32 46 ea 43 b2 39 43
    b9 57 2d 66 53 b7 7b 7b 56 84 86 bd de 02 24 a2
    11 58 3e e9 12 9c d0 7a 37 1a 6f 6e 00 36 ca f6
    08 a6 f8 26 93 27 75 23 20 a6 bd 8c c7 07 cd 0b
    e9 7b fe 55 08 c5 97 76 8b cc 15 ba 77 2f 6a 95
    9b d8 20 74 60 8b d3 be 43 3c 4d 27 17 a9 2e bd
    82 2f 72 be 1d c0 e9 b7 7d 39 18 a1 ae 5b 94 a7
    8f 23 0d 08 23 e3 df 22 91 df 5d d6 35 bf 65 7d
    bf 5e ea 0b 8c d5 36 58 49 79 77 92 e5 41 71 63
    a4 a6 b9 60 38 15 c4 fb 36 2f b4 a4 b0 cb 87 3c
    9d 9e 57 29 33 4c 2c f4
<<< TLS 1.2, RecordHeader [length 0005]
    17 03 03 00 45
<<< TLS 1.3, InnerContent [length 0001]
    16
<<< TLS 1.3, Handshake [length 0034], Finished
    14 00 00 30 1c 3d a0 cd 31 9f 33 94 68 01 83 3f
    24 20 74 51 e0 0f 8a 47 78 a4 c0 f7 47 4f fb 5c
    91 8e a2 ec d2 d5 a8 b5 05 32 4d 0b 02 03 3b 5c
    58 34 79 ce
>>> TLS 1.2, RecordHeader [length 0005]
    17 03 03 00 45
>>> TLS 1.2, InnerContent [length 0001]
    16
>>> TLS 1.3, Handshake [length 0034], Finished
    14 00 00 30 b1 ef d4 66 f2 a7 c6 14 94 fd a8 04
    ae a3 29 74 8d 9a 31 f5 ca 64 64 5d 3a 15 0e 96
    a4 25 e0 46 2b 40 0b e3 e1 70 64 b6 78 bd ac 7b
    18 2c 39 76
---
Certificate chain
 0 s:CN=server.example
   i:CN=Root CA
   a:PKEY: RSA, 2048 (bit); sigalg: sha256WithRSAEncryption
   v:NotBefore: Jan 14 22:29:46 2016 GMT; NotAfter: Jan 15 22:29:46 2116 GMT
---
Server certificate
-----BEGIN CERTIFICATE-----
MIIDJTCCAg2gAwIBAgIBAjANBgkqhkiG9w0BAQsFADASMRAwDgYDVQQDDAdSb290
IENBMCAXDTE2MDExNDIyMjk0NloYDzIxMTYwMTE1MjIyOTQ2WjAZMRcwFQYDVQQD
DA5zZXJ2ZXIuZXhhbXBsZTCCASIwDQYJKoZIhvcNAQEBBQADggEPADCCAQoCggEB
ANVdYGrf/GHuSKqMEUhDpW22Ul2qmEmxYZI1sfw6BCUMbXn/tNXJ6VwcO+Crs7h9
o95tveDd11q/FEcRQl6mgtBhwX/dE0bmCYUHDvLU/Bpk0gqtIKsga5bwrczEGVNV
3AEdpLPvirRJU12KBRzx3OFEv8XX4ncZV1yXC3XuiENxD8pswbSyUKd3RmxYDxG/
8XYkWq45QrdRZynh0FUwbxfkkeqt+CjCQ2+iZKn7nZiSYkg+6w1PgkqK/z9y7pa1
rqHBmLrvfZB1bf9aUp6r9cB+0IdD24UHBw99OHr90dPuZR3T6jlqhzfuStPgDW71
cKzCvfFu85KVXqnwoWWVk40CAwEAAaN9MHswHQYDVR0OBBYEFMDnhL/oWSczELBS
T1FSLwbWwHrNMB8GA1UdIwQYMBaAFHB/Lq6DaFmYBCMqzes+F80k3QFJMAkGA1Ud
EwQCMAAwEwYDVR0lBAwwCgYIKwYBBQUHAwEwGQYDVR0RBBIwEIIOc2VydmVyLmV4
YW1wbGUwDQYJKoZIhvcNAQELBQADggEBAHvTBEN1ig8RrsT716Ginv4gGNX0LzGI
RrZ1jO7lm5emuaPNYJpGw0iX5Zdo91qGNXPZaZ75X3S55pQTActq3OPEBOll2pyk
iyjz+Zp/v5cfRZLlBbFW5gv2R94eibYr4U3fSn4B0yPcl4xH/l/HzJhGDsSDW8qK
8VIJvmvsPwmL0JMCv+FR59F+NFYZdND/KCXet59WUpF9ICmFCoBEX3EyJXEPwhbi
X2sdPzJbCjx0HLli8e0HUKNttLQxCsBTRGo6iISLLamwN47mGDa9miBADwGSiz2q
YeeuLO02zToHhnQ6KbPXOrQAqcL1kngO4g+j/ru+4AZThFkdkGnltvk=
-----END CERTIFICATE-----
subject=CN=server.example
issuer=CN=Root CA
---
No client certificate CA names sent
Peer signing digest: SHA256
Peer signature type: rsa_pss_rsae_sha256
Negotiated TLS1.3 group: X25519MLKEM768
---
SSL handshake has read 2546 bytes and written 1702 bytes
Verification error: unable to verify the first certificate
---
New, TLSv1.3, Cipher is TLS_AES_256_GCM_SHA384
Protocol: TLSv1.3
Server public key is 2048 bit
This TLS version forbids renegotiation.
Compression: NONE
Expansion: NONE
No ALPN negotiated
Early data was not sent
Verify return code: 21 (unable to verify the first certificate)
---
>>> TLS 1.2, RecordHeader [length 0005]
    17 03 03 00 13
>>> TLS 1.2, InnerContent [length 0001]
    15
>>> TLS 1.3, Alert [length 0002], warning close_notify
    01 00
Connecting to 127.0.0.1
SSL_connect:before SSL initialization
SSL_connect:SSLv3/TLS write client hello
SSL_connect:SSLv3/TLS write client hello
SSL_connect:SSLv3/TLS read server hello
SSL_connect:SSLv3/TLS write change cipher spec
SSL_connect:SSLv3/TLS write client hello
SSL_connect:SSLv3/TLS write client hello
SSL_connect:SSLv3/TLS read server hello
Can't use SSL_get_servername
SSL_connect:TLSv1.3 read encrypted extensions
depth=0 CN=server.example
verify error:num=20:unable to get local issuer certificate
verify return:1
depth=0 CN=server.example
verify error:num=21:unable to verify the first certificate
verify return:1
depth=0 CN=server.example
verify return:1
SSL_connect:SSLv3/TLS read server certificate
SSL_connect:TLSv1.3 read server certificate verify
SSL_connect:SSLv3/TLS read finished
SSL_connect:SSLv3/TLS write finished
DONE
SSL3 alert write:warning:close notify
