CONNECTED(00000003)
>>> TLS 1.0, RecordHeader [length 0005]
    16 03 01 05 c2
>>> TLS 1.3, Handshake [length 05c2], ClientHello
    01 00 05 be 03 03 00 c3 8f 77 74 13 f8 6e 19 b2
    6f b6 6a 42 de 33 65 ab 59 5f d7 ca 66 f2 a6 8a
    7d 8a 0b 9e ce d7 20 8f 49 7e 66 c6 c2 86 9f 33
    c4 57 4d 2b 28 4f 7b 7b 3b dd f6 09 c3 38 8a 6b
    68 a0 b2 58 82 58 68 00 06 13 02 13 03 13 01 01
    00 05 6f 00 0b 00 04 03 00 01 02 00 0a 00 06 00
    04 11 ec 00 1d 00 23 00 00 00 16 00 00 00 17 00
    00 00 0d 00 76 00 74 09 05 09 06 09 04 04 03 05
    03 06 03 08 07 08 08 08 1a 08 1b 08 1c 08 09 08
    0a 08 0b 08 04 08 05 08 06 04 01 05 01 06 01 ff
    06 ff 07 ff 08 ff 09 fe d7 fe d8 fe d9 fe dc fe
    dd fe de fe da fe db fe df fe e0 fe b3 fe b4 fe
    b5 fe b6 fe b7 fe b8 fe b9 fe ba fe c2 fe c3 fe
    c4 ff 32 ff 36 ff 33 ff 37 ff 34 ff 38 ff 35 ff
    39 ff 22 ff 0e ff 1a ff 0f ff 1b 00 2b 00 03 02
    03 04 00 2d 00 02 01 01 00 33 04 c6 04 c4 11 ec
    04 c0 c6 35 48 f8 11 b7 cb dc 6d 5e 3a cb ad 98
    46 73 56 3b 6d 3a ca 7b 47 76 aa 12 46 b4 a4 59
    7d 75 80 5c 30 55 4d d9 25 be 63 6a a1 31 5e 05
    90 ba e4 e9 9c b4 11 84 c8 0a 33 59 b8 83 d0 40
    60 a2 23 43 f1 22 7a d1 6c 5d 9b a9 07 fd f7 0d
    8d 05 2b 12 d4 cb 01 bb 9c 77 e7 a7 81 f8 19 96
    49 64 6b 4b bc 9d 20 61 48 4a 58 13 3c 6e 50 78
    52 fa 91 05 8e 04 b2 65 ab 6b 44 55 7c f4 76 cb
    3a 8b 37 fa 89 c0 a5 d1 30 81 78 4c 05 65 66 d7
    56 8c 8f d5 93 ec 23 8e a8 2a bf 69 9a b8 49 f6
    0a 3f 18 8b f6 fa 73 9a d6 17 bf 36 58 53 32 41
    c5 e8 be f0 3c b3 60 f4 92 10 e3 35 71 d1 c2 93
    e1 c5 6d d0 80 80 73 5a 4f 23 94 8e 38 92 7d a8
    43 87 0a 73 a5 b2 64 3c 87 51 a9 d8 11 4d 9c 64
    87 c6 1e 96 c8 aa 56 da 8c 4c c5 b8 b8 87 44 b9
    b0 9c 71 f1 cd 62 6c 51 42 00 9f 6e 76 cd ad 86
    82 3f d4 11 0c 8c c3 14 7a 8c 1f d0 75 7b 0c 06
    6d a0 40 cb f8 7f c9 33 19 66 09 85 8f dc 72 66
    43 4d c7 4b 94 c6 a5 45 46 64 8b 63 39 79 99 5b
    38 a5 80 4d c3 b7 50 94 3b 86 b6 17 a4 b9 38 83
    d9 0c 24 d0 79 13 b5 bc a7 d5 64 55 01 22 10 dc
    e0 66 b4 b6 36 b9 e6 a9 87 c8 4d e9 ba 5d e0 42
    90 23 62 4f 26 ac 81 85 7a c6 2f 5c c5 cf 17 8c
    64 d9 20 e9 c0 b5 06 d9 06 5a a5 33 e3 72 5b 70
    87 9a 5a cc 63 79 0a a8 45 16 a2 44 34 50 80 f5
    c3 ea 2a 29 16 4c 01 85 a4 76 7d 98 b8 d8 bb 24
    d6 f1 91 9c a8 5d 19 04 6b c9 47 c7 e5 9b ad e2
    f0 32 d1 db b4 60 dc 00 20 e4 41 dd cc 6b 77 92
    b3 3a 20 cd ac 21 8f 44 57 ac 4c 45 3a cf fb 73
    44 5c 91 64 28 50 e8 c4 84 ef c2 0d 98 57 ad b7
    a1 76 51 77 29 4c 98 56 c1 90 68 32 f8 c5 c9 58
    9c c6 72 a5 32 32 15 28 03 3d 17 d7 12 4d b2 09
    bf 82 6f b4 6b 7a aa 34 7f 43 d7 2d 8f 5c a3 25
    f9 ce 7c 56 7f 62 82 2c a6 fc 3f 28 93 04 6e ab
    6c 9a 50 2e 50 41 60 2d 65 c9 5a 80 a7 92 fb 1d
    60 78 85 09 7c bb 55 78 0d 01 09 9e 49 7c 2e 9b
    74 b7 1f 19 56 5b 6b bc 76 58 9e 6c 29 90 fe fc
    7b a9 0b 5e 40 94 35 06 59 11 ca 8b 9d e9 36 2a
    86 7c be f6 72 bd 97 f8 76 c2 96 5b 64 40 90 fb
    66 0a 4e a1 86 84 25 64 6e 76 4e ec a4 03 90 15
    b5 89 00 77 f4 9b 19 75 27 1a 9c fc 37 65 e9 2a
    53 a6 8f 4b 3b 6c 1d 4a 1e fc 96 96 7f d8 43 bd
    a5 80 ae 88 12 09 23 3e a3 39 34 cd 3b 44 d2 30
    ae 4d e5 99 26 b1 63 bb 4b 12 4c 82 99 28 6b 3f
    7a f6 8c a7 30 80 2c 8c 9d ba aa 15 6f 86 8c 72
    30 0f c2 55 be 84 35 34 dc 00 84 b7 81 4c 8c a3
    72 bb 65 23 f0 44 99 1a 91 5b ae b8 36 7e 88 49
    47 83 9a 3b 8c 0c c1 84 2c e5 60 33 81 31 a3 a5
    06 5d d1 39 4c c1 3a 10 3a 69 aa 9c c0 5c 74 05
    4c b9 12 90 fe 7b 35 4e 98 64 41 b0 63 be 24 9b
    d7 82 50 80 4c 03 5a 9a 72 b4 86 5e b1 ac 08 31
    98 40 d3 db 1c b3 c7 12 99 c2 19 74 ac 63 fd 32
    53 1c 08 88 f1 52 a7 65 57 1d f9 ea aa 5b c0 ca
    64 1c 54 64 6b 53 04 da 2a 43 d9 9f 13 2a 8f b6
    43 04 85 d3 92 6f 8c 75 aa f7 05 45 4a 5b e4 59
    77 29 cc 99 0e a8 3e 99 b4 29 2f 50 4b 2c d0 6d
    b2 5a 60 75 26 6f b3 10 a7 de 9c ca 4a d1 ac d2
    20 0e a2 83 73 77 75 36 50 c1 13 8e a6 60 27 d0
    61 82 81 47 0f 78 38 b4 5b a4 fe 95 1a 91 69 7a
    4d 5c 87 3e a2 a8 94 40 08 a4 5b 75 d6 1a b8 f8
    1a 40 fa 03 87 67 e3 72 eb db 6e e3 25 a7 7e cb
    a3 e6 46 39 06 d5 1d 4a 76 91 f2 62 4a 72 64 a5
    67 a4 48 46 22 5b 51 bb 08 f2 c6 81 5a 46 3b c3
    83 c8 06 1a 0a 4d bc 70 30 b7 71 1d 75 43 66 a5
    45 c7 c6 9b d6 74 6d a5 e9 ad b5 fb 8c 99 e8 2b
    78 49 9a 45 71 04 bd e3 4f 23 bb c3 30 69 49 cf
    ac 62 4e 3b 8c 3b a6 8b 29 b2 43 ff 90 2e 3c ec
    7a bf 26 7b c7 ec 8f c0 39 32 bf 44 83 d9 fc 1f
    b6 c5 17 67 2b 20 23 e2 a9 89 11 b2 0e 77 67 89
    dc 23 ee 34 05 2e 62 19 cb 27 55 2b b8 82 56 aa
    c6 b4 88 af 4e 26 37 7d ec a2 c1 a7 21 14 ba 3e
    7a 62 72 e4 ac 5c 2a d8 c5 f6 f7 2a ec 19 33 3f
    35 4c 42 4d 3b 94 a8 16 73 c0 0e 16 31 78 90 a3
    5a 8d c3 57 dc 84 43 39 c9 1b e8 e1 18 fb 61 fa
    c9 ab 27 3b a8 1d 87 ec 5e 2e 23 ef a5 9f ac c7
    d4 5b 80 ec de 00 7e c5 2e 1f 42 f6 b6 a4 9c eb
    41 41
<<< TLS 1.2, RecordHeader [length 0005]
    16 03 03 04 ba
<<< TLS 1.3, Handshake [length 04ba], ServerHello
    02 00 04 b6 03 03 2a 20 d0 a1 86 59 99 7c 0c 2d
    f6 9e 71 7b 2e fc 93 4b 2d aa 81 29 68 d1 fe 5b
    a5 48 a3 4a b7 3d 20 8f 49 7e 66 c6 c2 86 9f 33
    c4 57 4d 2b 28 4f 7b 7b 3b dd f6 09 c3 38 8a 6b
    68 a0 b2 58 82 58 68 13 02 00 04 6e 00 2b 00 02
    03 04 00 33 04 64 11 ec 04 60 3e d0 f0 2c 45 85
    76 6a 44 86 da 73 97 4d 12 1c a8 2c fe 74 76 a8
    42 57 07 40 93 ec 26 93 22 13 24 24 f7 67 67 f8
    ee da da 73 e6 8e 89 74 cf 52 54 d5 8f da 05 95
    b1 f6 6e 15 95 07 b4 52 93 93 8b 2c 32 25 c1 9a
    e8 6f 6a 81 f1 61 41 5b 58 cf d0 97 a9 14 9d 5f
    33 7c 47 69 b2 c3 d7 94 e2 ed f4 b0 70 96 1a 20
    ce ed 0c 4a 0d 0c f1 ae 61 be 1c 1c 47 86 b7 04
    52 48 34 6b 48 75 ef 86 d3 d3 19 34 6f 89 1c 0a
    24 70 a8 a5 24 8c 01 b4 9d a0 0f 1a 8c c0 f7 f0
    25 26 9e 75 5d 1c 57 d0 98 43 d8 8d b3 81 94 d2
    51 9f 71 51 eb 27 5f 51 2f d7 74 e0 d3 2b 1b f4
    b9 5b 6c 69 1f 32 26 55 49 ee c7 0c e1 e4 fd 13
    b3 93 dc 77 ea 34 d7 c3 ef cd 18 6f 1a 24 e5 18
    1d 9b 66 1e 5a 21 c0 75 ce 3a ec c7 16 c8 77 5f
    3e 1d ed f8 6d 02 a5 d8 33 23 cb 49 d8 56 58 e9
    80 e8 ba 89 3f d2 b5 f3 08 2e fb 3b 8a 18 37 7a
    9d 6b cb 54 49 52 60 83 e1 84 c0 1d 6a d0 05 f3
    d6 c9 ec 49 bb d3 32 2f ff b7 ca 13 a9 d8 07 78
    44 c4 64 40 bf c7 66 e4 86 43 27 d7 32 55 b0 d4
    a8 ab 32 9b dc e8 ba fa fc d5 0b 4f 15 1d cf 01
    db de ec f1 1e 9a f2 02 99 1e d3 d2 fd 0e c4 91
    75 02 56 05 89 3c a0 7c 71 ce 71 0f 55 bd 99 7e
    f8 c5 46 bd 5d 41 84 7e ac 36 26 81 10 f4 32 99
    6e 41 de df 7d 36 8b 7a a6 e0 91 b0 a4 e3 70 38
    95 ae 2e 4f 18 c3 0d d7 19 da 33 13 7a 79 f0 48
    6e 6f 8e f7 da 0d dc 36 5f 38 95 1e 8f 06 18 6c
    20 13 fc ab 29 d5 82 1b 05 df f1 b4 26 2b df 38
    5e 66 88 ba 83 ce ab 05 ef b8 27 ef a0 f5 80 97
    32 9a 0f 6c ba 47 68 2e 0e 7b b0 ae 0f dc e2 c7
    75 26 54 23 83 65 ff 41 c1 d1 14 1b 05 37 26 bc
    11 06 4c aa 57 48 49 3c 83 ee b2 d0 91 69 8e a3
    b8 e9 f4 ea f8 e2 76 05 70 1e a1 bd 1c ee 31 8c
    c3 7f 63 fc 2f 4c 01 77 8f 8d a4 80 ad 5f d4 19
    40 f4 f9 f8 3c f2 c1 9c f4 dd eb cd be d7 84 29
    a5 59 7d 1e e3 e6 87 8b 35 65 df aa ca f6 bc 7b
    81 d6 d7 0a 38 16 a7 2a 2a 9e 62 bc d7 0d 18 40
    4a f6 6e ba ba 2e ce d7 d1 0b 61 4e 82 f0 15 64
    6a 6a 3b 4c 2d 05 93 f0 45 16 a3 25 00 f8 d6 55
    78 2a e5 b7 f5 06 11 1a b1 76 57 1b 06 61 87 37
    6d 48 d9 72 52 05 d4 e7 14 ad 8e 23 c6 54 20 40
    18 f2 d4 16 60 e8 87 63 b4 f9 48 b9 06 57 02 28
    35 ab 64 d0 b4 71 f5 07 2e ee 30 d1 76 d7 34 39
    24 89 cb 05 28 7f 8e 48 ba 94 4d ec ff 73 11 c4
    3e e9 64 cc 06 44 ec fb 36 48 7c 8b 39 d1 bc fb
    9c 44 a6 5b 95 a7 a1 45 b6 58 c1 48 61 83 83 95
    a2 b2 ad 57 69 d1 49 0b 6c e4 d3 64 17 9d 76 eb
    4e 32 cf 5a 80 49 42 19 ed b7 72 37 e1 4a e5 73
    d3 a5 8e b7 59 74 d0 f2 7b cb b9 34 4f 9e 50 60
    c1 f6 42 1b a7 8e c2 a0 94 15 21 a4 cc d2 54 b7
    04 89 98 99 aa c1 97 0c ea af 15 8f 93 57 40 11
    53 68 c4 94 ba 8a 50 ed 21 5a 4d 6d 7a ca 89 fb
    9d 0a bd 59 63 8d 2f 0e 47 76 ba b8 a8 9f f3 af
    bd 54 69 79 2b 28 01 31 0f d4 71 4d 91 99 03 b3
    f3 69 6d e6 b5 76 83 dd 11 b5 07 44 ed ef ff 1d
    a5 b0 e6 66 bc 17 e8 f1 65 74 1d 4d 02 8d 7e 57
    62 ed b4 06 a3 40 f6 fc 09 a6 b7 96 fc f5 e8 fe
    14 f3 5c 9c d7 d6 d1 ad c0 54 f0 fd bf 0e 0f 72
    ae 01 18 09 dd dc 08 a3 f1 4b 27 65 8c a2 4f a8
    69 14 00 b9 ed bb ee f0 d9 de 76 f8 a0 14 ed 72
    28 3b 1b 3c c4 25 3d 1d 3d 5e 3a 4f 60 02 37 8d
    2a 8a 4b 98 5d 42 e4 08 ec be 12 fd 21 5a 9a 67
    9f 4d 62 10 16 82 e6 37 4d 50 ff 2c ad 8d d0 a3
    3e cb ad c8 b8 9d b2 19 e1 7e 71 e5 76 c0 e4 5f
    9b 7c e7 07 3f bf dc c4 9c 48 86 38 5f 67 9f d7
    94 3d f7 f0 e0 69 1b c9 e3 fc 87 c8 6c c5 55 3b
    f9 30 2e f0 b5 c1 4c 4b d5 b6 17 95 d7 f5 0e 90
    7b d2 09 16 29 e7 42 2f 3c 12 9a a3 e7 aa 4a 75
    70 e1 db e3 50 a1 e3 a7 61 be 5b 35 b2 6a 75 bc
    28 38 37 c4 f3 09 09 e3 5c 4b b9 5e 40 14 67 cc
    1e 86 0c 35 29 60 39 29 38 37
<<< TLS 1.2, RecordHeader [length 0005]
    14 03 03 00 01
<<< TLS 1.3, ChangeCipherSpec [length 0001]
    01
<<< TLS 1.2, RecordHeader [length 0005]
    17 03 03 00 17
<<< TLS 1.3, InnerContent [length 0001]
    16
<<< TLS 1.3, Handshake [length 0006], EncryptedExtensions
    08 00 00 02 00 00
<<< TLS 1.2, RecordHeader [length 0005]
    17 03 03 03 47
<<< TLS 1.3, InnerContent [length 0001]
    16
<<< TLS 1.3, Handshake [length 0336], Certificate
    0b 00 03 32 00 00 03 2e 00 03 29 30 82 03 25 30
    82 02 0d a0 03 02 01 02 02 01 02 30 0d 06 09 2a
    86 48 86 f7 0d 01 01 0b 05 00 30 12 31 10 30 0e
    06 03 55 04 03 0c 07 52 6f 6f 74 20 43 41 30 20
    17 0d 31 36 30 31 31 34 32 32 32 39 34 36 5a 18
    0f 32 31 31 36 30 31 31 35 32 32 32 39 34 36 5a
    30 19 31 17 30 15 06 03 55 04 03 0c 0e 73 65 72
    76 65 72 2e 65 78 61 6d 70 6c 65 30 82 01 22 30
    0d 06 09 2a 86 48 86 f7 0d 01 01 01 05 00 03 82
    01 0f 00 30 82 01 0a 02 82 01 01 00 d5 5d 60 6a
    df fc 61 ee 48 aa 8c 11 48 43 a5 6d b6 52 5d aa
    98 49 b1 61 92 35 b1 fc 3a 04 25 0c 6d 79 ff b4
    d5 c9 e9 5c 1c 3b e0 ab b3 b8 7d a3 de 6d bd e0
    dd d7 5a bf 14 47 11 42 5e a6 82 d0 61 c1 7f dd
    13 46 e6 09 85 07 0e f2 d4 fc 1a 64 d2 0a ad 20
    ab 20 6b 96 f0 ad cc c4 19 53 55 dc 01 1d a4 b3
    ef 8a b4 49 53 5d 8a 05 1c f1 dc e1 44 bf c5 d7
    e2 77 19 57 5c 97 0b 75 ee 88 43 71 0f ca 6c c1
    b4 b2 50 a7 77 46 6c 58 0f 11 bf f1 76 24 5a ae
    39 42 b7 51 67 29 e1 d0 55 30 6f 17 e4 91 ea ad
    f8 28 c2 43 6f a2 64 a9 fb 9d 98 92 62 48 3e eb
    0d 4f 82 4a 8a ff 3f 72 ee 96 b5 ae a1 c1 98 ba
    ef 7d 90 75 6d ff 5a 52 9e ab f5 c0 7e d0 87 43
    db 85 07 07 0f 7d 38 7a fd d1 d3 ee 65 1d d3 ea
    39 6a 87 37 ee 4a d3 e0 0d 6e f5 70 ac c2 bd f1
    6e f3 92 95 5e a9 f0 a1 65 95 93 8d 02 03 01 00
    01 a3 7d 30 7b 30 1d 06 03 55 1d 0e 04 16 04 14
    c0 e7 84 bf e8 59 27 33 10 b0 52 4f 51 52 2f 06
    d6 c0 7a cd 30 1f 06 03 55 1d 23 04 18 30 16 80
    14 70 7f 2e ae 83 68 59 98 04 23 2a cd eb 3e 17
    cd 24 dd 01 49 30 09 06 03 55 1d 13 04 02 30 00
    30 13 06 03 55 1d 25 04 0c 30 0a 06 08 2b 06 01
    05 05 07 03 01 30 19 06 03 55 1d 11 04 12 30 10
    82 0e 73 65 72 76 65 72 2e 65 78 61 6d 70 6c 65
    30 0d 06 09 2a 86 48 86 f7 0d 01 01 0b 05 00 03
    82 01 01 00 7b d3 04 43 75 8a 0f 11 ae c4 fb d7
    a1 a2 9e fe 20 18 d5 f4 2f 31 88 46 b6 75 8c ee
    e5 9b 97 a6 b9 a3 cd 60 9a 46 c3 48 97 e5 97 68
    f7 5a 86 35 73 d9 69 9e f9 5f 74 b9 e6 94 13 01
    cb 6a dc e3 c4 04 e9 65 da 9c a4 8b 28 f3 f9 9a
    7f bf 97 1f 45 92 e5 05 b1 56 e6 0b f6 47 de 1e
    89 b6 2b e1 4d df 4a 7e 01 d3 23 dc 97 8c 47 fe
    5f c7 cc 98 46 0e c4 83 5b ca 8a f1 52 09 be 6b
    ec 3f 09 8b d0 93 02 bf e1 51 e7 d1 7e 34 56 19
    74 d0 ff 28 25 de b7 9f 56 52 91 7d 20 29 85 0a
    80 44 5f 71 32 25 71 0f c2 16 e2 5f 6b 1d 3f 32
    5b 0a 3c 74 1c b9 62 f1 ed 07 50 a3 6d b4 b4 31
    0a c0 53 44 6a 3a 88 84 8b 2d a9 b0 37 8e e6 18
    36 bd 9a 20 40 0f 01 92 8b 3d aa 61 e7 ae 2c ed
    36 cd 3a 07 86 74 3a 29 b3 d7 3a b4 00 a9 c2 f5
    92 78 0e e2 0f a3 fe bb be e0 06 53 84 59 1d 90
    69 e5 b6 f9 00 00
<<< TLS 1.2, RecordHeader [length 0005]
    17 03 03 01 19
<<< TLS 1.3, InnerContent [length 0001]
    16
<<< TLS 1.3, Handshake [length 0108], CertificateVerify
    0f 00 01 04 08 04 01 00 a5 cc 4f 40 0f 4b 8a c5
    6d 80 40 4d d9 3e 22 26 86 41 f8 f6 d2 0d c8 2a
    80 70 1a 32 16 84 88 72 2e ae 5b 31 44 82 0e 9e
    d0 43 e5 04 a6 d8 d1 72 62 1b 19 76 40 8b 24 8a
    60 01 f3 b6 93 38 43 4c 58 38 11 63 3f 21 f2 f2
    c7 07 0e 31 8d 0c 88 b1 1a 26 eb b0 7a c9 d4 7d
    66 87 6b d1 d6 34 2c 26 32 79 4c 82 8b fd 55 f9
    d3 33 51 fb b5 30 d8 76 55 d6 37 15 77 57 0e 24
    5b fd e8 01 a5 6c 77 9f 02 f8 09 b6 4d ab 43 9b
    bc 75 22 bb f7 6c 53 35 19 f2 ce f8 65 34 72 9d
    71 75 08 f8 7b c9 f3 fd 36 80 51 65 32 cd f8 ea
    c1 f2 84 17 04 58 b9 81 5e 97 5c 84 21 71 e5 1a
    1b e4 a1 ec 76 95 d8 6a 7e b7 b4 4b 6a df 3d cb
    2c c6 55 09 e9 06 14 ad 34 d0 b1 92 46 b3 33 31
    3e c2 10 fd 6f 83 df dc 8e a2 ba 45 5e d2 e2 6e
    fa 14 03 4d 43 0d 79 f6 bb 24 f8 04 4c d2 e5 4e
    20 52 fe 6a e2 a8 0e b6
<<< TLS 1.2, RecordHeader [length 0005]
    17 03 03 00 45
<<< TLS 1.3, InnerContent [length 0001]
    16
<<< TLS 1.3, Handshake [length 0034], Finished
    14 00 00 30 87 b2 67 68 de 31 4c 90 b4 f8 9a 0a
    e9 43 c9 9c 1b ab fc 4f 73 7d 7e 0a b9 df ae 34
    78 be 16 a0 ca 45 6a 15 14 4f cb d3 f9 d6 bd e4
    a2 24 49 8c
>>> TLS 1.2, RecordHeader [length 0005]
    14 03 03 00 01
>>> TLS 1.3, ChangeCipherSpec [length 0001]
    01
>>> TLS 1.2, RecordHeader [length 0005]
    17 03 03 00 45
>>> TLS 1.2, InnerContent [length 0001]
    16
>>> TLS 1.3, Handshake [length 0034], Finished
    14 00 00 30 61 ba 80 61 8d fc 61 e5 ec 97 1f 50
    7c 83 45 09 52 cd c5 81 a1 f3 43 24 7a f3 87 60
    45 3d 31 b4 5b 65 c8 d3 c2 da ab 37 89 6d 8c 56
    93 6e 6c b2
---
Certificate chain
 0 s:CN=server.example
   i:CN=Root CA
   a:PKEY: RSA, 2048 (bit); sigalg: sha256WithRSAEncryption
   v:NotBefore: Jan 14 22:29:46 2016 GMT; NotAfter: Jan 15 22:29:46 2116 GMT
---
Server certificate
-----BEGIN CERTIFICATE-----
MIIDJTCCAg2gAwIBAgIBAjANBgkqhkiG9w0BAQsFADASMRAwDgYDVQQDDAdSb290
IENBMCAXDTE2MDExNDIyMjk0NloYDzIxMTYwMTE1MjIyOTQ2WjAZMRcwFQYDVQQD
DA5zZXJ2ZXIuZXhhbXBsZTCCASIwDQYJKoZIhvcNAQEBBQADggEPADCCAQoCggEB
ANVdYGrf/GHuSKqMEUhDpW22Ul2qmEmxYZI1sfw6BCUMbXn/tNXJ6VwcO+Crs7h9
o95tveDd11q/FEcRQl6mgtBhwX/dE0bmCYUHDvLU/Bpk0gqtIKsga5bwrczEGVNV
3AEdpLPvirRJU12KBRzx3OFEv8XX4ncZV1yXC3XuiENxD8pswbSyUKd3RmxYDxG/
8XYkWq45QrdRZynh0FUwbxfkkeqt+CjCQ2+iZKn7nZiSYkg+6w1PgkqK/z9y7pa1
rqHBmLrvfZB1bf9aUp6r9cB+0IdD24UHBw99OHr90dPuZR3T6jlqhzfuStPgDW71
cKzCvfFu85KVXqnwoWWVk40CAwEAAaN9MHswHQYDVR0OBBYEFMDnhL/oWSczELBS
T1FSLwbWwHrNMB8GA1UdIwQYMBaAFHB/Lq6DaFmYBCMqzes+F80k3QFJMAkGA1Ud
EwQCMAAwEwYDVR0lBAwwCgYIKwYBBQUHAwEwGQYDVR0RBBIwEIIOc2VydmVyLmV4
YW1wbGUwDQYJKoZIhvcNAQELBQADggEBAHvTBEN1ig8RrsT716Ginv4gGNX0LzGI
RrZ1jO7lm5emuaPNYJpGw0iX5Zdo91qGNXPZaZ75X3S55pQTActq3OPEBOll2pyk
iyjz+Zp/v5cfRZLlBbFW5gv2R94eibYr4U3fSn4B0yPcl4xH/l/HzJhGDsSDW8qK
8VIJvmvsPwmL0JMCv+FR59F+NFYZdND/KCXet59WUpF9ICmFCoBEX3EyJXEPwhbi
X2sdPzJbCjx0HLli8e0HUKNttLQxCsBTRGo6iISLLamwN47mGDa9miBADwGSiz2q
YeeuLO02zToHhnQ6KbPXOrQAqcL1kngO4g+j/ru+4AZThFkdkGnltvk=
-----END CERTIFICATE-----
subject=CN=server.example
issuer=CN=Root CA
---
No client certificate CA names sent
Peer signing digest: SHA256
Peer signature type: rsa_pss_rsae_sha256
Negotiated TLS1.3 group: X25519MLKEM768
---
SSL handshake has read 2453 bytes and written 1559 bytes
Verification error: unable to verify the first certificate
---
New, TLSv1.3, Cipher is TLS_AES_256_GCM_SHA384
Protocol: TLSv1.3
Server public key is 2048 bit
This TLS version forbids renegotiation.
Compression: NONE
Expansion: NONE
No ALPN negotiated
Early data was not sent
Verify return code: 21 (unable to verify the first certificate)
---
>>> TLS 1.2, RecordHeader [length 0005]
    17 03 03 00 13
>>> TLS 1.2, InnerContent [length 0001]
    15
>>> TLS 1.3, Alert [length 0002], warning close_notify
    01 00
Connecting to 127.0.0.1
SSL_connect:before SSL initialization
SSL_connect:SSLv3/TLS write client hello
SSL_connect:SSLv3/TLS write client hello
SSL_connect:SSLv3/TLS read server hello
Can't use SSL_get_servername
SSL_connect:TLSv1.3 read encrypted extensions
depth=0 CN=server.example
verify error:num=20:unable to get local issuer certificate
verify return:1
depth=0 CN=server.example
verify error:num=21:unable to verify the first certificate
verify return:1
depth=0 CN=server.example
verify return:1
SSL_connect:SSLv3/TLS read server certificate
SSL_connect:TLSv1.3 read server certificate verify
SSL_connect:SSLv3/TLS read finished
SSL_connect:SSLv3/TLS write change cipher spec
SSL_connect:SSLv3/TLS write finished
DONE
SSL3 alert write:warning:close notify
