CONNECTED(00000003)
>>> TLS 1.0, RecordHeader [length 0005]
    16 03 01 05 c2
>>> TLS 1.3, Handshake [length 05c2], ClientHello
    01 00 05 be 03 03 dd b8 31 48 00 02 e6 32 8f 87
    1e 6e 5e 23 8c 8a 22 e0 68 4d 3d 0f 9e 4d 9d 12
    6b 60 87 f9 17 3d 20 2b 98 6b c6 79 41 5a 0d 61
    e3 36 dc 6a db 39 bc a3 0e e2 34 ec ca 88 be 0a
    5a db b0 01 0a ba cb 00 06 13 02 13 03 13 01 01
    00 05 6f 00 0b 00 04 03 00 01 02 00 0a 00 06 00
    04 11 ec 00 1d 00 23 00 00 00 16 00 00 00 17 00
    00 00 0d 00 76 00 74 09 05 09 06 09 04 04 03 05
    03 06 03 08 07 08 08 08 1a 08 1b 08 1c 08 09 08
    0a 08 0b 08 04 08 05 08 06 04 01 05 01 06 01 ff
    06 ff 07 ff 08 ff 09 fe d7 fe d8 fe d9 fe dc fe
    dd fe de fe da fe db fe df fe e0 fe b3 fe b4 fe
    b5 fe b6 fe b7 fe b8 fe b9 fe ba fe c2 fe c3 fe
    c4 ff 32 ff 36 ff 33 ff 37 ff 34 ff 38 ff 35 ff
    39 ff 22 ff 0e ff 1a ff 0f ff 1b 00 2b 00 03 02
    03 04 00 2d 00 02 01 01 00 33 04 c6 04 c4 11 ec
    04 c0 9d 32 42 80 67 79 9e 86 56 e0 cb 8f a7 54
    41 7f 34 80 2e 89 ce ea 54 37 a9 f4 1a c8 d1 0a
    64 a5 2d e3 c1 0d 47 f9 4d 86 01 37 1d 43 9e ed
    bc 53 8d 64 15 50 9a 02 29 d7 85 6b 31 45 25 89
    7c bc d4 48 4a f8 03 7b 97 13 51 ec a9 4f e9 5e
    c3 8b 44 3e 7c 5c 24 61 bd 8e 84 4b 2b 5b 74 5a
    d2 af e8 3c 5e 63 f0 66 c0 c3 a3 32 58 c5 d5 89
    02 64 85 13 64 fb 10 d6 b4 25 e2 42 32 90 27 62
    15 45 3a 14 f8 65 7e 86 7f f4 a3 b8 f3 53 39 3a
    ea 64 86 71 4b 61 73 2d 26 08 61 bf 2a 5f 76 73
    90 a9 96 6e aa 36 44 34 64 bf 63 22 c5 ea 28 3c
    76 50 9e cb 43 8b 74 f8 ad 9f f9 17 72 68 2b 90
    47 0e d3 81 40 ca ca a0 fd c6 b2 34 16 08 29 77
    40 7b e2 ba 18 fa 55 ed 1a c6 39 6c 5a 5f c0 c7
    fc e6 91 08 05 35 62 27 37 f9 22 5d 3b 57 8f bf
    46 02 52 53 8c e0 25 9b db 01 6c 7e e8 5f 98 88
    58 1f 28 3b b6 56 49 0c 04 86 f5 e6 1e 4c 29 78
    56 e2 37 3e 73 66 e6 79 a9 a2 56 a2 25 d3 3e ab
    43 62 b2 52 bf 3a 99 12 2c f4 c7 2d 93 12 ee 96
    5e 8b 70 24 3f 94 b4 a8 74 2f 70 20 a2 80 68 ba
    46 2c 32 80 52 35 27 61 6f 8e 1b 27 55 ac 1e c5
    79 9f c9 6c b0 f5 29 4f 48 ab a7 27 f9 8f 06 12
    61 30 65 68 32 19 0b 69 6c 27 82 e0 9b 7d 24 02
    51 91 b9 82 55 ad d6 5a 85 9f f1 36 2a 82 6b 5a
    c5 4c 42 5c b2 a5 6b 8f b0 b8 b2 e3 25 16 17 39
    61 c3 54 9a bf 75 aa f4 a9 c3 9f 96 50 0a ec 1d
    d1 06 a8 dc 07 93 c3 78 59 52 1b 1f d9 00 a0 0d
    05 9f 2a 29 59 c1 e1 76 b4 1b a9 e5 dc 06 46 a0
    7d 93 8a 74 dc c2 05 a9 e4 9c a3 c0 19 ce 27 b3
    06 31 c0 d4 62 47 1b da 4c b3 f9 84 43 b5 61 95
    82 80 29 db c5 08 76 a3 62 f4 27 a6 d3 68 93 83
    c0 81 90 64 8d 47 a1 0b da 08 02 67 29 7f 46 17
    66 5a 27 6f 0c a6 f9 c6 32 9b 04 2a a0 e9 51 34
    0c 93 da 45 a3 fe bc 19 be 25 1a 9e 7b ba a1 19
    7c 53 89 3a d1 1b 76 ad 4a 68 2d d4 c7 3c c4 9a
    0e 12 77 4e b4 85 3d c3 b5 2c b2 8e d0 83 a0 f3
    7c a5 c4 18 ae 37 67 52 f2 68 30 a9 37 ac f5 03
    a9 f4 b7 89 90 07 ac 1e f0 cf c0 b2 b6 d3 d3 23
    63 81 b2 89 88 95 cb 39 9d 8b 9c 7f 00 b8 72 34
    ca 7a be 1b 06 92 02 03 6a d9 12 bf 68 5a d3 f8
    b8 e2 38 1d 21 0c 12 bf 92 66 10 b5 92 93 23 28
    b6 da c4 85 86 bd 2e 38 85 6d bc 01 38 43 47 e7
    75 47 12 85 8a 9f 90 b6 c8 86 9e 7c 4c a4 e8 8a
    29 98 e1 53 52 a7 3a 0b 38 43 6a 47 9a c0 6b ba
    a5 16 88 4b 20 1f 1d f3 6a 6c 6a 15 41 e7 ae 9c
    56 5a 0b 79 1c e3 77 8a 77 b8 82 f4 dc 60 60 45
    28 cc d9 a5 de c4 76 74 05 ba 4c 5a a2 0b 92 96
    87 c8 9c 8e 3a 70 b4 d1 09 f5 c2 57 72 81 28 c1
    c5 bc 4e 03 83 d9 7c 17 8d 32 ac 42 95 38 78 82
    44 df c6 7f 8c 83 b6 84 26 a2 2a 37 58 be a8 2e
    a2 9c 78 95 9b a2 6f 79 a8 2c 5a b6 5a 30 83 8a
    e3 06 68 37 b5 13 a0 1a cb 27 82 10 5b 71 c8 5a
    ca cf 79 c4 dc ac 86 94 98 3f 02 86 90 af 35 1c
    41 40 8b 6c 65 7b bf 77 c3 78 67 46 11 10 a3 2d
    c4 57 1e 52 85 c9 fb 88 ce d0 a5 3a 87 94 52 1c
    27 b6 78 46 ab 70 5a c6 d8 90 71 a7 a4 f4 d6 12
    4f 87 8b 45 1c 9e 48 8c b0 c1 bc a1 ea f5 b8 89
    8a 06 88 20 b4 59 76 41 aa d1 5f 10 b4 c1 89 44
    30 70 22 6d e6 98 39 03 72 60 37 ab 6e d3 4c cc
    3b cb 7b 4c 64 2f e4 f3 3c af 18 59 86 d9 bf 1d
    93 b8 24 19 a8 e7 80 86 e3 88 a0 38 39 5f 3e eb
    0c e5 61 ad 28 fc 62 d6 19 16 93 93 1b 66 1c 99
    11 64 3c 98 d0 17 a9 fb 79 70 95 97 98 ec 74 58
    a8 03 06 08 64 e7 f3 45 e2 e9 5f a0 a2 23 96 40
    47 74 37 5c ba 81 9b cc e7 07 2e 12 7b 07 e1 3b
    1b 87 40 fd 75 3e 04 e1 6b 63 68 84 94 98 cf d2
    24 73 b4 1c 60 f7 39 05 e0 84 b8 d3 a5 94 76 5c
    a2 70 fc 2a 25 45 4d e0 e1 85 09 8b 39 3d ab 60
    cc 17 bf 0f 5c 69 51 eb 26 54 f1 cf c2 1a 31 fa
    a1 09 18 06 5d 88 f4 24 f2 29 96 2f a7 61 58 c9
    ce 09 79 4d 7e aa 4b eb 91 36 9a 37 b9 8a a2 6d
    f9 92 87 2a f0 b0 14 7a cf ad c9 97 05 6a 5b 0b
    85 16 8f 7e 4c 62 e7 28 5e 2f 1b 81 81 4f 5b 1b
    9e ba b7 25 5b fa e8 7b 29 05 72 0c 9b b8 78 c5
    91 25 1e 34 b1 94 84 de 05 ec 35 b4 63 e5 35 b2
    9c f2 b5 67 c2 53 be 49 00 32 28 23 12 60 98 5d
    18 55
<<< TLS 1.2, RecordHeader [length 0005]
    16 03 03 04 ba
<<< TLS 1.3, Handshake [length 04ba], ServerHello
    02 00 04 b6 03 03 dd 41 8b 09 96 15 ea 66 e9 7b
    72 38 c0 0a e2 b8 cf c2 fe 23 17 b6 23 61 a9 ec
    8f 8c ff 12 b4 66 20 2b 98 6b c6 79 41 5a 0d 61
    e3 36 dc 6a db 39 bc a3 0e e2 34 ec ca 88 be 0a
    5a db b0 01 0a ba cb 13 02 00 04 6e 00 2b 00 02
    03 04 00 33 04 64 11 ec 04 60 d6 06 8e 69 38 3a
    a9 3f af 3a 2f 95 53 49 5e 85 9a 35 d5 53 bb 72
    1e 21 20 5c a4 c9 29 fb 14 31 a7 16 b4 16 4b 61
    56 51 03 37 ff 32 7f bd 73 46 20 49 8f f3 64 24
    d8 d1 58 3c 4d 88 7c 85 98 92 fe 0b ca 85 dc ec
    1c 15 09 65 1a de a1 72 89 9f 32 c1 7b 2b b9 a8
    7a 36 40 38 c2 9d c5 9f 01 9d ed d5 6a 0a c8 e7
    f6 36 00 a1 89 73 0d d0 08 12 15 7e 88 d0 49 c1
    f1 6f bf a0 21 d5 12 48 bd 88 63 34 1a d3 10 36
    92 37 fd 2b 53 32 3d 56 9b 94 23 13 16 6b 75 5e
    f4 32 a3 c2 19 a0 5a 61 37 37 c0 52 b8 42 10 17
    64 ab cb e5 e4 1f 00 7c 67 79 85 a6 44 6b ed 26
    15 97 22 7a 40 54 cc 57 0f 17 14 5d fb 8f a9 0b
    d4 d3 07 c5 94 91 0b f0 81 4b 9e 12 7f 56 cc f7
    4f 8e 0d 11 d1 c6 5c 5b 2b 2f 64 60 de c5 e0 a5
    b5 9d d9 51 0a a0 3f 5a 46 da 9b c9 02 93 36 f8
    c8 f3 49 3e 71 0f 08 b2 0f 1c 34 db 01 0e a4 b9
    35 1b 85 59 0a 84 f4 58 18 93 77 9f c5 87 5f 6a
    41 7a 8e 1b 61 ff 36 7b 3c 8e cb a1 63 c8 1e 38
    cd d8 e7 f1 9d fc 53 3b bd d8 95 9a e3 52 30 f7
    e9 e3 8d 82 86 d2 04 c1 db b0 0a e1 84 0a 54 22
    d1 76 91 0f e0 70 06 73 88 4b 1a e2 46 92 1c dc
    10 b6 a2 2b 62 96 2e 9e 46 bf 0a 74 30 78 82 63
    3d 8c 03 4f 30 bf eb d3 7d a3 da d3 c3 86 3a 15
    dc fa 3a 4b 88 3f 6e bf 17 76 62 58 0c 0c 32 c2
    3d 5f e4 3c 9c 62 df 4a 13 d9 d5 7b c9 1e 04 5d
    50 90 cd 6e d5 bf 77 0c 66 db ba a4 84 78 69 21
    6f 64 ad 63 28 7a e8 9d cc 6a b5 29 08 ca 7e eb
    bf 93 d8 5e 4b ea ab 1c ff ea 51 61 8b f6 fd 4d
    47 1a dc b4 6d 8f 31 82 ec e2 7c 63 d1 98 8b f0
    e1 5e 9c 73 30 d7 cd 9a e5 a7 48 90 49 85 5c 7a
    e2 6a 8e 11 b1 95 65 29 bb cd b4 0b 31 85 b7 07
    27 22 6d c5 03 00 2e 96 9c c1 fb 76 91 35 85 4a
    48 51 53 2f cd 70 8d a9 cd 9b 64 a3 d8 2b 11 65
    03 10 73 77 31 9c 40 09 f1 0b d8 ea 64 22 f3 c0
    c7 34 88 c9 bb 2c d5 ae 81 5b 46 d9 c6 10 49 c6
    f2 a3 80 be 68 8f 3b f9 ee 60 59 f2 fc d5 0f 28
    c8 de 97 53 1d 98 80 8c c8 c2 af be 8b b0 29 e7
    5b 46 5f c9 83 05 d8 c8 78 8f 1e 8d 1e a5 db dc
    e9 3e 07 02 94 de 1d 6c 3c 3b 79 65 69 16 37 37
    db b6 eb 25 0b 03 fe 31 fc 80 6c a5 76 43 66 c3
    3e fe 9e b7 f4 21 18 1e 79 5c 43 23 a1 9d 1f 8a
    c3 dc 53 0b 13 ad 17 01 a8 4d 2e c8 43 4d 93 2c
    1d bc a0 3b 2c ac 6f 82 6b 4e 15 03 bd e4 d8 c6
    f3 69 91 9b 2d e7 cd 3d 40 15 37 30 71 30 74 4c
    c2 3f b3 0c 21 98 77 19 aa 72 e6 49 a2 ca ca 07
    f1 bc 58 75 cb 2e 8d c1 32 1c 69 4f 97 27 14 f3
    eb 86 19 ad 6d b6 2e 22 ea a1 9c 2e 45 1a d5 00
    91 03 0f 9c 06 68 5a c7 26 2b f8 f5 d7 df 4b f7
    c8 41 f1 01 32 70 33 ae ed 41 df 33 c7 84 84 0a
    c0 eb 81 e2 8a 45 bf 15 31 0e 1a 98 5a f2 65 1f
    e0 7f ee 24 1d fb 83 a2 b5 2c 24 49 5f 0a ef 0b
    91 67 96 14 1d 5e 1a e6 95 89 a3 60 f9 fe 7c 1f
    a2 e4 5e c3 75 7e 72 0d 36 82 62 43 b7 59 f4 15
    dc d8 cd 66 1f a7 a4 6a 3f 98 7f 58 f3 09 bd 11
    32 28 5c cf f2 4c 3c 60 29 9b 9c e0 15 1d 13 3a
    b4 02 8e 18 5f 43 03 64 bb e4 0a 2c 89 0e 70 22
    3e dd 3e 81 d1 07 2c 74 d4 35 42 00 2a 0e 26 68
    f5 c7 be 30 59 b4 0f bc c9 02 02 eb da 3e d1 99
    4e 60 f8 52 71 23 da 11 d3 c2 e1 63 a0 13 f3 ff
    b3 11 9b 4c f4 81 84 bf 55 a4 e3 39 c3 67 7a f2
    8a 4b e4 ba 5e 77 ca 91 b8 a5 db 1f 65 03 2e 7a
    53 0c 5e 1a f1 34 c4 4a b8 c1 fe ef 65 32 fa 29
    7d 89 da 40 f0 2c 3c 08 53 ad f3 95 27 f8 20 1a
    79 64 0a b9 1e 29 f0 86 6f 4c 1c 40 45 64 ee 43
    4c a7 31 6c 38 42 82 96 5a 71 ea e3 14 99 f5 73
    d5 c7 ab 46 9e 59 ed db 09 92 74 86 9f 73 e3 7a
    74 a6 72 0e e6 88 4d 45 ea ed 4c 45 a2 11 0e d8
    0e 0a f2 91 9c d8 4a ef 3f 6d e0 14 13 07 25 21
    a5 42 d2 85 c8 fd fe 54 1e 76 bf af 43 84 10 71
    e8 6c 7d ef 41 7a 1c e1 47 68
<<< TLS 1.2, RecordHeader [length 0005]
    14 03 03 00 01
<<< TLS 1.3, ChangeCipherSpec [length 0001]
    01
<<< TLS 1.2, RecordHeader [length 0005]
    17 03 03 00 17
<<< TLS 1.3, InnerContent [length 0001]
    16
<<< TLS 1.3, Handshake [length 0006], EncryptedExtensions
    08 00 00 02 00 00
<<< TLS 1.2, RecordHeader [length 0005]
    17 03 03 03 47
<<< TLS 1.3, InnerContent [length 0001]
    16
<<< TLS 1.3, Handshake [length 0336], Certificate
    0b 00 03 32 00 00 03 2e 00 03 29 30 82 03 25 30
    82 02 0d a0 03 02 01 02 02 01 02 30 0d 06 09 2a
    86 48 86 f7 0d 01 01 0b 05 00 30 12 31 10 30 0e
    06 03 55 04 03 0c 07 52 6f 6f 74 20 43 41 30 20
    17 0d 31 36 30 31 31 34 32 32 32 39 34 36 5a 18
    0f 32 31 31 36 30 31 31 35 32 32 32 39 34 36 5a
    30 19 31 17 30 15 06 03 55 04 03 0c 0e 73 65 72
    76 65 72 2e 65 78 61 6d 70 6c 65 30 82 01 22 30
    0d 06 09 2a 86 48 86 f7 0d 01 01 01 05 00 03 82
    01 0f 00 30 82 01 0a 02 82 01 01 00 d5 5d 60 6a
    df fc 61 ee 48 aa 8c 11 48 43 a5 6d b6 52 5d aa
    98 49 b1 61 92 35 b1 fc 3a 04 25 0c 6d 79 ff b4
    d5 c9 e9 5c 1c 3b e0 ab b3 b8 7d a3 de 6d bd e0
    dd d7 5a bf 14 47 11 42 5e a6 82 d0 61 c1 7f dd
    13 46 e6 09 85 07 0e f2 d4 fc 1a 64 d2 0a ad 20
    ab 20 6b 96 f0 ad cc c4 19 53 55 dc 01 1d a4 b3
    ef 8a b4 49 53 5d 8a 05 1c f1 dc e1 44 bf c5 d7
    e2 77 19 57 5c 97 0b 75 ee 88 43 71 0f ca 6c c1
    b4 b2 50 a7 77 46 6c 58 0f 11 bf f1 76 24 5a ae
    39 42 b7 51 67 29 e1 d0 55 30 6f 17 e4 91 ea ad
    f8 28 c2 43 6f a2 64 a9 fb 9d 98 92 62 48 3e eb
    0d 4f 82 4a 8a ff 3f 72 ee 96 b5 ae a1 c1 98 ba
    ef 7d 90 75 6d ff 5a 52 9e ab f5 c0 7e d0 87 43
    db 85 07 07 0f 7d 38 7a fd d1 d3 ee 65 1d d3 ea
    39 6a 87 37 ee 4a d3 e0 0d 6e f5 70 ac c2 bd f1
    6e f3 92 95 5e a9 f0 a1 65 95 93 8d 02 03 01 00
    01 a3 7d 30 7b 30 1d 06 03 55 1d 0e 04 16 04 14
    c0 e7 84 bf e8 59 27 33 10 b0 52 4f 51 52 2f 06
    d6 c0 7a cd 30 1f 06 03 55 1d 23 04 18 30 16 80
    14 70 7f 2e ae 83 68 59 98 04 23 2a cd eb 3e 17
    cd 24 dd 01 49 30 09 06 03 55 1d 13 04 02 30 00
    30 13 06 03 55 1d 25 04 0c 30 0a 06 08 2b 06 01
    05 05 07 03 01 30 19 06 03 55 1d 11 04 12 30 10
    82 0e 73 65 72 76 65 72 2e 65 78 61 6d 70 6c 65
    30 0d 06 09 2a 86 48 86 f7 0d 01 01 0b 05 00 03
    82 01 01 00 7b d3 04 43 75 8a 0f 11 ae c4 fb d7
    a1 a2 9e fe 20 18 d5 f4 2f 31 88 46 b6 75 8c ee
    e5 9b 97 a6 b9 a3 cd 60 9a 46 c3 48 97 e5 97 68
    f7 5a 86 35 73 d9 69 9e f9 5f 74 b9 e6 94 13 01
    cb 6a dc e3 c4 04 e9 65 da 9c a4 8b 28 f3 f9 9a
    7f bf 97 1f 45 92 e5 05 b1 56 e6 0b f6 47 de 1e
    89 b6 2b e1 4d df 4a 7e 01 d3 23 dc 97 8c 47 fe
    5f c7 cc 98 46 0e c4 83 5b ca 8a f1 52 09 be 6b
    ec 3f 09 8b d0 93 02 bf e1 51 e7 d1 7e 34 56 19
    74 d0 ff 28 25 de b7 9f 56 52 91 7d 20 29 85 0a
    80 44 5f 71 32 25 71 0f c2 16 e2 5f 6b 1d 3f 32
    5b 0a 3c 74 1c b9 62 f1 ed 07 50 a3 6d b4 b4 31
    0a c0 53 44 6a 3a 88 84 8b 2d a9 b0 37 8e e6 18
    36 bd 9a 20 40 0f 01 92 8b 3d aa 61 e7 ae 2c ed
    36 cd 3a 07 86 74 3a 29 b3 d7 3a b4 00 a9 c2 f5
    92 78 0e e2 0f a3 fe bb be e0 06 53 84 59 1d 90
    69 e5 b6 f9 00 00
<<< TLS 1.2, RecordHeader [length 0005]
    17 03 03 01 19
<<< TLS 1.3, InnerContent [length 0001]
    16
<<< TLS 1.3, Handshake [length 0108], CertificateVerify
    0f 00 01 04 08 04 01 00 60 49 3d b5 7a 15 ca 97
    4d 05 72 40 f0 ff d3 21 de ae 6e 7f 6b d9 97 77
    26 72 20 e5 54 f4 86 05 1e d3 3b 9c 3f 01 55 df
    80 ad 23 52 b9 fe 6c 62 d6 d3 d8 dc 9f e7 d6 99
    c2 22 1f 66 32 53 c9 60 dd 2d 9a 0e 52 b8 e9 13
    55 4d 7e 2a c7 af 39 45 e0 0d 2b 02 c9 8b 05 cc
    81 b5 a8 81 d0 29 ec e2 88 65 9d 9e a7 8f ab 2c
    76 ad fa 84 b7 b9 aa 8d 75 77 ee a8 c3 b6 3c b9
    97 c9 f6 7a 68 59 79 f3 64 7e 15 34 75 a1 36 f8
    6c d1 f7 ce 74 15 6e 73 af e0 ab fe 3f 7e 7f 7b
    57 72 d3 08 66 64 cd 21 19 7b d2 6c 4b a2 b6 94
    24 15 33 d1 02 0a 84 c0 12 43 73 5a ab bb 1c 1e
    07 b3 87 bc 98 5a 81 15 bc f0 55 2a 68 fb c4 69
    e2 33 23 3c 15 4f b8 51 6f d0 01 d2 70 0d 30 00
    45 ce dd 5b 80 d7 b4 da b2 65 70 8d 19 a9 dd 02
    62 64 97 92 fb 4b 58 44 32 a1 b3 53 5d e7 cf 47
    b1 e7 59 0c f7 f3 5b 8a
<<< TLS 1.2, RecordHeader [length 0005]
    17 03 03 00 45
<<< TLS 1.3, InnerContent [length 0001]
    16
<<< TLS 1.3, Handshake [length 0034], Finished
    14 00 00 30 89 b9 93 9f 52 18 14 2c c4 54 b4 11
    6f e1 7d 8b 42 df de de 84 90 36 f2 48 38 17 23
    a5 b6 01 cc 67 e8 6e 17 c8 69 1d 2a 54 be 98 d9
    c8 f0 84 08
>>> TLS 1.2, RecordHeader [length 0005]
    14 03 03 00 01
>>> TLS 1.3, ChangeCipherSpec [length 0001]
    01
>>> TLS 1.2, RecordHeader [length 0005]
    17 03 03 00 45
>>> TLS 1.2, InnerContent [length 0001]
    16
>>> TLS 1.3, Handshake [length 0034], Finished
    14 00 00 30 c8 3a 4d c4 ca ff 0d 3e bb 08 cd 0a
    c8 76 89 a8 56 7e 21 98 91 84 84 8a d7 8d 0c dc
    60 36 3e 41 92 b3 0e 12 fa de 24 2d fa c3 fb 35
    ec 97 09 58
---
Certificate chain
 0 s:CN=server.example
   i:CN=Root CA
   a:PKEY: RSA, 2048 (bit); sigalg: sha256WithRSAEncryption
   v:NotBefore: Jan 14 22:29:46 2016 GMT; NotAfter: Jan 15 22:29:46 2116 GMT
---
Server certificate
-----BEGIN CERTIFICATE-----
MIIDJTCCAg2gAwIBAgIBAjANBgkqhkiG9w0BAQsFADASMRAwDgYDVQQDDAdSb290
IENBMCAXDTE2MDExNDIyMjk0NloYDzIxMTYwMTE1MjIyOTQ2WjAZMRcwFQYDVQQD
DA5zZXJ2ZXIuZXhhbXBsZTCCASIwDQYJKoZIhvcNAQEBBQADggEPADCCAQoCggEB
ANVdYGrf/GHuSKqMEUhDpW22Ul2qmEmxYZI1sfw6BCUMbXn/tNXJ6VwcO+Crs7h9
o95tveDd11q/FEcRQl6mgtBhwX/dE0bmCYUHDvLU/Bpk0gqtIKsga5bwrczEGVNV
3AEdpLPvirRJU12KBRzx3OFEv8XX4ncZV1yXC3XuiENxD8pswbSyUKd3RmxYDxG/
8XYkWq45QrdRZynh0FUwbxfkkeqt+CjCQ2+iZKn7nZiSYkg+6w1PgkqK/z9y7pa1
rqHBmLrvfZB1bf9aUp6r9cB+0IdD24UHBw99OHr90dPuZR3T6jlqhzfuStPgDW71
cKzCvfFu85KVXqnwoWWVk40CAwEAAaN9MHswHQYDVR0OBBYEFMDnhL/oWSczELBS
T1FSLwbWwHrNMB8GA1UdIwQYMBaAFHB/Lq6DaFmYBCMqzes+F80k3QFJMAkGA1Ud
EwQCMAAwEwYDVR0lBAwwCgYIKwYBBQUHAwEwGQYDVR0RBBIwEIIOc2VydmVyLmV4
YW1wbGUwDQYJKoZIhvcNAQELBQADggEBAHvTBEN1ig8RrsT716Ginv4gGNX0LzGI
RrZ1jO7lm5emuaPNYJpGw0iX5Zdo91qGNXPZaZ75X3S55pQTActq3OPEBOll2pyk
iyjz+Zp/v5cfRZLlBbFW5gv2R94eibYr4U3fSn4B0yPcl4xH/l/HzJhGDsSDW8qK
8VIJvmvsPwmL0JMCv+FR59F+NFYZdND/KCXet59WUpF9ICmFCoBEX3EyJXEPwhbi
X2sdPzJbCjx0HLli8e0HUKNttLQxCsBTRGo6iISLLamwN47mGDa9miBADwGSiz2q
YeeuLO02zToHhnQ6KbPXOrQAqcL1kngO4g+j/ru+4AZThFkdkGnltvk=
-----END CERTIFICATE-----
subject=CN=server.example
issuer=CN=Root CA
---
No client certificate CA names sent
Peer signing digest: SHA256
Peer signature type: rsa_pss_rsae_sha256
Negotiated TLS1.3 group: X25519MLKEM768
---
SSL handshake has read 2453 bytes and written 1559 bytes
Verification error: unable to verify the first certificate
---
New, TLSv1.3, Cipher is TLS_AES_256_GCM_SHA384
Protocol: TLSv1.3
Server public key is 2048 bit
This TLS version forbids renegotiation.
Compression: NONE
Expansion: NONE
No ALPN negotiated
Early data was not sent
Verify return code: 21 (unable to verify the first certificate)
---
>>> TLS 1.2, RecordHeader [length 0005]
    17 03 03 00 13
>>> TLS 1.2, InnerContent [length 0001]
    15
>>> TLS 1.3, Alert [length 0002], warning close_notify
    01 00
Connecting to 127.0.0.1
SSL_connect:before SSL initialization
SSL_connect:SSLv3/TLS write client hello
SSL_connect:SSLv3/TLS write client hello
SSL_connect:SSLv3/TLS read server hello
Can't use SSL_get_servername
SSL_connect:TLSv1.3 read encrypted extensions
depth=0 CN=server.example
verify error:num=20:unable to get local issuer certificate
verify return:1
depth=0 CN=server.example
verify error:num=21:unable to verify the first certificate
verify return:1
depth=0 CN=server.example
verify return:1
SSL_connect:SSLv3/TLS read server certificate
SSL_connect:TLSv1.3 read server certificate verify
SSL_connect:SSLv3/TLS read finished
SSL_connect:SSLv3/TLS write change cipher spec
SSL_connect:SSLv3/TLS write finished
DONE
SSL3 alert write:warning:close notify
