CONNECTED(00000003)
>>> TLS 1.0, RecordHeader [length 0005]
    16 03 01 05 c2
>>> TLS 1.3, Handshake [length 05c2], ClientHello
    01 00 05 be 03 03 68 62 a0 05 9f f6 15 55 89 17
    bc 40 c2 41 9d ae 4c d3 59 4a 17 fe 19 ee ae cc
    fa ba 43 85 1b aa 20 b9 18 1d 73 c3 e8 9d 34 9f
    52 00 2e d6 c6 8a 13 65 05 08 32 69 37 3f 81 31
    a1 db ab 83 ee 8e 54 00 06 13 02 13 03 13 01 01
    00 05 6f 00 0b 00 04 03 00 01 02 00 0a 00 06 00
    04 11 ec 00 1d 00 23 00 00 00 16 00 00 00 17 00
    00 00 0d 00 76 00 74 09 05 09 06 09 04 04 03 05
    03 06 03 08 07 08 08 08 1a 08 1b 08 1c 08 09 08
    0a 08 0b 08 04 08 05 08 06 04 01 05 01 06 01 ff
    06 ff 07 ff 08 ff 09 fe d7 fe d8 fe d9 fe dc fe
    dd fe de fe da fe db fe df fe e0 fe b3 fe b4 fe
    b5 fe b6 fe b7 fe b8 fe b9 fe ba fe c2 fe c3 fe
    c4 ff 32 ff 36 ff 33 ff 37 ff 34 ff 38 ff 35 ff
    39 ff 22 ff 0e ff 1a ff 0f ff 1b 00 2b 00 03 02
    03 04 00 2d 00 02 01 01 00 33 04 c6 04 c4 11 ec
    04 c0 9b 01 af 46 2b b9 af 88 3a 17 89 6d 02 d0
    08 90 12 41 fb c1 75 5b 44 04 ed f8 c4 62 47 4f
    8f 66 b5 7d 1b 26 f9 ec 80 bb a6 9f 8e 78 bb d1
    79 c7 8e f8 4e d8 fc 32 55 31 c7 96 c2 ae e6 77
    06 69 24 4f db 34 3e 8e e2 20 4e f3 7c b3 90 a6
    7f 73 9b 1b cc 17 21 42 10 5b cc c6 03 b4 42 eb
    b5 ca be 13 68 cf 30 28 f8 05 1b 21 e1 c9 19 13
    52 48 d2 3e 6b c2 92 37 2a c1 e3 93 48 cc 66 b2
    45 f6 91 3e 47 51 af 22 23 a9 d2 6b b2 d2 20 59
    62 73 1b e9 15 ed f1 04 04 8c 66 30 86 a9 15 f7
    b8 df c9 c4 96 a7 59 94 31 b7 9d 98 33 ac 09 a0
    ce 25 9a fe ab 0c 74 40 18 87 70 26 4d 59 c9 6a
    0c 13 6a 23 28 f8 22 bc d6 b6 85 e8 98 b4 0c fb
    16 9e 44 6e eb 88 56 f1 26 0b 13 a1 09 1d a0 3d
    dd 5a cf fc 99 54 1c 85 76 4d 7c 21 45 b7 bb 23
    dc a1 dd 96 80 ac b2 93 a9 b2 12 04 30 5b c2 e3
    83 7f 14 9f 57 c9 3d 89 a4 8b b0 c0 7c 51 16 32
    6c c7 0c f0 4a 85 38 75 51 be 7c 8e 1c 4a 7d 4c
    b2 46 43 eb 9b 0b b5 c7 50 40 65 ee b1 a7 9d 30
    00 91 12 c1 79 81 0a f2 00 c3 22 f0 44 69 7c 26
    3c 87 3a ab f7 99 90 59 82 27 99 12 35 e9 51 96
    94 18 2b 5c 78 73 53 a0 06 76 99 0a 72 75 44 e2
    09 26 3a 8c 5a 28 b7 85 72 b8 cf a0 3a 0d 01 29
    d2 81 ca cf 17 58 8b ba 4c 0c a8 9d c9 fb 9c 72
    f7 87 ef 7c b8 46 74 5b d1 12 87 10 06 21 11 32
    79 46 e1 5e 11 a8 4c 73 00 4d cd 3a 0c 77 23 b9
    7b 60 0a 43 b4 08 12 4b 9f 84 f8 31 94 ac cc 8f
    aa 8b 0a bb 10 7d a4 16 ba eb a2 53 75 85 96 bc
    2d 3e 14 cb 9c f9 c4 64 63 7b 9d 74 af d9 78 cf
    73 09 2e d1 31 56 18 69 95 d4 88 7a d1 54 84 dd
    77 47 41 c3 be d5 a7 b8 21 43 cb 05 55 23 36 13
    bc 08 9a 4b a1 c2 0c 1a 1c 85 b9 01 29 da 8a 9d
    bb 94 7b 45 c7 9c 09 7a 06 d8 a7 28 c9 ab 20 41
    01 7e cc b1 62 d3 31 b3 6b 1b 52 c3 49 84 ae 13
    8a 46 86 16 37 d0 9d 56 e4 3a 9f 31 59 4a 35 9f
    fe 61 c2 31 00 60 fb 9b 31 d2 26 46 b4 c0 9f 3b
    93 3e 1e b0 18 cd ea b6 b1 b2 54 f1 9b ab 14 79
    95 5f 9b 35 13 5c 52 00 f6 82 04 bb 6f 87 98 b7
    08 09 7b c3 6c 05 00 a6 cd f6 14 6c b3 10 cd 26
    d3 24 81 34 7a 68 a1 4d 57 e6 ba 7a 10 5f 54 e0
    7c ae cc b4 99 62 98 48 86 9d 0f 18 19 5e 73 a8
    e6 cb 8a 93 81 12 73 21 0c 22 70 cf 97 3a 76 9d
    49 79 db d9 14 57 90 85 bd 42 27 a8 8b 6c 3f c6
    aa 25 0c 30 58 e6 54 f0 30 0a a9 75 18 34 2b a6
    9b 8a ab f1 6b b7 f9 f8 20 fd 54 89 a2 e9 b5 b9
    a4 c9 f3 80 9a a7 fa 19 3a 07 48 38 88 96 da b2
    8d 41 49 8e 6d f6 54 26 14 b1 67 e8 79 f6 e8 c0
    22 05 c4 a4 bc 94 83 91 cb 5c 68 c1 6b f3 cb 6e
    05 92 1d 27 7b eb c4 c9 02 01 53 0e 22 c4 dc 95
    84 ea 86 4d ed b3 65 ca 77 c0 d1 1c 04 89 c6 0e
    3e 6a 8c 52 4c c1 74 45 16 6a 1b 14 4c e4 9c 76
    db 29 86 f1 19 4d b7 18 70 25 56 4f 25 84 a1 63
    5d ae e0 20 8a 4a 5f a4 59 b0 4a c1 7b 84 da 29
    9b dc 66 72 84 aa 84 6a b5 c7 c5 43 46 a7 38 57
    25 1b 06 a1 11 4c 07 bc 5b 5b cc 52 36 12 8c c0
    ba 97 61 5e 88 2c 6e 8e 70 65 54 fa 62 8d b8 94
    32 19 ae 48 cb 07 b1 79 34 ec 1c 26 4e 76 1c 82
    c0 0a 10 55 7c 31 f7 91 21 a6 44 8f 4a 4a 1a 31
    ba 6a a2 81 a4 a6 9d 73 dc 44 37 99 5d 56 96 37
    98 22 23 90 52 cf c5 57 9b 9f 83 6a 9b a8 a7 d8
    44 33 62 15 b9 5d 27 ad cb 3c ca cc d6 8f b1 72
    7e 25 11 17 83 cc c1 88 61 4d 0b 8b 12 36 a8 82
    63 9c 8b bf 4c 7e 50 f7 a3 06 b2 88 4b 23 b9 74
    d3 7d d7 4b c8 ed fa 16 bb e9 76 ac 94 04 87 e5
    c9 f6 14 3f 15 d4 c6 ad f0 11 7e 04 18 c6 c2 8c
    fc 20 c8 45 71 49 7a 7b ca 84 bb 0a 9e fc 95 f8
    70 8a 7a e0 0d ba 76 68 33 60 6e 40 1b 4b f2 00
    ab 25 e9 b7 68 ba cd 6b f9 28 eb c3 06 b3 9c 34
    25 86 11 9d 83 71 bd 0b 26 45 42 47 71 51 b6 67
    71 48 7b ec 31 1d 7c 5a 3c 22 97 98 3c 06 7d c2
    89 49 78 a6 a2 6b 42 80 05 45 04 8a c3 93 6a 1f
    db 33 c2 10 52 38 19 4b af 66 18 16 80 fc 30 a3
    d9 b9 f3 22 87 5f 6b a8 a7 55 b7 66 0a 67 b7 ba
    08 88 91 44 f1 45 8d 2b b2 83 c4 9c f3 94 f3 1d
    d0 8a 7c 0f ee d6 04 18 7b e5 38 1e b5 1d d2 ba
    02 af d5 ff 9a cc d2 54 95 52 9e 0d 3f 9d b0 d6
    31 4e
<<< TLS 1.2, RecordHeader [length 0005]
    16 03 03 00 58
<<< TLS 1.3, Handshake [length 0058], ServerHello
    02 00 00 54 03 03 cf 21 ad 74 e5 9a 61 11 be 1d
    8c 02 1e 65 b8 91 c2 a2 11 16 7a bb 8c 5e 07 9e
    09 e2 c8 a8 33 9c 20 b9 18 1d 73 c3 e8 9d 34 9f
    52 00 2e d6 c6 8a 13 65 05 08 32 69 37 3f 81 31
    a1 db ab 83 ee 8e 54 13 02 00 00 0c 00 2b 00 02
    03 04 00 33 00 02 00 1d
>>> TLS 1.2, RecordHeader [length 0005]
    14 03 03 00 01
>>> TLS 1.3, ChangeCipherSpec [length 0001]
    01
>>> TLS 1.2, RecordHeader [length 0005]
    16 03 03 01 22
>>> TLS 1.3, Handshake [length 0122], ClientHello
    01 00 01 1e 03 03 68 62 a0 05 9f f6 15 55 89 17
    bc 40 c2 41 9d ae 4c d3 59 4a 17 fe 19 ee ae cc
    fa ba 43 85 1b aa 20 b9 18 1d 73 c3 e8 9d 34 9f
    52 00 2e d6 c6 8a 13 65 05 08 32 69 37 3f 81 31
    a1 db ab 83 ee 8e 54 00 06 13 02 13 03 13 01 01
    00 00 cf 00 0b 00 04 03 00 01 02 00 0a 00 06 00
    04 11 ec 00 1d 00 23 00 00 00 16 00 00 00 17 00
    00 00 0d 00 76 00 74 09 05 09 06 09 04 04 03 05
    03 06 03 08 07 08 08 08 1a 08 1b 08 1c 08 09 08
    0a 08 0b 08 04 08 05 08 06 04 01 05 01 06 01 ff
    06 ff 07 ff 08 ff 09 fe d7 fe d8 fe d9 fe dc fe
    dd fe de fe da fe db fe df fe e0 fe b3 fe b4 fe
    b5 fe b6 fe b7 fe b8 fe b9 fe ba fe c2 fe c3 fe
    c4 ff 32 ff 36 ff 33 ff 37 ff 34 ff 38 ff 35 ff
    39 ff 22 ff 0e ff 1a ff 0f ff 1b 00 2b 00 03 02
    03 04 00 2d 00 02 01 01 00 33 00 26 00 24 00 1d
    00 20 0d d3 22 c7 67 8b fb 9f 41 e7 89 5d 34 8e
    b8 a4 85 27 51 62 4d 37 a8 78 10 b6 49 2d 69 a5
    6c 02
<<< TLS 1.2, RecordHeader [length 0005]
    14 03 03 00 01
<<< TLS 1.3, ChangeCipherSpec [length 0001]
    01
<<< TLS 1.2, RecordHeader [length 0005]
    16 03 03 00 7a
<<< TLS 1.3, Handshake [length 007a], ServerHello
    02 00 00 76 03 03 7f 15 72 3e 69 b9 04 16 c1 db
    ea d6 98 43 09 89 dc fe 02 62 90 9a 6b 9e 9d 0f
    57 86 f1 15 2d d1 20 b9 18 1d 73 c3 e8 9d 34 9f
    52 00 2e d6 c6 8a 13 65 05 08 32 69 37 3f 81 31
    a1 db ab 83 ee 8e 54 13 02 00 00 2e 00 2b 00 02
    03 04 00 33 00 24 00 1d 00 20 ef 52 01 ea 6c 39
    08 f6 ad ae 93 a3 73 bc 85 29 53 46 53 41 47 4e
    96 5e 1d 99 2e c2 a7 25 24 29
<<< TLS 1.2, RecordHeader [length 0005]
    17 03 03 00 21
>>> TLS 1.2, RecordHeader [length 0005]
    15 03 03 00 02
>>> TLS 1.3, Alert [length 0002], fatal bad_record_mac
    02 14
---
no peer certificate available
---
No client certificate CA names sent
Peer Temp Key: X25519, 253 bits
---
SSL handshake has read 264 bytes and written 1787 bytes
Verification: OK
---
New, TLSv1.3, Cipher is TLS_AES_256_GCM_SHA384
Protocol: TLSv1.3
This TLS version forbids renegotiation.
Compression: NONE
Expansion: NONE
No ALPN negotiated
Early data was not sent
Verify return code: 0 (ok)
---
Connecting to 127.0.0.1
SSL_connect:before SSL initialization
SSL_connect:SSLv3/TLS write client hello
SSL_connect:SSLv3/TLS write client hello
SSL_connect:SSLv3/TLS read server hello
SSL_connect:SSLv3/TLS write change cipher spec
SSL_connect:SSLv3/TLS write client hello
SSL_connect:SSLv3/TLS write client hello
SSL3 alert write:fatal:bad record mac
SSL_connect:error in error
40BCFCD65D740000:error:0A000119:SSL routines:tls_get_more_records:decryption failed or bad record mac:ssl/record/methods/tls_common.c:868:
40BCFCD65D740000:error:0A000139:SSL routines::record layer failure:ssl/record/rec_layer_s3.c:698:
