CONNECTED(00000003)
>>> TLS 1.0, RecordHeader [length 0005]
    16 03 01 05 c2
>>> TLS 1.3, Handshake [length 05c2], ClientHello
    01 00 05 be 03 03 f9 b3 e3 a7 12 db 78 17 1f a5
    55 07 83 27 8d f3 24 61 95 21 31 cd 17 a2 95 78
    ae 68 d1 37 7e 2e 20 74 21 b3 07 94 9c 4c 4a 86
    88 72 7f c7 ce 84 cb a0 28 e5 9e 08 f2 ca 36 6f
    ac 3a 7c fe d0 88 0e 00 06 13 02 13 03 13 01 01
    00 05 6f 00 0b 00 04 03 00 01 02 00 0a 00 06 00
    04 11 ec 00 1d 00 23 00 00 00 16 00 00 00 17 00
    00 00 0d 00 76 00 74 09 05 09 06 09 04 04 03 05
    03 06 03 08 07 08 08 08 1a 08 1b 08 1c 08 09 08
    0a 08 0b 08 04 08 05 08 06 04 01 05 01 06 01 ff
    06 ff 07 ff 08 ff 09 fe d7 fe d8 fe d9 fe dc fe
    dd fe de fe da fe db fe df fe e0 fe b3 fe b4 fe
    b5 fe b6 fe b7 fe b8 fe b9 fe ba fe c2 fe c3 fe
    c4 ff 32 ff 36 ff 33 ff 37 ff 34 ff 38 ff 35 ff
    39 ff 22 ff 0e ff 1a ff 0f ff 1b 00 2b 00 03 02
    03 04 00 2d 00 02 01 01 00 33 04 c6 04 c4 11 ec
    04 c0 b3 01 56 49 48 3d c3 93 85 6e 19 ca ad 50
    bf ea 56 93 6d aa 44 3b 59 ad 8e b3 82 6c 19 c0
    aa a9 81 71 f9 a9 51 35 14 c1 35 78 b2 f3 40 67
    d5 0a 2f 24 8f ce 6c 30 1a b2 66 60 10 86 9e 4c
    3a 89 81 cf 0a 59 c9 85 cb 1c c0 46 07 3f d5 83
    e0 4a 01 88 f9 ba 0c c1 1a 42 66 1e 69 b8 5f 33
    4a 38 ff 50 6c 5d 16 68 e2 09 63 bf 06 2a 20 a3
    8e 03 9c 58 4b 48 0c 17 a1 3b 95 00 77 04 84 bd
    04 73 1a eb f5 16 0f e1 c7 1d 23 a8 a6 b7 38 2b
    1b 28 38 4a 3f c5 02 26 7b 19 12 fa a2 27 02 71
    2d 7f 13 3f dd 17 87 aa f8 96 eb c9 9f 5a 66 2c
    57 18 13 c2 2b 3b 81 16 a7 d5 1b 85 a2 76 0c df
    98 1a fd ec 3e a0 a8 85 c7 b5 a9 75 03 a8 39 95
    b0 5d f4 6c 7e 0b 96 e7 45 b9 7a 17 76 a9 e0 57
    94 19 2d 2d 3c bf 14 d9 91 23 c7 0b 26 54 46 16
    e6 04 47 d4 c6 b5 43 67 9e 82 94 5f 36 47 03 ac
    63 e5 b8 58 f6 06 93 fa 11 98 39 e1 92 41 a6 a8
    ec 30 09 36 88 2e 1b f6 55 17 c5 47 66 1a 59 b9
    32 a7 c1 a7 06 d5 56 cf bd 55 1a 8b d8 10 1f f8
    a2 d4 d4 82 3c 3a 53 61 50 46 84 15 b4 63 36 c9
    cc 10 29 4f 86 5b d9 3a 41 3c 47 62 e3 79 18 a6
    99 28 ee 7b c2 6d b1 cc 9d 26 5d e5 20 7a dc 10
    16 7c ca c9 f9 b1 37 59 24 79 a4 85 32 5d 86 84
    10 e4 95 2e 03 31 7e 5a 75 2b 20 07 55 4c 86 44
    b1 37 eb a2 92 fa 37 35 2e 1b 7f 86 34 2c 58 71
    5a b9 99 0d ee 84 0e 23 32 73 2e b6 9a a2 b2 20
    e2 90 1a 67 59 62 13 b9 60 39 54 b4 a6 63 52 66
    d9 7d c4 8a 4d 3f 0a 70 fe 42 0c 93 24 03 20 26
    51 89 78 b5 15 e9 71 de fb 62 fc b4 c5 eb 60 28
    f7 c7 82 57 04 1f a3 c8 5d da 3b 4d 76 04 68 b2
    c3 86 21 d8 60 78 05 4e 4b 26 41 b9 73 ca 1c 71
    2a aa a7 cf b4 3a 5a e8 5b c2 e1 41 75 68 01 19
    0c 6a 43 ed bb 77 e9 76 37 08 d6 5a 57 77 46 a3
    48 4b de f5 8f f9 79 21 cd 46 ab 36 9c 4b 15 29
    4a 45 fa b0 dc 32 13 14 d5 a1 1b 79 40 d5 45 b2
    f7 94 5a 5e 25 c1 b5 55 aa 86 22 69 0d 76 83 c9
    f2 19 50 49 a6 ba 37 af ec 90 8c 7d 31 80 ea 38
    ca 6b a4 b8 04 22 71 16 99 bc 9d f9 7e f6 c7 12
    22 c3 12 9c c9 b4 3b a4 af 77 73 11 11 7a 20 15
    a9 95 fb 50 c9 bc 0c a5 0d a9 aa 00 ad 4c d3 d1
    8a c8 f5 55 3f 5c 31 a3 39 16 fe 46 65 19 b8 87
    3d 13 bc 25 0a 65 10 a7 7c bd c1 0f 03 c5 49 47
    e0 c9 02 37 a1 90 05 95 5a 53 67 40 c4 3b b3 34
    48 c7 b7 5e 3e aa 5d 91 1c 95 4c bb ac 8d 5b ab
    0d 87 06 ee e1 20 f9 04 aa 3e 24 71 40 2b ae 7e
    f0 33 53 50 84 88 88 98 6a 29 3f 2d 25 2f 0e c6
    ac 7b ca 82 b2 f8 34 17 68 4e 3e a2 41 6d 0c 7c
    56 d4 6b e0 1a 10 4a bb 08 9b 88 06 09 e2 82 6a
    93 51 67 d1 0a 73 43 1a d3 e9 6d 14 f8 7f d0 67
    5c 06 34 60 c9 8a 67 bf 7b 60 ee f2 2e 16 36 af
    1c 95 62 11 b6 23 77 c7 6e a6 37 10 3c 52 c6 1b
    0b 19 06 83 bd ae 81 76 9f 80 72 53 14 18 91 19
    14 22 dc 78 17 5b b4 bb b6 98 db 97 7c 46 d2 26
    c9 47 1a 9e a7 7d 8a 75 a1 f0 1a 6e cd bc 5f 4c
    48 b4 45 bb 6c 88 f1 33 eb 97 c5 71 99 7a 6c 04
    c0 71 04 3e 18 40 cb 69 f4 09 5d 01 95 e3 c1 36
    2e 31 ce 25 c3 6c c8 47 c7 8d 69 cb e3 42 ce 51
    d4 5e 30 fb ca b2 0c 95 09 1b 22 0d 28 8b 1e 88
    65 8c 14 9b a2 9a 3f ec 68 b8 65 a6 45 02 96 94
    46 51 31 42 b4 b8 d1 13 64 db 83 86 11 3b 96 b0
    f8 78 55 28 67 82 45 a7 68 fa 0e 0d 99 5a c1 68
    55 8c b3 a1 aa e3 72 ad 85 80 c5 2a 66 6b f3 25
    6c 91 c1 af fa 47 28 c9 c2 64 01 00 46 18 83 a2
    e0 89 b2 0c 91 b2 95 22 ea a9 01 5b 21 12 94 cc
    2f 1c 55 3a 64 60 b0 a4 ec c4 4c 68 88 b3 2a b8
    7f 3b 3e f8 77 77 10 e2 2c 8c 8b 4f 41 43 75 d4
    c8 1a c0 65 c4 6f 52 4a 9d 36 2e e6 98 92 89 d8
    8a b9 ea 07 8f 29 78 9c 15 8e 82 2a 4b 1b 19 af
    68 79 65 58 97 5a be 93 b0 f3 f2 8b 87 81 86 7e
    a6 7c 43 66 4a 92 6c aa 3f 9c 8d 5e fc 26 81 c3
    1e e6 0a 30 cb 86 55 42 48 a4 91 b0 bc 53 f7 c0
    2a d1 7b 25 d1 c8 95 74 8f c8 15 0d 1a f7 bd 1c
    25 70 23 2d 16 2a 8f 7e 2e 54 db 81 db 82 b2 02
    65 e7 ac 68 4d 5e 95 9a 88 5f bb 01 7c 66 22 b8
    1e 4c 25 ee f2 f8 55 bf fd f7 62 72 1a 79 ee 82
    33 1f 38 bd 6b b3 68 e5 10 85 95 1f fd ba 03 49
    5c 7e
<<< TLS 1.2, RecordHeader [length 0005]
    16 03 03 00 58
<<< TLS 1.3, Handshake [length 0058], ServerHello
    02 00 00 54 03 03 cf 21 ad 74 e5 9a 61 11 be 1d
    8c 02 1e 65 b8 91 c2 a2 11 16 7a bb 8c 5e 07 9e
    09 e2 c8 a8 33 9c 20 74 21 b3 07 94 9c 4c 4a 86
    88 72 7f c7 ce 84 cb a0 28 e5 9e 08 f2 ca 36 6f
    ac 3a 7c fe d0 88 0e 13 02 00 00 0c 00 2b 00 02
    03 04 00 33 00 02 00 1d
>>> TLS 1.2, RecordHeader [length 0005]
    14 03 03 00 01
>>> TLS 1.3, ChangeCipherSpec [length 0001]
    01
>>> TLS 1.2, RecordHeader [length 0005]
    16 03 03 01 22
>>> TLS 1.3, Handshake [length 0122], ClientHello
    01 00 01 1e 03 03 f9 b3 e3 a7 12 db 78 17 1f a5
    55 07 83 27 8d f3 24 61 95 21 31 cd 17 a2 95 78
    ae 68 d1 37 7e 2e 20 74 21 b3 07 94 9c 4c 4a 86
    88 72 7f c7 ce 84 cb a0 28 e5 9e 08 f2 ca 36 6f
    ac 3a 7c fe d0 88 0e 00 06 13 02 13 03 13 01 01
    00 00 cf 00 0b 00 04 03 00 01 02 00 0a 00 06 00
    04 11 ec 00 1d 00 23 00 00 00 16 00 00 00 17 00
    00 00 0d 00 76 00 74 09 05 09 06 09 04 04 03 05
    03 06 03 08 07 08 08 08 1a 08 1b 08 1c 08 09 08
    0a 08 0b 08 04 08 05 08 06 04 01 05 01 06 01 ff
    06 ff 07 ff 08 ff 09 fe d7 fe d8 fe d9 fe dc fe
    dd fe de fe da fe db fe df fe e0 fe b3 fe b4 fe
    b5 fe b6 fe b7 fe b8 fe b9 fe ba fe c2 fe c3 fe
    c4 ff 32 ff 36 ff 33 ff 37 ff 34 ff 38 ff 35 ff
    39 ff 22 ff 0e ff 1a ff 0f ff 1b 00 2b 00 03 02
    03 04 00 2d 00 02 01 01 00 33 00 26 00 24 00 1d
    00 20 0a 5e 99 da ca 2c 2a b2 38 81 3c f0 57 4b
    6d ab 01 b6 c9 01 e9 cb bf 43 ae 0b e1 e1 f3 de
    22 49
<<< TLS 1.2, RecordHeader [length 0005]
    14 03 03 00 01
<<< TLS 1.3, ChangeCipherSpec [length 0001]
    01
<<< TLS 1.2, RecordHeader [length 0005]
    16 03 03 00 7a
<<< TLS 1.3, Handshake [length 007a], ServerHello
    02 00 00 76 03 03 e1 1e 27 20 3d 09 4b 48 f0 99
    e7 3a 70 a9 b9 21 b8 14 8b fd 23 4a 7d 8d 0f e5
    80 dc d9 c5 45 ca 20 74 21 b3 07 94 9c 4c 4a 86
    88 72 7f c7 ce 84 cb a0 28 e5 9e 08 f2 ca 36 6f
    ac 3a 7c fe d0 88 0e 13 02 00 00 2e 00 2b 00 02
    03 04 00 33 00 24 00 1d 00 20 d4 d5 9d c3 d2 16
    21 70 eb 48 7d 8d 11 bf 53 42 9d 70 76 7b d8 25
    94 bd 64 2c ce cc 32 56 7b 6c
<<< TLS 1.2, RecordHeader [length 0005]
    17 03 03 00 21
>>> TLS 1.2, RecordHeader [length 0005]
    15 03 03 00 02
>>> TLS 1.3, Alert [length 0002], fatal bad_record_mac
    02 14
---
no peer certificate available
---
No client certificate CA names sent
Peer Temp Key: X25519, 253 bits
---
SSL handshake has read 264 bytes and written 1787 bytes
Verification: OK
---
New, TLSv1.3, Cipher is TLS_AES_256_GCM_SHA384
Protocol: TLSv1.3
This TLS version forbids renegotiation.
Compression: NONE
Expansion: NONE
No ALPN negotiated
Early data was not sent
Verify return code: 0 (ok)
---
Connecting to 127.0.0.1
SSL_connect:before SSL initialization
SSL_connect:SSLv3/TLS write client hello
SSL_connect:SSLv3/TLS write client hello
SSL_connect:SSLv3/TLS read server hello
SSL_connect:SSLv3/TLS write change cipher spec
SSL_connect:SSLv3/TLS write client hello
SSL_connect:SSLv3/TLS write client hello
SSL3 alert write:fatal:bad record mac
SSL_connect:error in error
407C7E02137D0000:error:0A000119:SSL routines:tls_get_more_records:decryption failed or bad record mac:ssl/record/methods/tls_common.c:868:
407C7E02137D0000:error:0A000139:SSL routines::record layer failure:ssl/record/rec_layer_s3.c:698:
