CONNECTED(00000003)
>>> TLS 1.0, RecordHeader [length 0005]
    16 03 01 05 c2
>>> TLS 1.3, Handshake [length 05c2], ClientHello
    01 00 05 be 03 03 92 69 4d a2 f4 63 0a c4 c5 0a
    0a 40 83 48 62 e6 b7 07 a9 0c 5f 81 0e 26 16 67
    3b 78 63 e7 c6 b5 20 51 b1 f7 03 e9 d5 cc 59 fd
    ae bc b8 7b af 5e bd 80 7b 67 a7 71 cf d2 35 dd
    03 f4 83 7b fc ce ee 00 06 13 02 13 03 13 01 01
    00 05 6f 00 0b 00 04 03 00 01 02 00 0a 00 06 00
    04 11 ec 00 1d 00 23 00 00 00 16 00 00 00 17 00
    00 00 0d 00 76 00 74 09 05 09 06 09 04 04 03 05
    03 06 03 08 07 08 08 08 1a 08 1b 08 1c 08 09 08
    0a 08 0b 08 04 08 05 08 06 04 01 05 01 06 01 ff
    06 ff 07 ff 08 ff 09 fe d7 fe d8 fe d9 fe dc fe
    dd fe de fe da fe db fe df fe e0 fe b3 fe b4 fe
    b5 fe b6 fe b7 fe b8 fe b9 fe ba fe c2 fe c3 fe
    c4 ff 32 ff 36 ff 33 ff 37 ff 34 ff 38 ff 35 ff
    39 ff 22 ff 0e ff 1a ff 0f ff 1b 00 2b 00 03 02
    03 04 00 2d 00 02 01 01 00 33 04 c6 04 c4 11 ec
    04 c0 d9 eb c9 f2 77 5f 60 7c 7d fb 24 92 1b f5
    aa ea 42 93 5e 00 5e 42 e4 7c e6 6a 0e ef 06 83
    37 7c 8f e5 62 30 5b 51 4b 65 e7 b5 37 39 ce 1b
    e1 73 91 a3 18 95 91 4a e9 f1 0d 21 86 38 34 41
    27 33 e2 4e 4d 69 22 79 52 54 98 eb 10 03 81 b7
    b8 0c b1 e0 4a 51 9a d0 a3 99 41 cf 91 ca 4c fc
    23 c1 8c 63 14 c5 aa c4 5a 4a a8 0a 05 81 39 97
    94 85 63 1f 34 66 0e 74 88 55 9a 23 ae 34 44 a0
    e2 47 32 1e e1 31 5e 9c 75 4a 42 c6 b4 d6 3a 28
    7a 0e 73 86 30 28 b4 75 62 3b 2b b2 08 54 c9 ca
    c1 3d 65 7e 84 92 99 b5 65 95 72 74 48 d8 fa a2
    db 8c 32 23 a3 3c b2 c6 53 90 43 71 61 db 48 be
    35 03 34 b7 ab 46 e4 ad 67 03 be 89 b4 c6 ec b3
    99 b2 17 47 bc 1b 18 3a d7 33 c3 a6 b5 8e a7 6d
    9d 2b 3c 39 d1 36 fa b9 16 59 9b cd 6d 7b 57 f7
    1c 2d dd 4c 71 5d 59 92 95 69 1c 75 c2 49 03 53
    b0 02 a7 70 d5 e8 45 2e 35 3b 28 18 2a 91 61 5f
    4a b7 96 3a a0 00 7d d0 88 89 b7 00 77 01 32 9d
    a7 4a a3 80 06 93 9b 34 83 d2 4a 7a 6c 47 25 f1
    3a 7f f3 36 7f ca 02 3c 82 48 7a b4 9a 48 59 9b
    0c 7c 3e c1 12 0b e0 55 bf 81 f1 49 32 45 42 08
    c6 18 ef 07 88 cb d5 b4 41 86 85 bd 52 2d 49 db
    3a 75 57 34 bf d7 5d f5 94 17 5b 90 a6 8b 54 8f
    65 04 87 31 a6 27 6b 45 56 a6 e9 54 14 84 47 7a
    76 bd 81 34 54 7b bb 45 94 35 7a d8 62 98 28 56
    7c 9a 52 7c 11 e6 89 68 28 9f 17 b7 a5 d4 b7 83
    1f fc 1c ad 15 13 22 74 44 80 a8 58 af d8 66 41
    d7 a1 16 b7 3d ee 1b 8e 4e 31 41 f8 79 44 10 90
    13 07 8c a2 43 d7 1a 9c a6 62 41 93 37 cb 64 88
    94 30 06 c1 db 41 c2 41 74 21 90 c8 10 cc bf 9b
    66 50 e1 02 5d 9c 6b 77 6b 88 0e bb 5b 22 95 85
    0a b3 51 19 cb d2 23 a2 04 a4 92 4b cc 55 4a 60
    78 3a 3e d4 d3 a5 00 ba cb ad 2a 36 9a 9a ad 2e
    44 82 b4 64 69 5a 9b cb 0c 1a 8b 00 fc 03 8c 35
    9f 78 b8 69 82 b3 4d 35 84 23 8d 33 22 8b 54 95
    5a a8 68 aa 02 21 63 51 16 65 ba 8b 22 82 90 28
    20 c8 55 78 ba 00 76 71 34 74 96 ee 38 15 ea 59
    b1 83 d5 cb ff e2 7c 37 41 c2 96 f0 11 ab f9 58
    82 30 00 04 6b b3 49 90 4c 84 79 2e 86 5c c9 77
    01 7d a5 62 79 b2 83 62 02 2a 1f da da b0 b0 4a
    5f 63 f8 cb 6f 61 3c d0 96 8e d7 37 41 d3 f2 86
    23 4b 56 92 d6 47 c6 b0 66 c0 92 75 53 f6 9a 55
    88 46 f4 2a aa d6 fc 9e 4e a7 89 45 72 a9 86 53
    c6 30 fb 42 ef 29 bc e5 fc c8 36 7c 4b 18 3a 6b
    eb f9 b5 ca 31 5d 75 49 0b fc 2a 04 d2 43 38 2c
    1a 9c 96 1b 62 21 21 aa a3 ea 94 98 a0 5b cd aa
    81 96 77 b5 60 f2 4f 33 a4 51 84 f8 1b 72 21 ab
    59 78 a7 60 13 20 81 ab 6e 60 3a 46 da fa ab a8
    b0 16 e5 e2 64 73 e5 55 cc 40 4d b2 10 11 43 16
    64 9d 76 7f 4b 0c 29 8a 81 ae c1 15 34 b4 b8 0e
    f7 ec 42 fc 5c cb 39 c9 0b 59 b6 9e fb 53 59 a9
    c8 ba 8c c1 5f 39 fb 7e bd 35 3b a6 75 1a bf 89
    0e d3 19 a7 bd 27 be a8 cc a6 3d 39 40 c9 34 33
    0c bb 99 59 66 94 34 a4 86 ec 57 35 4f 3c 8f 18
    37 5d e8 22 88 d9 18 ad 6f c1 0b 66 88 9a f3 fc
    c7 2f a7 5d 54 27 7d 7d 29 45 68 39 b7 cb 01 82
    1a 89 7a 57 f5 02 58 89 39 33 84 5a e3 e3 41 e8
    b4 bc 6e 76 cf 4b 56 14 fc 8b 8d 68 b5 3f 1f c7
    7e 2a 79 c4 95 65 90 c8 da 4d ba 60 a8 83 b6 90
    35 56 6c 5a 61 47 00 e0 ad 48 b5 95 d1 16 c3 e7
    c1 66 0e 30 cf cb 83 a4 c9 3c 25 08 67 7d 23 2c
    60 11 d8 b9 28 ba 9e d3 03 2c 8f 6c b9 bb e4 9e
    a5 83 3f a3 66 57 0a a0 51 e3 03 a6 65 15 6d 9e
    44 a3 65 27 19 cc 8a 6a 9b e0 93 0f 01 0b d7 13
    1a 7d 12 20 32 a0 92 9f a9 20 d5 2c 54 70 19 35
    76 e3 aa f9 10 1d 4d 0b b2 d6 59 90 8a 78 64 d9
    c4 31 09 7a 19 41 56 19 ba f9 9a 60 e9 9f 27 e1
    17 1c 37 bd b3 0a b9 48 59 af fa 71 3a 58 57 a0
    84 33 17 cb e7 ce 78 ac af ea 66 a8 02 73 41 c7
    29 13 3a 53 2c f5 67 2f 57 75 a6 88 14 15 00 b9
    71 dd 43 19 bf 8b a9 46 82 1f 83 68 ab 60 1c ba
    c5 38 35 a8 f9 b5 2f 56 86 48 74 49 63 a1 ce 23
    71 57 aa 35 d5 cc 31 32 e4 40 c8 bc 46 c7 4b 9f
    5d 6c 85 22 fb 28 b2 e4 f7 3b d8 29 a7 90 a7 09
    85 b7 14 68 96 89 e6 60 be 9a 77 6d 96 8c db 3b
    f7 dc 87 bf 1a 94 c7 3c 4f dd e8 a7 4e 23 c1 02
    bc 20
<<< TLS 1.2, RecordHeader [length 0005]
    16 03 03 00 58
<<< TLS 1.3, Handshake [length 0058], ServerHello
    02 00 00 54 03 03 cf 21 ad 74 e5 9a 61 11 be 1d
    8c 02 1e 65 b8 91 c2 a2 11 16 7a bb 8c 5e 07 9e
    09 e2 c8 a8 33 9c 20 51 b1 f7 03 e9 d5 cc 59 fd
    ae bc b8 7b af 5e bd 80 7b 67 a7 71 cf d2 35 dd
    03 f4 83 7b fc ce ee 13 02 00 00 0c 00 2b 00 02
    03 04 00 33 00 02 00 1d
>>> TLS 1.2, RecordHeader [length 0005]
    14 03 03 00 01
>>> TLS 1.3, ChangeCipherSpec [length 0001]
    01
>>> TLS 1.2, RecordHeader [length 0005]
    16 03 03 01 22
>>> TLS 1.3, Handshake [length 0122], ClientHello
    01 00 01 1e 03 03 92 69 4d a2 f4 63 0a c4 c5 0a
    0a 40 83 48 62 e6 b7 07 a9 0c 5f 81 0e 26 16 67
    3b 78 63 e7 c6 b5 20 51 b1 f7 03 e9 d5 cc 59 fd
    ae bc b8 7b af 5e bd 80 7b 67 a7 71 cf d2 35 dd
    03 f4 83 7b fc ce ee 00 06 13 02 13 03 13 01 01
    00 00 cf 00 0b 00 04 03 00 01 02 00 0a 00 06 00
    04 11 ec 00 1d 00 23 00 00 00 16 00 00 00 17 00
    00 00 0d 00 76 00 74 09 05 09 06 09 04 04 03 05
    03 06 03 08 07 08 08 08 1a 08 1b 08 1c 08 09 08
    0a 08 0b 08 04 08 05 08 06 04 01 05 01 06 01 ff
    06 ff 07 ff 08 ff 09 fe d7 fe d8 fe d9 fe dc fe
    dd fe de fe da fe db fe df fe e0 fe b3 fe b4 fe
    b5 fe b6 fe b7 fe b8 fe b9 fe ba fe c2 fe c3 fe
    c4 ff 32 ff 36 ff 33 ff 37 ff 34 ff 38 ff 35 ff
    39 ff 22 ff 0e ff 1a ff 0f ff 1b 00 2b 00 03 02
    03 04 00 2d 00 02 01 01 00 33 00 26 00 24 00 1d
    00 20 8d 7a 13 9e d6 d6 f0 92 3d a4 06 ab 57 70
    2a e9 ee db ce 45 89 33 fd 1b 7d f0 1d b4 6b 98
    46 79
<<< TLS 1.2, RecordHeader [length 0005]
    14 03 03 00 01
<<< TLS 1.3, ChangeCipherSpec [length 0001]
    01
<<< TLS 1.2, RecordHeader [length 0005]
    16 03 03 00 7a
<<< TLS 1.3, Handshake [length 007a], ServerHello
    02 00 00 76 03 03 eb de 95 2c 81 53 b9 0d 27 e0
    25 4f bc 84 ab f1 e4 1c f0 3d 70 7e 99 b1 38 f9
    ff 61 3f 9d 0a 1a 20 51 b1 f7 03 e9 d5 cc 59 fd
    ae bc b8 7b af 5e bd 80 7b 67 a7 71 cf d2 35 dd
    03 f4 83 7b fc ce ee 13 02 00 00 2e 00 2b 00 02
    03 04 00 33 00 24 00 1d 00 20 1a 59 e2 74 e8 9a
    b6 49 f5 76 d7 14 fd 94 41 29 0e 92 c3 da a7 8f
    3d 99 94 00 38 86 e2 17 7b 5f
<<< TLS 1.2, RecordHeader [length 0005]
    17 03 03 00 21
>>> TLS 1.2, RecordHeader [length 0005]
    15 03 03 00 02
>>> TLS 1.3, Alert [length 0002], fatal bad_record_mac
    02 14
---
no peer certificate available
---
No client certificate CA names sent
Peer Temp Key: X25519, 253 bits
---
SSL handshake has read 264 bytes and written 1787 bytes
Verification: OK
---
New, TLSv1.3, Cipher is TLS_AES_256_GCM_SHA384
Protocol: TLSv1.3
This TLS version forbids renegotiation.
Compression: NONE
Expansion: NONE
No ALPN negotiated
Early data was not sent
Verify return code: 0 (ok)
---
Connecting to 127.0.0.1
SSL_connect:before SSL initialization
SSL_connect:SSLv3/TLS write client hello
SSL_connect:SSLv3/TLS write client hello
SSL_connect:SSLv3/TLS read server hello
SSL_connect:SSLv3/TLS write change cipher spec
SSL_connect:SSLv3/TLS write client hello
SSL_connect:SSLv3/TLS write client hello
SSL3 alert write:fatal:bad record mac
SSL_connect:error in error
406C1268687A0000:error:0A000119:SSL routines:tls_get_more_records:decryption failed or bad record mac:ssl/record/methods/tls_common.c:868:
406C1268687A0000:error:0A000139:SSL routines::record layer failure:ssl/record/rec_layer_s3.c:698:
