CONNECTED(00000003)
>>> TLS 1.0, RecordHeader [length 0005]
    16 03 01 05 c2
>>> TLS 1.3, Handshake [length 05c2], ClientHello
    01 00 05 be 03 03 fd 83 54 4d d7 2e c3 b7 1b 01
    f4 f4 02 0a e4 83 03 fd 87 8c 69 53 51 99 1c 12
    fb 5a 6b b8 cf b2 20 a5 b3 58 43 10 b9 ef da 9f
    d6 f4 d1 55 51 0d c3 68 ab a3 38 37 e2 1f c2 e7
    98 fe f3 18 14 ce 38 00 06 13 02 13 03 13 01 01
    00 05 6f 00 0b 00 04 03 00 01 02 00 0a 00 06 00
    04 11 ec 00 1d 00 23 00 00 00 16 00 00 00 17 00
    00 00 0d 00 76 00 74 09 05 09 06 09 04 04 03 05
    03 06 03 08 07 08 08 08 1a 08 1b 08 1c 08 09 08
    0a 08 0b 08 04 08 05 08 06 04 01 05 01 06 01 ff
    06 ff 07 ff 08 ff 09 fe d7 fe d8 fe d9 fe dc fe
    dd fe de fe da fe db fe df fe e0 fe b3 fe b4 fe
    b5 fe b6 fe b7 fe b8 fe b9 fe ba fe c2 fe c3 fe
    c4 ff 32 ff 36 ff 33 ff 37 ff 34 ff 38 ff 35 ff
    39 ff 22 ff 0e ff 1a ff 0f ff 1b 00 2b 00 03 02
    03 04 00 2d 00 02 01 01 00 33 04 c6 04 c4 11 ec
    04 c0 2d 8a 25 ab f1 5c eb 82 56 da 26 2c ff a1
    20 f6 86 90 10 83 0f 3b 12 41 12 52 5d 5d 55 c7
    71 5a 81 72 b3 44 be 7b bc a3 30 98 2e a2 16 9a
    c8 0d ce eb 10 19 f4 22 63 c2 a5 db 54 ab 09 96
    63 a7 c4 1c bf e2 99 be e4 5d b5 86 0d cd d4 05
    e3 07 05 fd 6a 5f 78 3b 9b 7e f4 31 02 36 88 46
    74 8a 5c 10 9d 23 2b a0 a4 d3 02 63 67 32 86 3b
    11 94 bb 46 09 15 b5 64 42 0e 49 f7 14 86 d8 57
    7a e8 0e 6f 57 28 b7 91 38 a0 36 45 b1 66 22 79
    74 25 6b f0 7a b8 e2 71 20 48 54 2e d1 23 8c 17
    51 45 f7 03 4a 30 4f bc 55 4f 89 22 60 6c 36 4f
    4d f8 86 a9 c4 6e f3 4a c6 e7 02 5b 6b 8a 93 eb
    44 bb 0a e2 43 b8 67 65 15 c4 0a e8 ac 57 bf 41
    6c eb 92 51 76 f1 bb 7d a1 39 0d c8 88 73 81 3f
    8d 1b af f7 a6 aa 2c 64 8d 6b b4 a6 d3 74 53 44
    7a c2 2c 73 07 a7 32 8b 83 68 37 d1 07 a8 47 00
    18 2c f2 44 e5 47 bd 8a 14 a4 f2 ec 2f e9 44 b5
    17 d5 8f be ac c1 cc 65 ab e8 55 c5 11 f2 00 9a
    f9 1f 8f c6 47 74 d4 97 18 60 2f 14 65 ca 86 c8
    84 1e 51 07 c2 da 0b f9 6b 85 9c 2a c3 da 61 96
    37 42 ce ef c5 8b 1e 98 1f e6 80 69 ee 96 6d 51
    92 b2 30 5b 5c b8 06 bf da d3 74 26 db 72 c7 e3
    88 13 76 8b dc 83 4e 84 90 3d b8 c4 9e 22 f5 38
    65 4c 55 ae 72 8f af f2 88 16 8a 2d 03 f5 c2 f9
    d9 5f e4 0b c5 57 16 09 8f 98 7a f7 19 85 a8 23
    a9 8a 3b 79 e1 80 c2 c2 a9 22 33 e8 6b 19 6b 56
    1a 26 23 d3 f2 53 24 54 87 66 96 28 fb 55 8d 27
    e8 2a ee 7a 8f b4 e7 23 b8 c2 1f 82 53 3a b5 d8
    39 3f 41 56 20 75 64 73 72 c8 f4 4a 14 99 00 36
    b2 08 8b 0b 10 a1 d0 74 2f 7c d9 c9 dc d9 ce 63
    d7 95 36 65 04 9e 68 89 e6 e6 4c a1 3c 86 e8 95
    1f e4 b5 2d 5d f1 bf 4c 76 bd 2f 94 91 6a 54 36
    c1 1c 10 94 14 b0 0b 4b 42 d2 5a ce ef 99 03 1a
    7b 17 8b 20 3b 6e 58 96 6f 31 4f 4e 23 3a 1a 45
    6e b7 b0 01 d1 67 66 b8 48 0e 07 27 0a 3d c4 45
    7f b5 3e 8a c9 65 45 d2 be 28 94 12 6b a5 15 77
    4b 9f 8e 2c cb 37 e7 5a b5 f9 b0 83 7a c0 4a 89
    a2 a8 c0 b8 91 83 29 61 65 a8 3c fb 3c 97 f8 16
    cf e1 7e f9 d9 45 e8 26 5f d5 03 63 62 4c cd 6e
    81 50 61 38 71 76 7b 1f 04 73 07 51 66 b6 08 fa
    3d a8 9b 45 e6 60 12 55 23 77 91 43 a3 da f9 6e
    76 85 4c 64 e4 7e 5a dc 90 a4 73 6c d6 da 5c cf
    44 39 0d a3 be d1 67 ab 88 70 0e 31 56 5b e5 da
    7c 38 e5 0b c0 01 ce 9c fa 3f b4 b7 67 74 bc 48
    bf 3c bd 35 f0 74 73 21 ca 9d f3 7b 35 b6 aa 9e
    3a 43 45 76 65 a4 25 cf 2d a5 a4 65 96 4b 8e 80
    33 c1 01 9d 91 b6 63 2a 93 b8 e7 e6 85 49 e7 2a
    20 67 b0 bd 43 3d 02 35 15 4e bb 42 91 ea 7e 08
    b6 8a a9 59 8b ba 30 a4 e6 4b 09 4f 6b 37 c9 86
    94 ec 1b 2e cd 21 19 25 25 85 9e d8 56 eb fc 10
    b3 a1 a2 48 4b 1c 51 97 5b 9a b6 ca c0 ca 5d ee
    11 6e 36 c6 04 1e f1 6b 4b 60 80 e8 18 bc 35 d4
    77 d6 b1 b6 d0 2c 08 61 c0 ca 9b d0 38 b5 15 c2
    1b 98 b3 92 3b a5 03 f4 02 02 60 18 81 32 27 ee
    f0 ca a9 d0 67 c1 02 5f b4 e3 c9 98 e1 29 29 63
    ba 9a 41 b0 a8 5b 14 85 5a cb 5b e8 42 eb e0 71
    52 f3 33 6b c2 98 15 a2 7d dd 6a c4 9e 37 a9 ad
    37 03 47 45 a5 ca b4 ac f4 0a c1 55 6b 1f 04 a0
    06 74 7a ce b2 04 99 2a 92 15 61 21 6f 43 74 bd
    85 89 5f 98 39 ac d4 0a a4 cd 14 bf 0e e8 af 28
    b7 5b ef 7c cc e6 42 35 a5 a2 33 24 0b 42 9c 1a
    86 72 96 c2 9c b9 88 38 a7 03 f1 ca cd 8a ea 8c
    f9 c3 b7 1a d2 c3 0e 0c 92 46 e8 ae 08 59 50 e7
    a6 b9 de 06 80 50 7b ad 14 93 62 28 44 53 d5 d5
    7f b4 78 82 5c b2 61 4e ba 30 3d 65 06 b2 90 54
    02 64 5a 9e 50 53 1e e6 54 7d 1c 39 48 56 5e 99
    47 56 29 27 7c 87 85 56 de a9 1c 98 49 04 7f e1
    cc 93 ea 6e 51 14 af b8 73 16 01 23 70 f2 d6 67
    25 19 0d 48 9a 5e 0d 28 4f 06 15 01 0e 0a bd 4e
    ba 50 d7 61 7e ce 78 65 75 1c 9d 99 ba a0 57 ac
    08 4f 95 50 dd 04 25 c1 9b 46 b9 5c 01 9d 74 53
    c0 23 35 98 14 a4 67 56 b5 ec bb 5b e7 92 18 2f
    22 00 7b ab 1b 31 bd 9d b2 0d 2f d3 de 8b 9f e1
    25 9d 8c 31 b6 bf 8d 2e e1 c7 22 a6 d1 0a ad de
    97 c9 84 ab 7f e4 ef 07 32 89 e3 05 5a 96 e4 92
    78 0a 33 69 43 c9 fc 86 9f f7 de 5d 09 41 ad 8a
    fe 00
<<< TLS 1.2, RecordHeader [length 0005]
    16 03 03 04 ba
<<< TLS 1.3, Handshake [length 04ba], ServerHello
    02 00 04 b6 03 03 18 3a 1e f4 33 52 0d 19 0a ad
    80 94 3f 0b e9 59 38 11 c7 9d 1a 08 16 94 c1 80
    49 9a 12 fd e5 95 20 a5 b3 58 43 10 b9 ef da 9f
    d6 f4 d1 55 51 0d c3 68 ab a3 38 37 e2 1f c2 e7
    98 fe f3 18 14 ce 38 13 02 00 04 6e 00 2b 00 02
    03 04 00 33 04 64 11 ec 04 60 52 a6 d2 56 b9 aa
    9a 10 4d bd db f1 6b 64 0a 84 27 c6 ca ab 5b 8d
    93 97 22 aa 2c 6b b8 19 65 20 e2 4a 84 90 fe 73
    8a f5 be 1d dc 85 f8 0a 95 ba 01 14 1d 88 55 f4
    d7 3c 04 92 54 c8 45 02 6c 3a f0 60 4d 94 42 35
    33 13 f8 76 24 21 c3 e1 aa 39 d8 66 e7 5a 5d 3f
    69 33 c2 dd 59 f4 7d a0 11 aa 89 54 d0 f2 96 1d
    50 96 60 28 04 a4 ad 98 ec 69 70 71 b5 8a a7 da
    07 3f 99 8c d4 b2 94 9a 3c 40 61 27 29 46 5b 71
    66 86 ce 9c d4 ab dd 7f 05 be 0d 15 76 f9 0f fb
    56 2f 3f 19 2e ff bc 33 82 20 31 58 6e 47 14 a5
    6b 4e 4c 60 48 49 2d 13 f8 10 9e b0 5c 78 8b a6
    cc fd 4f c5 2e 19 57 c0 26 ce 42 67 3c 72 14 f4
    5a 3b c1 31 77 2b f5 c6 60 23 90 40 13 f0 44 c1
    44 89 a9 9e 76 75 40 38 a3 91 19 01 1f 68 62 c7
    17 6b 48 d1 26 0b 3b 36 1b 27 7e 8d 13 db 5b 08
    30 96 02 b7 84 cb af 1f 76 51 4f bd 4f 1d 15 13
    5a 28 31 45 8c 33 8d 93 da 7f 09 8c e1 05 4b 31
    11 88 4a 11 26 ad 24 87 15 81 8e f7 c9 dc d1 44
    2f 15 50 a9 22 a0 d6 70 e7 8c 0b bc 25 39 6c 9d
    80 0f a8 aa 6e ba 19 9e 82 8e d6 6c 29 fb c6 17
    47 11 27 8f e2 b4 9a 3c 23 a2 3b 1e eb e6 b1 54
    a4 ad cd 15 24 f2 9e 5f 71 77 c8 3e a4 98 9a 3f
    e8 e5 a2 97 d4 c4 66 5b d2 aa 36 15 4f 13 cb 67
    05 15 19 87 ac f3 52 5e d7 29 56 2d c5 e9 d7 c3
    1a 1c 96 f0 00 3f ab 0f 77 39 7a ae ac 46 c5 7d
    01 9a 83 52 da 4e 50 08 38 aa a5 53 0e 29 0a 12
    b9 e4 e1 57 ef 60 84 5d c9 8f 2e 9d e5 a4 56 60
    fb e3 89 99 45 42 e0 89 ec f2 13 46 da 9f 82 a9
    4a 44 52 f7 29 1b 6a 26 45 e7 2a 94 e5 28 62 5a
    dc 5a df fe d5 ba 70 46 fa 88 93 74 4e 7f 13 53
    25 22 9a 8c 2b 59 43 5a 5c 00 85 51 60 29 76 5e
    86 56 1d 53 3c 96 2a 77 9c 4d 9c 85 41 76 e9 ee
    66 fe 1a 82 9e 3b 09 ac d2 cf 5d 46 27 35 24 80
    d1 8b 34 0f 19 84 cf a7 a0 0a 36 10 bb e6 38 2c
    75 f9 7e aa ec b4 f6 c5 9f e7 ef 93 b4 a6 d6 eb
    f9 9e fa ab 56 68 f8 c1 7a 2b 5c c3 eb 59 60 54
    d2 cd db 71 85 47 3a 37 ae 51 82 20 e2 ad cd 17
    87 b5 76 5b 14 73 8b c3 f9 e3 62 7f 8d 06 ce 6c
    6b a4 74 4a e7 55 d9 54 64 d1 f3 e9 1c 12 93 e4
    e0 99 a8 1d af 75 b0 a3 6b 75 43 23 d6 5b 87 d3
    55 f6 fb 79 55 66 25 35 06 92 aa f5 51 47 a5 15
    99 9c b9 d2 85 5a 9e e2 f4 00 82 6d 49 7d f8 75
    04 1f bc 2e e3 3a f8 42 f7 b1 83 38 e2 f0 e1 86
    ff d7 db 8b 24 7e f0 bd 84 77 95 5f eb f5 06 85
    99 d3 fb 9f bb 03 ed f2 f6 be 15 5e 77 d6 3f 29
    7f d5 9d d9 80 9f bd 83 75 39 b1 24 92 42 ae 8b
    25 5b af 17 2a 3d 01 4d b0 1c fc a2 36 f5 4a db
    c0 e6 7d bf 58 6c c5 d9 3a 5f 49 54 67 11 d6 95
    1a 33 11 18 19 28 ed 2d d7 3c ca 1e 56 e6 99 76
    0b 04 45 83 0d 74 0e 3f 71 ac 37 76 47 fc 06 3f
    2f 1a 1d 1c 94 6a 16 d8 bc eb 39 14 c3 c1 bf df
    c6 28 25 d0 a5 ca 30 0a cd 82 73 f7 af f7 b3 4a
    4d 2f 81 2a 0f 95 6b 08 23 ea c7 83 a3 fb 44 46
    13 9f 54 bd 22 57 1f 95 a3 dd 96 98 59 50 80 ce
    82 53 d1 44 79 b5 c9 5a d1 29 00 0c a7 40 de 7b
    c7 0b 44 5e 30 f6 3d 6c 8e 8e b8 76 0e 66 b0 a9
    81 5d 23 0d 80 3a b2 6a b3 82 ad c8 33 d8 03 d7
    dd 94 ec 3b a1 cc 6c af 0a f9 20 52 53 ea de 4b
    22 2f 3a a3 93 95 e2 13 85 78 c2 0b fc 2a 55 48
    1d 8d f3 d7 1f 17 47 14 d8 d8 27 52 b6 8b c8 b4
    0d da 2f 75 b4 0d 52 7a 90 1f 7a 0a c5 4e b1 c7
    ad bd 1f df e1 d3 84 20 6f 6c 31 0d e4 71 38 d7
    3d 72 11 fc 65 e2 e9 c7 33 c5 b3 9d f5 6f 3c 16
    31 ed 64 de bf ae 03 da 0d 52 55 0d b2 f1 f3 be
    37 8b cb 63 86 4e 74 6a 6c e4 96 f1 75 8c 04 75
    a0 e2 e8 0f 2e fa ff 62 b4 6f 36 f5 f7 c0 f9 fd
    f3 ad 12 60 61 55 d5 57 70 9a 1b 86 69 83 2f c7
    88 d6 92 a4 9a 5e e9 eb 38 29 81 eb 33 17 bd 31
    c6 d3 9b f3 a5 40 2a 1d 0d c4 08 a0 d0 0f 22 a1
    27 cb af 8d da 0b 45 90 df 3b
<<< TLS 1.2, RecordHeader [length 0005]
    14 03 03 00 01
<<< TLS 1.3, ChangeCipherSpec [length 0001]
    01
<<< TLS 1.2, RecordHeader [length 0005]
    17 03 03 00 17
<<< TLS 1.3, InnerContent [length 0001]
    16
<<< TLS 1.3, Handshake [length 0006], EncryptedExtensions
    08 00 00 02 00 00
<<< TLS 1.2, RecordHeader [length 0005]
    17 03 03 03 47
<<< TLS 1.3, InnerContent [length 0001]
    16
<<< TLS 1.3, Handshake [length 0336], Certificate
    0b 00 03 32 00 00 03 2e 00 03 29 30 82 03 25 30
    82 02 0d a0 03 02 01 02 02 01 02 30 0d 06 09 2a
    86 48 86 f7 0d 01 01 0b 05 00 30 12 31 10 30 0e
    06 03 55 04 03 0c 07 52 6f 6f 74 20 43 41 30 20
    17 0d 31 36 30 31 31 34 32 32 32 39 34 36 5a 18
    0f 32 31 31 36 30 31 31 35 32 32 32 39 34 36 5a
    30 19 31 17 30 15 06 03 55 04 03 0c 0e 73 65 72
    76 65 72 2e 65 78 61 6d 70 6c 65 30 82 01 22 30
    0d 06 09 2a 86 48 86 f7 0d 01 01 01 05 00 03 82
    01 0f 00 30 82 01 0a 02 82 01 01 00 d5 5d 60 6a
    df fc 61 ee 48 aa 8c 11 48 43 a5 6d b6 52 5d aa
    98 49 b1 61 92 35 b1 fc 3a 04 25 0c 6d 79 ff b4
    d5 c9 e9 5c 1c 3b e0 ab b3 b8 7d a3 de 6d bd e0
    dd d7 5a bf 14 47 11 42 5e a6 82 d0 61 c1 7f dd
    13 46 e6 09 85 07 0e f2 d4 fc 1a 64 d2 0a ad 20
    ab 20 6b 96 f0 ad cc c4 19 53 55 dc 01 1d a4 b3
    ef 8a b4 49 53 5d 8a 05 1c f1 dc e1 44 bf c5 d7
    e2 77 19 57 5c 97 0b 75 ee 88 43 71 0f ca 6c c1
    b4 b2 50 a7 77 46 6c 58 0f 11 bf f1 76 24 5a ae
    39 42 b7 51 67 29 e1 d0 55 30 6f 17 e4 91 ea ad
    f8 28 c2 43 6f a2 64 a9 fb 9d 98 92 62 48 3e eb
    0d 4f 82 4a 8a ff 3f 72 ee 96 b5 ae a1 c1 98 ba
    ef 7d 90 75 6d ff 5a 52 9e ab f5 c0 7e d0 87 43
    db 85 07 07 0f 7d 38 7a fd d1 d3 ee 65 1d d3 ea
    39 6a 87 37 ee 4a d3 e0 0d 6e f5 70 ac c2 bd f1
    6e f3 92 95 5e a9 f0 a1 65 95 93 8d 02 03 01 00
    01 a3 7d 30 7b 30 1d 06 03 55 1d 0e 04 16 04 14
    c0 e7 84 bf e8 59 27 33 10 b0 52 4f 51 52 2f 06
    d6 c0 7a cd 30 1f 06 03 55 1d 23 04 18 30 16 80
    14 70 7f 2e ae 83 68 59 98 04 23 2a cd eb 3e 17
    cd 24 dd 01 49 30 09 06 03 55 1d 13 04 02 30 00
    30 13 06 03 55 1d 25 04 0c 30 0a 06 08 2b 06 01
    05 05 07 03 01 30 19 06 03 55 1d 11 04 12 30 10
    82 0e 73 65 72 76 65 72 2e 65 78 61 6d 70 6c 65
    30 0d 06 09 2a 86 48 86 f7 0d 01 01 0b 05 00 03
    82 01 01 00 7b d3 04 43 75 8a 0f 11 ae c4 fb d7
    a1 a2 9e fe 20 18 d5 f4 2f 31 88 46 b6 75 8c ee
    e5 9b 97 a6 b9 a3 cd 60 9a 46 c3 48 97 e5 97 68
    f7 5a 86 35 73 d9 69 9e f9 5f 74 b9 e6 94 13 01
    cb 6a dc e3 c4 04 e9 65 da 9c a4 8b 28 f3 f9 9a
    7f bf 97 1f 45 92 e5 05 b1 56 e6 0b f6 47 de 1e
    89 b6 2b e1 4d df 4a 7e 01 d3 23 dc 97 8c 47 fe
    5f c7 cc 98 46 0e c4 83 5b ca 8a f1 52 09 be 6b
    ec 3f 09 8b d0 93 02 bf e1 51 e7 d1 7e 34 56 19
    74 d0 ff 28 25 de b7 9f 56 52 91 7d 20 29 85 0a
    80 44 5f 71 32 25 71 0f c2 16 e2 5f 6b 1d 3f 32
    5b 0a 3c 74 1c b9 62 f1 ed 07 50 a3 6d b4 b4 31
    0a c0 53 44 6a 3a 88 84 8b 2d a9 b0 37 8e e6 18
    36 bd 9a 20 40 0f 01 92 8b 3d aa 61 e7 ae 2c ed
    36 cd 3a 07 86 74 3a 29 b3 d7 3a b4 00 a9 c2 f5
    92 78 0e e2 0f a3 fe bb be e0 06 53 84 59 1d 90
    69 e5 b6 f9 00 00
<<< TLS 1.2, RecordHeader [length 0005]
    17 03 03 01 19
<<< TLS 1.3, InnerContent [length 0001]
    16
<<< TLS 1.3, Handshake [length 0108], CertificateVerify
    0f 00 01 04 08 04 01 00 84 f7 ce 2d 1e de be 1a
    aa 4d a6 b4 72 ff 6d 77 b4 52 77 ed cb b0 35 93
    7b f8 79 5e 34 12 98 6e 9f 40 68 10 70 ed 81 d8
    a5 2c 56 65 dd 1d e3 2c 0d df f7 2a 26 ee 6c 37
    dc a1 5c ce db 52 be 78 10 5f 03 17 35 1e 29 13
    4d 54 d5 61 13 e1 69 fc ae f2 3a 83 e5 fc 2a b0
    d8 65 2e 2f bf ca a4 52 93 dc 4f 61 da ae fd ee
    c6 89 bc d9 c1 ab a8 04 a9 a4 3a 01 39 bb 69 fd
    d9 47 35 18 7c 6e 36 e8 56 fe d2 1b 33 5a 7f ca
    50 9a 21 a0 a3 e0 60 dc d1 3f 03 b4 28 4e 5e e9
    5a cb 10 a0 e3 63 39 f9 ca 78 49 bd 8a e9 ee 61
    48 74 a5 87 5a 40 57 07 64 89 1a bc 01 64 26 75
    5a e9 3c 08 f5 57 5c 77 11 5c 98 b2 0e 6e 9c d1
    3e 39 d8 29 fa 90 2a 46 53 fa 86 bb 1d 3a 71 81
    80 b6 40 16 72 41 9e 65 63 32 88 26 33 da 35 d0
    c3 b1 f5 3b 54 41 d7 53 44 96 f4 70 7e a4 fe 63
    0b e4 ee 76 01 cd 7a d4
<<< TLS 1.2, RecordHeader [length 0005]
    17 03 03 00 45
<<< TLS 1.3, InnerContent [length 0001]
    16
<<< TLS 1.3, Handshake [length 0034], Finished
    14 00 00 30 fc 5d a1 e6 e2 86 63 9f 41 20 25 f6
    39 cc 70 11 2f e3 fa ae 3f 5f 1a a9 42 0c bf 94
    ee 67 16 4a c5 e2 65 50 10 44 0d 32 bf a5 24 b0
    9b 0e 6a 7b
>>> TLS 1.2, RecordHeader [length 0005]
    14 03 03 00 01
>>> TLS 1.3, ChangeCipherSpec [length 0001]
    01
>>> TLS 1.2, RecordHeader [length 0005]
    17 03 03 00 45
>>> TLS 1.2, InnerContent [length 0001]
    16
>>> TLS 1.3, Handshake [length 0034], Finished
    14 00 00 30 64 0c c9 9d ba 29 ca 15 6c 9d 18 53
    50 65 fa 92 34 fd ce 51 d4 0e 83 e7 67 b9 fd 03
    6d d8 e6 cf b2 05 76 b6 09 9f 52 4c f3 6d ed 64
    94 8a 67 b7
---
Certificate chain
 0 s:CN=server.example
   i:CN=Root CA
   a:PKEY: RSA, 2048 (bit); sigalg: sha256WithRSAEncryption
   v:NotBefore: Jan 14 22:29:46 2016 GMT; NotAfter: Jan 15 22:29:46 2116 GMT
---
Server certificate
-----BEGIN CERTIFICATE-----
MIIDJTCCAg2gAwIBAgIBAjANBgkqhkiG9w0BAQsFADASMRAwDgYDVQQDDAdSb290
IENBMCAXDTE2MDExNDIyMjk0NloYDzIxMTYwMTE1MjIyOTQ2WjAZMRcwFQYDVQQD
DA5zZXJ2ZXIuZXhhbXBsZTCCASIwDQYJKoZIhvcNAQEBBQADggEPADCCAQoCggEB
ANVdYGrf/GHuSKqMEUhDpW22Ul2qmEmxYZI1sfw6BCUMbXn/tNXJ6VwcO+Crs7h9
o95tveDd11q/FEcRQl6mgtBhwX/dE0bmCYUHDvLU/Bpk0gqtIKsga5bwrczEGVNV
3AEdpLPvirRJU12KBRzx3OFEv8XX4ncZV1yXC3XuiENxD8pswbSyUKd3RmxYDxG/
8XYkWq45QrdRZynh0FUwbxfkkeqt+CjCQ2+iZKn7nZiSYkg+6w1PgkqK/z9y7pa1
rqHBmLrvfZB1bf9aUp6r9cB+0IdD24UHBw99OHr90dPuZR3T6jlqhzfuStPgDW71
cKzCvfFu85KVXqnwoWWVk40CAwEAAaN9MHswHQYDVR0OBBYEFMDnhL/oWSczELBS
T1FSLwbWwHrNMB8GA1UdIwQYMBaAFHB/Lq6DaFmYBCMqzes+F80k3QFJMAkGA1Ud
EwQCMAAwEwYDVR0lBAwwCgYIKwYBBQUHAwEwGQYDVR0RBBIwEIIOc2VydmVyLmV4
YW1wbGUwDQYJKoZIhvcNAQELBQADggEBAHvTBEN1ig8RrsT716Ginv4gGNX0LzGI
RrZ1jO7lm5emuaPNYJpGw0iX5Zdo91qGNXPZaZ75X3S55pQTActq3OPEBOll2pyk
iyjz+Zp/v5cfRZLlBbFW5gv2R94eibYr4U3fSn4B0yPcl4xH/l/HzJhGDsSDW8qK
8VIJvmvsPwmL0JMCv+FR59F+NFYZdND/KCXet59WUpF9ICmFCoBEX3EyJXEPwhbi
X2sdPzJbCjx0HLli8e0HUKNttLQxCsBTRGo6iISLLamwN47mGDa9miBADwGSiz2q
YeeuLO02zToHhnQ6KbPXOrQAqcL1kngO4g+j/ru+4AZThFkdkGnltvk=
-----END CERTIFICATE-----
subject=CN=server.example
issuer=CN=Root CA
---
No client certificate CA names sent
Peer signing digest: SHA256
Peer signature type: rsa_pss_rsae_sha256
Negotiated TLS1.3 group: X25519MLKEM768
---
SSL handshake has read 2453 bytes and written 1559 bytes
Verification error: unable to verify the first certificate
---
New, TLSv1.3, Cipher is TLS_AES_256_GCM_SHA384
Protocol: TLSv1.3
Server public key is 2048 bit
This TLS version forbids renegotiation.
Compression: NONE
Expansion: NONE
No ALPN negotiated
Early data was not sent
Verify return code: 21 (unable to verify the first certificate)
---
<<< TLS 1.2, RecordHeader [length 0005]
    17 03 03 00 fa
<<< TLS 1.3, InnerContent [length 0001]
    16
<<< TLS 1.3, Handshake [length 00e9], NewSessionTicket
    04 00 00 e5 00 00 1c 20 4c 72 db 5c 08 00 00 00
    00 00 00 00 00 00 d0 bf c0 66 21 65 2d 17 6c 97
    fe 4d 47 bf ed 6c 1f 0b 30 0e 9d 17 0e 3a 52 23
    d4 42 88 7d a7 b3 ea 77 0b 9b 1c 86 1d 56 28 b2
    52 d1 94 f4 31 35 0d 19 72 e2 41 ee 83 df 13 24
    b6 2d 43 4e 2d dc 63 f3 c5 2b af 49 57 dd 37 47
    23 d4 14 d2 1e 18 b2 11 b8 01 18 86 93 83 a6 e7
    96 30 a4 ca ef 4d 06 69 48 01 ff 57 64 ba b6 57
    2b dd 91 63 c3 19 72 7d a0 7a e3 1f 4a f2 0c ed
    9b c3 b1 1e c6 38 4c b9 72 18 0b e6 56 e2 6b 3d
    95 80 ec 36 37 65 a8 6b 36 d3 8d ab 06 5b 2f 0b
    da c6 65 37 5d 02 96 15 fd f6 10 2d 8b 92 cd 1d
    49 f9 30 ef 59 b2 a8 f9 75 90 c3 e0 de f7 70 5f
    c2 64 f0 80 40 75 20 5f aa 91 59 44 ec 96 54 eb
    e7 d9 9c f4 f7 e3 1a 00 00
---
Post-Handshake New Session Ticket arrived:
SSL-Session:
    Protocol  : TLSv1.3
    Cipher    : TLS_AES_256_GCM_SHA384
    Session-ID: CA178A6BABAB17FEF4521329A891B05CF35106C43740872475C5F441C6009341
    Session-ID-ctx: 
    Resumption PSK: FBED8CE5F0ABF9C18CBDE0710C80E2F3DBA025A019E7968B35B011CE80BA896E798ADC1C64777804981FB5844A77D620
    PSK identity: None
    PSK identity hint: None
    SRP username: None
    TLS session ticket lifetime hint: 7200 (seconds)
    TLS session ticket:
    0000 - bf c0 66 21 65 2d 17 6c-97 fe 4d 47 bf ed 6c 1f   ..f!e-.l..MG..l.
    0010 - 0b 30 0e 9d 17 0e 3a 52-23 d4 42 88 7d a7 b3 ea   .0....:R#.B.}...
    0020 - 77 0b 9b 1c 86 1d 56 28-b2 52 d1 94 f4 31 35 0d   w.....V(.R...15.
    0030 - 19 72 e2 41 ee 83 df 13-24 b6 2d 43 4e 2d dc 63   .r.A....$.-CN-.c
    0040 - f3 c5 2b af 49 57 dd 37-47 23 d4 14 d2 1e 18 b2   ..+.IW.7G#......
    0050 - 11 b8 01 18 86 93 83 a6-e7 96 30 a4 ca ef 4d 06   ..........0...M.
    0060 - 69 48 01 ff 57 64 ba b6-57 2b dd 91 63 c3 19 72   iH..Wd..W+..c..r
    0070 - 7d a0 7a e3 1f 4a f2 0c-ed 9b c3 b1 1e c6 38 4c   }.z..J........8L
    0080 - b9 72 18 0b e6 56 e2 6b-3d 95 80 ec 36 37 65 a8   .r...V.k=...67e.
    0090 - 6b 36 d3 8d ab 06 5b 2f-0b da c6 65 37 5d 02 96   k6....[/...e7]..
    00a0 - 15 fd f6 10 2d 8b 92 cd-1d 49 f9 30 ef 59 b2 a8   ....-....I.0.Y..
    00b0 - f9 75 90 c3 e0 de f7 70-5f c2 64 f0 80 40 75 20   .u.....p_.d..@u 
    00c0 - 5f aa 91 59 44 ec 96 54-eb e7 d9 9c f4 f7 e3 1a   _..YD..T........

    Start Time: 1790336710
    Timeout   : 7200 (sec)
    Verify return code: 21 (unable to verify the first certificate)
    Extended master secret: no
    Max Early Data: 0
---
read R BLOCK
<<< TLS 1.2, RecordHeader [length 0005]
    17 03 03 00 fa
<<< TLS 1.3, InnerContent [length 0001]
    16
<<< TLS 1.3, Handshake [length 00e9], NewSessionTicket
    04 00 00 e5 00 00 1c 20 ae 47 68 3b 08 00 00 00
    00 00 00 00 01 00 d0 bf c0 66 21 65 2d 17 6c 97
    fe 4d 47 bf ed 6c 1f 60 2a e6 1e a6 6e 15 ce d0
    4b 46 17 01 d7 8f df b5 6b b5 2f 9f 60 ff c9 9e
    26 c3 0b 5b bc 77 d6 72 ec 4e 4a 6a bf 4c d3 a5
    d7 82 8a cc 72 55 b5 7c 8b 86 6f 40 5a 84 a0 e2
    e0 31 be a2 de 6f 01 7b 97 7c 08 65 15 e6 14 6f
    8e d1 0e 03 27 a2 6d 93 08 01 0b 8c b7 7b 3f 33
    13 69 b8 20 cd 64 48 12 69 b7 80 db 23 08 38 1e
    ad 83 01 b8 fa b1 03 a9 f9 30 cf e2 6c b5 08 1f
    b6 cf b3 6a bf 6c 4f e7 e0 83 4b 11 f5 e4 13 5f
    ee 1a b1 56 ca b7 45 f4 e1 aa b5 8a b8 b0 8f 1b
    45 fb d8 6b e4 05 b8 01 80 32 3b 8a 58 69 b8 f7
    fe 04 f4 ea de 4c 23 a2 c0 4d b5 f0 51 2c 41 bf
    bb 44 2a f0 c4 79 07 00 00
---
Post-Handshake New Session Ticket arrived:
SSL-Session:
    Protocol  : TLSv1.3
    Cipher    : TLS_AES_256_GCM_SHA384
    Session-ID: EA1CBF8CDB5A37935634A732D41C9D7931B63367A70218886E194DAC5D6400BA
    Session-ID-ctx: 
    Resumption PSK: 7A45644DF2485FEF312084742D79614F9917A7E867292A9DAA1575A192331209346D6F8673133BCCC5BD9C5FF49A1A0D
    PSK identity: None
    PSK identity hint: None
    SRP username: None
    TLS session ticket lifetime hint: 7200 (seconds)
    TLS session ticket:
    0000 - bf c0 66 21 65 2d 17 6c-97 fe 4d 47 bf ed 6c 1f   ..f!e-.l..MG..l.
    0010 - 60 2a e6 1e a6 6e 15 ce-d0 4b 46 17 01 d7 8f df   `*...n...KF.....
    0020 - b5 6b b5 2f 9f 60 ff c9-9e 26 c3 0b 5b bc 77 d6   .k./.`...&..[.w.
    0030 - 72 ec 4e 4a 6a bf 4c d3-a5 d7 82 8a cc 72 55 b5   r.NJj.L......rU.
    0040 - 7c 8b 86 6f 40 5a 84 a0-e2 e0 31 be a2 de 6f 01   |..o@Z....1...o.
    0050 - 7b 97 7c 08 65 15 e6 14-6f 8e d1 0e 03 27 a2 6d   {.|.e...o....'.m
    0060 - 93 08 01 0b 8c b7 7b 3f-33 13 69 b8 20 cd 64 48   ......{?3.i. .dH
    0070 - 12 69 b7 80 db 23 08 38-1e ad 83 01 b8 fa b1 03   .i...#.8........
    0080 - a9 f9 30 cf e2 6c b5 08-1f b6 cf b3 6a bf 6c 4f   ..0..l......j.lO
    0090 - e7 e0 83 4b 11 f5 e4 13-5f ee 1a b1 56 ca b7 45   ...K...._...V..E
    00a0 - f4 e1 aa b5 8a b8 b0 8f-1b 45 fb d8 6b e4 05 b8   .........E..k...
    00b0 - 01 80 32 3b 8a 58 69 b8-f7 fe 04 f4 ea de 4c 23   ..2;.Xi.......L#
    00c0 - a2 c0 4d b5 f0 51 2c 41-bf bb 44 2a f0 c4 79 07   ..M..Q,A..D*..y.

    Start Time: 1790336710
    Timeout   : 7200 (sec)
    Verify return code: 21 (unable to verify the first certificate)
    Extended master secret: no
    Max Early Data: 0
---
read R BLOCK
>>> TLS 1.2, RecordHeader [length 0005]
    17 03 03 00 13
>>> TLS 1.2, InnerContent [length 0001]
    15
>>> TLS 1.3, Alert [length 0002], warning close_notify
    01 00
Connecting to 127.0.0.1
SSL_connect:before SSL initialization
SSL_connect:SSLv3/TLS write client hello
SSL_connect:SSLv3/TLS write client hello
SSL_connect:SSLv3/TLS read server hello
Can't use SSL_get_servername
SSL_connect:TLSv1.3 read encrypted extensions
depth=0 CN=server.example
verify error:num=20:unable to get local issuer certificate
verify return:1
depth=0 CN=server.example
verify error:num=21:unable to verify the first certificate
verify return:1
depth=0 CN=server.example
verify return:1
SSL_connect:SSLv3/TLS read server certificate
SSL_connect:TLSv1.3 read server certificate verify
SSL_connect:SSLv3/TLS read finished
SSL_connect:SSLv3/TLS write change cipher spec
SSL_connect:SSLv3/TLS write finished
SSL_connect:SSL negotiation finished successfully
SSL_connect:SSL negotiation finished successfully
SSL_connect:SSLv3/TLS read server session ticket
SSL_connect:SSL negotiation finished successfully
SSL_connect:SSL negotiation finished successfully
SSL_connect:SSLv3/TLS read server session ticket
DONE
SSL3 alert write:warning:close notify
