CONNECTED(00000003)
>>> TLS 1.0, RecordHeader [length 0005]
    16 03 01 05 c2
>>> TLS 1.3, Handshake [length 05c2], ClientHello
    01 00 05 be 03 03 65 a3 16 ee ef 23 97 da 6b 75
    8f bd 95 9a f2 b4 3b 81 c6 6f 39 05 a6 68 ad 81
    f5 4c 50 cd cc 7d 20 c4 2b 10 d8 af 2d 2d 18 82
    5a 68 02 cf 67 c9 b1 97 e0 bf d8 30 b1 67 60 99
    6f 03 c6 b8 72 40 89 00 06 13 02 13 03 13 01 01
    00 05 6f 00 0b 00 04 03 00 01 02 00 0a 00 06 00
    04 11 ec 00 1d 00 23 00 00 00 16 00 00 00 17 00
    00 00 0d 00 76 00 74 09 05 09 06 09 04 04 03 05
    03 06 03 08 07 08 08 08 1a 08 1b 08 1c 08 09 08
    0a 08 0b 08 04 08 05 08 06 04 01 05 01 06 01 ff
    06 ff 07 ff 08 ff 09 fe d7 fe d8 fe d9 fe dc fe
    dd fe de fe da fe db fe df fe e0 fe b3 fe b4 fe
    b5 fe b6 fe b7 fe b8 fe b9 fe ba fe c2 fe c3 fe
    c4 ff 32 ff 36 ff 33 ff 37 ff 34 ff 38 ff 35 ff
    39 ff 22 ff 0e ff 1a ff 0f ff 1b 00 2b 00 03 02
    03 04 00 2d 00 02 01 01 00 33 04 c6 04 c4 11 ec
    04 c0 26 e2 6c b4 f6 03 cd 6a 20 6b d9 0e 28 73
    3c 8b a9 3e e9 19 56 98 22 1a 6e d4 8c 6c b8 12
    d6 7a cc 6f a7 04 61 c2 73 d9 09 5a ee 73 ab f1
    c3 17 d6 57 1d 32 da 11 6b 64 3a b6 ea 41 ee e5
    84 aa 15 ba 4b 89 5d f5 4b 05 78 4c 57 5c 56 90
    b2 4a b5 d8 f6 b6 1b cb 92 75 8a 7f 78 11 2c fd
    73 c6 28 48 8f 31 01 89 7e 51 bd c5 db 4a 8f 59
    89 49 f6 13 f1 94 a7 50 1a c4 ca 3a 0a 45 d4 4d
    98 e9 59 78 f2 89 68 24 17 4c 4b bc 20 b1 45 c9
    a2 5f ed 42 80 42 b9 45 6f 88 09 31 9b 9e b6 14
    22 d2 44 7b ee 8a a0 bc e5 72 79 23 6f d8 cb 75
    4d 95 c0 b3 e6 40 eb 80 b0 7f 13 0b 5b eb 03 b1
    2b a3 47 0c 0c 83 91 55 c4 48 8c 4c 66 30 1d d1
    56 c4 39 c6 5f d3 a5 ea 76 17 2d 23 75 c1 a3 a4
    af e2 83 2a 4a 10 a2 c4 64 ea 45 a1 a3 b6 cc a2
    27 bd 58 f7 42 4f a8 77 66 4a 19 21 6a 43 02 38
    34 78 0b b3 37 82 8b 73 59 cb f9 26 ce 3a d2 66
    22 18 c7 5b b9 90 b9 5b 30 a0 f3 74 a6 a1 14 bd
    db 6a 76 a3 81 55 c4 4a 48 a9 48 17 69 04 d6 75
    82 9d 1b 09 05 9b c8 71 57 b7 e3 f1 5c 0f 7b 42
    93 12 53 3f 97 9b b8 86 58 5c 70 91 eb a9 9f 8d
    84 a8 df 26 ab 95 70 0d 49 39 1a 4f 68 28 21 b9
    02 8a e2 14 96 ec 1f 65 a0 87 24 d7 b4 5d 32 49
    d1 69 47 1c b7 c4 6f 6b 8e f2 ab 2b 88 7b 8f 94
    ac af 98 d3 65 63 1a 11 3c 9b b7 35 f8 2a 34 03
    20 ad d1 ba c8 9b 63 9a d3 6e 3e 38 7f 96 3b 93
    bc 46 50 99 62 65 56 a9 67 20 db b9 cb 58 03 ed
    cc c7 1f 71 60 bf 51 52 cd 22 c1 38 61 94 74 c1
    72 6d 2a 62 8d b7 a7 33 92 5c 6c b2 94 fc 11 1f
    c4 1a 29 01 a6 b9 5f 35 24 fb 56 36 59 95 32 8d
    75 4f f6 f9 57 3c 18 c7 23 ca 4d 86 ab c6 04 ca
    8a 59 5b 4c 82 c6 40 be 52 aa 7d 26 20 63 02 a0
    dc 9b c2 69 c9 4b 88 11 5b 7a 0b 96 9e 54 24 ed
    37 98 67 69 00 e5 b6 94 72 47 9a ed 8b 33 f4 d5
    be a1 60 16 3e a1 6b 92 12 0e 0d 74 cb ac a7 86
    6b b4 34 0b 1c 37 fc a6 30 f1 e6 9c 32 b0 82 f1
    67 13 a4 c5 17 6b ea 55 10 95 76 08 0b b0 08 a0
    c5 bc 7b a6 c3 db c0 55 0c 99 a7 b4 1c d0 aa 1b
    8f 88 00 13 f3 97 f4 f5 96 9a c0 1b 60 c0 85 15
    e0 b5 1c d8 b9 68 1b 32 d2 bb 9c 79 39 cf 1f 4a
    47 e2 0c 6c 39 81 b9 9b c3 7d 53 5b be fc 64 58
    59 50 02 01 81 4e d6 62 bb 64 83 a0 d5 19 29 89
    ec 02 ef 89 30 f7 c8 78 4e ba 87 83 69 c3 af c3
    b7 11 88 6d 8b 99 ac 6e e6 9b a4 a1 4b 7c 89 82
    91 56 85 32 09 81 12 2c 49 1f d9 40 73 b9 57 d9
    e3 5e 60 56 4c f2 e3 26 17 05 b2 49 07 40 0e e4
    53 46 12 97 aa 10 c1 52 61 78 d6 da b7 dc 68 0c
    2d 70 14 ec c0 48 88 1c 27 e1 57 35 11 20 98 61
    75 b1 5c 62 0e 78 b9 0c db 10 2b 9a a6 50 ef 52
    7c 03 6a 9d 46 6c bb dc 38 bf c3 f1 01 51 59 4e
    4b 07 b4 f8 d8 3d 7f b3 98 94 db 1b 0e 7a 90 8d
    33 07 58 01 a0 84 05 60 f0 57 64 7f 3b 35 1a d8
    4f 36 14 ca 56 7c 66 f4 78 c0 66 38 35 2f 80 67
    ca 81 34 b5 fb 93 5a c0 98 83 71 3b 36 a2 9e f7
    37 5a 1b 46 83 02 60 a1 1c 82 05 da 35 c3 f3 dc
    35 3b 2b 3b cb f3 20 b2 35 1d 2f aa c7 5b f2 7e
    9b 26 b5 9f 51 84 3e 19 88 0c 91 8a 31 b7 4e 4b
    d7 bb 60 bc 20 51 74 b8 40 d0 2f c8 c9 49 2c 45
    56 50 fb 21 dd 90 20 2b 40 9a 46 57 cc 53 d4 ba
    df 8b 90 4b 28 80 72 8c 72 e1 5b 74 3c 7c 54 b0
    f0 41 75 98 06 d6 f0 85 7e e8 09 f1 ba b1 27 08
    a5 19 87 78 5d 78 c9 dd 12 68 4a 55 06 f4 c2 5a
    5f b4 a5 41 3b c1 c7 71 50 d2 2c bf 47 ea b2 c3
    06 c6 9f 69 01 32 49 33 1c 55 42 25 34 8e 31 eb
    38 f1 7a c0 28 c6 46 ae 92 01 f9 e0 67 95 d4 c6
    89 9c 6e 87 e7 53 18 43 90 c2 a1 8e 3d d6 b8 51
    3b 49 49 76 a8 2c a7 73 c4 f3 6b a1 ac ce 7f bc
    00 18 e8 c9 bc 8a 9a cf e6 54 bb 91 04 c1 b6 a0
    da 4a 17 aa b6 03 0f 34 13 b5 a7 ac bb 01 49 01
    a0 54 3e 81 37 06 97 49 39 43 3c 25 39 57 05 4c
    af 49 c0 43 4c 40 ce b1 3a 1d f6 d9 b7 79 05 3c
    57 20 10 3f 94 b7 7d aa 40 9a d7 77 2d 88 1e 69
    2a ac 29 ba c8 6c 49 e7 c0 28 2f f8 9c 58 a0 e5
    9a 0a a2 77 5f 10 cc a8 03 5a 02 ef 02 9a 96 6d
    3a f1 7a b5 bd d4 7c 17 a9 f0 75 55 12 91 34 5a
    17 14 20 53 ab 4e 39 dc 78 6e 6a 00 85 d0 12 1b
    09 42
<<< TLS 1.2, RecordHeader [length 0005]
    16 03 03 00 58
<<< TLS 1.3, Handshake [length 0058], ServerHello
    02 00 00 54 03 03 cf 21 ad 74 e5 9a 61 11 be 1d
    8c 02 1e 65 b8 91 c2 a2 11 16 7a bb 8c 5e 07 9e
    09 e2 c8 a8 33 9c 20 c4 2b 10 d8 af 2d 2d 18 82
    5a 68 02 cf 67 c9 b1 97 e0 bf d8 30 b1 67 60 99
    6f 03 c6 b8 72 40 89 13 02 00 00 0c 00 2b 00 02
    03 04 00 33 00 02 00 1d
>>> TLS 1.2, RecordHeader [length 0005]
    14 03 03 00 01
>>> TLS 1.3, ChangeCipherSpec [length 0001]
    01
>>> TLS 1.2, RecordHeader [length 0005]
    16 03 03 01 22
>>> TLS 1.3, Handshake [length 0122], ClientHello
    01 00 01 1e 03 03 65 a3 16 ee ef 23 97 da 6b 75
    8f bd 95 9a f2 b4 3b 81 c6 6f 39 05 a6 68 ad 81
    f5 4c 50 cd cc 7d 20 c4 2b 10 d8 af 2d 2d 18 82
    5a 68 02 cf 67 c9 b1 97 e0 bf d8 30 b1 67 60 99
    6f 03 c6 b8 72 40 89 00 06 13 02 13 03 13 01 01
    00 00 cf 00 0b 00 04 03 00 01 02 00 0a 00 06 00
    04 11 ec 00 1d 00 23 00 00 00 16 00 00 00 17 00
    00 00 0d 00 76 00 74 09 05 09 06 09 04 04 03 05
    03 06 03 08 07 08 08 08 1a 08 1b 08 1c 08 09 08
    0a 08 0b 08 04 08 05 08 06 04 01 05 01 06 01 ff
    06 ff 07 ff 08 ff 09 fe d7 fe d8 fe d9 fe dc fe
    dd fe de fe da fe db fe df fe e0 fe b3 fe b4 fe
    b5 fe b6 fe b7 fe b8 fe b9 fe ba fe c2 fe c3 fe
    c4 ff 32 ff 36 ff 33 ff 37 ff 34 ff 38 ff 35 ff
    39 ff 22 ff 0e ff 1a ff 0f ff 1b 00 2b 00 03 02
    03 04 00 2d 00 02 01 01 00 33 00 26 00 24 00 1d
    00 20 44 7b 2f 3c a1 f9 f3 25 f6 62 da 88 63 da
    13 3c 6f 39 0a db 4d d5 8c 99 8e 8b e4 e0 ba 0b
    f0 13
<<< TLS 1.2, RecordHeader [length 0005]
    14 03 03 00 01
<<< TLS 1.3, ChangeCipherSpec [length 0001]
    01
<<< TLS 1.2, RecordHeader [length 0005]
    16 03 03 00 7a
<<< TLS 1.3, Handshake [length 007a], ServerHello
    02 00 00 76 03 03 d0 be 66 91 e1 bb 70 71 86 76
    92 16 03 6f 66 29 2a 7b 90 35 8a 8f 1e 65 3f ef
    1a 20 a6 df cb 5b 20 c4 2b 10 d8 af 2d 2d 18 82
    5a 68 02 cf 67 c9 b1 97 e0 bf d8 30 b1 67 60 99
    6f 03 c6 b8 72 40 89 13 02 00 00 2e 00 2b 00 02
    03 04 00 33 00 24 00 1d 00 20 c1 bf 30 b6 f0 8a
    4a ae ce 8a 0d a7 57 b3 70 c3 4a ba be 7f 75 cf
    39 0a 50 7b c2 22 ce cf 87 4c
<<< TLS 1.2, RecordHeader [length 0005]
    17 03 03 00 21
>>> TLS 1.2, RecordHeader [length 0005]
    15 03 03 00 02
>>> TLS 1.3, Alert [length 0002], fatal bad_record_mac
    02 14
---
no peer certificate available
---
No client certificate CA names sent
Peer Temp Key: X25519, 253 bits
---
SSL handshake has read 264 bytes and written 1787 bytes
Verification: OK
---
New, TLSv1.3, Cipher is TLS_AES_256_GCM_SHA384
Protocol: TLSv1.3
This TLS version forbids renegotiation.
Compression: NONE
Expansion: NONE
No ALPN negotiated
Early data was not sent
Verify return code: 0 (ok)
---
Connecting to 127.0.0.1
SSL_connect:before SSL initialization
SSL_connect:SSLv3/TLS write client hello
SSL_connect:SSLv3/TLS write client hello
SSL_connect:SSLv3/TLS read server hello
SSL_connect:SSLv3/TLS write change cipher spec
SSL_connect:SSLv3/TLS write client hello
SSL_connect:SSLv3/TLS write client hello
SSL3 alert write:fatal:bad record mac
SSL_connect:error in error
408C2D90277C0000:error:0A000119:SSL routines:tls_get_more_records:decryption failed or bad record mac:ssl/record/methods/tls_common.c:868:
408C2D90277C0000:error:0A000139:SSL routines::record layer failure:ssl/record/rec_layer_s3.c:698:
