P2 v1.1 start: 2026-09-25T20:44:04+09:00
openssl_condition_r01_base: result=success verified=True
openssl_condition_r01_silent-downgrade: result=success verified=True
openssl_condition_r01_onpath-strip: result=failure verified=True
boringssl_condition_r01_base: result=success verified=True
boringssl_condition_r01_silent-downgrade: result=success verified=True
boringssl_condition_r01_onpath-strip: result=failure verified=True
openssh_condition_r01_base: result=success verified=True
openssh_condition_r01_ssh-order: result=success verified=True
openssh_condition_r01_onpath-strip: result=failure verified=True
openssl_condition_r02_base: result=success verified=True
openssl_condition_r02_silent-downgrade: result=success verified=True
openssl_condition_r02_onpath-strip: result=failure verified=True
boringssl_condition_r02_base: result=success verified=True
boringssl_condition_r02_silent-downgrade: result=success verified=True
boringssl_condition_r02_onpath-strip: result=failure verified=True
openssh_condition_r02_base: result=success verified=True
openssh_condition_r02_ssh-order: result=success verified=True
openssh_condition_r02_onpath-strip: result=failure verified=True
openssl_condition_r03_base: result=success verified=True
openssl_condition_r03_silent-downgrade: result=success verified=True
openssl_condition_r03_onpath-strip: result=failure verified=True
boringssl_condition_r03_base: result=success verified=True
boringssl_condition_r03_silent-downgrade: result=success verified=True
boringssl_condition_r03_onpath-strip: result=failure verified=True
openssh_condition_r03_base: result=success verified=True
openssh_condition_r03_ssh-order: result=success verified=True
openssh_condition_r03_onpath-strip: result=failure verified=True
openssl_condition_r04_base: result=success verified=True
openssl_condition_r04_silent-downgrade: result=success verified=True
openssl_condition_r04_onpath-strip: result=failure verified=True
boringssl_condition_r04_base: result=success verified=True
boringssl_condition_r04_silent-downgrade: result=success verified=True
boringssl_condition_r04_onpath-strip: result=failure verified=True
openssh_condition_r04_base: result=success verified=True
openssh_condition_r04_ssh-order: result=success verified=True
openssh_condition_r04_onpath-strip: result=failure verified=True
openssl_condition_r05_base: result=success verified=True
openssl_condition_r05_silent-downgrade: result=success verified=True
openssl_condition_r05_onpath-strip: result=failure verified=True
boringssl_condition_r05_base: result=success verified=True
boringssl_condition_r05_silent-downgrade: result=success verified=True
boringssl_condition_r05_onpath-strip: result=failure verified=True
openssh_condition_r05_base: result=success verified=True
openssh_condition_r05_ssh-order: result=success verified=True
openssh_condition_r05_onpath-strip: result=failure verified=True
openssl_condition_r06_base: result=success verified=True
openssl_condition_r06_silent-downgrade: result=success verified=True
openssl_condition_r06_onpath-strip: result=failure verified=True
boringssl_condition_r06_base: result=success verified=True
boringssl_condition_r06_silent-downgrade: result=success verified=True
boringssl_condition_r06_onpath-strip: result=failure verified=True
openssh_condition_r06_base: result=success verified=True
openssh_condition_r06_ssh-order: result=success verified=True
openssh_condition_r06_onpath-strip: result=failure verified=True
openssl_condition_r07_base: result=success verified=True
openssl_condition_r07_silent-downgrade: result=success verified=True
openssl_condition_r07_onpath-strip: result=failure verified=True
boringssl_condition_r07_base: result=success verified=True
boringssl_condition_r07_silent-downgrade: result=success verified=True
boringssl_condition_r07_onpath-strip: result=failure verified=True
openssh_condition_r07_base: result=success verified=True
openssh_condition_r07_ssh-order: result=success verified=True
openssh_condition_r07_onpath-strip: result=failure verified=True
openssl_condition_r08_base: result=success verified=True
openssl_condition_r08_silent-downgrade: result=success verified=True
openssl_condition_r08_onpath-strip: result=failure verified=True
boringssl_condition_r08_base: result=success verified=True
boringssl_condition_r08_silent-downgrade: result=success verified=True
boringssl_condition_r08_onpath-strip: result=failure verified=True
openssh_condition_r08_base: result=success verified=True
openssh_condition_r08_ssh-order: result=success verified=True
openssh_condition_r08_onpath-strip: result=failure verified=True
openssl_condition_r09_base: result=success verified=True
openssl_condition_r09_silent-downgrade: result=success verified=True
openssl_condition_r09_onpath-strip: result=failure verified=True
boringssl_condition_r09_base: result=success verified=True
boringssl_condition_r09_silent-downgrade: result=success verified=True
boringssl_condition_r09_onpath-strip: result=failure verified=True
openssh_condition_r09_base: result=success verified=True
openssh_condition_r09_ssh-order: result=success verified=True
openssh_condition_r09_onpath-strip: result=failure verified=True
openssl_condition_r10_base: result=success verified=True
openssl_condition_r10_silent-downgrade: result=success verified=True
openssl_condition_r10_onpath-strip: result=failure verified=True
boringssl_condition_r10_base: result=success verified=True
boringssl_condition_r10_silent-downgrade: result=success verified=True
boringssl_condition_r10_onpath-strip: result=failure verified=True
openssh_condition_r10_base: result=success verified=True
openssh_condition_r10_ssh-order: result=success verified=True
openssh_condition_r10_onpath-strip: result=failure verified=True
P2 v1.1 end: 2026-09-25T20:49:20+09:00 status=0
