CONNECTED(00000003)
>>> TLS 1.0, RecordHeader [length 0005]
    16 03 01 05 76
>>> TLS 1.3, Handshake [length 0576], ClientHello
    01 00 05 72 03 03 e4 99 18 13 16 5d 2a f4 3a e5
    c4 73 bd 76 0b 32 62 31 51 ad 2f 6d 62 e0 23 4b
    4d e5 d9 9c 38 5c 20 67 83 03 e9 bf f5 65 1f ec
    15 23 7c ad f5 21 48 70 9d 13 e0 ec 5e db 98 ad
    7d 19 97 18 1c 67 0d 00 06 13 02 13 03 13 01 01
    00 05 23 00 0b 00 04 03 00 01 02 00 0a 00 06 00
    04 11 ec 00 1d 00 23 00 00 00 16 00 00 00 17 00
    00 00 0d 00 2a 00 28 09 05 09 06 09 04 04 03 05
    03 06 03 08 07 08 08 08 1a 08 1b 08 1c 08 09 08
    0a 08 0b 08 04 08 05 08 06 04 01 05 01 06 01 00
    2b 00 03 02 03 04 00 2d 00 02 01 01 00 33 04 c6
    04 c4 11 ec 04 c0 11 0c 16 b4 e8 b6 45 a2 49 ba
    a5 1e b9 9c 05 3e 5b bd 17 a4 58 f1 c8 bb 84 27
    62 d2 68 54 d9 67 20 6f 8a 1b ae 10 80 9f 27 b0
    74 34 0e bf 35 aa ad 59 92 ec 88 b6 48 2c 09 a7
    d7 8a 3b f8 2c 03 c0 ce fb 42 16 e9 14 1e ed 8c
    8a b0 85 6e fe f4 cb c6 d3 80 84 77 18 61 20 19
    fa 52 44 8c a5 06 1c c6 ab 52 14 2f 02 bc 1d b2
    a5 cc 8e c6 0e 48 00 53 0e 51 bc 23 9c 0b 1c 17
    08 4d 62 92 6d 24 00 72 ca 93 ba ab 1b f0 a4 44
    97 02 88 f9 b1 71 03 e6 cb d7 74 33 b9 5c 05 12
    b2 49 4a f7 6a ff e5 74 29 12 9f 48 a3 90 4c ea
    98 38 24 63 4b e0 24 87 43 4b 47 99 c7 41 80 0a
    54 46 58 43 42 81 8e f5 5d 0f ab 8d 04 c1 5b 8f
    87 81 fb 23 63 c2 e8 9d 0d 69 75 27 39 58 08 77
    0b 64 bb 18 68 ca 46 c6 02 0e eb 08 b2 31 35 5d
    bf 37 59 6f 06 29 bb 68 88 40 64 04 de e7 7d 7e
    76 b7 d1 85 73 05 14 27 3c 1b 04 2e 63 42 9a 24
    13 c8 ec 02 b0 b7 a7 3d 03 cb 27 21 6c 52 d0 3e
    e6 51 9b 49 61 79 a9 69 40 aa 0a 24 c0 a5 28 f7
    7c b6 21 a2 9c c2 a1 4c f3 57 50 9d c3 1d e5 46
    7a a2 e0 c7 f9 a1 7a 6c 81 96 b1 89 76 b7 a1 3c
    75 8c 68 25 f1 53 27 c1 29 a0 95 4f 20 9c be 6b
    61 c2 49 30 a6 cc 5b 45 12 72 aa a5 54 03 04 e2
    6d 14 94 23 f9 6a 49 e5 c2 59 f5 b4 c1 b8 c0 91
    50 42 50 50 fc 23 3b 68 55 a7 3b 2c f0 f9 00 3d
    c0 b0 2f c6 b8 3a 34 60 25 7c c9 d6 1a 82 e0 67
    3f 7d d0 a0 26 fa 76 d9 a1 2a e9 20 a9 28 23 9a
    7a e4 aa 36 56 1f 32 cc 8c ce 45 aa 0d aa 8f 5b
    57 65 6d 07 ba 9a 90 0a 00 db 08 53 65 84 40 61
    28 b3 bc 34 a3 8a ac ad 4b bd 68 6b a3 91 f3 0d
    c0 ab 68 54 03 0c b4 e9 95 65 d1 6b 58 8b ce a2
    50 26 2b 90 30 3d c9 45 eb 3a 1d d0 37 1a 34 b3
    82 f0 15 be 3c b1 1f 23 55 1b 92 66 b5 76 99 a7
    51 97 13 09 1b 52 cf 1b 37 d6 1b bd 34 da 5a f9
    52 c6 fe c6 99 b2 99 bb 99 c6 15 35 a9 4e 12 5a
    ca d5 a4 a3 8d 9b 0c 5f 27 c4 6d bc b8 75 33 7f
    b0 09 36 4e 11 0b 74 26 58 ff d2 8e fb e8 24 e0
    36 1a 34 fc 29 53 61 cf 9b e2 34 59 74 40 18 d4
    0a fe 93 13 64 f5 0b 1e e6 7b 7a eb 56 82 47 71
    aa 37 8e be 30 c8 18 fc 8b a6 97 8f 95 5c bd 65
    4c 90 98 0c b8 9c c6 a8 a2 44 c2 b4 21 b1 eb 43
    2a 3f 59 75 b8 74 09 01 a1 bd e0 22 67 3a 1a 23
    c5 38 86 d3 7b 5b 6d f6 5c 96 8c b2 35 73 4a d6
    17 6c 3f 27 57 36 65 91 08 c6 7f 73 6b 59 29 70
    7e 67 a3 bf a2 a8 0d 9e 94 91 04 e9 3b 14 88 82
    13 76 36 42 30 6a d1 3b 10 8e c6 99 af d3 40 a0
    f3 87 3c 1a 5b f9 ba 78 99 3a 3f ac 38 3b e4 30
    59 46 c9 48 fb 3b 1f a3 f6 92 e7 c2 9e e8 14 95
    f7 25 17 63 70 cf 2a 72 a3 c3 80 77 65 d5 4c 4b
    80 66 87 ec 48 f9 49 06 1d c9 0b 5f 53 56 67 f0
    9b 5f 0b c4 ae 90 4e 85 78 7f e2 6b 2a f5 a1 56
    ae 43 2d 71 03 5d cb f2 41 ee 26 7f f6 64 3a 9a
    11 90 12 d3 71 f9 32 6a d1 f9 01 5e 46 7f 8d 61
    31 20 ba 1b 48 d1 a2 54 18 0a da 74 2f 11 97 26
    9b 41 30 32 e2 0e 96 e0 1d 51 67 2f d9 ea 19 1e
    65 90 1f 5a 61 94 76 54 0e 57 45 e8 bc 30 41 b6
    b5 07 60 27 85 00 34 d1 65 64 35 6b 68 4d 38 57
    1b a5 6e 08 63 95 3c 57 5a e2 d7 a7 dd 2c 60 de
    43 bc f0 27 35 1d ec c8 6d ec c2 0b d1 44 a5 fb
    64 0b f6 8a 3f 06 26 db 45 3b 3b 05 9b 23 07 c6
    e6 d5 4f 77 d4 0a cf b1 9f c3 ab 4c b1 22 87 37
    50 76 9b 31 53 3e 48 9d 56 32 95 dd 48 68 7e f4
    43 07 d5 7f 6b f8 5d 27 77 97 d8 e4 c0 0d e0 7f
    dc a1 cb 05 1a 60 3b 40 8e fd 98 18 67 30 6f 8a
    11 6c 49 a3 42 05 c0 ac c1 d5 14 ab a1 99 3f c7
    76 9e 2b ac 78 17 83 2f b5 4e d0 fc 48 18 76 8c
    cd d6 9f 35 59 6d 40 44 27 e8 d5 b9 d9 c4 2d fa
    d6 8b 0c 21 75 2f a4 64 2c 06 48 43 09 5c 4a 64
    ab 10 ca a9 e9 d1 cf 18 46 1d 06 f8 1f 95 d9 22
    04 33 07 5c fa cd d1 a1 45 55 e4 a9 3d 1b 83 f9
    82 58 9d 7c 28 98 a5 52 d4 d4 16 0d 47 ab 8b 7a
    50 3b f3 94 24 9a b9 0c e6 66 85 51 44 f3 59 48
    25 94 cd e0 b3 92 ff 86 bd 5e 15 ba 53 e8 a2 d4
    6d eb 90 66 0d d6 b7 ac 98 dc 42 5f 02 8e 25 b1
    95 07 1c 52 1e f4 6c 51 9b 36 4d cb d8 b5 56 53
    22 0b 95 33 82 c7 22 fb 3e 91 d4 5a 8e 71 82 27
    7a c6 3f c7 ae 64
<<< TLS 1.2, RecordHeader [length 0005]
    16 03 03 04 ba
<<< TLS 1.3, Handshake [length 04ba], ServerHello
    02 00 04 b6 03 03 14 28 fb a3 8f 9b 3d b2 01 a5
    5b d7 98 55 2f 4c b7 4c eb f7 ee a9 34 40 7d 9d
    ec 60 e4 d9 d6 12 20 67 83 03 e9 bf f5 65 1f ec
    15 23 7c ad f5 21 48 70 9d 13 e0 ec 5e db 98 ad
    7d 19 97 18 1c 67 0d 13 02 00 04 6e 00 2b 00 02
    03 04 00 33 04 64 11 ec 04 60 21 f1 46 f7 f1 c9
    60 e0 99 42 c8 a6 58 c5 26 e4 ff 86 77 ff ca 9b
    b1 07 c3 36 b9 25 85 33 ae be 2d 6f ce bd 45 9f
    cd b6 95 76 5a bc 0c c0 ea e0 78 37 02 18 b8 dc
    2b 57 c2 5f 94 ba 4b d1 67 d8 25 48 02 b2 a5 97
    04 7a 49 65 45 1b 8b bf dc af 33 88 c5 d1 4b 2f
    a3 77 da 0d 58 d0 f1 8e 1e 46 19 9a 8e 1f c5 0e
    ca 45 2e 24 08 f7 9e bd 4c 85 77 83 2c d6 c4 0f
    e5 2d a9 1e 97 d8 25 e0 85 0b 05 22 38 e8 f4 ca
    9d 53 1a e1 a2 d7 08 80 e3 09 62 dd d5 6c 10 52
    00 c1 3f cc fe 2a 17 63 07 1d 1c 0a f4 bd be f8
    6f 6e e4 79 b0 89 3c 20 71 4f 0e 0d d5 4e 30 96
    8a d8 0b 65 67 d9 25 6b c6 bf e0 d7 68 24 18 ed
    58 19 11 7e 79 6a db bf 70 76 46 cf 72 61 96 38
    82 9a 86 3d 02 ea 64 72 ef fc 32 2b 83 8d 1f 2e
    f1 b3 0c 3c bc 0d e5 64 76 e9 2d b3 3e 21 6c ff
    2f c7 ad 05 2a b8 3e bc f3 87 0a 6f 67 23 c4 05
    ba 77 49 4d 27 2f 86 7b a5 45 f6 31 7c be 76 af
    b8 ab 10 a4 c2 bb 1f 05 49 c9 c9 ab 2f 12 4b bb
    c0 cf 34 00 1d 0c 49 aa b4 6b c4 f9 9e 3d 57 97
    cd ef 1c 32 a3 03 82 64 e3 7b f1 50 99 75 5f 65
    3c 12 9f f6 66 e3 8c bd 05 ad 24 cb fe 4d fd ba
    94 12 4a c3 88 f0 f7 5e ba c6 0a af 21 f4 70 e6
    59 b2 c5 7c a2 7c d5 1b 8d b3 e7 35 5a da 3b 90
    44 a2 da 44 dc bd 32 5c 59 92 73 6e db 54 d0 28
    50 d6 3b ad 17 8b a4 7e ca 93 0d 8c 44 45 bd aa
    82 d6 be b9 56 60 80 db 7f 46 53 67 3c 9c 59 6e
    57 39 48 d3 33 a3 0c 5a 24 ca ca 98 92 b2 5e 16
    d0 3f dd 24 96 9d be 86 b3 30 a7 49 47 fc 0c ba
    03 f6 e1 0f 36 fb fa 16 3d 15 37 bd 52 c4 06 b3
    af 90 40 89 4e 96 1a 32 6d ce ed ab de 93 2c 32
    31 57 e8 7f d3 ae 20 fe 48 db 58 19 7c 57 a2 98
    c5 89 f4 09 f4 82 08 25 bd fb 1e 8f 6b 1e 28 3e
    6e 15 43 d2 b6 f7 22 e4 fa e7 c5 c9 c2 06 db 43
    45 cd fd b0 96 ec 9e db 36 9d 36 3f 43 28 ba 97
    91 16 36 77 c2 c5 b9 c2 e1 7b 9e 2c 2a 33 91 91
    d5 6f c5 a6 3a dc 0e 5b 03 dd 9c 2b 82 7c 3c a3
    d7 d6 65 05 6f 23 80 27 3e 3d bb 86 fb 14 12 5f
    c1 75 47 bb bb cc cb ce 24 78 44 ff fb 0c 05 55
    1c 9b fa 03 36 81 79 cf b4 c7 cf 8c e7 6a c2 f4
    54 2e c7 cb 1b 38 7a 62 a5 4c 0c b0 61 ac 2a 3a
    a3 02 68 c6 37 81 11 af 4d 8d 0d 1a 35 4c ec dc
    dd b7 e8 0f 0c 0f 24 dc b1 b3 3a 86 8c 75 b2 6f
    7b d0 0f 1f 52 f8 bc 05 5e d0 77 8f 92 c7 55 85
    92 9b 0e 7a f7 da ea fd 4d 98 1b d5 7c a3 b0 32
    be f4 59 fb d7 83 95 81 6c ff 16 be 6c 5e a7 0a
    74 23 09 b5 cd fb 91 eb 6e 5a ef 02 6b b3 16 bf
    03 e9 24 28 0f 61 9a c5 30 5e 5e be 07 79 d8 d6
    26 b1 10 61 67 8b e0 38 ca 13 ab 40 d2 5e 92 fc
    77 ce 31 93 ce d3 1d 27 27 b0 3c db 65 f5 28 90
    03 97 ac 80 d8 6f 5c 02 c1 4c 06 58 dd 87 46 16
    90 90 c0 d8 d2 2b 95 ef 66 6c 22 fc 2f a0 4b 27
    13 c2 60 02 75 ff 69 f4 43 3f c9 db 77 bb c1 80
    c4 76 e8 39 57 28 5e 38 fd 61 0f e6 94 1c 60 b4
    d4 3e 4e 0d 1e 2c 57 b1 35 76 d4 a2 25 a2 b0 be
    07 16 92 0e e8 98 3e df cd 62 ee de e5 bc 75 62
    a2 0d af 56 b1 a0 7a 7d 85 e3 38 6f fe d4 52 5d
    91 47 e7 c5 2a 80 5a b2 3f 3b bf c7 4d 58 75 7f
    ae 8b d7 5c 98 d8 43 6a 39 e9 6e 39 9d 54 70 46
    b2 67 eb d3 33 67 84 94 f2 91 79 46 54 58 e2 d6
    93 71 23 61 9b 58 01 9e d3 a8 af 24 d3 09 e2 8d
    8c 1b c1 19 fe c7 72 08 fd c6 3e 52 16 02 94 55
    20 f5 4d 6b 73 d2 f0 3f ee e1 e5 b5 f9 8e 8c 14
    02 10 fe 92 ff 5e 97 07 62 eb 96 9a a5 d3 12 f4
    d0 8a 71 b9 2b cc 00 c0 a5 cc 55 7a 87 af ae 25
    70 6c 3f 64 3d 80 2d da d1 ea 0d d4 70 59 2d 3b
    d9 a5 e0 d6 f3 d5 24 8d 3e 93 7f 59 14 56 d7 82
    2f 26 de 26 92 32 03 8a 6b 04 e7 a0 fa f2 2f 97
    79 ef 52 c2 21 64 9f c1 c8 e4 a0 32 6c 56 99 86
    70 91 d1 f5 ea af 24 f8 85 35 f3 6f 6d 21 18 58
    b2 31 2a c1 8a 83 2e 1d d2 18
<<< TLS 1.2, RecordHeader [length 0005]
    14 03 03 00 01
<<< TLS 1.3, ChangeCipherSpec [length 0001]
    01
<<< TLS 1.2, RecordHeader [length 0005]
    17 03 03 00 17
<<< TLS 1.3, InnerContent [length 0001]
    16
<<< TLS 1.3, Handshake [length 0006], EncryptedExtensions
    08 00 00 02 00 00
<<< TLS 1.2, RecordHeader [length 0005]
    17 03 03 03 47
<<< TLS 1.3, InnerContent [length 0001]
    16
<<< TLS 1.3, Handshake [length 0336], Certificate
    0b 00 03 32 00 00 03 2e 00 03 29 30 82 03 25 30
    82 02 0d a0 03 02 01 02 02 01 02 30 0d 06 09 2a
    86 48 86 f7 0d 01 01 0b 05 00 30 12 31 10 30 0e
    06 03 55 04 03 0c 07 52 6f 6f 74 20 43 41 30 20
    17 0d 31 36 30 31 31 34 32 32 32 39 34 36 5a 18
    0f 32 31 31 36 30 31 31 35 32 32 32 39 34 36 5a
    30 19 31 17 30 15 06 03 55 04 03 0c 0e 73 65 72
    76 65 72 2e 65 78 61 6d 70 6c 65 30 82 01 22 30
    0d 06 09 2a 86 48 86 f7 0d 01 01 01 05 00 03 82
    01 0f 00 30 82 01 0a 02 82 01 01 00 d5 5d 60 6a
    df fc 61 ee 48 aa 8c 11 48 43 a5 6d b6 52 5d aa
    98 49 b1 61 92 35 b1 fc 3a 04 25 0c 6d 79 ff b4
    d5 c9 e9 5c 1c 3b e0 ab b3 b8 7d a3 de 6d bd e0
    dd d7 5a bf 14 47 11 42 5e a6 82 d0 61 c1 7f dd
    13 46 e6 09 85 07 0e f2 d4 fc 1a 64 d2 0a ad 20
    ab 20 6b 96 f0 ad cc c4 19 53 55 dc 01 1d a4 b3
    ef 8a b4 49 53 5d 8a 05 1c f1 dc e1 44 bf c5 d7
    e2 77 19 57 5c 97 0b 75 ee 88 43 71 0f ca 6c c1
    b4 b2 50 a7 77 46 6c 58 0f 11 bf f1 76 24 5a ae
    39 42 b7 51 67 29 e1 d0 55 30 6f 17 e4 91 ea ad
    f8 28 c2 43 6f a2 64 a9 fb 9d 98 92 62 48 3e eb
    0d 4f 82 4a 8a ff 3f 72 ee 96 b5 ae a1 c1 98 ba
    ef 7d 90 75 6d ff 5a 52 9e ab f5 c0 7e d0 87 43
    db 85 07 07 0f 7d 38 7a fd d1 d3 ee 65 1d d3 ea
    39 6a 87 37 ee 4a d3 e0 0d 6e f5 70 ac c2 bd f1
    6e f3 92 95 5e a9 f0 a1 65 95 93 8d 02 03 01 00
    01 a3 7d 30 7b 30 1d 06 03 55 1d 0e 04 16 04 14
    c0 e7 84 bf e8 59 27 33 10 b0 52 4f 51 52 2f 06
    d6 c0 7a cd 30 1f 06 03 55 1d 23 04 18 30 16 80
    14 70 7f 2e ae 83 68 59 98 04 23 2a cd eb 3e 17
    cd 24 dd 01 49 30 09 06 03 55 1d 13 04 02 30 00
    30 13 06 03 55 1d 25 04 0c 30 0a 06 08 2b 06 01
    05 05 07 03 01 30 19 06 03 55 1d 11 04 12 30 10
    82 0e 73 65 72 76 65 72 2e 65 78 61 6d 70 6c 65
    30 0d 06 09 2a 86 48 86 f7 0d 01 01 0b 05 00 03
    82 01 01 00 7b d3 04 43 75 8a 0f 11 ae c4 fb d7
    a1 a2 9e fe 20 18 d5 f4 2f 31 88 46 b6 75 8c ee
    e5 9b 97 a6 b9 a3 cd 60 9a 46 c3 48 97 e5 97 68
    f7 5a 86 35 73 d9 69 9e f9 5f 74 b9 e6 94 13 01
    cb 6a dc e3 c4 04 e9 65 da 9c a4 8b 28 f3 f9 9a
    7f bf 97 1f 45 92 e5 05 b1 56 e6 0b f6 47 de 1e
    89 b6 2b e1 4d df 4a 7e 01 d3 23 dc 97 8c 47 fe
    5f c7 cc 98 46 0e c4 83 5b ca 8a f1 52 09 be 6b
    ec 3f 09 8b d0 93 02 bf e1 51 e7 d1 7e 34 56 19
    74 d0 ff 28 25 de b7 9f 56 52 91 7d 20 29 85 0a
    80 44 5f 71 32 25 71 0f c2 16 e2 5f 6b 1d 3f 32
    5b 0a 3c 74 1c b9 62 f1 ed 07 50 a3 6d b4 b4 31
    0a c0 53 44 6a 3a 88 84 8b 2d a9 b0 37 8e e6 18
    36 bd 9a 20 40 0f 01 92 8b 3d aa 61 e7 ae 2c ed
    36 cd 3a 07 86 74 3a 29 b3 d7 3a b4 00 a9 c2 f5
    92 78 0e e2 0f a3 fe bb be e0 06 53 84 59 1d 90
    69 e5 b6 f9 00 00
<<< TLS 1.2, RecordHeader [length 0005]
    17 03 03 01 19
<<< TLS 1.3, InnerContent [length 0001]
    16
<<< TLS 1.3, Handshake [length 0108], CertificateVerify
    0f 00 01 04 08 04 01 00 bb 9e 40 6e 69 12 2c 16
    48 93 e0 dc e5 28 4b 9d 06 3c 03 9f a6 c5 1c a4
    14 6a dc 1e c0 19 59 d4 cd da c7 fe 2a 92 5b a9
    58 c5 1c 91 86 9c 00 71 cc a6 f5 1c 03 17 7d 23
    03 ba da 6e d5 14 2b 39 83 e6 0c aa 91 70 1a 12
    2e 20 0d 91 37 4e d6 93 ff af c5 0c 65 25 05 95
    b9 89 8a 7b 63 2c 86 2d fb 12 32 2e d8 e1 28 3b
    63 a5 60 3d f3 ed 66 1a 70 30 f6 a5 fa 4c b0 98
    f1 8f 85 8d 01 45 6d 4f 43 9e d4 86 85 f7 bf 16
    9c 72 9b 38 dd 2a 21 d4 b2 6d 5f 5c 38 4b d0 fd
    78 bb 8a 66 b8 13 54 40 32 38 3b 97 a7 af 25 f9
    ca 8b 7b 14 39 c6 32 75 24 25 8c 7f ad f9 59 a7
    e5 f2 b0 33 60 21 55 e1 b7 78 7d a3 2d 01 80 7a
    58 70 32 91 08 79 0e 67 9d 25 01 5d b6 46 43 dd
    87 38 c6 6d 91 33 b9 00 c7 28 69 28 04 f1 e5 7a
    5a ea a2 a0 52 aa 3b 1a 62 c1 bf 52 c6 45 42 b3
    d0 df b2 a8 93 c9 92 88
<<< TLS 1.2, RecordHeader [length 0005]
    17 03 03 00 45
<<< TLS 1.3, InnerContent [length 0001]
    16
<<< TLS 1.3, Handshake [length 0034], Finished
    14 00 00 30 60 6e f2 0d d4 e6 d2 4d e1 f3 c4 e9
    cf 79 de 82 7b d4 1c c4 d4 f8 1e b1 77 51 19 c5
    36 25 7a 59 9f 5a ec 5d 7b 0c b5 e2 82 32 cc a1
    8f 46 b0 56
>>> TLS 1.2, RecordHeader [length 0005]
    14 03 03 00 01
>>> TLS 1.3, ChangeCipherSpec [length 0001]
    01
>>> TLS 1.2, RecordHeader [length 0005]
    17 03 03 00 45
>>> TLS 1.2, InnerContent [length 0001]
    16
>>> TLS 1.3, Handshake [length 0034], Finished
    14 00 00 30 53 a7 42 ba 95 43 c6 7d 8d 1a 8c 58
    76 de c4 a6 6f 42 5e 43 ff 93 84 83 4f 52 25 f7
    44 aa ec 29 9f 91 d1 be 48 8d 58 bd 67 48 1c 4e
    27 48 16 21
---
Certificate chain
 0 s:CN=server.example
   i:CN=Root CA
   a:PKEY: RSA, 2048 (bit); sigalg: sha256WithRSAEncryption
   v:NotBefore: Jan 14 22:29:46 2016 GMT; NotAfter: Jan 15 22:29:46 2116 GMT
---
Server certificate
-----BEGIN CERTIFICATE-----
MIIDJTCCAg2gAwIBAgIBAjANBgkqhkiG9w0BAQsFADASMRAwDgYDVQQDDAdSb290
IENBMCAXDTE2MDExNDIyMjk0NloYDzIxMTYwMTE1MjIyOTQ2WjAZMRcwFQYDVQQD
DA5zZXJ2ZXIuZXhhbXBsZTCCASIwDQYJKoZIhvcNAQEBBQADggEPADCCAQoCggEB
ANVdYGrf/GHuSKqMEUhDpW22Ul2qmEmxYZI1sfw6BCUMbXn/tNXJ6VwcO+Crs7h9
o95tveDd11q/FEcRQl6mgtBhwX/dE0bmCYUHDvLU/Bpk0gqtIKsga5bwrczEGVNV
3AEdpLPvirRJU12KBRzx3OFEv8XX4ncZV1yXC3XuiENxD8pswbSyUKd3RmxYDxG/
8XYkWq45QrdRZynh0FUwbxfkkeqt+CjCQ2+iZKn7nZiSYkg+6w1PgkqK/z9y7pa1
rqHBmLrvfZB1bf9aUp6r9cB+0IdD24UHBw99OHr90dPuZR3T6jlqhzfuStPgDW71
cKzCvfFu85KVXqnwoWWVk40CAwEAAaN9MHswHQYDVR0OBBYEFMDnhL/oWSczELBS
T1FSLwbWwHrNMB8GA1UdIwQYMBaAFHB/Lq6DaFmYBCMqzes+F80k3QFJMAkGA1Ud
EwQCMAAwEwYDVR0lBAwwCgYIKwYBBQUHAwEwGQYDVR0RBBIwEIIOc2VydmVyLmV4
YW1wbGUwDQYJKoZIhvcNAQELBQADggEBAHvTBEN1ig8RrsT716Ginv4gGNX0LzGI
RrZ1jO7lm5emuaPNYJpGw0iX5Zdo91qGNXPZaZ75X3S55pQTActq3OPEBOll2pyk
iyjz+Zp/v5cfRZLlBbFW5gv2R94eibYr4U3fSn4B0yPcl4xH/l/HzJhGDsSDW8qK
8VIJvmvsPwmL0JMCv+FR59F+NFYZdND/KCXet59WUpF9ICmFCoBEX3EyJXEPwhbi
X2sdPzJbCjx0HLli8e0HUKNttLQxCsBTRGo6iISLLamwN47mGDa9miBADwGSiz2q
YeeuLO02zToHhnQ6KbPXOrQAqcL1kngO4g+j/ru+4AZThFkdkGnltvk=
-----END CERTIFICATE-----
subject=CN=server.example
issuer=CN=Root CA
---
No client certificate CA names sent
Peer signing digest: SHA256
Peer signature type: rsa_pss_rsae_sha256
Negotiated TLS1.3 group: X25519MLKEM768
---
SSL handshake has read 2453 bytes and written 1483 bytes
Verification error: unable to verify the first certificate
---
New, TLSv1.3, Cipher is TLS_AES_256_GCM_SHA384
Protocol: TLSv1.3
Server public key is 2048 bit
This TLS version forbids renegotiation.
Compression: NONE
Expansion: NONE
No ALPN negotiated
Early data was not sent
Verify return code: 21 (unable to verify the first certificate)
---
>>> TLS 1.2, RecordHeader [length 0005]
    17 03 03 00 13
>>> TLS 1.2, InnerContent [length 0001]
    15
>>> TLS 1.3, Alert [length 0002], warning close_notify
    01 00
Connecting to 127.0.0.1
SSL_connect:before SSL initialization
SSL_connect:SSLv3/TLS write client hello
SSL_connect:SSLv3/TLS write client hello
SSL_connect:SSLv3/TLS read server hello
Can't use SSL_get_servername
SSL_connect:TLSv1.3 read encrypted extensions
depth=0 CN=server.example
verify error:num=20:unable to get local issuer certificate
verify return:1
depth=0 CN=server.example
verify error:num=21:unable to verify the first certificate
verify return:1
depth=0 CN=server.example
verify return:1
SSL_connect:SSLv3/TLS read server certificate
SSL_connect:TLSv1.3 read server certificate verify
SSL_connect:SSLv3/TLS read finished
SSL_connect:SSLv3/TLS write change cipher spec
SSL_connect:SSLv3/TLS write finished
DONE
SSL3 alert write:warning:close notify
