CONNECTED(00000003)
>>> TLS 1.0, RecordHeader [length 0005]
    16 03 01 00 d6
>>> TLS 1.3, Handshake [length 00d6], ClientHello
    01 00 00 d2 03 03 75 5c 59 cb a9 fb c8 66 70 70
    65 82 ae f5 11 55 d2 09 c9 0c cc a3 1b 17 ac 04
    c6 18 a8 9d ce 86 20 e7 98 7a b2 45 9f 34 0c d0
    4a 8f 17 b6 0b af ee 81 3b 4b 52 8c 3e 54 52 95
    62 71 3b 24 20 ce e5 00 06 13 02 13 03 13 01 01
    00 00 83 00 0b 00 04 03 00 01 02 00 0a 00 06 00
    04 11 ec 00 1d 00 23 00 00 00 16 00 00 00 17 00
    00 00 0d 00 2a 00 28 09 05 09 06 09 04 04 03 05
    03 06 03 08 07 08 08 08 1a 08 1b 08 1c 08 09 08
    0a 08 0b 08 04 08 05 08 06 04 01 05 01 06 01 00
    2b 00 03 02 03 04 00 2d 00 02 01 01 00 33 00 26
    00 24 00 1d 00 20 a4 86 e2 41 51 ea e0 8a af 63
    d6 b4 02 49 a9 e0 e6 d2 d1 12 ef aa 15 e2 e8 a6
    74 68 b6 1a 83 29
<<< TLS 1.2, RecordHeader [length 0005]
    16 03 03 00 58
<<< TLS 1.3, Handshake [length 0058], ServerHello
    02 00 00 54 03 03 cf 21 ad 74 e5 9a 61 11 be 1d
    8c 02 1e 65 b8 91 c2 a2 11 16 7a bb 8c 5e 07 9e
    09 e2 c8 a8 33 9c 20 e7 98 7a b2 45 9f 34 0c d0
    4a 8f 17 b6 0b af ee 81 3b 4b 52 8c 3e 54 52 95
    62 71 3b 24 20 ce e5 13 02 00 00 0c 00 2b 00 02
    03 04 00 33 00 02 11 ec
>>> TLS 1.2, RecordHeader [length 0005]
    14 03 03 00 01
>>> TLS 1.3, ChangeCipherSpec [length 0001]
    01
>>> TLS 1.2, RecordHeader [length 0005]
    16 03 03 05 76
>>> TLS 1.3, Handshake [length 0576], ClientHello
    01 00 05 72 03 03 75 5c 59 cb a9 fb c8 66 70 70
    65 82 ae f5 11 55 d2 09 c9 0c cc a3 1b 17 ac 04
    c6 18 a8 9d ce 86 20 e7 98 7a b2 45 9f 34 0c d0
    4a 8f 17 b6 0b af ee 81 3b 4b 52 8c 3e 54 52 95
    62 71 3b 24 20 ce e5 00 06 13 02 13 03 13 01 01
    00 05 23 00 0b 00 04 03 00 01 02 00 0a 00 06 00
    04 11 ec 00 1d 00 23 00 00 00 16 00 00 00 17 00
    00 00 0d 00 2a 00 28 09 05 09 06 09 04 04 03 05
    03 06 03 08 07 08 08 08 1a 08 1b 08 1c 08 09 08
    0a 08 0b 08 04 08 05 08 06 04 01 05 01 06 01 00
    2b 00 03 02 03 04 00 2d 00 02 01 01 00 33 04 c6
    04 c4 11 ec 04 c0 d0 05 a7 7c a8 79 63 82 53 c7
    36 35 bb 29 55 92 f8 77 b6 07 93 3a b0 1e a1 45
    42 09 63 84 81 ab 82 fc b4 b7 1e 51 13 f4 f8 6c
    28 ea 6b d0 a7 c9 bd b8 78 79 b5 c5 06 77 a0 a3
    a1 c3 16 c6 16 dc a6 93 1c 12 80 6c cb 9e 9b c3
    2f 58 e7 a4 69 ec c7 ea 3a 0b d3 61 87 6d 35 6c
    79 57 3e cb 3a 10 c7 81 8c da 98 a7 4f c3 92 74
    a1 3f f6 ec 42 00 92 13 11 96 34 18 c1 71 1a 3a
    51 63 d3 4a 6d 43 04 83 c9 cd 12 33 89 b1 92 1e
    31 08 c7 a7 67 57 8d 26 23 94 20 ce e1 78 7d 7b
    55 bf 7d e1 92 d0 20 6b 7e 39 23 2a 15 65 48 2c
    6d 60 70 51 5f 7c 33 f4 87 b7 51 2b 1f e7 82 ad
    15 2a b6 64 27 17 62 b8 18 5a b0 28 e1 49 bd 05
    41 43 a5 60 90 99 a3 56 17 98 a5 ac da 15 dc f5
    69 52 54 02 f2 5c 5f bc 05 ac 69 26 b0 ed d1 95
    69 15 cb 45 89 10 5c 12 87 fb 80 6b 1c 6b b1 a9
    16 0a e5 53 33 64 42 52 94 c5 76 5d d8 06 7e 03
    89 67 52 9b 10 28 9c 33 24 8e c0 db 79 71 ea 89
    04 86 06 a2 c0 93 8d bc 82 12 99 cd 00 cd 8e dc
    16 6e 10 11 5a ac 48 63 ac a0 7a 3a 65 6a b9 49
    be 13 45 c3 e2 47 a5 df 5c 67 d5 49 11 b4 a1 86
    19 99 9c e3 c3 88 38 d3 72 38 53 a5 9b 06 b9 48
    5b b9 ff 63 61 35 91 9b de 8a 6d 39 ac ba b0 88
    ce 86 c1 08 61 99 be 9a 73 62 23 23 c1 7a d1 09
    92 e2 b8 3e 4b 3e 72 9c af ed fa 28 46 03 6f d7
    3a 3e 6c 93 97 d0 70 c0 35 23 46 30 55 85 e1 7a
    a9 b7 d3 46 6f d7 ca b3 51 8f 7b b8 37 25 66 21
    eb 86 43 6c 59 c3 ab 06 06 dd 30 24 5d 77 be 19
    bc 44 00 ca 07 a1 35 76 30 28 a2 58 71 9c 3c 9a
    6d 6c 9a 84 24 89 4b 06 30 b3 17 0a 87 f0 1a 01
    88 d3 64 52 a1 59 35 b3 27 bb dc 32 85 79 2b 20
    54 4e 38 aa c2 cb 49 18 a7 b5 03 cc 88 ce f3 e8
    1b a5 d0 27 14 e9 5b 73 fc 80 d3 a4 89 fb 93 29
    26 73 68 5e 68 b6 86 18 4d db a7 17 a5 4a 37 6f
    f8 6e a6 16 9d 94 56 a9 e8 46 75 b6 32 55 9e c8
    aa 09 4b 1a 75 db 75 fa 7b 90 a8 57 1f 08 a7 68
    04 96 c1 cf 54 b9 a5 7a 7b cc d9 c2 12 72 0e a6
    a6 8e fa 78 05 6e 35 36 fd bc 5b f4 74 61 99 d0
    26 52 9b c3 5e d7 61 f4 0c 7c 30 c2 c4 cb 16 ae
    73 53 74 4f f7 ce 7b 00 0a ae 45 9f 3b e0 0c f9
    1c ce 90 73 bb 90 90 04 a5 ec 7d 8b 48 3b 25 4c
    42 bc 82 8a 30 3b 4d bd c0 b0 f4 74 7d 2a 15 4a
    26 d6 1b d9 58 1b f4 b8 b6 1c b5 0b 55 ac 0b 44
    44 51 89 ba ae 43 6b 77 ef 65 40 7a fa 9f 1f 2a
    aa 5a 98 28 b1 8b 67 5c ca 7c 83 a0 a0 38 d2 53
    f8 97 c0 e0 99 78 0e d7 77 32 1c 93 dd 10 bf f5
    e1 31 c7 c8 8f 92 e3 ca 20 64 4c 15 b5 60 06 e6
    a1 c9 e9 3b 9e 81 75 ca 29 74 7a ab 61 00 23 17
    64 f3 1b 0f 81 34 77 d4 bd 5c a5 57 19 38 48 a8
    a9 b9 f6 d8 5e bb 61 59 51 00 9d 77 d6 04 95 b1
    a3 59 71 0d d9 6b 3a 63 a8 8f c2 32 58 aa 4c 58
    9e b8 a6 62 f0 22 d2 5a be d7 e2 ac 85 51 1a 14
    25 19 47 00 30 35 57 bd 7a 26 79 09 35 8b 6d a0
    39 97 27 02 f5 bb 68 ed 4b 9d 79 f2 37 a0 0c 9f
    9e 84 23 6d 5c 6d 0f c2 a5 44 14 59 3d 91 b0 5e
    45 9d 1d 1b 2c 55 46 a3 ac 61 97 94 e0 6e 3e dc
    3d d0 3a 44 a2 bb 1a 2a 23 c5 96 d3 45 1c 96 4d
    2d 02 2f 5a 39 b2 85 9b 6a 79 d1 3d d2 e1 11 49
    1a 5b b8 e0 4b 26 d5 1f a1 7c 9d d6 30 b9 a8 f9
    81 77 77 7b 2e 40 98 39 19 82 d8 ca bf fe f0 51
    8b 50 3e 7b 7a a5 23 71 23 9b cb 9e 45 c2 4d ae
    12 b9 e3 6c 64 69 a1 86 34 cc 24 72 98 93 b2 ba
    1f 2c 88 b6 8c 33 c1 f0 58 6a b0 0a 0c 3a 9b cc
    22 61 25 e5 c8 4b 9a e0 73 f4 40 a6 1b 55 22 1f
    18 8a 9e d7 33 f6 5a cf ee e0 05 95 e9 14 56 08
    5a 47 25 3b ef f9 85 fb 58 b8 ce 78 a4 e6 31 b2
    61 f1 14 6b 88 05 51 61 bd 63 36 ac 07 54 89 d6
    7a 6e 7d c5 5c 0f dc a3 21 40 0f cf 85 ac 10 e3
    03 06 81 00 b8 bc 42 10 14 7a b5 6c a5 b9 61 38
    f7 27 42 cb b7 aa 98 f5 19 08 27 b3 63 92 9f 80
    c0 06 76 c4 a2 d5 16 93 7a 1a c4 79 cb 5b 60 ac
    83 ef 90 34 bc 7c 2d 5b 14 07 fa 3c af 6e 9c 50
    d6 29 c5 b2 e3 bb 08 4e b7 ba 85 10 b6 9b 81 54
    b5 27 ff da e5 9c d9 c1 aa 10 be bd 08 84 e3 f6
    5d c2 17 60 ab b4 e6 34 a9 1f 25 20 0c 6e 15 d5
    93 26 62 74 1d 45 fe a5 1e b4 dc 0e 20 18 95 b5
    ef 45 68 d1 02 74
<<< TLS 1.2, RecordHeader [length 0005]
    14 03 03 00 01
<<< TLS 1.3, ChangeCipherSpec [length 0001]
    01
<<< TLS 1.2, RecordHeader [length 0005]
    16 03 03 04 ba
<<< TLS 1.3, Handshake [length 04ba], ServerHello
    02 00 04 b6 03 03 36 a5 5c a4 e0 a0 44 8d 0b 0c
    3d 2e 0c d4 0a 47 12 72 db 50 34 07 5f 51 7f 12
    a4 65 d0 f3 29 38 20 e7 98 7a b2 45 9f 34 0c d0
    4a 8f 17 b6 0b af ee 81 3b 4b 52 8c 3e 54 52 95
    62 71 3b 24 20 ce e5 13 02 00 04 6e 00 2b 00 02
    03 04 00 33 04 64 11 ec 04 60 b5 9f 37 28 83 77
    73 f2 7f 8a d3 53 53 46 64 25 3f 70 fe 41 b9 98
    f4 2f dd 85 b0 91 4f 51 2d b9 33 45 76 e6 05 bb
    3d 6d b0 29 32 ea 59 44 72 2f ed 20 80 f8 f8 fc
    12 05 cb 9a af 04 ab 2a c4 e7 e8 4b 4e fb 12 b7
    f8 ef 30 29 42 f6 5e f2 f4 b3 87 1f 0d 9c ec c3
    ea c1 9f 1c 7d c1 ac ff fa 21 4a 96 c1 44 9b b2
    59 09 63 c2 87 35 74 b3 2b 2e c3 d7 9d 53 88 26
    19 48 89 f7 4c 00 ff c4 5d 0b fa d3 f5 70 3e 90
    57 c2 1e 5e fc 1a 2d 69 bb 37 7d e1 ca 11 25 88
    5b 2b ae 5d a6 90 cc 25 4b 9d 14 af 74 32 60 8d
    94 a4 34 eb 13 00 5d 49 d9 7c cb 0b 99 f2 1d a2
    8e 2d c4 16 07 5c 6d e3 5d 5d c1 63 0c ea a7 f7
    79 40 2e 32 58 fc 3d a5 ec e6 c8 c0 9e a5 88 7a
    23 2e ee 8f 1f db 6d e8 76 9e 8c 75 37 fc 6e d8
    ae 90 d0 81 f1 4f 6d a3 19 6d 33 49 49 fe b2 2b
    1d 12 44 a3 25 f9 83 93 d0 1d 51 cb 10 dc 2a d6
    57 e8 a3 5e 9c dd 53 ae bf d2 44 b1 5c ea 34 f1
    35 2f db 2a c0 ca 92 f2 33 18 bb 81 b7 53 50 6c
    e4 31 3a 25 1f d4 c9 3e f8 62 58 ce dc 97 10 66
    8a 12 99 26 90 38 bd 53 a6 d7 de 8a c5 a9 40 9e
    f5 c7 25 d6 26 c4 0a f5 62 50 ce 3f 0c 54 6a 5d
    f8 b9 6d 1a 92 9b 5b f0 b5 32 f8 33 5f 8d 27 42
    97 ae b6 fd bf a6 da 8f 6d 91 1d ed 60 c5 72 70
    95 32 01 d1 60 48 00 58 a0 17 ac c9 af 78 5c 27
    36 e3 99 56 b0 6e ec 48 1b ec 79 0c 06 a2 9e 6e
    e3 28 36 fd 09 c1 35 f7 73 bd 1a fe 2c f3 47 7b
    89 b3 4d 9c 5b 09 2f a6 8e c7 32 6a 2c 19 4b ea
    37 37 87 48 95 8f 99 2e 4f b3 c5 93 49 79 10 96
    ac af 7e 37 75 b7 5f 61 b3 de cd 55 8e 1b 54 11
    ff 25 c9 85 44 98 82 84 09 a2 c7 5d 39 d0 ab 9f
    b6 85 ac 85 ca a2 32 b2 6c f8 a5 76 ee 82 63 eb
    ae f1 42 e0 66 a1 a5 94 be ba 95 f6 b3 c0 53 6b
    dd 2a d5 e8 6d b5 17 e6 98 1c 37 b3 0f bf 27 20
    74 60 5a 6c 87 59 e6 ca a8 fe 62 a9 23 28 6d ff
    4e 09 7a 2d dc 44 c8 54 c6 54 7c 8d 13 20 d4 a9
    b4 65 89 b9 1c c4 c9 fb b7 63 58 69 c4 e0 94 b6
    40 72 81 84 29 90 f5 61 74 d6 a6 2d 1c 54 b7 fb
    2d 65 59 4a dc ef d1 c1 22 33 4f 69 fc 8c 32 01
    cb fa af e6 2e 60 0e 33 df 5d ac 75 36 15 0d 86
    a5 57 a4 c6 bf 75 33 1a 08 31 2d d2 d9 59 2f 38
    a6 02 18 f4 2b 46 0c cc 8c 4c 50 d7 68 14 be 5d
    21 b9 4a 35 21 4f 63 4d f7 4e 04 43 d7 23 c3 d8
    fe ab 5b 2e 4f e0 71 7c a3 c7 eb a4 d8 ca af 2a
    35 91 13 e9 e3 32 27 ef d5 35 ae 8d 4e ad a8 f9
    b4 09 a2 80 00 ae d8 95 29 b8 81 5d 2c e3 aa 43
    77 c3 2f d2 a6 f4 33 0e d0 32 99 15 6d a3 8f 32
    a6 42 c8 62 4c b5 2f 4f 16 e1 46 93 21 b6 fa fb
    96 85 1e 15 d1 7c 9f 14 44 e9 f2 44 a2 17 3b 0b
    e9 7d b4 d9 14 e6 90 11 52 e1 a4 ea 89 a1 16 01
    42 46 2f c4 dd ca 95 5f c7 c3 ab 92 16 36 9a d9
    cf 83 33 7d 9c 6c 07 22 2f 0c 0b 57 f3 7b f5 f8
    06 f3 74 14 12 6e 8d e9 a9 47 8b 0b 25 c7 aa a6
    94 a5 6b ee 5d 0d de bc d8 33 a7 f1 70 2a 0e 1d
    7b 23 6d a2 b6 d5 fd 8a 56 ae ca 33 36 bf af a1
    cc 36 97 1a 74 21 cd 5e 02 61 7a f8 21 65 8a 10
    76 c6 cc 1c ce 26 44 ed 6f d9 2e 98 41 74 f1 9f
    a8 dd ac d3 d9 73 a0 ca 67 84 9c dc a7 5c 87 dc
    1d 39 0a cd 92 52 ba e3 19 ed 1a 28 ce 0c df ce
    35 1d 82 2e cf e7 66 b3 59 7b 0c f2 9d 79 1c c4
    cf fd e9 61 62 6e 07 85 f2 96 2b eb 69 9d 07 8c
    c7 31 80 e5 ee 31 c1 ba 10 6d e6 1f 29 b4 38 72
    ce 56 77 47 88 62 60 dd c1 84 64 fb 71 33 f6 c2
    62 9f 7d ed 6f da bc f3 34 c0 bf a4 4f 0a b1 70
    8b 0d 31 61 ec 53 6c 75 2e 26 ea e5 46 d4 28 86
    3b 17 66 30 a0 5e 2a 31 ca 62 f2 92 7c c8 af a0
    2d 72 cc c1 60 79 71 9f d7 97 9e b5 85 2e 2a b1
    fd 73 15 ec 73 10 45 34 54 f1 f1 8d ee 5a 00 02
    15 e8 d1 24 0a 9b 70 10 2d 0e 9d 5d d2 13 3f 26
    69 b3 12 0c 01 45 6c 98 56 a8 df 23 ca ee 09 a7
    2e d1 c5 ef d4 61 b9 d0 2b 47
<<< TLS 1.2, RecordHeader [length 0005]
    17 03 03 00 17
<<< TLS 1.3, InnerContent [length 0001]
    16
<<< TLS 1.3, Handshake [length 0006], EncryptedExtensions
    08 00 00 02 00 00
<<< TLS 1.2, RecordHeader [length 0005]
    17 03 03 03 47
<<< TLS 1.3, InnerContent [length 0001]
    16
<<< TLS 1.3, Handshake [length 0336], Certificate
    0b 00 03 32 00 00 03 2e 00 03 29 30 82 03 25 30
    82 02 0d a0 03 02 01 02 02 01 02 30 0d 06 09 2a
    86 48 86 f7 0d 01 01 0b 05 00 30 12 31 10 30 0e
    06 03 55 04 03 0c 07 52 6f 6f 74 20 43 41 30 20
    17 0d 31 36 30 31 31 34 32 32 32 39 34 36 5a 18
    0f 32 31 31 36 30 31 31 35 32 32 32 39 34 36 5a
    30 19 31 17 30 15 06 03 55 04 03 0c 0e 73 65 72
    76 65 72 2e 65 78 61 6d 70 6c 65 30 82 01 22 30
    0d 06 09 2a 86 48 86 f7 0d 01 01 01 05 00 03 82
    01 0f 00 30 82 01 0a 02 82 01 01 00 d5 5d 60 6a
    df fc 61 ee 48 aa 8c 11 48 43 a5 6d b6 52 5d aa
    98 49 b1 61 92 35 b1 fc 3a 04 25 0c 6d 79 ff b4
    d5 c9 e9 5c 1c 3b e0 ab b3 b8 7d a3 de 6d bd e0
    dd d7 5a bf 14 47 11 42 5e a6 82 d0 61 c1 7f dd
    13 46 e6 09 85 07 0e f2 d4 fc 1a 64 d2 0a ad 20
    ab 20 6b 96 f0 ad cc c4 19 53 55 dc 01 1d a4 b3
    ef 8a b4 49 53 5d 8a 05 1c f1 dc e1 44 bf c5 d7
    e2 77 19 57 5c 97 0b 75 ee 88 43 71 0f ca 6c c1
    b4 b2 50 a7 77 46 6c 58 0f 11 bf f1 76 24 5a ae
    39 42 b7 51 67 29 e1 d0 55 30 6f 17 e4 91 ea ad
    f8 28 c2 43 6f a2 64 a9 fb 9d 98 92 62 48 3e eb
    0d 4f 82 4a 8a ff 3f 72 ee 96 b5 ae a1 c1 98 ba
    ef 7d 90 75 6d ff 5a 52 9e ab f5 c0 7e d0 87 43
    db 85 07 07 0f 7d 38 7a fd d1 d3 ee 65 1d d3 ea
    39 6a 87 37 ee 4a d3 e0 0d 6e f5 70 ac c2 bd f1
    6e f3 92 95 5e a9 f0 a1 65 95 93 8d 02 03 01 00
    01 a3 7d 30 7b 30 1d 06 03 55 1d 0e 04 16 04 14
    c0 e7 84 bf e8 59 27 33 10 b0 52 4f 51 52 2f 06
    d6 c0 7a cd 30 1f 06 03 55 1d 23 04 18 30 16 80
    14 70 7f 2e ae 83 68 59 98 04 23 2a cd eb 3e 17
    cd 24 dd 01 49 30 09 06 03 55 1d 13 04 02 30 00
    30 13 06 03 55 1d 25 04 0c 30 0a 06 08 2b 06 01
    05 05 07 03 01 30 19 06 03 55 1d 11 04 12 30 10
    82 0e 73 65 72 76 65 72 2e 65 78 61 6d 70 6c 65
    30 0d 06 09 2a 86 48 86 f7 0d 01 01 0b 05 00 03
    82 01 01 00 7b d3 04 43 75 8a 0f 11 ae c4 fb d7
    a1 a2 9e fe 20 18 d5 f4 2f 31 88 46 b6 75 8c ee
    e5 9b 97 a6 b9 a3 cd 60 9a 46 c3 48 97 e5 97 68
    f7 5a 86 35 73 d9 69 9e f9 5f 74 b9 e6 94 13 01
    cb 6a dc e3 c4 04 e9 65 da 9c a4 8b 28 f3 f9 9a
    7f bf 97 1f 45 92 e5 05 b1 56 e6 0b f6 47 de 1e
    89 b6 2b e1 4d df 4a 7e 01 d3 23 dc 97 8c 47 fe
    5f c7 cc 98 46 0e c4 83 5b ca 8a f1 52 09 be 6b
    ec 3f 09 8b d0 93 02 bf e1 51 e7 d1 7e 34 56 19
    74 d0 ff 28 25 de b7 9f 56 52 91 7d 20 29 85 0a
    80 44 5f 71 32 25 71 0f c2 16 e2 5f 6b 1d 3f 32
    5b 0a 3c 74 1c b9 62 f1 ed 07 50 a3 6d b4 b4 31
    0a c0 53 44 6a 3a 88 84 8b 2d a9 b0 37 8e e6 18
    36 bd 9a 20 40 0f 01 92 8b 3d aa 61 e7 ae 2c ed
    36 cd 3a 07 86 74 3a 29 b3 d7 3a b4 00 a9 c2 f5
    92 78 0e e2 0f a3 fe bb be e0 06 53 84 59 1d 90
    69 e5 b6 f9 00 00
<<< TLS 1.2, RecordHeader [length 0005]
    17 03 03 01 19
<<< TLS 1.3, InnerContent [length 0001]
    16
<<< TLS 1.3, Handshake [length 0108], CertificateVerify
    0f 00 01 04 08 04 01 00 7f 03 a5 bb fe d1 f6 be
    5a 90 1f 00 ac fd 93 08 f6 9f e1 3d 8b 9a 9d 3e
    29 7e ac ba ce fb 50 5f 3b e8 54 60 ce 94 ab 81
    6a 3a 2e 70 1b b6 8c c1 28 76 8d 93 f1 18 28 42
    ef a8 18 88 6a 4e f7 7f ff c7 a8 7b 10 f8 ea 78
    a0 a0 e3 d5 c4 c1 5b 20 1e 77 48 a7 2d 2f fc d2
    b6 d5 c7 c0 b2 3b 00 37 8b d2 2d 63 1e f6 a7 73
    72 51 9f 35 9a 8c e7 ee 2b f5 2b 09 6c e3 ac 65
    13 be c3 b1 02 7d 65 83 25 22 b1 c3 ef 08 98 1e
    f4 8a ed 51 99 a8 2e dc 63 c8 3d 52 77 ac 5b 3e
    7c 04 dd 2e 78 54 4c 1f 1a 8b ba d9 df da 64 28
    75 80 3c 8f 6f dc 92 01 58 60 26 39 b5 17 7c c2
    82 49 78 c2 b6 30 84 df c7 4e 53 7d d0 96 59 95
    78 71 b3 35 14 d1 3c 5e 44 36 a6 93 11 0a ed cd
    a5 58 9d 0d 61 b2 e0 17 11 fe f8 71 5e 55 cd 4d
    8c 35 23 a6 04 ed 9d c3 f7 55 de 11 d7 c9 56 9c
    82 42 91 24 1a 4d 9e 06
<<< TLS 1.2, RecordHeader [length 0005]
    17 03 03 00 45
<<< TLS 1.3, InnerContent [length 0001]
    16
<<< TLS 1.3, Handshake [length 0034], Finished
    14 00 00 30 5b 90 d0 8e 65 80 22 9f 9b 77 cc a4
    c1 ae 8d aa f9 6a bc 78 43 50 70 08 79 c7 05 11
    27 cd 8f 51 8e 59 01 0f 9f e8 d2 ba e4 3c 8a 03
    32 22 71 9e
>>> TLS 1.2, RecordHeader [length 0005]
    17 03 03 00 45
>>> TLS 1.2, InnerContent [length 0001]
    16
>>> TLS 1.3, Handshake [length 0034], Finished
    14 00 00 30 cf 35 65 d4 9c 25 a0 e0 ae 08 27 69
    6d 15 17 8c 81 12 02 5f 02 85 a2 8d bc cb ea 67
    c7 e3 7b e8 87 92 91 da fd 2a a1 30 20 53 a8 b0
    5c 4f 59 20
---
Certificate chain
 0 s:CN=server.example
   i:CN=Root CA
   a:PKEY: RSA, 2048 (bit); sigalg: sha256WithRSAEncryption
   v:NotBefore: Jan 14 22:29:46 2016 GMT; NotAfter: Jan 15 22:29:46 2116 GMT
---
Server certificate
-----BEGIN CERTIFICATE-----
MIIDJTCCAg2gAwIBAgIBAjANBgkqhkiG9w0BAQsFADASMRAwDgYDVQQDDAdSb290
IENBMCAXDTE2MDExNDIyMjk0NloYDzIxMTYwMTE1MjIyOTQ2WjAZMRcwFQYDVQQD
DA5zZXJ2ZXIuZXhhbXBsZTCCASIwDQYJKoZIhvcNAQEBBQADggEPADCCAQoCggEB
ANVdYGrf/GHuSKqMEUhDpW22Ul2qmEmxYZI1sfw6BCUMbXn/tNXJ6VwcO+Crs7h9
o95tveDd11q/FEcRQl6mgtBhwX/dE0bmCYUHDvLU/Bpk0gqtIKsga5bwrczEGVNV
3AEdpLPvirRJU12KBRzx3OFEv8XX4ncZV1yXC3XuiENxD8pswbSyUKd3RmxYDxG/
8XYkWq45QrdRZynh0FUwbxfkkeqt+CjCQ2+iZKn7nZiSYkg+6w1PgkqK/z9y7pa1
rqHBmLrvfZB1bf9aUp6r9cB+0IdD24UHBw99OHr90dPuZR3T6jlqhzfuStPgDW71
cKzCvfFu85KVXqnwoWWVk40CAwEAAaN9MHswHQYDVR0OBBYEFMDnhL/oWSczELBS
T1FSLwbWwHrNMB8GA1UdIwQYMBaAFHB/Lq6DaFmYBCMqzes+F80k3QFJMAkGA1Ud
EwQCMAAwEwYDVR0lBAwwCgYIKwYBBQUHAwEwGQYDVR0RBBIwEIIOc2VydmVyLmV4
YW1wbGUwDQYJKoZIhvcNAQELBQADggEBAHvTBEN1ig8RrsT716Ginv4gGNX0LzGI
RrZ1jO7lm5emuaPNYJpGw0iX5Zdo91qGNXPZaZ75X3S55pQTActq3OPEBOll2pyk
iyjz+Zp/v5cfRZLlBbFW5gv2R94eibYr4U3fSn4B0yPcl4xH/l/HzJhGDsSDW8qK
8VIJvmvsPwmL0JMCv+FR59F+NFYZdND/KCXet59WUpF9ICmFCoBEX3EyJXEPwhbi
X2sdPzJbCjx0HLli8e0HUKNttLQxCsBTRGo6iISLLamwN47mGDa9miBADwGSiz2q
YeeuLO02zToHhnQ6KbPXOrQAqcL1kngO4g+j/ru+4AZThFkdkGnltvk=
-----END CERTIFICATE-----
subject=CN=server.example
issuer=CN=Root CA
---
No client certificate CA names sent
Peer signing digest: SHA256
Peer signature type: rsa_pss_rsae_sha256
Negotiated TLS1.3 group: X25519MLKEM768
---
SSL handshake has read 2546 bytes and written 1702 bytes
Verification error: unable to verify the first certificate
---
New, TLSv1.3, Cipher is TLS_AES_256_GCM_SHA384
Protocol: TLSv1.3
Server public key is 2048 bit
This TLS version forbids renegotiation.
Compression: NONE
Expansion: NONE
No ALPN negotiated
Early data was not sent
Verify return code: 21 (unable to verify the first certificate)
---
>>> TLS 1.2, RecordHeader [length 0005]
    17 03 03 00 13
>>> TLS 1.2, InnerContent [length 0001]
    15
>>> TLS 1.3, Alert [length 0002], warning close_notify
    01 00
Connecting to 127.0.0.1
SSL_connect:before SSL initialization
SSL_connect:SSLv3/TLS write client hello
SSL_connect:SSLv3/TLS write client hello
SSL_connect:SSLv3/TLS read server hello
SSL_connect:SSLv3/TLS write change cipher spec
SSL_connect:SSLv3/TLS write client hello
SSL_connect:SSLv3/TLS write client hello
SSL_connect:SSLv3/TLS read server hello
Can't use SSL_get_servername
SSL_connect:TLSv1.3 read encrypted extensions
depth=0 CN=server.example
verify error:num=20:unable to get local issuer certificate
verify return:1
depth=0 CN=server.example
verify error:num=21:unable to verify the first certificate
verify return:1
depth=0 CN=server.example
verify return:1
SSL_connect:SSLv3/TLS read server certificate
SSL_connect:TLSv1.3 read server certificate verify
SSL_connect:SSLv3/TLS read finished
SSL_connect:SSLv3/TLS write finished
DONE
SSL3 alert write:warning:close notify
