CONNECTED(00000003)
>>> TLS 1.0, RecordHeader [length 0005]
    16 03 01 00 d6
>>> TLS 1.3, Handshake [length 00d6], ClientHello
    01 00 00 d2 03 03 a6 ac 10 ea 90 5e 2c 6f 48 71
    97 65 21 d5 27 f6 b9 1c 20 48 d1 4a 44 e2 1a 76
    3f 9e ee 7e c6 d1 20 32 c8 f8 1a 6e 68 bd b6 34
    1a 43 97 43 85 da 94 a1 dc 58 5c 30 1a 90 ea 50
    19 70 37 bc d0 96 b1 00 06 13 02 13 03 13 01 01
    00 00 83 00 0b 00 04 03 00 01 02 00 0a 00 06 00
    04 00 1d 11 ec 00 23 00 00 00 16 00 00 00 17 00
    00 00 0d 00 2a 00 28 09 05 09 06 09 04 04 03 05
    03 06 03 08 07 08 08 08 1a 08 1b 08 1c 08 09 08
    0a 08 0b 08 04 08 05 08 06 04 01 05 01 06 01 00
    2b 00 03 02 03 04 00 2d 00 02 01 01 00 33 00 26
    00 24 00 1d 00 20 42 82 76 a4 d6 51 32 de 45 c4
    2b 5b 8b 24 09 4b 1e 3e e4 7b da 13 7f 9e 43 ec
    54 34 03 07 be 4a
<<< TLS 1.2, RecordHeader [length 0005]
    16 03 03 00 58
<<< TLS 1.3, Handshake [length 0058], ServerHello
    02 00 00 54 03 03 cf 21 ad 74 e5 9a 61 11 be 1d
    8c 02 1e 65 b8 91 c2 a2 11 16 7a bb 8c 5e 07 9e
    09 e2 c8 a8 33 9c 20 32 c8 f8 1a 6e 68 bd b6 34
    1a 43 97 43 85 da 94 a1 dc 58 5c 30 1a 90 ea 50
    19 70 37 bc d0 96 b1 13 02 00 00 0c 00 2b 00 02
    03 04 00 33 00 02 11 ec
>>> TLS 1.2, RecordHeader [length 0005]
    14 03 03 00 01
>>> TLS 1.3, ChangeCipherSpec [length 0001]
    01
>>> TLS 1.2, RecordHeader [length 0005]
    16 03 03 05 76
>>> TLS 1.3, Handshake [length 0576], ClientHello
    01 00 05 72 03 03 a6 ac 10 ea 90 5e 2c 6f 48 71
    97 65 21 d5 27 f6 b9 1c 20 48 d1 4a 44 e2 1a 76
    3f 9e ee 7e c6 d1 20 32 c8 f8 1a 6e 68 bd b6 34
    1a 43 97 43 85 da 94 a1 dc 58 5c 30 1a 90 ea 50
    19 70 37 bc d0 96 b1 00 06 13 02 13 03 13 01 01
    00 05 23 00 0b 00 04 03 00 01 02 00 0a 00 06 00
    04 00 1d 11 ec 00 23 00 00 00 16 00 00 00 17 00
    00 00 0d 00 2a 00 28 09 05 09 06 09 04 04 03 05
    03 06 03 08 07 08 08 08 1a 08 1b 08 1c 08 09 08
    0a 08 0b 08 04 08 05 08 06 04 01 05 01 06 01 00
    2b 00 03 02 03 04 00 2d 00 02 01 01 00 33 04 c6
    04 c4 11 ec 04 c0 f1 d0 40 4a 00 58 a6 24 3a 2c
    59 0d e8 47 b1 7a 89 46 ca e8 6d 18 90 b0 06 e5
    30 95 e4 ca a4 eb c9 1e 57 8e d8 90 a0 d3 88 a9
    37 72 c3 30 e4 54 86 23 6e ba 50 28 24 04 10 2c
    53 84 71 b3 24 42 f6 4e 93 a9 5d 0a 5c 70 a9 78
    36 59 7b 39 5e 09 53 b1 12 23 96 3a 9e 93 3c c0
    94 2b 9e fe 58 4e ea 41 78 6a 34 c0 e0 86 8e c9
    c3 c6 c1 f3 68 f6 b9 11 90 08 4a 4a 19 91 32 72
    4e d9 48 09 dd 72 11 b0 03 b7 6b f4 cb a7 37 aa
    b1 48 8b f9 d8 3e 43 30 2e d9 00 c6 67 a8 a9 df
    5b 73 ad 20 00 c0 a6 40 aa 64 67 a2 4b 0a 4f 12
    c6 5e 75 12 32 38 a7 75 16 75 b2 61 72 73 fb 2b
    9f 98 37 d3 52 5a 49 39 77 5c b2 bc 2d da 1a 13
    ab 05 86 a1 74 8e 61 63 3f 50 71 88 34 8d 60 35
    7f 46 63 95 3f 97 2d 02 b0 72 00 ca 75 ef 17 4a
    44 70 6d e4 94 cc 8b fa 00 3e c2 a7 d9 d4 48 3b
    94 46 c4 b8 48 89 33 32 42 02 0d 55 fa bb 2c e2
    18 e2 d4 c6 f8 98 c8 36 b4 7d 02 c3 4c bb ba c7
    0e f8 b7 42 90 15 1b 29 a9 98 ec 0e c7 34 39 d0
    a7 b7 d8 59 53 9b 86 06 f0 73 07 6c 06 30 97 24
    83 aa 52 51 ed 0b 98 85 e4 7c 2c 91 91 19 56 77
    0a f3 bf 00 64 68 ab 7a 9b 4b d9 8e aa 17 94 38
    40 15 41 5c 6c 07 59 71 54 26 6b 65 18 74 d9 d2
    5e 6f d6 ba 68 9b a5 8d 43 92 77 c1 6e 8a 32 a1
    1b 13 6d 67 9a 7e d4 cb ac 43 d8 b4 29 b4 07 f1
    d2 16 d6 55 95 a5 06 73 bb 5a 80 30 65 7f 9d d0
    ca 5c f0 c0 65 9c 73 6f c2 06 94 50 26 ee 4a 9a
    70 7a 03 d3 d1 0f 1b 43 58 a9 53 3b d6 a5 24 61
    cc 6f 13 09 85 d3 05 1b 63 53 10 39 a2 11 7c 0b
    8c 32 d2 47 36 51 18 2c 26 8a f5 59 9b 32 bc 56
    23 a3 34 49 9b a6 03 68 9b 29 dc 16 19 8c 3c 82
    60 0c e7 b2 47 46 c4 1d 5b f8 51 b0 f2 41 4f 63
    ad 59 d2 71 fe 82 a0 3b d2 57 c5 ac a1 fc a3 68
    a9 e3 95 16 e1 ba de 07 70 1c f5 52 1d 6c 34 cd
    b4 95 a4 c4 67 c3 0a 04 de f7 4d 9a a0 3c 67 e6
    72 22 38 bf 44 6c 9d 44 c9 1a 5b 04 13 c1 34 6d
    82 67 72 48 27 4e ae 60 12 3c 34 52 1d 19 9b 89
    2a 57 20 bb b3 3e a6 4d a9 18 64 e6 96 82 c2 da
    7c 57 b9 27 ab 07 94 80 31 19 8f f2 0b 0b 32 69
    76 a7 36 5d 33 83 5b 92 11 0b 8c ce 2c f4 5f cb
    6a 3d 8f 74 1f 34 61 b1 c2 d8 a1 71 a2 06 a8 47
    98 ab 78 39 5e 63 47 c4 64 25 d8 dc 2c ba 08 78
    03 f9 a9 f9 1b 81 86 12 09 7d c9 c2 34 16 78 dc
    99 53 ce db 7f c1 48 83 59 c8 88 a7 36 6b 62 72
    5a f8 35 3a 4b 0c c7 b7 53 a0 d2 68 1e bb e3 25
    92 09 05 cb 4a 1b 17 58 a3 19 21 35 28 a5 81 32
    87 b7 e3 08 44 41 c9 16 dd 2a 87 2d da 63 ae d5
    23 91 a1 9d 65 15 bb 4b 06 5f 44 2a 05 0a 93 83
    94 31 13 21 c3 a4 97 7b b6 0c eb c3 6a eb 73 86
    d2 14 e3 98 92 5a d7 90 2b e9 9f 42 98 39 b1 d6
    14 da f5 80 b1 87 a6 19 33 94 79 41 6f 99 d6 38
    76 cb 95 ba d2 27 9d d4 75 b2 54 82 c8 c5 83 dd
    e9 ca 9f 53 07 c5 f0 2f 2f c7 a7 db fb 79 ab db
    9e 0c 59 8f 58 28 50 b2 f8 b2 8c b4 c4 63 d5 aa
    58 37 2b 33 13 4c 68 90 35 3c 77 69 2c 57 7f 3f
    c5 0b b1 30 5f 35 33 37 47 75 cb 3c 69 ce f3 74
    35 04 10 37 e5 c6 3a da 3c 79 d6 6b 94 65 2c 29
    17 93 2e d4 12 7a cf 8b 39 fe c3 76 a2 d2 42 f2
    c7 71 5d ec af c9 36 16 4d 06 bc 94 11 66 fe 98
    38 e5 64 75 c8 a8 96 bf d7 02 82 dc 9b 53 bc 01
    40 14 0a ae c4 33 24 0b 48 e9 bb 16 cd c5 ca 84
    6a 14 59 e3 84 de 49 80 55 23 0a 7c 89 48 08 21
    a3 3e 38 cb f7 c6 a9 31 c9 bb c7 58 92 b2 77 cb
    81 83 64 fa d1 96 ab ca 99 83 f3 bb 67 59 cf 12
    64 5d 4f d1 02 ae ac ca d8 d0 9c 1d 4a 95 a1 dc
    b6 30 f0 94 79 e5 20 7f 13 2b 51 76 63 c0 79 8e
    5a 7a 38 8f b2 13 98 e6 39 97 c0 91 7c f8 8f 60
    44 c4 a8 87 74 0a 74 0d 44 6a bc 4a 38 21 6d 18
    86 3f 90 ae 5e 14 8c 0b e9 75 f9 28 4e 23 82 6a
    1c 51 7d 78 9b 11 7c 65 ac 13 41 7e 72 6c 78 a5
    a8 2e ca 35 c8 4f 69 6e 7d 76 71 be 05 ba 16 d7
    16 1d 07 5a 45 a0 cd 8d 43 0f 65 28 9c 5f d8 cc
    6e d1 40 b8 52 c3 bb 33 5a 94 c0 40 63 7e 6b 2d
    f6 d9 78 87 39 54 7c 7f d4 22 4d 7c 34 92 d5 80
    77 23 57 ba 7a 87 9f 7f 46 3e 7c 8c 9b e2 3b c3
    f6 e3 2c 37 c2 8d 8a d5 aa 1f da 3a 82 e9 9b 0c
    98 98 e4 7b 9f 4c
<<< TLS 1.2, RecordHeader [length 0005]
    14 03 03 00 01
<<< TLS 1.3, ChangeCipherSpec [length 0001]
    01
<<< TLS 1.2, RecordHeader [length 0005]
    16 03 03 04 ba
<<< TLS 1.3, Handshake [length 04ba], ServerHello
    02 00 04 b6 03 03 03 d1 02 73 ec a4 92 f8 36 36
    58 ad 93 15 dd 19 84 e6 47 b0 5f 40 75 9e f4 29
    b3 06 5c f9 26 de 20 32 c8 f8 1a 6e 68 bd b6 34
    1a 43 97 43 85 da 94 a1 dc 58 5c 30 1a 90 ea 50
    19 70 37 bc d0 96 b1 13 02 00 04 6e 00 2b 00 02
    03 04 00 33 04 64 11 ec 04 60 4d d3 ad dd 28 93
    c0 d6 51 7a cb 2e 64 20 69 e9 0f dd bf 8c 9d 18
    57 cd bb 5e a3 1f 36 71 a3 35 ee 82 f0 c2 79 0d
    be 7d 81 05 c6 0b 5e 1a 5b 5d 4c 07 5c 1e ed f7
    d0 91 ad 18 7d 0f 2e f3 e2 b2 1d bb da c6 61 e6
    5c d7 9d 2a 46 6f 9c 81 b6 2b 55 25 47 fe cd 7d
    c1 b3 ef 11 7d 6d d4 fd 71 48 db fc 64 48 65 6f
    b6 ae bf 03 20 da e3 66 19 83 81 05 f3 d0 6d 18
    37 ef 0c 67 53 48 c0 b3 ed ed 78 f9 87 ae 9c 2f
    50 3d 4b 36 96 01 45 ce a1 d6 41 60 1a 69 ce 54
    d7 61 1f 10 7a 92 e5 f8 bb b0 69 05 ab bb 02 76
    dc a5 9c d6 4b df f9 33 e6 17 c8 b1 e7 77 88 0f
    2b a1 2f 3a c8 51 12 21 19 eb 2c a7 8a 84 79 87
    d4 76 ec 96 bc f4 bf 46 33 99 f5 b2 0a 12 10 82
    0e ad f8 0f 63 34 b9 b4 6a 3e 9c 1a 6e db d0 eb
    ea 8d 26 99 0c a1 80 87 67 07 0d 99 31 f4 ab db
    27 46 97 03 71 ab 0e c1 fb d2 f0 5d 25 bc 74 58
    19 b5 6b 54 7d 01 11 26 ed d5 09 59 5b 98 23 9e
    16 5f 79 bf a0 24 05 b7 fa 00 4a 4d 62 92 ef 32
    de b9 65 44 cb bd cb 8c 38 8e aa 7d 28 18 1c 33
    d3 e0 cd 9f 0b dc db f2 5d da 94 09 49 5f 13 d9
    b0 e6 41 55 ea 4e 98 f4 f2 e5 a9 b1 06 61 c7 86
    a8 2b 0f 22 70 e7 11 9d 6d 73 6f a1 b4 0a 53 4e
    b4 73 d2 0b cf 52 b0 95 c9 72 44 00 56 08 80 83
    76 75 f2 ca 5c 9a f6 7c 81 f1 33 59 dc b8 06 ce
    7a 0b 15 61 99 18 0a b1 4c cf 46 0e 6b 66 2b 0c
    16 67 dd 4f a3 46 20 e0 ee 48 3f bc 30 66 ad 91
    c1 34 e1 23 3f 70 3e a5 ad 8e 2b d6 b4 08 4f 77
    71 9f 54 54 53 1a c2 43 e5 f2 56 25 4e 39 6c b4
    8a ed fc 97 49 95 59 05 74 1e 67 95 0f 89 55 2c
    fe 0e 83 4e 61 b0 a4 54 19 49 27 03 f6 64 a0 4c
    55 92 28 33 10 53 06 8d f6 ba f6 52 3c b4 c2 7f
    eb 72 e4 20 3d 98 14 d3 d4 03 6d a9 34 84 c9 2a
    0d 2e 02 8d 3a f2 98 d8 32 6b 4c 2c a6 6f 07 27
    6b 3d dc be d3 51 6e d3 f6 29 f9 02 a4 3e e9 b3
    3a bd df 55 40 2a f1 cd 34 cf d2 4e 83 92 4e ff
    d7 e8 ad 77 2f a0 0d bb ac ab e0 f9 b8 0d 1e cd
    d6 61 a7 fa 05 92 cc 7f bf 2b 57 27 0e 07 ed 20
    3f ae 90 27 03 00 77 a8 0e 90 f8 a1 de 0f dd 5d
    ed e2 75 92 45 3b 2c e3 6d e8 74 3d 8e 9d 0c 9a
    c5 6e 95 1e cc f4 60 3f b9 48 f9 a8 6e 7b 1a dd
    8f 69 c1 bd 73 5a 4c a4 b5 57 bf 94 b3 d8 35 d0
    e9 0a a7 e8 2d e3 d3 25 57 2b 7c 99 86 22 98 3f
    66 c1 7b d6 d0 bf b8 8c 4b e4 6c b8 ba 14 4c 49
    e0 ce a7 fc a5 7a 97 9a c2 fc 93 e2 c4 34 5c 5f
    4e 8c 03 7c ff e4 53 b6 78 f3 07 a3 52 4f 06 67
    f6 83 15 0f 59 2b 00 5d 67 a2 3e 6a 83 ea 6c 4a
    dd d2 bc a9 16 79 2d ae e5 55 1a 92 27 9b 8d f4
    ef 98 4a 53 c2 2c bf 67 a3 f8 42 e0 24 de 6b ef
    c9 84 06 ad a9 f4 a0 34 e6 fe a9 e3 01 0a 39 bb
    ef 9a 33 ee 5a a3 19 88 3f 12 52 31 92 a5 31 20
    a6 b4 d8 f1 c9 24 87 6b 33 39 ca dc ad d8 0b 5c
    7f 2d b3 e1 ec db 40 61 9f 12 82 e4 9c 68 23 5b
    d7 8a 88 26 f6 a9 ff 1e da d8 88 5e 23 43 95 ac
    3b 71 73 9f ec 08 39 3d 2f 1c 34 7c 7d 1e 9d 9e
    3c 49 c0 53 f0 36 f2 97 b4 21 6b a5 68 c7 e6 df
    e4 96 74 1e 3e e0 c7 db 05 2b 14 8a 33 22 94 bf
    46 4e 32 a0 3d 1f 6f 33 24 a8 25 74 37 a3 a4 d0
    8c 30 2e e3 ce 1e a1 60 a5 43 b5 b6 3e 73 f1 90
    1f 3c 23 36 82 e2 c5 ba 0f 1f 4f 57 a6 fd d8 eb
    ae 27 75 8f 24 80 4f 5b 4a 3b 96 a6 a4 33 dc e3
    fa f2 f3 04 b7 17 ee e0 80 26 05 49 c7 5d bf 5e
    70 0f a5 47 d3 f6 e1 b2 60 4e 29 a3 75 eb ca e1
    51 62 eb bc fe 78 b2 d8 79 22 84 c3 f3 28 a0 3d
    25 de 26 3e 3b 4c 03 60 d3 53 a2 65 ee eb 7d 7d
    e4 41 68 61 9e 5b 6f 68 b9 f6 ef 16 65 d8 7c 65
    03 e7 82 8c 0b db 87 27 ac 97 c4 e9 35 27 03 5f
    d3 d0 57 bf c7 14 d5 94 2f 2f 4c 82 6c e3 df ac
    cf 2d a5 fd 43 17 cd cf 11 44 5e 3c 5d 9c c3 a7
    5b 02 79 48 1e 38 ce 8a 3f e4 3f 2c 34 4e 9b c8
    1e e7 23 fe e5 d2 ea b1 97 78
<<< TLS 1.2, RecordHeader [length 0005]
    17 03 03 00 17
<<< TLS 1.3, InnerContent [length 0001]
    16
<<< TLS 1.3, Handshake [length 0006], EncryptedExtensions
    08 00 00 02 00 00
<<< TLS 1.2, RecordHeader [length 0005]
    17 03 03 03 47
<<< TLS 1.3, InnerContent [length 0001]
    16
<<< TLS 1.3, Handshake [length 0336], Certificate
    0b 00 03 32 00 00 03 2e 00 03 29 30 82 03 25 30
    82 02 0d a0 03 02 01 02 02 01 02 30 0d 06 09 2a
    86 48 86 f7 0d 01 01 0b 05 00 30 12 31 10 30 0e
    06 03 55 04 03 0c 07 52 6f 6f 74 20 43 41 30 20
    17 0d 31 36 30 31 31 34 32 32 32 39 34 36 5a 18
    0f 32 31 31 36 30 31 31 35 32 32 32 39 34 36 5a
    30 19 31 17 30 15 06 03 55 04 03 0c 0e 73 65 72
    76 65 72 2e 65 78 61 6d 70 6c 65 30 82 01 22 30
    0d 06 09 2a 86 48 86 f7 0d 01 01 01 05 00 03 82
    01 0f 00 30 82 01 0a 02 82 01 01 00 d5 5d 60 6a
    df fc 61 ee 48 aa 8c 11 48 43 a5 6d b6 52 5d aa
    98 49 b1 61 92 35 b1 fc 3a 04 25 0c 6d 79 ff b4
    d5 c9 e9 5c 1c 3b e0 ab b3 b8 7d a3 de 6d bd e0
    dd d7 5a bf 14 47 11 42 5e a6 82 d0 61 c1 7f dd
    13 46 e6 09 85 07 0e f2 d4 fc 1a 64 d2 0a ad 20
    ab 20 6b 96 f0 ad cc c4 19 53 55 dc 01 1d a4 b3
    ef 8a b4 49 53 5d 8a 05 1c f1 dc e1 44 bf c5 d7
    e2 77 19 57 5c 97 0b 75 ee 88 43 71 0f ca 6c c1
    b4 b2 50 a7 77 46 6c 58 0f 11 bf f1 76 24 5a ae
    39 42 b7 51 67 29 e1 d0 55 30 6f 17 e4 91 ea ad
    f8 28 c2 43 6f a2 64 a9 fb 9d 98 92 62 48 3e eb
    0d 4f 82 4a 8a ff 3f 72 ee 96 b5 ae a1 c1 98 ba
    ef 7d 90 75 6d ff 5a 52 9e ab f5 c0 7e d0 87 43
    db 85 07 07 0f 7d 38 7a fd d1 d3 ee 65 1d d3 ea
    39 6a 87 37 ee 4a d3 e0 0d 6e f5 70 ac c2 bd f1
    6e f3 92 95 5e a9 f0 a1 65 95 93 8d 02 03 01 00
    01 a3 7d 30 7b 30 1d 06 03 55 1d 0e 04 16 04 14
    c0 e7 84 bf e8 59 27 33 10 b0 52 4f 51 52 2f 06
    d6 c0 7a cd 30 1f 06 03 55 1d 23 04 18 30 16 80
    14 70 7f 2e ae 83 68 59 98 04 23 2a cd eb 3e 17
    cd 24 dd 01 49 30 09 06 03 55 1d 13 04 02 30 00
    30 13 06 03 55 1d 25 04 0c 30 0a 06 08 2b 06 01
    05 05 07 03 01 30 19 06 03 55 1d 11 04 12 30 10
    82 0e 73 65 72 76 65 72 2e 65 78 61 6d 70 6c 65
    30 0d 06 09 2a 86 48 86 f7 0d 01 01 0b 05 00 03
    82 01 01 00 7b d3 04 43 75 8a 0f 11 ae c4 fb d7
    a1 a2 9e fe 20 18 d5 f4 2f 31 88 46 b6 75 8c ee
    e5 9b 97 a6 b9 a3 cd 60 9a 46 c3 48 97 e5 97 68
    f7 5a 86 35 73 d9 69 9e f9 5f 74 b9 e6 94 13 01
    cb 6a dc e3 c4 04 e9 65 da 9c a4 8b 28 f3 f9 9a
    7f bf 97 1f 45 92 e5 05 b1 56 e6 0b f6 47 de 1e
    89 b6 2b e1 4d df 4a 7e 01 d3 23 dc 97 8c 47 fe
    5f c7 cc 98 46 0e c4 83 5b ca 8a f1 52 09 be 6b
    ec 3f 09 8b d0 93 02 bf e1 51 e7 d1 7e 34 56 19
    74 d0 ff 28 25 de b7 9f 56 52 91 7d 20 29 85 0a
    80 44 5f 71 32 25 71 0f c2 16 e2 5f 6b 1d 3f 32
    5b 0a 3c 74 1c b9 62 f1 ed 07 50 a3 6d b4 b4 31
    0a c0 53 44 6a 3a 88 84 8b 2d a9 b0 37 8e e6 18
    36 bd 9a 20 40 0f 01 92 8b 3d aa 61 e7 ae 2c ed
    36 cd 3a 07 86 74 3a 29 b3 d7 3a b4 00 a9 c2 f5
    92 78 0e e2 0f a3 fe bb be e0 06 53 84 59 1d 90
    69 e5 b6 f9 00 00
<<< TLS 1.2, RecordHeader [length 0005]
    17 03 03 01 19
<<< TLS 1.3, InnerContent [length 0001]
    16
<<< TLS 1.3, Handshake [length 0108], CertificateVerify
    0f 00 01 04 08 04 01 00 4d 11 32 7f 0d 8d 38 0e
    ce 6e 5a 99 2f 27 c2 0d 4f 62 0c ce 91 3a 8b 3f
    1f 2f ba b5 25 bf 21 b8 f2 54 b8 75 22 e2 04 e7
    f9 2f c5 4e 1d 63 d2 f0 cd 18 a0 cf a7 9d 55 f9
    58 c4 bf 2c b4 86 5c a0 47 c7 00 df fc 7b af 2a
    ec dc c7 9f 81 32 12 f3 39 6d aa d3 cc 1d 22 2f
    40 15 87 a8 ef fe b4 ba 9e 58 7a 84 c0 88 fa 04
    d1 e6 ee 08 c2 99 28 1c ad b0 5c 88 5b d0 69 1e
    7f cd 35 5f 9f 33 8c 92 f5 89 be c7 0e 5d 14 27
    51 4d c0 86 fa 33 71 99 e6 12 e3 ba bd 51 bf 8f
    b0 64 3b ef 1b d3 59 65 58 35 6d 03 36 7c 1d 94
    7a 7e fb 46 83 7f 27 eb b5 20 b6 f8 c6 a7 ff ce
    73 90 aa 5c 1d 13 32 4e 2e b4 ac f5 5c 2d b0 60
    ae 93 85 77 b2 db 77 34 e8 27 fa 06 13 ab a9 be
    8f e3 62 2f ce 51 1c a8 2b e9 89 dc ae a4 04 41
    9c d1 e5 2c f0 50 26 4c 97 1f 79 0c 2c 6d 45 ce
    0d f9 97 80 b3 aa 01 ac
<<< TLS 1.2, RecordHeader [length 0005]
    17 03 03 00 45
<<< TLS 1.3, InnerContent [length 0001]
    16
<<< TLS 1.3, Handshake [length 0034], Finished
    14 00 00 30 76 4b 86 3a 36 56 30 9b 32 d1 64 ec
    ac ba 15 5e 05 13 1c 53 29 5a 60 2a 6e 81 da d2
    90 0f 5b 8b 1b 5b e0 a2 fa 64 8a 20 25 52 f7 14
    d5 44 1a b9
>>> TLS 1.2, RecordHeader [length 0005]
    17 03 03 00 45
>>> TLS 1.2, InnerContent [length 0001]
    16
>>> TLS 1.3, Handshake [length 0034], Finished
    14 00 00 30 2a fe 4b d5 85 0e 0c 20 ae f1 63 05
    5d f9 e8 3f 06 8b 39 f4 50 64 20 18 9b f5 02 8a
    72 8e 40 75 5a 1b cf dd 01 ee cb 4d 91 86 16 22
    fa de 42 57
---
Certificate chain
 0 s:CN=server.example
   i:CN=Root CA
   a:PKEY: RSA, 2048 (bit); sigalg: sha256WithRSAEncryption
   v:NotBefore: Jan 14 22:29:46 2016 GMT; NotAfter: Jan 15 22:29:46 2116 GMT
---
Server certificate
-----BEGIN CERTIFICATE-----
MIIDJTCCAg2gAwIBAgIBAjANBgkqhkiG9w0BAQsFADASMRAwDgYDVQQDDAdSb290
IENBMCAXDTE2MDExNDIyMjk0NloYDzIxMTYwMTE1MjIyOTQ2WjAZMRcwFQYDVQQD
DA5zZXJ2ZXIuZXhhbXBsZTCCASIwDQYJKoZIhvcNAQEBBQADggEPADCCAQoCggEB
ANVdYGrf/GHuSKqMEUhDpW22Ul2qmEmxYZI1sfw6BCUMbXn/tNXJ6VwcO+Crs7h9
o95tveDd11q/FEcRQl6mgtBhwX/dE0bmCYUHDvLU/Bpk0gqtIKsga5bwrczEGVNV
3AEdpLPvirRJU12KBRzx3OFEv8XX4ncZV1yXC3XuiENxD8pswbSyUKd3RmxYDxG/
8XYkWq45QrdRZynh0FUwbxfkkeqt+CjCQ2+iZKn7nZiSYkg+6w1PgkqK/z9y7pa1
rqHBmLrvfZB1bf9aUp6r9cB+0IdD24UHBw99OHr90dPuZR3T6jlqhzfuStPgDW71
cKzCvfFu85KVXqnwoWWVk40CAwEAAaN9MHswHQYDVR0OBBYEFMDnhL/oWSczELBS
T1FSLwbWwHrNMB8GA1UdIwQYMBaAFHB/Lq6DaFmYBCMqzes+F80k3QFJMAkGA1Ud
EwQCMAAwEwYDVR0lBAwwCgYIKwYBBQUHAwEwGQYDVR0RBBIwEIIOc2VydmVyLmV4
YW1wbGUwDQYJKoZIhvcNAQELBQADggEBAHvTBEN1ig8RrsT716Ginv4gGNX0LzGI
RrZ1jO7lm5emuaPNYJpGw0iX5Zdo91qGNXPZaZ75X3S55pQTActq3OPEBOll2pyk
iyjz+Zp/v5cfRZLlBbFW5gv2R94eibYr4U3fSn4B0yPcl4xH/l/HzJhGDsSDW8qK
8VIJvmvsPwmL0JMCv+FR59F+NFYZdND/KCXet59WUpF9ICmFCoBEX3EyJXEPwhbi
X2sdPzJbCjx0HLli8e0HUKNttLQxCsBTRGo6iISLLamwN47mGDa9miBADwGSiz2q
YeeuLO02zToHhnQ6KbPXOrQAqcL1kngO4g+j/ru+4AZThFkdkGnltvk=
-----END CERTIFICATE-----
subject=CN=server.example
issuer=CN=Root CA
---
No client certificate CA names sent
Peer signing digest: SHA256
Peer signature type: rsa_pss_rsae_sha256
Negotiated TLS1.3 group: X25519MLKEM768
---
SSL handshake has read 2546 bytes and written 1702 bytes
Verification error: unable to verify the first certificate
---
New, TLSv1.3, Cipher is TLS_AES_256_GCM_SHA384
Protocol: TLSv1.3
Server public key is 2048 bit
This TLS version forbids renegotiation.
Compression: NONE
Expansion: NONE
No ALPN negotiated
Early data was not sent
Verify return code: 21 (unable to verify the first certificate)
---
>>> TLS 1.2, RecordHeader [length 0005]
    17 03 03 00 13
>>> TLS 1.2, InnerContent [length 0001]
    15
>>> TLS 1.3, Alert [length 0002], warning close_notify
    01 00
Connecting to 127.0.0.1
SSL_connect:before SSL initialization
SSL_connect:SSLv3/TLS write client hello
SSL_connect:SSLv3/TLS write client hello
SSL_connect:SSLv3/TLS read server hello
SSL_connect:SSLv3/TLS write change cipher spec
SSL_connect:SSLv3/TLS write client hello
SSL_connect:SSLv3/TLS write client hello
SSL_connect:SSLv3/TLS read server hello
Can't use SSL_get_servername
SSL_connect:TLSv1.3 read encrypted extensions
depth=0 CN=server.example
verify error:num=20:unable to get local issuer certificate
verify return:1
depth=0 CN=server.example
verify error:num=21:unable to verify the first certificate
verify return:1
depth=0 CN=server.example
verify return:1
SSL_connect:SSLv3/TLS read server certificate
SSL_connect:TLSv1.3 read server certificate verify
SSL_connect:SSLv3/TLS read finished
SSL_connect:SSLv3/TLS write finished
DONE
SSL3 alert write:warning:close notify
