{"level":"info","ts":1790661052.642563,"msg":"using provided configuration","config_file":"/root/pq-hybrid-phase2/v16/Caddyfile","config_adapter":"caddyfile"}
{"level":"warn","ts":1790661052.643501,"msg":"Caddyfile input is not formatted; run the 'caddy fmt' command to fix inconsistencies","adapter":"caddyfile","file":"/root/pq-hybrid-phase2/v16/Caddyfile","line":2}
{"level":"warn","ts":1790661052.6437523,"logger":"admin","msg":"admin endpoint disabled"}
{"level":"info","ts":1790661052.6440878,"logger":"tls.cache.maintenance","msg":"started background certificate maintenance","cache":"0xc00024b7a0"}
{"level":"warn","ts":1790661052.6442928,"logger":"tls","msg":"stapling OCSP","error":"no OCSP stapling for [server.example]: no OCSP server specified in certificate"}
{"level":"warn","ts":1790661052.6449275,"logger":"http","msg":"automatic HTTP->HTTPS redirects are disabled","server_name":"srv0"}
{"level":"info","ts":1790661052.6458595,"logger":"http","msg":"enabling HTTP/3 listener","addr":":8545"}
{"level":"info","ts":1790661052.6461215,"msg":"connection doesn't allow setting of send buffer size. Not a *net.UDPConn?. See https://github.com/quic-go/quic-go/wiki/UDP-Buffer-Sizes for details."}
{"level":"info","ts":1790661052.6466072,"logger":"http.log","msg":"server running","name":"srv0","protocols":["h1","h2","h3"]}
{"level":"info","ts":1790661052.6467547,"logger":"http","msg":"enabling automatic TLS certificate management","domains":["127.0.0.1"]}
{"level":"warn","ts":1790661052.6473167,"logger":"tls","msg":"stapling OCSP","error":"no OCSP stapling for [127.0.0.1]: no OCSP server specified in certificate","identifiers":["127.0.0.1"]}
{"level":"info","ts":1790661052.6477082,"logger":"tls","msg":"cleaning storage unit","description":"FileStorage:/root/pq-hybrid-phase2/v16/caddy-data/caddy"}
{"level":"info","ts":1790661052.6485426,"logger":"tls","msg":"finished cleaning storage units"}
{"level":"info","ts":1790661052.6611927,"logger":"pki.ca.local","msg":"root certificate is already trusted by system","path":"storage:pki/authorities/local/root.crt"}
{"level":"info","ts":1790661052.6619122,"msg":"autosaved config (load with --resume flag)","file":"/root/pq-hybrid-phase2/v16/caddy-config/caddy/autosave.json"}
{"level":"info","ts":1790661052.6622212,"msg":"serving initial configuration"}
{"level":"info","ts":1790661053.9370515,"msg":"shutting down apps, then terminating","signal":"SIGTERM"}
{"level":"warn","ts":1790661053.9373271,"msg":"exiting; byeee!! 👋","signal":"SIGTERM"}
{"level":"info","ts":1790661053.9376292,"logger":"tls.cache.maintenance","msg":"stopped background certificate maintenance","cache":"0xc00024b7a0"}
{"level":"info","ts":1790661053.9378014,"msg":"shutdown complete","signal":"SIGTERM","exit_code":0}
