CONNECTED(00000003)
>>> TLS 1.0, RecordHeader [length 0005]
    16 03 01 00 d6
>>> TLS 1.3, Handshake [length 00d6], ClientHello
    01 00 00 d2 03 03 b1 13 72 b8 31 99 03 3a 11 c1
    b9 48 d5 1d 20 09 57 8c 58 f0 99 c9 1b 25 cd 39
    dc f4 a5 ce c0 e8 20 e4 2b bc 27 a9 2e 1d 8f f9
    e9 08 0c 19 c0 82 59 fe c6 21 29 42 8b 4f d8 16
    e9 43 a2 d2 16 a4 df 00 06 13 02 13 03 13 01 01
    00 00 83 00 0b 00 04 03 00 01 02 00 0a 00 06 00
    04 00 1d 11 ec 00 23 00 00 00 16 00 00 00 17 00
    00 00 0d 00 2a 00 28 09 05 09 06 09 04 04 03 05
    03 06 03 08 07 08 08 08 1a 08 1b 08 1c 08 09 08
    0a 08 0b 08 04 08 05 08 06 04 01 05 01 06 01 00
    2b 00 03 02 03 04 00 2d 00 02 01 01 00 33 00 26
    00 24 00 1d 00 20 ce 9f 6c e6 95 1f d6 81 ec a6
    bd a4 ff f1 27 8f e5 f5 76 d1 1f 76 02 23 82 ca
    61 29 12 4a 0b 40
<<< TLS 1.2, RecordHeader [length 0005]
    16 03 03 00 7a
<<< TLS 1.3, Handshake [length 007a], ServerHello
    02 00 00 76 03 03 2a fa 8a 42 41 4d fd a2 7d d3
    21 5a 87 df 67 42 51 7b ef 76 48 61 33 50 c4 ca
    96 65 05 50 35 ef 20 e4 2b bc 27 a9 2e 1d 8f f9
    e9 08 0c 19 c0 82 59 fe c6 21 29 42 8b 4f d8 16
    e9 43 a2 d2 16 a4 df 13 01 00 00 2e 00 2b 00 02
    03 04 00 33 00 24 00 1d 00 20 3d 4d c3 d5 01 23
    ab 9c df 67 09 96 77 34 53 1f 8f 5d 03 f7 a5 22
    b0 47 0e 06 09 38 ff 6a d1 1a
<<< TLS 1.2, RecordHeader [length 0005]
    14 03 03 00 01
<<< TLS 1.3, ChangeCipherSpec [length 0001]
    01
<<< TLS 1.2, RecordHeader [length 0005]
    17 03 03 00 17
<<< TLS 1.3, InnerContent [length 0001]
    16
<<< TLS 1.3, Handshake [length 0006], EncryptedExtensions
    08 00 00 02 00 00
<<< TLS 1.2, RecordHeader [length 0005]
    17 03 03 03 ab
<<< TLS 1.3, InnerContent [length 0001]
    16
<<< TLS 1.3, Handshake [length 039a], Certificate
    0b 00 03 96 00 00 03 92 00 01 bd 30 82 01 b9 30
    82 01 5f a0 03 02 01 02 02 11 00 c8 4a 45 2d de
    43 18 d4 e5 46 fb bd f9 35 dd 1f 30 0a 06 08 2a
    86 48 ce 3d 04 03 02 30 33 31 31 30 2f 06 03 55
    04 03 13 28 43 61 64 64 79 20 4c 6f 63 61 6c 20
    41 75 74 68 6f 72 69 74 79 20 2d 20 45 43 43 20
    49 6e 74 65 72 6d 65 64 69 61 74 65 30 1e 17 0d
    32 36 30 39 32 39 30 35 34 36 35 34 5a 17 0d 32
    36 30 39 32 39 31 37 34 36 35 34 5a 30 00 30 59
    30 13 06 07 2a 86 48 ce 3d 02 01 06 08 2a 86 48
    ce 3d 03 01 07 03 42 00 04 c8 bd 0f fe 4f af bf
    d5 7b 5f 17 ce 01 46 a3 46 ae e3 2c 99 eb 3e d5
    59 60 7d 87 06 51 a7 f0 16 c9 f5 1d bf 11 fd 5a
    e9 fd ab eb 99 b9 25 38 db 73 0c ba eb 15 47 1a
    28 55 ba 9e fb d4 b1 71 0c a3 81 86 30 81 83 30
    0e 06 03 55 1d 0f 01 01 ff 04 04 03 02 07 80 30
    1d 06 03 55 1d 25 04 16 30 14 06 08 2b 06 01 05
    05 07 03 01 06 08 2b 06 01 05 05 07 03 02 30 1d
    06 03 55 1d 0e 04 16 04 14 ad 2b 9c 62 c7 fa 2b
    57 ff fb c1 fe 2e be 4c 0e f4 c5 1e 98 30 1f 06
    03 55 1d 23 04 18 30 16 80 14 1e 4b f5 b5 bf d2
    49 ea fe a3 68 02 cd 5a d5 59 ca f0 13 b2 30 12
    06 03 55 1d 11 01 01 ff 04 08 30 06 87 04 7f 00
    00 01 30 0a 06 08 2a 86 48 ce 3d 04 03 02 03 48
    00 30 45 02 20 61 ec 4b 96 5e f4 32 24 d4 14 31
    56 0a 50 96 91 06 95 ff 1c f5 a9 39 c8 e4 c7 9e
    3d b6 6e 24 4d 02 21 00 b5 fb a5 36 37 cd cf 8a
    f9 f1 66 b1 3e df 2c fc b9 5f fe 0a 76 3b 30 de
    a5 5c 93 d8 de d6 e9 bd 00 00 00 01 cb 30 82 01
    c7 30 82 01 6d a0 03 02 01 02 02 10 6f 96 30 9a
    4b 67 3c 1d 9e 4f a1 15 64 28 b2 e8 30 0a 06 08
    2a 86 48 ce 3d 04 03 02 30 30 31 2e 30 2c 06 03
    55 04 03 13 25 43 61 64 64 79 20 4c 6f 63 61 6c
    20 41 75 74 68 6f 72 69 74 79 20 2d 20 32 30 32
    36 20 45 43 43 20 52 6f 6f 74 30 1e 17 0d 32 36
    30 39 32 39 30 35 34 35 32 39 5a 17 0d 32 36 31
    30 30 36 30 35 34 35 32 39 5a 30 33 31 31 30 2f
    06 03 55 04 03 13 28 43 61 64 64 79 20 4c 6f 63
    61 6c 20 41 75 74 68 6f 72 69 74 79 20 2d 20 45
    43 43 20 49 6e 74 65 72 6d 65 64 69 61 74 65 30
    59 30 13 06 07 2a 86 48 ce 3d 02 01 06 08 2a 86
    48 ce 3d 03 01 07 03 42 00 04 7f 54 52 36 8d eb
    6e c8 25 b7 8a 71 71 a6 74 de c9 47 3d f2 bd be
    c4 ca 44 7a f6 7a f4 fb 9c 6e 9d 8d 7a 14 1c 70
    8c 39 51 53 3e 3a ea 92 b2 b0 bb 3b cd 5e c0 25
    58 9c 16 ca 00 c2 ff 54 0a 6d a3 66 30 64 30 0e
    06 03 55 1d 0f 01 01 ff 04 04 03 02 01 06 30 12
    06 03 55 1d 13 01 01 ff 04 08 30 06 01 01 ff 02
    01 00 30 1d 06 03 55 1d 0e 04 16 04 14 1e 4b f5
    b5 bf d2 49 ea fe a3 68 02 cd 5a d5 59 ca f0 13
    b2 30 1f 06 03 55 1d 23 04 18 30 16 80 14 ee 98
    ae 58 5d a9 43 fe 5e a3 c5 77 4f ac 5d 68 01 29
    ec a3 30 0a 06 08 2a 86 48 ce 3d 04 03 02 03 48
    00 30 45 02 21 00 c8 69 eb 78 cd 7e 63 82 92 31
    7c a4 af d7 5f b6 70 9e 76 94 2a 23 a9 54 7f dc
    57 82 22 13 d9 62 02 20 13 c2 8d b8 4e 77 3b 95
    ba 65 da cd d6 65 1f 3f 65 36 0a a1 a7 c9 e8 af
    29 11 3b e2 64 fd e7 66 00 00
<<< TLS 1.2, RecordHeader [length 0005]
    17 03 03 00 5f
<<< TLS 1.3, InnerContent [length 0001]
    16
<<< TLS 1.3, Handshake [length 004e], CertificateVerify
    0f 00 00 4a 04 03 00 46 30 44 02 20 6c 25 0d 63
    ac fe 89 99 f9 dd 15 e6 db e3 d6 71 1d fa 45 1c
    1a 9a 6f 96 2b 2c 6b eb 9a fb 1b 7e 02 20 69 41
    47 cf 9c 73 c7 45 20 b3 4b 13 62 20 d2 a1 c1 90
    32 b6 28 84 c2 98 a5 7f a0 bf 29 e5 67 d9
<<< TLS 1.2, RecordHeader [length 0005]
    17 03 03 00 35
<<< TLS 1.3, InnerContent [length 0001]
    16
<<< TLS 1.3, Handshake [length 0024], Finished
    14 00 00 20 7f 1c f0 3e 55 4c 62 1f cb c1 e9 b1
    7b db 5c 83 a0 ce 69 c4 60 0f 81 e7 4d 65 7f 85
    4b 66 e9 24
>>> TLS 1.2, RecordHeader [length 0005]
    14 03 03 00 01
>>> TLS 1.3, ChangeCipherSpec [length 0001]
    01
>>> TLS 1.2, RecordHeader [length 0005]
    17 03 03 00 35
>>> TLS 1.2, InnerContent [length 0001]
    16
>>> TLS 1.3, Handshake [length 0024], Finished
    14 00 00 20 91 30 e4 2f 7e 91 8f cf e0 d5 a3 0b
    b7 70 5f 2a d8 d8 11 65 a9 04 56 7b ec 4e 34 3a
    67 8e ed 71
---
Certificate chain
 0 s:
   i:CN=Caddy Local Authority - ECC Intermediate
   a:PKEY: EC, (prime256v1); sigalg: ecdsa-with-SHA256
   v:NotBefore: Sep 29 05:46:54 2026 GMT; NotAfter: Sep 29 17:46:54 2026 GMT
 1 s:CN=Caddy Local Authority - ECC Intermediate
   i:CN=Caddy Local Authority - 2026 ECC Root
   a:PKEY: EC, (prime256v1); sigalg: ecdsa-with-SHA256
   v:NotBefore: Sep 29 05:45:29 2026 GMT; NotAfter: Oct  6 05:45:29 2026 GMT
---
Server certificate
-----BEGIN CERTIFICATE-----
MIIBuTCCAV+gAwIBAgIRAMhKRS3eQxjU5Ub7vfk13R8wCgYIKoZIzj0EAwIwMzEx
MC8GA1UEAxMoQ2FkZHkgTG9jYWwgQXV0aG9yaXR5IC0gRUNDIEludGVybWVkaWF0
ZTAeFw0yNjA5MjkwNTQ2NTRaFw0yNjA5MjkxNzQ2NTRaMAAwWTATBgcqhkjOPQIB
BggqhkjOPQMBBwNCAATIvQ/+T6+/1XtfF84BRqNGruMsmes+1VlgfYcGUafwFsn1
Hb8R/Vrp/avrmbklONtzDLrrFUcaKFW6nvvUsXEMo4GGMIGDMA4GA1UdDwEB/wQE
AwIHgDAdBgNVHSUEFjAUBggrBgEFBQcDAQYIKwYBBQUHAwIwHQYDVR0OBBYEFK0r
nGLH+itX//vB/i6+TA70xR6YMB8GA1UdIwQYMBaAFB5L9bW/0knq/qNoAs1a1VnK
8BOyMBIGA1UdEQEB/wQIMAaHBH8AAAEwCgYIKoZIzj0EAwIDSAAwRQIgYexLll70
MiTUFDFWClCWkQaV/xz1qTnI5MeePbZuJE0CIQC1+6U2N83PivnxZrE+3yz8uV/+
CnY7MN6lXJPY3tbpvQ==
-----END CERTIFICATE-----
subject=
issuer=CN=Caddy Local Authority - ECC Intermediate
---
No client certificate CA names sent
Peer signing digest: SHA256
Peer signature type: ecdsa_secp256r1_sha256
Peer Temp Key: X25519, 253 bits
---
SSL handshake has read 1263 bytes and written 283 bytes
Verification error: unable to get local issuer certificate
---
New, TLSv1.3, Cipher is TLS_AES_128_GCM_SHA256
Protocol: TLSv1.3
Server public key is 256 bit
This TLS version forbids renegotiation.
Compression: NONE
Expansion: NONE
No ALPN negotiated
Early data was not sent
Verify return code: 20 (unable to get local issuer certificate)
---
<<< TLS 1.2, RecordHeader [length 0005]
    17 03 03 00 8b
<<< TLS 1.3, InnerContent [length 0001]
    16
<<< TLS 1.3, Handshake [length 007a], NewSessionTicket
    04 00 00 76 00 09 3a 80 5d e6 17 51 00 00 69 64
    60 bc 77 c4 ef 36 ff 76 2e dd 24 34 fe 92 13 26
    e9 76 ce 58 7c 21 e5 25 a0 2a ac d4 9a bc 4e e6
    80 a7 c8 1d 8d b1 f2 d7 32 5b 35 c8 2d c7 4a 9f
    4f 8b a3 91 af 63 a4 49 65 43 a6 f9 e6 24 2b aa
    4e 54 32 38 41 64 00 a2 43 0a 74 e7 6d 0d 6b f4
    55 70 d1 a6 2d ed 91 28 05 53 7e 02 ba 47 bb 17
    ae 4a 46 7c b2 5b 52 9c 00 00
---
Post-Handshake New Session Ticket arrived:
SSL-Session:
    Protocol  : TLSv1.3
    Cipher    : TLS_AES_128_GCM_SHA256
    Session-ID: 2C2D69B8661CD571D716EC3C62F44F759302E1024AEB5DE26E597086A0CD1261
    Session-ID-ctx: 
    Resumption PSK: B25560320FB182D44B4BE80A7C4B1CE377D8E41CA19B8E356E22B4B3B257674F
    PSK identity: None
    PSK identity hint: None
    SRP username: None
    TLS session ticket lifetime hint: 604800 (seconds)
    TLS session ticket:
    0000 - 64 60 bc 77 c4 ef 36 ff-76 2e dd 24 34 fe 92 13   d`.w..6.v..$4...
    0010 - 26 e9 76 ce 58 7c 21 e5-25 a0 2a ac d4 9a bc 4e   &.v.X|!.%.*....N
    0020 - e6 80 a7 c8 1d 8d b1 f2-d7 32 5b 35 c8 2d c7 4a   .........2[5.-.J
    0030 - 9f 4f 8b a3 91 af 63 a4-49 65 43 a6 f9 e6 24 2b   .O....c.IeC...$+
    0040 - aa 4e 54 32 38 41 64 00-a2 43 0a 74 e7 6d 0d 6b   .NT28Ad..C.t.m.k
    0050 - f4 55 70 d1 a6 2d ed 91-28 05 53 7e 02 ba 47 bb   .Up..-..(.S~..G.
    0060 - 17 ae 4a 46 7c b2 5b 52-9c                        ..JF|.[R.

    Start Time: 1790661012
    Timeout   : 7200 (sec)
    Verify return code: 20 (unable to get local issuer certificate)
    Extended master secret: no
    Max Early Data: 0
---
read R BLOCK
>>> TLS 1.2, RecordHeader [length 0005]
    17 03 03 00 13
>>> TLS 1.2, InnerContent [length 0001]
    15
>>> TLS 1.3, Alert [length 0002], warning close_notify
    01 00
Connecting to 127.0.0.1
SSL_connect:before SSL initialization
SSL_connect:SSLv3/TLS write client hello
SSL_connect:SSLv3/TLS write client hello
SSL_connect:SSLv3/TLS read server hello
Can't use SSL_get_servername
SSL_connect:TLSv1.3 read encrypted extensions
depth=1 CN=Caddy Local Authority - ECC Intermediate
verify error:num=20:unable to get local issuer certificate
verify return:1
depth=0 
verify return:1
SSL_connect:SSLv3/TLS read server certificate
SSL_connect:TLSv1.3 read server certificate verify
SSL_connect:SSLv3/TLS read finished
SSL_connect:SSLv3/TLS write change cipher spec
SSL_connect:SSLv3/TLS write finished
SSL_connect:SSL negotiation finished successfully
SSL_connect:SSL negotiation finished successfully
SSL_connect:SSLv3/TLS read server session ticket
DONE
SSL3 alert write:warning:close notify
