{"level":"info","ts":1790661010.7331207,"msg":"using provided configuration","config_file":"/root/pq-hybrid-phase2/v16/Caddyfile","config_adapter":"caddyfile"}
{"level":"warn","ts":1790661010.7341328,"msg":"Caddyfile input is not formatted; run the 'caddy fmt' command to fix inconsistencies","adapter":"caddyfile","file":"/root/pq-hybrid-phase2/v16/Caddyfile","line":2}
{"level":"warn","ts":1790661010.7349255,"logger":"admin","msg":"admin endpoint disabled"}
{"level":"info","ts":1790661010.7356768,"logger":"tls.cache.maintenance","msg":"started background certificate maintenance","cache":"0xc00025bc00"}
{"level":"warn","ts":1790661010.7359993,"logger":"tls","msg":"stapling OCSP","error":"no OCSP stapling for [server.example]: no OCSP server specified in certificate"}
{"level":"warn","ts":1790661010.736619,"logger":"http","msg":"automatic HTTP->HTTPS redirects are disabled","server_name":"srv0"}
{"level":"info","ts":1790661010.7378814,"logger":"tls","msg":"cleaning storage unit","description":"FileStorage:/root/pq-hybrid-phase2/v16/caddy-data/caddy"}
{"level":"info","ts":1790661010.7395256,"logger":"tls","msg":"finished cleaning storage units"}
{"level":"info","ts":1790661010.7490265,"logger":"pki.ca.local","msg":"root certificate is already trusted by system","path":"storage:pki/authorities/local/root.crt"}
{"level":"info","ts":1790661010.749523,"logger":"http","msg":"enabling HTTP/3 listener","addr":":8545"}
{"level":"info","ts":1790661010.7497966,"msg":"connection doesn't allow setting of send buffer size. Not a *net.UDPConn?. See https://github.com/quic-go/quic-go/wiki/UDP-Buffer-Sizes for details."}
{"level":"info","ts":1790661010.7500913,"logger":"http.log","msg":"server running","name":"srv0","protocols":["h1","h2","h3"]}
{"level":"info","ts":1790661010.7502463,"logger":"http","msg":"enabling automatic TLS certificate management","domains":["127.0.0.1"]}
{"level":"warn","ts":1790661010.7506278,"logger":"tls","msg":"stapling OCSP","error":"no OCSP stapling for [127.0.0.1]: no OCSP server specified in certificate","identifiers":["127.0.0.1"]}
{"level":"info","ts":1790661010.7514524,"msg":"autosaved config (load with --resume flag)","file":"/root/pq-hybrid-phase2/v16/caddy-config/caddy/autosave.json"}
{"level":"info","ts":1790661010.7516115,"msg":"serving initial configuration"}
{"level":"info","ts":1790661012.079089,"msg":"shutting down apps, then terminating","signal":"SIGTERM"}
{"level":"warn","ts":1790661012.0794778,"msg":"exiting; byeee!! 👋","signal":"SIGTERM"}
{"level":"info","ts":1790661012.0797732,"logger":"tls.cache.maintenance","msg":"stopped background certificate maintenance","cache":"0xc00025bc00"}
{"level":"info","ts":1790661012.0799654,"msg":"shutdown complete","signal":"SIGTERM","exit_code":0}
