CONNECTED(00000003)
>>> TLS 1.0, RecordHeader [length 0005]
    16 03 01 05 76
>>> TLS 1.3, Handshake [length 0576], ClientHello
    01 00 05 72 03 03 09 cf 4e 61 3b 88 be 82 37 41
    72 4e e6 87 19 79 a9 c5 b8 7d c3 a6 74 7b de 17
    7d 23 85 60 5a 8d 20 eb fe 7f 0b 6f 15 7b 2c c7
    5e f7 2c e3 03 5a c3 7b e6 ef 2d aa 13 bf cf a6
    4f 7a e2 e7 6b 21 0b 00 06 13 02 13 03 13 01 01
    00 05 23 00 0b 00 04 03 00 01 02 00 0a 00 06 00
    04 11 ec 00 1d 00 23 00 00 00 16 00 00 00 17 00
    00 00 0d 00 2a 00 28 09 05 09 06 09 04 04 03 05
    03 06 03 08 07 08 08 08 1a 08 1b 08 1c 08 09 08
    0a 08 0b 08 04 08 05 08 06 04 01 05 01 06 01 00
    2b 00 03 02 03 04 00 2d 00 02 01 01 00 33 04 c6
    04 c4 11 ec 04 c0 3a 17 19 c4 54 92 f5 b1 ba e2
    b0 17 cf 08 4c ac ba 48 d5 85 05 65 91 53 e7 b5
    c1 b3 d9 34 bb 44 8d 48 41 ca b0 50 20 88 65 15
    4f 2b 7b 3c ca 92 1b e7 ad c0 13 51 f5 6b 9d c5
    ec ce 5c e6 b6 74 37 8d fd a7 27 3b 92 8d de 19
    8d 7e ba 50 30 e9 38 33 d1 62 f7 e2 93 bc e5 18
    63 88 aa 9d 15 05 68 47 1d 81 61 c1 1a 06 55 ee
    4b 42 e5 39 76 e2 3a 0e f2 ab 47 c0 76 64 44 28
    38 62 2a 8c 8e 74 14 26 c7 21 06 d2 4b 4b f7 b1
    41 81 46 68 7b 9c 9c c7 3c a2 22 bc 1b 62 2c 8d
    f4 c4 dd 14 1c a0 69 9d 59 41 14 be 4a 33 ea b2
    76 46 3b 99 a6 09 39 8f 99 54 12 89 40 1f e3 2c
    87 db 19 4d 13 58 aa eb aa 63 c8 c2 40 42 71 c5
    b0 5e de 79 54 84 2b a5 16 28 0b 5e 6a 06 b5 a9
    30 5e 58 8b 38 f6 94 cb 7c 53 bd f9 61 a3 57 79
    b0 c4 96 3e 43 9c bd 58 80 bc 61 18 d8 30 a8 87
    74 22 f3 83 3c 3c 0a 3d 1c 00 58 2c 8b 27 6c c8
    3d ca 42 78 bf 53 99 da c7 b4 b0 18 b4 a4 61 3d
    ca d2 34 14 c4 1c 60 ca 8d 1e c1 27 65 41 b4 3c
    cc c3 84 c9 9c 87 93 6d 31 54 84 b0 bb b8 7a 34
    94 83 31 bf 71 db c1 c1 81 9d 7f 27 6b 4d 50 a2
    95 b3 99 eb 39 38 44 48 0f 7e a7 30 10 5b 44 a4
    6a 14 d7 dc 72 f7 14 23 f9 88 41 0b 55 c0 37 3c
    0d 2c e4 bc 6a ab a9 9a 12 7e b5 8c 6e b6 16 2a
    0e 47 9b 94 c0 3d fb 64 05 b0 b3 4f 70 96 4e 59
    a2 56 58 57 49 21 29 27 f5 d8 37 5d e4 2c 65 58
    4a 3a 8a 66 5f b3 a0 8b 06 c6 9e f5 b4 46 e2 68
    6a 23 52 b6 e9 8c 15 89 50 e7 4b cc 0f b7 39 97
    89 35 bb 05 4c 75 74 72 a8 02 74 19 05 c9 cb fa
    34 49 91 8b 16 86 53 52 d2 76 e9 ca b8 3b 10 48
    e6 15 79 29 09 cb ab 78 1e 30 84 11 b4 85 97 56
    1b 2b 81 95 c3 ca 8a 7e c4 47 a8 86 53 12 22 c3
    8e 0f 93 86 c8 36 4f a2 21 be 9e 63 cb b9 6b 16
    2e c7 7c 11 87 b2 5c 28 89 41 d2 1e 26 02 40 8b
    75 95 61 53 7d fd b0 5e cb 90 40 8c 11 4b 26 2c
    3d 8d 89 89 30 67 c6 d1 a8 54 01 eb 10 e6 46 5f
    91 26 67 bb 4c 75 ae 36 7c 9e 53 a2 0d 04 0f 90
    f7 9c c9 1c 81 60 44 c5 29 23 8a 02 06 c4 84 3a
    54 17 86 0d c0 6c 95 36 d8 85 ba fb 82 91 29 07
    c1 54 0d 16 4c 44 aa 40 8c aa ba 7c ca 06 43 f8
    64 57 aa c6 a7 e4 d1 3b 5d 81 0a 80 19 98 92 aa
    4b 54 16 96 b3 90 7f fd 3c 40 64 b8 af 46 fc 17
    c0 f8 b1 f7 81 4c bd 82 64 78 c4 33 38 d3 13 ad
    b2 75 56 36 08 9c 12 29 50 13 3e c2 02 35 37 d6
    60 85 98 31 b0 b3 23 09 1c 33 47 1b ac f2 11 1c
    5f 26 3c e6 d6 34 2f 85 8a 54 0a af 74 c5 6d 92
    ba 0f ce e7 b2 4d 21 71 35 e7 9b 3c f8 9e b4 75
    82 02 c2 4b 79 e4 5c 49 f9 a6 42 e7 aa 61 b0 8d
    c9 04 81 ea 59 45 d1 90 0c a4 70 09 b3 17 09 be
    0c ac 2c bb 7a fa d4 19 b8 48 7f 4f 8b 4d e5 6a
    95 ad bb 3c 90 13 2e 91 bc 75 3b 4a 6e b7 9b 67
    f3 63 b4 a3 fa 85 61 87 83 c0 2c 74 a7 d1 b9 9c
    f1 30 b1 bc b4 11 e2 34 f1 b2 20 2d d1 b8 7d 01
    08 77 23 4f a4 6a a2 90 f5 5c 6e 3a 7e 3f c8 b7
    e0 fb 4b c5 d9 8e d5 10 6e 6f b7 5e 20 e4 98 c1
    ab aa 79 86 6f 52 69 7e 85 b5 01 5b d9 79 71 f0
    34 14 aa 42 2b a9 a7 25 4c c8 38 a3 81 a3 6a a1
    de a3 14 0c 70 c7 d5 25 b3 2c bb 56 56 f4 72 b2
    70 c2 b9 00 57 af 12 5b 40 a2 75 ad 4b aa e7 3a
    00 8c f3 29 03 0c 44 65 bb 50 66 a5 49 da da 7e
    10 30 76 22 f0 67 60 07 2f 55 31 84 8f 62 2b 22
    35 cb a4 43 70 41 9a af f0 20 17 8a 04 01 10 c1
    56 ed 0b 4b 7d 77 ca 66 24 ce 34 74 63 d5 4b 50
    6a b8 58 cb c4 25 cd 20 b6 75 24 5b f6 45 5f 2d
    36 6c 29 f6 75 89 b3 13 07 00 7a 4f c3 82 69 99
    bf ba 56 4c 06 ab 1f e2 f1 13 e6 11 1c db 81 a4
    a2 68 6d 5a 34 62 4f 70 84 26 59 3d c3 e5 5c 37
    f5 53 3b b1 78 80 e5 88 38 d6 bf c3 64 38 0a 41
    5e b7 d5 b9 aa 98 b3 68 33 33 3f c5 aa d3 8c 3a
    33 91 5a 78 68 bd 13 eb 21 40 07 bd 44 c3 3b f1
    36 14 19 7c 0c 15 06 cb ff a7 7c 30 50 58 6d c0
    09 de 17 b5 09 20 6a c8 8a b6 1b a3 7b 1b 16 c1
    29 11 67 c0 75 0d 8a 3f cc 57 e7 3c 71 a7 59 57
    21 9f bd d6 4e ba 72 5a ae 77 f1 72 e4 e4 42 ca
    df 07 d6 17 28 30 41 70 2c f7 bc f2 f9 5c 4c c6
    f3 2b a6 9e dd 82 a8 4e 2f 6a 7f 3c f6 37 3a db
    ca c0 e6 f7 1f 3d
<<< TLS 1.2, RecordHeader [length 0005]
    16 03 03 04 ba
<<< TLS 1.3, Handshake [length 04ba], ServerHello
    02 00 04 b6 03 03 ce eb 13 1e 01 4d 8d 8a 77 ef
    d8 50 d6 db bb 96 18 49 5b d5 94 fb 0a 4e 7b 1b
    82 55 ae aa 39 a8 20 eb fe 7f 0b 6f 15 7b 2c c7
    5e f7 2c e3 03 5a c3 7b e6 ef 2d aa 13 bf cf a6
    4f 7a e2 e7 6b 21 0b 13 02 00 04 6e 00 2b 00 02
    03 04 00 33 04 64 11 ec 04 60 99 bd ff f2 be 9b
    22 28 e5 0a 2b 23 ed bf 60 6c e1 9a 02 05 2d 00
    19 4f 75 d8 44 75 da c9 5f 5f 24 54 ac e5 20 0a
    43 32 83 d3 59 fd e3 1d f1 72 46 a8 38 08 7f 70
    7b 0a 65 a6 4b 2f c8 79 c2 d6 ba 82 d3 54 6d dc
    fd 53 b9 19 00 38 4e 96 90 0d d8 36 7c b4 e9 e7
    c0 a6 79 d9 e3 12 c4 91 fd ee d2 53 4f 47 ac c1
    db 43 76 d6 e1 a1 79 18 c8 79 78 ba f3 7d 2e 51
    6f bd f9 d8 35 63 d3 29 4e 8a 26 64 4e 92 61 03
    c0 a5 0d 15 a8 bd 8f bb 14 98 12 fb c7 8e 35 9c
    47 69 6c 5e df cf c1 a6 72 46 77 37 d6 dc b5 1a
    08 15 22 f2 c1 1e a8 4b 0d 5f 43 3f cf 70 56 dd
    62 49 cc 09 00 bf f8 3f a3 5a 33 0d e4 59 71 88
    83 54 80 62 1b 0e c5 11 31 d1 28 0d 5e 9b 42 d4
    18 4f ae e5 bf 07 68 56 88 04 c3 f2 60 9e 10 ed
    69 37 9a f1 30 5d 20 eb 3d a4 51 0c 1a aa 0d 2f
    bf 0c 4b 96 d2 de 50 da cd 3b 0c 0b 16 1c 33 df
    08 f2 ac bb 2d d7 c0 d2 b7 3d 19 cc 23 e5 1b 8e
    2f 79 7b 33 89 f9 b4 6d fe b2 85 36 98 21 a6 ad
    7f ee b0 c9 88 fe 9e 91 37 3b 2f 36 89 2c 49 8a
    38 c5 2f 6a f1 8a 43 ed 0e 75 c3 6e 40 de d1 35
    80 3e 78 16 57 e6 05 f1 d5 d2 67 06 e1 dc dd 08
    f2 2e ad 4c 5a 37 9a 33 39 3e db 77 18 c1 1f 7c
    54 b4 53 19 ee 56 b0 90 a9 5f 93 6b fd 94 d3 10
    13 e5 f4 97 04 f2 ad f4 44 97 23 bc 07 68 86 0e
    2b 0f 6d d4 cf e0 5d e9 01 6d 28 15 b7 73 03 b0
    db d9 67 ea b9 e5 48 38 33 1e 20 45 c4 c2 14 2b
    51 fa 7f 60 c5 da d9 b3 89 47 51 50 e0 67 c0 5c
    7b 8b a3 02 25 ab 4c ad 81 cb 38 3f 14 65 64 a4
    fc 4b 05 8f 8d 3b 50 b7 90 dd 3f 51 bf 6b 4b ab
    cb bf 00 dc 84 c0 85 fd 40 95 1e 7e 3b 05 9b 29
    a0 60 e4 01 c3 23 d5 1b 66 1b 90 92 a5 03 8b ff
    35 45 31 ed 99 cb d2 05 32 f3 6c e0 9c 77 e5 0a
    45 ea d8 eb e5 68 0e 00 08 18 ef a3 33 05 a9 00
    96 68 4c ac 9d 09 b1 63 41 aa 4b d4 24 6f ae a6
    e5 de 4c 80 1e 1d ec 2f 64 60 d1 84 d2 fb 1b 43
    b9 ed 8f 30 d0 47 26 4c c5 bc eb 6d 6e d1 1c a8
    4a 3b 84 dc a1 88 4e 17 ad fd d0 41 f4 cd 24 25
    5e 2a a7 e6 f4 ba 9b 68 c6 4a 18 b8 f1 be 72 11
    0a ef dc f6 91 25 2d 52 16 ae f7 55 d1 1d c6 78
    9a d0 c1 5b cb 6a 82 2a 94 08 a0 7c 7c 03 fc 50
    08 2a a4 f2 f8 07 26 bd 8a 46 f1 28 eb 79 80 d3
    77 90 d7 95 66 3c 25 61 82 7a 04 22 9d cc 7d 2d
    61 2d d7 84 ea 40 8d 00 e4 63 53 f9 20 96 7d b0
    de 21 c9 75 bb 76 b2 ef 9e db 2e d4 7f 07 83 e7
    66 84 d4 30 69 b2 06 ee ea ad 6f 2b 61 f1 b9 c8
    f1 fa 23 22 a1 02 1a d5 b3 55 56 05 67 ac 75 f3
    1e e4 d7 f5 8e 65 8d c5 4b bd 57 e1 1e 77 16 1d
    cf 40 13 0f 12 00 6c 5a 7f de c1 fe 5f 3e 74 47
    ea 6c f6 56 b4 2e eb 03 23 fa c4 cb c2 65 0c 70
    28 29 ba 44 65 c0 2c 98 e0 7d 90 81 8c ff fd 17
    95 e0 60 36 a7 0e 89 53 cb 6e f0 54 83 f1 d0 0d
    8d ca 9a 0f f8 b1 3f bd f6 b7 29 f4 6a 34 40 a6
    31 ae 2b 66 47 9b d7 36 58 2e cd ab 34 e9 54 f8
    b9 54 13 b0 b1 46 bb 48 1b 32 79 63 8e 2f 6d 7f
    b3 a3 c5 40 58 80 1c 3c 8b 1d 4e 33 53 b7 93 6f
    3f 05 69 fd 3f eb e3 e8 e1 9a 8a 11 cb 5c e8 e8
    7b 97 62 7a 58 ab c3 97 00 82 b6 85 26 6e 34 2f
    93 8b f5 97 ef 7b 45 89 32 0b 98 f6 11 11 01 49
    25 a4 20 a3 e6 6d 28 72 b7 3e 7e a7 01 a1 86 6c
    11 aa 24 7d 93 d6 c3 01 3d 9c 14 fb bf 8e 0d 63
    c9 cd 3d 4b bb 2b 56 c3 ae dd b3 55 f7 57 af 0c
    e1 45 63 de 77 d1 b0 fc ce 76 be 04 4c 99 a0 dc
    44 43 f1 f8 99 f5 7d 20 44 e1 36 ea f3 06 02 2f
    02 ba 26 df 7b 4d a8 24 20 79 ab bb 5a 97 f7 22
    a9 21 15 a6 29 17 10 45 87 7c 81 2e 94 b2 53 54
    b0 ae 9a e9 ee 1c 20 29 e2 f5 29 ed b2 b8 bc 19
    d0 97 da 8e 52 09 86 94 ed cf 16 c6 ed 0f f4 9b
    c5 c9 ea 00 b1 af 29 ee 1a c1 a1 36 a1 e5 ef 24
    e3 df ef 06 80 47 2d 62 2d 31 11 4e ca d5 e4 b9
    c2 76 0b 49 18 a6 6c ff ef 78
<<< TLS 1.2, RecordHeader [length 0005]
    14 03 03 00 01
<<< TLS 1.3, ChangeCipherSpec [length 0001]
    01
<<< TLS 1.2, RecordHeader [length 0005]
    17 03 03 00 17
<<< TLS 1.3, InnerContent [length 0001]
    16
<<< TLS 1.3, Handshake [length 0006], EncryptedExtensions
    08 00 00 02 00 00
<<< TLS 1.2, RecordHeader [length 0005]
    17 03 03 03 47
<<< TLS 1.3, InnerContent [length 0001]
    16
<<< TLS 1.3, Handshake [length 0336], Certificate
    0b 00 03 32 00 00 03 2e 00 03 29 30 82 03 25 30
    82 02 0d a0 03 02 01 02 02 01 02 30 0d 06 09 2a
    86 48 86 f7 0d 01 01 0b 05 00 30 12 31 10 30 0e
    06 03 55 04 03 0c 07 52 6f 6f 74 20 43 41 30 20
    17 0d 31 36 30 31 31 34 32 32 32 39 34 36 5a 18
    0f 32 31 31 36 30 31 31 35 32 32 32 39 34 36 5a
    30 19 31 17 30 15 06 03 55 04 03 0c 0e 73 65 72
    76 65 72 2e 65 78 61 6d 70 6c 65 30 82 01 22 30
    0d 06 09 2a 86 48 86 f7 0d 01 01 01 05 00 03 82
    01 0f 00 30 82 01 0a 02 82 01 01 00 d5 5d 60 6a
    df fc 61 ee 48 aa 8c 11 48 43 a5 6d b6 52 5d aa
    98 49 b1 61 92 35 b1 fc 3a 04 25 0c 6d 79 ff b4
    d5 c9 e9 5c 1c 3b e0 ab b3 b8 7d a3 de 6d bd e0
    dd d7 5a bf 14 47 11 42 5e a6 82 d0 61 c1 7f dd
    13 46 e6 09 85 07 0e f2 d4 fc 1a 64 d2 0a ad 20
    ab 20 6b 96 f0 ad cc c4 19 53 55 dc 01 1d a4 b3
    ef 8a b4 49 53 5d 8a 05 1c f1 dc e1 44 bf c5 d7
    e2 77 19 57 5c 97 0b 75 ee 88 43 71 0f ca 6c c1
    b4 b2 50 a7 77 46 6c 58 0f 11 bf f1 76 24 5a ae
    39 42 b7 51 67 29 e1 d0 55 30 6f 17 e4 91 ea ad
    f8 28 c2 43 6f a2 64 a9 fb 9d 98 92 62 48 3e eb
    0d 4f 82 4a 8a ff 3f 72 ee 96 b5 ae a1 c1 98 ba
    ef 7d 90 75 6d ff 5a 52 9e ab f5 c0 7e d0 87 43
    db 85 07 07 0f 7d 38 7a fd d1 d3 ee 65 1d d3 ea
    39 6a 87 37 ee 4a d3 e0 0d 6e f5 70 ac c2 bd f1
    6e f3 92 95 5e a9 f0 a1 65 95 93 8d 02 03 01 00
    01 a3 7d 30 7b 30 1d 06 03 55 1d 0e 04 16 04 14
    c0 e7 84 bf e8 59 27 33 10 b0 52 4f 51 52 2f 06
    d6 c0 7a cd 30 1f 06 03 55 1d 23 04 18 30 16 80
    14 70 7f 2e ae 83 68 59 98 04 23 2a cd eb 3e 17
    cd 24 dd 01 49 30 09 06 03 55 1d 13 04 02 30 00
    30 13 06 03 55 1d 25 04 0c 30 0a 06 08 2b 06 01
    05 05 07 03 01 30 19 06 03 55 1d 11 04 12 30 10
    82 0e 73 65 72 76 65 72 2e 65 78 61 6d 70 6c 65
    30 0d 06 09 2a 86 48 86 f7 0d 01 01 0b 05 00 03
    82 01 01 00 7b d3 04 43 75 8a 0f 11 ae c4 fb d7
    a1 a2 9e fe 20 18 d5 f4 2f 31 88 46 b6 75 8c ee
    e5 9b 97 a6 b9 a3 cd 60 9a 46 c3 48 97 e5 97 68
    f7 5a 86 35 73 d9 69 9e f9 5f 74 b9 e6 94 13 01
    cb 6a dc e3 c4 04 e9 65 da 9c a4 8b 28 f3 f9 9a
    7f bf 97 1f 45 92 e5 05 b1 56 e6 0b f6 47 de 1e
    89 b6 2b e1 4d df 4a 7e 01 d3 23 dc 97 8c 47 fe
    5f c7 cc 98 46 0e c4 83 5b ca 8a f1 52 09 be 6b
    ec 3f 09 8b d0 93 02 bf e1 51 e7 d1 7e 34 56 19
    74 d0 ff 28 25 de b7 9f 56 52 91 7d 20 29 85 0a
    80 44 5f 71 32 25 71 0f c2 16 e2 5f 6b 1d 3f 32
    5b 0a 3c 74 1c b9 62 f1 ed 07 50 a3 6d b4 b4 31
    0a c0 53 44 6a 3a 88 84 8b 2d a9 b0 37 8e e6 18
    36 bd 9a 20 40 0f 01 92 8b 3d aa 61 e7 ae 2c ed
    36 cd 3a 07 86 74 3a 29 b3 d7 3a b4 00 a9 c2 f5
    92 78 0e e2 0f a3 fe bb be e0 06 53 84 59 1d 90
    69 e5 b6 f9 00 00
<<< TLS 1.2, RecordHeader [length 0005]
    17 03 03 01 19
<<< TLS 1.3, InnerContent [length 0001]
    16
<<< TLS 1.3, Handshake [length 0108], CertificateVerify
    0f 00 01 04 08 04 01 00 15 8e d7 f8 4e 2b 3c 4a
    58 b6 e7 cd 08 3b 44 58 8f 25 41 6a 14 a2 2c 6e
    37 36 32 78 54 fd d1 0f 37 54 12 76 64 f3 a3 59
    96 13 5d 59 d7 eb 83 1e 66 f4 48 6f 56 bd 99 cc
    77 b9 03 72 8b 70 12 a8 f1 c5 64 d4 af c8 87 8b
    8b 32 99 d5 7e df 06 0c 8e 34 30 38 d2 91 31 3d
    e5 16 cc f0 f0 5e a8 a5 8e ff da 64 4c 24 6c 14
    df 68 43 da e0 bd 9f 7e 83 f0 31 14 ef cc 66 4f
    34 5a 99 5b 87 e7 00 1a 75 49 98 85 c0 f2 db 4a
    50 45 8c c5 23 c6 e3 f4 14 74 57 0d 49 a0 ab 56
    e4 20 2b 27 5a c4 a9 49 02 72 f0 38 71 9c 1b 02
    ee 3e da cf 77 aa 3a aa a0 a8 2c 9a bb 24 65 83
    f5 1c 7a 5a 24 7d 93 34 1b f9 ee 49 1d e1 ff a4
    bf e4 19 e2 17 d2 24 bf 61 19 ac 70 db 8e 1a 4d
    d4 05 65 dc 9a 3b ec 79 79 8f 88 e4 9c e9 79 fe
    2b 2e f4 fa 6e 91 d0 de 33 4a aa 9c bd 17 94 d2
    2a c3 c3 7d 64 7c d5 08
<<< TLS 1.2, RecordHeader [length 0005]
    17 03 03 00 45
<<< TLS 1.3, InnerContent [length 0001]
    16
<<< TLS 1.3, Handshake [length 0034], Finished
    14 00 00 30 33 08 d6 53 c6 ad 1e 54 8c fe d5 ab
    9f d0 91 7d 22 bf 89 bd bf 91 93 e8 d6 08 29 e8
    a2 e7 da 79 da 84 2f ab 53 37 03 57 3e e2 f9 47
    57 8a a6 78
>>> TLS 1.2, RecordHeader [length 0005]
    14 03 03 00 01
>>> TLS 1.3, ChangeCipherSpec [length 0001]
    01
>>> TLS 1.2, RecordHeader [length 0005]
    17 03 03 00 45
>>> TLS 1.2, InnerContent [length 0001]
    16
>>> TLS 1.3, Handshake [length 0034], Finished
    14 00 00 30 42 ba 17 7e 73 a3 13 bc d5 7c 23 c5
    0c 3b bc 3f 53 8c 8f b9 ef 4b 3b d2 93 04 52 8b
    8e b6 3f 8e 3c 07 33 1d 7a 70 f3 95 a4 bb df 91
    03 1b f0 45
---
Certificate chain
 0 s:CN=server.example
   i:CN=Root CA
   a:PKEY: RSA, 2048 (bit); sigalg: sha256WithRSAEncryption
   v:NotBefore: Jan 14 22:29:46 2016 GMT; NotAfter: Jan 15 22:29:46 2116 GMT
---
Server certificate
-----BEGIN CERTIFICATE-----
MIIDJTCCAg2gAwIBAgIBAjANBgkqhkiG9w0BAQsFADASMRAwDgYDVQQDDAdSb290
IENBMCAXDTE2MDExNDIyMjk0NloYDzIxMTYwMTE1MjIyOTQ2WjAZMRcwFQYDVQQD
DA5zZXJ2ZXIuZXhhbXBsZTCCASIwDQYJKoZIhvcNAQEBBQADggEPADCCAQoCggEB
ANVdYGrf/GHuSKqMEUhDpW22Ul2qmEmxYZI1sfw6BCUMbXn/tNXJ6VwcO+Crs7h9
o95tveDd11q/FEcRQl6mgtBhwX/dE0bmCYUHDvLU/Bpk0gqtIKsga5bwrczEGVNV
3AEdpLPvirRJU12KBRzx3OFEv8XX4ncZV1yXC3XuiENxD8pswbSyUKd3RmxYDxG/
8XYkWq45QrdRZynh0FUwbxfkkeqt+CjCQ2+iZKn7nZiSYkg+6w1PgkqK/z9y7pa1
rqHBmLrvfZB1bf9aUp6r9cB+0IdD24UHBw99OHr90dPuZR3T6jlqhzfuStPgDW71
cKzCvfFu85KVXqnwoWWVk40CAwEAAaN9MHswHQYDVR0OBBYEFMDnhL/oWSczELBS
T1FSLwbWwHrNMB8GA1UdIwQYMBaAFHB/Lq6DaFmYBCMqzes+F80k3QFJMAkGA1Ud
EwQCMAAwEwYDVR0lBAwwCgYIKwYBBQUHAwEwGQYDVR0RBBIwEIIOc2VydmVyLmV4
YW1wbGUwDQYJKoZIhvcNAQELBQADggEBAHvTBEN1ig8RrsT716Ginv4gGNX0LzGI
RrZ1jO7lm5emuaPNYJpGw0iX5Zdo91qGNXPZaZ75X3S55pQTActq3OPEBOll2pyk
iyjz+Zp/v5cfRZLlBbFW5gv2R94eibYr4U3fSn4B0yPcl4xH/l/HzJhGDsSDW8qK
8VIJvmvsPwmL0JMCv+FR59F+NFYZdND/KCXet59WUpF9ICmFCoBEX3EyJXEPwhbi
X2sdPzJbCjx0HLli8e0HUKNttLQxCsBTRGo6iISLLamwN47mGDa9miBADwGSiz2q
YeeuLO02zToHhnQ6KbPXOrQAqcL1kngO4g+j/ru+4AZThFkdkGnltvk=
-----END CERTIFICATE-----
subject=CN=server.example
issuer=CN=Root CA
---
No client certificate CA names sent
Peer signing digest: SHA256
Peer signature type: rsa_pss_rsae_sha256
Negotiated TLS1.3 group: X25519MLKEM768
---
SSL handshake has read 2453 bytes and written 1483 bytes
Verification error: unable to verify the first certificate
---
New, TLSv1.3, Cipher is TLS_AES_256_GCM_SHA384
Protocol: TLSv1.3
Server public key is 2048 bit
This TLS version forbids renegotiation.
Compression: NONE
Expansion: NONE
No ALPN negotiated
Early data was not sent
Verify return code: 21 (unable to verify the first certificate)
---
>>> TLS 1.2, RecordHeader [length 0005]
    17 03 03 00 13
>>> TLS 1.2, InnerContent [length 0001]
    15
>>> TLS 1.3, Alert [length 0002], warning close_notify
    01 00
Connecting to 127.0.0.1
SSL_connect:before SSL initialization
SSL_connect:SSLv3/TLS write client hello
SSL_connect:SSLv3/TLS write client hello
SSL_connect:SSLv3/TLS read server hello
Can't use SSL_get_servername
SSL_connect:TLSv1.3 read encrypted extensions
depth=0 CN=server.example
verify error:num=20:unable to get local issuer certificate
verify return:1
depth=0 CN=server.example
verify error:num=21:unable to verify the first certificate
verify return:1
depth=0 CN=server.example
verify return:1
SSL_connect:SSLv3/TLS read server certificate
SSL_connect:TLSv1.3 read server certificate verify
SSL_connect:SSLv3/TLS read finished
SSL_connect:SSLv3/TLS write change cipher spec
SSL_connect:SSLv3/TLS write finished
DONE
SSL3 alert write:warning:close notify
