CONNECTED(00000003)
>>> TLS 1.0, RecordHeader [length 0005]
    16 03 01 05 76
>>> TLS 1.3, Handshake [length 0576], ClientHello
    01 00 05 72 03 03 c8 e0 47 3b 46 97 1a 92 d6 ef
    5f 95 44 c2 d7 37 bc a9 59 1a 6b 69 20 04 51 27
    cb 15 5f 96 56 76 20 db 5b 0b 86 92 5a c0 30 55
    e5 04 86 55 a1 ee 8d 1b 38 ed 87 a2 58 23 3b 7f
    2e 4a 48 0e 6e d1 82 00 06 13 02 13 03 13 01 01
    00 05 23 00 0b 00 04 03 00 01 02 00 0a 00 06 00
    04 11 ec 00 1d 00 23 00 00 00 16 00 00 00 17 00
    00 00 0d 00 2a 00 28 09 05 09 06 09 04 04 03 05
    03 06 03 08 07 08 08 08 1a 08 1b 08 1c 08 09 08
    0a 08 0b 08 04 08 05 08 06 04 01 05 01 06 01 00
    2b 00 03 02 03 04 00 2d 00 02 01 01 00 33 04 c6
    04 c4 11 ec 04 c0 54 74 48 c5 d2 1b f6 e4 ca 93
    14 92 f4 20 22 28 e6 bb 08 c6 6a ad 55 20 67 66
    0a e4 ea c3 a2 29 38 1b 9a 79 5f b7 8f a2 b7 7b
    66 a4 48 69 45 18 22 c3 91 74 18 38 8a f8 a4 55
    da 82 56 44 77 a4 71 09 ce 68 94 c4 87 cc 67 c0
    7a 74 17 68 62 66 7c 56 c4 9a 26 e2 33 fa 09 b5
    dd 8a 34 9a 3a 88 da 23 07 d8 bc 45 f8 12 2a 6a
    a2 4b bb db c5 fb 7c 6e 8b ba 71 b5 aa 93 bd 61
    65 5d 91 88 23 bb 53 bd 26 74 b8 56 52 bb c7 9d
    e2 43 58 31 9c 25 f7 11 6e 7e 0b 1c 06 d0 6d 19
    51 2d 90 9c 4e 97 85 10 e9 02 c4 cb e1 a8 97 b4
    96 fc c4 03 15 26 32 9d b9 18 a2 e4 20 8f 36 4f
    91 bc c2 cf 99 2a ad ac 63 c4 0a 51 ad 0c 5f d5
    60 c7 b2 1c 46 06 b6 b7 2d ba 4f ac 6a 1a 9d b3
    37 b2 98 68 a0 53 41 13 48 59 3a 78 41 b0 55 8f
    70 fa 6f 65 dc 89 38 a9 11 2c a8 a6 b5 84 4c 7d
    e7 6b 35 11 80 a4 81 08 4c 36 c3 e7 99 6f 5f b9
    3c 8f a8 1e ea a3 86 b7 0b 8b ee d1 0c 96 d2 74
    b4 48 5f 91 36 cb c1 16 5a 23 dc 7f 5f 30 80 f0
    99 3a 5d c5 b2 01 31 a9 86 e2 72 d9 e7 6d 05 b5
    10 7a ac 3b 69 b6 86 45 15 6c d5 78 3d 86 b1 76
    a7 1c ac 8f 8a 82 7c 50 62 05 b5 ce bc 0a bc e7
    67 ad 11 82 9d f9 67 a9 0c d4 24 b6 f5 04 a2 71
    47 4f 44 21 e1 c8 74 fb 0a 70 d2 ac 0b 2a e4 a0
    be 61 75 e7 fc ca 88 7b ae 63 19 18 0e db 85 d8
    ba af a9 72 99 87 86 72 4b 07 36 bc d1 38 c0 f3
    5c 6d 58 57 f7 3a 4f ac 2b 15 76 0c 02 c0 69 11
    a9 9a b8 c4 aa c4 ed 9a a7 0c 8c c8 65 5a 43 c7
    44 73 92 29 6a 58 9a 8c ef f2 2d b6 c5 94 1a c3
    63 d2 a3 b5 30 e8 42 b9 74 8d 68 57 16 8a 52 2e
    9c bc 1a 55 09 85 a4 01 95 a6 8b b5 97 8c 15 5b
    ca 1a e3 43 b1 dc 5b 50 23 63 21 4f 90 5a 06 f3
    b7 3c 60 7b ff a6 42 46 84 4c 31 b2 86 69 63 0f
    26 49 42 f7 c1 0b 2c 57 1c 45 e3 3c 10 d6 60 56
    ba 94 34 77 13 bc 98 57 13 cb 63 36 92 46 96 1c
    27 79 22 31 a2 a5 17 1c e1 7b fb 62 80 44 43 45
    1d 72 cc 01 cb c0 07 d1 27 f2 2b c0 36 15 2f e8
    e3 92 9d e1 6d 5c 72 37 27 80 93 5d b9 64 26 02
    57 95 da cf 39 43 ce c4 94 cb af 32 c2 45 a6 a1
    a9 85 a1 9d 2b 52 d4 fc 45 cb b2 53 37 71 0b 35
    73 15 58 40 71 d5 ca 64 00 b7 8b 71 5a 95 2d 25
    87 5a 6a 41 e6 25 08 d6 d9 66 82 b2 5b 6a 68 99
    90 c0 32 c1 67 bb 21 e0 3d cc 23 14 43 13 5c c5
    f0 98 a4 36 39 0e bc 10 b9 b3 c9 a8 f7 b1 8a 27
    8f 59 72 89 89 17 2d 03 d8 85 c8 90 b9 e5 0a 5c
    3b d2 62 c9 ec a3 82 f5 02 a4 89 c8 e8 4b ba bc
    20 0e df fc ac 00 c0 4a b7 f1 34 20 70 36 4c b3
    b2 29 8a b5 ea e1 65 34 b2 a3 2b bb 22 da ba 75
    d5 98 02 db c8 10 71 a3 14 06 88 42 45 f9 21 29
    91 1f 63 b9 70 e5 23 67 b9 f3 59 d9 a9 b3 d5 04
    5d 1c 1b 21 0b ab 1b 7d 7a 4f d3 10 99 48 f8 48
    cf a8 55 bb da 29 95 0c 6d 6f 2b a2 b3 94 81 45
    07 60 0b e3 6b 26 14 c7 65 05 a0 40 ab 91 e6 45
    b9 91 48 56 62 d9 71 6a fc 46 cb 49 c3 60 d9 25
    4d 01 7d bc db 6f 81 d7 96 d8 71 8d a1 57 87 12
    41 84 5f f7 cc 9c 21 a3 59 39 65 b6 7c cc 5f 73
    8d f7 f0 a0 b7 d6 1a 53 1c 9c 20 64 12 b5 8a 95
    98 47 a0 ae 1a c4 b9 6b a6 95 a2 cf fa 93 29 27
    1c 48 52 b4 25 2c 2a 23 3d 21 40 8c 8a 72 ef 7a
    05 f1 b2 26 61 da 89 f8 71 75 d2 a5 72 47 fc 8d
    98 98 08 ed c3 64 c4 e3 82 64 30 43 23 37 c9 e3
    f4 83 e2 b7 54 f7 35 91 79 53 45 a3 c2 1b 10 c6
    b5 60 06 50 55 7c 33 0c 76 6a 1a a5 9a 6b 9c 74
    2a 6b cf 6b d7 80 af 3c 32 d5 d4 97 0e 47 6a 5c
    c9 aa dc cb 0d 98 58 90 36 c2 bd f0 6b 21 d0 54
    5a af 9b 8f 0f 54 4e 61 4c c6 50 c8 ac e7 eb a8
    2b 07 1c b1 02 5e 50 54 c1 3a 52 8f 77 37 46 aa
    37 34 e6 98 c6 a0 2c 49 76 0c 5e cc b9 41 3a b9
    53 03 fc 95 a9 d4 10 ae e7 a0 1b 42 17 8f bc 4b
    c6 a5 af 60 17 85 99 91 a2 c5 f7 98 d6 04 2a 8b
    ac 07 1b f7 2b 96 ca 99 54 b3 3b c3 b4 72 28 e5
    a3 d4 23 45 e6 87 99 33 d8 0b 75 d4 92 75 2c 1a
    1c b9 64 09 50 30 35 35 be af 07 50 b9 0c b7 79
    00 6c f6 27 62 06 f2 38 4b c2 c5 9c 94 8c 74 ff
    99 a3 6c 6e d0 06 b1 b2 89 ae dd 9a 4e b6 4c 7a
    98 f7 3f fd 62 cd c5 a3 8a 47 94 44 c2 39 d1 2d
    57 b3 1d ed 0d 72
<<< TLS 1.2, RecordHeader [length 0005]
    16 03 03 00 58
<<< TLS 1.3, Handshake [length 0058], ServerHello
    02 00 00 54 03 03 cf 21 ad 74 e5 9a 61 11 be 1d
    8c 02 1e 65 b8 91 c2 a2 11 16 7a bb 8c 5e 07 9e
    09 e2 c8 a8 33 9c 20 db 5b 0b 86 92 5a c0 30 55
    e5 04 86 55 a1 ee 8d 1b 38 ed 87 a2 58 23 3b 7f
    2e 4a 48 0e 6e d1 82 13 01 00 00 0c 00 2b 00 02
    03 04 00 33 00 02 00 1d
>>> TLS 1.2, RecordHeader [length 0005]
    14 03 03 00 01
>>> TLS 1.3, ChangeCipherSpec [length 0001]
    01
>>> TLS 1.2, RecordHeader [length 0005]
    16 03 03 00 d6
>>> TLS 1.3, Handshake [length 00d6], ClientHello
    01 00 00 d2 03 03 c8 e0 47 3b 46 97 1a 92 d6 ef
    5f 95 44 c2 d7 37 bc a9 59 1a 6b 69 20 04 51 27
    cb 15 5f 96 56 76 20 db 5b 0b 86 92 5a c0 30 55
    e5 04 86 55 a1 ee 8d 1b 38 ed 87 a2 58 23 3b 7f
    2e 4a 48 0e 6e d1 82 00 06 13 02 13 03 13 01 01
    00 00 83 00 0b 00 04 03 00 01 02 00 0a 00 06 00
    04 11 ec 00 1d 00 23 00 00 00 16 00 00 00 17 00
    00 00 0d 00 2a 00 28 09 05 09 06 09 04 04 03 05
    03 06 03 08 07 08 08 08 1a 08 1b 08 1c 08 09 08
    0a 08 0b 08 04 08 05 08 06 04 01 05 01 06 01 00
    2b 00 03 02 03 04 00 2d 00 02 01 01 00 33 00 26
    00 24 00 1d 00 20 b8 4e ea b6 6e c5 e9 32 94 41
    f3 02 3b 20 34 68 02 cc 73 c6 01 05 f0 a0 e8 1d
    e2 80 84 14 cf 25
<<< TLS 1.2, RecordHeader [length 0005]
    14 03 03 00 01
<<< TLS 1.3, ChangeCipherSpec [length 0001]
    01
<<< TLS 1.2, RecordHeader [length 0005]
    16 03 03 00 7a
<<< TLS 1.3, Handshake [length 007a], ServerHello
    02 00 00 76 03 03 7b a6 5d 21 d1 69 ce d6 2f e2
    7a 81 e2 78 f0 40 45 bd 00 b9 ba d1 e4 aa fa 1a
    53 e0 2c ed 4c 99 20 db 5b 0b 86 92 5a c0 30 55
    e5 04 86 55 a1 ee 8d 1b 38 ed 87 a2 58 23 3b 7f
    2e 4a 48 0e 6e d1 82 13 01 00 00 2e 00 2b 00 02
    03 04 00 33 00 24 00 1d 00 20 91 c9 ed 9f 35 a3
    d3 4a 4b 6c e9 d2 eb e4 7f 3b de ea b5 da 22 8d
    94 fa 27 af 81 f5 4d 90 ba 38
<<< TLS 1.2, RecordHeader [length 0005]
    17 03 03 00 17
<<< TLS 1.3, InnerContent [length 0001]
    16
<<< TLS 1.3, Handshake [length 0006], EncryptedExtensions
    08 00 00 02 00 00
<<< TLS 1.2, RecordHeader [length 0005]
    17 03 03 03 ab
<<< TLS 1.3, InnerContent [length 0001]
    16
<<< TLS 1.3, Handshake [length 039a], Certificate
    0b 00 03 96 00 00 03 92 00 01 bd 30 82 01 b9 30
    82 01 5f a0 03 02 01 02 02 11 00 c8 4a 45 2d de
    43 18 d4 e5 46 fb bd f9 35 dd 1f 30 0a 06 08 2a
    86 48 ce 3d 04 03 02 30 33 31 31 30 2f 06 03 55
    04 03 13 28 43 61 64 64 79 20 4c 6f 63 61 6c 20
    41 75 74 68 6f 72 69 74 79 20 2d 20 45 43 43 20
    49 6e 74 65 72 6d 65 64 69 61 74 65 30 1e 17 0d
    32 36 30 39 32 39 30 35 34 36 35 34 5a 17 0d 32
    36 30 39 32 39 31 37 34 36 35 34 5a 30 00 30 59
    30 13 06 07 2a 86 48 ce 3d 02 01 06 08 2a 86 48
    ce 3d 03 01 07 03 42 00 04 c8 bd 0f fe 4f af bf
    d5 7b 5f 17 ce 01 46 a3 46 ae e3 2c 99 eb 3e d5
    59 60 7d 87 06 51 a7 f0 16 c9 f5 1d bf 11 fd 5a
    e9 fd ab eb 99 b9 25 38 db 73 0c ba eb 15 47 1a
    28 55 ba 9e fb d4 b1 71 0c a3 81 86 30 81 83 30
    0e 06 03 55 1d 0f 01 01 ff 04 04 03 02 07 80 30
    1d 06 03 55 1d 25 04 16 30 14 06 08 2b 06 01 05
    05 07 03 01 06 08 2b 06 01 05 05 07 03 02 30 1d
    06 03 55 1d 0e 04 16 04 14 ad 2b 9c 62 c7 fa 2b
    57 ff fb c1 fe 2e be 4c 0e f4 c5 1e 98 30 1f 06
    03 55 1d 23 04 18 30 16 80 14 1e 4b f5 b5 bf d2
    49 ea fe a3 68 02 cd 5a d5 59 ca f0 13 b2 30 12
    06 03 55 1d 11 01 01 ff 04 08 30 06 87 04 7f 00
    00 01 30 0a 06 08 2a 86 48 ce 3d 04 03 02 03 48
    00 30 45 02 20 61 ec 4b 96 5e f4 32 24 d4 14 31
    56 0a 50 96 91 06 95 ff 1c f5 a9 39 c8 e4 c7 9e
    3d b6 6e 24 4d 02 21 00 b5 fb a5 36 37 cd cf 8a
    f9 f1 66 b1 3e df 2c fc b9 5f fe 0a 76 3b 30 de
    a5 5c 93 d8 de d6 e9 bd 00 00 00 01 cb 30 82 01
    c7 30 82 01 6d a0 03 02 01 02 02 10 6f 96 30 9a
    4b 67 3c 1d 9e 4f a1 15 64 28 b2 e8 30 0a 06 08
    2a 86 48 ce 3d 04 03 02 30 30 31 2e 30 2c 06 03
    55 04 03 13 25 43 61 64 64 79 20 4c 6f 63 61 6c
    20 41 75 74 68 6f 72 69 74 79 20 2d 20 32 30 32
    36 20 45 43 43 20 52 6f 6f 74 30 1e 17 0d 32 36
    30 39 32 39 30 35 34 35 32 39 5a 17 0d 32 36 31
    30 30 36 30 35 34 35 32 39 5a 30 33 31 31 30 2f
    06 03 55 04 03 13 28 43 61 64 64 79 20 4c 6f 63
    61 6c 20 41 75 74 68 6f 72 69 74 79 20 2d 20 45
    43 43 20 49 6e 74 65 72 6d 65 64 69 61 74 65 30
    59 30 13 06 07 2a 86 48 ce 3d 02 01 06 08 2a 86
    48 ce 3d 03 01 07 03 42 00 04 7f 54 52 36 8d eb
    6e c8 25 b7 8a 71 71 a6 74 de c9 47 3d f2 bd be
    c4 ca 44 7a f6 7a f4 fb 9c 6e 9d 8d 7a 14 1c 70
    8c 39 51 53 3e 3a ea 92 b2 b0 bb 3b cd 5e c0 25
    58 9c 16 ca 00 c2 ff 54 0a 6d a3 66 30 64 30 0e
    06 03 55 1d 0f 01 01 ff 04 04 03 02 01 06 30 12
    06 03 55 1d 13 01 01 ff 04 08 30 06 01 01 ff 02
    01 00 30 1d 06 03 55 1d 0e 04 16 04 14 1e 4b f5
    b5 bf d2 49 ea fe a3 68 02 cd 5a d5 59 ca f0 13
    b2 30 1f 06 03 55 1d 23 04 18 30 16 80 14 ee 98
    ae 58 5d a9 43 fe 5e a3 c5 77 4f ac 5d 68 01 29
    ec a3 30 0a 06 08 2a 86 48 ce 3d 04 03 02 03 48
    00 30 45 02 21 00 c8 69 eb 78 cd 7e 63 82 92 31
    7c a4 af d7 5f b6 70 9e 76 94 2a 23 a9 54 7f dc
    57 82 22 13 d9 62 02 20 13 c2 8d b8 4e 77 3b 95
    ba 65 da cd d6 65 1f 3f 65 36 0a a1 a7 c9 e8 af
    29 11 3b e2 64 fd e7 66 00 00
<<< TLS 1.2, RecordHeader [length 0005]
    17 03 03 00 61
<<< TLS 1.3, InnerContent [length 0001]
    16
<<< TLS 1.3, Handshake [length 0050], CertificateVerify
    0f 00 00 4c 04 03 00 48 30 46 02 21 00 f2 92 99
    40 03 e6 74 e0 39 42 ba 42 89 ac 90 a8 37 4c 76
    d2 0c 95 32 22 7a 4c 7d 78 41 45 14 fc 02 21 00
    85 6e 7a 15 61 55 dc 47 a0 b9 61 9f d3 59 f8 f5
    18 a7 e1 ab 84 8f 50 ed 67 d4 83 55 70 ed 66 b5
<<< TLS 1.2, RecordHeader [length 0005]
    17 03 03 00 35
<<< TLS 1.3, InnerContent [length 0001]
    16
<<< TLS 1.3, Handshake [length 0024], Finished
    14 00 00 20 28 f2 ac 8c f9 b9 31 0e 10 1c 3f ca
    f4 a2 43 de 47 99 a2 5e 09 72 80 4e fa f0 06 6c
    2f 14 dc a0
>>> TLS 1.2, RecordHeader [length 0005]
    17 03 03 00 35
>>> TLS 1.2, InnerContent [length 0001]
    16
>>> TLS 1.3, Handshake [length 0024], Finished
    14 00 00 20 5f c1 f9 68 57 37 9f 5c 7c 5d a6 46
    6b 13 b1 49 32 10 08 07 49 fa 58 ca d9 70 9a 84
    82 88 91 22
---
Certificate chain
 0 s:
   i:CN=Caddy Local Authority - ECC Intermediate
   a:PKEY: EC, (prime256v1); sigalg: ecdsa-with-SHA256
   v:NotBefore: Sep 29 05:46:54 2026 GMT; NotAfter: Sep 29 17:46:54 2026 GMT
 1 s:CN=Caddy Local Authority - ECC Intermediate
   i:CN=Caddy Local Authority - 2026 ECC Root
   a:PKEY: EC, (prime256v1); sigalg: ecdsa-with-SHA256
   v:NotBefore: Sep 29 05:45:29 2026 GMT; NotAfter: Oct  6 05:45:29 2026 GMT
---
Server certificate
-----BEGIN CERTIFICATE-----
MIIBuTCCAV+gAwIBAgIRAMhKRS3eQxjU5Ub7vfk13R8wCgYIKoZIzj0EAwIwMzEx
MC8GA1UEAxMoQ2FkZHkgTG9jYWwgQXV0aG9yaXR5IC0gRUNDIEludGVybWVkaWF0
ZTAeFw0yNjA5MjkwNTQ2NTRaFw0yNjA5MjkxNzQ2NTRaMAAwWTATBgcqhkjOPQIB
BggqhkjOPQMBBwNCAATIvQ/+T6+/1XtfF84BRqNGruMsmes+1VlgfYcGUafwFsn1
Hb8R/Vrp/avrmbklONtzDLrrFUcaKFW6nvvUsXEMo4GGMIGDMA4GA1UdDwEB/wQE
AwIHgDAdBgNVHSUEFjAUBggrBgEFBQcDAQYIKwYBBQUHAwIwHQYDVR0OBBYEFK0r
nGLH+itX//vB/i6+TA70xR6YMB8GA1UdIwQYMBaAFB5L9bW/0knq/qNoAs1a1VnK
8BOyMBIGA1UdEQEB/wQIMAaHBH8AAAEwCgYIKoZIzj0EAwIDSAAwRQIgYexLll70
MiTUFDFWClCWkQaV/xz1qTnI5MeePbZuJE0CIQC1+6U2N83PivnxZrE+3yz8uV/+
CnY7MN6lXJPY3tbpvQ==
-----END CERTIFICATE-----
subject=
issuer=CN=Caddy Local Authority - ECC Intermediate
---
No client certificate CA names sent
Peer signing digest: SHA256
Peer signature type: ecdsa_secp256r1_sha256
Peer Temp Key: X25519, 253 bits
---
SSL handshake has read 1358 bytes and written 1686 bytes
Verification error: unable to get local issuer certificate
---
New, TLSv1.3, Cipher is TLS_AES_128_GCM_SHA256
Protocol: TLSv1.3
Server public key is 256 bit
This TLS version forbids renegotiation.
Compression: NONE
Expansion: NONE
No ALPN negotiated
Early data was not sent
Verify return code: 20 (unable to get local issuer certificate)
---
<<< TLS 1.2, RecordHeader [length 0005]
    17 03 03 00 8b
<<< TLS 1.3, InnerContent [length 0001]
    16
<<< TLS 1.3, Handshake [length 007a], NewSessionTicket
    04 00 00 76 00 09 3a 80 f1 7a 75 9a 00 00 69 0c
    b4 3c e9 fe 76 63 e6 4a 76 cd a4 e7 de 45 e6 6c
    60 d0 e7 1f 93 7c c6 e4 e9 81 a9 7a 20 cb 34 12
    fc ad 8f 74 3c 03 43 4f b3 e2 ec 90 c8 55 1d 4d
    8b 71 55 0f 63 85 b1 91 8b 7c 0e 67 6a 9c 62 a5
    4b 91 2f 60 f5 27 f3 c7 cb 6d 05 10 70 71 13 ea
    66 3d f7 be bb e1 78 4c f8 09 86 21 90 2f b2 bc
    34 a1 dc a4 51 2d 8e 6e 00 00
---
Post-Handshake New Session Ticket arrived:
SSL-Session:
    Protocol  : TLSv1.3
    Cipher    : TLS_AES_128_GCM_SHA256
    Session-ID: 16835F2FE320EDEC656ACCCD7AD4EAE4FD63992919CE65FEBDB4456F1FDACEFC
    Session-ID-ctx: 
    Resumption PSK: 8340BEB7D455FD8AC7DFF494CF640CC15CF664047BE4D54184CA33BE8BBD09F7
    PSK identity: None
    PSK identity hint: None
    SRP username: None
    TLS session ticket lifetime hint: 604800 (seconds)
    TLS session ticket:
    0000 - 0c b4 3c e9 fe 76 63 e6-4a 76 cd a4 e7 de 45 e6   ..<..vc.Jv....E.
    0010 - 6c 60 d0 e7 1f 93 7c c6-e4 e9 81 a9 7a 20 cb 34   l`....|.....z .4
    0020 - 12 fc ad 8f 74 3c 03 43-4f b3 e2 ec 90 c8 55 1d   ....t<.CO.....U.
    0030 - 4d 8b 71 55 0f 63 85 b1-91 8b 7c 0e 67 6a 9c 62   M.qU.c....|.gj.b
    0040 - a5 4b 91 2f 60 f5 27 f3-c7 cb 6d 05 10 70 71 13   .K./`.'...m..pq.
    0050 - ea 66 3d f7 be bb e1 78-4c f8 09 86 21 90 2f b2   .f=....xL...!./.
    0060 - bc 34 a1 dc a4 51 2d 8e-6e                        .4...Q-.n

    Start Time: 1790661074
    Timeout   : 7200 (sec)
    Verify return code: 20 (unable to get local issuer certificate)
    Extended master secret: no
    Max Early Data: 0
---
read R BLOCK
>>> TLS 1.2, RecordHeader [length 0005]
    17 03 03 00 13
>>> TLS 1.2, InnerContent [length 0001]
    15
>>> TLS 1.3, Alert [length 0002], warning close_notify
    01 00
Connecting to 127.0.0.1
SSL_connect:before SSL initialization
SSL_connect:SSLv3/TLS write client hello
SSL_connect:SSLv3/TLS write client hello
SSL_connect:SSLv3/TLS read server hello
SSL_connect:SSLv3/TLS write change cipher spec
SSL_connect:SSLv3/TLS write client hello
SSL_connect:SSLv3/TLS write client hello
SSL_connect:SSLv3/TLS read server hello
Can't use SSL_get_servername
SSL_connect:TLSv1.3 read encrypted extensions
depth=1 CN=Caddy Local Authority - ECC Intermediate
verify error:num=20:unable to get local issuer certificate
verify return:1
depth=0 
verify return:1
SSL_connect:SSLv3/TLS read server certificate
SSL_connect:TLSv1.3 read server certificate verify
SSL_connect:SSLv3/TLS read finished
SSL_connect:SSLv3/TLS write finished
SSL_connect:SSL negotiation finished successfully
SSL_connect:SSL negotiation finished successfully
SSL_connect:SSLv3/TLS read server session ticket
DONE
SSL3 alert write:warning:close notify
