CONNECTED(00000003)
>>> TLS 1.0, RecordHeader [length 0005]
    16 03 01 00 d6
>>> TLS 1.3, Handshake [length 00d6], ClientHello
    01 00 00 d2 03 03 6a c2 4c f2 1d 50 13 08 cf f0
    8d cd fe 2e a4 d8 3a 90 6e 75 57 73 83 5b 47 90
    88 70 67 3a c2 f0 20 b3 0c 7b 2c ee 08 0b 53 4b
    83 52 67 d7 40 d9 87 96 e5 95 eb 1d e9 1a a3 c1
    f3 27 66 d2 24 eb 59 00 06 13 02 13 03 13 01 01
    00 00 83 00 0b 00 04 03 00 01 02 00 0a 00 06 00
    04 00 1d 11 ec 00 23 00 00 00 16 00 00 00 17 00
    00 00 0d 00 2a 00 28 09 05 09 06 09 04 04 03 05
    03 06 03 08 07 08 08 08 1a 08 1b 08 1c 08 09 08
    0a 08 0b 08 04 08 05 08 06 04 01 05 01 06 01 00
    2b 00 03 02 03 04 00 2d 00 02 01 01 00 33 00 26
    00 24 00 1d 00 20 95 c6 6f d7 91 29 5c 8a 35 b2
    92 56 a9 31 56 0a 19 43 33 fa ac fb ab 78 fd 1a
    9a bc 6c b7 cb 27
<<< TLS 1.2, RecordHeader [length 0005]
    16 03 03 00 58
<<< TLS 1.3, Handshake [length 0058], ServerHello
    02 00 00 54 03 03 cf 21 ad 74 e5 9a 61 11 be 1d
    8c 02 1e 65 b8 91 c2 a2 11 16 7a bb 8c 5e 07 9e
    09 e2 c8 a8 33 9c 20 b3 0c 7b 2c ee 08 0b 53 4b
    83 52 67 d7 40 d9 87 96 e5 95 eb 1d e9 1a a3 c1
    f3 27 66 d2 24 eb 59 13 02 00 00 0c 00 2b 00 02
    03 04 00 33 00 02 11 ec
>>> TLS 1.2, RecordHeader [length 0005]
    14 03 03 00 01
>>> TLS 1.3, ChangeCipherSpec [length 0001]
    01
>>> TLS 1.2, RecordHeader [length 0005]
    16 03 03 05 76
>>> TLS 1.3, Handshake [length 0576], ClientHello
    01 00 05 72 03 03 6a c2 4c f2 1d 50 13 08 cf f0
    8d cd fe 2e a4 d8 3a 90 6e 75 57 73 83 5b 47 90
    88 70 67 3a c2 f0 20 b3 0c 7b 2c ee 08 0b 53 4b
    83 52 67 d7 40 d9 87 96 e5 95 eb 1d e9 1a a3 c1
    f3 27 66 d2 24 eb 59 00 06 13 02 13 03 13 01 01
    00 05 23 00 0b 00 04 03 00 01 02 00 0a 00 06 00
    04 00 1d 11 ec 00 23 00 00 00 16 00 00 00 17 00
    00 00 0d 00 2a 00 28 09 05 09 06 09 04 04 03 05
    03 06 03 08 07 08 08 08 1a 08 1b 08 1c 08 09 08
    0a 08 0b 08 04 08 05 08 06 04 01 05 01 06 01 00
    2b 00 03 02 03 04 00 2d 00 02 01 01 00 33 04 c6
    04 c4 11 ec 04 c0 ab e0 ad 1a f7 2e ca 87 3a aa
    2b 8b d5 73 14 de 73 b8 4d e2 cd ef 4a 73 82 c0
    9b 5d 74 8d d9 1a 47 fb 02 6f 17 83 96 9b fa 42
    b8 0c 20 ee c5 5f 9e a6 72 10 c9 5b b7 86 93 b6
    dc 42 c2 9c 62 cf bc 24 2b 44 a3 4e 8b 88 c4 99
    03 bc cb 56 09 5b ad 58 73 81 b8 17 95 b8 50 a5
    a1 30 40 1f 57 a9 11 39 c5 bd aa 24 07 70 78 f6
    83 6c 4f 61 8d 71 55 5e e5 b7 40 36 37 44 ac 36
    6f be 24 a3 2d cc 8a 95 21 9e 68 16 99 f4 99 8a
    6f d0 0f 1c a2 14 bb 42 c1 81 c9 aa af 40 b7 d8
    e5 48 eb 74 41 f8 b2 ba f7 69 6f 49 87 bf 67 d8
    1b 31 03 9d ff fa c6 68 e0 82 cc dc b3 cb 9a 01
    9b 77 72 a9 90 3c d2 d6 40 64 f1 7d de d4 1c 8c
    02 83 3f 3c c9 24 75 c8 7b d5 a4 b8 35 4e e6 a4
    3b f0 c2 97 c8 58 28 3c fc 90 87 47 79 28 42 8c
    d3 14 5b f7 dc ba fe c9 3b d5 f1 87 6a c6 70 0f
    fa 17 d9 52 23 dd 95 9b 6b b4 bf e4 5a a4 ea 35
    4b fe 31 7e df 50 2d 5f c2 4d 27 fb 05 4e 79 c4
    c8 2b 2b 67 f6 35 40 18 0a 8c f0 bd f0 e8 7d e1
    f5 59 ea 12 14 2c f8 69 b0 63 8d d6 a4 1b 22 08
    82 5a bb 9e 50 30 24 c8 e7 14 11 b0 05 04 c9 98
    0a 5b 9e a2 b2 5c 1d d1 9e 1b 67 7a 51 d4 bd f7
    91 c9 b1 22 85 be a5 13 d2 37 89 6c a9 6d a5 39
    2d f1 1b 70 84 49 6d c8 e9 63 ce d5 70 d5 4c 93
    dd 8a b1 cd fa 8d f3 fc 71 2b f2 5f b8 3c ce a2
    99 39 39 70 61 cf 17 88 23 76 82 e0 2b 2f 5b 75
    92 dd 92 ae 9d 13 a2 63 49 97 8c 54 30 fe 96 69
    02 60 b9 e1 84 be 0c c3 2a 71 c9 6b 41 96 6d 54
    85 b2 4b 99 8d 5f 75 c2 bc 31 40 c8 3a a8 7e 90
    3b 09 91 af 03 ab b0 42 e0 c3 ba 23 ba bc 07 4d
    ac e2 5c 3e ec 08 8d fb 89 8e 49 3d 31 74 69 b4
    73 57 60 38 4d fb 62 5d 89 f4 cb a4 82 a2 80 1a
    2e df 64 11 52 89 25 0e 29 00 fe 17 4b 46 97 c7
    19 bb 93 5f 12 1a 2a 59 ce db a8 0a 10 5b 4d ad
    62 6a b9 dc 3b 79 06 a6 15 e3 01 9b d7 14 6e e2
    8d a4 a9 71 c1 b7 0f 47 84 65 a5 d4 96 b2 83 36
    18 e8 45 a2 45 85 36 d7 2a a0 d2 20 1a 7c 76 74
    0b ce a0 85 25 b7 d5 03 0a 76 ba fc a3 52 d5 19
    cd 77 64 9c 9b 71 cd fc 60 78 8a 51 96 c0 dc 84
    a5 b9 8e 57 fa 3a d4 98 79 ea bc c9 60 4a 9b 73
    07 47 98 78 5b c4 59 22 c7 8a 81 c5 43 c5 95 e8
    96 2d 20 a8 93 a5 65 e7 46 78 d4 a5 25 ec 67 0d
    47 f9 23 5c c7 2c 4a 8a 64 cd f7 02 16 f6 c3 ff
    27 21 2f 20 1f 16 a8 0f 17 a8 55 e3 d9 4b 0a b4
    c7 14 97 55 38 79 cb b5 e8 06 05 44 24 54 40 22
    9d a8 81 b1 ec 1c 6a f1 91 44 c8 c3 0f 99 7f 9b
    0c 3d 1a c9 48 95 dc 6f 44 38 a6 2d 28 a9 59 0a
    a9 ca e1 27 dd e8 3c 56 56 1e 53 52 88 6e fa 6c
    81 d9 6c db 64 2a c3 99 cd 95 f3 b5 ad 77 4f 62
    75 28 9c b3 17 8d fa 22 ae 08 54 44 47 9b ca 68
    34 13 2b cb 99 76 95 37 f0 29 6f 29 75 47 63 46
    87 26 c5 4b d3 85 4e 48 15 cb 63 32 1b 29 bd 46
    ca 4c 94 16 6b 2b d2 66 d8 ab 09 a7 01 1a 09 d6
    0a 2f 58 63 3f 4c bf ab 53 34 0c 94 6c 8a 48 c9
    40 6a 82 c6 41 8f 48 27 23 44 00 67 61 25 0c 8d
    e5 45 9d 21 47 88 d1 0f 2d f3 91 a6 44 27 b4 92
    14 65 06 5f 98 fc 82 51 22 cb b4 3b 9d b5 3c 2b
    de 27 93 b8 c9 ba 33 52 3e 08 e9 3f 24 b2 41 24
    64 0d 2a 49 59 c6 85 a0 23 5b 01 47 58 89 a0 5b
    81 f9 b9 1b af 77 5b df 8b 55 8b 70 69 a2 ba 53
    81 ba 29 e3 d7 4f 7e 07 62 f5 18 66 a6 75 86 f7
    56 7a f6 0c 16 c4 24 85 38 19 cf c7 9c 50 ac 9b
    33 5c 29 b4 46 14 7f ee c7 79 2c 83 55 98 a2 7a
    f1 ec 39 9f a5 9b d6 d9 a4 02 c6 b4 ef 90 c6 8f
    9a 36 85 c3 27 7e da 4e ea 21 2d 65 a7 79 8e 3b
    70 db d9 04 72 81 0a 5e 3c 15 62 79 8b f0 39 82
    85 33 7b 18 f5 a9 23 7a 99 23 e8 1a 0d 48 8e 9e
    db 91 12 31 1f d6 da 20 ec 56 b5 d3 f1 55 a6 68
    39 a1 c3 9f cf 2c 3e c8 da 2d 7d b9 93 f8 9b 6e
    18 93 90 c0 30 4e 16 e8 57 42 b7 0f 88 10 b9 3b
    a6 ca b5 68 7e 3d 18 7d be 6a 0c d0 20 1c 97 90
    a1 94 ec b3 00 bc 75 de 01 9a 40 d3 46 92 d5 7d
    38 c3 33 ae 23 6c 61 b8 34 e9 cd 57 b9 9f 60 d5
    f2 51 1c 9e f1 5f 76 74 e5 ba 10 ec c6 b0 9b 92
    a6 d6 62 93 00 6e f0 f0 f4 6e 1b e6 ce f7 e6 cc
    00 11 ef da 30 5b f5 6f 6d 30 f2 4d b3 57 b8 be
    12 e6 59 9a 44 42
<<< TLS 1.2, RecordHeader [length 0005]
    14 03 03 00 01
<<< TLS 1.3, ChangeCipherSpec [length 0001]
    01
<<< TLS 1.2, RecordHeader [length 0005]
    16 03 03 04 ba
<<< TLS 1.3, Handshake [length 04ba], ServerHello
    02 00 04 b6 03 03 71 64 df 83 3f 08 3f 9a c4 77
    18 e6 a6 70 1c 47 c5 40 ff 13 a9 b9 b4 6a bb ef
    8b 18 52 93 bc 14 20 b3 0c 7b 2c ee 08 0b 53 4b
    83 52 67 d7 40 d9 87 96 e5 95 eb 1d e9 1a a3 c1
    f3 27 66 d2 24 eb 59 13 02 00 04 6e 00 2b 00 02
    03 04 00 33 04 64 11 ec 04 60 71 f5 70 d6 4a 00
    53 9e 79 be 6a 38 70 c8 8e 1b 96 24 52 fd 6e e5
    b7 c0 89 98 0a ab 40 e9 47 18 4a 43 bb 02 f1 1d
    ba 00 73 22 d4 38 bf 9a d4 dd 39 2c 40 a0 43 8a
    cb 80 0b 70 f9 af 50 8f 8c c2 b1 41 9d a3 50 49
    ca fb ee 84 86 a6 15 35 10 1d 06 55 84 99 2d 62
    1d ab 87 66 0c 41 9a 56 0d d3 c2 c5 24 4c ca 5d
    f3 0f 05 29 06 e6 7b e1 f3 df be b1 ab 14 d7 e1
    dc 1d f7 33 97 c5 2b 0b cc 06 56 62 47 56 12 c2
    15 2b 7c 9c 10 b2 66 f0 2c 46 ae 5c 00 fa 7f e2
    f4 1e e4 34 87 a9 97 5b 77 7f 06 91 2c f9 70 f1
    60 67 10 1b 7b 85 ee 7e 8e f1 08 a9 cc 4e 93 0e
    ce 16 90 8e 50 48 4b 83 52 8a da bc a3 58 63 5d
    28 f1 c7 cd 07 9b 23 d9 75 32 ce 0f 93 56 3f e3
    a9 31 16 f4 9d b7 3a f5 fd 21 db a3 f9 15 7d 3d
    b2 29 23 6d 60 20 f8 ac f4 33 04 35 ac 4e 3b 7e
    26 ad b8 05 d3 d2 8d 8a 52 14 12 d1 25 1d 2c 05
    c2 9c 81 01 cf 35 1d 4f 0f 7c e9 7b 01 db 48 45
    54 59 90 1a 43 a6 8c 11 ca 61 b1 ca 3c dd 9d 59
    93 3a fe ac c5 47 8e bd 72 e5 da 38 f5 a8 b4 93
    aa 5e 54 42 55 b4 08 14 4c d8 d3 f4 61 9a e0 df
    5f f3 60 a0 2a 33 b4 4c a6 ea d1 6d 04 2b 0c ea
    e7 07 8e e4 2d 34 2e 07 77 1e 44 eb 1d 9e 45 6c
    ae ff 2d 7c 73 4a 8a 06 66 6e 7b 6b be 49 20 ea
    cb 89 f4 d8 9e 3e 72 a9 93 da e5 6f d9 b2 b6 64
    b1 9d 4b cb 6f ca 25 8f 44 e2 1d fb db 9b e6 7d
    59 ad 8b 2b 62 cc ff e8 86 52 2c e9 b7 b7 1a 2b
    03 3d 8a 41 86 33 68 83 bd 58 af 79 de 56 3c ba
    53 52 04 37 43 f1 84 37 fe 2e b0 f1 57 b9 40 33
    9a 82 a3 27 9c d1 43 c0 16 9f 49 7f c4 c5 55 3a
    87 7e 0b 4f de 22 86 bf b3 a8 68 53 af 6f 3a 7a
    56 3d a8 46 d0 2f 0c b1 9b bf 6a 30 7f 33 ad e4
    28 be 0b 2d 38 d7 bc b6 6d 9c cf 81 b1 f1 a4 c3
    ec 5a 72 cf ae 78 1e 8b 20 05 06 cf c9 82 51 03
    12 97 31 e8 53 40 e4 98 ed 68 55 46 ef 79 1a 2b
    94 a6 75 40 4e 8d d4 2d fd 5d c1 04 8a 53 07 03
    12 a5 ed 28 2c 4c 5f be 4f c6 c7 4f 9a 6e 08 69
    bb 02 3b 41 7b a0 62 d3 0e ad 50 37 f2 a6 21 22
    2a 63 60 b5 ea 09 de 07 73 f7 6c b4 26 3c 95 5e
    aa 18 27 86 b3 03 8d 81 e4 fb d9 e3 17 51 0a 1d
    0a bb a9 26 8d 3e 6f 6c 5a 5b f3 df 0a ef c1 2a
    e3 48 90 41 b4 8d 6c 36 09 29 c9 99 6f 0e bd 23
    82 4e 21 87 ae f5 eb 6e 8c 90 2a ef 77 e7 03 58
    d8 75 a0 75 4e e7 eb ab 5e 3b 4a aa 5a 1d 60 41
    c2 5a 66 6b 35 20 43 98 93 38 07 94 3e 5e 4b 3a
    fe 3d c4 da b8 5f 61 23 45 93 7f ba 1a ca 03 79
    e9 6b 34 09 57 58 10 6d b9 7b 95 d0 6c 39 4e d0
    49 6f 56 38 07 cc ef 2f 14 c5 5a 86 0c 16 4b 41
    30 40 25 79 00 d9 d9 d6 03 e5 93 c2 7f 9b 60 0b
    c3 ea a5 f8 04 2f 32 b3 e5 df 06 a3 a9 07 61 70
    77 bb 3d 47 8c f1 4e 70 4c 6c d1 99 c7 93 28 6c
    89 0e 16 af 90 70 f3 27 80 d1 d5 e0 85 6a aa e9
    0c 2d 89 f2 da 75 54 f1 22 7d 1f 15 3a 67 15 84
    2c dd b3 a1 72 a4 5e fb 8e 1f 62 5e 29 d2 53 8c
    e2 67 b7 d8 b7 b6 c1 38 55 ba 34 dc 87 9f 24 6b
    78 44 ff 46 a3 17 9e 6b 5a 25 be fb 06 53 1a 0e
    d9 a9 40 1c 5d 0f 45 ee 5b 24 a8 33 52 d9 81 82
    75 32 d3 0b e7 2b 1f a8 59 a7 36 67 97 d1 34 d5
    c1 44 60 c8 a1 5b fd 8b 8a 70 42 d9 66 db f3 d9
    2e e0 5e d4 6c 80 49 66 98 0b ee fa 17 9b 13 ee
    48 16 fa ab e5 9a 57 90 56 78 86 d0 79 2c a5 54
    97 20 d7 7a d2 0d df e4 da b6 6e bd 63 11 c0 cf
    04 73 19 01 cf 1d 20 c4 d0 e5 f3 63 2a dc e1 80
    8d 0a 57 79 eb 77 f9 27 17 fc 94 d7 03 58 42 fe
    eb fe 5a 5c 27 84 66 70 f5 ff 1d 89 2e ff a7 23
    38 0d 00 ad 61 de e0 0d 60 b7 d1 c5 0e 1d 1f c7
    8c e5 d9 50 26 f4 77 b2 6b 2b c3 52 63 ee c3 fb
    7a 07 fd ca 8e 3e b4 8c 4b f0 11 7a 8f 94 53 e4
    e8 b9 7b 82 7e 41 a5 df 46 9b e9 a8 a2 08 48 f5
    d6 ea 96 6e 7b 1c e0 18 da 71 e8 aa 95 43 5f 37
    0b 9c 49 5e 2f 1f cb 86 07 7d
<<< TLS 1.2, RecordHeader [length 0005]
    17 03 03 00 17
<<< TLS 1.3, InnerContent [length 0001]
    16
<<< TLS 1.3, Handshake [length 0006], EncryptedExtensions
    08 00 00 02 00 00
<<< TLS 1.2, RecordHeader [length 0005]
    17 03 03 03 47
<<< TLS 1.3, InnerContent [length 0001]
    16
<<< TLS 1.3, Handshake [length 0336], Certificate
    0b 00 03 32 00 00 03 2e 00 03 29 30 82 03 25 30
    82 02 0d a0 03 02 01 02 02 01 02 30 0d 06 09 2a
    86 48 86 f7 0d 01 01 0b 05 00 30 12 31 10 30 0e
    06 03 55 04 03 0c 07 52 6f 6f 74 20 43 41 30 20
    17 0d 31 36 30 31 31 34 32 32 32 39 34 36 5a 18
    0f 32 31 31 36 30 31 31 35 32 32 32 39 34 36 5a
    30 19 31 17 30 15 06 03 55 04 03 0c 0e 73 65 72
    76 65 72 2e 65 78 61 6d 70 6c 65 30 82 01 22 30
    0d 06 09 2a 86 48 86 f7 0d 01 01 01 05 00 03 82
    01 0f 00 30 82 01 0a 02 82 01 01 00 d5 5d 60 6a
    df fc 61 ee 48 aa 8c 11 48 43 a5 6d b6 52 5d aa
    98 49 b1 61 92 35 b1 fc 3a 04 25 0c 6d 79 ff b4
    d5 c9 e9 5c 1c 3b e0 ab b3 b8 7d a3 de 6d bd e0
    dd d7 5a bf 14 47 11 42 5e a6 82 d0 61 c1 7f dd
    13 46 e6 09 85 07 0e f2 d4 fc 1a 64 d2 0a ad 20
    ab 20 6b 96 f0 ad cc c4 19 53 55 dc 01 1d a4 b3
    ef 8a b4 49 53 5d 8a 05 1c f1 dc e1 44 bf c5 d7
    e2 77 19 57 5c 97 0b 75 ee 88 43 71 0f ca 6c c1
    b4 b2 50 a7 77 46 6c 58 0f 11 bf f1 76 24 5a ae
    39 42 b7 51 67 29 e1 d0 55 30 6f 17 e4 91 ea ad
    f8 28 c2 43 6f a2 64 a9 fb 9d 98 92 62 48 3e eb
    0d 4f 82 4a 8a ff 3f 72 ee 96 b5 ae a1 c1 98 ba
    ef 7d 90 75 6d ff 5a 52 9e ab f5 c0 7e d0 87 43
    db 85 07 07 0f 7d 38 7a fd d1 d3 ee 65 1d d3 ea
    39 6a 87 37 ee 4a d3 e0 0d 6e f5 70 ac c2 bd f1
    6e f3 92 95 5e a9 f0 a1 65 95 93 8d 02 03 01 00
    01 a3 7d 30 7b 30 1d 06 03 55 1d 0e 04 16 04 14
    c0 e7 84 bf e8 59 27 33 10 b0 52 4f 51 52 2f 06
    d6 c0 7a cd 30 1f 06 03 55 1d 23 04 18 30 16 80
    14 70 7f 2e ae 83 68 59 98 04 23 2a cd eb 3e 17
    cd 24 dd 01 49 30 09 06 03 55 1d 13 04 02 30 00
    30 13 06 03 55 1d 25 04 0c 30 0a 06 08 2b 06 01
    05 05 07 03 01 30 19 06 03 55 1d 11 04 12 30 10
    82 0e 73 65 72 76 65 72 2e 65 78 61 6d 70 6c 65
    30 0d 06 09 2a 86 48 86 f7 0d 01 01 0b 05 00 03
    82 01 01 00 7b d3 04 43 75 8a 0f 11 ae c4 fb d7
    a1 a2 9e fe 20 18 d5 f4 2f 31 88 46 b6 75 8c ee
    e5 9b 97 a6 b9 a3 cd 60 9a 46 c3 48 97 e5 97 68
    f7 5a 86 35 73 d9 69 9e f9 5f 74 b9 e6 94 13 01
    cb 6a dc e3 c4 04 e9 65 da 9c a4 8b 28 f3 f9 9a
    7f bf 97 1f 45 92 e5 05 b1 56 e6 0b f6 47 de 1e
    89 b6 2b e1 4d df 4a 7e 01 d3 23 dc 97 8c 47 fe
    5f c7 cc 98 46 0e c4 83 5b ca 8a f1 52 09 be 6b
    ec 3f 09 8b d0 93 02 bf e1 51 e7 d1 7e 34 56 19
    74 d0 ff 28 25 de b7 9f 56 52 91 7d 20 29 85 0a
    80 44 5f 71 32 25 71 0f c2 16 e2 5f 6b 1d 3f 32
    5b 0a 3c 74 1c b9 62 f1 ed 07 50 a3 6d b4 b4 31
    0a c0 53 44 6a 3a 88 84 8b 2d a9 b0 37 8e e6 18
    36 bd 9a 20 40 0f 01 92 8b 3d aa 61 e7 ae 2c ed
    36 cd 3a 07 86 74 3a 29 b3 d7 3a b4 00 a9 c2 f5
    92 78 0e e2 0f a3 fe bb be e0 06 53 84 59 1d 90
    69 e5 b6 f9 00 00
<<< TLS 1.2, RecordHeader [length 0005]
    17 03 03 01 19
<<< TLS 1.3, InnerContent [length 0001]
    16
<<< TLS 1.3, Handshake [length 0108], CertificateVerify
    0f 00 01 04 08 04 01 00 03 f7 4e ed 30 53 2a 81
    75 99 3d 26 26 34 57 79 7b 9c 24 4c a3 d3 d5 18
    bd ec 52 60 63 f0 b9 9c 37 c3 78 d2 d8 4e 38 0e
    76 15 57 f5 d7 f3 28 c1 b0 75 5f c3 90 d9 b3 be
    06 f5 d1 55 3d fb 14 85 e1 77 4c 2b 68 7e 48 70
    df 1a ac 97 b6 a8 7b 99 85 7c e3 07 1c 6b 1f f8
    a1 a8 cb b7 a3 6a 56 4d 01 0b cf 9a fc b3 7f ab
    13 dc d7 15 33 63 d8 d3 f7 a5 e8 b2 db 42 fc cc
    ea ce e5 d8 e2 d2 47 f4 af 65 ff c4 75 32 4e 21
    bb c1 ca aa ad 3c 4c b3 91 f2 fa fd 10 4e 5f 24
    c0 6a 2b c5 d2 d4 96 18 08 22 be cf 4a 30 f1 36
    d5 43 0d ef cf a7 13 b9 46 6c 54 36 96 a2 be cd
    1a ae 4b 9f 97 f4 a9 42 05 8e de f6 13 1d 7b 7c
    a7 33 c2 90 ca c8 e7 84 eb ee 73 68 ae e4 f4 f1
    26 90 26 4f 0e b1 b6 22 57 20 06 c3 3a 64 ae 4c
    f4 c8 56 20 ca 97 85 d3 0a 73 e7 ad 95 7a e8 57
    ba 0c a8 f2 f2 98 0f be
<<< TLS 1.2, RecordHeader [length 0005]
    17 03 03 00 45
<<< TLS 1.3, InnerContent [length 0001]
    16
<<< TLS 1.3, Handshake [length 0034], Finished
    14 00 00 30 a6 f6 51 1e 8e 8a ec 0a e9 bf 13 8d
    be f9 b5 3f 7d 07 2e c6 81 c8 b8 41 13 14 3f 3d
    59 ef 25 59 27 37 6f 2d 88 77 9c 0a fb e7 8f 28
    e9 99 2b b4
>>> TLS 1.2, RecordHeader [length 0005]
    17 03 03 00 45
>>> TLS 1.2, InnerContent [length 0001]
    16
>>> TLS 1.3, Handshake [length 0034], Finished
    14 00 00 30 95 4e 41 fc 1e ca 69 54 d3 1a 8b 17
    57 a5 76 31 e7 08 6d 00 fd 31 14 9b c7 e0 73 bf
    ee 9b 48 1f 05 f0 be 4f cc d6 ec 82 f7 f7 9d 38
    a4 6d 3b 5b
---
Certificate chain
 0 s:CN=server.example
   i:CN=Root CA
   a:PKEY: RSA, 2048 (bit); sigalg: sha256WithRSAEncryption
   v:NotBefore: Jan 14 22:29:46 2016 GMT; NotAfter: Jan 15 22:29:46 2116 GMT
---
Server certificate
-----BEGIN CERTIFICATE-----
MIIDJTCCAg2gAwIBAgIBAjANBgkqhkiG9w0BAQsFADASMRAwDgYDVQQDDAdSb290
IENBMCAXDTE2MDExNDIyMjk0NloYDzIxMTYwMTE1MjIyOTQ2WjAZMRcwFQYDVQQD
DA5zZXJ2ZXIuZXhhbXBsZTCCASIwDQYJKoZIhvcNAQEBBQADggEPADCCAQoCggEB
ANVdYGrf/GHuSKqMEUhDpW22Ul2qmEmxYZI1sfw6BCUMbXn/tNXJ6VwcO+Crs7h9
o95tveDd11q/FEcRQl6mgtBhwX/dE0bmCYUHDvLU/Bpk0gqtIKsga5bwrczEGVNV
3AEdpLPvirRJU12KBRzx3OFEv8XX4ncZV1yXC3XuiENxD8pswbSyUKd3RmxYDxG/
8XYkWq45QrdRZynh0FUwbxfkkeqt+CjCQ2+iZKn7nZiSYkg+6w1PgkqK/z9y7pa1
rqHBmLrvfZB1bf9aUp6r9cB+0IdD24UHBw99OHr90dPuZR3T6jlqhzfuStPgDW71
cKzCvfFu85KVXqnwoWWVk40CAwEAAaN9MHswHQYDVR0OBBYEFMDnhL/oWSczELBS
T1FSLwbWwHrNMB8GA1UdIwQYMBaAFHB/Lq6DaFmYBCMqzes+F80k3QFJMAkGA1Ud
EwQCMAAwEwYDVR0lBAwwCgYIKwYBBQUHAwEwGQYDVR0RBBIwEIIOc2VydmVyLmV4
YW1wbGUwDQYJKoZIhvcNAQELBQADggEBAHvTBEN1ig8RrsT716Ginv4gGNX0LzGI
RrZ1jO7lm5emuaPNYJpGw0iX5Zdo91qGNXPZaZ75X3S55pQTActq3OPEBOll2pyk
iyjz+Zp/v5cfRZLlBbFW5gv2R94eibYr4U3fSn4B0yPcl4xH/l/HzJhGDsSDW8qK
8VIJvmvsPwmL0JMCv+FR59F+NFYZdND/KCXet59WUpF9ICmFCoBEX3EyJXEPwhbi
X2sdPzJbCjx0HLli8e0HUKNttLQxCsBTRGo6iISLLamwN47mGDa9miBADwGSiz2q
YeeuLO02zToHhnQ6KbPXOrQAqcL1kngO4g+j/ru+4AZThFkdkGnltvk=
-----END CERTIFICATE-----
subject=CN=server.example
issuer=CN=Root CA
---
No client certificate CA names sent
Peer signing digest: SHA256
Peer signature type: rsa_pss_rsae_sha256
Negotiated TLS1.3 group: X25519MLKEM768
---
SSL handshake has read 2546 bytes and written 1702 bytes
Verification error: unable to verify the first certificate
---
New, TLSv1.3, Cipher is TLS_AES_256_GCM_SHA384
Protocol: TLSv1.3
Server public key is 2048 bit
This TLS version forbids renegotiation.
Compression: NONE
Expansion: NONE
No ALPN negotiated
Early data was not sent
Verify return code: 21 (unable to verify the first certificate)
---
>>> TLS 1.2, RecordHeader [length 0005]
    17 03 03 00 13
>>> TLS 1.2, InnerContent [length 0001]
    15
>>> TLS 1.3, Alert [length 0002], warning close_notify
    01 00
Connecting to 127.0.0.1
SSL_connect:before SSL initialization
SSL_connect:SSLv3/TLS write client hello
SSL_connect:SSLv3/TLS write client hello
SSL_connect:SSLv3/TLS read server hello
SSL_connect:SSLv3/TLS write change cipher spec
SSL_connect:SSLv3/TLS write client hello
SSL_connect:SSLv3/TLS write client hello
SSL_connect:SSLv3/TLS read server hello
Can't use SSL_get_servername
SSL_connect:TLSv1.3 read encrypted extensions
depth=0 CN=server.example
verify error:num=20:unable to get local issuer certificate
verify return:1
depth=0 CN=server.example
verify error:num=21:unable to verify the first certificate
verify return:1
depth=0 CN=server.example
verify return:1
SSL_connect:SSLv3/TLS read server certificate
SSL_connect:TLSv1.3 read server certificate verify
SSL_connect:SSLv3/TLS read finished
SSL_connect:SSLv3/TLS write finished
DONE
SSL3 alert write:warning:close notify
