CONNECTED(00000003)
>>> TLS 1.0, RecordHeader [length 0005]
    16 03 01 00 d6
>>> TLS 1.3, Handshake [length 00d6], ClientHello
    01 00 00 d2 03 03 9f b9 8c 2b bc 52 9f 5a 46 b8
    18 33 5f e4 78 39 d7 44 1f d4 44 7f 1b 86 5e 6d
    85 c3 dc d2 02 53 20 ab b1 c8 77 70 d1 f2 b7 e8
    b8 4c 57 f0 76 bf d1 d9 c9 c3 3c 84 29 30 3f e3
    7a 07 12 46 89 f5 bb 00 06 13 02 13 03 13 01 01
    00 00 83 00 0b 00 04 03 00 01 02 00 0a 00 06 00
    04 00 1d 11 ec 00 23 00 00 00 16 00 00 00 17 00
    00 00 0d 00 2a 00 28 09 05 09 06 09 04 04 03 05
    03 06 03 08 07 08 08 08 1a 08 1b 08 1c 08 09 08
    0a 08 0b 08 04 08 05 08 06 04 01 05 01 06 01 00
    2b 00 03 02 03 04 00 2d 00 02 01 01 00 33 00 26
    00 24 00 1d 00 20 d6 6b 7f 61 3b 19 61 e9 fd af
    88 d0 ac 42 3f df 5b c3 89 99 02 25 af d7 b0 9c
    7e 99 01 8d 2b 58
<<< TLS 1.2, RecordHeader [length 0005]
    16 03 03 00 58
<<< TLS 1.3, Handshake [length 0058], ServerHello
    02 00 00 54 03 03 cf 21 ad 74 e5 9a 61 11 be 1d
    8c 02 1e 65 b8 91 c2 a2 11 16 7a bb 8c 5e 07 9e
    09 e2 c8 a8 33 9c 20 ab b1 c8 77 70 d1 f2 b7 e8
    b8 4c 57 f0 76 bf d1 d9 c9 c3 3c 84 29 30 3f e3
    7a 07 12 46 89 f5 bb 13 02 00 00 0c 00 2b 00 02
    03 04 00 33 00 02 11 ec
>>> TLS 1.2, RecordHeader [length 0005]
    14 03 03 00 01
>>> TLS 1.3, ChangeCipherSpec [length 0001]
    01
>>> TLS 1.2, RecordHeader [length 0005]
    16 03 03 05 76
>>> TLS 1.3, Handshake [length 0576], ClientHello
    01 00 05 72 03 03 9f b9 8c 2b bc 52 9f 5a 46 b8
    18 33 5f e4 78 39 d7 44 1f d4 44 7f 1b 86 5e 6d
    85 c3 dc d2 02 53 20 ab b1 c8 77 70 d1 f2 b7 e8
    b8 4c 57 f0 76 bf d1 d9 c9 c3 3c 84 29 30 3f e3
    7a 07 12 46 89 f5 bb 00 06 13 02 13 03 13 01 01
    00 05 23 00 0b 00 04 03 00 01 02 00 0a 00 06 00
    04 00 1d 11 ec 00 23 00 00 00 16 00 00 00 17 00
    00 00 0d 00 2a 00 28 09 05 09 06 09 04 04 03 05
    03 06 03 08 07 08 08 08 1a 08 1b 08 1c 08 09 08
    0a 08 0b 08 04 08 05 08 06 04 01 05 01 06 01 00
    2b 00 03 02 03 04 00 2d 00 02 01 01 00 33 04 c6
    04 c4 11 ec 04 c0 97 2c b3 7f 85 b2 27 d4 30 d8
    21 8a 84 83 9f 3e ea 39 7c ca 12 bb 87 59 19 2a
    cb 86 e2 77 f7 4c 8b 55 c1 3a 36 05 b1 d7 4a c9
    d2 58 5e b7 cb 49 75 43 9e 93 d3 a3 2d 51 ce ac
    54 ab 95 66 03 b9 b8 a1 06 08 15 b9 78 cb bd 81
    66 43 c9 3d 36 e4 3e 4b 12 bd 12 86 54 30 e3 02
    4c 0c 3a 3b 20 be 9a 0c b2 88 54 c2 80 12 ae f4
    89 5e 13 aa 94 3c da 9d 5f 80 c9 00 a4 b9 11 9a
    03 ff 52 7c c5 bc 96 a8 ec 1f 50 6b 78 14 d6 49
    ed 39 9d 13 4a 36 1c 71 22 72 63 cd e8 c7 ad 5c
    c2 6d 0d e6 5c ae 94 98 15 cb 4e 91 43 a7 87 3c
    bc 8b d1 9b 3d c2 30 ae 88 b1 eb 34 18 98 2c 92
    8c 35 a0 0a 2b c0 c9 e3 41 1d a1 74 09 10 70 e2
    d1 76 d8 85 46 a0 85 1d e3 ec 4e 32 90 50 58 c8
    06 6d 56 73 5a f5 a9 b1 27 44 6a ea bd a7 c0 0e
    05 89 59 81 8c 33 d5 aa 76 c2 cc 40 ac db 28 57
    d3 94 1b e3 a0 85 31 86 1a 73 82 28 b8 a7 6f a6
    5b 21 93 4d 5c d7 c4 ee 09 01 e8 35 7a 83 38 1c
    12 86 c1 d0 24 ad d1 42 55 30 72 8c c7 06 43 2f
    a9 c3 c6 94 77 21 b0 b8 44 dc 26 1c dc 09 fa f9
    b4 2e 26 8b b9 ec 7c ec a2 ce 54 b5 a6 3f 47 79
    28 64 8d d0 eb 4c 73 ca ca d3 7a 7e 49 9c 11 09
    fc 05 64 c6 40 cf 3c 7b 06 cc 72 02 40 2f 39 d4
    26 e5 89 1b 80 75 61 3b e9 1c eb 69 23 6a 41 b0
    f9 13 bd cf 44 75 e4 79 90 e0 b6 c1 a6 87 75 ef
    aa 7c 47 2c 9e 45 40 a4 51 36 c4 8e 90 82 cf 36
    84 d5 0b 8c 6a 30 74 d6 23 89 aa b7 ba 73 d5 25
    92 b6 5b fd 68 7d 1d 25 81 69 92 2c ab 17 33 0d
    f5 ba c0 a6 55 cd 23 08 60 9c 4c 78 74 04 ec 80
    25 e9 29 cb 7e c2 9e 12 68 1c 48 d7 32 b5 b2 1f
    76 a2 ae a9 26 80 17 33 3f 44 58 6e 54 96 67 59
    56 3d d3 b1 b1 15 aa 9f 6f 97 04 af 01 01 5d c7
    7f 73 b5 a5 3e 05 9e 89 e4 6e 53 84 0c 85 95 a6
    04 a4 5b 4b 52 bf c3 ab 96 1b 86 2f 75 e7 a6 88
    13 59 c9 a8 57 37 34 38 fc ea 63 50 03 b8 c0 cb
    25 06 47 79 f1 76 67 05 35 67 07 c2 40 09 64 02
    46 c4 cd 1c e8 02 73 a4 0a 01 7c 42 61 bc 82 32
    13 36 7d 44 3e 29 68 01 75 2c 86 76 cc 05 7d e5
    22 ff 33 50 bc 12 0a a8 d3 11 85 46 68 23 ec 05
    d2 18 52 04 ea a6 e9 ec ae 56 95 17 de 1c 4f 88
    a9 12 1c 29 ac 10 70 4d b8 4b 9e 09 36 6d 0c e2
    67 7a 4b 8d b7 2b c3 96 a5 ae ba 10 c8 f2 36 a5
    12 b9 82 5a 78 27 f4 f4 8f 44 fa 24 1d ea ab c5
    44 a0 32 30 76 db 74 6c 8f 76 71 32 41 2f cc d4
    4d 57 02 0e d7 f9 cc 41 1b 79 b1 9c 59 14 dc 5b
    9f 03 10 75 b7 82 df 4c 30 62 2c 98 b5 50 3e 7f
    08 2c 1f 33 45 94 77 98 95 7b 31 66 a0 a8 43 09
    ac fc 80 a5 3c 94 b8 0b 52 91 15 2c 66 65 06 bb
    cb d1 4a 4a 89 87 66 44 91 93 b6 a6 3d 66 93 c5
    f0 33 33 85 56 87 55 87 80 6a 1a c5 b4 c3 b2 cc
    91 6b f6 58 14 a5 70 55 aa 0a a8 61 7d a8 c2 68
    c9 34 35 1b e5 a8 7d 41 58 dc 6b 41 15 d4 6a 17
    95 a4 04 22 18 42 08 57 dc 96 48 53 60 ab 92 6b
    37 67 54 cc 3c 22 ce 16 c1 5b 7e 95 4a 13 e4 ca
    9f 97 b3 b0 f6 55 0d 1b 06 44 48 93 c4 ba 00 15
    3a 03 af f2 c4 19 e0 ba 0f 5c 2c 91 ba c7 96 49
    87 b1 21 55 43 00 5b 92 00 04 44 58 1b 51 5b b6
    6b 39 a8 c6 c9 16 3f 28 67 a6 b6 b6 f8 b6 8f ba
    3c 98 e6 e7 90 2b a9 01 c9 93 5b 91 6a 90 f1 a5
    a8 fd 67 2a 22 d0 10 11 09 cd 10 a8 48 81 0b ae
    9a e3 2d fa 45 94 3c 32 33 0a 71 6c cd 50 7a 42
    35 25 11 68 5e 4a 5a 45 74 f1 21 01 b9 cd d7 17
    20 50 98 b9 24 dc 99 60 5a 87 fd 9b 15 70 d9 3f
    9f 0b a8 5f b6 59 90 23 70 60 b2 9f d9 85 4d 6d
    a2 7a 54 b7 11 6c a6 5a 61 50 98 8d 40 7d 85 07
    ad ce 4b 8e 45 37 1f e3 93 37 2f b0 3b f1 f1 6c
    d1 ec 1a 7a fa 93 6d 6a c0 c6 7c 03 ca 3b 99 95
    65 7b aa 58 4d d3 38 97 ad c3 a1 f8 01 5f 9a f5
    3c d7 65 96 0a 97 68 9b 21 64 fc a1 7c a7 a6 89
    c4 80 b4 62 a7 a6 9a dc 6d e5 2a 6e 2e d0 6f 4d
    8c 69 d4 0b 17 48 b1 c0 f5 10 43 67 6c 39 ae 88
    88 69 c7 70 27 11 0d d7 29 ab c2 98 6f 57 b2 90
    50 20 71 ac a7 bc 1c 56 ac f7 4a 5e f9 30 36 ad
    9f d1 ad f7 e7 38 d0 7c 37 14 20 98 2c e9 5e fd
    15 0a 8f 67 e7 93 df da 50 f1 53 6b d0 d8 8b 3e
    b6 60 8c a1 50 cc 1f 27 c8 ec fa db a2 d8 13 ac
    68 27 a7 75 a8 79
<<< TLS 1.2, RecordHeader [length 0005]
    14 03 03 00 01
<<< TLS 1.3, ChangeCipherSpec [length 0001]
    01
<<< TLS 1.2, RecordHeader [length 0005]
    16 03 03 04 ba
<<< TLS 1.3, Handshake [length 04ba], ServerHello
    02 00 04 b6 03 03 91 21 26 60 1a 9a 1f 11 77 97
    e0 28 6c 8d 18 24 83 93 fb 65 9b 68 50 ea 36 53
    c6 6f 63 6b 97 1e 20 ab b1 c8 77 70 d1 f2 b7 e8
    b8 4c 57 f0 76 bf d1 d9 c9 c3 3c 84 29 30 3f e3
    7a 07 12 46 89 f5 bb 13 02 00 04 6e 00 2b 00 02
    03 04 00 33 04 64 11 ec 04 60 64 94 61 f0 84 e4
    03 cf 0e c3 90 85 75 e5 e1 e8 dc e9 5e 81 e7 59
    f0 b8 0c 88 44 cb f9 c8 8e 26 05 00 2f 74 34 8f
    95 e2 5e 59 d7 17 da 08 f5 49 37 4d d2 b0 69 a1
    22 8a 11 c5 bd 5e fc 44 af 2c 5d eb 33 ae de ba
    e1 93 0a eb 98 f0 b4 14 ab e4 90 3e 60 bd 76 69
    b6 47 3e bf cb f4 0e 04 1c c2 b9 ea 60 34 42 c7
    e3 a7 cb 32 e4 75 37 20 2d 11 e0 b3 f4 35 21 ec
    3c 00 20 da e6 94 73 00 2f 25 a8 e7 66 30 79 46
    ab 1f e5 26 46 03 e2 97 3b c6 9c dd cc 27 c5 cb
    14 7f be 0c a9 9d 14 17 fb 45 f2 ce 7f f9 02 e8
    79 58 be 7b dd 2c 5b 49 6c 82 be 12 c7 57 65 3f
    9c ea 3e 08 28 36 dc 4b 6b 5e 96 b9 46 5e 22 88
    ad 80 b8 d7 6e db 98 8e 95 14 9f 8d f4 d3 87 1e
    99 ea 36 ec f1 80 9e 35 7d 54 19 30 a6 cb 78 a7
    8c 36 9a 2f b9 02 6b 3d ba fb 8f 88 74 02 cb 80
    7a ac d2 68 5f f4 03 81 a4 1c 7b a7 1a 98 dd 8c
    84 84 44 d0 81 65 54 53 5b ff c4 88 91 6e 0e 2f
    92 1a 99 85 6b b6 d9 e0 c1 a9 0d da 1e 59 2c 06
    98 1e 28 59 24 09 e4 c7 19 87 41 62 aa 0d 7d 06
    bb d7 b3 92 e0 ec 6b 35 6a 7d 1e 98 29 eb e4 da
    43 ec a5 e2 75 67 b0 79 b6 31 ad 1c 49 2b 9d bf
    60 ac 27 18 6b 4e a6 0d e5 ee 5d d6 5f 16 fd af
    14 92 43 0f f6 96 d7 75 4e 03 be 78 b2 8c 89 6a
    47 b4 0f 0d 66 99 c7 24 d9 20 c7 3e 03 9e cf 58
    53 ed 5d 55 7d 47 91 46 99 40 e4 c5 7b 61 be db
    9a 52 03 4a b5 47 1f 5f 6b 0c e8 a8 35 4e 60 f2
    f0 34 c1 a5 ab 73 ca 8c 39 88 a8 92 5f 1d 4c 3c
    c9 dd b0 c6 c4 a2 e0 68 72 44 dd c4 14 46 63 fe
    42 8a 4d 91 cf 6f f4 39 f6 fb 55 1a fe 66 37 eb
    9b e1 e9 7d e6 d2 93 49 b5 2a 08 4a 99 0d 41 78
    88 54 86 bd b8 fe 35 a2 f9 ef 00 39 aa 39 6b c1
    97 53 a7 af 4f 05 26 44 a8 e6 ad 4f e4 87 5a 2a
    f9 8e a9 02 25 aa 8b 82 dc d5 dd 8e f9 77 fb d2
    94 0d dc 1a 8f 4d 4f de f6 57 31 db 37 9e 38 9e
    93 0e 17 67 ee 8f e6 53 88 b5 11 db 98 16 28 8e
    82 65 c8 5b 00 68 e0 98 58 f6 5d ac 52 e1 33 3e
    a3 15 57 25 31 69 7d 6a 2a 0c ac fb f0 2d 46 14
    6c af 3c e4 52 d6 ec ad 4e a5 1c 72 af a6 dc cf
    eb 6b d8 c3 95 e5 06 46 35 e2 d7 a7 06 17 5a f7
    b1 a8 f7 f2 c0 21 a8 4e d3 9d 66 c6 30 ef 08 67
    4f 8b 5b 54 cd c0 55 5a 5b c4 c5 f2 89 0d 1f 4a
    57 a8 b4 2e f7 b3 11 d0 96 5b a4 50 d3 88 0f 2e
    97 1c 92 bf 9c f7 f1 a4 3d 16 7c d0 f5 5c 4b 3d
    bd ab 0b ef ee 91 e0 fd a7 04 f5 4c 40 fe 01 fb
    da bf 6b 96 0b 93 15 7d f7 44 5f 5f 09 c5 58 3b
    5f 3d c9 b3 be fb 2e 6c 1c 51 46 df 36 4a d1 c9
    77 40 61 6a 41 5d cc cb 4d 75 45 70 71 73 07 5b
    fc bb d5 c9 ab 44 9b 4e e9 26 cd 1a 79 fa 7a 75
    d0 36 c8 e3 b5 f3 18 33 ed 89 b3 f4 45 f5 36 0a
    c6 94 fa 65 7b 55 58 b0 a8 56 cb 3e bb 6d 91 6d
    c2 f9 3e ce 74 61 7c a9 0a 25 de c7 33 61 e5 f0
    df 5d 8e 87 b2 b9 98 6e e0 f1 85 b5 e2 b0 d1 58
    00 d9 ee a2 62 2b 3b 53 4c 62 45 f5 a7 1d fa 22
    a9 97 f6 73 b1 98 cb 42 3b 44 bb 72 f8 a3 e7 e7
    6c 8a 7a 3a 14 36 24 42 61 4a 31 f9 a7 3a db 27
    2f 0e c3 f6 d1 d1 07 29 8c 0a c0 08 2f 6d ef ed
    60 2e b1 5e 27 60 e1 b3 01 91 27 50 8d ee 36 91
    65 5e f5 8c a9 45 53 50 95 b8 14 8d 2f 07 28 fd
    04 d8 cd 5b 0a e6 0e f9 23 8f 16 5f f6 f4 78 38
    10 ce 6f 72 2f 88 e2 90 c1 77 6b c5 7e 81 64 df
    8f 2e 62 37 ff 43 e0 8f d6 84 2a 53 32 96 03 81
    d6 70 ee 7d 2f 98 74 5e 00 32 78 d0 3d 36 1d 64
    08 67 28 f2 d1 06 f2 92 46 d7 05 f1 7a aa c0 7d
    2b b5 68 07 09 76 66 f5 62 2e 92 eb ac 6d e7 d4
    e3 c7 c6 7b b2 22 d2 e2 05 8c 1e 56 f0 4a 24 77
    80 2c 99 c7 80 e8 d7 ca 03 d4 64 fc 51 26 7c dc
    aa cd 1a 6b f5 34 60 aa 86 ac bd 17 6a df e1 06
    58 2c ea ac fd bc ea 59 06 64 b6 94 fe 3f 1c c6
    d3 dd 01 cf 70 0d 15 53 e3 7f 80 4e b5 00 b2 96
    36 b6 9c 13 7c 25 cb 6d 36 2f
<<< TLS 1.2, RecordHeader [length 0005]
    17 03 03 00 17
<<< TLS 1.3, InnerContent [length 0001]
    16
<<< TLS 1.3, Handshake [length 0006], EncryptedExtensions
    08 00 00 02 00 00
<<< TLS 1.2, RecordHeader [length 0005]
    17 03 03 03 47
<<< TLS 1.3, InnerContent [length 0001]
    16
<<< TLS 1.3, Handshake [length 0336], Certificate
    0b 00 03 32 00 00 03 2e 00 03 29 30 82 03 25 30
    82 02 0d a0 03 02 01 02 02 01 02 30 0d 06 09 2a
    86 48 86 f7 0d 01 01 0b 05 00 30 12 31 10 30 0e
    06 03 55 04 03 0c 07 52 6f 6f 74 20 43 41 30 20
    17 0d 31 36 30 31 31 34 32 32 32 39 34 36 5a 18
    0f 32 31 31 36 30 31 31 35 32 32 32 39 34 36 5a
    30 19 31 17 30 15 06 03 55 04 03 0c 0e 73 65 72
    76 65 72 2e 65 78 61 6d 70 6c 65 30 82 01 22 30
    0d 06 09 2a 86 48 86 f7 0d 01 01 01 05 00 03 82
    01 0f 00 30 82 01 0a 02 82 01 01 00 d5 5d 60 6a
    df fc 61 ee 48 aa 8c 11 48 43 a5 6d b6 52 5d aa
    98 49 b1 61 92 35 b1 fc 3a 04 25 0c 6d 79 ff b4
    d5 c9 e9 5c 1c 3b e0 ab b3 b8 7d a3 de 6d bd e0
    dd d7 5a bf 14 47 11 42 5e a6 82 d0 61 c1 7f dd
    13 46 e6 09 85 07 0e f2 d4 fc 1a 64 d2 0a ad 20
    ab 20 6b 96 f0 ad cc c4 19 53 55 dc 01 1d a4 b3
    ef 8a b4 49 53 5d 8a 05 1c f1 dc e1 44 bf c5 d7
    e2 77 19 57 5c 97 0b 75 ee 88 43 71 0f ca 6c c1
    b4 b2 50 a7 77 46 6c 58 0f 11 bf f1 76 24 5a ae
    39 42 b7 51 67 29 e1 d0 55 30 6f 17 e4 91 ea ad
    f8 28 c2 43 6f a2 64 a9 fb 9d 98 92 62 48 3e eb
    0d 4f 82 4a 8a ff 3f 72 ee 96 b5 ae a1 c1 98 ba
    ef 7d 90 75 6d ff 5a 52 9e ab f5 c0 7e d0 87 43
    db 85 07 07 0f 7d 38 7a fd d1 d3 ee 65 1d d3 ea
    39 6a 87 37 ee 4a d3 e0 0d 6e f5 70 ac c2 bd f1
    6e f3 92 95 5e a9 f0 a1 65 95 93 8d 02 03 01 00
    01 a3 7d 30 7b 30 1d 06 03 55 1d 0e 04 16 04 14
    c0 e7 84 bf e8 59 27 33 10 b0 52 4f 51 52 2f 06
    d6 c0 7a cd 30 1f 06 03 55 1d 23 04 18 30 16 80
    14 70 7f 2e ae 83 68 59 98 04 23 2a cd eb 3e 17
    cd 24 dd 01 49 30 09 06 03 55 1d 13 04 02 30 00
    30 13 06 03 55 1d 25 04 0c 30 0a 06 08 2b 06 01
    05 05 07 03 01 30 19 06 03 55 1d 11 04 12 30 10
    82 0e 73 65 72 76 65 72 2e 65 78 61 6d 70 6c 65
    30 0d 06 09 2a 86 48 86 f7 0d 01 01 0b 05 00 03
    82 01 01 00 7b d3 04 43 75 8a 0f 11 ae c4 fb d7
    a1 a2 9e fe 20 18 d5 f4 2f 31 88 46 b6 75 8c ee
    e5 9b 97 a6 b9 a3 cd 60 9a 46 c3 48 97 e5 97 68
    f7 5a 86 35 73 d9 69 9e f9 5f 74 b9 e6 94 13 01
    cb 6a dc e3 c4 04 e9 65 da 9c a4 8b 28 f3 f9 9a
    7f bf 97 1f 45 92 e5 05 b1 56 e6 0b f6 47 de 1e
    89 b6 2b e1 4d df 4a 7e 01 d3 23 dc 97 8c 47 fe
    5f c7 cc 98 46 0e c4 83 5b ca 8a f1 52 09 be 6b
    ec 3f 09 8b d0 93 02 bf e1 51 e7 d1 7e 34 56 19
    74 d0 ff 28 25 de b7 9f 56 52 91 7d 20 29 85 0a
    80 44 5f 71 32 25 71 0f c2 16 e2 5f 6b 1d 3f 32
    5b 0a 3c 74 1c b9 62 f1 ed 07 50 a3 6d b4 b4 31
    0a c0 53 44 6a 3a 88 84 8b 2d a9 b0 37 8e e6 18
    36 bd 9a 20 40 0f 01 92 8b 3d aa 61 e7 ae 2c ed
    36 cd 3a 07 86 74 3a 29 b3 d7 3a b4 00 a9 c2 f5
    92 78 0e e2 0f a3 fe bb be e0 06 53 84 59 1d 90
    69 e5 b6 f9 00 00
<<< TLS 1.2, RecordHeader [length 0005]
    17 03 03 01 19
<<< TLS 1.3, InnerContent [length 0001]
    16
<<< TLS 1.3, Handshake [length 0108], CertificateVerify
    0f 00 01 04 08 04 01 00 b1 dd af ca 41 a4 a1 8f
    db f2 72 b2 b8 ce 9c 5b cd 99 68 a7 75 c1 a3 3b
    96 d6 68 1d 23 d4 a3 c2 ad 54 81 67 6e f1 96 10
    be a0 78 e5 be 6b 8d a6 f9 c0 65 16 f8 00 85 2b
    82 80 d9 5a fa dc 59 4d f1 b3 ed e4 19 22 48 6c
    e3 ef ad 2d cd b9 9c e9 37 8a 50 91 3b 21 db 98
    93 64 15 fc ed 97 4b 0d 2b 5e 5e 3a b8 5b 3d 9d
    68 f2 47 26 d3 8c 24 d0 58 e1 71 83 94 58 7d 3f
    0d fe 7d d9 52 31 ba e1 65 da 74 ff ee 3f 9d 23
    af 93 a2 16 f6 73 1e a2 d6 52 bc 57 da db 2e 01
    88 67 e0 a9 12 91 a8 2c 1b b3 61 5d 92 d9 e3 45
    fd 6e 83 a2 f8 aa dd bf a4 75 c9 3b 26 82 72 c6
    56 a2 ab 97 f4 92 7a 13 35 b5 90 ae aa e1 e8 7e
    71 a8 25 d9 aa 49 77 75 f3 c3 86 59 f5 45 78 dd
    3e b2 e8 f4 7a dc 39 cc 63 94 70 e9 1e c8 20 0d
    9f db 86 7b 70 80 b2 7a ed c8 65 d2 3d 24 9f 83
    8e ae 82 53 94 42 a3 53
<<< TLS 1.2, RecordHeader [length 0005]
    17 03 03 00 45
<<< TLS 1.3, InnerContent [length 0001]
    16
<<< TLS 1.3, Handshake [length 0034], Finished
    14 00 00 30 2c cb 7d 73 11 99 17 ea a9 8b 1e d6
    43 f5 d4 87 1e 5a 51 c8 d9 97 b7 15 f2 6c 61 f0
    84 bc ef fd b4 b7 2f 62 ab 24 ff 8c be 55 c5 d0
    b9 2e 07 05
>>> TLS 1.2, RecordHeader [length 0005]
    17 03 03 00 45
>>> TLS 1.2, InnerContent [length 0001]
    16
>>> TLS 1.3, Handshake [length 0034], Finished
    14 00 00 30 6e 49 25 af 9f 90 bb a1 42 b0 ed 5b
    3d c1 cf 8c 7d 0a 89 d8 cc d4 23 81 2f c0 e5 39
    7d 2e 0a a7 2b 06 b6 de fc 59 e0 88 dc dd df a8
    1c 48 3f 7f
---
Certificate chain
 0 s:CN=server.example
   i:CN=Root CA
   a:PKEY: RSA, 2048 (bit); sigalg: sha256WithRSAEncryption
   v:NotBefore: Jan 14 22:29:46 2016 GMT; NotAfter: Jan 15 22:29:46 2116 GMT
---
Server certificate
-----BEGIN CERTIFICATE-----
MIIDJTCCAg2gAwIBAgIBAjANBgkqhkiG9w0BAQsFADASMRAwDgYDVQQDDAdSb290
IENBMCAXDTE2MDExNDIyMjk0NloYDzIxMTYwMTE1MjIyOTQ2WjAZMRcwFQYDVQQD
DA5zZXJ2ZXIuZXhhbXBsZTCCASIwDQYJKoZIhvcNAQEBBQADggEPADCCAQoCggEB
ANVdYGrf/GHuSKqMEUhDpW22Ul2qmEmxYZI1sfw6BCUMbXn/tNXJ6VwcO+Crs7h9
o95tveDd11q/FEcRQl6mgtBhwX/dE0bmCYUHDvLU/Bpk0gqtIKsga5bwrczEGVNV
3AEdpLPvirRJU12KBRzx3OFEv8XX4ncZV1yXC3XuiENxD8pswbSyUKd3RmxYDxG/
8XYkWq45QrdRZynh0FUwbxfkkeqt+CjCQ2+iZKn7nZiSYkg+6w1PgkqK/z9y7pa1
rqHBmLrvfZB1bf9aUp6r9cB+0IdD24UHBw99OHr90dPuZR3T6jlqhzfuStPgDW71
cKzCvfFu85KVXqnwoWWVk40CAwEAAaN9MHswHQYDVR0OBBYEFMDnhL/oWSczELBS
T1FSLwbWwHrNMB8GA1UdIwQYMBaAFHB/Lq6DaFmYBCMqzes+F80k3QFJMAkGA1Ud
EwQCMAAwEwYDVR0lBAwwCgYIKwYBBQUHAwEwGQYDVR0RBBIwEIIOc2VydmVyLmV4
YW1wbGUwDQYJKoZIhvcNAQELBQADggEBAHvTBEN1ig8RrsT716Ginv4gGNX0LzGI
RrZ1jO7lm5emuaPNYJpGw0iX5Zdo91qGNXPZaZ75X3S55pQTActq3OPEBOll2pyk
iyjz+Zp/v5cfRZLlBbFW5gv2R94eibYr4U3fSn4B0yPcl4xH/l/HzJhGDsSDW8qK
8VIJvmvsPwmL0JMCv+FR59F+NFYZdND/KCXet59WUpF9ICmFCoBEX3EyJXEPwhbi
X2sdPzJbCjx0HLli8e0HUKNttLQxCsBTRGo6iISLLamwN47mGDa9miBADwGSiz2q
YeeuLO02zToHhnQ6KbPXOrQAqcL1kngO4g+j/ru+4AZThFkdkGnltvk=
-----END CERTIFICATE-----
subject=CN=server.example
issuer=CN=Root CA
---
No client certificate CA names sent
Peer signing digest: SHA256
Peer signature type: rsa_pss_rsae_sha256
Negotiated TLS1.3 group: X25519MLKEM768
---
SSL handshake has read 2546 bytes and written 1702 bytes
Verification error: unable to verify the first certificate
---
New, TLSv1.3, Cipher is TLS_AES_256_GCM_SHA384
Protocol: TLSv1.3
Server public key is 2048 bit
This TLS version forbids renegotiation.
Compression: NONE
Expansion: NONE
No ALPN negotiated
Early data was not sent
Verify return code: 21 (unable to verify the first certificate)
---
<<< TLS 1.2, RecordHeader [length 0005]
    17 03 03 00 fa
<<< TLS 1.3, InnerContent [length 0001]
    16
<<< TLS 1.3, Handshake [length 00e9], NewSessionTicket
    04 00 00 e5 00 00 1c 20 80 ed cc 65 08 00 00 00
    00 00 00 00 00 00 d0 f3 c3 01 d1 24 56 fb 1d 60
    31 6c 57 3f aa be 4f 5f 11 2a 1e 8b b4 47 8f 49
    c1 8b 5a 53 49 16 c0 f1 79 54 d3 37 b7 32 cb 9f
    6d 30 b8 3e 2e ed 8d 7f ef 50 4b cf e3 91 c0 0f
    79 dd b0 0f f5 40 b9 ca 5c e3 6b 5c fb 00 15 15
    00 c6 c4 ca eb d7 88 da e2 bd 80 96 4a f7 c3 ef
    65 00 53 c9 2d 7d 55 0b a1 b5 38 c5 6a 12 90 f2
    72 37 e0 52 28 3a 7b d5 ac c2 db 14 11 b5 94 61
    fc 76 43 85 b8 ad f0 a4 b6 d9 c0 84 47 90 39 23
    79 0a 67 24 20 04 34 2c a1 9c da e3 2e 57 e7 93
    2d 72 9f a6 c9 c7 b8 37 4f 6e 1a d6 5b 6a 7f 2a
    06 5d 52 5c 44 af b7 b8 59 1f 93 cc 2e c3 aa 7a
    41 6f 6d 17 4b db 9e b8 58 98 c6 0a 1a 20 c1 07
    f7 92 fa e7 c1 b6 6a 00 00
---
Post-Handshake New Session Ticket arrived:
SSL-Session:
    Protocol  : TLSv1.3
    Cipher    : TLS_AES_256_GCM_SHA384
    Session-ID: BE9498D84FD6A91AB8EC94E7B56F3ADD24EEF29ECE06564A3FE91476313248BA
    Session-ID-ctx: 
    Resumption PSK: B97DE99400C29541764DE0248FAC0E5188D4A0B1CD7C1ED2BE66B646BEE6100D3C37CD58BBFD9B465E8D6DC916E3C7B9
    PSK identity: None
    PSK identity hint: None
    SRP username: None
    TLS session ticket lifetime hint: 7200 (seconds)
    TLS session ticket:
    0000 - f3 c3 01 d1 24 56 fb 1d-60 31 6c 57 3f aa be 4f   ....$V..`1lW?..O
    0010 - 5f 11 2a 1e 8b b4 47 8f-49 c1 8b 5a 53 49 16 c0   _.*...G.I..ZSI..
    0020 - f1 79 54 d3 37 b7 32 cb-9f 6d 30 b8 3e 2e ed 8d   .yT.7.2..m0.>...
    0030 - 7f ef 50 4b cf e3 91 c0-0f 79 dd b0 0f f5 40 b9   ..PK.....y....@.
    0040 - ca 5c e3 6b 5c fb 00 15-15 00 c6 c4 ca eb d7 88   .\.k\...........
    0050 - da e2 bd 80 96 4a f7 c3-ef 65 00 53 c9 2d 7d 55   .....J...e.S.-}U
    0060 - 0b a1 b5 38 c5 6a 12 90-f2 72 37 e0 52 28 3a 7b   ...8.j...r7.R(:{
    0070 - d5 ac c2 db 14 11 b5 94-61 fc 76 43 85 b8 ad f0   ........a.vC....
    0080 - a4 b6 d9 c0 84 47 90 39-23 79 0a 67 24 20 04 34   .....G.9#y.g$ .4
    0090 - 2c a1 9c da e3 2e 57 e7-93 2d 72 9f a6 c9 c7 b8   ,.....W..-r.....
    00a0 - 37 4f 6e 1a d6 5b 6a 7f-2a 06 5d 52 5c 44 af b7   7On..[j.*.]R\D..
    00b0 - b8 59 1f 93 cc 2e c3 aa-7a 41 6f 6d 17 4b db 9e   .Y......zAom.K..
    00c0 - b8 58 98 c6 0a 1a 20 c1-07 f7 92 fa e7 c1 b6 6a   .X.... ........j

    Start Time: 1790665827
    Timeout   : 7200 (sec)
    Verify return code: 21 (unable to verify the first certificate)
    Extended master secret: no
    Max Early Data: 0
---
read R BLOCK
<<< TLS 1.2, RecordHeader [length 0005]
    17 03 03 00 fa
<<< TLS 1.3, InnerContent [length 0001]
    16
<<< TLS 1.3, Handshake [length 00e9], NewSessionTicket
    04 00 00 e5 00 00 1c 20 ac cc 8d f4 08 00 00 00
    00 00 00 00 01 00 d0 f3 c3 01 d1 24 56 fb 1d 60
    31 6c 57 3f aa be 4f e1 0e e4 58 f2 13 9a c8 35
    45 43 11 da 6d 56 39 4b 2c b6 87 13 33 2d 8c 59
    25 6e 84 32 e4 55 0e 4a 63 7e 0e e1 72 b0 6e d7
    72 6e 6f e0 b8 8c d8 1b f2 d7 ed 9e a0 d1 7b b8
    1e cb 04 b0 60 a3 f5 b5 35 d9 92 14 93 26 0d af
    45 54 c1 03 e6 39 eb 54 d7 ee 16 f1 ed 4e c6 a0
    0b 03 5d 3a 2f c1 52 d6 52 ce d4 31 dc fb da 0d
    e2 5d 98 cb 7d 63 4f fe 35 24 d8 e6 e7 e1 e8 eb
    32 d9 a9 54 81 0c 16 44 08 67 c7 68 ee b4 e6 b3
    c4 a1 c4 32 0f fe c1 6e 15 f1 ac b7 08 ff 86 25
    71 d6 76 f4 31 bf 76 87 65 0d dd 3c 2f 38 68 8f
    8c fe 7f 62 fa b4 04 9e c6 e6 ad 34 28 58 b4 b6
    1a 8b 8f 1a 8b 9f 58 00 00
---
Post-Handshake New Session Ticket arrived:
SSL-Session:
    Protocol  : TLSv1.3
    Cipher    : TLS_AES_256_GCM_SHA384
    Session-ID: BE37B0B71B2F597B5B710B78338CA6FBF55B040C2BAC85FDE5AA4627C1795E1C
    Session-ID-ctx: 
    Resumption PSK: 5D2DC4BFD3FF35C882ECB4E507DBCD49E5530BB3A6CD850AA10C655D3501C18974978F8EB6E1ABEB207D215C3F7790AE
    PSK identity: None
    PSK identity hint: None
    SRP username: None
    TLS session ticket lifetime hint: 7200 (seconds)
    TLS session ticket:
    0000 - f3 c3 01 d1 24 56 fb 1d-60 31 6c 57 3f aa be 4f   ....$V..`1lW?..O
    0010 - e1 0e e4 58 f2 13 9a c8-35 45 43 11 da 6d 56 39   ...X....5EC..mV9
    0020 - 4b 2c b6 87 13 33 2d 8c-59 25 6e 84 32 e4 55 0e   K,...3-.Y%n.2.U.
    0030 - 4a 63 7e 0e e1 72 b0 6e-d7 72 6e 6f e0 b8 8c d8   Jc~..r.n.rno....
    0040 - 1b f2 d7 ed 9e a0 d1 7b-b8 1e cb 04 b0 60 a3 f5   .......{.....`..
    0050 - b5 35 d9 92 14 93 26 0d-af 45 54 c1 03 e6 39 eb   .5....&..ET...9.
    0060 - 54 d7 ee 16 f1 ed 4e c6-a0 0b 03 5d 3a 2f c1 52   T.....N....]:/.R
    0070 - d6 52 ce d4 31 dc fb da-0d e2 5d 98 cb 7d 63 4f   .R..1.....]..}cO
    0080 - fe 35 24 d8 e6 e7 e1 e8-eb 32 d9 a9 54 81 0c 16   .5$......2..T...
    0090 - 44 08 67 c7 68 ee b4 e6-b3 c4 a1 c4 32 0f fe c1   D.g.h.......2...
    00a0 - 6e 15 f1 ac b7 08 ff 86-25 71 d6 76 f4 31 bf 76   n.......%q.v.1.v
    00b0 - 87 65 0d dd 3c 2f 38 68-8f 8c fe 7f 62 fa b4 04   .e..</8h....b...
    00c0 - 9e c6 e6 ad 34 28 58 b4-b6 1a 8b 8f 1a 8b 9f 58   ....4(X........X

    Start Time: 1790665827
    Timeout   : 7200 (sec)
    Verify return code: 21 (unable to verify the first certificate)
    Extended master secret: no
    Max Early Data: 0
---
read R BLOCK
>>> TLS 1.2, RecordHeader [length 0005]
    17 03 03 00 13
>>> TLS 1.2, InnerContent [length 0001]
    15
>>> TLS 1.3, Alert [length 0002], warning close_notify
    01 00
Connecting to 127.0.0.1
SSL_connect:before SSL initialization
SSL_connect:SSLv3/TLS write client hello
SSL_connect:SSLv3/TLS write client hello
SSL_connect:SSLv3/TLS read server hello
SSL_connect:SSLv3/TLS write change cipher spec
SSL_connect:SSLv3/TLS write client hello
SSL_connect:SSLv3/TLS write client hello
SSL_connect:SSLv3/TLS read server hello
Can't use SSL_get_servername
SSL_connect:TLSv1.3 read encrypted extensions
depth=0 CN=server.example
verify error:num=20:unable to get local issuer certificate
verify return:1
depth=0 CN=server.example
verify error:num=21:unable to verify the first certificate
verify return:1
depth=0 CN=server.example
verify return:1
SSL_connect:SSLv3/TLS read server certificate
SSL_connect:TLSv1.3 read server certificate verify
SSL_connect:SSLv3/TLS read finished
SSL_connect:SSLv3/TLS write finished
SSL_connect:SSL negotiation finished successfully
SSL_connect:SSL negotiation finished successfully
SSL_connect:SSLv3/TLS read server session ticket
SSL_connect:SSL negotiation finished successfully
SSL_connect:SSL negotiation finished successfully
SSL_connect:SSLv3/TLS read server session ticket
DONE
SSL3 alert write:warning:close notify
