CONNECTED(00000003)
>>> TLS 1.0, RecordHeader [length 0005]
    16 03 01 00 d6
>>> TLS 1.3, Handshake [length 00d6], ClientHello
    01 00 00 d2 03 03 1e 85 b9 c3 4d 43 95 0b f4 f5
    c8 54 3c e2 49 ae 33 18 8b b9 3b 72 9c d6 41 1c
    8f 1f 80 47 fa a2 20 67 2b ea f6 02 97 94 47 69
    06 dc 7c 41 7e 92 ad 08 39 06 ba c4 d1 ea 8d 62
    03 c7 6e a3 db 18 f4 00 06 13 02 13 03 13 01 01
    00 00 83 00 0b 00 04 03 00 01 02 00 0a 00 06 00
    04 00 1d 11 ec 00 23 00 00 00 16 00 00 00 17 00
    00 00 0d 00 2a 00 28 09 05 09 06 09 04 04 03 05
    03 06 03 08 07 08 08 08 1a 08 1b 08 1c 08 09 08
    0a 08 0b 08 04 08 05 08 06 04 01 05 01 06 01 00
    2b 00 03 02 03 04 00 2d 00 02 01 01 00 33 00 26
    00 24 00 1d 00 20 af e9 61 9d 3d 54 a7 26 49 ab
    02 3c 7a f7 bc df 4d 11 d4 19 42 a5 75 f2 1b 27
    c9 ae 63 69 9c 4d
<<< TLS 1.2, RecordHeader [length 0005]
    16 03 03 00 58
<<< TLS 1.3, Handshake [length 0058], ServerHello
    02 00 00 54 03 03 cf 21 ad 74 e5 9a 61 11 be 1d
    8c 02 1e 65 b8 91 c2 a2 11 16 7a bb 8c 5e 07 9e
    09 e2 c8 a8 33 9c 20 67 2b ea f6 02 97 94 47 69
    06 dc 7c 41 7e 92 ad 08 39 06 ba c4 d1 ea 8d 62
    03 c7 6e a3 db 18 f4 13 02 00 00 0c 00 2b 00 02
    03 04 00 33 00 02 11 ec
>>> TLS 1.2, RecordHeader [length 0005]
    14 03 03 00 01
>>> TLS 1.3, ChangeCipherSpec [length 0001]
    01
>>> TLS 1.2, RecordHeader [length 0005]
    16 03 03 05 76
>>> TLS 1.3, Handshake [length 0576], ClientHello
    01 00 05 72 03 03 1e 85 b9 c3 4d 43 95 0b f4 f5
    c8 54 3c e2 49 ae 33 18 8b b9 3b 72 9c d6 41 1c
    8f 1f 80 47 fa a2 20 67 2b ea f6 02 97 94 47 69
    06 dc 7c 41 7e 92 ad 08 39 06 ba c4 d1 ea 8d 62
    03 c7 6e a3 db 18 f4 00 06 13 02 13 03 13 01 01
    00 05 23 00 0b 00 04 03 00 01 02 00 0a 00 06 00
    04 00 1d 11 ec 00 23 00 00 00 16 00 00 00 17 00
    00 00 0d 00 2a 00 28 09 05 09 06 09 04 04 03 05
    03 06 03 08 07 08 08 08 1a 08 1b 08 1c 08 09 08
    0a 08 0b 08 04 08 05 08 06 04 01 05 01 06 01 00
    2b 00 03 02 03 04 00 2d 00 02 01 01 00 33 04 c6
    04 c4 11 ec 04 c0 fb 74 46 0c b0 ae f8 7b 8e 87
    7a 09 07 01 74 47 68 ba 5d 17 02 7a 18 af 91 27
    a6 64 42 b1 36 94 3f 80 37 2e 54 d5 86 cf e2 75
    be 5a 14 00 24 69 9d d5 0b ac a8 75 a4 8c 14 6a
    a1 7b 4e b7 11 e6 95 84 b5 43 86 a8 13 c3 05 db
    06 9d 90 3f 55 a5 95 92 d7 68 c4 24 7a a1 98 b5
    00 ec a6 c5 c4 43 59 f7 9b ed a7 62 2f ba 34 69
    04 a5 87 4a 73 67 17 90 ce 05 ac 85 62 0a ed a2
    46 92 b2 80 82 bc a7 6f ab 15 a0 db 1c af 83 28
    e8 34 2f 2b 4c 2f 44 82 4f 16 d2 1b b6 b0 93 2a
    b4 b6 ad 59 48 28 b7 c2 7e a9 35 d7 cb 07 ba 98
    59 a7 e2 a4 9d 56 7f b7 eb c0 2b c6 3d ce 84 c2
    03 c3 61 6c 84 cc 4f c0 6a 50 bc 29 37 23 5a 03
    7c 32 be 74 86 52 88 13 6b 61 1d c4 e2 43 2a cc
    11 4d 51 18 9f 6b cb b0 c5 0f e0 a1 ae 79 18 17
    82 c8 b4 36 65 2a ef 1a 7c c7 ec 67 04 d6 80 cc
    b4 49 5d 45 54 8c 82 53 8a 58 68 2d 21 ca 55 29
    3d 26 9a 91 dc 88 a9 30 76 bb 28 75 53 10 82 01
    49 35 89 3d eb b8 40 fa 38 e4 26 7d 8e 2a 01 d0
    63 99 d7 13 49 95 5a 5c a3 f9 2d 1e 07 c8 4d 94
    0f 6e 16 90 d3 f2 48 a3 70 c8 dd 10 8e cc e5 46
    21 59 6a 75 4a 0b 81 f3 8e 33 83 c9 d3 c0 8d 06
    33 5c 4e 62 1e d7 05 4c 13 89 4d b8 a1 08 9b ca
    46 71 9b 1a 3f 4a 85 5c 49 67 92 27 5c 14 66 23
    0b a1 05 51 89 c5 4b 49 92 fc c5 99 e1 72 bc 72
    58 2e bc f2 4f b9 88 8f 0a d1 80 b4 69 45 85 11
    c1 89 2b c4 bd b7 28 53 12 b2 91 81 b7 af 21 8a
    64 2b 72 01 fb 20 f7 c3 ac 77 a9 5a 93 4b 21 b4
    8a 51 65 b7 90 c8 08 3c 62 77 9b c4 56 63 64 95
    9a d5 c0 1a 8d 90 64 fe 61 cf 7f c2 0e 32 61 8d
    5c 15 aa 01 43 c3 93 e9 51 fc c8 b6 dc 77 4b 29
    72 35 e4 cb ac 18 1a 85 72 68 38 77 43 33 6d 43
    2e 00 eb 39 d8 ea 68 09 49 27 70 85 a2 86 b1 cc
    25 e7 b1 9e 46 9c aa b9 cb de d0 3e d5 78 bb 95
    66 0e 01 e6 85 64 c9 c4 db 6c 27 ec 72 57 24 7c
    32 8b 93 37 f7 64 44 b3 27 6c 7d 90 8c ad 30 0e
    a8 d9 6e b9 e4 13 36 31 25 20 11 22 65 30 59 f2
    e2 8e ac e0 44 60 16 22 b8 5b b6 f5 93 3b 56 b1
    9c 57 81 3f 48 75 68 65 db 9e 98 a8 ab 42 17 b6
    d1 22 81 b7 25 06 80 c6 4a 19 63 4c db 03 b8 74
    c1 b5 f8 05 55 eb dc 4a e2 60 76 66 50 cf 91 a0
    1e 5e 7a 6b b3 c4 27 d9 65 ba 88 62 55 9c 86 95
    80 f7 9a 2f 5b 0c 1a 8c a9 f2 19 0d 5e f7 43 a4
    63 84 13 0b 67 92 58 26 97 e6 0a 02 24 bb be a5
    43 2b 38 7e 54 bb c0 a3 f1 54 ab 28 4c 6d 22 7e
    34 58 8b b0 a1 a4 62 f9 01 94 17 2a 3e db 94 dd
    a5 05 e4 d2 36 d1 0a 6f 58 9b 69 4c a3 42 aa 03
    28 3e 54 20 7b d5 1a 02 b3 b1 cc 01 30 cf f4 9a
    49 88 72 e4 f3 04 ea 87 95 b2 15 a7 9f 89 63 d9
    d0 93 b1 f1 78 b8 89 65 91 7c b9 d4 ca bb e8 70
    b3 3f 81 27 30 7c 45 d6 20 cf 38 5a 75 ae a9 20
    16 c2 49 43 62 6c fd b8 46 f7 78 1b 30 03 3f 9d
    50 b8 6f 31 9b d3 e1 34 67 36 cf c7 99 4c 49 23
    5d 73 54 7d 8b 19 61 39 48 64 7e 07 53 b2 86 50
    09 12 7b ff 85 6e af b6 b9 b7 e7 7f 0b 34 ba 3b
    51 07 05 a3 5e 2e 26 3a 90 e2 14 12 98 bf db f4
    61 d1 8c 2a 5b 60 91 26 11 02 4f e7 c6 1b 71 80
    d1 96 6b 32 a0 16 d8 fb 73 77 28 8f 29 a1 45 b2
    92 43 30 42 c5 18 60 b6 d2 10 a0 e1 fb 83 30 03
    9d 34 60 cc e3 db 64 07 24 13 af 39 1e e1 28 54
    c9 dc 59 98 8a 87 bb b3 8f 59 e6 77 04 83 64 2d
    50 35 fb 88 af 27 a5 b2 da b5 bd 92 3a 64 8f db
    a3 d9 a3 42 a3 a4 42 af 80 8e df 63 c6 99 c9 29
    8c 93 3f 4d 55 a3 7c f3 42 fd f6 7b 34 98 3d 37
    a6 13 19 1a 09 b5 d3 b8 04 38 09 69 a0 03 9f 03
    2a a9 3b 4a e3 d3 48 74 43 0f 71 cc 99 4e 38 33
    27 3b 13 e8 f7 14 e1 41 19 e2 40 17 90 f8 b2 e5
    68 7d 6e 13 0b 24 10 05 d8 6b 4d bc d0 16 41 8a
    88 3a 19 a4 e4 54 00 8b 54 51 f4 13 58 c3 a7 93
    bd 2c 43 87 1c 0a ee 38 a1 a4 6a 6e 33 d9 0b 38
    08 63 f7 a6 a8 74 61 68 38 89 9d 64 52 7a 68 15
    82 f8 96 53 d6 8c c8 7d 18 64 eb a0 b8 95 4a b1
    aa 7c 05 c9 f1 59 ed b7 79 cc cf 8a 78 11 16 8d
    07 29 02 b1 35 00 50 a8 45 14 3e f9 85 f9 ac 00
    46 e1 58 9c e8 2d f3 13 5e 7e 47 b7 44 96 3b a0
    32 fe ec 92 f2 be 1e f4 25 ac 18 e9 00 66 0b 79
    93 e6 17 6c 3e 68
<<< TLS 1.2, RecordHeader [length 0005]
    14 03 03 00 01
<<< TLS 1.3, ChangeCipherSpec [length 0001]
    01
<<< TLS 1.2, RecordHeader [length 0005]
    16 03 03 04 ba
<<< TLS 1.3, Handshake [length 04ba], ServerHello
    02 00 04 b6 03 03 55 d7 03 07 77 18 aa ad 17 ba
    8b a4 92 87 2e f9 f7 d9 14 ef b7 09 6d ce f5 74
    da cb a4 c5 d0 3a 20 67 2b ea f6 02 97 94 47 69
    06 dc 7c 41 7e 92 ad 08 39 06 ba c4 d1 ea 8d 62
    03 c7 6e a3 db 18 f4 13 02 00 04 6e 00 2b 00 02
    03 04 00 33 04 64 11 ec 04 60 47 ad 94 4d da 3a
    f8 29 f9 99 91 48 f3 ae 54 98 c5 5b be 1c fd a6
    e2 4a 36 ac 55 52 cf c5 e3 d9 8b 11 26 4a e4 a3
    cd ff 0e 78 ce 64 3b d3 19 de 43 d7 ed 35 25 48
    88 60 b6 7f a9 1d 7e 98 f0 f6 6f 9c 79 76 a4 fc
    fb d0 47 f1 c2 5d 17 0b 42 ad 0b fb 8e 41 c4 db
    bc 64 3b 52 02 08 9f fd f5 35 7e 9a 32 f4 cf dc
    e6 a4 b2 65 61 df 44 2a 0d 7f 26 38 79 f1 0e df
    19 70 fa 34 98 9e 9c b9 ba 64 86 04 a7 69 c1 87
    52 bf dc bd 46 2b 63 67 cc 1c e2 02 f7 91 4f 19
    e9 2c 07 65 75 71 20 c0 91 d8 db 0f 53 8c 34 a8
    cf 8c d1 b9 f4 82 ba 31 ce 2f ea 5e 75 2b cd da
    d1 bf 58 4f 8c 97 ca 59 72 41 77 07 3e a1 71 1e
    12 25 5d 04 7e cd 62 2e df ef 6e f2 8e a0 ed 49
    ff fe 6a 14 ac fe 84 d0 71 d9 91 2b e5 8c 74 b9
    f3 43 79 bf 98 fb 6c 7d af f5 fa 5b 0f c0 c4 96
    e0 d7 3f 3f c2 a7 44 24 c8 1d fe e2 28 da ca 71
    b6 94 83 ba 11 e0 79 ab 76 3d 75 36 9e 82 d3 8d
    b0 16 7e e3 1e cc 5f 46 54 ad 57 01 a9 de ec d7
    b6 e9 7b ab d8 52 6b 1a cc f6 d6 2e 6e 71 7e 10
    a2 12 43 2e c7 c7 ef a8 6b 3f c8 fe 29 3f ff 9c
    3d d8 19 d4 7d c1 4b 73 14 69 82 21 02 1e 45 b9
    89 3d c6 b1 2d 2d fc f9 ad 35 86 44 c8 8e 2f 0a
    e8 1e 34 a2 61 68 3d e7 d7 ae 55 4b b5 2d 0b a6
    d7 4e ac 0b 66 2f 66 c2 de b5 75 a7 be 0a 1a 05
    cc 69 0b e7 26 68 54 95 5e 4d 11 8c bb 35 af 15
    98 09 37 ab 87 c0 6f 5c f7 6e 42 ad 17 fe 3f 0d
    16 5d e7 c9 6c ed 7c 90 97 4c 02 60 73 d9 c4 ce
    78 91 1f d3 55 a7 a8 c2 cd 01 df e3 a7 a0 dd e1
    86 50 a8 ce 8b 86 74 35 21 cf e2 8c d8 52 a0 61
    56 f0 ff 1d e7 61 3d 3c b7 44 65 e6 fa c3 de 6c
    dc 07 15 f8 03 a9 b1 f0 1b 7e b8 ab b8 29 45 75
    88 e3 ea 70 b8 fc 7e 7b f3 a7 fb e9 3d 2c 92 42
    9d 8c 52 e5 5e 0b c0 9f 01 8f 63 c5 36 46 b3 de
    ae 81 08 06 88 89 59 bb 81 09 85 5d 3b b8 0e 57
    c5 c3 8d 91 dd eb b5 b5 d4 43 ba 5e 26 7d 50 42
    84 8c 17 88 11 07 b0 61 54 83 1f 2c 35 58 91 6c
    d0 88 b2 74 b4 99 41 23 69 ef bf a2 16 bb c9 a8
    36 13 c7 e2 62 b5 9e 28 e3 a7 25 d7 9c 94 8b 19
    9d b9 03 89 69 25 05 61 a7 e7 9a b5 05 3a 2f a1
    d0 e4 4b bc f5 c7 57 bd ef fc dd 07 cf 84 82 13
    88 b7 bb 24 85 bb 0e 33 a1 9a 76 13 e2 9c e4 54
    ef fe e6 89 a0 66 ab 3d 6d 61 16 bc a9 6d b3 42
    22 9e d2 cc e3 97 c7 6c b0 03 60 b7 18 51 f6 db
    a7 d0 d9 e3 62 e2 04 12 03 74 9b 61 95 e5 4c c4
    56 2a ce c8 2f 25 c8 8b 5d 0f 31 41 ca 1d c7 68
    f9 81 83 83 4c 6c af f4 6b 49 34 29 3b 90 37 3c
    29 61 df ad b1 a7 6d f9 5c d7 d6 48 11 3c 9e e9
    af 83 5f 15 57 4e 2f af e7 be 4d 42 db 1e c7 bd
    d2 f2 21 f8 0e e0 85 e3 4c 98 e1 34 2a 6f 4f 62
    f9 f5 7b 31 6f b5 65 2c 3a 2e 72 41 21 6b 53 7e
    35 67 40 b6 ef 93 41 64 a9 7f 20 69 e3 c3 10 a2
    17 c2 ac 39 94 92 2a 77 e6 73 d7 71 85 0c 2d 2e
    f5 a3 78 53 55 8e 59 bd f0 29 45 c2 37 08 c1 fb
    26 16 a8 f4 be 19 f6 1f bc a0 55 0c 9b b0 c3 40
    50 5e a7 fd af be 59 27 12 69 19 6d d3 79 39 7b
    9c 87 ca 28 a3 85 52 63 0d 83 9d c8 0e 75 f0 30
    a4 6c 67 0a ad 4c a0 e4 64 16 83 a6 5b 22 3c 89
    74 6b 33 11 28 67 8e 2a cd d4 bf a3 e2 41 6b 8e
    80 79 a9 a0 03 eb ca 6d 12 9d f4 63 3c b9 3e 6d
    62 a6 94 22 0e 74 f9 9d e8 57 17 3b f2 29 ed 8a
    6e f4 d5 fa e5 3a 02 f8 84 e1 2d c6 3b ec c6 62
    90 94 d2 40 4a 70 71 5c 5a da 5d e5 e8 b6 99 bd
    05 9e 4f 7a 64 4f 23 16 e5 68 93 3c 5e b4 f2 05
    89 5b 8b 6f de d1 9b ba 8c df 2d 60 e8 7b 11 e9
    9f 24 8a f4 5b 77 b8 43 58 1e a2 66 07 15 1a 45
    70 9b 13 cc 9c 7b 78 f7 6e 1e 65 9e cc ff c3 ff
    1b 09 2f 14 8a 98 4c 51 3e c5 12 59 c3 8b fc 0f
    25 38 aa 1e 44 13 87 c9 74 f2 55 7d 6c ee 2c ee
    6b 27 5d da 48 bd 94 23 e0 53 d7 81 35 5b 98 e1
    13 ae 6d 96 76 bb 49 e0 2d 3c
<<< TLS 1.2, RecordHeader [length 0005]
    17 03 03 00 17
<<< TLS 1.3, InnerContent [length 0001]
    16
<<< TLS 1.3, Handshake [length 0006], EncryptedExtensions
    08 00 00 02 00 00
<<< TLS 1.2, RecordHeader [length 0005]
    17 03 03 03 47
<<< TLS 1.3, InnerContent [length 0001]
    16
<<< TLS 1.3, Handshake [length 0336], Certificate
    0b 00 03 32 00 00 03 2e 00 03 29 30 82 03 25 30
    82 02 0d a0 03 02 01 02 02 01 02 30 0d 06 09 2a
    86 48 86 f7 0d 01 01 0b 05 00 30 12 31 10 30 0e
    06 03 55 04 03 0c 07 52 6f 6f 74 20 43 41 30 20
    17 0d 31 36 30 31 31 34 32 32 32 39 34 36 5a 18
    0f 32 31 31 36 30 31 31 35 32 32 32 39 34 36 5a
    30 19 31 17 30 15 06 03 55 04 03 0c 0e 73 65 72
    76 65 72 2e 65 78 61 6d 70 6c 65 30 82 01 22 30
    0d 06 09 2a 86 48 86 f7 0d 01 01 01 05 00 03 82
    01 0f 00 30 82 01 0a 02 82 01 01 00 d5 5d 60 6a
    df fc 61 ee 48 aa 8c 11 48 43 a5 6d b6 52 5d aa
    98 49 b1 61 92 35 b1 fc 3a 04 25 0c 6d 79 ff b4
    d5 c9 e9 5c 1c 3b e0 ab b3 b8 7d a3 de 6d bd e0
    dd d7 5a bf 14 47 11 42 5e a6 82 d0 61 c1 7f dd
    13 46 e6 09 85 07 0e f2 d4 fc 1a 64 d2 0a ad 20
    ab 20 6b 96 f0 ad cc c4 19 53 55 dc 01 1d a4 b3
    ef 8a b4 49 53 5d 8a 05 1c f1 dc e1 44 bf c5 d7
    e2 77 19 57 5c 97 0b 75 ee 88 43 71 0f ca 6c c1
    b4 b2 50 a7 77 46 6c 58 0f 11 bf f1 76 24 5a ae
    39 42 b7 51 67 29 e1 d0 55 30 6f 17 e4 91 ea ad
    f8 28 c2 43 6f a2 64 a9 fb 9d 98 92 62 48 3e eb
    0d 4f 82 4a 8a ff 3f 72 ee 96 b5 ae a1 c1 98 ba
    ef 7d 90 75 6d ff 5a 52 9e ab f5 c0 7e d0 87 43
    db 85 07 07 0f 7d 38 7a fd d1 d3 ee 65 1d d3 ea
    39 6a 87 37 ee 4a d3 e0 0d 6e f5 70 ac c2 bd f1
    6e f3 92 95 5e a9 f0 a1 65 95 93 8d 02 03 01 00
    01 a3 7d 30 7b 30 1d 06 03 55 1d 0e 04 16 04 14
    c0 e7 84 bf e8 59 27 33 10 b0 52 4f 51 52 2f 06
    d6 c0 7a cd 30 1f 06 03 55 1d 23 04 18 30 16 80
    14 70 7f 2e ae 83 68 59 98 04 23 2a cd eb 3e 17
    cd 24 dd 01 49 30 09 06 03 55 1d 13 04 02 30 00
    30 13 06 03 55 1d 25 04 0c 30 0a 06 08 2b 06 01
    05 05 07 03 01 30 19 06 03 55 1d 11 04 12 30 10
    82 0e 73 65 72 76 65 72 2e 65 78 61 6d 70 6c 65
    30 0d 06 09 2a 86 48 86 f7 0d 01 01 0b 05 00 03
    82 01 01 00 7b d3 04 43 75 8a 0f 11 ae c4 fb d7
    a1 a2 9e fe 20 18 d5 f4 2f 31 88 46 b6 75 8c ee
    e5 9b 97 a6 b9 a3 cd 60 9a 46 c3 48 97 e5 97 68
    f7 5a 86 35 73 d9 69 9e f9 5f 74 b9 e6 94 13 01
    cb 6a dc e3 c4 04 e9 65 da 9c a4 8b 28 f3 f9 9a
    7f bf 97 1f 45 92 e5 05 b1 56 e6 0b f6 47 de 1e
    89 b6 2b e1 4d df 4a 7e 01 d3 23 dc 97 8c 47 fe
    5f c7 cc 98 46 0e c4 83 5b ca 8a f1 52 09 be 6b
    ec 3f 09 8b d0 93 02 bf e1 51 e7 d1 7e 34 56 19
    74 d0 ff 28 25 de b7 9f 56 52 91 7d 20 29 85 0a
    80 44 5f 71 32 25 71 0f c2 16 e2 5f 6b 1d 3f 32
    5b 0a 3c 74 1c b9 62 f1 ed 07 50 a3 6d b4 b4 31
    0a c0 53 44 6a 3a 88 84 8b 2d a9 b0 37 8e e6 18
    36 bd 9a 20 40 0f 01 92 8b 3d aa 61 e7 ae 2c ed
    36 cd 3a 07 86 74 3a 29 b3 d7 3a b4 00 a9 c2 f5
    92 78 0e e2 0f a3 fe bb be e0 06 53 84 59 1d 90
    69 e5 b6 f9 00 00
<<< TLS 1.2, RecordHeader [length 0005]
    17 03 03 01 19
<<< TLS 1.3, InnerContent [length 0001]
    16
<<< TLS 1.3, Handshake [length 0108], CertificateVerify
    0f 00 01 04 08 04 01 00 af 93 35 00 1f f0 d0 8b
    37 c7 55 f9 c7 3e 6a 08 c8 71 60 2a 6f ab 41 34
    80 17 be 93 29 12 0a af ad 6a fb 38 27 e6 d6 a2
    bd 52 6b 13 9e 34 e1 c0 dc 0f 86 3b f9 17 d0 62
    d7 2d 15 ec 37 99 33 54 95 a7 55 ca ec 54 00 40
    e2 82 0a 46 cd ef b9 7a 00 0a bd a4 e7 f2 f0 57
    53 67 1b 71 a2 ee 39 2c 08 6a 85 92 17 d9 79 a2
    3a 07 3a e0 d4 5c 72 93 a1 d0 4c 1c f1 6a 58 55
    a6 22 e3 37 71 a8 5a 07 29 05 91 3e 4f dd 17 68
    60 93 f0 4a e0 4d 2e e8 81 69 d0 a5 eb 01 35 12
    69 ab fe b2 ba 0d 39 7f 69 90 91 c4 46 b7 9d 55
    fe c9 18 3f 89 96 cf 85 48 27 61 d9 40 d2 ec 12
    78 e8 c0 64 95 1c db 21 c9 45 f3 c8 e6 fe ca 2d
    c6 e1 2f 98 89 64 4c c3 76 4d 95 36 e8 76 16 25
    c8 40 74 6e 43 54 fa ca f5 83 7f 48 af a6 1e 51
    8b 2d bc 38 66 90 16 f9 79 e0 83 0c 0a 26 0b 15
    b8 cb d0 7e d1 b4 ca a0
<<< TLS 1.2, RecordHeader [length 0005]
    17 03 03 00 45
<<< TLS 1.3, InnerContent [length 0001]
    16
<<< TLS 1.3, Handshake [length 0034], Finished
    14 00 00 30 86 dd a0 ca 2f 8e 46 8f 6c 7a 73 18
    78 59 74 3a 0e bc 0a 35 9e 41 17 a4 90 c2 76 13
    98 10 ec 02 8b 4c d6 85 f4 59 a4 28 e9 c3 54 db
    f6 d0 1d 64
>>> TLS 1.2, RecordHeader [length 0005]
    17 03 03 00 45
>>> TLS 1.2, InnerContent [length 0001]
    16
>>> TLS 1.3, Handshake [length 0034], Finished
    14 00 00 30 ef f9 a2 36 9b 35 89 36 b5 8f 0e 8d
    1c ac 31 06 37 78 33 b2 5f b2 12 75 7d 1a 58 a2
    77 1d fd 02 e5 c1 5c 98 50 7e 68 54 4c 4b a9 c5
    5f 01 c0 84
---
Certificate chain
 0 s:CN=server.example
   i:CN=Root CA
   a:PKEY: RSA, 2048 (bit); sigalg: sha256WithRSAEncryption
   v:NotBefore: Jan 14 22:29:46 2016 GMT; NotAfter: Jan 15 22:29:46 2116 GMT
---
Server certificate
-----BEGIN CERTIFICATE-----
MIIDJTCCAg2gAwIBAgIBAjANBgkqhkiG9w0BAQsFADASMRAwDgYDVQQDDAdSb290
IENBMCAXDTE2MDExNDIyMjk0NloYDzIxMTYwMTE1MjIyOTQ2WjAZMRcwFQYDVQQD
DA5zZXJ2ZXIuZXhhbXBsZTCCASIwDQYJKoZIhvcNAQEBBQADggEPADCCAQoCggEB
ANVdYGrf/GHuSKqMEUhDpW22Ul2qmEmxYZI1sfw6BCUMbXn/tNXJ6VwcO+Crs7h9
o95tveDd11q/FEcRQl6mgtBhwX/dE0bmCYUHDvLU/Bpk0gqtIKsga5bwrczEGVNV
3AEdpLPvirRJU12KBRzx3OFEv8XX4ncZV1yXC3XuiENxD8pswbSyUKd3RmxYDxG/
8XYkWq45QrdRZynh0FUwbxfkkeqt+CjCQ2+iZKn7nZiSYkg+6w1PgkqK/z9y7pa1
rqHBmLrvfZB1bf9aUp6r9cB+0IdD24UHBw99OHr90dPuZR3T6jlqhzfuStPgDW71
cKzCvfFu85KVXqnwoWWVk40CAwEAAaN9MHswHQYDVR0OBBYEFMDnhL/oWSczELBS
T1FSLwbWwHrNMB8GA1UdIwQYMBaAFHB/Lq6DaFmYBCMqzes+F80k3QFJMAkGA1Ud
EwQCMAAwEwYDVR0lBAwwCgYIKwYBBQUHAwEwGQYDVR0RBBIwEIIOc2VydmVyLmV4
YW1wbGUwDQYJKoZIhvcNAQELBQADggEBAHvTBEN1ig8RrsT716Ginv4gGNX0LzGI
RrZ1jO7lm5emuaPNYJpGw0iX5Zdo91qGNXPZaZ75X3S55pQTActq3OPEBOll2pyk
iyjz+Zp/v5cfRZLlBbFW5gv2R94eibYr4U3fSn4B0yPcl4xH/l/HzJhGDsSDW8qK
8VIJvmvsPwmL0JMCv+FR59F+NFYZdND/KCXet59WUpF9ICmFCoBEX3EyJXEPwhbi
X2sdPzJbCjx0HLli8e0HUKNttLQxCsBTRGo6iISLLamwN47mGDa9miBADwGSiz2q
YeeuLO02zToHhnQ6KbPXOrQAqcL1kngO4g+j/ru+4AZThFkdkGnltvk=
-----END CERTIFICATE-----
subject=CN=server.example
issuer=CN=Root CA
---
No client certificate CA names sent
Peer signing digest: SHA256
Peer signature type: rsa_pss_rsae_sha256
Negotiated TLS1.3 group: X25519MLKEM768
---
SSL handshake has read 2546 bytes and written 1702 bytes
Verification error: unable to verify the first certificate
---
New, TLSv1.3, Cipher is TLS_AES_256_GCM_SHA384
Protocol: TLSv1.3
Server public key is 2048 bit
This TLS version forbids renegotiation.
Compression: NONE
Expansion: NONE
No ALPN negotiated
Early data was not sent
Verify return code: 21 (unable to verify the first certificate)
---
>>> TLS 1.2, RecordHeader [length 0005]
    17 03 03 00 13
>>> TLS 1.2, InnerContent [length 0001]
    15
>>> TLS 1.3, Alert [length 0002], warning close_notify
    01 00
Connecting to 127.0.0.1
SSL_connect:before SSL initialization
SSL_connect:SSLv3/TLS write client hello
SSL_connect:SSLv3/TLS write client hello
SSL_connect:SSLv3/TLS read server hello
SSL_connect:SSLv3/TLS write change cipher spec
SSL_connect:SSLv3/TLS write client hello
SSL_connect:SSLv3/TLS write client hello
SSL_connect:SSLv3/TLS read server hello
Can't use SSL_get_servername
SSL_connect:TLSv1.3 read encrypted extensions
depth=0 CN=server.example
verify error:num=20:unable to get local issuer certificate
verify return:1
depth=0 CN=server.example
verify error:num=21:unable to verify the first certificate
verify return:1
depth=0 CN=server.example
verify return:1
SSL_connect:SSLv3/TLS read server certificate
SSL_connect:TLSv1.3 read server certificate verify
SSL_connect:SSLv3/TLS read finished
SSL_connect:SSLv3/TLS write finished
DONE
SSL3 alert write:warning:close notify
