CONNECTED(00000003)
>>> TLS 1.0, RecordHeader [length 0005]
    16 03 01 00 d6
>>> TLS 1.3, Handshake [length 00d6], ClientHello
    01 00 00 d2 03 03 1a 19 3a a7 81 f6 07 29 a2 37
    05 01 be db 48 1f 6d 2c 38 39 07 f5 2a 21 b5 e5
    53 e7 09 79 85 f7 20 6a d2 eb fa ef 13 75 b6 07
    d5 bf f9 5c e7 c3 76 ac e5 5d 2e 34 e4 0b da 14
    c5 b6 23 9c aa 9b b7 00 06 13 02 13 03 13 01 01
    00 00 83 00 0b 00 04 03 00 01 02 00 0a 00 06 00
    04 00 1d 11 ec 00 23 00 00 00 16 00 00 00 17 00
    00 00 0d 00 2a 00 28 09 05 09 06 09 04 04 03 05
    03 06 03 08 07 08 08 08 1a 08 1b 08 1c 08 09 08
    0a 08 0b 08 04 08 05 08 06 04 01 05 01 06 01 00
    2b 00 03 02 03 04 00 2d 00 02 01 01 00 33 00 26
    00 24 00 1d 00 20 f0 c9 ea d8 61 5b 7e 8a 85 f6
    ff d3 d3 22 21 20 40 d2 e5 c5 8c 4e 60 bf 1f 0f
    6d e8 22 de b4 28
<<< TLS 1.2, RecordHeader [length 0005]
    16 03 03 00 58
<<< TLS 1.3, Handshake [length 0058], ServerHello
    02 00 00 54 03 03 cf 21 ad 74 e5 9a 61 11 be 1d
    8c 02 1e 65 b8 91 c2 a2 11 16 7a bb 8c 5e 07 9e
    09 e2 c8 a8 33 9c 20 6a d2 eb fa ef 13 75 b6 07
    d5 bf f9 5c e7 c3 76 ac e5 5d 2e 34 e4 0b da 14
    c5 b6 23 9c aa 9b b7 13 02 00 00 0c 00 2b 00 02
    03 04 00 33 00 02 11 ec
>>> TLS 1.2, RecordHeader [length 0005]
    14 03 03 00 01
>>> TLS 1.3, ChangeCipherSpec [length 0001]
    01
>>> TLS 1.2, RecordHeader [length 0005]
    16 03 03 05 76
>>> TLS 1.3, Handshake [length 0576], ClientHello
    01 00 05 72 03 03 1a 19 3a a7 81 f6 07 29 a2 37
    05 01 be db 48 1f 6d 2c 38 39 07 f5 2a 21 b5 e5
    53 e7 09 79 85 f7 20 6a d2 eb fa ef 13 75 b6 07
    d5 bf f9 5c e7 c3 76 ac e5 5d 2e 34 e4 0b da 14
    c5 b6 23 9c aa 9b b7 00 06 13 02 13 03 13 01 01
    00 05 23 00 0b 00 04 03 00 01 02 00 0a 00 06 00
    04 00 1d 11 ec 00 23 00 00 00 16 00 00 00 17 00
    00 00 0d 00 2a 00 28 09 05 09 06 09 04 04 03 05
    03 06 03 08 07 08 08 08 1a 08 1b 08 1c 08 09 08
    0a 08 0b 08 04 08 05 08 06 04 01 05 01 06 01 00
    2b 00 03 02 03 04 00 2d 00 02 01 01 00 33 04 c6
    04 c4 11 ec 04 c0 e4 bc 38 a2 20 3a 2e 4a b1 64
    35 58 1c 81 43 61 b0 5a 1e 25 17 e6 68 5c ae 40
    56 95 10 c4 0f 78 65 ee 44 47 9a 99 84 f1 95 38
    7f a1 3c c5 d1 79 af 0c 21 d0 f1 2d d4 eb 24 54
    75 4b c8 f0 12 36 9c 5e e6 98 ad 51 33 7e ec d7
    62 be a9 b7 d5 81 26 a7 8b 74 23 07 04 a8 2b 04
    df 10 3b 1a 5b c6 33 0b 51 8f e2 71 38 53 57 2a
    23 19 2f 11 15 31 41 1e 93 1c 29 ba f6 40 09 16
    82 a2 d3 56 a4 a6 85 5b 09 ba 42 ec 06 96 45 8a
    47 52 8b 2c 7a 66 d6 94 6c af b1 22 d3 c9 7d 49
    36 99 0b 59 86 dc b7 3e 66 a5 42 91 00 12 3a f8
    c4 52 46 5e 52 d5 6c 84 96 79 08 a5 21 8f b5 bf
    de eb 2e 86 85 9d 32 25 4f d3 38 8f f6 7c c4 3a
    42 91 ff d9 46 5c da 79 ca 90 24 1c 4c 85 ed c2
    c2 91 d2 07 aa b4 2f 1e 7a ad 87 01 5b 00 23 9f
    e9 38 9f 7f d3 9c 8a 09 1f 7c 36 0a 14 a9 90 ef
    47 9b a6 99 12 b4 d0 1c 78 61 44 36 43 c8 b4 c3
    18 a1 b7 80 81 c6 53 22 81 6a cd 91 2b a1 c7 10
    87 48 6a d9 59 62 b6 04 a4 59 44 7f 8d b2 8b 94
    06 3f 18 2c 65 97 b3 00 ba 90 0e 6e b4 27 e8 84
    8d b2 1a 01 80 46 60 f8 57 3f 3e db b8 75 83 81
    54 59 9b 09 80 86 01 c3 49 49 b8 a3 3b e7 55 b9
    a2 5b a0 77 67 2f a1 a2 72 91 27 b3 6a b3 05 c8
    80 5b 87 4b a6 94 0c eb 0b 79 9c 69 52 20 bb 21
    eb 46 4a a3 99 06 7d f6 14 84 c8 89 58 98 64 63
    19 9e 69 d6 11 a7 a3 64 10 49 ba 4d b3 8d ed 70
    8b 53 54 60 76 e1 29 85 20 14 fe 67 34 ad bc b9
    dd 10 13 5b 09 6a 32 82 8f c3 d7 b0 96 44 6d 3b
    12 c9 eb 86 3a 7a 3c 64 ca fc a2 51 78 97 a0 d8
    55 d9 50 cb df 67 c0 15 eb 32 16 50 87 b4 62 60
    f5 9b 68 87 79 12 1b 86 9a bd 9a 6c af 95 3e f7
    44 2c 5e fc 17 78 fa 46 4f 92 a6 13 79 44 22 44
    47 5f 77 c6 a2 8b 59 b4 8b 92 8b 84 a8 73 72 cb
    4e 4b 81 c3 c9 4e ab 04 32 d2 21 bc f5 84 2e 8e
    c7 15 4d c6 90 91 19 71 cf e9 8e d3 a1 58 2b 1a
    84 ad fa 72 34 10 35 23 06 13 68 4b 22 92 69 42
    df a0 a2 68 0c 3e a5 49 06 57 d9 85 54 19 86 82
    c5 51 81 48 3d 2c cc 61 37 ca a8 5d 13 70 b3 64
    71 38 b8 c8 14 2c 17 49 f2 86 39 62 68 bc 24 9e
    d1 ab 08 55 cc 8f ea 71 80 cd a9 76 76 1b cb 8c
    7c 4e 72 60 89 29 4c 0d ac 3c 35 83 29 73 3c 20
    b1 0f b4 9b 1a d0 68 e7 78 ca 9d 12 4a b0 58 19
    1e db 70 89 36 06 79 3c 40 d1 7c 98 4b 07 0b e2
    85 72 9e a1 9e 1a f2 71 97 d4 92 21 69 0b 24 44
    8b 1d 19 79 7a 87 2f 4d 05 74 ca ec 77 f8 4b 61
    89 f1 1c 8b 32 50 44 91 40 57 fb 0b f4 78 1d cd
    e3 c7 4f e5 3d 59 29 b4 af 8b 49 fc 8b 4b a4 5c
    5f ed f9 79 04 08 1a 4f fb 80 72 47 c2 4d 2b 10
    fe 7c bb 49 ea 7d 11 b4 a7 00 4c 5d c2 e1 9d ca
    37 7f af 91 1d 17 15 83 02 c8 1a d9 ab 98 8b 55
    98 3a 50 0d 09 b5 3b 9d 8b 05 0b 8c 3c d0 76 37
    50 25 0f 36 2a 4e ad fa 0d 23 65 33 be b8 71 30
    ec 46 5e 82 93 b9 d6 c0 b2 03 ce d2 87 01 e9 97
    50 1c a5 87 54 0b 13 f1 a8 8b ed 01 96 66 22 3f
    a5 c8 84 78 6c 3d 03 f7 80 cf 47 72 75 21 5d f1
    56 a0 1a b1 0d c8 58 5d ca 97 9d 43 4c 26 24 50
    93 ec fb 01 27 72 2d 32 82 16 28 75 8f 49 30 68
    15 54 cb f6 eb 15 07 54 ad 0a 42 55 9a 08 cb bb
    c6 18 e2 b4 3a 0c a6 75 f3 46 45 be ac 8e ce 81
    a9 89 a8 64 ac c7 2c 59 f8 6d e0 bc 97 57 39 75
    1a c4 c7 80 b8 70 94 98 4f 69 54 7a 2d 0b 0a fc
    0a 29 fe 10 56 54 68 02 97 d7 88 f0 36 27 84 b6
    bd d5 36 90 3d f9 c7 4a db ba 06 2a 7a e5 a0 22
    53 80 10 fd e6 36 38 e9 22 9b 6a 98 74 9a 4a bf
    78 a8 de 76 31 20 87 51 93 5b 80 82 47 a5 a7 25
    3a c9 35 24 46 93 a1 21 e6 6e e7 f8 aa 29 c0 60
    bf 11 bd 48 d8 37 c6 2a 5d fa f6 0b 48 d8 11 6a
    cb 7e 71 e2 80 c2 b2 31 75 41 64 27 88 bc f5 a9
    70 38 62 5c e3 cb bd 30 38 4f fd 09 bb 99 e0 79
    a6 5a aa b6 c4 8d 19 48 56 17 d3 60 91 32 91 bb
    fa bd 51 55 bc 1a 82 39 71 2a 86 65 aa 2e 6e eb
    be 93 a8 ba fc 38 c4 dc 2c 54 3e 56 a6 20 86 b9
    12 5a b5 4d 07 82 94 f2 ee f4 85 63 f7 66 20 d8
    73 28 aa e4 9e 14 d1 dd 82 d0 db 30 f3 6f 3b a0
    70 5b d5 01 54 44 f0 24 7e 16 b4 23 a1 82 da bb
    1d 42 e8 35 14 ea 39 7d 19 e5 04 bc e4 3c 74 a6
    79 87 ea 7a 63 5a
<<< TLS 1.2, RecordHeader [length 0005]
    14 03 03 00 01
<<< TLS 1.3, ChangeCipherSpec [length 0001]
    01
<<< TLS 1.2, RecordHeader [length 0005]
    16 03 03 04 ba
<<< TLS 1.3, Handshake [length 04ba], ServerHello
    02 00 04 b6 03 03 68 a3 60 db 71 54 da 48 dd 6c
    c9 8b 98 47 32 17 61 1a d2 7c 61 30 72 a0 e9 2a
    f4 d0 ec ee fc 20 20 6a d2 eb fa ef 13 75 b6 07
    d5 bf f9 5c e7 c3 76 ac e5 5d 2e 34 e4 0b da 14
    c5 b6 23 9c aa 9b b7 13 02 00 04 6e 00 2b 00 02
    03 04 00 33 04 64 11 ec 04 60 3e c7 6a ab 00 3e
    99 93 fc 3f 01 21 8e 0c ba e4 11 67 f0 75 43 0f
    83 56 60 ac c3 00 1d 7c 9d e2 27 9c 19 a8 90 e7
    8c 98 08 a1 e9 5f 55 1e 05 09 3e 93 19 2d ef 66
    10 06 c4 b4 62 f8 e4 88 21 b4 d0 78 5e dc b2 b4
    7d 0f f5 e6 ec d1 4f f1 e6 ec 3b f6 ff 4d 90 e9
    e3 04 aa 5f 5d 0a 30 fe 48 1a 0f 3c d5 7e 4f da
    c6 67 09 de 01 e4 5f 2a e0 1e 8a 30 d4 05 39 0e
    af 70 a6 fb 16 15 9d a7 b1 2a d6 06 e4 4c 52 0b
    b9 e6 5c 56 dd 78 06 9c b1 ee 9c 48 49 a3 f6 5b
    95 22 a1 10 94 bd 8d 85 a6 38 7f 09 11 44 d7 2f
    9e ba 47 5b 7e 37 74 2c 73 f1 62 9d 20 60 3e 58
    b5 e9 55 a0 4c e1 cf 24 7e 61 60 bb 79 b4 96 ac
    2d 8b 0b d3 7d 4c 81 e1 60 31 9d 07 e2 f6 f2 85
    ec 81 e6 5d 11 cd 04 b2 e6 a4 d4 17 dc 19 c2 bb
    f4 cb 7c c6 bd 68 5f b2 06 7f c4 6d 9a ee 84 5a
    f2 1f 09 2a e9 5f 2c 3d 77 e5 28 48 71 4c 5e 85
    a9 c3 71 e0 ce 25 b8 bc 53 7d 36 50 c2 8e 6d f1
    4b ec 57 ea 70 0e 16 04 a1 aa f2 64 b5 65 02 99
    ca a3 83 d2 01 88 3e b0 07 ed 67 04 2c d5 55 a0
    75 b7 16 cc af 10 14 3e 74 cc 82 57 b9 a0 53 a6
    0d 1e ba ca b7 2c b6 d4 51 42 d7 f3 1a c4 e0 e2
    e9 29 69 26 50 f9 ba c0 eb 4b 92 c6 91 94 58 1f
    8a 5b 02 64 93 75 23 ce a5 55 9d 29 52 7b 99 21
    7e 8e 57 be 31 a8 38 10 e5 ac 59 ba aa 07 4e 1b
    20 4e 06 e4 c9 eb d0 df 2b ca 68 68 4d 55 32 dd
    ff 19 2c 69 33 37 e5 2a 7b 33 92 42 c8 04 5e 51
    15 47 5e c5 2b 14 97 fd a3 cb 99 76 23 46 b3 ec
    7c b7 d9 d8 d7 a7 61 39 20 a0 55 71 7f e9 ed 7b
    42 aa 6e c5 7f e8 76 90 1a 43 b5 85 b3 6a 59 46
    80 40 ef 00 39 96 0d 9d 8d 75 f4 6c eb 86 67 a3
    1c 1c 88 f3 28 11 0a 8b 08 62 d4 84 6f da f9 35
    5e d3 b3 72 9e b3 72 a2 d7 d2 f6 73 5c 82 89 de
    37 b3 09 1a 83 56 a2 16 e0 e6 3f a4 ea c5 83 f5
    74 30 35 34 04 0d 50 97 aa 0e 2e 88 1e a1 3c 87
    bb 1a 03 d3 62 48 cd 0f 91 02 a8 96 dd 44 36 07
    b0 3b 4b 9b 57 02 6a 01 54 58 4a fc 93 f2 4a d4
    90 2f 8c 26 45 f8 0f 79 10 88 70 ba f7 27 21 3a
    97 48 92 ec 55 ad 3a 44 3f 0a ed 58 33 03 cd 49
    11 16 f2 e2 6e 01 23 6a 0e 40 3a 73 82 35 11 dc
    83 22 27 e9 36 51 14 70 ea f9 37 d3 84 c4 5b 12
    5c cc 05 cf 5d c3 1e 8c 32 ab a8 dc ea d1 89 2c
    d4 0e 49 11 ec af 55 5f 25 7a d8 ab d8 16 34 34
    82 16 2d 3d 96 06 1c 17 af 64 00 80 58 d8 81 5d
    4b 43 bc 7e 73 30 f8 ca d9 a8 bd b2 51 65 83 90
    17 8d 90 0f f3 f2 bb 94 41 c1 90 b4 aa ac 57 fb
    b2 4c 9f ba a0 0c f0 31 45 ee 5a e2 9f 9a 73 09
    05 90 fe da 24 ec 34 6b 06 6b ff f3 c7 c3 47 f9
    e8 ad a8 d1 ee fb f2 86 bb af a2 50 7c 86 30 f7
    a3 00 ff 2d 4e af 6a 92 44 dc b7 8d 1c 1c 6a 1d
    43 e9 81 1a 22 96 a7 0a e9 a4 2b 8f a4 f5 0d 3c
    d7 1e 73 5c 3b bf 10 16 74 e2 22 2c 90 9e 00 b1
    86 9b 6b 80 4c 1a ef 7a b5 94 cc eb ac a2 43 25
    a3 33 e7 79 e0 87 63 74 bf ca f3 91 b4 66 45 0b
    be 2f d9 28 6d 21 9f c2 c2 b9 c8 16 f6 ce 7d bc
    b3 32 17 e1 de 8b cb a2 09 20 48 a1 a4 eb 31 5d
    0d 1e 37 1d 8a 1c a2 2b 9a 6e a5 07 68 77 f8 29
    cf 73 f8 97 75 f6 f1 c0 d7 7a a9 9c a9 79 97 74
    00 dc 37 a3 7a ac e8 48 a3 d1 56 10 9f fd c5 bc
    aa b5 02 dd e5 99 12 8e fd d1 fb aa 47 64 60 40
    79 25 e4 f6 ef f6 c9 a5 2a 50 fa d4 18 50 93 84
    e8 8c 85 5e ad 64 cd 04 16 ec 35 b4 9e 45 c5 00
    1f 8d f9 7e cc a7 9f b1 e3 c7 06 42 a1 53 22 0c
    7a 1e 62 61 e2 cb 83 1f 91 ef 5b 0b 57 39 4b 6d
    67 d5 ff 84 8b 82 1a a5 4e 01 89 51 f7 f2 d1 00
    a3 50 12 8f f6 81 6e bb 76 b1 5c 60 4e 8d 80 1b
    67 4d 7c 71 4a 24 3d 51 62 e2 09 63 d1 91 82 f3
    db ee 22 e7 db c5 04 ae 3b 34 f8 93 87 19 20 08
    5f de 4d a8 77 e3 b6 30 47 45 d4 5a 50 49 4a f7
    21 4a a2 91 ba cb 9d 83 3f d6 93 74 91 6b b1 4f
    d9 2a a4 98 ed 9a de f3 0a 5c
<<< TLS 1.2, RecordHeader [length 0005]
    17 03 03 00 17
<<< TLS 1.3, InnerContent [length 0001]
    16
<<< TLS 1.3, Handshake [length 0006], EncryptedExtensions
    08 00 00 02 00 00
<<< TLS 1.2, RecordHeader [length 0005]
    17 03 03 03 47
<<< TLS 1.3, InnerContent [length 0001]
    16
<<< TLS 1.3, Handshake [length 0336], Certificate
    0b 00 03 32 00 00 03 2e 00 03 29 30 82 03 25 30
    82 02 0d a0 03 02 01 02 02 01 02 30 0d 06 09 2a
    86 48 86 f7 0d 01 01 0b 05 00 30 12 31 10 30 0e
    06 03 55 04 03 0c 07 52 6f 6f 74 20 43 41 30 20
    17 0d 31 36 30 31 31 34 32 32 32 39 34 36 5a 18
    0f 32 31 31 36 30 31 31 35 32 32 32 39 34 36 5a
    30 19 31 17 30 15 06 03 55 04 03 0c 0e 73 65 72
    76 65 72 2e 65 78 61 6d 70 6c 65 30 82 01 22 30
    0d 06 09 2a 86 48 86 f7 0d 01 01 01 05 00 03 82
    01 0f 00 30 82 01 0a 02 82 01 01 00 d5 5d 60 6a
    df fc 61 ee 48 aa 8c 11 48 43 a5 6d b6 52 5d aa
    98 49 b1 61 92 35 b1 fc 3a 04 25 0c 6d 79 ff b4
    d5 c9 e9 5c 1c 3b e0 ab b3 b8 7d a3 de 6d bd e0
    dd d7 5a bf 14 47 11 42 5e a6 82 d0 61 c1 7f dd
    13 46 e6 09 85 07 0e f2 d4 fc 1a 64 d2 0a ad 20
    ab 20 6b 96 f0 ad cc c4 19 53 55 dc 01 1d a4 b3
    ef 8a b4 49 53 5d 8a 05 1c f1 dc e1 44 bf c5 d7
    e2 77 19 57 5c 97 0b 75 ee 88 43 71 0f ca 6c c1
    b4 b2 50 a7 77 46 6c 58 0f 11 bf f1 76 24 5a ae
    39 42 b7 51 67 29 e1 d0 55 30 6f 17 e4 91 ea ad
    f8 28 c2 43 6f a2 64 a9 fb 9d 98 92 62 48 3e eb
    0d 4f 82 4a 8a ff 3f 72 ee 96 b5 ae a1 c1 98 ba
    ef 7d 90 75 6d ff 5a 52 9e ab f5 c0 7e d0 87 43
    db 85 07 07 0f 7d 38 7a fd d1 d3 ee 65 1d d3 ea
    39 6a 87 37 ee 4a d3 e0 0d 6e f5 70 ac c2 bd f1
    6e f3 92 95 5e a9 f0 a1 65 95 93 8d 02 03 01 00
    01 a3 7d 30 7b 30 1d 06 03 55 1d 0e 04 16 04 14
    c0 e7 84 bf e8 59 27 33 10 b0 52 4f 51 52 2f 06
    d6 c0 7a cd 30 1f 06 03 55 1d 23 04 18 30 16 80
    14 70 7f 2e ae 83 68 59 98 04 23 2a cd eb 3e 17
    cd 24 dd 01 49 30 09 06 03 55 1d 13 04 02 30 00
    30 13 06 03 55 1d 25 04 0c 30 0a 06 08 2b 06 01
    05 05 07 03 01 30 19 06 03 55 1d 11 04 12 30 10
    82 0e 73 65 72 76 65 72 2e 65 78 61 6d 70 6c 65
    30 0d 06 09 2a 86 48 86 f7 0d 01 01 0b 05 00 03
    82 01 01 00 7b d3 04 43 75 8a 0f 11 ae c4 fb d7
    a1 a2 9e fe 20 18 d5 f4 2f 31 88 46 b6 75 8c ee
    e5 9b 97 a6 b9 a3 cd 60 9a 46 c3 48 97 e5 97 68
    f7 5a 86 35 73 d9 69 9e f9 5f 74 b9 e6 94 13 01
    cb 6a dc e3 c4 04 e9 65 da 9c a4 8b 28 f3 f9 9a
    7f bf 97 1f 45 92 e5 05 b1 56 e6 0b f6 47 de 1e
    89 b6 2b e1 4d df 4a 7e 01 d3 23 dc 97 8c 47 fe
    5f c7 cc 98 46 0e c4 83 5b ca 8a f1 52 09 be 6b
    ec 3f 09 8b d0 93 02 bf e1 51 e7 d1 7e 34 56 19
    74 d0 ff 28 25 de b7 9f 56 52 91 7d 20 29 85 0a
    80 44 5f 71 32 25 71 0f c2 16 e2 5f 6b 1d 3f 32
    5b 0a 3c 74 1c b9 62 f1 ed 07 50 a3 6d b4 b4 31
    0a c0 53 44 6a 3a 88 84 8b 2d a9 b0 37 8e e6 18
    36 bd 9a 20 40 0f 01 92 8b 3d aa 61 e7 ae 2c ed
    36 cd 3a 07 86 74 3a 29 b3 d7 3a b4 00 a9 c2 f5
    92 78 0e e2 0f a3 fe bb be e0 06 53 84 59 1d 90
    69 e5 b6 f9 00 00
<<< TLS 1.2, RecordHeader [length 0005]
    17 03 03 01 19
<<< TLS 1.3, InnerContent [length 0001]
    16
<<< TLS 1.3, Handshake [length 0108], CertificateVerify
    0f 00 01 04 08 04 01 00 73 f1 6b bd 67 93 8a ec
    53 c7 87 70 8f 68 68 0f a1 22 88 dd ab 0d a6 da
    f5 35 b2 23 81 21 1b 3b d2 3c 0d 2d f9 45 d1 8a
    11 19 dc c2 49 27 23 68 36 13 a6 3a 54 af a5 b6
    88 49 25 e0 f1 b1 d8 2f 85 44 92 07 08 3c cf cd
    c0 30 d0 b7 f0 c6 19 4f 40 2a b2 ff 92 21 d1 a2
    2c 38 6b 85 ed 83 f5 15 ad a5 ff 6a 33 2e 36 91
    55 97 14 62 f8 31 af 57 e2 9e 8c 46 88 a7 6e 66
    09 76 29 57 f8 15 e2 3c 7d c7 b3 1f ff 66 31 31
    23 36 ef 85 f8 10 da 79 aa 59 2c e4 65 cb 14 95
    f4 b3 34 81 c0 1d 74 1d 74 42 02 25 7a 4a a3 ac
    9e 85 07 c0 62 76 48 21 02 95 d9 48 da dc b9 55
    fe 3c b5 fa 4d 5c 9d 73 fc ac d7 ee 4d a6 5b 19
    6e d6 6c a9 9a 63 d0 65 43 e8 9f 27 30 bf 25 5f
    57 01 f7 3c 1f d4 84 1a 0f f9 3e 8f 15 37 e7 ba
    9c 76 2a c8 e3 e6 9c 1e 50 27 d1 cb 08 17 f8 03
    27 4c 46 50 19 70 de ca
<<< TLS 1.2, RecordHeader [length 0005]
    17 03 03 00 45
<<< TLS 1.3, InnerContent [length 0001]
    16
<<< TLS 1.3, Handshake [length 0034], Finished
    14 00 00 30 df 2e 87 83 78 6a 44 e2 47 3b 7d 67
    96 2d df 69 23 14 99 48 1b 80 36 d6 21 e6 44 d0
    d9 05 5d c3 f4 7c 3a 7b 90 93 fc 8d 54 50 95 79
    e0 f3 83 4a
>>> TLS 1.2, RecordHeader [length 0005]
    17 03 03 00 45
>>> TLS 1.2, InnerContent [length 0001]
    16
>>> TLS 1.3, Handshake [length 0034], Finished
    14 00 00 30 d6 ac ff 8f 56 6b b7 24 ab 38 93 a1
    6b 29 b7 f5 b6 d6 a2 96 56 84 40 65 79 ea ae 38
    2a 6e 62 2e c5 a8 1c 54 d1 a3 3c f9 66 e8 44 da
    b7 cf aa ad
---
Certificate chain
 0 s:CN=server.example
   i:CN=Root CA
   a:PKEY: RSA, 2048 (bit); sigalg: sha256WithRSAEncryption
   v:NotBefore: Jan 14 22:29:46 2016 GMT; NotAfter: Jan 15 22:29:46 2116 GMT
---
Server certificate
-----BEGIN CERTIFICATE-----
MIIDJTCCAg2gAwIBAgIBAjANBgkqhkiG9w0BAQsFADASMRAwDgYDVQQDDAdSb290
IENBMCAXDTE2MDExNDIyMjk0NloYDzIxMTYwMTE1MjIyOTQ2WjAZMRcwFQYDVQQD
DA5zZXJ2ZXIuZXhhbXBsZTCCASIwDQYJKoZIhvcNAQEBBQADggEPADCCAQoCggEB
ANVdYGrf/GHuSKqMEUhDpW22Ul2qmEmxYZI1sfw6BCUMbXn/tNXJ6VwcO+Crs7h9
o95tveDd11q/FEcRQl6mgtBhwX/dE0bmCYUHDvLU/Bpk0gqtIKsga5bwrczEGVNV
3AEdpLPvirRJU12KBRzx3OFEv8XX4ncZV1yXC3XuiENxD8pswbSyUKd3RmxYDxG/
8XYkWq45QrdRZynh0FUwbxfkkeqt+CjCQ2+iZKn7nZiSYkg+6w1PgkqK/z9y7pa1
rqHBmLrvfZB1bf9aUp6r9cB+0IdD24UHBw99OHr90dPuZR3T6jlqhzfuStPgDW71
cKzCvfFu85KVXqnwoWWVk40CAwEAAaN9MHswHQYDVR0OBBYEFMDnhL/oWSczELBS
T1FSLwbWwHrNMB8GA1UdIwQYMBaAFHB/Lq6DaFmYBCMqzes+F80k3QFJMAkGA1Ud
EwQCMAAwEwYDVR0lBAwwCgYIKwYBBQUHAwEwGQYDVR0RBBIwEIIOc2VydmVyLmV4
YW1wbGUwDQYJKoZIhvcNAQELBQADggEBAHvTBEN1ig8RrsT716Ginv4gGNX0LzGI
RrZ1jO7lm5emuaPNYJpGw0iX5Zdo91qGNXPZaZ75X3S55pQTActq3OPEBOll2pyk
iyjz+Zp/v5cfRZLlBbFW5gv2R94eibYr4U3fSn4B0yPcl4xH/l/HzJhGDsSDW8qK
8VIJvmvsPwmL0JMCv+FR59F+NFYZdND/KCXet59WUpF9ICmFCoBEX3EyJXEPwhbi
X2sdPzJbCjx0HLli8e0HUKNttLQxCsBTRGo6iISLLamwN47mGDa9miBADwGSiz2q
YeeuLO02zToHhnQ6KbPXOrQAqcL1kngO4g+j/ru+4AZThFkdkGnltvk=
-----END CERTIFICATE-----
subject=CN=server.example
issuer=CN=Root CA
---
No client certificate CA names sent
Peer signing digest: SHA256
Peer signature type: rsa_pss_rsae_sha256
Negotiated TLS1.3 group: X25519MLKEM768
---
SSL handshake has read 2546 bytes and written 1702 bytes
Verification error: unable to verify the first certificate
---
New, TLSv1.3, Cipher is TLS_AES_256_GCM_SHA384
Protocol: TLSv1.3
Server public key is 2048 bit
This TLS version forbids renegotiation.
Compression: NONE
Expansion: NONE
No ALPN negotiated
Early data was not sent
Verify return code: 21 (unable to verify the first certificate)
---
>>> TLS 1.2, RecordHeader [length 0005]
    17 03 03 00 13
>>> TLS 1.2, InnerContent [length 0001]
    15
>>> TLS 1.3, Alert [length 0002], warning close_notify
    01 00
Connecting to 127.0.0.1
SSL_connect:before SSL initialization
SSL_connect:SSLv3/TLS write client hello
SSL_connect:SSLv3/TLS write client hello
SSL_connect:SSLv3/TLS read server hello
SSL_connect:SSLv3/TLS write change cipher spec
SSL_connect:SSLv3/TLS write client hello
SSL_connect:SSLv3/TLS write client hello
SSL_connect:SSLv3/TLS read server hello
Can't use SSL_get_servername
SSL_connect:TLSv1.3 read encrypted extensions
depth=0 CN=server.example
verify error:num=20:unable to get local issuer certificate
verify return:1
depth=0 CN=server.example
verify error:num=21:unable to verify the first certificate
verify return:1
depth=0 CN=server.example
verify return:1
SSL_connect:SSLv3/TLS read server certificate
SSL_connect:TLSv1.3 read server certificate verify
SSL_connect:SSLv3/TLS read finished
SSL_connect:SSLv3/TLS write finished
DONE
SSL3 alert write:warning:close notify
