CONNECTED(00000003)
>>> TLS 1.0, RecordHeader [length 0005]
    16 03 01 00 d6
>>> TLS 1.3, Handshake [length 00d6], ClientHello
    01 00 00 d2 03 03 ad e4 e4 26 93 0a 89 43 20 57
    6a 59 5f 04 ae 3f 41 aa be 5a 35 ac 7b 84 a9 5a
    9b 5d 04 a0 92 57 20 aa ca f3 a0 53 6d 7e 1a ca
    78 79 51 ec ed ab 96 85 33 33 aa 4c 23 8f 54 75
    b8 b6 b8 f7 18 a4 7d 00 06 13 02 13 03 13 01 01
    00 00 83 00 0b 00 04 03 00 01 02 00 0a 00 06 00
    04 00 1d 11 ec 00 23 00 00 00 16 00 00 00 17 00
    00 00 0d 00 2a 00 28 09 05 09 06 09 04 04 03 05
    03 06 03 08 07 08 08 08 1a 08 1b 08 1c 08 09 08
    0a 08 0b 08 04 08 05 08 06 04 01 05 01 06 01 00
    2b 00 03 02 03 04 00 2d 00 02 01 01 00 33 00 26
    00 24 00 1d 00 20 08 a2 52 fd 55 19 4c 69 34 ba
    61 7f 4a ff 49 82 6f a0 fa f5 ad 3e 23 84 70 a3
    d4 f9 ca e1 f8 4d
<<< TLS 1.2, RecordHeader [length 0005]
    16 03 03 00 58
<<< TLS 1.3, Handshake [length 0058], ServerHello
    02 00 00 54 03 03 cf 21 ad 74 e5 9a 61 11 be 1d
    8c 02 1e 65 b8 91 c2 a2 11 16 7a bb 8c 5e 07 9e
    09 e2 c8 a8 33 9c 20 aa ca f3 a0 53 6d 7e 1a ca
    78 79 51 ec ed ab 96 85 33 33 aa 4c 23 8f 54 75
    b8 b6 b8 f7 18 a4 7d 13 02 00 00 0c 00 2b 00 02
    03 04 00 33 00 02 11 ec
>>> TLS 1.2, RecordHeader [length 0005]
    14 03 03 00 01
>>> TLS 1.3, ChangeCipherSpec [length 0001]
    01
>>> TLS 1.2, RecordHeader [length 0005]
    16 03 03 05 76
>>> TLS 1.3, Handshake [length 0576], ClientHello
    01 00 05 72 03 03 ad e4 e4 26 93 0a 89 43 20 57
    6a 59 5f 04 ae 3f 41 aa be 5a 35 ac 7b 84 a9 5a
    9b 5d 04 a0 92 57 20 aa ca f3 a0 53 6d 7e 1a ca
    78 79 51 ec ed ab 96 85 33 33 aa 4c 23 8f 54 75
    b8 b6 b8 f7 18 a4 7d 00 06 13 02 13 03 13 01 01
    00 05 23 00 0b 00 04 03 00 01 02 00 0a 00 06 00
    04 00 1d 11 ec 00 23 00 00 00 16 00 00 00 17 00
    00 00 0d 00 2a 00 28 09 05 09 06 09 04 04 03 05
    03 06 03 08 07 08 08 08 1a 08 1b 08 1c 08 09 08
    0a 08 0b 08 04 08 05 08 06 04 01 05 01 06 01 00
    2b 00 03 02 03 04 00 2d 00 02 01 01 00 33 04 c6
    04 c4 11 ec 04 c0 be 08 95 09 23 85 50 b7 7e f5
    3b 44 86 45 19 74 15 75 a5 ea 17 7c a8 9d a0 0b
    ab e1 4a ce 7f c8 49 ae 20 5e 04 38 04 4d 12 2d
    fc 63 b2 c0 16 a7 8b 02 6b 0a 84 c8 fc 20 7d 67
    c3 68 84 80 cc ff 31 23 d3 44 72 0f e2 3d ca 33
    9e 2f 75 5e 53 5a b1 d6 c0 3e 13 5b 65 06 5c 4a
    c7 08 4b 0e c4 54 36 9c 9b 72 f0 10 a9 51 98 b5
    6b 65 5b b6 73 87 01 75 39 aa 98 06 bc 5b 58 d6
    8f eb 45 b8 63 40 6f 68 1c 53 63 a2 b1 4f 90 30
    6f 0c 59 d5 14 9d ee 35 18 24 bb 2c 03 b6 a8 e7
    8b 73 44 28 6f 02 50 93 3e b3 06 f1 84 0e 4c 31
    c2 de e4 7d bf ac 80 ae 00 58 ae 17 c1 7d 5a 02
    1e aa 04 9d cc 30 4f 54 60 52 17 86 cb 3b 6e ec
    e6 8c 17 98 36 3e a2 04 f5 d1 83 fd 97 95 7a 25
    72 f4 bc 32 48 61 c7 10 61 12 08 f1 19 16 96 17
    4a 9b 6c ee 9b 2a be 0c 1e 1b 76 be b1 2c 1b 50
    53 bd f3 fc 88 14 ea b7 f9 d3 1c ca e6 6b 29 74
    79 ac 53 a8 7c 31 cd 30 21 9d 29 2a a6 45 9a a0
    43 9b 2f 15 17 6c 3a f7 a4 17 a0 6e 9b 0a 47 3a
    17 78 10 73 3e ed 44 53 b6 40 2e f7 74 98 98 68
    5c 28 86 57 dd 20 22 d4 b1 78 41 b6 31 4b 4a ce
    98 32 88 6f 69 2a a8 9b 2d ab 20 59 f3 c2 38 3b
    91 40 f3 c6 a1 23 73 c6 79 60 13 7b a9 98 73 07
    22 4e d3 84 ec dc 86 2b 08 01 09 31 6b 5d 6c 4e
    68 7a bc 0b 29 0e 58 88 be a2 80 93 a6 83 18 74
    35 16 74 5b 73 00 07 cc c5 7a 99 b4 52 53 ec b9
    8b d5 b2 4b e0 a4 04 fe 02 c1 f8 f9 95 ea 9b 83
    a1 a9 cb 50 da 18 14 4b 91 48 e9 91 85 e5 52 7a
    21 ac 1c 19 11 60 ba b1 d5 bc 30 26 84 47 f1 11
    1b ff 99 28 bb a6 49 07 41 40 8d c5 50 6c 58 b7
    5c e4 01 0a eb 87 38 cb 8f 6d 11 2a ff 5b 30 9d
    63 57 7d b6 c5 3c d0 4c 02 95 8e 1c 16 0e c6 45
    19 6c 1a b0 15 44 15 67 80 65 b7 68 b3 81 71 74
    a1 82 1f f4 18 3e a0 11 90 f1 53 72 92 7a 02 29
    f0 0d eb 57 82 1f 19 c4 7a 26 84 6e 06 12 93 78
    87 4e cb 73 03 d2 af b7 7c cb b6 a7 89 d1 9a 46
    18 c6 33 d4 e6 0c 98 e9 8c 8a aa 5b e4 f0 23 d8
    48 bb 8a 86 0d 0e ba 72 9e e7 b6 fd 43 79 b6 fb
    3b ea 36 8e c8 e9 7a 46 0c 59 f0 f8 6c 26 d5 93
    28 a3 59 a3 26 1c 74 98 89 11 5c cd 38 f7 7a 7d
    3b 30 78 0c 77 11 f5 39 0f e4 91 cc 97 bf 11 99
    22 7e d4 b4 c9 f7 ac 62 d9 85 ba c2 c2 ad 7b 58
    7a c1 6a 7e a7 bb 81 a7 91 f3 92 89 5f d5 7e 1f
    40 39 fe 06 4d e1 a8 71 80 3a 4a 1f f7 26 26 4a
    4f 09 a2 2b 59 2a 68 e6 20 20 83 02 24 3b ab 8f
    b9 2c 20 7f 97 a2 32 c8 a3 0e b9 01 8a 7b 4b aa
    b4 7f aa 27 5f ad 71 67 2f 38 70 8b 0c 54 6f 62
    ba 2f c2 50 b0 74 94 b7 b2 0b d9 23 cc 8e f9 0e
    d3 33 95 a9 5c b5 5c f7 39 dc 22 0f 20 17 c4 e5
    d4 48 d4 e9 24 f4 f7 a9 be 74 74 59 35 bc 40 b7
    1f 23 41 32 39 97 0e d5 0c 60 83 3c be 6d ab 00
    7d a0 b5 22 c4 ca 70 d7 b2 d9 f7 b7 45 fc 8c d3
    dc 88 00 0a 69 96 31 ab d1 32 2f 83 e3 83 63 bb
    18 23 25 54 1c 55 cd e8 45 13 2b 36 ab 20 41 37
    c8 5a b7 00 40 1a f3 14 4e ec 8a 77 3f 14 1d 05
    55 88 4b 8b b0 bb 12 7a 1a 47 a9 2f 97 79 25 73
    39 c7 0b 54 4f 71 14 a7 e6 64 16 d6 45 f7 01 c4
    2e 50 59 6c dc 27 6f 50 37 58 cb 43 ac a7 95 a7
    00 8d 6e c1 b6 92 39 a3 c6 a5 42 8c 4a 10 0a c3
    2a c4 a7 cc 5b 83 7c 9d 1b 32 c2 d2 5d b4 aa 7c
    35 48 8d e5 ec cf f7 24 9b f5 8c 0e c2 48 a5 10
    0a a0 a8 09 54 d5 b4 15 4d 57 1b 64 04 60 5e a0
    3a 0a f0 10 e3 f4 b4 d4 90 85 7a 19 7a fd 53 3e
    c8 c0 38 1e d9 ad f1 c1 44 c2 d5 13 76 39 45 f5
    d2 3b 56 ea 2b 3b 0c ab 64 a7 ca a6 82 20 da ba
    91 02 b7 33 e3 59 41 58 00 a8 39 29 00 46 5a 1d
    1e cc 5c 4b 10 ab 45 95 38 79 a3 5d 00 37 6b e4
    f5 44 78 b4 29 6e d7 52 81 87 03 3f 49 81 14 b3
    6d f5 a4 5d 58 0c 16 05 3a 4a 95 a8 92 ba 40 11
    34 eb a9 76 39 21 ef b0 0d 28 c5 01 d7 e9 57 96
    2a 09 6a 91 a6 b5 86 34 1a 63 6f 99 db af 17 13
    4e 13 44 2d f5 e5 b7 b2 17 17 dc 46 c3 e5 69 22
    1e 33 53 59 a2 c9 0a 89 b0 f6 73 1d 02 ce 97 9f
    e3 06 66 09 70 00 48 99 b4 3f d6 f1 68 d2 d7 d3
    a6 89 69 4e 56 57 14 1c d6 d1 7b 5b c5 fa c4 a5
    54 8c 96 79 25 c8 9d 7f bb 29 83 3a ac e4 a2 16
    38 85 f7 ca b5 5c
<<< TLS 1.2, RecordHeader [length 0005]
    14 03 03 00 01
<<< TLS 1.3, ChangeCipherSpec [length 0001]
    01
<<< TLS 1.2, RecordHeader [length 0005]
    16 03 03 04 ba
<<< TLS 1.3, Handshake [length 04ba], ServerHello
    02 00 04 b6 03 03 e2 a0 e6 19 05 2e 59 db d8 e3
    7e 6a 16 de a6 5b ae b5 a2 22 2c c1 b8 71 02 c6
    2a 28 87 2f cb e8 20 aa ca f3 a0 53 6d 7e 1a ca
    78 79 51 ec ed ab 96 85 33 33 aa 4c 23 8f 54 75
    b8 b6 b8 f7 18 a4 7d 13 02 00 04 6e 00 2b 00 02
    03 04 00 33 04 64 11 ec 04 60 14 ec 3f 9a c6 2b
    36 18 9c 8f 2e c6 a0 c5 c5 44 26 b6 14 f0 8b f6
    48 89 47 47 40 57 66 a9 8e 91 ba 51 77 25 83 a7
    83 02 5a 02 ba 46 3c 96 b5 4f f9 bd 50 aa 81 88
    c2 0e e8 7f 9a f4 16 9b 99 93 c1 d6 c8 51 21 d6
    63 f0 6e b0 2c fd 64 f5 25 5a 71 03 2a 67 3f be
    05 fc 98 05 87 4d d4 28 f0 b0 8c ff c1 e1 78 64
    c8 c5 99 81 c9 f5 4a 8c 9f 50 ea 09 a3 4f 0d 23
    a0 23 df 1f 01 21 cb a1 64 a0 ff e7 bc e7 94 10
    af c3 25 e9 a6 38 37 60 d1 79 b5 ce 7d 0f 0f f4
    07 f0 5b 78 91 71 ea bf 50 68 0f 13 3f 66 7a 8e
    ed a6 bc ff 8b a8 5d e0 42 25 ca 25 73 35 73 8d
    07 bc 69 f3 18 a6 2d c9 2a 21 5e 92 9a 6a 42 0d
    e0 82 d8 47 fb 80 46 bf f5 44 ab c4 d2 e7 ee 56
    7c f3 64 b9 04 2b 69 9a 5e a4 8e b1 fe 41 3f 55
    19 84 b8 52 af eb 8e ee ef c4 00 a7 b2 0c 79 3d
    88 f3 14 2b 24 51 02 72 61 ed 3d e9 cb 99 87 af
    00 e9 85 8d 90 7f 9a b4 2c 91 2a fe 33 1a b7 46
    9a 8c 49 91 d2 ca e7 4a a3 9f 46 c4 fc 40 5e 15
    31 17 d7 84 90 93 86 0d 5d e5 31 1e e4 c9 f3 b4
    49 91 13 a6 cd 93 6e a5 6f ae a8 85 1f 35 5e 69
    d1 9d 68 5d 8f 46 7c 81 dd 26 54 cd 1a a1 a3 64
    14 ea d5 9c b7 b7 33 8e 59 27 6e ab 52 20 67 c8
    38 91 31 90 3c d2 6e c2 f3 c9 29 d5 3e e6 e4 9b
    0d 3b 6b 2d aa c0 e1 85 9a cb 3e 2c 35 c2 68 53
    78 8f 67 35 65 da cc 0b 97 88 64 b6 06 55 21 85
    78 2a b4 73 e0 28 c0 f3 9a c6 65 6c d8 5f 57 8c
    da 92 dd b8 38 9c 46 57 33 37 40 e3 89 01 46 aa
    a6 43 74 14 6b 2e 57 55 4b c0 cc 26 dc 05 ac c1
    0b 22 3e d1 cd 61 b3 44 e5 1e 69 a1 73 e1 c3 7b
    7c 50 87 c2 86 02 0a 12 90 bf 16 98 4d 5c 84 41
    55 9a 19 9c 17 e7 95 2c 68 9a 61 8f a1 53 6b 58
    b4 01 37 8c 0e bd 3f 88 3a 5c 94 ab 12 bb 81 77
    07 5c 2b 21 bc 63 05 9f 48 d8 38 d2 a3 83 3c 51
    2a 26 b0 8d 29 4e db a7 f2 8a 28 21 2f eb d2 4e
    f2 7f 8a 26 4d 73 c5 c3 94 23 9a 60 50 ef 11 a3
    94 c0 14 73 e8 74 0b 98 7a 1f 22 29 83 e7 b5 a8
    eb 42 0e 31 84 9f 36 bb f1 bc 67 c1 ff 76 be 0a
    1c 82 4a d7 fc b4 af 7a e0 0e 4e 44 19 f6 fc ef
    58 33 5c b0 75 c1 a0 61 f7 23 90 ac 0f ca 30 37
    27 ab 8b 7a 91 68 1c 48 d2 aa c4 ce 45 99 5b 09
    00 1a 57 bb 90 95 63 99 1c b0 8c cc 95 8a f2 dd
    4b 74 6f ca 7a f4 06 9d 9e 36 4b af e1 cf bc 57
    94 d7 e1 44 19 ff fe 1c 37 a4 74 bf 87 e8 66 49
    a7 77 64 bc 1a 28 65 76 12 4b 68 34 b1 24 f5 0b
    f0 3e e8 f4 cd 3c 56 2a 06 5a 59 68 a1 e1 c9 cf
    be 45 fb a2 bc ab fb 9d 76 b7 d5 2a 15 ee e2 48
    9a c6 17 fc 9a ef 97 48 60 09 18 c4 5f 7e 76 38
    61 af 39 02 74 61 69 57 44 a8 1e 74 a0 fb 99 f7
    8d cd e6 e3 c6 f2 93 61 c7 a4 a4 9d aa 6c de 0b
    5d c1 59 e4 8a 35 8e fd 5d b5 95 d0 75 7e e7 20
    0e 2b 60 92 54 e4 48 3b ca 14 8f e8 a4 51 96 7c
    94 47 25 37 b8 60 fb 8b 48 e4 68 4d 25 b6 bb 0b
    1f b3 37 04 a3 eb 95 e2 5a 98 a7 99 03 00 7f 5f
    c4 c3 28 f9 b2 f8 00 df a4 b8 4b b6 0d 62 66 9f
    6b f3 cf 14 4a 71 3a d3 00 06 1f 01 d3 ee 61 71
    4b 43 39 a2 d0 b2 f2 b0 6b 84 05 1b 95 03 30 20
    88 b8 1d 41 91 4e ff 6a ef 23 c8 e8 b1 2b ed 85
    04 aa d2 fc 0b 40 70 e8 9e e3 55 a3 f8 8e 3a 63
    f2 9f ee ec 04 7d 30 be 27 cc f7 0f f3 a6 55 29
    36 85 c7 8f 67 ad 0e 7e 0f 23 35 a6 50 8e a6 55
    19 2c 7d 6f 7a 86 f9 ae cf 9c 83 eb 29 29 e0 8a
    4e 57 f9 5b 2d 44 4a 17 0a e3 2d 60 af e1 6c 32
    2d 09 cd c7 92 74 42 d8 f0 c2 a6 4e c5 08 1f 9a
    f3 87 41 04 8d 07 21 87 70 39 68 be 05 43 7a 73
    e5 8a 06 41 48 5d 49 59 2d a0 cc 19 a6 be 9c 8c
    d3 41 8a 7a 1a 5d 72 55 33 22 db a9 ed 13 84 14
    dc d9 7f 19 f7 ad e9 a2 99 92 fe 37 7b fd f3 8b
    4c c2 49 21 74 dd f2 c1 ce 8b e5 36 6e 72 ba b1
    92 88 80 db 16 88 b6 3f 0f f9 01 61 66 2b 0b 4b
    8a 37 d0 d3 37 73 7d 2b 04 1c
<<< TLS 1.2, RecordHeader [length 0005]
    17 03 03 00 17
<<< TLS 1.3, InnerContent [length 0001]
    16
<<< TLS 1.3, Handshake [length 0006], EncryptedExtensions
    08 00 00 02 00 00
<<< TLS 1.2, RecordHeader [length 0005]
    17 03 03 03 47
<<< TLS 1.3, InnerContent [length 0001]
    16
<<< TLS 1.3, Handshake [length 0336], Certificate
    0b 00 03 32 00 00 03 2e 00 03 29 30 82 03 25 30
    82 02 0d a0 03 02 01 02 02 01 02 30 0d 06 09 2a
    86 48 86 f7 0d 01 01 0b 05 00 30 12 31 10 30 0e
    06 03 55 04 03 0c 07 52 6f 6f 74 20 43 41 30 20
    17 0d 31 36 30 31 31 34 32 32 32 39 34 36 5a 18
    0f 32 31 31 36 30 31 31 35 32 32 32 39 34 36 5a
    30 19 31 17 30 15 06 03 55 04 03 0c 0e 73 65 72
    76 65 72 2e 65 78 61 6d 70 6c 65 30 82 01 22 30
    0d 06 09 2a 86 48 86 f7 0d 01 01 01 05 00 03 82
    01 0f 00 30 82 01 0a 02 82 01 01 00 d5 5d 60 6a
    df fc 61 ee 48 aa 8c 11 48 43 a5 6d b6 52 5d aa
    98 49 b1 61 92 35 b1 fc 3a 04 25 0c 6d 79 ff b4
    d5 c9 e9 5c 1c 3b e0 ab b3 b8 7d a3 de 6d bd e0
    dd d7 5a bf 14 47 11 42 5e a6 82 d0 61 c1 7f dd
    13 46 e6 09 85 07 0e f2 d4 fc 1a 64 d2 0a ad 20
    ab 20 6b 96 f0 ad cc c4 19 53 55 dc 01 1d a4 b3
    ef 8a b4 49 53 5d 8a 05 1c f1 dc e1 44 bf c5 d7
    e2 77 19 57 5c 97 0b 75 ee 88 43 71 0f ca 6c c1
    b4 b2 50 a7 77 46 6c 58 0f 11 bf f1 76 24 5a ae
    39 42 b7 51 67 29 e1 d0 55 30 6f 17 e4 91 ea ad
    f8 28 c2 43 6f a2 64 a9 fb 9d 98 92 62 48 3e eb
    0d 4f 82 4a 8a ff 3f 72 ee 96 b5 ae a1 c1 98 ba
    ef 7d 90 75 6d ff 5a 52 9e ab f5 c0 7e d0 87 43
    db 85 07 07 0f 7d 38 7a fd d1 d3 ee 65 1d d3 ea
    39 6a 87 37 ee 4a d3 e0 0d 6e f5 70 ac c2 bd f1
    6e f3 92 95 5e a9 f0 a1 65 95 93 8d 02 03 01 00
    01 a3 7d 30 7b 30 1d 06 03 55 1d 0e 04 16 04 14
    c0 e7 84 bf e8 59 27 33 10 b0 52 4f 51 52 2f 06
    d6 c0 7a cd 30 1f 06 03 55 1d 23 04 18 30 16 80
    14 70 7f 2e ae 83 68 59 98 04 23 2a cd eb 3e 17
    cd 24 dd 01 49 30 09 06 03 55 1d 13 04 02 30 00
    30 13 06 03 55 1d 25 04 0c 30 0a 06 08 2b 06 01
    05 05 07 03 01 30 19 06 03 55 1d 11 04 12 30 10
    82 0e 73 65 72 76 65 72 2e 65 78 61 6d 70 6c 65
    30 0d 06 09 2a 86 48 86 f7 0d 01 01 0b 05 00 03
    82 01 01 00 7b d3 04 43 75 8a 0f 11 ae c4 fb d7
    a1 a2 9e fe 20 18 d5 f4 2f 31 88 46 b6 75 8c ee
    e5 9b 97 a6 b9 a3 cd 60 9a 46 c3 48 97 e5 97 68
    f7 5a 86 35 73 d9 69 9e f9 5f 74 b9 e6 94 13 01
    cb 6a dc e3 c4 04 e9 65 da 9c a4 8b 28 f3 f9 9a
    7f bf 97 1f 45 92 e5 05 b1 56 e6 0b f6 47 de 1e
    89 b6 2b e1 4d df 4a 7e 01 d3 23 dc 97 8c 47 fe
    5f c7 cc 98 46 0e c4 83 5b ca 8a f1 52 09 be 6b
    ec 3f 09 8b d0 93 02 bf e1 51 e7 d1 7e 34 56 19
    74 d0 ff 28 25 de b7 9f 56 52 91 7d 20 29 85 0a
    80 44 5f 71 32 25 71 0f c2 16 e2 5f 6b 1d 3f 32
    5b 0a 3c 74 1c b9 62 f1 ed 07 50 a3 6d b4 b4 31
    0a c0 53 44 6a 3a 88 84 8b 2d a9 b0 37 8e e6 18
    36 bd 9a 20 40 0f 01 92 8b 3d aa 61 e7 ae 2c ed
    36 cd 3a 07 86 74 3a 29 b3 d7 3a b4 00 a9 c2 f5
    92 78 0e e2 0f a3 fe bb be e0 06 53 84 59 1d 90
    69 e5 b6 f9 00 00
<<< TLS 1.2, RecordHeader [length 0005]
    17 03 03 01 19
<<< TLS 1.3, InnerContent [length 0001]
    16
<<< TLS 1.3, Handshake [length 0108], CertificateVerify
    0f 00 01 04 08 04 01 00 8e 77 dc 71 de 1d cc 4b
    ff c7 bd 76 db 87 17 cc 2b 88 69 fa c5 5f 3c d6
    dd 00 ac 5e a5 96 51 88 72 ee 75 a9 bb 2a df 1d
    83 b4 3a dc 9c f0 30 78 e1 02 d2 5f fb 03 c6 24
    49 8d 4c e4 10 9c 91 7f 5e e7 de 5d 1e fd 0f 0e
    87 f1 c6 c5 82 9f f0 f3 c5 6b 50 7f 68 58 16 c7
    a4 ed 48 f1 0b e3 da d5 57 e3 2f 73 76 5f 19 c7
    51 91 13 97 53 81 a0 5b cd 40 8e 00 c2 d3 d3 d1
    ad 4b 5b 2b e4 7e 4b 2b 47 8a da 48 22 8f ef d8
    e3 1d 1e e0 cf 19 4a 11 b9 4b 64 44 15 47 bf 6d
    2f ca 3e 6e 50 b4 b6 61 4e e8 5b 9a ab 91 44 4d
    59 e3 31 b5 45 f4 fd 44 0a 25 d4 47 7c 32 74 62
    23 ce a3 05 9c 70 e8 3d 85 c8 72 a7 ba 28 ec 7a
    09 5b 7c b6 2d 78 1a e9 b4 9d b7 5e ac 08 f0 af
    7e 62 5e f1 95 0e 75 2c 05 a6 67 a9 ad b0 dc 8e
    f0 a0 98 83 d3 d4 65 15 17 f5 fd b0 9e 91 b2 9e
    9b 4a 43 8b 83 56 e6 07
<<< TLS 1.2, RecordHeader [length 0005]
    17 03 03 00 45
<<< TLS 1.3, InnerContent [length 0001]
    16
<<< TLS 1.3, Handshake [length 0034], Finished
    14 00 00 30 36 e2 5d 56 75 af f3 6d 9e 8d 71 da
    c4 b8 3b a8 5a d8 eb 4a 7d 5e a9 f3 fa 33 66 e7
    7a ab 6b 7b 9c ef 25 05 c5 ac 4a 7b c5 af f8 e7
    34 74 92 22
>>> TLS 1.2, RecordHeader [length 0005]
    17 03 03 00 45
>>> TLS 1.2, InnerContent [length 0001]
    16
>>> TLS 1.3, Handshake [length 0034], Finished
    14 00 00 30 01 7a 1a 90 e4 13 13 b3 d0 5f e3 0d
    1f 7a d5 4a 68 6a ad e6 84 48 44 6b 99 f6 30 fe
    1f cd 74 a7 b1 85 94 18 da 9a 2b 46 6e 12 1f 59
    c2 f2 e2 b0
---
Certificate chain
 0 s:CN=server.example
   i:CN=Root CA
   a:PKEY: RSA, 2048 (bit); sigalg: sha256WithRSAEncryption
   v:NotBefore: Jan 14 22:29:46 2016 GMT; NotAfter: Jan 15 22:29:46 2116 GMT
---
Server certificate
-----BEGIN CERTIFICATE-----
MIIDJTCCAg2gAwIBAgIBAjANBgkqhkiG9w0BAQsFADASMRAwDgYDVQQDDAdSb290
IENBMCAXDTE2MDExNDIyMjk0NloYDzIxMTYwMTE1MjIyOTQ2WjAZMRcwFQYDVQQD
DA5zZXJ2ZXIuZXhhbXBsZTCCASIwDQYJKoZIhvcNAQEBBQADggEPADCCAQoCggEB
ANVdYGrf/GHuSKqMEUhDpW22Ul2qmEmxYZI1sfw6BCUMbXn/tNXJ6VwcO+Crs7h9
o95tveDd11q/FEcRQl6mgtBhwX/dE0bmCYUHDvLU/Bpk0gqtIKsga5bwrczEGVNV
3AEdpLPvirRJU12KBRzx3OFEv8XX4ncZV1yXC3XuiENxD8pswbSyUKd3RmxYDxG/
8XYkWq45QrdRZynh0FUwbxfkkeqt+CjCQ2+iZKn7nZiSYkg+6w1PgkqK/z9y7pa1
rqHBmLrvfZB1bf9aUp6r9cB+0IdD24UHBw99OHr90dPuZR3T6jlqhzfuStPgDW71
cKzCvfFu85KVXqnwoWWVk40CAwEAAaN9MHswHQYDVR0OBBYEFMDnhL/oWSczELBS
T1FSLwbWwHrNMB8GA1UdIwQYMBaAFHB/Lq6DaFmYBCMqzes+F80k3QFJMAkGA1Ud
EwQCMAAwEwYDVR0lBAwwCgYIKwYBBQUHAwEwGQYDVR0RBBIwEIIOc2VydmVyLmV4
YW1wbGUwDQYJKoZIhvcNAQELBQADggEBAHvTBEN1ig8RrsT716Ginv4gGNX0LzGI
RrZ1jO7lm5emuaPNYJpGw0iX5Zdo91qGNXPZaZ75X3S55pQTActq3OPEBOll2pyk
iyjz+Zp/v5cfRZLlBbFW5gv2R94eibYr4U3fSn4B0yPcl4xH/l/HzJhGDsSDW8qK
8VIJvmvsPwmL0JMCv+FR59F+NFYZdND/KCXet59WUpF9ICmFCoBEX3EyJXEPwhbi
X2sdPzJbCjx0HLli8e0HUKNttLQxCsBTRGo6iISLLamwN47mGDa9miBADwGSiz2q
YeeuLO02zToHhnQ6KbPXOrQAqcL1kngO4g+j/ru+4AZThFkdkGnltvk=
-----END CERTIFICATE-----
subject=CN=server.example
issuer=CN=Root CA
---
No client certificate CA names sent
Peer signing digest: SHA256
Peer signature type: rsa_pss_rsae_sha256
Negotiated TLS1.3 group: X25519MLKEM768
---
SSL handshake has read 2546 bytes and written 1702 bytes
Verification error: unable to verify the first certificate
---
New, TLSv1.3, Cipher is TLS_AES_256_GCM_SHA384
Protocol: TLSv1.3
Server public key is 2048 bit
This TLS version forbids renegotiation.
Compression: NONE
Expansion: NONE
No ALPN negotiated
Early data was not sent
Verify return code: 21 (unable to verify the first certificate)
---
>>> TLS 1.2, RecordHeader [length 0005]
    17 03 03 00 13
>>> TLS 1.2, InnerContent [length 0001]
    15
>>> TLS 1.3, Alert [length 0002], warning close_notify
    01 00
Connecting to 127.0.0.1
SSL_connect:before SSL initialization
SSL_connect:SSLv3/TLS write client hello
SSL_connect:SSLv3/TLS write client hello
SSL_connect:SSLv3/TLS read server hello
SSL_connect:SSLv3/TLS write change cipher spec
SSL_connect:SSLv3/TLS write client hello
SSL_connect:SSLv3/TLS write client hello
SSL_connect:SSLv3/TLS read server hello
Can't use SSL_get_servername
SSL_connect:TLSv1.3 read encrypted extensions
depth=0 CN=server.example
verify error:num=20:unable to get local issuer certificate
verify return:1
depth=0 CN=server.example
verify error:num=21:unable to verify the first certificate
verify return:1
depth=0 CN=server.example
verify return:1
SSL_connect:SSLv3/TLS read server certificate
SSL_connect:TLSv1.3 read server certificate verify
SSL_connect:SSLv3/TLS read finished
SSL_connect:SSLv3/TLS write finished
DONE
SSL3 alert write:warning:close notify
