CONNECTED(00000003)
>>> TLS 1.0, RecordHeader [length 0005]
    16 03 01 00 d6
>>> TLS 1.3, Handshake [length 00d6], ClientHello
    01 00 00 d2 03 03 7f 38 91 50 13 aa e6 d1 59 06
    7f fb 07 d2 ee 1e 91 b9 d6 73 fe 1e 5a 1f 4a 9e
    03 a8 99 2c 5e ef 20 67 a0 83 34 b0 17 06 da b2
    ea ec 3c 21 b2 4c fb 03 c2 43 da 5e 9f 04 f1 dd
    e8 c8 70 b0 0d 69 cc 00 06 13 02 13 03 13 01 01
    00 00 83 00 0b 00 04 03 00 01 02 00 0a 00 06 00
    04 00 1d 11 ec 00 23 00 00 00 16 00 00 00 17 00
    00 00 0d 00 2a 00 28 09 05 09 06 09 04 04 03 05
    03 06 03 08 07 08 08 08 1a 08 1b 08 1c 08 09 08
    0a 08 0b 08 04 08 05 08 06 04 01 05 01 06 01 00
    2b 00 03 02 03 04 00 2d 00 02 01 01 00 33 00 26
    00 24 00 1d 00 20 e7 3e 71 7f d0 39 9c d6 13 a9
    0c 82 16 4e 9f e7 0b 0b e4 53 ea cb 96 bf 57 59
    68 57 9c 75 59 68
<<< TLS 1.2, RecordHeader [length 0005]
    16 03 03 00 58
<<< TLS 1.3, Handshake [length 0058], ServerHello
    02 00 00 54 03 03 cf 21 ad 74 e5 9a 61 11 be 1d
    8c 02 1e 65 b8 91 c2 a2 11 16 7a bb 8c 5e 07 9e
    09 e2 c8 a8 33 9c 20 67 a0 83 34 b0 17 06 da b2
    ea ec 3c 21 b2 4c fb 03 c2 43 da 5e 9f 04 f1 dd
    e8 c8 70 b0 0d 69 cc 13 02 00 00 0c 00 2b 00 02
    03 04 00 33 00 02 11 ec
>>> TLS 1.2, RecordHeader [length 0005]
    14 03 03 00 01
>>> TLS 1.3, ChangeCipherSpec [length 0001]
    01
>>> TLS 1.2, RecordHeader [length 0005]
    16 03 03 05 76
>>> TLS 1.3, Handshake [length 0576], ClientHello
    01 00 05 72 03 03 7f 38 91 50 13 aa e6 d1 59 06
    7f fb 07 d2 ee 1e 91 b9 d6 73 fe 1e 5a 1f 4a 9e
    03 a8 99 2c 5e ef 20 67 a0 83 34 b0 17 06 da b2
    ea ec 3c 21 b2 4c fb 03 c2 43 da 5e 9f 04 f1 dd
    e8 c8 70 b0 0d 69 cc 00 06 13 02 13 03 13 01 01
    00 05 23 00 0b 00 04 03 00 01 02 00 0a 00 06 00
    04 00 1d 11 ec 00 23 00 00 00 16 00 00 00 17 00
    00 00 0d 00 2a 00 28 09 05 09 06 09 04 04 03 05
    03 06 03 08 07 08 08 08 1a 08 1b 08 1c 08 09 08
    0a 08 0b 08 04 08 05 08 06 04 01 05 01 06 01 00
    2b 00 03 02 03 04 00 2d 00 02 01 01 00 33 04 c6
    04 c4 11 ec 04 c0 d9 a9 41 7e e9 09 ef 87 86 55
    42 7d ea 10 a9 2b 89 9b dc e6 6f 85 19 1b dd cb
    16 b5 52 4d f3 64 4b 1e 67 b0 a2 cc 84 7e 26 ae
    11 35 4d 98 94 93 f1 24 3d a4 f6 66 a2 71 55 49
    5b cf 70 d6 76 ec 83 10 34 c9 05 01 b6 6b e3 b2
    b9 79 87 95 a7 b8 44 d1 77 53 9b 40 88 c7 01 07
    81 9b 6d 05 f6 65 2e 13 6d 96 ba 92 22 89 40 e8
    49 6a 5f 3b b4 a7 83 cc 92 73 53 4c b7 08 0e 0a
    27 6b cb 5e 2c 53 94 ab 5a 72 4e 37 cb 7b e4 c1
    20 f6 8d d0 69 90 44 f7 cf 7e 1a 03 5f c3 61 28
    9a 60 b0 ab c5 ee 16 1a 54 41 95 7d 37 7b 8c f9
    21 9a c3 42 67 d4 11 0c f3 70 8f 04 96 db 8a 89
    0a e1 ae cb a8 2c ed 62 3f 3e cc 94 01 0b 44 d6
    3b af c5 f5 98 25 35 93 3d f2 2b cc da 7f 1a b1
    2a 72 7b ae 85 26 bd d5 2a 0d cb f1 b5 eb c3 2f
    2b a7 11 86 37 30 bf c1 28 4e b5 61 22 07 99 10
    f9 88 d0 c0 1b e0 7a a0 72 76 8f cb eb 6e ee 20
    5f 7c 5a 88 00 9d c8 96 86 b0 eb 62 44 b3 73 58
    f8 c6 c4 cd c3 9a 65 12 5c d7 55 39 c6 46 28 4a
    10 bf bc 04 10 b5 ac ae a7 3a 0c 73 fa be 42 9c
    15 a3 3c 29 45 3b 05 30 7a 57 2c 09 81 06 23 6d
    63 27 5a ea 39 18 a1 77 ce 17 86 71 4a e9 4d da
    e9 72 85 60 6e 70 e9 36 e3 5b c5 bc e5 83 6c b0
    65 e2 da 1e 87 32 74 2f a0 27 2e 23 0d 86 d7 92
    51 b7 30 77 b3 99 c2 c7 00 21 45 86 1b 2c bd 28
    a4 94 aa 37 cd 6e 19 af a9 21 3f f7 16 c4 b0 91
    05 14 f5 19 af 14 22 47 b1 26 f3 78 1c 7c c1 84
    3f eb 94 98 32 4b 28 64 69 18 d0 57 ed a9 a2 3e
    2b 22 5d fc 1d a3 00 53 97 e9 78 cd d5 66 4a 91
    49 59 ab 3b 9d e2 01 4a 90 cd a6 b3 b4 8c 61 c0
    07 75 27 54 77 8a b4 3a 0d c9 d0 4c 8f b2 98 54
    76 a2 29 d5 28 84 e7 13 82 f1 c2 14 e8 6a c4 a9
    bb ce e1 4a f6 c7 ce 14 73 11 f4 cb 13 39 f2 6a
    da d7 b1 9f c8 af 6b f0 b3 e6 6b 67 12 d6 38 e2
    4a 36 8d 17 75 52 e4 4c 8a b6 6e 02 99 b4 5b 85
    5b 7c 48 0d e5 97 bd 8d 2b 3a 15 96 c1 0d 80 94
    ca e1 b1 52 70 4d cc 95 28 ae 68 07 61 31 78 47
    73 10 2d 2a 24 96 d1 35 3c 15 a2 e1 1c 28 b2 62
    5d 33 48 69 52 3b cd c2 08 2d 86 f0 02 b5 a4 27
    9f 59 5c 8d 82 1c 9c 16 66 ef dc b5 95 99 4e e6
    50 54 12 9c be c2 83 06 b6 75 0b c6 1a 54 9f f2
    25 f2 9c ad a1 e2 63 45 28 7c be 01 9a bd 01 03
    3d c8 6c 53 a6 45 f7 b5 6f ef 5b aa be 85 1f e3
    86 76 0c 2c 8a ef b5 22 2a b0 3a 88 81 b2 2b 32
    32 0f 63 b0 1c 44 79 1e 12 86 fe 6c 3c b1 9c 51
    ed 10 7a 05 d7 0c b0 d7 c7 6c 25 67 5c 5c b2 18
    68 68 15 41 8f cb 98 75 73 5a 5a 78 18 3c f5 88
    0a 2e 03 6c 0c 65 44 f1 30 b0 98 5c 32 9a 07 68
    3a 0a 0c 10 11 26 ef 44 59 33 17 aa cd 8b cd ea
    dc 67 0d 60 56 54 49 bf c8 62 37 91 51 38 33 83
    3a 1e c9 b8 71 15 09 87 08 00 ac 32 52 ff c6 9f
    88 56 c8 91 d3 36 f3 80 71 65 02 54 4f 97 b0 1b
    d7 6b 38 fa 58 65 95 09 2d 60 a5 72 00 5a 9a 91
    42 53 c5 7b 36 a8 c9 bc e2 88 3c b6 34 99 cc 76
    9c a8 ad 6e d4 53 48 a7 b0 51 82 46 32 84 b2 4e
    56 74 f9 90 1d 37 b6 2d 53 47 82 9e 82 37 04 25
    26 af 91 90 b3 5c 22 79 20 b9 45 e7 10 2f d5 ca
    8e f9 12 35 10 b2 5f 65 98 8e 9c 8c 74 50 09 e2
    35 c4 e7 0a a0 90 f4 0a 81 59 8d 84 d3 3a 29 7c
    a1 97 62 1e 39 f5 64 88 38 a2 df 34 3d 03 ba 2c
    a9 8a 77 4a 21 11 e7 46 9b 87 65 99 94 4c 6e f6
    78 c2 18 05 78 00 72 a8 8b 65 c2 fe 5c 4d 28 83
    b2 71 3b 2b 99 c3 2f 70 50 ba a0 82 7a cf b6 a1
    0d 2b 63 c5 49 87 1a 4b 61 1c 43 11 c0 79 80 58
    1b 58 b7 f3 18 97 3c 22 f0 18 02 96 83 b2 f3 c3
    75 3d 34 2b 8e 05 a4 03 c9 7f 08 7a 67 52 35 3c
    7c 6c 75 a7 b5 23 12 a3 c6 c5 31 11 a4 90 75 ce
    44 0f 68 19 17 4a 41 c5 9f f9 81 e2 61 1c 2e 5b
    72 cb e4 49 3d 13 23 79 0b 29 af 1b 5b 20 05 64
    bc ca 01 99 01 7d 17 12 38 83 6a b5 f6 81 54 28
    a0 69 f8 e0 56 5a 61 34 3c c4 27 92 70 3b a7 b6
    9c f7 1c 2b 57 e1 0c 7d 86 1a 20 72 54 5c 8b bb
    da b5 cf d5 6b 23 2c 8c b4 48 c4 26 3f 0f 35 57
    ea 2e 93 af 4d 89 47 dd 3d f5 32 ea 39 d6 f5 a2
    0d 85 66 b2 57 8a 4f 75 f0 4d 69 a9 a8 7a 57 9a
    4a f5 8d e7 09 ff 5b b1 9d d7 4c b3 6d b6 29 a4
    14 f8 4c 75 99 6a
<<< TLS 1.2, RecordHeader [length 0005]
    14 03 03 00 01
<<< TLS 1.3, ChangeCipherSpec [length 0001]
    01
<<< TLS 1.2, RecordHeader [length 0005]
    16 03 03 04 ba
<<< TLS 1.3, Handshake [length 04ba], ServerHello
    02 00 04 b6 03 03 65 49 06 b3 d4 32 fe cc e1 9c
    e0 5b 5b 34 e0 67 74 9b 0b ed c7 70 4c f4 41 61
    61 e2 e4 d9 e1 93 20 67 a0 83 34 b0 17 06 da b2
    ea ec 3c 21 b2 4c fb 03 c2 43 da 5e 9f 04 f1 dd
    e8 c8 70 b0 0d 69 cc 13 02 00 04 6e 00 2b 00 02
    03 04 00 33 04 64 11 ec 04 60 b8 b8 ce b5 12 fa
    24 f8 20 d9 97 73 66 39 70 9d 6a c6 c3 d6 25 3a
    bf 6b 49 2d 14 a9 94 27 e5 4d d6 8e 5d 5a af 72
    49 e6 50 52 4d 2a 13 f5 3e 40 33 a2 ad e0 55 48
    57 28 c3 64 46 31 fa da 27 ba 2b 59 c6 19 95 c1
    f4 51 c7 f3 af 62 98 24 ed 15 f5 67 cf ab 8c 60
    0a d6 89 2f bd 26 eb de cf 67 13 5e f6 da 99 f7
    3b c2 b3 26 61 1d 3c 94 d6 bf da 83 8a 7a ac 99
    ca 28 e9 3b 5e cb c8 c6 15 86 6a 1a 54 24 4d e5
    75 0e d8 0a 64 e8 85 4f de b6 85 0d 1f 9d 67 6a
    93 cc 33 2f 62 dd 88 fa 37 1d ea cc 4e 43 36 f7
    38 32 e1 77 75 db 27 d8 a5 d1 2e 65 25 42 b7 ab
    fc d6 82 99 61 82 40 c6 b0 02 85 d3 03 35 34 f7
    ec 36 e5 56 49 01 43 8f 5a f3 4d 77 71 9c 55 ef
    ff b1 07 ac 43 43 93 ed 45 63 e7 f2 7a 20 2f 16
    94 78 cf 63 ca c6 b7 8b 50 b8 ad 0a 6f 07 b4 89
    25 b2 ad a9 85 97 da 8e fd 4b 75 b2 4d a9 65 b8
    cc 00 fb 89 6c 0d 04 89 6b cf e4 c5 c9 b9 2b 18
    ab 8c 53 73 50 a8 2c 72 16 da 7e ed 21 81 48 1e
    8a 6f da b9 74 42 53 06 3d 92 94 ce a8 ea cd 69
    93 9c 56 fd e8 1b ef 1a f5 ab 29 fd 02 a9 9f d0
    81 56 0c 71 cb af c3 47 c2 4a f4 76 e4 2f d9 63
    00 aa 43 a1 ef 2b 2f 9f 24 87 12 96 a5 bb 54 9f
    f8 bf 91 93 24 ec d8 00 c1 cc 67 1d f4 a6 cc fd
    d0 ed 03 a8 ae 4f 1e c8 de 76 5e 58 d1 c8 1f 86
    46 e8 cc 78 e2 28 d9 a9 fb 16 61 01 7c 88 5f e4
    52 e2 0f 7c a1 6c 64 7a 5b fe 27 f7 60 d0 a3 a2
    aa 40 78 ce aa e9 9b 27 d9 b8 85 a2 5a e1 35 53
    80 66 f8 c9 82 02 e5 3b 0f cb fd 78 09 e7 a3 72
    5e db 89 b9 c6 e2 c8 c1 09 27 5f cd 3f 70 c8 13
    fc 6f 14 da 79 29 27 1b 15 8c 41 20 52 d2 4f c2
    1b d9 e4 30 20 d7 52 4c 91 65 be f9 de bf be 79
    f2 76 4a b2 a3 3c c2 94 af 4c 1d 47 10 62 e0 f5
    cf 34 a5 0f e8 c1 44 39 df db c8 ae f6 ae b2 f3
    9f f9 ff 7a 4d 15 63 c9 a0 f5 66 f4 cf 80 31 c9
    9f c0 45 68 30 44 53 32 93 1f 24 51 16 30 ad 9a
    80 df 64 77 07 4c 6e 52 e9 0b c8 d6 1d 4e 42 e2
    2f 77 37 00 f2 ff 10 19 40 18 10 6b 89 2f bf 34
    fb 49 52 dc 7e a3 08 1f 7d 64 b6 1f d3 db 99 70
    06 69 fc 22 1b 07 b1 f2 d2 ca 85 b1 4e a4 a5 14
    6c cb 4d 44 29 e6 c4 24 d4 db b8 64 2d bb 9f f3
    8e 43 a0 be 6d 03 8e cf 98 ed 83 a7 e7 99 14 0a
    ef 39 15 14 c0 f4 6b 95 5b f3 a4 22 16 98 2f 8f
    f2 0c 9f 81 dc 51 1d 7e e3 09 57 ab 16 ce d9 06
    37 f7 1a 30 85 84 4d d7 b5 81 ff 5f 5a 4a 16 46
    5f 68 b8 c3 e4 ba fd da 78 09 7d 27 02 36 be b9
    b1 d7 ce 1d 4a ef 24 13 18 65 8f 87 f6 dc a7 06
    e7 bb dc 37 48 e8 d8 de 24 11 69 ed 5f 3b bc 21
    9b 38 5d eb 55 18 1a 23 4c 44 7c c5 1b c1 a3 ed
    0f e3 2c 35 78 ec f1 79 0e 68 f0 60 2a 22 12 0a
    0f ed 3d e5 6c c3 39 2e 19 58 d9 68 dd ae 21 e6
    6e 52 de f3 ac 8e 32 be df ad 57 28 52 4c b0 ff
    8a 55 db 5b 8b 15 a7 4f f9 f4 03 ba 97 d9 da 0e
    10 e1 3a 84 53 7a 4b ce e5 32 a9 a4 20 a9 91 9a
    f2 b4 44 4f 70 bb 3c 90 a7 fb ab 58 c5 24 84 66
    e6 d9 c2 63 48 33 97 30 4c c6 46 66 eb 15 54 2c
    a8 c9 71 b6 4a 4b e3 e7 f2 bb 90 e6 79 db c5 81
    a5 52 05 f3 1a 24 26 55 cf 4f 8a 72 22 90 63 88
    c5 1b 9e 79 c2 17 0b e1 dc e6 ff da f3 3d 2c 8c
    a5 e3 55 b7 ec 61 96 96 46 0c 70 ad 6b 1e 20 7d
    12 78 77 49 23 a9 48 30 af db 6f 89 46 84 b2 1f
    78 a1 0b 79 ab 5d 8d 39 ca a3 65 92 42 25 0f 4b
    db c3 dc c9 e6 f9 e0 b8 26 bf ec fb a2 62 fb 24
    15 d0 ea 97 b7 ee 18 70 81 a8 c5 d0 02 08 b8 8a
    1f 6b a1 be 90 9e 20 db f1 09 e6 99 35 c3 94 b9
    e4 e5 1a 5c 97 44 0a fe fb 4e bb 9e 79 62 eb c3
    c2 74 1d 4b 99 2f 74 9f bf 35 3a 58 dd 54 e6 d6
    ca 5b 33 6c 13 d0 19 c6 9a 51 4d d7 9f 06 74 8b
    97 4c 3a 19 d5 cf 34 74 da dc c4 08 71 4d 10 61
    c0 eb 63 45 a6 e4 43 13 32 cb eb 56 a8 54 6b cd
    59 99 a0 9c ae a4 ca a5 e3 36
<<< TLS 1.2, RecordHeader [length 0005]
    17 03 03 00 17
<<< TLS 1.3, InnerContent [length 0001]
    16
<<< TLS 1.3, Handshake [length 0006], EncryptedExtensions
    08 00 00 02 00 00
<<< TLS 1.2, RecordHeader [length 0005]
    17 03 03 03 47
<<< TLS 1.3, InnerContent [length 0001]
    16
<<< TLS 1.3, Handshake [length 0336], Certificate
    0b 00 03 32 00 00 03 2e 00 03 29 30 82 03 25 30
    82 02 0d a0 03 02 01 02 02 01 02 30 0d 06 09 2a
    86 48 86 f7 0d 01 01 0b 05 00 30 12 31 10 30 0e
    06 03 55 04 03 0c 07 52 6f 6f 74 20 43 41 30 20
    17 0d 31 36 30 31 31 34 32 32 32 39 34 36 5a 18
    0f 32 31 31 36 30 31 31 35 32 32 32 39 34 36 5a
    30 19 31 17 30 15 06 03 55 04 03 0c 0e 73 65 72
    76 65 72 2e 65 78 61 6d 70 6c 65 30 82 01 22 30
    0d 06 09 2a 86 48 86 f7 0d 01 01 01 05 00 03 82
    01 0f 00 30 82 01 0a 02 82 01 01 00 d5 5d 60 6a
    df fc 61 ee 48 aa 8c 11 48 43 a5 6d b6 52 5d aa
    98 49 b1 61 92 35 b1 fc 3a 04 25 0c 6d 79 ff b4
    d5 c9 e9 5c 1c 3b e0 ab b3 b8 7d a3 de 6d bd e0
    dd d7 5a bf 14 47 11 42 5e a6 82 d0 61 c1 7f dd
    13 46 e6 09 85 07 0e f2 d4 fc 1a 64 d2 0a ad 20
    ab 20 6b 96 f0 ad cc c4 19 53 55 dc 01 1d a4 b3
    ef 8a b4 49 53 5d 8a 05 1c f1 dc e1 44 bf c5 d7
    e2 77 19 57 5c 97 0b 75 ee 88 43 71 0f ca 6c c1
    b4 b2 50 a7 77 46 6c 58 0f 11 bf f1 76 24 5a ae
    39 42 b7 51 67 29 e1 d0 55 30 6f 17 e4 91 ea ad
    f8 28 c2 43 6f a2 64 a9 fb 9d 98 92 62 48 3e eb
    0d 4f 82 4a 8a ff 3f 72 ee 96 b5 ae a1 c1 98 ba
    ef 7d 90 75 6d ff 5a 52 9e ab f5 c0 7e d0 87 43
    db 85 07 07 0f 7d 38 7a fd d1 d3 ee 65 1d d3 ea
    39 6a 87 37 ee 4a d3 e0 0d 6e f5 70 ac c2 bd f1
    6e f3 92 95 5e a9 f0 a1 65 95 93 8d 02 03 01 00
    01 a3 7d 30 7b 30 1d 06 03 55 1d 0e 04 16 04 14
    c0 e7 84 bf e8 59 27 33 10 b0 52 4f 51 52 2f 06
    d6 c0 7a cd 30 1f 06 03 55 1d 23 04 18 30 16 80
    14 70 7f 2e ae 83 68 59 98 04 23 2a cd eb 3e 17
    cd 24 dd 01 49 30 09 06 03 55 1d 13 04 02 30 00
    30 13 06 03 55 1d 25 04 0c 30 0a 06 08 2b 06 01
    05 05 07 03 01 30 19 06 03 55 1d 11 04 12 30 10
    82 0e 73 65 72 76 65 72 2e 65 78 61 6d 70 6c 65
    30 0d 06 09 2a 86 48 86 f7 0d 01 01 0b 05 00 03
    82 01 01 00 7b d3 04 43 75 8a 0f 11 ae c4 fb d7
    a1 a2 9e fe 20 18 d5 f4 2f 31 88 46 b6 75 8c ee
    e5 9b 97 a6 b9 a3 cd 60 9a 46 c3 48 97 e5 97 68
    f7 5a 86 35 73 d9 69 9e f9 5f 74 b9 e6 94 13 01
    cb 6a dc e3 c4 04 e9 65 da 9c a4 8b 28 f3 f9 9a
    7f bf 97 1f 45 92 e5 05 b1 56 e6 0b f6 47 de 1e
    89 b6 2b e1 4d df 4a 7e 01 d3 23 dc 97 8c 47 fe
    5f c7 cc 98 46 0e c4 83 5b ca 8a f1 52 09 be 6b
    ec 3f 09 8b d0 93 02 bf e1 51 e7 d1 7e 34 56 19
    74 d0 ff 28 25 de b7 9f 56 52 91 7d 20 29 85 0a
    80 44 5f 71 32 25 71 0f c2 16 e2 5f 6b 1d 3f 32
    5b 0a 3c 74 1c b9 62 f1 ed 07 50 a3 6d b4 b4 31
    0a c0 53 44 6a 3a 88 84 8b 2d a9 b0 37 8e e6 18
    36 bd 9a 20 40 0f 01 92 8b 3d aa 61 e7 ae 2c ed
    36 cd 3a 07 86 74 3a 29 b3 d7 3a b4 00 a9 c2 f5
    92 78 0e e2 0f a3 fe bb be e0 06 53 84 59 1d 90
    69 e5 b6 f9 00 00
<<< TLS 1.2, RecordHeader [length 0005]
    17 03 03 01 19
<<< TLS 1.3, InnerContent [length 0001]
    16
<<< TLS 1.3, Handshake [length 0108], CertificateVerify
    0f 00 01 04 08 04 01 00 71 0f d2 ca 96 c3 32 b6
    cd 3b da 49 7e d8 34 80 6e 68 43 40 93 ad 60 27
    70 17 69 ce f9 f4 04 ac 11 cc 40 07 03 f5 17 21
    78 70 0b 41 59 0c 44 04 58 ba d4 89 75 60 e4 11
    bb 48 7d da da 11 e1 dd 25 e1 35 ab 26 e2 f1 92
    4f d5 6b 21 64 3f 45 5b 41 cb 89 83 46 8b ee 8f
    b1 77 7a e2 14 59 36 8f 27 07 e0 55 81 d1 24 11
    4e 92 5e 7f 3e 89 fc a1 14 d9 e8 e6 19 35 f9 48
    a8 78 71 16 af c9 53 f9 f2 2f e9 59 9f 04 ff 9d
    b6 e8 e1 77 db 1a f7 99 58 0a ae b6 ab 0f 0c b4
    af 85 59 6f 99 cf 9a c4 f8 82 d4 05 96 61 60 81
    3e dc 57 a6 4d a9 2b 6f d8 e3 38 c2 01 de 57 b1
    5d cd b1 ef 59 3c 20 27 a1 c4 6b 00 6d 94 d3 9e
    32 59 cb 65 dc 20 b9 90 25 3e 3e 05 80 2a 9b 9e
    19 da af 27 ed 85 62 9c fb fa d0 48 28 47 e8 d0
    47 34 2c a8 b5 11 2e 2a a1 47 93 ba c8 3c 1e b0
    ab 52 7c 61 82 f2 3d 26
<<< TLS 1.2, RecordHeader [length 0005]
    17 03 03 00 45
<<< TLS 1.3, InnerContent [length 0001]
    16
<<< TLS 1.3, Handshake [length 0034], Finished
    14 00 00 30 57 b6 7e 24 d4 64 b5 ba 24 fc 38 97
    ae a6 d0 1e 3f 24 78 8d 04 ea 4b 9e e5 ef 3c 0c
    3f 65 4a 99 d6 0a 04 46 74 4d 70 bb 63 5f 14 d3
    cd 65 7f 5f
>>> TLS 1.2, RecordHeader [length 0005]
    17 03 03 00 45
>>> TLS 1.2, InnerContent [length 0001]
    16
>>> TLS 1.3, Handshake [length 0034], Finished
    14 00 00 30 07 22 d5 2b 93 46 a4 90 7d 56 84 c3
    9e 53 32 74 3e 38 f9 f2 25 22 59 41 20 f2 9f f3
    81 f8 49 99 00 95 49 f4 ee 22 64 68 d6 64 f9 21
    29 48 21 cb
---
Certificate chain
 0 s:CN=server.example
   i:CN=Root CA
   a:PKEY: RSA, 2048 (bit); sigalg: sha256WithRSAEncryption
   v:NotBefore: Jan 14 22:29:46 2016 GMT; NotAfter: Jan 15 22:29:46 2116 GMT
---
Server certificate
-----BEGIN CERTIFICATE-----
MIIDJTCCAg2gAwIBAgIBAjANBgkqhkiG9w0BAQsFADASMRAwDgYDVQQDDAdSb290
IENBMCAXDTE2MDExNDIyMjk0NloYDzIxMTYwMTE1MjIyOTQ2WjAZMRcwFQYDVQQD
DA5zZXJ2ZXIuZXhhbXBsZTCCASIwDQYJKoZIhvcNAQEBBQADggEPADCCAQoCggEB
ANVdYGrf/GHuSKqMEUhDpW22Ul2qmEmxYZI1sfw6BCUMbXn/tNXJ6VwcO+Crs7h9
o95tveDd11q/FEcRQl6mgtBhwX/dE0bmCYUHDvLU/Bpk0gqtIKsga5bwrczEGVNV
3AEdpLPvirRJU12KBRzx3OFEv8XX4ncZV1yXC3XuiENxD8pswbSyUKd3RmxYDxG/
8XYkWq45QrdRZynh0FUwbxfkkeqt+CjCQ2+iZKn7nZiSYkg+6w1PgkqK/z9y7pa1
rqHBmLrvfZB1bf9aUp6r9cB+0IdD24UHBw99OHr90dPuZR3T6jlqhzfuStPgDW71
cKzCvfFu85KVXqnwoWWVk40CAwEAAaN9MHswHQYDVR0OBBYEFMDnhL/oWSczELBS
T1FSLwbWwHrNMB8GA1UdIwQYMBaAFHB/Lq6DaFmYBCMqzes+F80k3QFJMAkGA1Ud
EwQCMAAwEwYDVR0lBAwwCgYIKwYBBQUHAwEwGQYDVR0RBBIwEIIOc2VydmVyLmV4
YW1wbGUwDQYJKoZIhvcNAQELBQADggEBAHvTBEN1ig8RrsT716Ginv4gGNX0LzGI
RrZ1jO7lm5emuaPNYJpGw0iX5Zdo91qGNXPZaZ75X3S55pQTActq3OPEBOll2pyk
iyjz+Zp/v5cfRZLlBbFW5gv2R94eibYr4U3fSn4B0yPcl4xH/l/HzJhGDsSDW8qK
8VIJvmvsPwmL0JMCv+FR59F+NFYZdND/KCXet59WUpF9ICmFCoBEX3EyJXEPwhbi
X2sdPzJbCjx0HLli8e0HUKNttLQxCsBTRGo6iISLLamwN47mGDa9miBADwGSiz2q
YeeuLO02zToHhnQ6KbPXOrQAqcL1kngO4g+j/ru+4AZThFkdkGnltvk=
-----END CERTIFICATE-----
subject=CN=server.example
issuer=CN=Root CA
---
No client certificate CA names sent
Peer signing digest: SHA256
Peer signature type: rsa_pss_rsae_sha256
Negotiated TLS1.3 group: X25519MLKEM768
---
SSL handshake has read 2546 bytes and written 1702 bytes
Verification error: unable to verify the first certificate
---
New, TLSv1.3, Cipher is TLS_AES_256_GCM_SHA384
Protocol: TLSv1.3
Server public key is 2048 bit
This TLS version forbids renegotiation.
Compression: NONE
Expansion: NONE
No ALPN negotiated
Early data was not sent
Verify return code: 21 (unable to verify the first certificate)
---
>>> TLS 1.2, RecordHeader [length 0005]
    17 03 03 00 13
>>> TLS 1.2, InnerContent [length 0001]
    15
>>> TLS 1.3, Alert [length 0002], warning close_notify
    01 00
Connecting to 127.0.0.1
SSL_connect:before SSL initialization
SSL_connect:SSLv3/TLS write client hello
SSL_connect:SSLv3/TLS write client hello
SSL_connect:SSLv3/TLS read server hello
SSL_connect:SSLv3/TLS write change cipher spec
SSL_connect:SSLv3/TLS write client hello
SSL_connect:SSLv3/TLS write client hello
SSL_connect:SSLv3/TLS read server hello
Can't use SSL_get_servername
SSL_connect:TLSv1.3 read encrypted extensions
depth=0 CN=server.example
verify error:num=20:unable to get local issuer certificate
verify return:1
depth=0 CN=server.example
verify error:num=21:unable to verify the first certificate
verify return:1
depth=0 CN=server.example
verify return:1
SSL_connect:SSLv3/TLS read server certificate
SSL_connect:TLSv1.3 read server certificate verify
SSL_connect:SSLv3/TLS read finished
SSL_connect:SSLv3/TLS write finished
DONE
SSL3 alert write:warning:close notify
