CONNECTED(00000003)
>>> TLS 1.0, RecordHeader [length 0005]
    16 03 01 00 d6
>>> TLS 1.3, Handshake [length 00d6], ClientHello
    01 00 00 d2 03 03 aa 2f 9e 0a b2 a6 47 af a1 ed
    d4 c3 a6 22 14 45 3f 76 92 b8 78 cf f9 fa 18 3b
    9c a6 4f 68 f9 55 20 cd ca a0 53 ad 7d 53 db 17
    ec f7 7b f9 8d e4 32 75 3d aa 77 6b 5f 7d 25 bf
    f1 9d 73 ff 02 a3 f2 00 06 13 02 13 03 13 01 01
    00 00 83 00 0b 00 04 03 00 01 02 00 0a 00 06 00
    04 00 1d 11 ec 00 23 00 00 00 16 00 00 00 17 00
    00 00 0d 00 2a 00 28 09 05 09 06 09 04 04 03 05
    03 06 03 08 07 08 08 08 1a 08 1b 08 1c 08 09 08
    0a 08 0b 08 04 08 05 08 06 04 01 05 01 06 01 00
    2b 00 03 02 03 04 00 2d 00 02 01 01 00 33 00 26
    00 24 00 1d 00 20 91 09 82 44 8c 09 e5 2a 5f 8a
    fe 21 23 a3 3f df b3 03 fe 10 ec f4 20 73 43 83
    7d 5e 63 1f 9f 5d
<<< TLS 1.2, RecordHeader [length 0005]
    16 03 03 00 58
<<< TLS 1.3, Handshake [length 0058], ServerHello
    02 00 00 54 03 03 cf 21 ad 74 e5 9a 61 11 be 1d
    8c 02 1e 65 b8 91 c2 a2 11 16 7a bb 8c 5e 07 9e
    09 e2 c8 a8 33 9c 20 cd ca a0 53 ad 7d 53 db 17
    ec f7 7b f9 8d e4 32 75 3d aa 77 6b 5f 7d 25 bf
    f1 9d 73 ff 02 a3 f2 13 02 00 00 0c 00 2b 00 02
    03 04 00 33 00 02 11 ec
>>> TLS 1.2, RecordHeader [length 0005]
    14 03 03 00 01
>>> TLS 1.3, ChangeCipherSpec [length 0001]
    01
>>> TLS 1.2, RecordHeader [length 0005]
    16 03 03 05 76
>>> TLS 1.3, Handshake [length 0576], ClientHello
    01 00 05 72 03 03 aa 2f 9e 0a b2 a6 47 af a1 ed
    d4 c3 a6 22 14 45 3f 76 92 b8 78 cf f9 fa 18 3b
    9c a6 4f 68 f9 55 20 cd ca a0 53 ad 7d 53 db 17
    ec f7 7b f9 8d e4 32 75 3d aa 77 6b 5f 7d 25 bf
    f1 9d 73 ff 02 a3 f2 00 06 13 02 13 03 13 01 01
    00 05 23 00 0b 00 04 03 00 01 02 00 0a 00 06 00
    04 00 1d 11 ec 00 23 00 00 00 16 00 00 00 17 00
    00 00 0d 00 2a 00 28 09 05 09 06 09 04 04 03 05
    03 06 03 08 07 08 08 08 1a 08 1b 08 1c 08 09 08
    0a 08 0b 08 04 08 05 08 06 04 01 05 01 06 01 00
    2b 00 03 02 03 04 00 2d 00 02 01 01 00 33 04 c6
    04 c4 11 ec 04 c0 6e 03 11 2b 27 5f 9e 55 a5 48
    a1 b0 55 3a 73 77 ec b6 2d a5 5c 77 c5 2b 9b 45
    4f 16 6b 1e a2 e2 ac 8a 9a cd 90 ec 7b 09 e6 85
    1e 4b 43 ef 13 66 76 83 c5 42 94 44 99 b5 88 f2
    08 50 60 93 a1 46 f7 1c 37 c4 cb c4 6c 1d 40 38
    49 73 73 5a c1 56 6c 58 17 28 0d 46 2d 59 b7 a7
    7c c7 5a c2 fc 82 f5 e5 28 13 cb 89 d5 c6 3e 28
    77 ba 6f 85 7c 91 b7 47 9e cb c3 81 39 7c c2 80
    a7 36 c7 7a 78 3a c8 29 10 c7 b9 73 27 cb 89 58
    c1 45 ae 78 aa cb 36 e6 02 d9 a7 46 98 3b b4 b4
    96 77 db 7a 81 af 04 7b 17 1a 46 bf 16 bf 8b c0
    4c 76 28 65 71 28 24 84 32 c3 22 d2 b7 19 36 01
    c4 11 c9 45 46 ab be 0a 32 ff a0 a7 e5 e1 a8 36
    0b cf 40 36 88 09 e1 ca b1 6b 8a dd a8 70 5d d5
    b8 93 b4 ae a3 e4 9e ce c9 cf ce a1 c9 81 c4 18
    af 43 12 f0 dc 6f 92 3b cc 44 05 4e 49 36 ae 0a
    57 31 bb 60 ac 6e 00 38 2c dc 0d 51 b7 86 9a 09
    2f 5f 18 9d cf 3a a3 64 83 53 a5 25 87 20 37 a7
    2b 54 44 cb c5 32 34 75 2a e3 c6 4b 61 d0 65 39
    65 0e 60 51 0d 64 e5 6a ee f9 38 d1 84 81 91 f1
    9f 09 42 28 5d 03 1a 1c 82 03 82 c4 71 49 27 b0
    81 45 6d 16 d3 18 75 36 cc 44 c3 42 08 f5 3a 2c
    74 60 cf 92 92 62 45 af c5 17 9c aa 17 60 01 b8
    b3 f8 ab 7f 32 76 03 bc 31 b2 29 38 92 e3 84 a6
    d3 16 25 35 56 95 79 8a 15 cd 95 6c 2c 55 53 33
    1b 33 44 a6 40 9c dc cf 0d 34 90 4e 61 b8 79 5a
    54 6a 01 69 c2 52 9a 35 d7 85 08 d3 48 3c b6 a5
    8c e2 99 79 50 1f 2c 32 7f a1 2a 93 98 ea c7 b6
    50 21 37 61 44 53 70 51 17 e0 a6 b2 e3 8e a3 3c
    14 4f 6c a4 8b 17 c9 1e 35 6f da a0 09 b3 09 2f
    42 26 5d 51 c0 67 0b 8c 4f f3 85 a0 30 19 6f be
    f9 3b 11 20 8c d5 98 ae f7 13 06 06 a0 73 0b 47
    0c a0 89 85 30 66 a8 35 a9 25 aa 60 85 fe a2 0c
    fa 9a 89 77 0c 0c 4b c1 7d ab 89 5d 28 1b 59 61
    a8 5a e0 bb a7 96 70 19 82 6b 3f 8e 07 1c 6b 9b
    78 e0 7a 03 cd fc c1 90 d6 81 0f a3 1e 2f 86 be
    56 92 a0 c2 27 45 f6 e4 c3 ce 5b 42 49 c1 98 98
    c8 1c e9 86 04 79 a7 6d 8c 21 31 b7 7a ca 6b 07
    32 8e e7 0c de f1 ce 12 13 a1 df ab 6d e1 15 b0
    86 b6 03 77 a8 ba 6c ac af 80 1a 91 0f c9 7f dd
    75 73 9f 96 5b 41 e6 8b 50 89 83 28 b5 cc 58 c1
    6d 5c c2 0a 5f e1 b0 e6 8a 29 e9 79 8c ea 83 5b
    b2 f1 07 c8 a2 52 ef fa 75 da 31 9e 6c e4 be e2
    cb 2a c8 55 ce cc 39 11 9e 0a 41 02 b6 8f 5e 59
    a9 31 e2 8b 42 a3 6c 3c 3a c6 8e 01 12 8a 76 81
    32 06 2e bb b9 a0 5c 2b 91 01 f0 44 6c 3a 4c 0b
    32 9c 42 62 37 a0 27 bd 3b 34 5f 84 bc a1 43 a0
    18 45 11 be cc 24 92 53 dc b0 3f a8 12 95 84 ae
    a4 a5 a5 26 6c 48 18 6c 17 c4 93 a6 62 8b 13 61
    c6 b7 94 16 05 8a fc 0e 8b 2a ad 74 51 63 62 73
    75 ed 84 36 f3 e1 5c 32 e9 6b 03 71 b2 c3 73 bc
    c3 c2 28 40 a9 03 94 f9 06 e2 40 8a 36 80 03 e6
    94 37 02 38 4c a1 8a 35 4e 56 5d d7 34 98 cf 46
    34 77 77 82 73 19 59 e8 c6 31 61 80 a3 d3 39 78
    63 c2 59 08 7c 7b 41 00 3b 96 c6 cc d9 b2 9f db
    d6 1d 0e 44 94 3d 71 9a 43 68 53 5c c1 7c 7f ac
    5b a4 e7 83 b6 14 29 d7 d8 c4 f3 b9 0b 0e f4 70
    ac 89 66 8d 54 07 af 87 69 4f e6 70 5f 16 92 33
    65 a2 d5 49 ca 6d c8 63 62 4c 59 40 b3 95 a6 b4
    0f a1 ba 13 b4 66 b7 d5 04 a7 10 6c 8c 0c e8 84
    80 6b a1 74 db 8f da 76 ad 40 7c 14 0f 92 9f c4
    fb ae 21 68 c5 1b b2 83 93 5c 79 ba 9c 17 5b 2c
    bb 5d d3 2f ed d5 b1 99 42 28 36 6b 06 10 1b 2b
    87 49 5a e7 10 14 36 2b 1f 83 87 a3 41 f6 3d 6b
    8b 57 a5 43 76 c1 b5 98 e9 d4 0d 44 68 17 34 64
    aa 2d 12 24 82 99 65 13 57 6f ff 66 28 56 65 4c
    bf a6 95 92 6c cc 35 e7 4e a1 87 2c 35 13 64 ba
    09 34 32 05 75 19 fb 78 f1 41 77 ab 36 78 56 43
    96 90 83 2b 02 86 a0 06 f7 c5 c0 07 87 24 f7 aa
    72 52 5c 81 ac 91 44 f7 43 6d 9c 51 10 88 6a e5
    8a 90 9a d1 2b 53 83 04 b0 f3 be ba cc a2 a3 72
    1a 4a 94 3d eb 73 4d e6 8c 1d 42 5c 4b 4a 85 77
    4f 01 0d c5 38 8d ac 94 2c 6d b0 13 98 57 eb e3
    94 eb 18 c5 3e c4 cc 06 b6 56 a6 48 5c c2 b7 3c
    8c 79 f1 22 e8 49 ec 64 9d cf 78 9d eb c0 39 24
    2e 54 c7 6d 15 7d 73 c0 69 59 49 82 0a cd 83 ba
    59 95 d9 15 2d 54
<<< TLS 1.2, RecordHeader [length 0005]
    14 03 03 00 01
<<< TLS 1.3, ChangeCipherSpec [length 0001]
    01
<<< TLS 1.2, RecordHeader [length 0005]
    16 03 03 04 ba
<<< TLS 1.3, Handshake [length 04ba], ServerHello
    02 00 04 b6 03 03 c8 c9 30 ca bc 78 3e 92 0d ec
    83 ad 41 ed 98 16 05 99 8b 93 1f b7 08 48 be 69
    ce af e2 3a c5 bc 20 cd ca a0 53 ad 7d 53 db 17
    ec f7 7b f9 8d e4 32 75 3d aa 77 6b 5f 7d 25 bf
    f1 9d 73 ff 02 a3 f2 13 02 00 04 6e 00 2b 00 02
    03 04 00 33 04 64 11 ec 04 60 af ac 78 66 20 ea
    aa bc ab ba d6 c5 c0 a8 18 e7 4d e8 95 bc 4e 2c
    b1 9d ac 6d 12 bb 5d d0 91 98 da fb 9f 81 83 40
    b4 b3 7d 66 f7 79 27 f6 63 f0 6a 2b 3f f8 aa 08
    82 55 d2 db 0f 25 d6 43 96 2a 6a e4 58 f2 96 99
    01 03 74 84 8f 86 ef 40 f9 c2 8f db a9 b7 9d 1d
    31 a7 29 a6 19 26 ac 76 57 77 84 b3 a6 1b b0 1f
    44 eb ea 68 36 93 4b 00 7d e5 86 f6 7a 84 21 76
    ce a2 9a 6e f9 51 24 56 9c 8c 46 48 cd 76 97 b1
    f9 b3 5a 13 e2 a4 6a a2 b8 4c 46 8a 1a f6 23 4c
    7b bd 35 22 5b 54 9c 3e cb fc 54 ff ef 05 6e 52
    a4 bf 38 fc 68 0f f0 92 1b 99 9d bd 19 a9 da f6
    fd b6 15 70 0d 20 53 5a c0 57 44 e2 0e 76 b4 a8
    16 86 52 1e 3e b6 86 8c 34 0a ff 4f 41 a5 c3 50
    41 a1 7b 72 57 bc bd 2f cc 7b 28 96 b6 e7 c9 2d
    66 62 fa d1 2d 02 06 62 96 fe 27 ba ae c0 19 71
    6c 3a 57 28 08 be 58 23 0e 8b 22 3f 2f 44 98 62
    21 50 c7 6d a0 23 5e 44 9e 8f 7e 4c 4a 2f cb ba
    49 62 20 09 9f 9d f4 bc e8 8a 5f ae 0b 5b e4 8d
    2d a7 10 13 b3 2a f6 4b 22 56 d4 30 8d 25 7b 97
    68 2a 4a 76 17 be 48 fc e1 b5 20 7e bb 7d 43 1c
    50 f0 41 66 b5 63 b1 8f 92 eb 4e f7 0e 28 b3 66
    68 2f 87 e8 31 ee fd d5 80 72 76 ae 4d 33 47 17
    4d af eb 4c ab 39 0c 5d 81 d8 7f 3e 5e d0 c8 a1
    53 27 e4 70 50 e9 b7 57 57 d6 11 1f 1b 92 99 6d
    39 b4 ca c6 5c 5e 42 55 60 bf f0 3c f1 8e bf 3f
    17 82 b4 93 64 1b 1d fd b1 a5 ff ee 00 87 11 56
    de 98 08 8b d4 2a 2e d2 b4 45 8e c3 5d b4 8c 58
    bf 45 4d 2b a0 6b 85 1f 69 21 8a da 3d 36 c6 ae
    dd 15 78 e0 8c 8c 00 71 15 d9 2d 26 10 e8 1c 9c
    d6 de 1b 9a fc 31 e6 04 42 09 05 22 59 0d 9a ad
    ca ef 3d c2 7b 98 31 43 e4 5a 10 ec f3 99 fd b2
    07 14 a8 36 55 3e 5b c6 c0 fa 9e d7 92 33 fa b4
    b5 1c 91 b8 91 d6 a7 0b c6 2f fb 8a 09 15 ea e9
    6c 45 7e c6 5f e5 99 db de 5e 17 fe c2 0d 7a 5d
    8f 62 09 ad 17 9a 64 3c 3c cd 65 9a fb 3f 40 6b
    81 a0 81 f9 ac 26 cc ea 69 db 17 d8 98 85 f0 5a
    73 01 8a 50 7a b1 a3 b8 d7 47 dc 51 17 2d 22 6b
    ac e5 b9 85 71 d2 d4 9a 22 5c c1 ce ec eb ff da
    ad 4c 14 ee 64 33 22 14 df 4c a8 8f c6 70 7c 4b
    6a b8 c4 4f 67 e9 d3 e8 4a 23 12 9a 26 3c c6 ec
    a9 a8 e1 83 73 ab 3a b2 78 51 59 5f a2 41 bb e2
    b1 cb 0c 0f ca 75 70 8c 70 84 9b dc 6d cd b4 89
    9b c3 22 88 c9 ba ff 02 1a f0 7f ec 73 60 6a 81
    c4 76 fe 93 2b 6a ba a1 16 ea a6 13 c1 1c 3b cb
    69 04 62 4c cf 6c 25 dc d7 78 51 91 fa 28 27 5e
    bb 4a c6 3c 19 a7 74 f2 bb ae 00 56 51 11 1f 0b
    4a 09 4d 2c 06 72 44 be 87 c9 58 df 18 1e 56 81
    94 a0 c2 65 ff 06 e9 fb 4d 68 64 33 4b 97 54 cb
    89 97 d4 e8 8d b2 b6 34 3e 2f db b7 d2 f9 e2 45
    8b 87 7b eb 15 a5 3f 70 33 a7 c1 68 f7 b9 11 23
    39 a0 a1 c8 e5 d9 aa ba 0e d7 23 60 d3 d1 6a ad
    eb 8b 84 2f ed c1 7c d2 6a fc e0 e9 a6 b5 34 f3
    66 2b e9 26 36 9e ff 52 7b 5b 0f 71 28 83 da 0f
    ee 4f 50 3a a7 14 3a 81 f2 63 71 52 fc 03 dc b5
    8d de c9 7e e5 38 7c 67 24 07 6b 5c e4 e8 26 58
    1c dd bc 1b a5 18 6e eb 17 b3 88 bf 1f 0b 96 0d
    0c 35 b8 5b f8 2f e7 e7 8c bc a3 fc 22 84 15 cc
    cb ce b4 f2 6d eb fc ed b0 40 a8 3d 32 8d f1 3e
    84 dd 98 7d ca 9b 60 1d 71 24 bf eb 29 1d a1 61
    7b 58 94 b1 fa 7a 13 8d 83 7a 8b fe b3 f8 f9 1a
    dd c7 25 59 f7 59 fe 2c 65 45 67 a0 d6 66 a7 49
    c7 1f cc d3 4d 13 d6 9e 30 04 02 61 5a 8b 27 c1
    fb fa 63 d1 21 eb d2 30 33 75 75 ad b4 4e 9a 87
    95 f8 ec 10 4f 63 9f 96 ce 3e 3c 92 ff c5 89 17
    29 f0 6f 5a ad 0c 02 e1 d8 fb ce 44 6d ce 06 04
    dd ce 75 09 15 31 bf 7c 32 e6 f3 3d 58 ff b9 f3
    b5 d7 d4 15 6e f4 3c 5d f4 e6 6e 2d 94 b9 7e ca
    93 05 96 3e 9b 66 31 4d 02 f9 9e 4e 7b 9f 15 58
    a5 73 da 82 7b 4a d0 0f da 64 c5 7c 82 eb c7 24
    2e e8 71 df f7 41 1b 34 59 29
<<< TLS 1.2, RecordHeader [length 0005]
    17 03 03 00 17
<<< TLS 1.3, InnerContent [length 0001]
    16
<<< TLS 1.3, Handshake [length 0006], EncryptedExtensions
    08 00 00 02 00 00
<<< TLS 1.2, RecordHeader [length 0005]
    17 03 03 03 47
<<< TLS 1.3, InnerContent [length 0001]
    16
<<< TLS 1.3, Handshake [length 0336], Certificate
    0b 00 03 32 00 00 03 2e 00 03 29 30 82 03 25 30
    82 02 0d a0 03 02 01 02 02 01 02 30 0d 06 09 2a
    86 48 86 f7 0d 01 01 0b 05 00 30 12 31 10 30 0e
    06 03 55 04 03 0c 07 52 6f 6f 74 20 43 41 30 20
    17 0d 31 36 30 31 31 34 32 32 32 39 34 36 5a 18
    0f 32 31 31 36 30 31 31 35 32 32 32 39 34 36 5a
    30 19 31 17 30 15 06 03 55 04 03 0c 0e 73 65 72
    76 65 72 2e 65 78 61 6d 70 6c 65 30 82 01 22 30
    0d 06 09 2a 86 48 86 f7 0d 01 01 01 05 00 03 82
    01 0f 00 30 82 01 0a 02 82 01 01 00 d5 5d 60 6a
    df fc 61 ee 48 aa 8c 11 48 43 a5 6d b6 52 5d aa
    98 49 b1 61 92 35 b1 fc 3a 04 25 0c 6d 79 ff b4
    d5 c9 e9 5c 1c 3b e0 ab b3 b8 7d a3 de 6d bd e0
    dd d7 5a bf 14 47 11 42 5e a6 82 d0 61 c1 7f dd
    13 46 e6 09 85 07 0e f2 d4 fc 1a 64 d2 0a ad 20
    ab 20 6b 96 f0 ad cc c4 19 53 55 dc 01 1d a4 b3
    ef 8a b4 49 53 5d 8a 05 1c f1 dc e1 44 bf c5 d7
    e2 77 19 57 5c 97 0b 75 ee 88 43 71 0f ca 6c c1
    b4 b2 50 a7 77 46 6c 58 0f 11 bf f1 76 24 5a ae
    39 42 b7 51 67 29 e1 d0 55 30 6f 17 e4 91 ea ad
    f8 28 c2 43 6f a2 64 a9 fb 9d 98 92 62 48 3e eb
    0d 4f 82 4a 8a ff 3f 72 ee 96 b5 ae a1 c1 98 ba
    ef 7d 90 75 6d ff 5a 52 9e ab f5 c0 7e d0 87 43
    db 85 07 07 0f 7d 38 7a fd d1 d3 ee 65 1d d3 ea
    39 6a 87 37 ee 4a d3 e0 0d 6e f5 70 ac c2 bd f1
    6e f3 92 95 5e a9 f0 a1 65 95 93 8d 02 03 01 00
    01 a3 7d 30 7b 30 1d 06 03 55 1d 0e 04 16 04 14
    c0 e7 84 bf e8 59 27 33 10 b0 52 4f 51 52 2f 06
    d6 c0 7a cd 30 1f 06 03 55 1d 23 04 18 30 16 80
    14 70 7f 2e ae 83 68 59 98 04 23 2a cd eb 3e 17
    cd 24 dd 01 49 30 09 06 03 55 1d 13 04 02 30 00
    30 13 06 03 55 1d 25 04 0c 30 0a 06 08 2b 06 01
    05 05 07 03 01 30 19 06 03 55 1d 11 04 12 30 10
    82 0e 73 65 72 76 65 72 2e 65 78 61 6d 70 6c 65
    30 0d 06 09 2a 86 48 86 f7 0d 01 01 0b 05 00 03
    82 01 01 00 7b d3 04 43 75 8a 0f 11 ae c4 fb d7
    a1 a2 9e fe 20 18 d5 f4 2f 31 88 46 b6 75 8c ee
    e5 9b 97 a6 b9 a3 cd 60 9a 46 c3 48 97 e5 97 68
    f7 5a 86 35 73 d9 69 9e f9 5f 74 b9 e6 94 13 01
    cb 6a dc e3 c4 04 e9 65 da 9c a4 8b 28 f3 f9 9a
    7f bf 97 1f 45 92 e5 05 b1 56 e6 0b f6 47 de 1e
    89 b6 2b e1 4d df 4a 7e 01 d3 23 dc 97 8c 47 fe
    5f c7 cc 98 46 0e c4 83 5b ca 8a f1 52 09 be 6b
    ec 3f 09 8b d0 93 02 bf e1 51 e7 d1 7e 34 56 19
    74 d0 ff 28 25 de b7 9f 56 52 91 7d 20 29 85 0a
    80 44 5f 71 32 25 71 0f c2 16 e2 5f 6b 1d 3f 32
    5b 0a 3c 74 1c b9 62 f1 ed 07 50 a3 6d b4 b4 31
    0a c0 53 44 6a 3a 88 84 8b 2d a9 b0 37 8e e6 18
    36 bd 9a 20 40 0f 01 92 8b 3d aa 61 e7 ae 2c ed
    36 cd 3a 07 86 74 3a 29 b3 d7 3a b4 00 a9 c2 f5
    92 78 0e e2 0f a3 fe bb be e0 06 53 84 59 1d 90
    69 e5 b6 f9 00 00
<<< TLS 1.2, RecordHeader [length 0005]
    17 03 03 01 19
<<< TLS 1.3, InnerContent [length 0001]
    16
<<< TLS 1.3, Handshake [length 0108], CertificateVerify
    0f 00 01 04 08 04 01 00 6e bc 0e b0 d8 70 2f ce
    47 a6 ee 01 7e 8b 2d 60 b9 49 e2 e4 e5 7c a3 ff
    38 76 66 c4 51 59 51 e0 9d 69 36 6e 21 14 f3 1e
    74 25 fa 1b 14 c4 4c f3 cf 74 28 90 09 56 52 d7
    de 7f a0 96 c3 88 8a dd aa 27 32 6d 35 f7 33 94
    f7 6c 3a 29 b4 4a e9 36 eb ec e5 98 01 6b 6f 67
    eb c4 c7 d3 03 49 05 ec 31 e4 06 18 37 f4 17 4c
    1b 8d 5f 6a e5 ca 52 b9 9f 14 46 3d ce 2f 58 94
    5d db 2d 3f 6f d2 ad 76 c3 d1 7d f6 34 60 5f f1
    af be c7 6e fe 50 c3 13 8d 06 e4 37 f8 30 4f 64
    5a 8f 1a ae 7c 15 5e e9 30 6e 53 f0 db ac 57 8c
    73 88 73 bb 48 42 ec 51 3d 1f 74 f9 72 e2 69 6d
    11 88 f0 1a de 3e 1b b1 91 ff 89 b3 dc d4 f7 ae
    fa 3b ea f2 0e 30 9b 49 71 96 01 a4 76 18 09 9e
    9d e9 fd f8 54 01 bb 1e c1 c6 e1 45 a9 1d 61 15
    61 d4 0f 63 4e 01 98 7c 0d c2 2a 7b bd 36 93 95
    1b 9e 73 86 be 3f 5a 1d
<<< TLS 1.2, RecordHeader [length 0005]
    17 03 03 00 45
<<< TLS 1.3, InnerContent [length 0001]
    16
<<< TLS 1.3, Handshake [length 0034], Finished
    14 00 00 30 ef 16 82 09 b1 d5 8f 89 1f 28 6d f2
    e4 70 46 02 c5 c4 d0 ce ac e5 c0 35 a2 24 21 76
    f5 20 ba 22 ca f9 73 72 34 89 c5 dd a2 b9 10 0e
    7f 1d 5c c5
>>> TLS 1.2, RecordHeader [length 0005]
    17 03 03 00 45
>>> TLS 1.2, InnerContent [length 0001]
    16
>>> TLS 1.3, Handshake [length 0034], Finished
    14 00 00 30 16 08 71 18 b7 b2 05 46 9c 52 50 9d
    d8 5d 94 b4 aa 25 b6 94 b3 8a 9d 80 13 e7 8f ea
    39 28 c2 30 54 23 23 15 ff f1 8d b7 80 53 ba dd
    3a fd ae 4c
---
Certificate chain
 0 s:CN=server.example
   i:CN=Root CA
   a:PKEY: RSA, 2048 (bit); sigalg: sha256WithRSAEncryption
   v:NotBefore: Jan 14 22:29:46 2016 GMT; NotAfter: Jan 15 22:29:46 2116 GMT
---
Server certificate
-----BEGIN CERTIFICATE-----
MIIDJTCCAg2gAwIBAgIBAjANBgkqhkiG9w0BAQsFADASMRAwDgYDVQQDDAdSb290
IENBMCAXDTE2MDExNDIyMjk0NloYDzIxMTYwMTE1MjIyOTQ2WjAZMRcwFQYDVQQD
DA5zZXJ2ZXIuZXhhbXBsZTCCASIwDQYJKoZIhvcNAQEBBQADggEPADCCAQoCggEB
ANVdYGrf/GHuSKqMEUhDpW22Ul2qmEmxYZI1sfw6BCUMbXn/tNXJ6VwcO+Crs7h9
o95tveDd11q/FEcRQl6mgtBhwX/dE0bmCYUHDvLU/Bpk0gqtIKsga5bwrczEGVNV
3AEdpLPvirRJU12KBRzx3OFEv8XX4ncZV1yXC3XuiENxD8pswbSyUKd3RmxYDxG/
8XYkWq45QrdRZynh0FUwbxfkkeqt+CjCQ2+iZKn7nZiSYkg+6w1PgkqK/z9y7pa1
rqHBmLrvfZB1bf9aUp6r9cB+0IdD24UHBw99OHr90dPuZR3T6jlqhzfuStPgDW71
cKzCvfFu85KVXqnwoWWVk40CAwEAAaN9MHswHQYDVR0OBBYEFMDnhL/oWSczELBS
T1FSLwbWwHrNMB8GA1UdIwQYMBaAFHB/Lq6DaFmYBCMqzes+F80k3QFJMAkGA1Ud
EwQCMAAwEwYDVR0lBAwwCgYIKwYBBQUHAwEwGQYDVR0RBBIwEIIOc2VydmVyLmV4
YW1wbGUwDQYJKoZIhvcNAQELBQADggEBAHvTBEN1ig8RrsT716Ginv4gGNX0LzGI
RrZ1jO7lm5emuaPNYJpGw0iX5Zdo91qGNXPZaZ75X3S55pQTActq3OPEBOll2pyk
iyjz+Zp/v5cfRZLlBbFW5gv2R94eibYr4U3fSn4B0yPcl4xH/l/HzJhGDsSDW8qK
8VIJvmvsPwmL0JMCv+FR59F+NFYZdND/KCXet59WUpF9ICmFCoBEX3EyJXEPwhbi
X2sdPzJbCjx0HLli8e0HUKNttLQxCsBTRGo6iISLLamwN47mGDa9miBADwGSiz2q
YeeuLO02zToHhnQ6KbPXOrQAqcL1kngO4g+j/ru+4AZThFkdkGnltvk=
-----END CERTIFICATE-----
subject=CN=server.example
issuer=CN=Root CA
---
No client certificate CA names sent
Peer signing digest: SHA256
Peer signature type: rsa_pss_rsae_sha256
Negotiated TLS1.3 group: X25519MLKEM768
---
SSL handshake has read 2546 bytes and written 1702 bytes
Verification error: unable to verify the first certificate
---
New, TLSv1.3, Cipher is TLS_AES_256_GCM_SHA384
Protocol: TLSv1.3
Server public key is 2048 bit
This TLS version forbids renegotiation.
Compression: NONE
Expansion: NONE
No ALPN negotiated
Early data was not sent
Verify return code: 21 (unable to verify the first certificate)
---
>>> TLS 1.2, RecordHeader [length 0005]
    17 03 03 00 13
>>> TLS 1.2, InnerContent [length 0001]
    15
>>> TLS 1.3, Alert [length 0002], warning close_notify
    01 00
Connecting to 127.0.0.1
SSL_connect:before SSL initialization
SSL_connect:SSLv3/TLS write client hello
SSL_connect:SSLv3/TLS write client hello
SSL_connect:SSLv3/TLS read server hello
SSL_connect:SSLv3/TLS write change cipher spec
SSL_connect:SSLv3/TLS write client hello
SSL_connect:SSLv3/TLS write client hello
SSL_connect:SSLv3/TLS read server hello
Can't use SSL_get_servername
SSL_connect:TLSv1.3 read encrypted extensions
depth=0 CN=server.example
verify error:num=20:unable to get local issuer certificate
verify return:1
depth=0 CN=server.example
verify error:num=21:unable to verify the first certificate
verify return:1
depth=0 CN=server.example
verify return:1
SSL_connect:SSLv3/TLS read server certificate
SSL_connect:TLSv1.3 read server certificate verify
SSL_connect:SSLv3/TLS read finished
SSL_connect:SSLv3/TLS write finished
DONE
SSL3 alert write:warning:close notify
