CONNECTED(00000003)
>>> TLS 1.0, RecordHeader [length 0005]
    16 03 01 00 d6
>>> TLS 1.3, Handshake [length 00d6], ClientHello
    01 00 00 d2 03 03 2b aa bd 18 f4 99 f5 2a 9c 71
    0c 9c e5 7f 81 91 c7 83 a4 3e bc 55 19 0f 51 b6
    f8 9e b5 32 5c d9 20 b2 57 4b 85 81 e8 b3 dd 02
    54 bd b4 4f 99 8c 21 97 b2 b0 f7 d3 f0 85 4e c3
    48 46 95 a2 2f 98 72 00 06 13 02 13 03 13 01 01
    00 00 83 00 0b 00 04 03 00 01 02 00 0a 00 06 00
    04 00 1d 11 ec 00 23 00 00 00 16 00 00 00 17 00
    00 00 0d 00 2a 00 28 09 05 09 06 09 04 04 03 05
    03 06 03 08 07 08 08 08 1a 08 1b 08 1c 08 09 08
    0a 08 0b 08 04 08 05 08 06 04 01 05 01 06 01 00
    2b 00 03 02 03 04 00 2d 00 02 01 01 00 33 00 26
    00 24 00 1d 00 20 20 c7 34 e0 23 b7 06 4c d3 cd
    09 09 dc 98 0b fb 32 a6 c7 1d 6b c6 5b 4d 40 98
    54 b4 66 fe e1 24
<<< TLS 1.2, RecordHeader [length 0005]
    16 03 03 00 58
<<< TLS 1.3, Handshake [length 0058], ServerHello
    02 00 00 54 03 03 cf 21 ad 74 e5 9a 61 11 be 1d
    8c 02 1e 65 b8 91 c2 a2 11 16 7a bb 8c 5e 07 9e
    09 e2 c8 a8 33 9c 20 b2 57 4b 85 81 e8 b3 dd 02
    54 bd b4 4f 99 8c 21 97 b2 b0 f7 d3 f0 85 4e c3
    48 46 95 a2 2f 98 72 13 02 00 00 0c 00 2b 00 02
    03 04 00 33 00 02 11 ec
>>> TLS 1.2, RecordHeader [length 0005]
    14 03 03 00 01
>>> TLS 1.3, ChangeCipherSpec [length 0001]
    01
>>> TLS 1.2, RecordHeader [length 0005]
    16 03 03 05 76
>>> TLS 1.3, Handshake [length 0576], ClientHello
    01 00 05 72 03 03 2b aa bd 18 f4 99 f5 2a 9c 71
    0c 9c e5 7f 81 91 c7 83 a4 3e bc 55 19 0f 51 b6
    f8 9e b5 32 5c d9 20 b2 57 4b 85 81 e8 b3 dd 02
    54 bd b4 4f 99 8c 21 97 b2 b0 f7 d3 f0 85 4e c3
    48 46 95 a2 2f 98 72 00 06 13 02 13 03 13 01 01
    00 05 23 00 0b 00 04 03 00 01 02 00 0a 00 06 00
    04 00 1d 11 ec 00 23 00 00 00 16 00 00 00 17 00
    00 00 0d 00 2a 00 28 09 05 09 06 09 04 04 03 05
    03 06 03 08 07 08 08 08 1a 08 1b 08 1c 08 09 08
    0a 08 0b 08 04 08 05 08 06 04 01 05 01 06 01 00
    2b 00 03 02 03 04 00 2d 00 02 01 01 00 33 04 c6
    04 c4 11 ec 04 c0 11 87 0e 3a 57 70 8b 14 0f c6
    2b be 60 d2 70 20 f1 93 05 c7 86 50 c9 ca 99 57
    36 58 09 d0 f6 f2 83 50 ea 49 3c f6 cf 77 3c 58
    74 2a 88 4d 96 32 fc f3 8b 66 8b bc 37 35 1d a6
    85 78 5c 30 4d e2 91 99 f4 3c 7c eb d4 ab 26 48
    05 fb 34 28 71 74 ca b2 a1 19 e4 65 29 17 b4 2d
    b4 d6 50 b6 54 57 6c c1 64 b7 75 4d 2a a0 5d 29
    a9 14 dc d4 6f 59 11 3e dd f5 0b c1 a3 19 e0 37
    b3 e3 53 0f bb 7c 5e c3 03 aa 99 a6 a1 c5 d0 4b
    e3 05 33 a8 45 ae 9e 8c c7 17 82 c2 e9 f9 0e 16
    60 af 5b c1 22 8b 30 ab fa 0a 8f b5 cb 27 4d 16
    5f 54 e0 ce 56 68 5c 5f 22 c6 1a 83 a4 c0 c2 31
    8f 0c 2b 09 60 6f c3 79 9f f7 95 4a 70 3c be 16
    e1 4d 64 22 0e da 84 be fa 89 af 0d aa 25 84 9a
    65 27 0c 47 57 48 91 f5 fa 10 99 e1 79 67 a6 56
    fc 68 17 8b 3b ca 1b d1 19 1d 3c 9f 39 18 1c c4
    75 a9 20 d5 a4 4b 07 9c da 27 84 e0 80 98 14 7c
    be 7c 6c 11 28 97 99 75 61 7a 00 0d be 1d 7c 22
    58 61 8d de ea c8 c4 6a 23 31 67 93 1e 65 28 fd
    e1 71 22 7a 8b 5a fc 86 29 6c 39 d4 0c b7 00 cb
    92 d4 16 b7 93 c9 0a 9f 35 40 45 d0 71 54 68 34
    35 39 cd 80 02 94 f7 d2 82 9f 88 b2 4a e2 68 bc
    a5 31 a2 c4 18 d7 52 58 bd fc 41 70 56 9e 9c 93
    3e 90 5b 4f 76 82 54 48 a6 84 ca 87 20 2e 95 2b
    3c 44 ac cf d5 2a 76 66 b5 77 45 0f 44 12 4f a2
    06 06 f4 b1 04 70 25 68 8e 0a 91 5c 97 5b fa bb
    c6 33 ab 5e a0 74 41 e6 97 33 ff 65 bc ee e0 c1
    3c 5b 21 41 a3 cc eb e9 07 4b d5 89 3c f5 8b db
    98 c4 9c 26 c4 b0 89 35 3b f5 84 8d 03 9b 39 6a
    09 4f 22 30 8e e8 c5 6e 59 7d ee 22 20 d8 eb 01
    d6 09 8f 80 e6 37 f3 c2 4c 0d 83 ab 27 d9 4a f9
    aa 7e 19 f8 30 bc 86 1c a7 98 46 ab 1c 31 09 37
    b9 f9 2b 7f df 80 6f 1f 08 1b 37 85 5c 62 83 4e
    37 34 ad 38 07 9a 4e 1b 6e 96 0b 09 4a e0 98 33
    b0 16 12 b4 9a 60 89 bd 09 d0 a7 f4 e5 63 96 36
    33 48 c5 28 d4 33 86 2d 37 49 a1 73 86 c9 19 9b
    ca a7 1b 54 5b 82 98 20 61 61 5b 06 bd 71 08 2c
    d3 bc bc 0b 74 d7 a2 13 74 89 c1 c0 e2 2d 53 e2
    46 92 63 1c 3f 41 70 7a c3 50 e5 ec 49 30 12 5d
    e3 88 3a 9b 8a 31 3e 53 3c 09 91 55 ab 6c 95 97
    5c 2a af 38 56 d4 75 c6 5d 6a 76 5f db 7f 3a b3
    aa 18 33 8e 35 c4 b8 24 4a b3 48 98 0e 98 9c c5
    f3 7c 4c 3c 12 47 46 c6 b9 98 b4 1a fd 9a 11 97
    86 27 43 82 30 a7 7a 1f 2f bb bf 09 83 a2 c0 75
    50 84 8a cb 7d e6 87 a5 e2 22 a6 81 a0 e4 da 07
    a2 10 47 66 30 8c f5 61 84 91 b8 7b c9 71 17 14
    e0 7e 36 d1 b8 c9 86 4a 52 20 85 23 f7 2d 8f 27
    6d 6f 20 79 72 76 96 34 6a a1 90 46 0a ca 46 65
    d7 c9 4d 8e e0 71 38 f9 29 e6 41 5c b5 07 0b 0d
    b7 0c 89 14 31 c2 4c 4f 42 f5 6a 6a 9a 5a 3d c1
    68 72 da 44 b7 c8 3b e5 87 83 32 59 7d 5f 02 57
    5d fb 9e e3 b1 65 c2 68 1c f5 92 c7 50 95 a4 3c
    e3 59 06 9a 59 27 83 68 e8 62 0a e8 0b a3 71 02
    49 78 f0 0f aa 6b 3b 74 05 67 db e6 40 0d b2 24
    8b 23 3c 9a 7a 18 b6 28 80 6d 12 a5 c5 e4 44 f5
    db 21 b4 d9 2d 58 74 a9 49 b3 6a e9 36 36 0f fb
    a5 e3 ec 0b 16 73 ad 1f 55 98 ff 62 17 af 86 b6
    f0 77 1d 86 95 ca f1 64 75 d6 62 cd 79 c8 b3 86
    42 27 3d d8 7f c3 b1 c5 c7 44 45 ac f6 59 eb 63
    3a 31 48 b9 e5 14 58 f0 b0 13 a1 a4 b2 79 fa 06
    c4 28 98 4c b7 6e 88 35 15 57 f1 6f 4a d8 b4 17
    e8 01 3f 30 91 f0 98 19 8d 68 b6 6e b3 5c 7a 0b
    5c 24 2b 59 1a a4 1a 52 87 41 fd 35 29 fd 77 5d
    cd 4a 64 af 96 99 ad 89 1c 06 29 86 bd c3 01 94
    b8 92 a9 73 87 94 d7 c9 69 b1 0d 2c a0 99 a6 d3
    50 88 b2 47 15 b8 27 1e b5 68 56 a6 a7 2c e7 96
    bb c7 18 4f d3 7b 3e 01 37 3f 7a 5a 88 3c 85 15
    b0 34 69 ba 84 f8 00 4f de 19 18 76 08 7e f1 02
    5f 28 58 c3 76 b3 b5 3f 46 66 67 e8 0e 9f e1 c8
    2d 83 05 36 e2 0b 1e 60 79 fc 44 89 a9 36 97 b7
    c0 31 1c ec 02 2d ab 94 7a 49 1e 82 61 8f 5f 2b
    a3 19 3c 7d 8d 04 17 82 1a 31 26 41 39 be d0 58
    46 ca b0 43 95 7a 2a 7f ee a3 f2 61 c0 78 f3 3c
    7f 58 4d 8e 76 31 d1 3f 08 8e de 85 51 0b 86 73
    c3 98 ee 6e f8 ac 41 22 f5 78 cf 66 51 e7 60 14
    41 13 d0 f3 50 b8 36 e7 70 0b df 52 ff e5 a0 87
    35 03 3f 64 c0 3b
<<< TLS 1.2, RecordHeader [length 0005]
    14 03 03 00 01
<<< TLS 1.3, ChangeCipherSpec [length 0001]
    01
<<< TLS 1.2, RecordHeader [length 0005]
    16 03 03 04 ba
<<< TLS 1.3, Handshake [length 04ba], ServerHello
    02 00 04 b6 03 03 83 e9 b7 9f a4 08 2a 04 11 2f
    ca 78 29 35 2d 8e a0 db d1 d7 01 12 e2 ae 26 cb
    ae 87 97 36 e1 81 20 b2 57 4b 85 81 e8 b3 dd 02
    54 bd b4 4f 99 8c 21 97 b2 b0 f7 d3 f0 85 4e c3
    48 46 95 a2 2f 98 72 13 02 00 04 6e 00 2b 00 02
    03 04 00 33 04 64 11 ec 04 60 b5 eb 47 e8 dd 18
    eb 08 f0 31 10 27 83 af c2 f5 3d a9 00 fa da 0c
    09 cb bb 69 dd 73 01 19 78 5f e1 be a1 e5 a0 e9
    00 34 35 03 65 a0 0e 4d 8b 13 8f da 46 c8 3e 21
    a9 0c 83 30 6a be e0 69 17 c0 4f b8 25 cb c5 c4
    ca a2 b2 34 b9 0d d7 24 b1 c4 03 ce e9 78 dd c9
    0d 5c 51 20 b5 7f 5e 7c 48 39 ee 8c 6f 08 87 23
    f4 45 b4 b1 cc b6 fb 86 eb 4f 56 e7 20 b9 49 31
    68 dc 93 c7 69 6d 2a 63 ba 20 e7 17 26 50 03 b4
    0d 1c ed dc f4 61 09 e9 08 c6 d2 20 92 26 52 cb
    cf a1 e7 6e f1 d4 32 9b 7e 25 f5 0c 45 23 80 fd
    f9 32 cc 13 d0 f0 11 ba 82 64 14 fd 19 89 db 85
    91 58 20 d6 f3 a9 8f 16 20 0b 3b d1 92 11 0c 9f
    55 a0 f3 fb 71 93 65 c3 29 16 43 3c 3b 50 bb e3
    e0 b6 1d 61 50 0f 5a 91 e4 7d fd fe 35 cc 96 14
    8e a7 5c 9a 59 7f 3d 18 11 bc 56 a4 80 88 01 cc
    ce c6 01 38 b4 c1 64 60 14 dd b1 a6 37 d5 58 5c
    8f 88 99 76 96 1d 49 66 bd 28 cd 83 a8 59 b7 53
    ec 3c fd 04 aa a6 58 0e 31 3a e7 c1 e0 4a 2c cb
    b8 5f f5 d2 31 8c 66 12 96 7b 5c 11 20 a4 a1 27
    cb 4e d4 71 cc cf 24 1e 7d 52 18 3f 49 a3 47 56
    68 c6 35 60 11 79 8f 44 db 88 7e 73 c2 21 6c 9a
    30 f0 d5 84 5b aa 19 02 7b 23 6e 2d 65 1c 25 e5
    fe e3 17 fd 4d d2 e6 df 36 52 45 5a b6 3d 02 60
    27 6d f9 52 d3 41 e4 23 5f fc ba 96 6b b0 b2 68
    fd 86 62 88 95 68 f0 0d 6c bf b7 d6 c3 a9 8c 36
    87 5d d0 d7 89 b4 86 ff 62 2e 55 aa b4 b7 09 df
    70 f0 26 75 09 d2 ea d8 c5 76 ea 12 71 6f 19 ce
    c6 3e 79 a8 5a 7e 47 3f 8c 57 e2 b9 a4 75 90 38
    92 96 f3 b5 ec 3d 0a 58 08 60 33 58 f7 bf 84 42
    03 8e 81 7e ac a3 f6 2a 96 ed 97 9c b9 d5 e4 c5
    5a 79 ab 16 71 c4 ee 91 56 47 7c 92 09 ea 2b 9c
    0e 7d df 02 6c d2 cf d2 2d d2 d4 50 78 1d ca 9f
    ef d9 96 7a 52 26 28 15 91 02 a1 4b 10 35 bd 91
    49 e6 cc 3d 23 5a 94 ad 2f f5 22 3a c2 24 34 73
    e2 23 d4 ce f7 4c 13 82 ae 07 07 ed 7e 5e c1 75
    ef 1b cd 22 a7 3b ab 41 fc ec 0b dd 2c 99 43 45
    2a 80 98 97 bb 17 c4 68 90 0d dc fe 52 98 d8 d9
    78 64 28 b6 01 1d 48 23 18 1e 26 ca 0b c0 2f 3a
    23 f8 a1 fe 90 66 eb 5a 4e 95 1b 5c c0 c7 f5 79
    71 cc 66 3c 21 bf 8e 1f 3e 0f cf 32 17 e3 98 76
    63 02 85 59 09 66 0e 2f da c2 5e 95 42 74 b4 6f
    c4 e8 75 2b f7 c8 55 9b d0 b9 f7 99 51 8e 19 bc
    88 8d e2 fb b3 6c 09 39 2e 23 c7 d6 6e 9b 1c 49
    96 0b d4 c9 4d 7a 96 b3 77 8f e4 6c 54 5c a5 6b
    f2 58 22 fb c8 bf f4 6b ee 24 4e 78 4c bf 16 50
    2c b8 c6 15 59 b8 34 a5 0b e6 79 72 2a ad 36 8c
    ca ff b9 90 d5 0a e1 4b 41 87 fa 5d a7 75 2d c3
    2a 56 c5 6c d6 c1 9e 44 47 4f 8d 01 58 7f b4 37
    5b ce c6 d0 86 98 08 c6 a1 47 1b 6b ba 55 48 22
    2b 51 ed 41 77 ee 3c ea c9 9c 1f 06 f7 9f 00 f0
    f9 b5 1d f1 3d 63 2d f7 2a db 16 03 b1 bc 11 59
    b8 36 28 d7 5a 08 b7 40 f2 cc 27 0b 1d 1b 47 f9
    dd 84 f8 d5 48 05 a2 be 92 dc 12 82 00 bf aa 32
    70 db e7 d6 b1 52 84 15 3e be 1f d8 a1 6e 5d 90
    08 a2 58 4f 94 09 de 5c 19 73 b3 7a 3a bc 25 b4
    95 82 bd 48 56 19 a8 98 7d e5 a0 8c 98 8e de 97
    79 99 81 4a c3 df eb a4 cf 31 06 b4 e6 7d 2c ba
    b1 1e fc d5 f5 20 fb cd 69 86 76 45 8e 05 03 39
    02 29 93 09 14 09 ba 66 ab 57 8c fc 61 1e d8 cc
    9f bd 99 20 65 77 5a f7 4c a7 4f 2d 78 05 b5 89
    05 87 df 04 af 36 e8 bc 11 6b ae 90 08 30 da 47
    43 a3 86 20 48 0e 27 a8 d1 05 d1 68 b1 4a f8 5e
    4c 47 54 60 04 25 b1 31 aa 71 96 0b 57 32 57 dd
    db 13 14 59 ad ed cc 19 59 89 fd f2 54 5b e1 38
    99 52 13 9b ef e9 99 11 aa 92 4f 87 ea 6e 58 82
    b6 df 4b 58 b7 5f b5 80 66 59 8b c4 1a 60 b7 55
    15 cd bd d6 c6 56 58 72 59 52 73 e2 55 3e c3 63
    aa 63 ca f0 55 41 d3 8b 95 73 ce dc 2f 63 c4 39
    be 72 ff f0 30 5c 9f 1d 43 8b 5b e5 a6 9f 59 61
    de ee f0 1c 18 67 d5 61 cc 5f
<<< TLS 1.2, RecordHeader [length 0005]
    17 03 03 00 17
<<< TLS 1.3, InnerContent [length 0001]
    16
<<< TLS 1.3, Handshake [length 0006], EncryptedExtensions
    08 00 00 02 00 00
<<< TLS 1.2, RecordHeader [length 0005]
    17 03 03 03 47
<<< TLS 1.3, InnerContent [length 0001]
    16
<<< TLS 1.3, Handshake [length 0336], Certificate
    0b 00 03 32 00 00 03 2e 00 03 29 30 82 03 25 30
    82 02 0d a0 03 02 01 02 02 01 02 30 0d 06 09 2a
    86 48 86 f7 0d 01 01 0b 05 00 30 12 31 10 30 0e
    06 03 55 04 03 0c 07 52 6f 6f 74 20 43 41 30 20
    17 0d 31 36 30 31 31 34 32 32 32 39 34 36 5a 18
    0f 32 31 31 36 30 31 31 35 32 32 32 39 34 36 5a
    30 19 31 17 30 15 06 03 55 04 03 0c 0e 73 65 72
    76 65 72 2e 65 78 61 6d 70 6c 65 30 82 01 22 30
    0d 06 09 2a 86 48 86 f7 0d 01 01 01 05 00 03 82
    01 0f 00 30 82 01 0a 02 82 01 01 00 d5 5d 60 6a
    df fc 61 ee 48 aa 8c 11 48 43 a5 6d b6 52 5d aa
    98 49 b1 61 92 35 b1 fc 3a 04 25 0c 6d 79 ff b4
    d5 c9 e9 5c 1c 3b e0 ab b3 b8 7d a3 de 6d bd e0
    dd d7 5a bf 14 47 11 42 5e a6 82 d0 61 c1 7f dd
    13 46 e6 09 85 07 0e f2 d4 fc 1a 64 d2 0a ad 20
    ab 20 6b 96 f0 ad cc c4 19 53 55 dc 01 1d a4 b3
    ef 8a b4 49 53 5d 8a 05 1c f1 dc e1 44 bf c5 d7
    e2 77 19 57 5c 97 0b 75 ee 88 43 71 0f ca 6c c1
    b4 b2 50 a7 77 46 6c 58 0f 11 bf f1 76 24 5a ae
    39 42 b7 51 67 29 e1 d0 55 30 6f 17 e4 91 ea ad
    f8 28 c2 43 6f a2 64 a9 fb 9d 98 92 62 48 3e eb
    0d 4f 82 4a 8a ff 3f 72 ee 96 b5 ae a1 c1 98 ba
    ef 7d 90 75 6d ff 5a 52 9e ab f5 c0 7e d0 87 43
    db 85 07 07 0f 7d 38 7a fd d1 d3 ee 65 1d d3 ea
    39 6a 87 37 ee 4a d3 e0 0d 6e f5 70 ac c2 bd f1
    6e f3 92 95 5e a9 f0 a1 65 95 93 8d 02 03 01 00
    01 a3 7d 30 7b 30 1d 06 03 55 1d 0e 04 16 04 14
    c0 e7 84 bf e8 59 27 33 10 b0 52 4f 51 52 2f 06
    d6 c0 7a cd 30 1f 06 03 55 1d 23 04 18 30 16 80
    14 70 7f 2e ae 83 68 59 98 04 23 2a cd eb 3e 17
    cd 24 dd 01 49 30 09 06 03 55 1d 13 04 02 30 00
    30 13 06 03 55 1d 25 04 0c 30 0a 06 08 2b 06 01
    05 05 07 03 01 30 19 06 03 55 1d 11 04 12 30 10
    82 0e 73 65 72 76 65 72 2e 65 78 61 6d 70 6c 65
    30 0d 06 09 2a 86 48 86 f7 0d 01 01 0b 05 00 03
    82 01 01 00 7b d3 04 43 75 8a 0f 11 ae c4 fb d7
    a1 a2 9e fe 20 18 d5 f4 2f 31 88 46 b6 75 8c ee
    e5 9b 97 a6 b9 a3 cd 60 9a 46 c3 48 97 e5 97 68
    f7 5a 86 35 73 d9 69 9e f9 5f 74 b9 e6 94 13 01
    cb 6a dc e3 c4 04 e9 65 da 9c a4 8b 28 f3 f9 9a
    7f bf 97 1f 45 92 e5 05 b1 56 e6 0b f6 47 de 1e
    89 b6 2b e1 4d df 4a 7e 01 d3 23 dc 97 8c 47 fe
    5f c7 cc 98 46 0e c4 83 5b ca 8a f1 52 09 be 6b
    ec 3f 09 8b d0 93 02 bf e1 51 e7 d1 7e 34 56 19
    74 d0 ff 28 25 de b7 9f 56 52 91 7d 20 29 85 0a
    80 44 5f 71 32 25 71 0f c2 16 e2 5f 6b 1d 3f 32
    5b 0a 3c 74 1c b9 62 f1 ed 07 50 a3 6d b4 b4 31
    0a c0 53 44 6a 3a 88 84 8b 2d a9 b0 37 8e e6 18
    36 bd 9a 20 40 0f 01 92 8b 3d aa 61 e7 ae 2c ed
    36 cd 3a 07 86 74 3a 29 b3 d7 3a b4 00 a9 c2 f5
    92 78 0e e2 0f a3 fe bb be e0 06 53 84 59 1d 90
    69 e5 b6 f9 00 00
<<< TLS 1.2, RecordHeader [length 0005]
    17 03 03 01 19
<<< TLS 1.3, InnerContent [length 0001]
    16
<<< TLS 1.3, Handshake [length 0108], CertificateVerify
    0f 00 01 04 08 04 01 00 12 c0 15 85 56 9f 89 69
    c2 a7 57 fa c1 8c ef f6 73 c9 2e 25 a6 d2 bf 2f
    6e 04 f5 a8 e5 cb a7 54 a5 27 7b 61 59 32 32 19
    7a ef f3 b3 d7 5e 26 19 d2 f0 bd b5 f3 ab 41 d5
    17 07 ea db 7f 35 85 c0 66 6f 93 f2 48 14 14 a5
    c5 8b 07 1d 9d 64 26 67 c6 31 f8 ec 08 79 71 3f
    6f 7d 8d c1 90 7f 60 bc f4 61 3e 62 80 8d 66 3f
    80 f0 03 b5 29 1b e7 20 4b ac ab 6f 2b 8e 17 c1
    c0 08 f9 60 e6 ff f1 a5 d0 65 44 bb 73 5e 42 86
    5b d7 6d 8c 12 4b 99 7f 2d 26 92 61 7e 49 5b bf
    9b 02 ec 14 a5 c4 80 06 08 87 40 f9 3e 14 ca b6
    7e cd c7 95 98 fe ba da c0 23 5b 0c d9 42 cd ae
    2c fa 99 47 5d 71 e5 ab a8 9b ef 39 df 04 c6 cb
    43 d6 82 f6 9d 7a 92 da 81 7b 09 01 f6 1e 21 02
    ee 10 2d a9 af af e6 85 ec 93 ac 2c cc bb 36 22
    c2 a9 b9 bb b6 0b 91 24 79 17 d2 5d 62 7c 8a 40
    90 79 2b 5a 0e 18 72 4c
<<< TLS 1.2, RecordHeader [length 0005]
    17 03 03 00 45
<<< TLS 1.3, InnerContent [length 0001]
    16
<<< TLS 1.3, Handshake [length 0034], Finished
    14 00 00 30 d8 0d f6 92 0f 56 e6 ee 92 43 31 f0
    11 17 b0 af 3d 7f 4f 15 7f dc 87 9e 8d 50 b6 0d
    d2 1f 01 c0 5f ee ea 8e 5f 3a df f3 8d f2 2d ca
    e7 13 6d b5
>>> TLS 1.2, RecordHeader [length 0005]
    17 03 03 00 45
>>> TLS 1.2, InnerContent [length 0001]
    16
>>> TLS 1.3, Handshake [length 0034], Finished
    14 00 00 30 86 ae bb 5b 1d 35 7e 0b 2d 00 f0 b3
    dc b6 ff fa be 13 d7 d0 80 9e ca 7f 9d e4 4c 90
    00 a2 e0 da a1 09 9e 73 a3 fb c2 a4 08 89 c0 71
    91 15 9f 76
---
Certificate chain
 0 s:CN=server.example
   i:CN=Root CA
   a:PKEY: RSA, 2048 (bit); sigalg: sha256WithRSAEncryption
   v:NotBefore: Jan 14 22:29:46 2016 GMT; NotAfter: Jan 15 22:29:46 2116 GMT
---
Server certificate
-----BEGIN CERTIFICATE-----
MIIDJTCCAg2gAwIBAgIBAjANBgkqhkiG9w0BAQsFADASMRAwDgYDVQQDDAdSb290
IENBMCAXDTE2MDExNDIyMjk0NloYDzIxMTYwMTE1MjIyOTQ2WjAZMRcwFQYDVQQD
DA5zZXJ2ZXIuZXhhbXBsZTCCASIwDQYJKoZIhvcNAQEBBQADggEPADCCAQoCggEB
ANVdYGrf/GHuSKqMEUhDpW22Ul2qmEmxYZI1sfw6BCUMbXn/tNXJ6VwcO+Crs7h9
o95tveDd11q/FEcRQl6mgtBhwX/dE0bmCYUHDvLU/Bpk0gqtIKsga5bwrczEGVNV
3AEdpLPvirRJU12KBRzx3OFEv8XX4ncZV1yXC3XuiENxD8pswbSyUKd3RmxYDxG/
8XYkWq45QrdRZynh0FUwbxfkkeqt+CjCQ2+iZKn7nZiSYkg+6w1PgkqK/z9y7pa1
rqHBmLrvfZB1bf9aUp6r9cB+0IdD24UHBw99OHr90dPuZR3T6jlqhzfuStPgDW71
cKzCvfFu85KVXqnwoWWVk40CAwEAAaN9MHswHQYDVR0OBBYEFMDnhL/oWSczELBS
T1FSLwbWwHrNMB8GA1UdIwQYMBaAFHB/Lq6DaFmYBCMqzes+F80k3QFJMAkGA1Ud
EwQCMAAwEwYDVR0lBAwwCgYIKwYBBQUHAwEwGQYDVR0RBBIwEIIOc2VydmVyLmV4
YW1wbGUwDQYJKoZIhvcNAQELBQADggEBAHvTBEN1ig8RrsT716Ginv4gGNX0LzGI
RrZ1jO7lm5emuaPNYJpGw0iX5Zdo91qGNXPZaZ75X3S55pQTActq3OPEBOll2pyk
iyjz+Zp/v5cfRZLlBbFW5gv2R94eibYr4U3fSn4B0yPcl4xH/l/HzJhGDsSDW8qK
8VIJvmvsPwmL0JMCv+FR59F+NFYZdND/KCXet59WUpF9ICmFCoBEX3EyJXEPwhbi
X2sdPzJbCjx0HLli8e0HUKNttLQxCsBTRGo6iISLLamwN47mGDa9miBADwGSiz2q
YeeuLO02zToHhnQ6KbPXOrQAqcL1kngO4g+j/ru+4AZThFkdkGnltvk=
-----END CERTIFICATE-----
subject=CN=server.example
issuer=CN=Root CA
---
No client certificate CA names sent
Peer signing digest: SHA256
Peer signature type: rsa_pss_rsae_sha256
Negotiated TLS1.3 group: X25519MLKEM768
---
SSL handshake has read 2546 bytes and written 1702 bytes
Verification error: unable to verify the first certificate
---
New, TLSv1.3, Cipher is TLS_AES_256_GCM_SHA384
Protocol: TLSv1.3
Server public key is 2048 bit
This TLS version forbids renegotiation.
Compression: NONE
Expansion: NONE
No ALPN negotiated
Early data was not sent
Verify return code: 21 (unable to verify the first certificate)
---
>>> TLS 1.2, RecordHeader [length 0005]
    17 03 03 00 13
>>> TLS 1.2, InnerContent [length 0001]
    15
>>> TLS 1.3, Alert [length 0002], warning close_notify
    01 00
Connecting to 127.0.0.1
SSL_connect:before SSL initialization
SSL_connect:SSLv3/TLS write client hello
SSL_connect:SSLv3/TLS write client hello
SSL_connect:SSLv3/TLS read server hello
SSL_connect:SSLv3/TLS write change cipher spec
SSL_connect:SSLv3/TLS write client hello
SSL_connect:SSLv3/TLS write client hello
SSL_connect:SSLv3/TLS read server hello
Can't use SSL_get_servername
SSL_connect:TLSv1.3 read encrypted extensions
depth=0 CN=server.example
verify error:num=20:unable to get local issuer certificate
verify return:1
depth=0 CN=server.example
verify error:num=21:unable to verify the first certificate
verify return:1
depth=0 CN=server.example
verify return:1
SSL_connect:SSLv3/TLS read server certificate
SSL_connect:TLSv1.3 read server certificate verify
SSL_connect:SSLv3/TLS read finished
SSL_connect:SSLv3/TLS write finished
DONE
SSL3 alert write:warning:close notify
