CONNECTED(00000003)
>>> TLS 1.0, RecordHeader [length 0005]
    16 03 01 00 d6
>>> TLS 1.3, Handshake [length 00d6], ClientHello
    01 00 00 d2 03 03 95 e4 e0 5d 5c 6a 18 36 90 c8
    34 76 69 87 dd d4 34 7b 46 4e c1 ca 69 0c 83 13
    46 cf 4c 18 5a 18 20 d6 36 f8 17 86 70 97 89 a0
    d8 59 c8 ff 2a 19 0d 3e 4a aa 3a 02 c7 b4 c8 b1
    c8 f9 24 3d 82 12 e6 00 06 13 02 13 03 13 01 01
    00 00 83 00 0b 00 04 03 00 01 02 00 0a 00 06 00
    04 00 1d 11 ec 00 23 00 00 00 16 00 00 00 17 00
    00 00 0d 00 2a 00 28 09 05 09 06 09 04 04 03 05
    03 06 03 08 07 08 08 08 1a 08 1b 08 1c 08 09 08
    0a 08 0b 08 04 08 05 08 06 04 01 05 01 06 01 00
    2b 00 03 02 03 04 00 2d 00 02 01 01 00 33 00 26
    00 24 00 1d 00 20 8e 7d 33 51 76 69 d5 af 71 6b
    d4 46 8e d5 44 4b fc e8 22 33 ff c7 e8 e7 e6 95
    fe 93 56 84 ef 4b
<<< TLS 1.2, RecordHeader [length 0005]
    16 03 03 00 58
<<< TLS 1.3, Handshake [length 0058], ServerHello
    02 00 00 54 03 03 cf 21 ad 74 e5 9a 61 11 be 1d
    8c 02 1e 65 b8 91 c2 a2 11 16 7a bb 8c 5e 07 9e
    09 e2 c8 a8 33 9c 20 d6 36 f8 17 86 70 97 89 a0
    d8 59 c8 ff 2a 19 0d 3e 4a aa 3a 02 c7 b4 c8 b1
    c8 f9 24 3d 82 12 e6 13 02 00 00 0c 00 2b 00 02
    03 04 00 33 00 02 11 ec
>>> TLS 1.2, RecordHeader [length 0005]
    14 03 03 00 01
>>> TLS 1.3, ChangeCipherSpec [length 0001]
    01
>>> TLS 1.2, RecordHeader [length 0005]
    16 03 03 05 76
>>> TLS 1.3, Handshake [length 0576], ClientHello
    01 00 05 72 03 03 95 e4 e0 5d 5c 6a 18 36 90 c8
    34 76 69 87 dd d4 34 7b 46 4e c1 ca 69 0c 83 13
    46 cf 4c 18 5a 18 20 d6 36 f8 17 86 70 97 89 a0
    d8 59 c8 ff 2a 19 0d 3e 4a aa 3a 02 c7 b4 c8 b1
    c8 f9 24 3d 82 12 e6 00 06 13 02 13 03 13 01 01
    00 05 23 00 0b 00 04 03 00 01 02 00 0a 00 06 00
    04 00 1d 11 ec 00 23 00 00 00 16 00 00 00 17 00
    00 00 0d 00 2a 00 28 09 05 09 06 09 04 04 03 05
    03 06 03 08 07 08 08 08 1a 08 1b 08 1c 08 09 08
    0a 08 0b 08 04 08 05 08 06 04 01 05 01 06 01 00
    2b 00 03 02 03 04 00 2d 00 02 01 01 00 33 04 c6
    04 c4 11 ec 04 c0 cb fc 74 be 2c 60 aa 4c 9e 36
    89 b9 a6 12 5a ab b8 7a 7c cc 25 47 cc 31 76 1c
    8e aa 27 3d 6f 6b bc eb 05 40 e8 8a 5e bc 6a c4
    3c 4c c1 9b 63 3a 3b 12 38 8e 5c 4b c0 2a 74 0d
    70 27 f4 91 14 34 32 41 94 31 04 25 91 0e d0 52
    b6 e7 9c 3a ea 4a 02 f8 21 99 fb f9 c8 0c c7 2f
    e7 12 c1 93 fb 88 92 69 64 73 4a 42 2c c5 87 5f
    e7 48 c7 a4 01 c4 eb 04 da 07 70 e4 79 70 f0 83
    8c b5 8a 03 88 9c 0e 35 0b 2c de 5b 5c ac f7 a6
    70 14 87 66 f0 53 84 e7 82 fa eb 33 5e c2 56 88
    ab 61 f6 a2 60 3b 51 3e cb e5 2c fd 38 89 26 66
    c5 09 02 7f 18 b9 18 7c 84 18 7e 51 bd ba d7 18
    03 a9 74 3a 39 32 7a 24 c3 11 b6 6e 3f f0 15 f8
    ec 79 cd f7 9f cc 9a cf e5 15 5c f3 cb 31 22 71
    cc 1e 06 84 33 d1 b7 91 43 49 5f 11 6c 6c f3 b2
    4f 34 aa b5 05 a1 c0 70 43 22 1b bf bd e0 c4 d2
    ab 42 72 d3 2c b6 1c 02 be 3b 39 94 1c ba b1 77
    06 17 90 51 44 d1 45 d7 76 4a e3 1b c3 ad 11 28
    1b b5 82 de f9 7a 2e e2 69 63 e9 14 a5 68 ce f6
    b1 3f 96 da 08 34 37 2c 5b 26 5f 8c d5 15 cf 49
    8c 00 6d 9d 34 70 89 94 46 36 d6 01 5f a4 87 2e
    21 51 89 d3 27 86 0f 12 1c c6 26 33 cb d8 ca 52
    2a 88 9d 48 7c 0e e3 03 95 da af 15 d0 6e a9 07
    a5 18 33 6c 44 14 85 ad 55 75 d9 b2 0a e0 e7 64
    ce 85 1f 91 93 24 4e 21 49 15 17 cd cd 9a 58 62
    bc 25 b9 71 75 47 10 be ef 58 9c 3b cb 23 c6 b3
    39 74 5b 58 e1 61 4d 80 7a 29 c7 fb 41 09 03 70
    d3 3b 55 a5 64 4b e7 c3 b1 a3 67 7a f9 40 38 95
    0b 53 7a f0 09 28 f7 79 0f 8c 7a d1 86 40 eb 45
    58 f2 42 11 91 99 21 c5 bb c2 ff 5c 2c 78 50 b0
    53 84 5f f5 c8 27 d7 08 be b8 ea 71 7a 46 a8 03
    e1 59 2f 45 2e 3b 01 8d a6 23 54 4d a4 7d 50 7b
    7b 3a 24 9c 9a 6c 5a 95 4c 43 4a c8 bf 09 f4 c0
    46 e5 80 25 b4 a1 31 68 86 2f 44 01 6d 87 27 80
    60 0e 40 f6 23 85 b5 0f 69 a9 08 67 35 33 a6 38
    c0 1f f4 aa f6 3a 79 08 15 10 83 96 72 e4 38 50
    73 f3 5d 6f 84 76 9b f6 b9 a3 54 96 e5 17 4d 3c
    0a b0 e0 f2 72 74 d9 76 cd e9 05 8b 26 54 49 62
    7c 93 c9 21 01 22 b2 a8 23 1b d9 87 04 13 e1 59
    e0 66 c2 97 02 74 73 27 01 6a e0 4f 35 04 8d fe
    2c 6c 1d 90 33 76 75 44 99 26 6a f9 04 7a fe 70
    20 0d 4b 6e 1d f9 4d eb 22 b8 ab 72 28 f7 4a 25
    4d 0b 10 4e 97 9d 9d 79 54 ec e1 cc d2 f9 33 d0
    d4 b1 27 8a 6a 1f 67 2b 58 17 56 70 d0 48 8d a2
    03 a4 c6 92 f9 6c 5d e0 4a ca ad d0 b0 8a 0a 32
    6f b7 87 a8 ca bf 6a 64 02 3d 61 60 01 28 a4 48
    7b 76 b8 31 5c 3f 91 be 07 86 88 5e 0a 47 2c 48
    ae af 63 82 bd 51 a5 49 ec 19 35 a2 80 c7 75 aa
    35 26 13 49 e7 61 31 d9 8e f9 c0 38 fc f2 29 6c
    d3 c6 97 52 ce ea b7 2e 87 b6 3a 16 76 02 47 9c
    a4 ab 62 11 62 26 80 8e 42 21 01 61 1c 4b c4 02
    36 a6 09 3d 75 ad 33 96 28 df 5c 7b 48 4b 87 87
    c0 34 ab 05 4a 73 c0 25 10 c1 38 9b c7 2f 9a a7
    b9 0b 2b 4c c8 f2 0b 79 83 13 d9 81 b7 1e 01 22
    a8 0a 61 eb aa 29 98 a0 49 fa bb 79 c8 db c5 7d
    36 14 9e f1 5a 00 51 b3 70 da b4 7f 0b b0 a9 b4
    4c cb a8 ba f7 b4 65 21 53 15 7d 21 85 e6 d0 29
    a5 4c 83 d5 52 4c 6b 79 0f f0 27 08 ce 85 94 ed
    ea b7 7f 5b b3 a1 05 52 fe 11 73 89 82 44 8b 11
    a6 5a 7c cf 97 0c 9c ae f4 c1 58 09 08 b0 b0 74
    ea bb 99 c5 13 c1 d8 d5 cc 62 37 8d 81 0a 09 5c
    e7 b0 98 76 1f 52 d1 91 a1 93 5e 49 e0 40 8d 03
    15 2b 24 01 9b c5 60 cc 19 1c 69 88 b7 db 11 44
    5f 42 cb 36 85 03 79 fb 73 e7 94 95 31 ea c5 2f
    84 17 af bc 13 11 3a 8d b3 72 61 54 07 55 ed 3c
    a0 d6 15 15 01 d8 4f 06 5a 06 41 7a a3 e6 20 4f
    b2 b1 aa 07 d2 92 2c f1 94 da a0 36 88 42 84 9a
    84 67 14 7b 5c 37 7a 07 62 a8 a9 eb fa 1f 51 e5
    a9 65 93 05 7c b4 b1 11 db 4d c9 c6 cf a0 23 b9
    d4 33 24 ba f8 6b 1e 7a 03 ea 06 99 82 56 34 1b
    7c 7d 7d 87 45 27 24 1f 66 60 36 6c 3c 45 8d 42
    8e 8e 17 74 57 b7 48 3f 47 6e 76 db 20 39 1a 7c
    cd c6 8f 0c 10 4f bb 43 09 f4 f6 b0 61 c6 f2 b2
    d3 33 25 23 7a 91 39 72 4e 01 0f 3c a7 7e a7 35
    ca 10 73 65 d5 ef 44 9d 47 df 11 a6 f9 a6 4a 11
    cf 6f 50 70 f6 76 49 79 ca 2c fb 6e d0 87 5e aa
    66 5a 93 94 f0 00
<<< TLS 1.2, RecordHeader [length 0005]
    14 03 03 00 01
<<< TLS 1.3, ChangeCipherSpec [length 0001]
    01
<<< TLS 1.2, RecordHeader [length 0005]
    16 03 03 04 ba
<<< TLS 1.3, Handshake [length 04ba], ServerHello
    02 00 04 b6 03 03 a2 39 6a cb 4f 59 fe 45 3e 56
    47 f3 68 84 19 3a 45 d8 72 80 e5 15 95 b1 2e c4
    f2 5d aa d0 bf 4c 20 d6 36 f8 17 86 70 97 89 a0
    d8 59 c8 ff 2a 19 0d 3e 4a aa 3a 02 c7 b4 c8 b1
    c8 f9 24 3d 82 12 e6 13 02 00 04 6e 00 2b 00 02
    03 04 00 33 04 64 11 ec 04 60 8b 52 ab b8 de 00
    b7 44 da 7f 89 8e 35 dc 2a 22 dd 56 cd 94 20 36
    71 07 50 9d f6 e1 61 2f 30 4e 09 a6 26 26 b6 49
    ec cf 79 23 d6 04 bd c5 d5 6c 89 66 52 2a 61 95
    8c b3 ee 49 6e 17 4c bc 97 46 d7 2e 7f 33 72 f4
    54 0f 7a ec 0a f3 d4 72 c6 34 c0 52 54 dc 7a 2c
    87 b6 1d b9 be 5b 3d 71 d5 c7 5e 88 f6 66 71 d7
    75 8a 2e b9 55 45 33 32 27 79 be 95 25 7f 53 5d
    b4 3f b6 e2 d8 80 64 af 0e 1d a7 89 d8 37 06 f1
    e8 49 25 6c 9a ea 5b 27 a2 4a 86 5f f3 e7 25 73
    60 d9 24 3e cb 63 0e 45 b7 47 33 b7 1b 10 e9 0a
    87 48 d8 a0 e9 3c 1e 7d dc 5b 06 e5 b7 f1 b8 27
    fd ae 78 aa fb c7 c3 97 b8 d6 b9 06 08 98 81 68
    ae 06 9f 3b 83 8b f9 1c cf a1 7f af fc 7b bc 8a
    d8 59 55 fe a8 ae 2d be bf 7e 88 4d 19 c2 de b5
    49 de 5f 68 14 b5 61 a0 b5 68 78 a5 d0 43 64 52
    64 15 01 b4 0a 28 d8 3f 08 97 70 77 4d 7d 0e fd
    21 59 c2 a2 7e 1f 58 76 a9 a3 c7 05 bb e4 e3 6e
    6e af 5b c8 86 3b b3 de bb 38 75 5d ec 88 f0 4d
    2f 54 cc 41 28 64 63 4c cb 4d 46 a3 c6 92 62 4b
    41 d1 95 11 53 af 3c 91 8b 69 1d 4c 9d a4 80 0f
    9d 3b ab 0a 51 43 8e 38 a7 03 ff 0f 6f 8e aa 2f
    3f 6c 21 a0 b5 47 68 80 f9 92 09 e7 aa 0d 7a 50
    4c 57 29 a7 bd 28 80 f7 00 ad 04 77 20 1a 10 d7
    da b0 4d ef 92 a4 3c fa 2b 86 19 f3 c2 88 8f 3a
    3a b3 da ba 22 e6 37 a1 db 00 ec 3c a4 30 a3 1d
    c3 de 8d 72 50 be 2c 82 15 29 99 4a e8 7f b8 8f
    6d c3 b0 85 60 6f 5f 48 72 59 02 96 6a ed 94 b7
    69 d6 94 a6 e8 38 4b 6f 43 7f 06 2d 50 13 94 13
    7d b8 11 45 2c 7a 28 fb de 5e ba 83 bf 98 75 70
    37 79 93 e4 65 f6 23 37 b8 ad b9 d7 e7 f0 80 57
    25 14 01 db f1 cc aa 7d 6e 67 32 e3 04 c4 a0 ed
    74 31 ac 7e 30 31 6b d7 ab bc fa 4a dd de 78 7a
    a7 95 1c e1 51 fe cc 6e b4 28 2e c0 64 fb 63 7c
    ec eb af 1b d1 5f 06 2c a4 83 f9 d2 af c8 e9 9b
    8e 52 b1 72 03 63 ce 9e 15 2b 45 e4 28 af 1b c8
    9b 7e f3 c0 f4 b2 ea 19 67 9f 42 37 03 2f 89 f9
    f0 14 de 4c d6 45 d1 a7 c8 e1 7c 55 e3 0e fc f0
    8d dc 73 fe 34 d8 52 c0 72 6d 33 35 46 8c bd ed
    1d 90 ce cf 0e de 16 21 d8 b1 9f 82 f9 60 7c 32
    af 3c 8c 6f 9b 44 b6 cd 02 7b 7c cd 67 fd 93 9f
    b2 13 59 c2 71 c5 af ec 09 ea 7a d0 bc cc 78 6d
    77 06 be 69 e4 5e b6 fb 38 21 8e 50 7c 4a 15 e5
    71 cd e5 b9 44 9d 02 1f b9 b2 85 a9 6e 12 0f 42
    2a d9 fc 04 83 6d 00 82 1e 52 3b 43 0c 7b a9 d9
    98 95 f3 9a 14 75 81 56 8d 92 5a 00 36 f2 b8 65
    fd 6d c4 21 b1 86 0c 26 65 b7 0a 28 61 92 fa 7b
    fd b7 ec 5f f3 e7 b6 75 28 d5 33 80 a8 9d f8 53
    b8 de 40 32 04 81 13 57 3d ba e9 31 e0 ba c3 cf
    22 56 e2 45 32 4e da 65 53 58 8a b1 b2 a3 0d 1f
    ad 4f 71 1b d7 7e 7d 63 0a 24 ed fe 17 30 4a c9
    ec 9b 21 fa e8 9f a4 52 11 93 21 5b 56 75 3e 3a
    7e 03 7d d8 93 e6 f8 c9 de f8 a2 15 73 ee 08 95
    c2 9a 73 81 09 ac 45 87 63 67 b6 83 a8 d1 fa 9b
    ee 0d 93 61 89 0f f5 15 15 a4 33 6a 97 c1 08 99
    53 36 44 03 e9 53 a1 0e 4c 34 b8 48 59 7b 17 3e
    5b d3 a5 54 f9 01 0b bf 55 32 b8 15 24 9a 66 a3
    47 17 8a 12 3a 53 2b 53 83 3a 94 4c 7a 5d 84 d0
    f4 78 ea d3 1e 19 8a 63 e8 9a cc ad 71 5d 6d c5
    1b dd 34 7f e2 6d 9e 80 9a 3e 14 d8 61 41 e5 e7
    e1 90 37 8d 9e d9 29 f1 f7 cc 8c a1 1c 00 c7 52
    4d e9 c3 88 2b 15 b0 39 e5 64 56 99 4c 88 50 e4
    41 25 00 80 0f 53 03 e5 22 56 59 8b b8 c1 dc 85
    0b 29 6d 27 71 4f 58 90 97 99 71 f3 fd 05 44 cd
    fa 03 19 15 ec 64 4b 88 a5 34 2d 32 52 8f d1 68
    f0 8a a7 11 0e 1a ee 1c 6c 2c c3 71 3d 4b b4 d5
    41 61 dc c7 35 05 d5 61 83 a6 4b 12 9b 50 fc a8
    e6 c3 c1 67 3d 0f 8d 29 04 fb 26 22 28 68 6b 7a
    10 48 6e 89 86 92 0a d7 19 a1 65 0f d6 33 8d 3c
    6d 3b 08 cb a6 63 c1 54 71 73 b5 b9 2e f6 57 ca
    fa 02 6b 78 f9 61 ea 88 86 0f
<<< TLS 1.2, RecordHeader [length 0005]
    17 03 03 00 17
<<< TLS 1.3, InnerContent [length 0001]
    16
<<< TLS 1.3, Handshake [length 0006], EncryptedExtensions
    08 00 00 02 00 00
<<< TLS 1.2, RecordHeader [length 0005]
    17 03 03 03 47
<<< TLS 1.3, InnerContent [length 0001]
    16
<<< TLS 1.3, Handshake [length 0336], Certificate
    0b 00 03 32 00 00 03 2e 00 03 29 30 82 03 25 30
    82 02 0d a0 03 02 01 02 02 01 02 30 0d 06 09 2a
    86 48 86 f7 0d 01 01 0b 05 00 30 12 31 10 30 0e
    06 03 55 04 03 0c 07 52 6f 6f 74 20 43 41 30 20
    17 0d 31 36 30 31 31 34 32 32 32 39 34 36 5a 18
    0f 32 31 31 36 30 31 31 35 32 32 32 39 34 36 5a
    30 19 31 17 30 15 06 03 55 04 03 0c 0e 73 65 72
    76 65 72 2e 65 78 61 6d 70 6c 65 30 82 01 22 30
    0d 06 09 2a 86 48 86 f7 0d 01 01 01 05 00 03 82
    01 0f 00 30 82 01 0a 02 82 01 01 00 d5 5d 60 6a
    df fc 61 ee 48 aa 8c 11 48 43 a5 6d b6 52 5d aa
    98 49 b1 61 92 35 b1 fc 3a 04 25 0c 6d 79 ff b4
    d5 c9 e9 5c 1c 3b e0 ab b3 b8 7d a3 de 6d bd e0
    dd d7 5a bf 14 47 11 42 5e a6 82 d0 61 c1 7f dd
    13 46 e6 09 85 07 0e f2 d4 fc 1a 64 d2 0a ad 20
    ab 20 6b 96 f0 ad cc c4 19 53 55 dc 01 1d a4 b3
    ef 8a b4 49 53 5d 8a 05 1c f1 dc e1 44 bf c5 d7
    e2 77 19 57 5c 97 0b 75 ee 88 43 71 0f ca 6c c1
    b4 b2 50 a7 77 46 6c 58 0f 11 bf f1 76 24 5a ae
    39 42 b7 51 67 29 e1 d0 55 30 6f 17 e4 91 ea ad
    f8 28 c2 43 6f a2 64 a9 fb 9d 98 92 62 48 3e eb
    0d 4f 82 4a 8a ff 3f 72 ee 96 b5 ae a1 c1 98 ba
    ef 7d 90 75 6d ff 5a 52 9e ab f5 c0 7e d0 87 43
    db 85 07 07 0f 7d 38 7a fd d1 d3 ee 65 1d d3 ea
    39 6a 87 37 ee 4a d3 e0 0d 6e f5 70 ac c2 bd f1
    6e f3 92 95 5e a9 f0 a1 65 95 93 8d 02 03 01 00
    01 a3 7d 30 7b 30 1d 06 03 55 1d 0e 04 16 04 14
    c0 e7 84 bf e8 59 27 33 10 b0 52 4f 51 52 2f 06
    d6 c0 7a cd 30 1f 06 03 55 1d 23 04 18 30 16 80
    14 70 7f 2e ae 83 68 59 98 04 23 2a cd eb 3e 17
    cd 24 dd 01 49 30 09 06 03 55 1d 13 04 02 30 00
    30 13 06 03 55 1d 25 04 0c 30 0a 06 08 2b 06 01
    05 05 07 03 01 30 19 06 03 55 1d 11 04 12 30 10
    82 0e 73 65 72 76 65 72 2e 65 78 61 6d 70 6c 65
    30 0d 06 09 2a 86 48 86 f7 0d 01 01 0b 05 00 03
    82 01 01 00 7b d3 04 43 75 8a 0f 11 ae c4 fb d7
    a1 a2 9e fe 20 18 d5 f4 2f 31 88 46 b6 75 8c ee
    e5 9b 97 a6 b9 a3 cd 60 9a 46 c3 48 97 e5 97 68
    f7 5a 86 35 73 d9 69 9e f9 5f 74 b9 e6 94 13 01
    cb 6a dc e3 c4 04 e9 65 da 9c a4 8b 28 f3 f9 9a
    7f bf 97 1f 45 92 e5 05 b1 56 e6 0b f6 47 de 1e
    89 b6 2b e1 4d df 4a 7e 01 d3 23 dc 97 8c 47 fe
    5f c7 cc 98 46 0e c4 83 5b ca 8a f1 52 09 be 6b
    ec 3f 09 8b d0 93 02 bf e1 51 e7 d1 7e 34 56 19
    74 d0 ff 28 25 de b7 9f 56 52 91 7d 20 29 85 0a
    80 44 5f 71 32 25 71 0f c2 16 e2 5f 6b 1d 3f 32
    5b 0a 3c 74 1c b9 62 f1 ed 07 50 a3 6d b4 b4 31
    0a c0 53 44 6a 3a 88 84 8b 2d a9 b0 37 8e e6 18
    36 bd 9a 20 40 0f 01 92 8b 3d aa 61 e7 ae 2c ed
    36 cd 3a 07 86 74 3a 29 b3 d7 3a b4 00 a9 c2 f5
    92 78 0e e2 0f a3 fe bb be e0 06 53 84 59 1d 90
    69 e5 b6 f9 00 00
<<< TLS 1.2, RecordHeader [length 0005]
    17 03 03 01 19
<<< TLS 1.3, InnerContent [length 0001]
    16
<<< TLS 1.3, Handshake [length 0108], CertificateVerify
    0f 00 01 04 08 04 01 00 0c 52 69 2a 92 85 d4 42
    f5 19 33 ad af 78 7f ff c5 ca a3 00 2a f0 5c a4
    24 48 75 a9 65 14 6d 74 dd a1 43 fc e9 f8 ce 22
    e2 11 1d 58 d3 2c d0 aa 32 98 67 0d 86 dd 27 2a
    eb 96 3f 58 08 bc 7a 2f 1d 0d 43 8e 94 86 1a d2
    70 9c 6a e4 87 39 33 aa fa 92 ac a9 fa e8 30 27
    a4 8e 26 1a d8 13 97 44 a8 58 53 74 e5 d6 e0 06
    56 03 22 68 8c 8c 47 25 33 ae da 54 4f 1e a0 f3
    12 87 cd 1c 95 61 5b 45 15 10 3b 99 dd 7e ab 3c
    e1 66 5f ac 65 6f 65 6d 71 f8 6f 84 d6 6d 3d 55
    c8 da ad 12 13 de 6c 0e a8 28 80 4f 42 ac eb 4d
    c3 7f 57 ec ba cb 7f 13 e6 99 e1 4b 3d a4 2d 0b
    75 f2 6e c1 4e dc a0 b2 17 0c c4 e5 6a 05 bc ec
    01 be f2 38 dc b5 11 8c 2a c8 61 13 1e 98 1b 67
    fa 69 e5 41 19 1c 49 e9 df f1 89 a5 e9 63 a1 ea
    6c df 99 63 39 76 6e 21 6f 19 ff fe 10 8f 9d 00
    55 a7 86 97 dd 3e 13 85
<<< TLS 1.2, RecordHeader [length 0005]
    17 03 03 00 45
<<< TLS 1.3, InnerContent [length 0001]
    16
<<< TLS 1.3, Handshake [length 0034], Finished
    14 00 00 30 03 86 f7 a3 3e 89 f0 22 b5 4d 45 3a
    92 24 86 e8 10 6d fe 50 88 9a f0 c3 b1 5e 68 63
    27 e3 23 ae 94 3e 02 29 74 0c 76 79 23 22 02 0e
    28 5b ae 44
>>> TLS 1.2, RecordHeader [length 0005]
    17 03 03 00 45
>>> TLS 1.2, InnerContent [length 0001]
    16
>>> TLS 1.3, Handshake [length 0034], Finished
    14 00 00 30 f5 8b 0b 80 e0 64 35 6f f9 87 1f 4b
    d4 10 fa e0 ab f6 44 3e d3 c8 06 90 55 b5 99 2e
    48 f3 3f a7 24 e7 57 f7 5d 29 d0 b3 ed 41 e3 c9
    ec c1 90 d8
---
Certificate chain
 0 s:CN=server.example
   i:CN=Root CA
   a:PKEY: RSA, 2048 (bit); sigalg: sha256WithRSAEncryption
   v:NotBefore: Jan 14 22:29:46 2016 GMT; NotAfter: Jan 15 22:29:46 2116 GMT
---
Server certificate
-----BEGIN CERTIFICATE-----
MIIDJTCCAg2gAwIBAgIBAjANBgkqhkiG9w0BAQsFADASMRAwDgYDVQQDDAdSb290
IENBMCAXDTE2MDExNDIyMjk0NloYDzIxMTYwMTE1MjIyOTQ2WjAZMRcwFQYDVQQD
DA5zZXJ2ZXIuZXhhbXBsZTCCASIwDQYJKoZIhvcNAQEBBQADggEPADCCAQoCggEB
ANVdYGrf/GHuSKqMEUhDpW22Ul2qmEmxYZI1sfw6BCUMbXn/tNXJ6VwcO+Crs7h9
o95tveDd11q/FEcRQl6mgtBhwX/dE0bmCYUHDvLU/Bpk0gqtIKsga5bwrczEGVNV
3AEdpLPvirRJU12KBRzx3OFEv8XX4ncZV1yXC3XuiENxD8pswbSyUKd3RmxYDxG/
8XYkWq45QrdRZynh0FUwbxfkkeqt+CjCQ2+iZKn7nZiSYkg+6w1PgkqK/z9y7pa1
rqHBmLrvfZB1bf9aUp6r9cB+0IdD24UHBw99OHr90dPuZR3T6jlqhzfuStPgDW71
cKzCvfFu85KVXqnwoWWVk40CAwEAAaN9MHswHQYDVR0OBBYEFMDnhL/oWSczELBS
T1FSLwbWwHrNMB8GA1UdIwQYMBaAFHB/Lq6DaFmYBCMqzes+F80k3QFJMAkGA1Ud
EwQCMAAwEwYDVR0lBAwwCgYIKwYBBQUHAwEwGQYDVR0RBBIwEIIOc2VydmVyLmV4
YW1wbGUwDQYJKoZIhvcNAQELBQADggEBAHvTBEN1ig8RrsT716Ginv4gGNX0LzGI
RrZ1jO7lm5emuaPNYJpGw0iX5Zdo91qGNXPZaZ75X3S55pQTActq3OPEBOll2pyk
iyjz+Zp/v5cfRZLlBbFW5gv2R94eibYr4U3fSn4B0yPcl4xH/l/HzJhGDsSDW8qK
8VIJvmvsPwmL0JMCv+FR59F+NFYZdND/KCXet59WUpF9ICmFCoBEX3EyJXEPwhbi
X2sdPzJbCjx0HLli8e0HUKNttLQxCsBTRGo6iISLLamwN47mGDa9miBADwGSiz2q
YeeuLO02zToHhnQ6KbPXOrQAqcL1kngO4g+j/ru+4AZThFkdkGnltvk=
-----END CERTIFICATE-----
subject=CN=server.example
issuer=CN=Root CA
---
No client certificate CA names sent
Peer signing digest: SHA256
Peer signature type: rsa_pss_rsae_sha256
Negotiated TLS1.3 group: X25519MLKEM768
---
SSL handshake has read 2546 bytes and written 1702 bytes
Verification error: unable to verify the first certificate
---
New, TLSv1.3, Cipher is TLS_AES_256_GCM_SHA384
Protocol: TLSv1.3
Server public key is 2048 bit
This TLS version forbids renegotiation.
Compression: NONE
Expansion: NONE
No ALPN negotiated
Early data was not sent
Verify return code: 21 (unable to verify the first certificate)
---
>>> TLS 1.2, RecordHeader [length 0005]
    17 03 03 00 13
>>> TLS 1.2, InnerContent [length 0001]
    15
>>> TLS 1.3, Alert [length 0002], warning close_notify
    01 00
Connecting to 127.0.0.1
SSL_connect:before SSL initialization
SSL_connect:SSLv3/TLS write client hello
SSL_connect:SSLv3/TLS write client hello
SSL_connect:SSLv3/TLS read server hello
SSL_connect:SSLv3/TLS write change cipher spec
SSL_connect:SSLv3/TLS write client hello
SSL_connect:SSLv3/TLS write client hello
SSL_connect:SSLv3/TLS read server hello
Can't use SSL_get_servername
SSL_connect:TLSv1.3 read encrypted extensions
depth=0 CN=server.example
verify error:num=20:unable to get local issuer certificate
verify return:1
depth=0 CN=server.example
verify error:num=21:unable to verify the first certificate
verify return:1
depth=0 CN=server.example
verify return:1
SSL_connect:SSLv3/TLS read server certificate
SSL_connect:TLSv1.3 read server certificate verify
SSL_connect:SSLv3/TLS read finished
SSL_connect:SSLv3/TLS write finished
DONE
SSL3 alert write:warning:close notify
