CONNECTED(00000003)
>>> TLS 1.0, RecordHeader [length 0005]
    16 03 01 00 d6
>>> TLS 1.3, Handshake [length 00d6], ClientHello
    01 00 00 d2 03 03 fb 23 e3 d2 59 aa 98 6e 64 4b
    aa 18 37 f9 81 d8 ac bc 9a 82 a3 aa e6 ba 88 14
    8b d0 55 18 dd b3 20 1e 15 ff 57 f3 10 45 df 79
    98 0f ae e0 f7 bc f2 dd 9f 89 a7 0a b1 36 92 1b
    c5 34 81 86 fd 6a bd 00 06 13 02 13 03 13 01 01
    00 00 83 00 0b 00 04 03 00 01 02 00 0a 00 06 00
    04 00 1d 11 ec 00 23 00 00 00 16 00 00 00 17 00
    00 00 0d 00 2a 00 28 09 05 09 06 09 04 04 03 05
    03 06 03 08 07 08 08 08 1a 08 1b 08 1c 08 09 08
    0a 08 0b 08 04 08 05 08 06 04 01 05 01 06 01 00
    2b 00 03 02 03 04 00 2d 00 02 01 01 00 33 00 26
    00 24 00 1d 00 20 45 44 a9 34 85 9b 79 eb 2d ee
    17 81 00 c5 84 66 e3 43 a8 e0 6b 26 57 cf d1 0f
    87 35 a8 d4 d8 1f
<<< TLS 1.2, RecordHeader [length 0005]
    16 03 03 00 58
<<< TLS 1.3, Handshake [length 0058], ServerHello
    02 00 00 54 03 03 cf 21 ad 74 e5 9a 61 11 be 1d
    8c 02 1e 65 b8 91 c2 a2 11 16 7a bb 8c 5e 07 9e
    09 e2 c8 a8 33 9c 20 1e 15 ff 57 f3 10 45 df 79
    98 0f ae e0 f7 bc f2 dd 9f 89 a7 0a b1 36 92 1b
    c5 34 81 86 fd 6a bd 13 02 00 00 0c 00 2b 00 02
    03 04 00 33 00 02 11 ec
>>> TLS 1.2, RecordHeader [length 0005]
    14 03 03 00 01
>>> TLS 1.3, ChangeCipherSpec [length 0001]
    01
>>> TLS 1.2, RecordHeader [length 0005]
    16 03 03 05 76
>>> TLS 1.3, Handshake [length 0576], ClientHello
    01 00 05 72 03 03 fb 23 e3 d2 59 aa 98 6e 64 4b
    aa 18 37 f9 81 d8 ac bc 9a 82 a3 aa e6 ba 88 14
    8b d0 55 18 dd b3 20 1e 15 ff 57 f3 10 45 df 79
    98 0f ae e0 f7 bc f2 dd 9f 89 a7 0a b1 36 92 1b
    c5 34 81 86 fd 6a bd 00 06 13 02 13 03 13 01 01
    00 05 23 00 0b 00 04 03 00 01 02 00 0a 00 06 00
    04 00 1d 11 ec 00 23 00 00 00 16 00 00 00 17 00
    00 00 0d 00 2a 00 28 09 05 09 06 09 04 04 03 05
    03 06 03 08 07 08 08 08 1a 08 1b 08 1c 08 09 08
    0a 08 0b 08 04 08 05 08 06 04 01 05 01 06 01 00
    2b 00 03 02 03 04 00 2d 00 02 01 01 00 33 04 c6
    04 c4 11 ec 04 c0 ea 06 44 24 9a a4 d4 56 b5 45
    8c a7 c8 aa 22 4e 55 7c 03 50 48 d3 20 24 7e 63
    66 65 90 74 38 53 1a ef 37 17 cf 64 3b 9a a5 25
    ad cc 4f 06 74 44 69 33 75 86 10 26 1c 10 63 4c
    b9 bf 96 e4 97 e7 09 14 94 1a cd de 90 76 51 f2
    60 d5 d4 26 8e 33 73 73 d9 9f 05 58 1f b6 4a 7e
    4f 80 58 d2 fc a1 17 65 34 73 e7 a0 17 f8 2a 6a
    b4 41 05 40 ad 51 8b 90 fb 66 3e b8 27 65 ea c0
    31 b3 15 94 3b 44 5b eb e8 63 da 80 79 6c 79 64
    a7 d1 48 97 7a a3 a8 70 65 da 99 32 11 08 24 47
    96 7c 79 25 42 33 4a ab 7e c4 6a a0 e9 8a f7 94
    78 56 f7 5a f0 db 24 b7 c1 13 78 b0 cd e7 17 59
    13 e8 4e 3d 89 33 84 e5 73 83 50 41 79 65 6e 17
    f3 93 26 a0 85 e7 96 3c c9 3a 8e dd ab b7 9e 03
    6e 99 c3 37 fd 73 c8 5a 19 62 9c 11 14 e8 d3 ce
    3f b0 67 65 77 93 c4 f4 23 df 61 c4 27 d9 19 09
    89 b0 0f 09 2b b2 c6 9a 4a a5 13 2e 36 95 04 66
    04 e6 43 b2 b4 f4 5d 29 49 7b 38 17 c6 9c d9 ac
    f5 c6 5b a7 27 9c f5 34 16 26 e6 2d e6 ab 5f 86
    67 4b e5 81 9f 8a 40 63 d1 69 0c eb f5 5b 3c 57
    bb 1c f4 a6 61 85 9e 27 04 01 18 1b 81 92 99 53
    70 02 32 2c 85 66 d9 e5 77 04 68 49 e8 66 5b 6d
    96 74 52 45 4f 96 d0 ad b2 44 47 3b b4 85 c9 cb
    a5 fe 08 33 8c 9a 17 32 79 b3 aa f8 79 7d 73 5e
    e6 f0 ba f1 99 23 32 37 c3 fd ec b4 26 18 96 ea
    77 18 fd d1 5c 08 14 0c 79 53 3b 55 f4 c9 59 fa
    38 77 15 60 8e c2 1d d2 c8 1f 07 76 6c 0e 1a 4b
    b3 93 29 c4 08 ab 96 81 ad b9 37 95 1a 59 1d 12
    aa b7 94 90 b2 26 29 b3 40 c3 72 a0 08 60 8e 16
    53 49 98 2a b6 20 8f 2a 0b 80 cf 73 53 b8 2c b7
    5d 94 26 b3 ec 6e e0 90 b3 4a e2 c5 b4 01 30 60
    c9 62 c0 10 be bd 69 26 6e 6a 4d 59 96 60 e1 11
    90 74 d6 86 9e db 68 ed 57 04 5d 31 0a 7b f4 47
    4c 8b b8 24 1c 21 02 bc 9e 5a 4b 43 19 e6 6e 63
    91 39 17 52 a4 d9 93 ae 1a d4 78 f4 f2 6a 54 25
    01 13 3c c2 17 12 c0 d7 f3 cf 08 64 ba 2e 59 cc
    0d 1b 49 f8 e6 c0 59 fc 94 8a 4b 2b 30 d0 cb bc
    32 97 38 20 a2 cd 7b 4f 65 f8 09 9b ec c5 4e 01
    40 ea 68 3b 2c fc a5 fd 7a 03 03 17 27 df 07 4d
    c6 a7 6f 92 53 4a bb 7b 7a 9a 62 a6 87 28 7f 06
    b8 4e b4 fb 1c 90 bb 2c 9f 0a 09 9a b9 13 d5 e7
    18 49 82 01 3e 40 b3 02 04 4e 38 e9 7f 79 5c 2b
    73 50 39 70 e5 0b 8f db 8b 84 39 2b eb b9 cd 9b
    4c 5b ba c4 26 04 78 95 9d 15 9e 73 f0 b0 9f f9
    3e c3 da 8d 64 a4 4b b6 86 ac 17 3a ab d0 27 19
    57 ca 4a 35 eb 1f 10 15 31 f3 e6 55 b1 28 1c c0
    dc 59 4a 70 27 a8 a3 28 29 b2 a1 ee 9c cf 3d 82
    cd 24 a1 44 e7 ea 4d 74 9b 18 a2 21 3e 47 1a b3
    af fb 21 1e 98 26 d5 61 09 f6 04 a9 48 82 0b 79
    ba 9b 83 04 a1 39 7c c5 9f 9a 05 df ab 1c 4e 22
    8b 51 e7 47 8a 11 bb aa eb 73 11 d1 98 bf 9b 83
    a8 28 60 e3 a8 85 04 60 a0 55 32 36 69 30 9f 16
    69 8c 46 79 39 44 a5 a9 19 83 b9 ba 9b 36 37 1b
    1a df 76 2e 81 ba 4f b8 b8 3a 00 d1 1f df f7 a6
    4f 97 04 86 d9 4a df 38 66 9c d9 45 2d 21 af c9
    45 b3 e4 b5 9a 17 fa 47 ae 15 30 cc 24 48 39 82
    b7 ec 34 41 49 e0 4d b1 ca a3 31 1a c1 71 d1 b0
    8b 77 0d 08 a5 22 09 44 5b 66 aa 54 80 f9 29 63
    44 43 ec 55 44 40 17 3d 0e 56 b0 01 23 2e f1 31
    23 89 83 75 10 45 cb 52 61 7f d7 e8 32 fc 3c c3
    eb b2 b7 aa 3c c6 b1 bc c0 12 85 4e c2 48 51 8c
    c5 95 94 8a 3f f6 13 4f 08 c9 26 09 fb bc 7c 2c
    43 e1 17 9c a9 31 3c 3f 30 97 2f 21 03 77 e5 2b
    6c f5 21 7e f0 5e bf 64 61 9e 33 6f ac f3 14 43
    20 07 86 35 b0 2a e3 c2 ec 89 05 83 63 91 d2 47
    7c c8 c0 73 0c cc 5d 55 ca 11 43 5b 6b 35 16 c7
    0d 11 30 ef 39 49 25 9c 8b db ec 4f 8f ec 31 ab
    77 27 d2 6b 65 f6 d8 b1 12 65 5b 52 50 be dd 41
    86 13 95 22 a2 20 bf 0c f0 a3 3a 2b 8e d8 85 bf
    32 1b 04 23 7c 90 70 e8 4e 72 28 44 ef fc 6f bd
    42 44 e8 06 6a f5 25 ca 37 b3 9b e6 a1 66 b8 66
    5e a1 65 75 b5 36 12 f7 b6 48 ad e0 56 3a e7 21
    31 d3 76 ad f5 7d 85 fb 52 3a ce 59 a1 b3 89 d9
    45 d6 57 4a b1 1f 6c 81 ca 29 49 6c 36 59 75 01
    ce 30 c1 e2 f4 0f 4e dd de fb e9 32 e5 77 f4 fc
    60 cd 31 f4 c7 ab 80 50 d9 2c 3c 5c 5c c6 f6 af
    93 2a 61 84 71 61
<<< TLS 1.2, RecordHeader [length 0005]
    14 03 03 00 01
<<< TLS 1.3, ChangeCipherSpec [length 0001]
    01
<<< TLS 1.2, RecordHeader [length 0005]
    16 03 03 04 ba
<<< TLS 1.3, Handshake [length 04ba], ServerHello
    02 00 04 b6 03 03 70 9a 44 6f 4c 5b e5 5e fc 48
    6a a1 74 39 48 22 aa 6a e4 f6 c7 e6 09 e1 39 8e
    a8 01 25 26 1b 42 20 1e 15 ff 57 f3 10 45 df 79
    98 0f ae e0 f7 bc f2 dd 9f 89 a7 0a b1 36 92 1b
    c5 34 81 86 fd 6a bd 13 02 00 04 6e 00 2b 00 02
    03 04 00 33 04 64 11 ec 04 60 39 e9 dc a6 e9 74
    c2 cb d5 78 9d 3a 17 5e 5f 85 5b eb df 5c 07 f7
    d5 0e 20 97 82 87 81 51 dc e1 93 55 32 3b 2c 3b
    8b 2f 5e 28 98 a0 bd b8 86 d2 09 d4 96 37 ce a9
    34 e2 b5 e3 15 54 cf cf 32 de 9f 48 96 ea 54 d2
    63 27 ec 98 82 3f 91 39 49 3f c1 fc a9 02 99 97
    a4 ec da 11 2d 68 ed 06 9c 46 e7 b7 04 bf 98 48
    c0 74 14 33 ac 7d 04 5e 09 25 6f cf eb 6e 62 5c
    6a 4b 0b f1 29 13 50 4e a0 cf b1 36 d6 ff c5 fc
    aa 67 a7 c3 e4 1d ec b5 b3 ba 65 88 d0 bf 5f a5
    a8 29 ae 76 60 ee d0 2c ab 83 e9 19 4c d5 cb 22
    08 16 49 36 90 e5 6f e6 6e f9 84 73 ab db 4c 9b
    a0 3b ae 36 c2 59 99 0c df e7 0a 53 c2 3b 22 e0
    59 65 fc 94 93 13 5c 9f fa 07 1f 28 9b c9 16 8d
    0a 50 a6 62 4e ba 12 2c 7b e9 88 d0 1e bf bf fe
    f3 c6 20 ec b5 fd d5 39 22 47 3a 28 51 6b 27 0b
    04 02 70 88 01 47 6e c4 60 e7 6c 2e c1 49 5b d1
    7e e1 c9 3a 9b ec e8 04 82 c8 2a a9 7a 01 22 97
    6f 46 53 2d 6d ff 50 fe ba 66 03 f8 d2 34 fe 13
    0d 2a c4 03 98 85 7a 2e 3a 9a d4 78 7e ee 75 33
    b0 19 48 cf 1e b5 8f c6 8b 33 bb 7a ae 15 99 c0
    71 25 08 9d 50 8a 0a 1c b9 70 07 44 87 1a f0 51
    27 c6 40 e6 b4 64 ef f6 81 f3 09 c9 c7 f9 46 94
    83 d4 89 fc 60 99 0a c3 cd ea 52 c1 01 82 e3 a7
    35 47 be e5 03 71 01 71 8e ec 7b 10 9a bd 89 4c
    0a 15 c4 b5 5c 96 c2 4d 15 92 40 d5 d3 2f 4b 93
    5b cb d3 34 1b 1f ec 71 da 6e 00 34 82 f9 c4 00
    69 95 88 6f 70 b7 4f 11 94 b6 0b ce df 2d 7b c2
    1f 83 62 5b d7 99 c0 e6 57 8a 4f ad 88 c5 d7 22
    6d 60 4f af fa be f0 9c c1 63 d6 92 4a e4 99 94
    95 cf 61 a9 1c be ca b1 50 ea b9 44 7f ee 4d 69
    04 ac 99 ef 59 6d b7 6b 21 83 5c c2 43 d6 b7 0f
    66 8f a8 e5 e8 e8 30 34 1e 55 cc e7 c9 96 92 ee
    d6 93 fa 21 4b c4 e9 e0 6f 60 1a af ec e2 50 50
    ae 13 7f 0a 47 bf 67 8c 78 28 64 6e 8c 3b 53 c7
    f2 19 6f 5e 28 f1 09 ba a3 ae 19 cd 62 85 11 98
    72 07 5b 60 9e 73 b3 ca d5 53 5f 0f 34 92 ff e9
    8f b2 7e f3 95 b6 56 bd 53 23 32 01 73 85 e0 3a
    ea 2d 71 28 ba 11 a1 e4 68 b4 ed ea 5d 45 ee 09
    ab 8a 83 1f 78 2d 3c 55 8b af f5 68 04 f3 e4 c5
    9b 11 fd de ba 5f 4c 1c 8d 5a 1b 35 2d ca aa 90
    85 58 eb 55 5b f4 90 e3 7d 43 f6 f4 ed 74 b7 ea
    1d af af d2 ad 8a 26 87 05 d4 bd ab bc 53 ee 0a
    ba 55 ac 19 5f 4d 41 b3 12 f4 af 41 5a 6e 96 b9
    d5 90 5e f5 69 b2 48 e4 3c ea 79 36 43 ba 77 4f
    47 b3 e8 0f a4 17 5b 1e ad a1 3a 6f 29 53 2c 68
    39 39 5f e9 7b 23 58 45 47 43 07 3f 9a 86 75 87
    ea 82 8f 25 ec 3a 23 ee d6 f5 7f 83 58 d8 8a b3
    fb e0 21 05 f7 42 51 d3 16 ed f5 0d 5e a8 e3 17
    f8 a5 9f ab 04 57 6c df 1f 95 c3 9b da 9b 43 78
    f2 f9 c6 11 87 0b f8 6d 1d 50 79 70 b3 28 3f e2
    cb 6a bd 7b 49 4d d7 dc a2 c8 99 8c 1a ec f3 32
    d2 d5 c6 89 00 09 57 42 f5 3a 92 d1 1b 34 5c c4
    4a 51 e0 db 63 49 f6 85 f2 46 5f 0d ed 4f 4b 76
    27 d7 29 ee a3 52 a9 37 50 76 1d 29 22 cb 99 40
    86 32 18 fe de 8e 35 95 b7 7b 8e 32 f7 04 d9 ac
    87 69 f8 9e 88 9f 5f a2 54 d7 4e ba 96 7d df 10
    f4 c0 2c 4b 8a 3c 25 42 54 b1 08 c9 7f 4a c0 6b
    1c b8 04 3a a2 ac 8d f0 d5 1f aa 89 42 e1 94 83
    54 61 db c6 2b f5 e4 aa c4 b7 ef 02 e5 73 31 a0
    53 49 95 83 2d 22 4d 85 e8 c7 35 38 89 3a 47 63
    e7 76 a0 b9 90 19 7b c3 f3 23 0e 41 ed d4 0d 55
    0a 33 74 cd 8a 1d 86 5e aa f0 92 45 3f 3c 53 dd
    b9 e2 cf 04 fc d5 6b 1b 76 ee 8b d9 00 83 0d ff
    5e 45 66 7e 31 9d 8d e2 4c db 91 2d e9 0f 8a 2e
    3c 21 0d 3e 24 5a 5e 64 cf f9 54 73 80 24 65 3c
    6e 57 3b 1e d4 be b1 76 1c 65 04 4e d7 63 6d 69
    00 cc a2 78 8f b8 c4 b4 7a 66 d0 e9 31 fc a1 69
    6f 9a 78 23 c1 39 7e 73 38 eb a7 2d 15 c8 fb 49
    4c 2a 2f 6a 47 75 f0 f0 76 c1 bb 32 d7 4d dd 90
    6d 12 ba 01 ec 46 4d 79 af 36
<<< TLS 1.2, RecordHeader [length 0005]
    17 03 03 00 17
<<< TLS 1.3, InnerContent [length 0001]
    16
<<< TLS 1.3, Handshake [length 0006], EncryptedExtensions
    08 00 00 02 00 00
<<< TLS 1.2, RecordHeader [length 0005]
    17 03 03 03 47
<<< TLS 1.3, InnerContent [length 0001]
    16
<<< TLS 1.3, Handshake [length 0336], Certificate
    0b 00 03 32 00 00 03 2e 00 03 29 30 82 03 25 30
    82 02 0d a0 03 02 01 02 02 01 02 30 0d 06 09 2a
    86 48 86 f7 0d 01 01 0b 05 00 30 12 31 10 30 0e
    06 03 55 04 03 0c 07 52 6f 6f 74 20 43 41 30 20
    17 0d 31 36 30 31 31 34 32 32 32 39 34 36 5a 18
    0f 32 31 31 36 30 31 31 35 32 32 32 39 34 36 5a
    30 19 31 17 30 15 06 03 55 04 03 0c 0e 73 65 72
    76 65 72 2e 65 78 61 6d 70 6c 65 30 82 01 22 30
    0d 06 09 2a 86 48 86 f7 0d 01 01 01 05 00 03 82
    01 0f 00 30 82 01 0a 02 82 01 01 00 d5 5d 60 6a
    df fc 61 ee 48 aa 8c 11 48 43 a5 6d b6 52 5d aa
    98 49 b1 61 92 35 b1 fc 3a 04 25 0c 6d 79 ff b4
    d5 c9 e9 5c 1c 3b e0 ab b3 b8 7d a3 de 6d bd e0
    dd d7 5a bf 14 47 11 42 5e a6 82 d0 61 c1 7f dd
    13 46 e6 09 85 07 0e f2 d4 fc 1a 64 d2 0a ad 20
    ab 20 6b 96 f0 ad cc c4 19 53 55 dc 01 1d a4 b3
    ef 8a b4 49 53 5d 8a 05 1c f1 dc e1 44 bf c5 d7
    e2 77 19 57 5c 97 0b 75 ee 88 43 71 0f ca 6c c1
    b4 b2 50 a7 77 46 6c 58 0f 11 bf f1 76 24 5a ae
    39 42 b7 51 67 29 e1 d0 55 30 6f 17 e4 91 ea ad
    f8 28 c2 43 6f a2 64 a9 fb 9d 98 92 62 48 3e eb
    0d 4f 82 4a 8a ff 3f 72 ee 96 b5 ae a1 c1 98 ba
    ef 7d 90 75 6d ff 5a 52 9e ab f5 c0 7e d0 87 43
    db 85 07 07 0f 7d 38 7a fd d1 d3 ee 65 1d d3 ea
    39 6a 87 37 ee 4a d3 e0 0d 6e f5 70 ac c2 bd f1
    6e f3 92 95 5e a9 f0 a1 65 95 93 8d 02 03 01 00
    01 a3 7d 30 7b 30 1d 06 03 55 1d 0e 04 16 04 14
    c0 e7 84 bf e8 59 27 33 10 b0 52 4f 51 52 2f 06
    d6 c0 7a cd 30 1f 06 03 55 1d 23 04 18 30 16 80
    14 70 7f 2e ae 83 68 59 98 04 23 2a cd eb 3e 17
    cd 24 dd 01 49 30 09 06 03 55 1d 13 04 02 30 00
    30 13 06 03 55 1d 25 04 0c 30 0a 06 08 2b 06 01
    05 05 07 03 01 30 19 06 03 55 1d 11 04 12 30 10
    82 0e 73 65 72 76 65 72 2e 65 78 61 6d 70 6c 65
    30 0d 06 09 2a 86 48 86 f7 0d 01 01 0b 05 00 03
    82 01 01 00 7b d3 04 43 75 8a 0f 11 ae c4 fb d7
    a1 a2 9e fe 20 18 d5 f4 2f 31 88 46 b6 75 8c ee
    e5 9b 97 a6 b9 a3 cd 60 9a 46 c3 48 97 e5 97 68
    f7 5a 86 35 73 d9 69 9e f9 5f 74 b9 e6 94 13 01
    cb 6a dc e3 c4 04 e9 65 da 9c a4 8b 28 f3 f9 9a
    7f bf 97 1f 45 92 e5 05 b1 56 e6 0b f6 47 de 1e
    89 b6 2b e1 4d df 4a 7e 01 d3 23 dc 97 8c 47 fe
    5f c7 cc 98 46 0e c4 83 5b ca 8a f1 52 09 be 6b
    ec 3f 09 8b d0 93 02 bf e1 51 e7 d1 7e 34 56 19
    74 d0 ff 28 25 de b7 9f 56 52 91 7d 20 29 85 0a
    80 44 5f 71 32 25 71 0f c2 16 e2 5f 6b 1d 3f 32
    5b 0a 3c 74 1c b9 62 f1 ed 07 50 a3 6d b4 b4 31
    0a c0 53 44 6a 3a 88 84 8b 2d a9 b0 37 8e e6 18
    36 bd 9a 20 40 0f 01 92 8b 3d aa 61 e7 ae 2c ed
    36 cd 3a 07 86 74 3a 29 b3 d7 3a b4 00 a9 c2 f5
    92 78 0e e2 0f a3 fe bb be e0 06 53 84 59 1d 90
    69 e5 b6 f9 00 00
<<< TLS 1.2, RecordHeader [length 0005]
    17 03 03 01 19
<<< TLS 1.3, InnerContent [length 0001]
    16
<<< TLS 1.3, Handshake [length 0108], CertificateVerify
    0f 00 01 04 08 04 01 00 37 6a 71 2b 18 4a b7 25
    a1 1c 0c 12 4c 63 e3 8e d7 7d 05 db 2d 28 2a b0
    25 8c f8 87 fd 75 c4 41 37 7c 8f 34 97 32 2a c5
    10 db 0a 3b 6d bf a6 dd 99 6d e1 e3 0b 6a 8a af
    ac 4f 2e ea c3 d2 40 8e 2d d9 5f 2f 11 50 24 5d
    b5 04 9b 3b e3 d9 34 83 8b 74 43 27 a8 b8 42 64
    aa 54 5c 9d bc 5a 8e 97 2e 1b ee e6 6a bd e5 f7
    7e da 5a 2c 01 8b ec e0 a3 cf 78 99 f9 b3 dc a6
    ad a4 74 90 61 53 94 6f f5 f2 69 39 ae 3f c4 5b
    63 da 48 97 ca 4d 67 9c a2 58 59 38 d4 a8 f7 47
    03 d4 6a 6b 9d de 3e 2d 1b 97 e7 93 57 74 33 d5
    d6 4a 12 93 c3 b2 db ab 2b 3a 0e 19 39 d8 47 3f
    de 23 43 2b 23 00 40 0a 5b 55 42 89 aa 48 0c b2
    73 bf 0e 30 cb b2 78 50 3a 5c d5 03 52 5f d2 7f
    0a 2a 57 94 35 9e 93 3f 43 e2 06 49 f8 6c f1 9d
    a3 80 cf 43 49 48 3d 7d 84 84 81 09 b5 eb 1b c5
    4d b1 dd 5a 40 22 46 b1
<<< TLS 1.2, RecordHeader [length 0005]
    17 03 03 00 45
<<< TLS 1.3, InnerContent [length 0001]
    16
<<< TLS 1.3, Handshake [length 0034], Finished
    14 00 00 30 7e eb 19 bb 59 ed 89 37 a1 54 53 3d
    ed a8 29 72 68 6d 6f ae 61 f1 56 72 6c 45 d9 55
    ff ec fa 41 e1 54 86 73 43 bf f9 c0 49 2f a7 45
    99 67 1c d6
>>> TLS 1.2, RecordHeader [length 0005]
    17 03 03 00 45
>>> TLS 1.2, InnerContent [length 0001]
    16
>>> TLS 1.3, Handshake [length 0034], Finished
    14 00 00 30 b7 b2 d0 38 38 44 f2 cb 71 95 67 c0
    27 98 bc 95 14 00 8c 96 3e 46 94 c8 30 2b 40 91
    31 c5 d6 bd ff 81 bc 9e 20 61 f4 b5 c6 30 d1 a8
    be 21 10 e8
---
Certificate chain
 0 s:CN=server.example
   i:CN=Root CA
   a:PKEY: RSA, 2048 (bit); sigalg: sha256WithRSAEncryption
   v:NotBefore: Jan 14 22:29:46 2016 GMT; NotAfter: Jan 15 22:29:46 2116 GMT
---
Server certificate
-----BEGIN CERTIFICATE-----
MIIDJTCCAg2gAwIBAgIBAjANBgkqhkiG9w0BAQsFADASMRAwDgYDVQQDDAdSb290
IENBMCAXDTE2MDExNDIyMjk0NloYDzIxMTYwMTE1MjIyOTQ2WjAZMRcwFQYDVQQD
DA5zZXJ2ZXIuZXhhbXBsZTCCASIwDQYJKoZIhvcNAQEBBQADggEPADCCAQoCggEB
ANVdYGrf/GHuSKqMEUhDpW22Ul2qmEmxYZI1sfw6BCUMbXn/tNXJ6VwcO+Crs7h9
o95tveDd11q/FEcRQl6mgtBhwX/dE0bmCYUHDvLU/Bpk0gqtIKsga5bwrczEGVNV
3AEdpLPvirRJU12KBRzx3OFEv8XX4ncZV1yXC3XuiENxD8pswbSyUKd3RmxYDxG/
8XYkWq45QrdRZynh0FUwbxfkkeqt+CjCQ2+iZKn7nZiSYkg+6w1PgkqK/z9y7pa1
rqHBmLrvfZB1bf9aUp6r9cB+0IdD24UHBw99OHr90dPuZR3T6jlqhzfuStPgDW71
cKzCvfFu85KVXqnwoWWVk40CAwEAAaN9MHswHQYDVR0OBBYEFMDnhL/oWSczELBS
T1FSLwbWwHrNMB8GA1UdIwQYMBaAFHB/Lq6DaFmYBCMqzes+F80k3QFJMAkGA1Ud
EwQCMAAwEwYDVR0lBAwwCgYIKwYBBQUHAwEwGQYDVR0RBBIwEIIOc2VydmVyLmV4
YW1wbGUwDQYJKoZIhvcNAQELBQADggEBAHvTBEN1ig8RrsT716Ginv4gGNX0LzGI
RrZ1jO7lm5emuaPNYJpGw0iX5Zdo91qGNXPZaZ75X3S55pQTActq3OPEBOll2pyk
iyjz+Zp/v5cfRZLlBbFW5gv2R94eibYr4U3fSn4B0yPcl4xH/l/HzJhGDsSDW8qK
8VIJvmvsPwmL0JMCv+FR59F+NFYZdND/KCXet59WUpF9ICmFCoBEX3EyJXEPwhbi
X2sdPzJbCjx0HLli8e0HUKNttLQxCsBTRGo6iISLLamwN47mGDa9miBADwGSiz2q
YeeuLO02zToHhnQ6KbPXOrQAqcL1kngO4g+j/ru+4AZThFkdkGnltvk=
-----END CERTIFICATE-----
subject=CN=server.example
issuer=CN=Root CA
---
No client certificate CA names sent
Peer signing digest: SHA256
Peer signature type: rsa_pss_rsae_sha256
Negotiated TLS1.3 group: X25519MLKEM768
---
SSL handshake has read 2546 bytes and written 1702 bytes
Verification error: unable to verify the first certificate
---
New, TLSv1.3, Cipher is TLS_AES_256_GCM_SHA384
Protocol: TLSv1.3
Server public key is 2048 bit
This TLS version forbids renegotiation.
Compression: NONE
Expansion: NONE
No ALPN negotiated
Early data was not sent
Verify return code: 21 (unable to verify the first certificate)
---
>>> TLS 1.2, RecordHeader [length 0005]
    17 03 03 00 13
>>> TLS 1.2, InnerContent [length 0001]
    15
>>> TLS 1.3, Alert [length 0002], warning close_notify
    01 00
Connecting to 127.0.0.1
SSL_connect:before SSL initialization
SSL_connect:SSLv3/TLS write client hello
SSL_connect:SSLv3/TLS write client hello
SSL_connect:SSLv3/TLS read server hello
SSL_connect:SSLv3/TLS write change cipher spec
SSL_connect:SSLv3/TLS write client hello
SSL_connect:SSLv3/TLS write client hello
SSL_connect:SSLv3/TLS read server hello
Can't use SSL_get_servername
SSL_connect:TLSv1.3 read encrypted extensions
depth=0 CN=server.example
verify error:num=20:unable to get local issuer certificate
verify return:1
depth=0 CN=server.example
verify error:num=21:unable to verify the first certificate
verify return:1
depth=0 CN=server.example
verify return:1
SSL_connect:SSLv3/TLS read server certificate
SSL_connect:TLSv1.3 read server certificate verify
SSL_connect:SSLv3/TLS read finished
SSL_connect:SSLv3/TLS write finished
DONE
SSL3 alert write:warning:close notify
