CONNECTED(00000003)
>>> TLS 1.0, RecordHeader [length 0005]
    16 03 01 00 d6
>>> TLS 1.3, Handshake [length 00d6], ClientHello
    01 00 00 d2 03 03 43 d7 26 ad d8 f1 39 94 5a 30
    05 af e2 27 7d 4e ea 77 0a 8a d8 f3 44 36 25 7e
    36 23 18 12 d6 92 20 ae 98 ac 41 25 79 82 fd ed
    a4 4e ea cd b7 dd 51 eb 41 40 24 14 c0 97 79 db
    a1 7d 08 fa 1a aa 6c 00 06 13 02 13 03 13 01 01
    00 00 83 00 0b 00 04 03 00 01 02 00 0a 00 06 00
    04 00 1d 11 ec 00 23 00 00 00 16 00 00 00 17 00
    00 00 0d 00 2a 00 28 09 05 09 06 09 04 04 03 05
    03 06 03 08 07 08 08 08 1a 08 1b 08 1c 08 09 08
    0a 08 0b 08 04 08 05 08 06 04 01 05 01 06 01 00
    2b 00 03 02 03 04 00 2d 00 02 01 01 00 33 00 26
    00 24 00 1d 00 20 ef d9 d4 88 81 ee 59 71 60 db
    9c 34 c6 4a 3f 5a bd 69 55 ad 23 12 f6 9f 99 8e
    f1 8c 1e 5f 3c 35
<<< TLS 1.2, RecordHeader [length 0005]
    16 03 03 00 58
<<< TLS 1.3, Handshake [length 0058], ServerHello
    02 00 00 54 03 03 cf 21 ad 74 e5 9a 61 11 be 1d
    8c 02 1e 65 b8 91 c2 a2 11 16 7a bb 8c 5e 07 9e
    09 e2 c8 a8 33 9c 20 ae 98 ac 41 25 79 82 fd ed
    a4 4e ea cd b7 dd 51 eb 41 40 24 14 c0 97 79 db
    a1 7d 08 fa 1a aa 6c 13 02 00 00 0c 00 2b 00 02
    03 04 00 33 00 02 11 ec
>>> TLS 1.2, RecordHeader [length 0005]
    14 03 03 00 01
>>> TLS 1.3, ChangeCipherSpec [length 0001]
    01
>>> TLS 1.2, RecordHeader [length 0005]
    16 03 03 05 76
>>> TLS 1.3, Handshake [length 0576], ClientHello
    01 00 05 72 03 03 43 d7 26 ad d8 f1 39 94 5a 30
    05 af e2 27 7d 4e ea 77 0a 8a d8 f3 44 36 25 7e
    36 23 18 12 d6 92 20 ae 98 ac 41 25 79 82 fd ed
    a4 4e ea cd b7 dd 51 eb 41 40 24 14 c0 97 79 db
    a1 7d 08 fa 1a aa 6c 00 06 13 02 13 03 13 01 01
    00 05 23 00 0b 00 04 03 00 01 02 00 0a 00 06 00
    04 00 1d 11 ec 00 23 00 00 00 16 00 00 00 17 00
    00 00 0d 00 2a 00 28 09 05 09 06 09 04 04 03 05
    03 06 03 08 07 08 08 08 1a 08 1b 08 1c 08 09 08
    0a 08 0b 08 04 08 05 08 06 04 01 05 01 06 01 00
    2b 00 03 02 03 04 00 2d 00 02 01 01 00 33 04 c6
    04 c4 11 ec 04 c0 69 f4 8d c6 d6 77 97 e6 3c 7b
    29 cc 8c 5a a5 89 d9 28 ca b4 7d 2f b6 50 82 e9
    1f a3 ab 0a 35 34 3c 51 98 a6 7d bb ac 2d a9 57
    58 e5 17 ac 5c 39 bb c4 ad 21 d2 49 5d 46 0d a7
    91 46 c1 91 8d 1c 08 5a fc 11 af 66 27 6f a3 7a
    92 44 eb 6b 43 9a 90 00 b4 58 90 f7 bf 53 cc c1
    21 b8 4f 57 fb ca 3d 19 2e 66 b3 73 38 84 88 97
    b3 59 44 35 16 5a 51 92 24 cc 07 2d 57 8a d9 0c
    76 89 d6 22 9b 04 6a 3b d4 a2 af d7 b9 59 d0 1b
    67 f7 70 67 a5 b8 4b e2 76 91 8b 40 58 70 b0 6a
    97 b3 03 84 38 6b 30 bd 33 c6 42 ae f6 a9 fc 66
    cf 6d b4 cc 44 fa 96 c9 0c 6f 2e bc ba 5a d2 b0
    fb 18 6e b4 24 5e ae d5 50 1b 57 50 79 70 08 42
    f3 79 17 d2 07 ba 58 70 6b a0 33 49 36 c3 fb e2
    bf ff d9 31 3d 5a 13 9f 1b 1b bc 03 52 aa 21 06
    e0 db 91 59 14 1a 73 74 b9 b6 b1 97 64 54 7e 4d
    a9 49 6a 87 31 59 c6 aa c0 9c 02 c1 f7 69 b0 2a
    29 a7 37 76 ac a3 58 c8 38 85 cc d2 54 5d 10 1e
    80 7c 7a 57 36 3b 7a 12 68 d0 55 1d d8 12 69 fc
    13 b1 6d e3 86 af c5 65 07 53 5e 91 b8 cf a4 1b
    2d d3 31 2f a1 88 14 4e 59 7f 27 09 c9 19 eb 7f
    1b 24 95 53 47 1b d8 c6 30 d9 ec a3 b1 85 89 3b
    46 8a 2d c0 15 f1 d1 c7 04 d4 38 f6 23 3b e3 a1
    85 5e b8 6b 47 09 65 a5 c9 65 a0 fb 0a 81 8c c4
    0d 62 20 af 51 9e 4c 12 bf 46 bc 1b 95 9b 54 85
    26 71 1a 02 88 11 89 4b 57 a2 95 53 30 94 05 9b
    43 1c ac 2d b8 c7 0e b8 65 61 d0 b6 5b 3c a9 4c
    73 db 8a 07 31 54 24 51 1a d9 70 6b 44 f1 18 28
    b6 8a 43 86 83 b2 74 63 91 01 60 7d 08 be d2 90
    76 9d bb 7a 6b ac 83 53 57 a9 70 c7 b3 0e c3 98
    f1 ba a5 da 4b 0c a2 22 c2 f5 4b 28 17 4c 69 ff
    59 aa 8b 8a 69 7b 10 1f 78 d4 05 b2 85 2e af 4b
    45 c4 42 17 fc 30 7d 27 7c 64 42 5a 53 a1 96 6e
    40 0c 7a 9e 09 97 7d b9 02 c4 57 1c 42 1c 88 6a
    64 0f 32 77 bd 7e f8 af d2 32 5f 9d 96 0c 00 3d
    7b cd 40 09 e6 fa 92 04 7b c1 00 8b 2f 54 eb a7
    10 b2 6c d5 c6 59 fe 0b b4 02 d2 1d ba 7a 34 c2
    4a 90 6e 4b 31 ee dc b7 a4 c7 01 69 c4 a9 79 e6
    b5 86 35 76 38 27 3f 9a 25 a3 16 37 87 f8 bc 6f
    18 5a 59 a9 92 13 8d fc 16 8c 0b a3 ba 5b c5 d6
    b8 63 b7 61 c7 76 83 1b 28 63 02 01 49 cc 63 47
    90 e9 88 33 ce 5c 99 1e 02 6a 39 85 0b 2d eb 84
    76 b2 99 89 55 2a e8 58 bc f2 7a 27 17 fc 4a bc
    ba 26 e9 08 2c 69 e4 b0 35 23 aa 9a c6 66 8e 56
    6f 0c 84 be 7c 94 82 90 89 ac 67 d7 87 2f 5b 9c
    3f 33 a8 82 fc 8c 5f a8 27 07 80 6e ad ca a6 66
    8a cc f8 99 af 6d 43 12 14 cb 77 56 bb a8 4f b2
    03 72 a1 23 3a b8 b7 6c 34 87 22 62 40 2b d2 4e
    56 0b 38 9a 15 17 26 34 26 c3 19 69 ce f9 c0 8b
    70 a5 7e 25 a2 9a bc 12 8d 5c a7 aa 41 cc 1d 00
    6f cc ab 5c a4 e1 23 35 e4 5c 11 79 31 75 f9 67
    3f 70 4c 72 c0 89 4f 78 3e 6b 9a 65 24 03 79 22
    ca cb 2e 1c a6 79 2b 3e 33 d1 55 0a 9b 95 4c 36
    60 b9 43 10 82 19 92 8b b0 82 e8 f8 b4 69 75 4e
    c3 c1 2a a7 82 1c a7 b5 c9 7a 60 1f f5 1c 72 72
    80 a4 a4 31 ad 11 77 64 fc 48 29 96 37 0b 61 9a
    ac 82 a2 4d bd d8 c7 4c ba b6 57 3b 1b 50 ea 7a
    68 87 32 aa 57 b5 30 70 95 a2 fb 45 6d cc 46 40
    25 84 14 60 7b f6 e5 25 05 37 54 97 c1 20 4a 82
    a0 c8 47 82 38 6b 88 2a e3 aa 96 48 7e 1f 95 1c
    eb 86 9f ac d0 ad 9e 22 43 fa f2 a2 48 39 2d 17
    1a 4a 03 16 a8 df a3 13 9d 82 39 83 d1 4e 08 b0
    83 15 d8 7d 22 48 55 b7 f0 6c 6a 13 90 4c a9 b5
    24 70 76 65 0a 44 0a a1 07 7d 52 0b f3 6b 84 03
    9b 4d c5 a7 97 99 f3 c0 e2 32 6b 6c d7 3b 09 11
    3a 67 51 79 e8 82 07 43 13 c9 62 d4 75 32 76 00
    e8 e9 97 85 50 54 45 29 42 9d d7 97 49 f7 26 48
    98 98 4b a2 bb 84 a9 32 d7 9b c1 a1 2b 83 33 dc
    c9 e5 bb 80 b9 d4 91 ea a3 ac 6a a5 87 73 91 a6
    d5 47 4b 38 ca 79 16 e7 a8 5f a7 85 13 2b 8c f8
    a0 82 0f d2 b2 af c2 46 7b 0a 26 17 68 89 80 ba
    8f 83 fb 3d 08 30 4b a4 d0 66 6e 70 42 b7 64 16
    3f b2 c3 f8 a4 22 ae a5 08 75 55 1c ae 69 4c 97
    42 d0 73 90 84 bb ac dd 36 da e3 ad 63 b5 3c 16
    aa 00 04 d8 4d c2 e8 b1 ae 63 d0 f3 40 a4 ac 8f
    2d 21 69 a9 7b d4 b0 35 96 10 fc 03 9a 83 f8 cd
    29 59 f1 c2 bb 24
<<< TLS 1.2, RecordHeader [length 0005]
    14 03 03 00 01
<<< TLS 1.3, ChangeCipherSpec [length 0001]
    01
<<< TLS 1.2, RecordHeader [length 0005]
    16 03 03 04 ba
<<< TLS 1.3, Handshake [length 04ba], ServerHello
    02 00 04 b6 03 03 21 11 18 36 57 9a 5d 7a 0a 4a
    97 08 7e e3 e7 3f 96 ce 62 53 ad f6 dc 05 68 93
    a9 aa 05 dc 4a fa 20 ae 98 ac 41 25 79 82 fd ed
    a4 4e ea cd b7 dd 51 eb 41 40 24 14 c0 97 79 db
    a1 7d 08 fa 1a aa 6c 13 02 00 04 6e 00 2b 00 02
    03 04 00 33 04 64 11 ec 04 60 ea 7d cd 9f 7b 1b
    6d 83 a2 77 54 1f b5 5c 0a 6a 3b 86 63 49 9c 9d
    36 d2 bc e8 34 5b 18 63 b7 00 9d fe 66 37 58 b7
    d7 dd 1c 99 b1 32 fe ab 9f ae 2b 87 6b 74 92 65
    03 5e 6b b1 9d 0a d3 1a e7 28 18 f6 3a 6b e1 83
    7d 83 78 a8 c9 38 75 a9 8f 70 ad 6c 7c 82 08 b2
    8b d5 8a 39 97 ca 51 63 5c 8b 4a 53 97 76 26 f8
    52 0b a6 81 26 e5 f0 db ab 1c 12 8a ea 37 c5 e5
    63 84 df 16 da 27 99 da 85 cd 9c 14 77 70 58 59
    c2 11 17 ac 98 8b 03 8d f6 ec fe f2 85 62 d9 0d
    d7 48 e5 84 19 3b 38 51 7f 9b fc a4 a0 d9 ef 85
    43 c6 67 fd 86 04 27 e6 c7 71 f2 df 72 37 34 c7
    68 3a 82 55 4a 8a 34 7f ee 46 5a 06 fb 8d 41 5d
    70 74 9e eb 41 17 79 f6 ad d5 83 ed 07 77 2e 2a
    f2 10 3a 49 1f 31 5f df e8 0b 1c 7e 65 cd b0 33
    ac 76 5f fe fb 8b df 0f fe b5 ac e3 40 a8 68 e5
    1c e2 54 23 b9 44 fa 32 d8 51 59 ba a2 48 a0 be
    3a b7 2e d5 00 32 79 24 fc 3b fb 09 3c 30 94 7d
    d4 e4 d3 78 f9 29 08 c7 20 69 07 96 18 98 b2 91
    d9 d8 42 25 7b 00 53 f0 48 ab 1c d8 1b d5 fc 41
    2c 71 a6 c4 c0 1b 62 97 f3 27 4d 09 57 0e 24 86
    96 f1 14 95 6f 61 c3 d5 8e da d3 5c 75 c0 f1 d6
    ba 29 06 8f bb 96 77 c4 35 14 c9 c4 7a ea 62 ae
    c8 ce a3 76 a1 a5 b0 6e 38 1a 5e 3a b7 2b 18 b8
    95 2b f5 f2 a7 ff 0d ae 20 3f 9b 18 6e e4 70 9a
    1d 48 e5 2a ed 76 d4 22 30 9b 8f fa 5f 7e 42 54
    1a 51 43 71 dc 09 b5 3f 4c 97 2c bf 19 1d db 13
    13 1f 9d 5b b5 4d ca dd 4e ab 4c fb cd cc ae 97
    4d 96 1e df 1b e2 9f e5 18 ea 17 35 c1 06 d6 2b
    06 b5 74 3e 63 f4 eb b0 ea 31 d9 24 38 e7 f2 bf
    de 1d 5f 33 25 05 a4 40 10 55 32 72 06 6a 03 76
    2b ec 0d 9f b2 eb 0d 5c b0 c3 48 e1 98 e6 84 e4
    d7 c0 2a e2 22 03 1e dc 53 1f 99 f9 ac b7 7a 96
    58 95 89 2d 2c 79 93 06 d8 58 28 e3 0b 90 c9 d8
    c8 1f d7 cb 0e 98 0d 0d c1 a7 5c 05 08 bb 54 51
    47 0a 33 32 fb aa 06 05 09 3b 7b 01 12 08 8f 94
    b9 c0 27 14 5f 08 bf f6 cf 49 22 ac 89 a1 2f 04
    86 a5 39 14 63 51 b6 95 14 08 66 1a e0 24 4b f2
    73 25 d7 ca d1 45 2d 49 54 b5 5d e6 25 31 18 aa
    af c3 30 c2 4e 01 9a 6b d9 9e 1c c7 ec bf a0 bf
    80 99 af 02 e1 ed b3 6e ae b9 ba 3d 7c 83 eb cf
    65 ed c8 b5 84 8a 43 e9 f9 7f cc 6a 4e 56 e3 54
    bf 1a ca ad 6f 0a b6 6f b5 cb c6 43 ca 36 0b db
    7a 74 a4 ff d3 89 13 57 ed 29 47 fe a6 9f 05 63
    1f 8a 7b 9d 90 b8 73 c1 54 0b c4 d9 99 4e 60 42
    9d f6 58 a1 6e 9b 34 53 97 9e e8 01 88 9e 76 b1
    6f 1a be ae 41 da 18 c9 8c 0a 9b 4a 8c a8 2d 8e
    dc ef d0 f8 a1 cc 7e a8 b3 a2 bf 77 5c 9f 9d 45
    a3 04 c2 7c db a4 26 2e 22 ef 54 bf 68 ea 61 14
    59 40 20 57 a9 c9 28 06 ce b1 af ed 10 0a d2 6d
    ce 0a c9 bb 1c 55 ac ce 30 89 8f 61 63 25 b0 03
    7b fc c0 0b 7d 1b 0e 50 38 a0 f3 17 d9 78 60 de
    bb 8c 2b eb cb 9b 6f cd e4 96 47 84 e7 a7 2d a0
    3a 4e f4 b0 0e 26 84 15 39 5a 56 28 37 6e aa cf
    00 03 86 3d 5a e6 e4 3c dc b0 87 67 62 9b 56 36
    d7 7c a3 4c 39 da 8b 51 01 41 16 14 e5 83 1d cf
    40 8d eb 69 75 0a aa 3d 5a dc 09 03 e9 87 0c 21
    c0 ac c0 d9 38 df 25 3b 7e 4b 28 5d a5 6d 2e ba
    f1 af 78 76 eb f4 04 92 35 9a 53 07 5d 57 1c c7
    57 40 fb cc a2 e3 04 72 97 b8 97 30 e9 99 35 c5
    9d 24 c9 de 3a b9 12 d5 88 94 78 cd 0d 7f 70 0d
    97 4a cd 36 a2 00 57 71 09 55 d1 6f 24 73 11 a0
    da 23 9c 3c 37 df 47 ee c7 d2 c2 31 68 35 91 ce
    e4 40 4b 22 8a 22 7f 96 f4 92 8c 73 04 55 60 9d
    8f 09 39 25 11 79 ba bf d3 1e 50 46 ed 33 58 fa
    a2 c6 a4 51 56 7c a7 3d cf 23 8e ff 03 02 27 29
    3d 42 f7 6a 41 cc 08 53 86 29 2e 22 f6 3c aa 4c
    c1 c3 20 44 24 a1 e0 01 96 62 17 79 d5 57 ec 9e
    f6 5d eb b3 56 b2 b7 d7 90 e2 77 0a 67 9b 88 2f
    b4 91 4f 90 d5 f3 80 67 25 31 8e bb 9f 95 7b 6b
    c3 97 65 fd ec 6a ce af 14 6c
<<< TLS 1.2, RecordHeader [length 0005]
    17 03 03 00 17
<<< TLS 1.3, InnerContent [length 0001]
    16
<<< TLS 1.3, Handshake [length 0006], EncryptedExtensions
    08 00 00 02 00 00
<<< TLS 1.2, RecordHeader [length 0005]
    17 03 03 03 47
<<< TLS 1.3, InnerContent [length 0001]
    16
<<< TLS 1.3, Handshake [length 0336], Certificate
    0b 00 03 32 00 00 03 2e 00 03 29 30 82 03 25 30
    82 02 0d a0 03 02 01 02 02 01 02 30 0d 06 09 2a
    86 48 86 f7 0d 01 01 0b 05 00 30 12 31 10 30 0e
    06 03 55 04 03 0c 07 52 6f 6f 74 20 43 41 30 20
    17 0d 31 36 30 31 31 34 32 32 32 39 34 36 5a 18
    0f 32 31 31 36 30 31 31 35 32 32 32 39 34 36 5a
    30 19 31 17 30 15 06 03 55 04 03 0c 0e 73 65 72
    76 65 72 2e 65 78 61 6d 70 6c 65 30 82 01 22 30
    0d 06 09 2a 86 48 86 f7 0d 01 01 01 05 00 03 82
    01 0f 00 30 82 01 0a 02 82 01 01 00 d5 5d 60 6a
    df fc 61 ee 48 aa 8c 11 48 43 a5 6d b6 52 5d aa
    98 49 b1 61 92 35 b1 fc 3a 04 25 0c 6d 79 ff b4
    d5 c9 e9 5c 1c 3b e0 ab b3 b8 7d a3 de 6d bd e0
    dd d7 5a bf 14 47 11 42 5e a6 82 d0 61 c1 7f dd
    13 46 e6 09 85 07 0e f2 d4 fc 1a 64 d2 0a ad 20
    ab 20 6b 96 f0 ad cc c4 19 53 55 dc 01 1d a4 b3
    ef 8a b4 49 53 5d 8a 05 1c f1 dc e1 44 bf c5 d7
    e2 77 19 57 5c 97 0b 75 ee 88 43 71 0f ca 6c c1
    b4 b2 50 a7 77 46 6c 58 0f 11 bf f1 76 24 5a ae
    39 42 b7 51 67 29 e1 d0 55 30 6f 17 e4 91 ea ad
    f8 28 c2 43 6f a2 64 a9 fb 9d 98 92 62 48 3e eb
    0d 4f 82 4a 8a ff 3f 72 ee 96 b5 ae a1 c1 98 ba
    ef 7d 90 75 6d ff 5a 52 9e ab f5 c0 7e d0 87 43
    db 85 07 07 0f 7d 38 7a fd d1 d3 ee 65 1d d3 ea
    39 6a 87 37 ee 4a d3 e0 0d 6e f5 70 ac c2 bd f1
    6e f3 92 95 5e a9 f0 a1 65 95 93 8d 02 03 01 00
    01 a3 7d 30 7b 30 1d 06 03 55 1d 0e 04 16 04 14
    c0 e7 84 bf e8 59 27 33 10 b0 52 4f 51 52 2f 06
    d6 c0 7a cd 30 1f 06 03 55 1d 23 04 18 30 16 80
    14 70 7f 2e ae 83 68 59 98 04 23 2a cd eb 3e 17
    cd 24 dd 01 49 30 09 06 03 55 1d 13 04 02 30 00
    30 13 06 03 55 1d 25 04 0c 30 0a 06 08 2b 06 01
    05 05 07 03 01 30 19 06 03 55 1d 11 04 12 30 10
    82 0e 73 65 72 76 65 72 2e 65 78 61 6d 70 6c 65
    30 0d 06 09 2a 86 48 86 f7 0d 01 01 0b 05 00 03
    82 01 01 00 7b d3 04 43 75 8a 0f 11 ae c4 fb d7
    a1 a2 9e fe 20 18 d5 f4 2f 31 88 46 b6 75 8c ee
    e5 9b 97 a6 b9 a3 cd 60 9a 46 c3 48 97 e5 97 68
    f7 5a 86 35 73 d9 69 9e f9 5f 74 b9 e6 94 13 01
    cb 6a dc e3 c4 04 e9 65 da 9c a4 8b 28 f3 f9 9a
    7f bf 97 1f 45 92 e5 05 b1 56 e6 0b f6 47 de 1e
    89 b6 2b e1 4d df 4a 7e 01 d3 23 dc 97 8c 47 fe
    5f c7 cc 98 46 0e c4 83 5b ca 8a f1 52 09 be 6b
    ec 3f 09 8b d0 93 02 bf e1 51 e7 d1 7e 34 56 19
    74 d0 ff 28 25 de b7 9f 56 52 91 7d 20 29 85 0a
    80 44 5f 71 32 25 71 0f c2 16 e2 5f 6b 1d 3f 32
    5b 0a 3c 74 1c b9 62 f1 ed 07 50 a3 6d b4 b4 31
    0a c0 53 44 6a 3a 88 84 8b 2d a9 b0 37 8e e6 18
    36 bd 9a 20 40 0f 01 92 8b 3d aa 61 e7 ae 2c ed
    36 cd 3a 07 86 74 3a 29 b3 d7 3a b4 00 a9 c2 f5
    92 78 0e e2 0f a3 fe bb be e0 06 53 84 59 1d 90
    69 e5 b6 f9 00 00
<<< TLS 1.2, RecordHeader [length 0005]
    17 03 03 01 19
<<< TLS 1.3, InnerContent [length 0001]
    16
<<< TLS 1.3, Handshake [length 0108], CertificateVerify
    0f 00 01 04 08 04 01 00 0b a6 2b 64 38 a9 17 ee
    26 f4 c7 f1 69 50 d6 df b9 3f 87 a5 5d 7e 77 cf
    7f 9b d3 af 17 5a 55 3c 05 64 ff 30 27 e9 ca 78
    2a ce d0 6e 93 6f 4d 82 7a e0 85 27 a2 29 e3 ef
    09 5a f9 70 59 93 e8 1b f2 bd 22 06 7e 54 f2 de
    9b 52 c3 6b 7d fa 75 cf 5e f3 e0 2c fe ab 0a 26
    9c 1b fc 71 9c 7d 04 08 04 94 37 5c 35 7b 05 c1
    e3 d5 84 4b 9a 61 68 50 38 4a 36 c7 33 bc 5c 38
    4f 63 44 38 9c 94 b9 6b b9 ed 1b ab a9 4e 39 c5
    37 78 dc 0a 34 03 e8 9f 98 32 be b7 0d b5 3e e2
    bf 53 d5 c0 c8 d8 c2 fe 09 b9 14 d5 34 9d bd b3
    2b 3c ef cd 59 06 30 b6 c2 b3 fc 7a da ed 36 06
    5b 87 92 b2 83 2d fd a4 4c 70 1b d5 29 e2 b9 4a
    5b b9 2f 55 59 df 07 c9 de b5 76 dc 99 0e 23 d9
    24 96 b7 7c fa ae d3 04 a1 b9 cb 06 9a 4f ed 9a
    74 15 9c 9e be cc 48 8e 42 92 d3 c5 9a 92 2e 07
    b1 14 e4 e9 12 90 c8 d5
<<< TLS 1.2, RecordHeader [length 0005]
    17 03 03 00 45
<<< TLS 1.3, InnerContent [length 0001]
    16
<<< TLS 1.3, Handshake [length 0034], Finished
    14 00 00 30 b0 f5 0a 12 49 06 5d 64 b0 ce a9 4f
    a6 9b c5 39 a1 c8 1c 51 d2 f2 77 fc 36 a4 61 40
    ee 32 4b bc b0 f3 0d a7 2b a7 fa 56 9d 4d 9b 7f
    62 24 65 94
>>> TLS 1.2, RecordHeader [length 0005]
    17 03 03 00 45
>>> TLS 1.2, InnerContent [length 0001]
    16
>>> TLS 1.3, Handshake [length 0034], Finished
    14 00 00 30 f8 bb 38 bd 03 76 7a 63 b3 b9 95 87
    af 78 a3 9b 15 1d 5f 40 43 a1 7c bd 7a 7a 5b 65
    5a ea d0 35 19 04 39 2f 11 d0 b4 de c2 ff 97 4e
    7e 67 97 7e
---
Certificate chain
 0 s:CN=server.example
   i:CN=Root CA
   a:PKEY: RSA, 2048 (bit); sigalg: sha256WithRSAEncryption
   v:NotBefore: Jan 14 22:29:46 2016 GMT; NotAfter: Jan 15 22:29:46 2116 GMT
---
Server certificate
-----BEGIN CERTIFICATE-----
MIIDJTCCAg2gAwIBAgIBAjANBgkqhkiG9w0BAQsFADASMRAwDgYDVQQDDAdSb290
IENBMCAXDTE2MDExNDIyMjk0NloYDzIxMTYwMTE1MjIyOTQ2WjAZMRcwFQYDVQQD
DA5zZXJ2ZXIuZXhhbXBsZTCCASIwDQYJKoZIhvcNAQEBBQADggEPADCCAQoCggEB
ANVdYGrf/GHuSKqMEUhDpW22Ul2qmEmxYZI1sfw6BCUMbXn/tNXJ6VwcO+Crs7h9
o95tveDd11q/FEcRQl6mgtBhwX/dE0bmCYUHDvLU/Bpk0gqtIKsga5bwrczEGVNV
3AEdpLPvirRJU12KBRzx3OFEv8XX4ncZV1yXC3XuiENxD8pswbSyUKd3RmxYDxG/
8XYkWq45QrdRZynh0FUwbxfkkeqt+CjCQ2+iZKn7nZiSYkg+6w1PgkqK/z9y7pa1
rqHBmLrvfZB1bf9aUp6r9cB+0IdD24UHBw99OHr90dPuZR3T6jlqhzfuStPgDW71
cKzCvfFu85KVXqnwoWWVk40CAwEAAaN9MHswHQYDVR0OBBYEFMDnhL/oWSczELBS
T1FSLwbWwHrNMB8GA1UdIwQYMBaAFHB/Lq6DaFmYBCMqzes+F80k3QFJMAkGA1Ud
EwQCMAAwEwYDVR0lBAwwCgYIKwYBBQUHAwEwGQYDVR0RBBIwEIIOc2VydmVyLmV4
YW1wbGUwDQYJKoZIhvcNAQELBQADggEBAHvTBEN1ig8RrsT716Ginv4gGNX0LzGI
RrZ1jO7lm5emuaPNYJpGw0iX5Zdo91qGNXPZaZ75X3S55pQTActq3OPEBOll2pyk
iyjz+Zp/v5cfRZLlBbFW5gv2R94eibYr4U3fSn4B0yPcl4xH/l/HzJhGDsSDW8qK
8VIJvmvsPwmL0JMCv+FR59F+NFYZdND/KCXet59WUpF9ICmFCoBEX3EyJXEPwhbi
X2sdPzJbCjx0HLli8e0HUKNttLQxCsBTRGo6iISLLamwN47mGDa9miBADwGSiz2q
YeeuLO02zToHhnQ6KbPXOrQAqcL1kngO4g+j/ru+4AZThFkdkGnltvk=
-----END CERTIFICATE-----
subject=CN=server.example
issuer=CN=Root CA
---
No client certificate CA names sent
Peer signing digest: SHA256
Peer signature type: rsa_pss_rsae_sha256
Negotiated TLS1.3 group: X25519MLKEM768
---
SSL handshake has read 2546 bytes and written 1702 bytes
Verification error: unable to verify the first certificate
---
New, TLSv1.3, Cipher is TLS_AES_256_GCM_SHA384
Protocol: TLSv1.3
Server public key is 2048 bit
This TLS version forbids renegotiation.
Compression: NONE
Expansion: NONE
No ALPN negotiated
Early data was not sent
Verify return code: 21 (unable to verify the first certificate)
---
>>> TLS 1.2, RecordHeader [length 0005]
    17 03 03 00 13
>>> TLS 1.2, InnerContent [length 0001]
    15
>>> TLS 1.3, Alert [length 0002], warning close_notify
    01 00
Connecting to 127.0.0.1
SSL_connect:before SSL initialization
SSL_connect:SSLv3/TLS write client hello
SSL_connect:SSLv3/TLS write client hello
SSL_connect:SSLv3/TLS read server hello
SSL_connect:SSLv3/TLS write change cipher spec
SSL_connect:SSLv3/TLS write client hello
SSL_connect:SSLv3/TLS write client hello
SSL_connect:SSLv3/TLS read server hello
Can't use SSL_get_servername
SSL_connect:TLSv1.3 read encrypted extensions
depth=0 CN=server.example
verify error:num=20:unable to get local issuer certificate
verify return:1
depth=0 CN=server.example
verify error:num=21:unable to verify the first certificate
verify return:1
depth=0 CN=server.example
verify return:1
SSL_connect:SSLv3/TLS read server certificate
SSL_connect:TLSv1.3 read server certificate verify
SSL_connect:SSLv3/TLS read finished
SSL_connect:SSLv3/TLS write finished
DONE
SSL3 alert write:warning:close notify
