CONNECTED(00000003)
>>> TLS 1.0, RecordHeader [length 0005]
    16 03 01 00 d6
>>> TLS 1.3, Handshake [length 00d6], ClientHello
    01 00 00 d2 03 03 5d ef f2 e1 2f b1 a7 91 54 20
    d0 88 13 60 cb bb ac 26 0e ec 4b e4 76 ee 89 e7
    cd 8d 1a ca e9 17 20 58 3a 48 9e ec 2c b5 6a 71
    54 0e 7a 60 52 3e 21 a0 89 81 b4 ae be 1d 31 2e
    8c a3 e3 af 5b 29 29 00 06 13 02 13 03 13 01 01
    00 00 83 00 0b 00 04 03 00 01 02 00 0a 00 06 00
    04 00 1d 11 ec 00 23 00 00 00 16 00 00 00 17 00
    00 00 0d 00 2a 00 28 09 05 09 06 09 04 04 03 05
    03 06 03 08 07 08 08 08 1a 08 1b 08 1c 08 09 08
    0a 08 0b 08 04 08 05 08 06 04 01 05 01 06 01 00
    2b 00 03 02 03 04 00 2d 00 02 01 01 00 33 00 26
    00 24 00 1d 00 20 ef aa bb 95 aa 2d 54 84 04 80
    e3 2b bb c5 78 0e da 02 7c 86 69 5b 20 35 6d b0
    a8 b5 b7 7d f1 29
<<< TLS 1.2, RecordHeader [length 0005]
    16 03 03 00 58
<<< TLS 1.3, Handshake [length 0058], ServerHello
    02 00 00 54 03 03 cf 21 ad 74 e5 9a 61 11 be 1d
    8c 02 1e 65 b8 91 c2 a2 11 16 7a bb 8c 5e 07 9e
    09 e2 c8 a8 33 9c 20 58 3a 48 9e ec 2c b5 6a 71
    54 0e 7a 60 52 3e 21 a0 89 81 b4 ae be 1d 31 2e
    8c a3 e3 af 5b 29 29 13 02 00 00 0c 00 2b 00 02
    03 04 00 33 00 02 11 ec
>>> TLS 1.2, RecordHeader [length 0005]
    14 03 03 00 01
>>> TLS 1.3, ChangeCipherSpec [length 0001]
    01
>>> TLS 1.2, RecordHeader [length 0005]
    16 03 03 05 76
>>> TLS 1.3, Handshake [length 0576], ClientHello
    01 00 05 72 03 03 5d ef f2 e1 2f b1 a7 91 54 20
    d0 88 13 60 cb bb ac 26 0e ec 4b e4 76 ee 89 e7
    cd 8d 1a ca e9 17 20 58 3a 48 9e ec 2c b5 6a 71
    54 0e 7a 60 52 3e 21 a0 89 81 b4 ae be 1d 31 2e
    8c a3 e3 af 5b 29 29 00 06 13 02 13 03 13 01 01
    00 05 23 00 0b 00 04 03 00 01 02 00 0a 00 06 00
    04 00 1d 11 ec 00 23 00 00 00 16 00 00 00 17 00
    00 00 0d 00 2a 00 28 09 05 09 06 09 04 04 03 05
    03 06 03 08 07 08 08 08 1a 08 1b 08 1c 08 09 08
    0a 08 0b 08 04 08 05 08 06 04 01 05 01 06 01 00
    2b 00 03 02 03 04 00 2d 00 02 01 01 00 33 04 c6
    04 c4 11 ec 04 c0 d6 99 97 58 6c b9 61 b3 97 af
    e3 9a 66 34 ca e7 c6 c0 f9 dc 41 20 e8 0c 0a 96
    67 60 ec c9 5e f2 1b 6a 2a c9 9f b8 3b e5 d6 16
    a0 4b 87 50 00 b3 9f e4 3e 77 46 57 94 a4 47 8e
    20 83 d4 63 6e 44 ac 42 5b 09 8f c9 1b 5a 80 10
    81 d9 14 83 4a 52 52 04 0a 32 7e cc 4a a6 84 a8
    9c 80 77 28 88 28 7f fa 89 d0 93 3e ba a9 99 64
    91 52 ff b1 1d cf 2c 84 01 db 6b 0b 07 0e e0 19
    c7 16 39 5a 21 5b 81 fa d9 52 1f 32 7e 1d 7b 17
    e2 6c 16 3c b1 25 2d ea 53 32 e9 9a ed f9 20 5c
    6a b0 49 11 3f 9c 72 73 12 04 87 81 c6 42 88 45
    af 2b 05 a1 0a f9 49 a8 94 19 46 45 07 6f 45 be
    09 a5 20 a9 aa 2e 35 b1 bb 7a 81 90 46 4b 20 d2
    77 47 0e c0 3e 8c 99 3d ab ea 77 9c 07 c2 4e 49
    1b e8 1c 83 09 b1 1a 1a f5 c0 78 ca 15 2c e8 44
    05 c9 cf d2 b2 1a 8c 96 17 73 fa 70 c5 d5 56 19
    e2 bb 20 48 11 5b a4 34 16 ca 17 85 45 8a 85 01
    51 d3 a4 bd 14 f9 79 22 0c 03 aa a0 30 c8 e7 7a
    fb 87 8c bc 1c 9b 1d 5a 5c 36 ba 3f dd 58 13 ae
    27 96 77 c2 88 b1 86 ca 71 50 b9 2b 36 4e 99 ba
    82 28 05 21 84 31 20 44 17 41 a7 00 36 9b 94 b6
    fc 31 34 f2 c3 34 ef ea 77 88 d3 78 bd e9 b1 78
    f3 83 66 4a ba 19 c8 6e 74 b5 9d 36 f6 be 55 85
    76 04 c8 bc c0 aa cc 56 45 c8 b4 1a 09 f1 40 63
    99 78 c5 f0 b9 1f 5b eb 9c 73 aa 9c 94 77 4a 26
    e3 6e 43 82 33 8a 89 0d 30 d2 91 c2 1c 0a 85 d7
    92 a9 5a c6 50 f9 ce 96 94 54 c5 d5 52 78 b2 cd
    86 54 15 81 0a 4d f5 a6 c7 49 71 1c 9e 12 5c 82
    a5 82 12 f2 3e 25 f4 05 8f 89 54 ed 49 26 4b 42
    38 1c f1 62 3c d0 1c 48 1b 95 d1 04 2a 07 a6 34
    02 71 cd e6 f8 70 e0 3c 5f 53 8b 5d 6f 87 a1 09
    f6 14 83 59 a4 41 37 41 c1 2a 5d 39 65 3b 26 97
    bf a6 c5 81 14 c3 12 b6 e0 b1 05 a2 67 8c 2a 70
    39 03 b7 2e 34 86 d0 3b 99 12 f7 3d 4f f6 19 de
    a5 45 01 02 aa 70 73 39 ef 50 7c a8 40 5e cc b7
    38 38 71 8a 25 d7 42 c1 60 40 b6 31 06 c1 dc 55
    69 dc 88 4f 89 cc c4 15 12 85 a5 b5 46 d6 41 8f
    e4 a4 fa 26 62 aa 8b 07 12 db 9e e5 58 30 ba 73
    42 5b 65 72 53 28 12 04 ca a0 ec 20 7a cf 16 9c
    4b 9c 5b 9e 0c 41 a6 ab 87 7b 05 38 f4 80 64 ef
    b8 32 18 66 91 7b b2 57 a4 86 70 93 5a 70 ce 40
    19 10 7b 4c c2 3c 2d e5 3c 0c 29 89 79 24 43 cf
    40 67 79 88 51 0d 91 15 a6 0d 73 70 60 28 75 28
    11 bb e7 f7 6a e1 34 cf ff 2b 8f 51 1a 80 e5 a9
    02 79 da 7b fd 88 ba 03 f3 ab 51 d7 7f de c3 53
    3c 77 87 e5 4b 89 aa 01 89 bd e8 98 22 9b 43 42
    9b 21 0d 8b 5f 94 07 b7 90 86 a6 37 62 a1 6a 90
    b4 3e 72 98 f6 7b a8 c8 fa 68 cc e8 05 dd 21 71
    a9 bc 15 6e 82 b0 4c ab c1 3d a7 3c 06 f0 77 f9
    5a 2e 1c bb ae dd 26 80 73 71 8d 12 e5 63 a0 b5
    9e f4 a8 c5 18 60 38 d4 60 41 c0 c3 36 ab 95 27
    1f 1c aa cc c9 00 ad 83 53 74 49 93 18 8c 0c e1
    d7 80 56 66 4e 96 69 a6 9e f3 4e b9 23 c6 cc 73
    52 9a 09 00 5b b3 3a 50 b5 18 b8 36 a3 7a 68 57
    19 ec 81 77 1a 06 2e 67 9a f6 e2 7e 03 0b 8c 6d
    87 62 eb ac 03 87 95 c9 d5 96 a3 4c 6c 33 b8 ea
    99 1d 76 79 6e 29 1b 7b 9a 6a 2b b9 b0 41 b8 42
    db 80 52 05 e5 8a 5a c9 0b 17 a7 a1 1b 5b 93 76
    db 86 62 86 5d 99 33 4a d3 79 56 43 c3 b7 8c 28
    7f 7d 27 44 80 01 19 9a 35 9b 8d 86 8b da ab 63
    04 8a 2f 3e d8 43 2a b3 6d 3b 62 64 be 72 81 fe
    22 36 a0 54 40 e2 65 30 e4 48 ca a2 7c 74 53 f4
    70 6e f7 b8 5c 43 b2 52 07 13 9f 39 2e 76 96 58
    d0 69 26 52 a6 52 cc 1b 1d 4c 62 52 e1 a4 ae 13
    58 30 4f c1 b4 aa 27 8c 1a 95 c1 79 90 9a 7b f8
    c2 42 3c 64 4e 29 01 a3 39 ce 3e a7 97 7e 4b 3e
    a1 1c 55 08 91 8a 41 f2 62 4f a0 13 35 14 b7 75
    56 42 2f 16 ce 7d 76 2a 1c b1 9b 4f 57 5b 64 2a
    23 e0 da 41 68 31 87 59 23 c0 99 5a 8b 88 b7 4c
    97 99 98 ef 82 51 5b a1 79 30 a9 a3 3c 98 c4 ce
    d1 42 fb ab 15 d3 2a 8c a8 5a 15 3c 94 35 c6 0a
    57 01 a9 77 16 58 89 0a 90 30 26 50 18 01 04 43
    3e 23 72 bb b5 3c 5d c1 1c db 9c 6a 50 c9 23 0d
    65 9f 99 e1 fb cd 59 a4 d0 17 93 08 80 3d fb e0
    ee e6 f2 51 f1 09 5c 0b ea 0e 33 13 cd 7b b6 3b
    1f 5b c4 d1 50 eb 0c e8 59 bb a6 d0 94 08 cb 96
    b6 d9 da c6 10 51
<<< TLS 1.2, RecordHeader [length 0005]
    14 03 03 00 01
<<< TLS 1.3, ChangeCipherSpec [length 0001]
    01
<<< TLS 1.2, RecordHeader [length 0005]
    16 03 03 04 ba
<<< TLS 1.3, Handshake [length 04ba], ServerHello
    02 00 04 b6 03 03 f5 45 03 b3 7e 7a a8 02 1d e9
    c1 8d b2 bb 14 c0 10 fe 12 10 32 3c 32 b1 40 3a
    7b de 8f 95 9e 13 20 58 3a 48 9e ec 2c b5 6a 71
    54 0e 7a 60 52 3e 21 a0 89 81 b4 ae be 1d 31 2e
    8c a3 e3 af 5b 29 29 13 02 00 04 6e 00 2b 00 02
    03 04 00 33 04 64 11 ec 04 60 a3 20 61 06 9f c5
    08 fc ea 0d c2 1f 3c a9 17 f9 ac 02 2f c6 1b a2
    94 92 4f a7 bb 32 8e a6 0b c3 26 c1 eb a4 c0 37
    80 de b9 3d 6c fc c1 0b 9b 7c 84 d9 37 01 7d 42
    ef 06 e2 40 6d 2b 00 be 2a 67 fe e5 71 6c c6 63
    2a 44 d2 b3 c8 9b 12 03 e7 07 a8 69 98 59 5b 29
    6c cd 27 5f e0 94 55 6c 4e c6 fc 17 56 0c cc a7
    c7 dc 1a 17 b3 ba bd a9 b3 cd aa f4 1d be 77 37
    f6 43 75 c2 98 52 38 40 43 a4 85 b6 7f be 2d 04
    95 5c e8 3e 3e 20 d7 1e ed 69 dc d3 76 1b 32 69
    4c ec 2c ec 6e 9e 3a dd eb 4b 27 b9 50 93 29 a9
    7c d3 d7 ba da 1a a5 16 81 dc 95 29 9e 53 21 c3
    b7 80 a8 f9 f7 3c 98 c7 ea a3 86 fb 4b 1c 53 44
    5e ae 57 d6 ba 75 b2 09 35 e4 26 75 ba af f1 d2
    da 10 ba 83 95 38 eb df a0 97 d0 90 8c 7b b3 be
    25 0f c9 c2 20 20 b7 ad 7f 2a bf 07 55 bf c9 7e
    4b 19 e2 b3 fe 9f 7a f9 28 85 33 75 3f 8c 6f a3
    7c 16 a9 aa 79 78 9d f8 ae e7 ce bd 03 92 e3 08
    2b d7 97 c7 04 06 46 1a 6b 6b 66 dd 1a 25 c1 c8
    1f 3a e8 3a 68 3b be f7 63 bb b2 85 5e 57 41 64
    a9 1d db fe 8b 96 f7 63 fd 47 61 63 f6 88 10 d8
    dd fd 49 57 84 d2 68 3c b5 cb 8d 50 3c f8 53 83
    cf ad 10 ce ab 64 5d 67 e2 df 0b 84 65 5f c7 b3
    b8 3d b3 98 06 6a 3d 7b 25 d5 ab 46 f8 01 97 b7
    c9 b8 56 0e 60 7c 1c 2f 52 6f c2 05 e4 6b 76 fb
    ad ee 99 75 0d 23 eb 15 48 b0 eb 78 5c 60 33 81
    52 79 53 38 61 90 93 6b b0 32 64 64 68 30 27 b2
    7a 6d e4 a5 f2 45 39 31 f4 46 77 fc b7 a2 cf 23
    f3 b2 95 c3 c7 63 c5 91 3b 56 c6 55 3e 60 6a 44
    ca a9 95 81 39 17 14 97 ff d2 98 74 6c ad 3a 65
    7d 0e 47 e9 33 f8 55 a6 c1 ab 9d 17 5a 68 8a 38
    c2 d6 f4 de 55 ca 3a 59 71 5a 19 95 7f c6 60 5f
    d9 e8 ab bd ce 58 48 68 42 85 d7 8e 5e 2d 8f 69
    96 f4 3d a2 a9 45 ee 5c 95 be a8 d3 cc a0 0d 2b
    3c 04 af 7e b4 e4 4f 65 8e a2 8b 80 c2 a5 e6 4f
    2d 54 b3 12 e7 94 44 7f 8c 6e c6 77 05 51 21 28
    87 83 67 a2 49 05 f9 2b c4 76 63 26 74 d7 cd ac
    7d a1 5f 7f 15 0c 63 43 51 f1 e3 68 fd ec 42 d9
    59 7c 5d fb 20 04 04 cb 4c b4 f4 88 b7 50 0b 47
    4b bb e0 9c 12 bc 33 78 c6 e4 d1 8e fb 84 63 3c
    63 32 00 0e 3b d0 54 98 d3 02 a2 ad 30 6c 6a 60
    e3 b2 30 ae 92 47 4a d8 d9 39 fc 8f 18 33 a1 1b
    9e f9 b9 71 6c 6c 66 01 2e 73 0a 9a 35 95 36 33
    61 0d 31 f1 37 c4 ce eb df 27 a2 7d 72 f0 e9 44
    6a ca 57 ef ff 9d f1 43 e6 ba ba 3a b9 b9 ea c0
    9d 80 25 11 fd 09 b5 ee 6c 03 1f e7 53 87 5c 4d
    f7 44 73 78 98 e8 8d 26 3b c5 6c d1 2a 16 d3 01
    55 18 05 00 ee 35 e8 28 19 28 93 fe 91 9d 08 5e
    45 81 e4 74 37 e5 66 31 55 4a d6 cc e5 f4 73 0f
    5d 50 05 b3 8d 3d d8 aa 0e cd 66 e1 a2 91 10 89
    91 13 ec c1 92 8e 31 f8 7e 52 8b d1 c8 c5 67 60
    d8 c7 05 b9 65 31 aa 70 65 d8 bc 3b 65 d5 61 f5
    c8 40 ec 01 52 96 31 4e 9e 62 02 dc a2 a9 57 92
    12 b8 99 c9 cd 25 2c e8 3d 15 1a 2e c0 96 e4 e0
    bd 38 b9 c1 fe 6e ee 19 54 2f 1c 82 3a a9 b4 99
    dc 78 43 c1 8f 0b 5c 63 78 c5 df 52 8f 44 9a a8
    82 8f cb c0 57 ee 86 df 58 d0 3f 1d fb 58 71 60
    31 24 7a 33 70 7f 3a d8 fc d6 cd 23 b8 d2 e0 b7
    ed 1b cc 56 f0 b2 66 f3 fd d8 74 98 a2 c7 fa 81
    10 90 c7 ac 38 20 27 2e 58 d9 b3 c5 a8 22 7d ad
    f0 29 d8 4d aa 47 ef 8c 45 05 fe 80 e3 87 46 2c
    44 e1 87 66 57 c1 6a 96 08 47 c1 a9 b9 53 15 a3
    0f 24 73 02 9b da 0c 28 96 4c 90 69 8b a5 02 81
    94 dc 20 0d f1 e8 02 1d 72 86 f5 62 c0 d2 29 28
    59 59 f3 84 e8 f3 9b 97 41 f3 3c 6f 0c 7e cf ad
    a9 ea 3e 21 d7 f1 3e eb 83 aa 25 1f 05 f6 71 48
    e3 52 96 c0 47 ad 0e 16 41 1a 22 a8 d8 4e ff 38
    90 35 3b 06 95 67 08 e4 5c fe e5 bc c5 43 d9 6f
    7b d0 a7 8f 00 b4 a5 12 46 b3 c1 bf 0d b9 3e 7f
    22 4a 98 95 88 e4 1e 56 5a 65 cb 39 1b 70 75 0d
    0a 72 71 75 44 b6 47 62 9f 36
<<< TLS 1.2, RecordHeader [length 0005]
    17 03 03 00 17
<<< TLS 1.3, InnerContent [length 0001]
    16
<<< TLS 1.3, Handshake [length 0006], EncryptedExtensions
    08 00 00 02 00 00
<<< TLS 1.2, RecordHeader [length 0005]
    17 03 03 03 47
<<< TLS 1.3, InnerContent [length 0001]
    16
<<< TLS 1.3, Handshake [length 0336], Certificate
    0b 00 03 32 00 00 03 2e 00 03 29 30 82 03 25 30
    82 02 0d a0 03 02 01 02 02 01 02 30 0d 06 09 2a
    86 48 86 f7 0d 01 01 0b 05 00 30 12 31 10 30 0e
    06 03 55 04 03 0c 07 52 6f 6f 74 20 43 41 30 20
    17 0d 31 36 30 31 31 34 32 32 32 39 34 36 5a 18
    0f 32 31 31 36 30 31 31 35 32 32 32 39 34 36 5a
    30 19 31 17 30 15 06 03 55 04 03 0c 0e 73 65 72
    76 65 72 2e 65 78 61 6d 70 6c 65 30 82 01 22 30
    0d 06 09 2a 86 48 86 f7 0d 01 01 01 05 00 03 82
    01 0f 00 30 82 01 0a 02 82 01 01 00 d5 5d 60 6a
    df fc 61 ee 48 aa 8c 11 48 43 a5 6d b6 52 5d aa
    98 49 b1 61 92 35 b1 fc 3a 04 25 0c 6d 79 ff b4
    d5 c9 e9 5c 1c 3b e0 ab b3 b8 7d a3 de 6d bd e0
    dd d7 5a bf 14 47 11 42 5e a6 82 d0 61 c1 7f dd
    13 46 e6 09 85 07 0e f2 d4 fc 1a 64 d2 0a ad 20
    ab 20 6b 96 f0 ad cc c4 19 53 55 dc 01 1d a4 b3
    ef 8a b4 49 53 5d 8a 05 1c f1 dc e1 44 bf c5 d7
    e2 77 19 57 5c 97 0b 75 ee 88 43 71 0f ca 6c c1
    b4 b2 50 a7 77 46 6c 58 0f 11 bf f1 76 24 5a ae
    39 42 b7 51 67 29 e1 d0 55 30 6f 17 e4 91 ea ad
    f8 28 c2 43 6f a2 64 a9 fb 9d 98 92 62 48 3e eb
    0d 4f 82 4a 8a ff 3f 72 ee 96 b5 ae a1 c1 98 ba
    ef 7d 90 75 6d ff 5a 52 9e ab f5 c0 7e d0 87 43
    db 85 07 07 0f 7d 38 7a fd d1 d3 ee 65 1d d3 ea
    39 6a 87 37 ee 4a d3 e0 0d 6e f5 70 ac c2 bd f1
    6e f3 92 95 5e a9 f0 a1 65 95 93 8d 02 03 01 00
    01 a3 7d 30 7b 30 1d 06 03 55 1d 0e 04 16 04 14
    c0 e7 84 bf e8 59 27 33 10 b0 52 4f 51 52 2f 06
    d6 c0 7a cd 30 1f 06 03 55 1d 23 04 18 30 16 80
    14 70 7f 2e ae 83 68 59 98 04 23 2a cd eb 3e 17
    cd 24 dd 01 49 30 09 06 03 55 1d 13 04 02 30 00
    30 13 06 03 55 1d 25 04 0c 30 0a 06 08 2b 06 01
    05 05 07 03 01 30 19 06 03 55 1d 11 04 12 30 10
    82 0e 73 65 72 76 65 72 2e 65 78 61 6d 70 6c 65
    30 0d 06 09 2a 86 48 86 f7 0d 01 01 0b 05 00 03
    82 01 01 00 7b d3 04 43 75 8a 0f 11 ae c4 fb d7
    a1 a2 9e fe 20 18 d5 f4 2f 31 88 46 b6 75 8c ee
    e5 9b 97 a6 b9 a3 cd 60 9a 46 c3 48 97 e5 97 68
    f7 5a 86 35 73 d9 69 9e f9 5f 74 b9 e6 94 13 01
    cb 6a dc e3 c4 04 e9 65 da 9c a4 8b 28 f3 f9 9a
    7f bf 97 1f 45 92 e5 05 b1 56 e6 0b f6 47 de 1e
    89 b6 2b e1 4d df 4a 7e 01 d3 23 dc 97 8c 47 fe
    5f c7 cc 98 46 0e c4 83 5b ca 8a f1 52 09 be 6b
    ec 3f 09 8b d0 93 02 bf e1 51 e7 d1 7e 34 56 19
    74 d0 ff 28 25 de b7 9f 56 52 91 7d 20 29 85 0a
    80 44 5f 71 32 25 71 0f c2 16 e2 5f 6b 1d 3f 32
    5b 0a 3c 74 1c b9 62 f1 ed 07 50 a3 6d b4 b4 31
    0a c0 53 44 6a 3a 88 84 8b 2d a9 b0 37 8e e6 18
    36 bd 9a 20 40 0f 01 92 8b 3d aa 61 e7 ae 2c ed
    36 cd 3a 07 86 74 3a 29 b3 d7 3a b4 00 a9 c2 f5
    92 78 0e e2 0f a3 fe bb be e0 06 53 84 59 1d 90
    69 e5 b6 f9 00 00
<<< TLS 1.2, RecordHeader [length 0005]
    17 03 03 01 19
<<< TLS 1.3, InnerContent [length 0001]
    16
<<< TLS 1.3, Handshake [length 0108], CertificateVerify
    0f 00 01 04 08 04 01 00 0a 35 b2 4e 3a 68 fe 35
    9c f0 e5 c7 ec 29 bb 10 1c 68 47 bc cc 8e 5f 4b
    3e 3c da 37 1b 19 3e 11 38 17 62 b2 c6 b8 60 6c
    60 27 cc 5c 7a 54 ae 17 24 e2 a1 ca 2f b7 5d 83
    39 fa f2 21 f2 da 1f 84 13 b7 ca 74 e7 ff c1 93
    a9 09 4b 52 bf 1e 2a c3 76 c0 7f 35 0e 35 b0 80
    c0 f4 d4 80 74 1a 10 c5 3c 74 43 2b ea c3 1d 86
    e1 1f f6 8d 35 96 ff bb b2 2f fc 8b af 66 43 fa
    b4 f1 b7 87 0f 85 f5 f5 24 12 2a 1b 1e f2 a9 1b
    66 ad af c2 73 9f 15 9d 2a 7b 9b c7 1e aa 2e 93
    97 b2 bf fe a5 07 33 22 96 52 0e f9 b9 4d 75 13
    29 28 e9 bd ca 56 59 ea ce ae 5f 2e 73 cf 09 62
    96 f2 d7 d4 87 0d 51 b0 7b 08 c9 08 c3 1c 64 e1
    f8 20 e0 0d 9c 92 ef 31 87 2b f0 0e b3 be fc 3b
    7d b2 1b 8e 77 83 69 c1 00 18 5c 07 14 aa 3a 36
    86 1d 78 56 ec 4e 9f 76 e8 2c f3 27 d7 48 3d 98
    aa 64 24 38 6b d0 8a 86
<<< TLS 1.2, RecordHeader [length 0005]
    17 03 03 00 45
<<< TLS 1.3, InnerContent [length 0001]
    16
<<< TLS 1.3, Handshake [length 0034], Finished
    14 00 00 30 e1 0f f9 df b6 ba e8 a6 20 d6 06 66
    84 32 73 d6 36 36 43 fb dc a8 9c 46 e2 32 67 ab
    0a f6 25 7d b0 93 d6 88 87 3a 6a 2b 70 af 8f f1
    50 8c 74 bc
>>> TLS 1.2, RecordHeader [length 0005]
    17 03 03 00 45
>>> TLS 1.2, InnerContent [length 0001]
    16
>>> TLS 1.3, Handshake [length 0034], Finished
    14 00 00 30 8c cd fb 43 15 ec 8d 39 b3 06 25 b3
    13 99 c2 b3 0c 4b 5f b1 f5 20 2c 4a d7 74 99 23
    3b 2d 06 24 a8 8a 19 bf 08 9d c7 33 49 e8 7d b3
    33 67 61 52
---
Certificate chain
 0 s:CN=server.example
   i:CN=Root CA
   a:PKEY: RSA, 2048 (bit); sigalg: sha256WithRSAEncryption
   v:NotBefore: Jan 14 22:29:46 2016 GMT; NotAfter: Jan 15 22:29:46 2116 GMT
---
Server certificate
-----BEGIN CERTIFICATE-----
MIIDJTCCAg2gAwIBAgIBAjANBgkqhkiG9w0BAQsFADASMRAwDgYDVQQDDAdSb290
IENBMCAXDTE2MDExNDIyMjk0NloYDzIxMTYwMTE1MjIyOTQ2WjAZMRcwFQYDVQQD
DA5zZXJ2ZXIuZXhhbXBsZTCCASIwDQYJKoZIhvcNAQEBBQADggEPADCCAQoCggEB
ANVdYGrf/GHuSKqMEUhDpW22Ul2qmEmxYZI1sfw6BCUMbXn/tNXJ6VwcO+Crs7h9
o95tveDd11q/FEcRQl6mgtBhwX/dE0bmCYUHDvLU/Bpk0gqtIKsga5bwrczEGVNV
3AEdpLPvirRJU12KBRzx3OFEv8XX4ncZV1yXC3XuiENxD8pswbSyUKd3RmxYDxG/
8XYkWq45QrdRZynh0FUwbxfkkeqt+CjCQ2+iZKn7nZiSYkg+6w1PgkqK/z9y7pa1
rqHBmLrvfZB1bf9aUp6r9cB+0IdD24UHBw99OHr90dPuZR3T6jlqhzfuStPgDW71
cKzCvfFu85KVXqnwoWWVk40CAwEAAaN9MHswHQYDVR0OBBYEFMDnhL/oWSczELBS
T1FSLwbWwHrNMB8GA1UdIwQYMBaAFHB/Lq6DaFmYBCMqzes+F80k3QFJMAkGA1Ud
EwQCMAAwEwYDVR0lBAwwCgYIKwYBBQUHAwEwGQYDVR0RBBIwEIIOc2VydmVyLmV4
YW1wbGUwDQYJKoZIhvcNAQELBQADggEBAHvTBEN1ig8RrsT716Ginv4gGNX0LzGI
RrZ1jO7lm5emuaPNYJpGw0iX5Zdo91qGNXPZaZ75X3S55pQTActq3OPEBOll2pyk
iyjz+Zp/v5cfRZLlBbFW5gv2R94eibYr4U3fSn4B0yPcl4xH/l/HzJhGDsSDW8qK
8VIJvmvsPwmL0JMCv+FR59F+NFYZdND/KCXet59WUpF9ICmFCoBEX3EyJXEPwhbi
X2sdPzJbCjx0HLli8e0HUKNttLQxCsBTRGo6iISLLamwN47mGDa9miBADwGSiz2q
YeeuLO02zToHhnQ6KbPXOrQAqcL1kngO4g+j/ru+4AZThFkdkGnltvk=
-----END CERTIFICATE-----
subject=CN=server.example
issuer=CN=Root CA
---
No client certificate CA names sent
Peer signing digest: SHA256
Peer signature type: rsa_pss_rsae_sha256
Negotiated TLS1.3 group: X25519MLKEM768
---
SSL handshake has read 2546 bytes and written 1702 bytes
Verification error: unable to verify the first certificate
---
New, TLSv1.3, Cipher is TLS_AES_256_GCM_SHA384
Protocol: TLSv1.3
Server public key is 2048 bit
This TLS version forbids renegotiation.
Compression: NONE
Expansion: NONE
No ALPN negotiated
Early data was not sent
Verify return code: 21 (unable to verify the first certificate)
---
>>> TLS 1.2, RecordHeader [length 0005]
    17 03 03 00 13
>>> TLS 1.2, InnerContent [length 0001]
    15
>>> TLS 1.3, Alert [length 0002], warning close_notify
    01 00
Connecting to 127.0.0.1
SSL_connect:before SSL initialization
SSL_connect:SSLv3/TLS write client hello
SSL_connect:SSLv3/TLS write client hello
SSL_connect:SSLv3/TLS read server hello
SSL_connect:SSLv3/TLS write change cipher spec
SSL_connect:SSLv3/TLS write client hello
SSL_connect:SSLv3/TLS write client hello
SSL_connect:SSLv3/TLS read server hello
Can't use SSL_get_servername
SSL_connect:TLSv1.3 read encrypted extensions
depth=0 CN=server.example
verify error:num=20:unable to get local issuer certificate
verify return:1
depth=0 CN=server.example
verify error:num=21:unable to verify the first certificate
verify return:1
depth=0 CN=server.example
verify return:1
SSL_connect:SSLv3/TLS read server certificate
SSL_connect:TLSv1.3 read server certificate verify
SSL_connect:SSLv3/TLS read finished
SSL_connect:SSLv3/TLS write finished
DONE
SSL3 alert write:warning:close notify
