CONNECTED(00000003)
>>> TLS 1.0, RecordHeader [length 0005]
    16 03 01 05 76
>>> TLS 1.3, Handshake [length 0576], ClientHello
    01 00 05 72 03 03 63 6a 1f 91 83 67 52 75 80 0c
    97 3d 86 4f cb 83 54 78 03 28 a6 0a 49 d5 14 bb
    28 0b a2 f9 c9 52 20 d3 3c e2 ab 65 b2 81 07 a6
    8d 46 54 11 ef 31 3f db 69 fc 09 cd 2f 26 5e 89
    ec b5 94 3b 18 95 7c 00 06 13 02 13 03 13 01 01
    00 05 23 00 0b 00 04 03 00 01 02 00 0a 00 06 00
    04 11 ec 00 1d 00 23 00 00 00 16 00 00 00 17 00
    00 00 0d 00 2a 00 28 09 05 09 06 09 04 04 03 05
    03 06 03 08 07 08 08 08 1a 08 1b 08 1c 08 09 08
    0a 08 0b 08 04 08 05 08 06 04 01 05 01 06 01 00
    2b 00 03 02 03 04 00 2d 00 02 01 01 00 33 04 c6
    04 c4 11 ec 04 c0 c4 58 60 30 7a 93 98 9a b3 37
    94 47 ef e6 1b 6b 47 63 e2 ec b7 70 18 45 f0 20
    61 d0 95 bf 5d 04 58 7e d8 6d 80 35 bd 49 29 1f
    e8 27 a8 35 ec 2d 2c 6b 51 ce 77 48 64 89 01 af
    5c 7a 0b 3c cb fe fb 04 54 db 36 00 eb b8 53 d2
    57 5a 0a 09 03 96 22 f8 56 ae 39 f8 12 f0 88 c0
    fe 21 a6 ee a3 c8 ba 75 69 53 40 ba 51 1a c2 c9
    65 22 3f 66 97 7e 62 ba 3b 1a a7 2f 86 7a e3 ac
    1b 8e 3b 02 8b fa 43 6f 94 63 23 6b 47 3f ba 5c
    ce 55 2a 1b 89 1f 5c f4 b2 57 42 a4 ee 02 06 ac
    2c 3f 7c 6c 29 bf bb 04 a0 d6 4a 4b a1 8e 62 60
    38 f9 1c 55 e5 e2 27 31 85 c8 62 61 14 5f 35 97
    ba 60 b2 0c d7 69 8c 20 94 8a 22 a6 c6 98 ad e6
    a6 a2 4a d6 20 56 fa 86 51 46 b9 f7 65 57 5e ec
    7a c3 72 c7 3d 01 86 83 01 80 2f 91 7c f3 eb 8f
    b3 84 b3 10 80 6c ab c4 54 a4 f9 33 d0 a5 82 7b
    22 cf 22 d1 7c fc 21 3f 6d 25 a0 54 7c b9 46 1b
    6f 8c 78 08 49 31 16 30 9c 60 54 95 9e b5 f8 7a
    da 4a 8c 93 73 06 ce e7 65 71 1b 99 2f 36 ce 05
    69 87 74 ec 79 a2 95 65 ce 06 30 da 95 25 88 cb
    28 62 00 3b 32 c4 66 b9 39 51 1a 89 24 02 36 a3
    ba 99 23 db b1 53 80 8b 8f 9e 93 9b 60 0b 37 9f
    a7 bb bd 35 c2 17 57 44 db 2a 19 0a b5 0f 7f c8
    67 49 22 64 46 34 23 58 20 55 d4 9c c4 7e e2 7e
    96 ea 7d 66 86 05 e0 2a ac e0 05 19 8e eb 4a c1
    e4 af 5c 13 6d e0 84 44 f2 54 cc 40 99 11 5d 4a
    3b 10 0a 72 b7 8a 31 0f 6a 58 21 77 c5 88 36 af
    fb cb 10 78 14 b0 cb 7c 76 8b 8c 3a f5 22 3a 84
    c5 80 21 83 c3 40 18 4d b8 d2 a3 d1 74 87 0d 46
    8d dd 4b 3e fe 17 7d 2a 5b 8a 38 dc 10 2b 87 33
    d3 f9 21 f5 bc 5d 62 d7 8e 16 40 32 45 0b 4c 5c
    25 52 af e0 56 7b 37 90 79 72 44 58 c6 8e 7f 88
    62 a7 10 98 47 b0 61 24 e4 4b 84 d9 a7 63 a1 a1
    39 b9 1e 38 f7 8a a2 37 02 dc 58 1c c7 44 74 b0
    ab be ce a0 ab ae c6 3f b4 8a 16 8a b2 bf de a8
    82 19 d0 81 3b 99 2c 88 4b 73 80 84 35 99 c0 6b
    c1 f6 0d 5e 34 bd 2a c4 51 19 07 55 63 90 a6 8c
    9a 0f fb 87 24 7b 78 1f 54 e1 1b 7b a2 bf ca 52
    57 93 96 9e fc b3 b0 70 6b 3c cf 4c 12 37 85 12
    bc 67 78 ff 6c c4 b6 09 2f 3c b1 94 23 84 cb 18
    5c 8b 89 f3 b1 44 83 18 97 a5 16 62 dc 9d 14 25
    1e b0 a5 a6 46 e6 3e b7 2a 43 23 fb 81 ad fb 12
    0c 55 09 14 73 0a 21 fa c9 55 7c 1d 0a 19 cd 6f
    80 b0 cb 60 a4 14 94 59 77 87 a6 29 f7 73 a3 06
    69 09 36 65 17 e1 00 fa 27 c7 88 08 15 25 6c bb
    12 63 33 2d b0 1a 4c 40 01 56 46 13 cd 75 40 27
    e5 1b 79 f8 23 b0 09 34 76 a7 01 22 44 39 7b 75
    ab 41 6c 15 dc 50 b8 1a 88 b0 12 57 44 7f a6 1c
    bb 15 67 db 49 9a 25 a6 a4 5e 35 2a 03 a6 65 8d
    79 9d 1c f6 2f 97 1c 0c 3d 40 b4 53 f1 c8 66 62
    c6 8c 8a bf 01 38 53 7c 81 cd f5 97 6f ff 70 a1
    19 d9 ae 68 41 29 59 a2 2f 2f 07 37 76 24 10 b2
    53 42 a0 02 8f 1d 3a 46 f4 98 4e 4d fa 7f 6a 78
    0d 18 2c 12 56 33 67 16 30 5b 84 75 67 10 96 3a
    eb 92 5d c7 85 b9 f4 7c 6d 85 fc 09 7e c8 01 2e
    35 76 b4 18 92 04 c2 88 9c e6 91 9e 6b 51 8f 91
    2b 39 b7 0c 4b ea c0 51 0a 46 83 70 24 f1 50 3c
    92 f3 b6 61 00 8b 7d 64 21 7c 1b a1 4b 91 73 1e
    4a b5 1b 41 48 7e f6 a4 42 a7 c6 d3 d8 9d d8 a1
    83 ab 86 39 ed 51 67 be 75 7f a2 70 8a b4 79 19
    18 ab 05 52 71 25 3b 06 45 95 ca 09 e2 78 6a 5d
    b7 b6 ce 15 3c 26 1a 88 51 21 37 c6 f8 1e 75 71
    af e4 94 a3 ba f7 42 a8 b0 a6 12 e0 66 79 c7 66
    7e 18 b0 b8 ea 97 43 dc 04 81 eb 2a f9 36 8f 9c
    06 5b eb 20 2d 43 d1 92 b2 30 a0 01 77 aa 47 7a
    0e e2 40 5d d8 62 46 1f f2 29 2c 45 80 fb 7c 0f
    6f a9 a1 e2 ca 3e 5b 26 3f d4 23 3e 68 80 9c a7
    bc 2c 3d 45 22 2d 0a b9 25 9c 06 b0 0c 9d 64 9c
    4a fb bc 81 4a 66 7d 48 a6 c4 76 f2 58 ed 97 85
    fe 66 44 3f 51 aa 0a 01 5d 84 fb b3 0f ab 58 b8
    f5 be b4 3a 9f 5e f0 58 e0 63 01 7e 18 72 1f 31
    81 22 6c 38 47 69 6a 1f 7b 10 e1 06 60 97 07 8e
    a2 47 83 ef d7 89 71 cc aa 65 66 49 38 3b 69 d2
    ca 0a 05 ab 09 32 71 d2 a1 1e 98 1a 86 d0 40 2b
    ef fa e2 1c 42 30 45 92 2d b2 fb 88 84 bc aa c9
    ce 62 c7 3b ec 89 35 ed b1 b7 1c 00 08 e5 8b 30
    89 e3 dd 30 f3 52
<<< TLS 1.2, RecordHeader [length 0005]
    16 03 03 04 ba
<<< TLS 1.3, Handshake [length 04ba], ServerHello
    02 00 04 b6 03 03 f8 15 cc db 92 47 5a af fb 0a
    b6 ac 05 84 81 f8 ee 37 c6 22 01 49 06 60 0a 7f
    2e 61 f9 49 9b 96 20 d3 3c e2 ab 65 b2 81 07 a6
    8d 46 54 11 ef 31 3f db 69 fc 09 cd 2f 26 5e 89
    ec b5 94 3b 18 95 7c 13 02 00 04 6e 00 33 04 64
    11 ec 04 60 6b 35 ff c8 f1 31 39 be 9a b8 5c 34
    08 5e 52 52 5e 5d 92 7e 70 23 06 e9 ab dc f2 28
    98 ed fd f2 1a a2 15 a6 5f 5b e5 9b bd d3 8e fb
    65 4d b2 18 36 7d 14 c2 55 83 7e cf 98 3e fa 65
    e9 82 fc 8d e8 7f cc 68 05 54 ed 02 a8 67 01 b8
    8b e4 2c 7b 11 43 46 c1 c4 65 47 ee 68 4c 78 48
    28 19 5a 6b a2 04 e0 42 9c cb ba 7f 24 b8 0f cd
    e2 8d 2a ab 44 e7 eb 99 b4 87 ed a3 47 75 ae fa
    fc f3 85 92 f2 89 30 e8 1b 0f ce 33 a5 a8 38 19
    e2 95 02 20 a2 5f a1 39 b0 17 9e 35 d4 60 df bc
    1b fd 65 9a 10 09 7f 4b db b2 a3 b2 e3 f1 a9 fa
    51 0a 74 44 89 45 19 b0 23 5b 49 0d 34 67 7f fd
    b6 b6 61 09 51 69 7f af b6 33 44 6e 64 33 9d 1b
    25 8f 65 b0 16 cb 1d 06 0c cb b7 70 86 81 e1 99
    44 6a 7f d8 7a 96 e7 4c e6 54 2f 24 4f 92 fc 4c
    06 a6 a2 9f 7c 55 55 f1 7b 68 ab 94 db f7 ad 2e
    bc e0 5c 39 49 e9 73 ca 98 2d 56 2d ff c7 27 38
    89 b6 c4 4d 9a e3 91 0b 35 18 22 18 fa a7 b3 af
    92 c4 ef 5c 62 d6 0c 33 40 cc 8a 99 c3 40 b8 1c
    40 16 00 82 f7 28 c3 da b9 1a 4e 5b a9 23 fb 48
    cf 82 01 69 63 b2 97 25 69 17 eb 9e 0f e3 23 e3
    6a ff db 53 47 35 2a 20 91 a7 39 80 a3 2c 2e 87
    71 78 d8 5d e9 cd ae 02 59 8f 69 77 9e 0d 68 b4
    bf 88 1d 58 5c 0c 8b 88 3f 76 ff 30 e1 8f a4 8a
    46 a5 b8 95 3b d2 2a 11 0f c0 db 1c 71 2d 8f ad
    f8 08 18 a4 85 f7 7a 09 02 17 6a f6 2f 92 fc 10
    27 de 6b 50 eb fd 5b f9 ba e2 57 50 1b 77 9b 34
    19 d1 b3 90 70 71 a6 69 85 54 1d 62 1e 10 7e c4
    2b 82 a5 16 21 23 ce e8 1e 8b d0 94 da 2e 68 4e
    1c a4 64 42 50 cc 1d bb 33 eb d7 b1 23 6e 83 39
    eb ec 32 5a ad 0f 7b ec 14 ec 9a 9d 49 fb cb ba
    fb 2c 7a 39 9a 99 f4 6d 49 34 6c 1d 31 5a a8 ff
    30 21 d6 93 ff 49 9e b5 b1 17 4f eb 1c c1 09 39
    42 a7 7a 59 c4 fb 23 04 64 d4 9e 48 3c 7b 87 62
    8c a2 bc d2 a5 6b 16 4e 8f e3 64 d0 e8 b6 4d 9b
    1f 40 4b 1a 38 56 c6 83 bf 6f c5 66 50 d7 14 f8
    da 01 76 4b 16 73 93 72 ae 02 29 8a 18 cf 3f 5a
    d2 5b d5 c3 89 cd 11 7c 88 da a9 09 30 ba 07 24
    84 3a 95 ce 0a 1e 68 c6 90 0f 7e f3 71 3c 66 a6
    59 89 09 06 12 59 ee 4b 64 3d a4 48 e8 82 4f e2
    c3 3b 1d 0b bb a0 04 a9 56 5e 9e e4 1b fa 9a 0f
    81 b0 44 a3 97 27 fa d1 a2 12 2d 76 0d d7 35 68
    95 ac 29 f8 27 3a 0a e7 f5 6f 98 8d 34 16 e3 24
    2d 68 7b ff 7a 73 c5 31 fe 62 4e 8c 3e e9 8a 50
    34 34 28 fa 59 05 6c 79 a8 9b d2 ef 11 e0 58 18
    fd 80 d8 f2 67 2d c4 71 29 66 5f 7c 63 81 52 13
    78 9d 18 ab 3d 34 2b bd 09 77 5f 03 7c 32 d5 6f
    8b e7 42 6e 9d 94 12 c9 3a 40 f8 78 63 5b 30 e1
    7d 25 f6 8f 3b 1f af 7d fa 5e 66 48 d0 26 2a 95
    99 c8 3c f8 9a e2 41 b8 a1 35 49 e8 62 2c 42 b9
    c7 f2 15 6e 3d c4 2f 0c 43 7b 3c c0 a7 e8 6a d4
    97 33 5c 8e b4 4c a2 1f 1d fd 9b c4 b5 f4 f5 3a
    88 12 51 52 99 6c 2f f3 5b 84 31 38 67 fa 15 35
    9c 12 55 1e c9 19 23 95 99 79 43 3d eb fc 8e 14
    53 6c b9 55 a2 3d 8d 02 71 fa 10 3a 36 d0 a2 3d
    3d 0d 00 fd 8f 42 1d 84 41 db fe 4d e0 32 41 3b
    7c 83 b6 bf d2 41 15 ab ff 83 67 9f 19 ac 50 64
    9d 94 57 2b 34 43 be e6 70 18 fd e8 f3 3a e2 e3
    ef aa 31 9e 8d f2 bc a0 6c b8 11 4a c5 88 47 99
    6a bd 15 b2 7a 88 60 81 90 86 aa 1e 5a c6 02 86
    87 71 9e 64 01 75 56 1d da 1e 9c 0b b0 9e cd 76
    0a d3 36 77 c6 60 dc e2 09 6c 49 0d 65 b9 ae cc
    9f 77 69 39 d5 fe e7 c1 fc c2 99 59 ab 17 46 02
    10 3b 56 53 5a c1 37 c8 91 96 42 af 7c c7 fa 25
    4d 6a c2 d1 b6 d6 cc 5b a9 48 9c e0 6f 2d 23 24
    d3 59 ef 4e e2 b9 61 df 77 b1 9e b4 df 54 49 8b
    69 2b 2b 4c 1e 57 60 b4 fa 99 2b 14 1e 91 f6 e1
    57 55 99 69 fa c1 7b a5 b3 b8 ac c9 e5 47 1a be
    b4 97 7b 83 d4 03 70 fa b9 a7 01 61 1e dc 3f e0
    c5 fc 5a eb 5d 02 53 3f 41 08 ab 27 eb 0c 55 52
    fe bc ed 35 00 2b 00 02 03 04
<<< TLS 1.2, RecordHeader [length 0005]
    14 03 03 00 01
<<< TLS 1.3, ChangeCipherSpec [length 0001]
    01
<<< TLS 1.2, RecordHeader [length 0005]
    17 03 03 04 89
<<< TLS 1.3, InnerContent [length 0001]
    16
<<< TLS 1.3, Handshake [length 0006], EncryptedExtensions
    08 00 00 02 00 00
<<< TLS 1.3, Handshake [length 0336], Certificate
    0b 00 03 32 00 00 03 2e 00 03 29 30 82 03 25 30
    82 02 0d a0 03 02 01 02 02 01 02 30 0d 06 09 2a
    86 48 86 f7 0d 01 01 0b 05 00 30 12 31 10 30 0e
    06 03 55 04 03 0c 07 52 6f 6f 74 20 43 41 30 20
    17 0d 31 36 30 31 31 34 32 32 32 39 34 36 5a 18
    0f 32 31 31 36 30 31 31 35 32 32 32 39 34 36 5a
    30 19 31 17 30 15 06 03 55 04 03 0c 0e 73 65 72
    76 65 72 2e 65 78 61 6d 70 6c 65 30 82 01 22 30
    0d 06 09 2a 86 48 86 f7 0d 01 01 01 05 00 03 82
    01 0f 00 30 82 01 0a 02 82 01 01 00 d5 5d 60 6a
    df fc 61 ee 48 aa 8c 11 48 43 a5 6d b6 52 5d aa
    98 49 b1 61 92 35 b1 fc 3a 04 25 0c 6d 79 ff b4
    d5 c9 e9 5c 1c 3b e0 ab b3 b8 7d a3 de 6d bd e0
    dd d7 5a bf 14 47 11 42 5e a6 82 d0 61 c1 7f dd
    13 46 e6 09 85 07 0e f2 d4 fc 1a 64 d2 0a ad 20
    ab 20 6b 96 f0 ad cc c4 19 53 55 dc 01 1d a4 b3
    ef 8a b4 49 53 5d 8a 05 1c f1 dc e1 44 bf c5 d7
    e2 77 19 57 5c 97 0b 75 ee 88 43 71 0f ca 6c c1
    b4 b2 50 a7 77 46 6c 58 0f 11 bf f1 76 24 5a ae
    39 42 b7 51 67 29 e1 d0 55 30 6f 17 e4 91 ea ad
    f8 28 c2 43 6f a2 64 a9 fb 9d 98 92 62 48 3e eb
    0d 4f 82 4a 8a ff 3f 72 ee 96 b5 ae a1 c1 98 ba
    ef 7d 90 75 6d ff 5a 52 9e ab f5 c0 7e d0 87 43
    db 85 07 07 0f 7d 38 7a fd d1 d3 ee 65 1d d3 ea
    39 6a 87 37 ee 4a d3 e0 0d 6e f5 70 ac c2 bd f1
    6e f3 92 95 5e a9 f0 a1 65 95 93 8d 02 03 01 00
    01 a3 7d 30 7b 30 1d 06 03 55 1d 0e 04 16 04 14
    c0 e7 84 bf e8 59 27 33 10 b0 52 4f 51 52 2f 06
    d6 c0 7a cd 30 1f 06 03 55 1d 23 04 18 30 16 80
    14 70 7f 2e ae 83 68 59 98 04 23 2a cd eb 3e 17
    cd 24 dd 01 49 30 09 06 03 55 1d 13 04 02 30 00
    30 13 06 03 55 1d 25 04 0c 30 0a 06 08 2b 06 01
    05 05 07 03 01 30 19 06 03 55 1d 11 04 12 30 10
    82 0e 73 65 72 76 65 72 2e 65 78 61 6d 70 6c 65
    30 0d 06 09 2a 86 48 86 f7 0d 01 01 0b 05 00 03
    82 01 01 00 7b d3 04 43 75 8a 0f 11 ae c4 fb d7
    a1 a2 9e fe 20 18 d5 f4 2f 31 88 46 b6 75 8c ee
    e5 9b 97 a6 b9 a3 cd 60 9a 46 c3 48 97 e5 97 68
    f7 5a 86 35 73 d9 69 9e f9 5f 74 b9 e6 94 13 01
    cb 6a dc e3 c4 04 e9 65 da 9c a4 8b 28 f3 f9 9a
    7f bf 97 1f 45 92 e5 05 b1 56 e6 0b f6 47 de 1e
    89 b6 2b e1 4d df 4a 7e 01 d3 23 dc 97 8c 47 fe
    5f c7 cc 98 46 0e c4 83 5b ca 8a f1 52 09 be 6b
    ec 3f 09 8b d0 93 02 bf e1 51 e7 d1 7e 34 56 19
    74 d0 ff 28 25 de b7 9f 56 52 91 7d 20 29 85 0a
    80 44 5f 71 32 25 71 0f c2 16 e2 5f 6b 1d 3f 32
    5b 0a 3c 74 1c b9 62 f1 ed 07 50 a3 6d b4 b4 31
    0a c0 53 44 6a 3a 88 84 8b 2d a9 b0 37 8e e6 18
    36 bd 9a 20 40 0f 01 92 8b 3d aa 61 e7 ae 2c ed
    36 cd 3a 07 86 74 3a 29 b3 d7 3a b4 00 a9 c2 f5
    92 78 0e e2 0f a3 fe bb be e0 06 53 84 59 1d 90
    69 e5 b6 f9 00 00
<<< TLS 1.3, Handshake [length 0108], CertificateVerify
    0f 00 01 04 08 04 01 00 ba 7a bf 02 f6 00 2f e0
    46 ce a1 21 fd 9c 5c 39 91 1f 9b 9c 00 9f ce eb
    68 72 3c 91 89 9c e6 35 87 00 69 a6 e5 d0 93 60
    7f 94 60 db 7b ce 1d 24 c7 6d dd 61 97 3f 44 aa
    b0 81 df c0 91 b3 4c 68 4e 62 59 0c 3d db b9 da
    5e 7a 12 82 6a 91 44 c8 a6 29 e8 e6 0d ff 49 85
    23 10 ef f8 e7 4c 19 70 88 fd 34 ca c9 b7 ee b6
    c9 77 ff 3f 7a 7f 45 c8 11 b8 f2 b9 3a 00 8d 9d
    c5 9a e2 12 70 d0 4e cf 0a e3 03 9f 68 51 67 82
    94 80 ae a0 76 6a a8 8e c6 e3 f8 ad 3b bd b4 fb
    fa 24 27 7b fc 65 82 ee 61 07 3d 67 8c df 22 c0
    b8 3a aa 61 ff 79 ea 25 28 4c 2d 40 12 77 59 3d
    97 86 9b 22 e1 bb ad 9c 05 08 d2 31 dc c6 02 9c
    da 79 9f f0 84 61 7a b3 03 12 13 b3 b2 62 75 04
    18 a5 32 43 0d 66 f3 d6 9a 6f 59 06 01 18 08 40
    0d 3a 17 73 bf 39 3a ac 99 7d df 09 aa de 28 1e
    0f 77 d5 ee 88 34 76 98
<<< TLS 1.3, Handshake [length 0034], Finished
    14 00 00 30 4d 42 7a 5b 86 f3 97 23 49 d6 d4 cc
    a2 98 ea 04 e9 58 64 db 1a 65 8c 31 43 50 21 7b
    45 bd 0e 6f ea 35 a6 6d 08 3e 54 00 e0 37 24 fe
    20 55 95 69
>>> TLS 1.2, RecordHeader [length 0005]
    14 03 03 00 01
>>> TLS 1.3, ChangeCipherSpec [length 0001]
    01
>>> TLS 1.2, RecordHeader [length 0005]
    17 03 03 00 45
>>> TLS 1.2, InnerContent [length 0001]
    16
>>> TLS 1.3, Handshake [length 0034], Finished
    14 00 00 30 a3 b0 98 7b 18 bb 96 05 1b 2c c0 37
    00 0a 7c 3b 44 57 e0 55 e2 0c 5e 57 43 44 47 77
    45 b3 2e 20 2c cd e6 f9 f6 b2 3e b6 bd 1f a8 14
    db 34 c5 2b
---
Certificate chain
 0 s:CN=server.example
   i:CN=Root CA
   a:PKEY: RSA, 2048 (bit); sigalg: sha256WithRSAEncryption
   v:NotBefore: Jan 14 22:29:46 2016 GMT; NotAfter: Jan 15 22:29:46 2116 GMT
---
Server certificate
-----BEGIN CERTIFICATE-----
MIIDJTCCAg2gAwIBAgIBAjANBgkqhkiG9w0BAQsFADASMRAwDgYDVQQDDAdSb290
IENBMCAXDTE2MDExNDIyMjk0NloYDzIxMTYwMTE1MjIyOTQ2WjAZMRcwFQYDVQQD
DA5zZXJ2ZXIuZXhhbXBsZTCCASIwDQYJKoZIhvcNAQEBBQADggEPADCCAQoCggEB
ANVdYGrf/GHuSKqMEUhDpW22Ul2qmEmxYZI1sfw6BCUMbXn/tNXJ6VwcO+Crs7h9
o95tveDd11q/FEcRQl6mgtBhwX/dE0bmCYUHDvLU/Bpk0gqtIKsga5bwrczEGVNV
3AEdpLPvirRJU12KBRzx3OFEv8XX4ncZV1yXC3XuiENxD8pswbSyUKd3RmxYDxG/
8XYkWq45QrdRZynh0FUwbxfkkeqt+CjCQ2+iZKn7nZiSYkg+6w1PgkqK/z9y7pa1
rqHBmLrvfZB1bf9aUp6r9cB+0IdD24UHBw99OHr90dPuZR3T6jlqhzfuStPgDW71
cKzCvfFu85KVXqnwoWWVk40CAwEAAaN9MHswHQYDVR0OBBYEFMDnhL/oWSczELBS
T1FSLwbWwHrNMB8GA1UdIwQYMBaAFHB/Lq6DaFmYBCMqzes+F80k3QFJMAkGA1Ud
EwQCMAAwEwYDVR0lBAwwCgYIKwYBBQUHAwEwGQYDVR0RBBIwEIIOc2VydmVyLmV4
YW1wbGUwDQYJKoZIhvcNAQELBQADggEBAHvTBEN1ig8RrsT716Ginv4gGNX0LzGI
RrZ1jO7lm5emuaPNYJpGw0iX5Zdo91qGNXPZaZ75X3S55pQTActq3OPEBOll2pyk
iyjz+Zp/v5cfRZLlBbFW5gv2R94eibYr4U3fSn4B0yPcl4xH/l/HzJhGDsSDW8qK
8VIJvmvsPwmL0JMCv+FR59F+NFYZdND/KCXet59WUpF9ICmFCoBEX3EyJXEPwhbi
X2sdPzJbCjx0HLli8e0HUKNttLQxCsBTRGo6iISLLamwN47mGDa9miBADwGSiz2q
YeeuLO02zToHhnQ6KbPXOrQAqcL1kngO4g+j/ru+4AZThFkdkGnltvk=
-----END CERTIFICATE-----
subject=CN=server.example
issuer=CN=Root CA
---
No client certificate CA names sent
Peer signing digest: SHA256
Peer signature type: rsa_pss_rsae_sha256
Negotiated TLS1.3 group: X25519MLKEM768
---
SSL handshake has read 2387 bytes and written 1483 bytes
Verification error: unable to verify the first certificate
---
New, TLSv1.3, Cipher is TLS_AES_256_GCM_SHA384
Protocol: TLSv1.3
Server public key is 2048 bit
This TLS version forbids renegotiation.
Compression: NONE
Expansion: NONE
No ALPN negotiated
Early data was not sent
Verify return code: 21 (unable to verify the first certificate)
---
>>> TLS 1.2, RecordHeader [length 0005]
    17 03 03 00 13
>>> TLS 1.2, InnerContent [length 0001]
    15
>>> TLS 1.3, Alert [length 0002], warning close_notify
    01 00
Connecting to 127.0.0.1
SSL_connect:before SSL initialization
SSL_connect:SSLv3/TLS write client hello
SSL_connect:SSLv3/TLS write client hello
SSL_connect:SSLv3/TLS read server hello
Can't use SSL_get_servername
SSL_connect:TLSv1.3 read encrypted extensions
depth=0 CN=server.example
verify error:num=20:unable to get local issuer certificate
verify return:1
depth=0 CN=server.example
verify error:num=21:unable to verify the first certificate
verify return:1
depth=0 CN=server.example
verify return:1
SSL_connect:SSLv3/TLS read server certificate
SSL_connect:TLSv1.3 read server certificate verify
SSL_connect:SSLv3/TLS read finished
SSL_connect:SSLv3/TLS write change cipher spec
SSL_connect:SSLv3/TLS write finished
DONE
SSL3 alert write:warning:close notify
