CONNECTED(00000003)
>>> TLS 1.0, RecordHeader [length 0005]
    16 03 01 05 76
>>> TLS 1.3, Handshake [length 0576], ClientHello
    01 00 05 72 03 03 b6 d6 6f 38 85 27 8c c7 c9 99
    1c a8 4b 9c aa 32 87 45 dc 64 b3 bd 36 9f 63 a2
    a7 f9 c6 f8 73 ee 20 24 fa 3c a7 76 37 95 60 4d
    db df db da 69 41 ff c0 77 55 1b 5e a2 e4 7f 4a
    80 5f fa 61 75 3a d0 00 06 13 02 13 03 13 01 01
    00 05 23 00 0b 00 04 03 00 01 02 00 0a 00 06 00
    04 11 ec 00 1d 00 23 00 00 00 16 00 00 00 17 00
    00 00 0d 00 2a 00 28 09 05 09 06 09 04 04 03 05
    03 06 03 08 07 08 08 08 1a 08 1b 08 1c 08 09 08
    0a 08 0b 08 04 08 05 08 06 04 01 05 01 06 01 00
    2b 00 03 02 03 04 00 2d 00 02 01 01 00 33 04 c6
    04 c4 11 ec 04 c0 7a cb a4 b5 98 9e d6 1b 07 4a
    f5 11 35 60 c0 02 b3 8f 01 36 ca 97 40 b3 7c c3
    a3 c1 88 88 f0 a3 a3 83 44 80 f5 8c 9d c7 06 6b
    89 e9 ad f0 75 76 4c 41 b6 ce 1a 75 1d f0 97 80
    b5 55 92 04 32 2b b7 26 16 f7 2e ce b9 0a 1b cb
    c7 b0 e4 2e cd 72 7d 65 93 92 30 e6 69 d9 05 73
    1f b7 55 ea d4 a2 ad 95 78 79 54 3e e7 c4 a6 6f
    a4 b3 4b 8a c7 f0 06 a1 18 48 0a f6 f0 66 7e 66
    19 36 6a 05 ab 49 a0 2d 33 4b 10 16 97 e7 a4 1a
    97 ea 44 fa c3 0c ff 52 c0 8f e3 b0 35 8c a1 c9
    a8 13 63 63 c6 73 e7 52 73 e1 7f 3a 7b 22 cd 40
    be fd f4 99 47 c5 bc b0 f0 65 10 03 ac b3 0a 5c
    93 c7 1a 00 a2 40 d3 03 79 e1 50 cc 32 f8 b8 00
    8b 50 0e 79 b5 da 21 1e 10 09 4b 0b 65 bc 65 88
    39 1a d6 1a bd 29 40 eb d7 bb f3 12 0b cd 22 16
    d7 db 55 aa 8a 78 1a 75 6c f3 41 4b 39 57 59 5b
    fc 12 a3 03 ab 89 37 69 e4 fb 73 e0 09 2e 18 76
    64 77 06 3f 25 8a 32 c8 15 85 6d d0 52 85 77 b8
    78 d9 18 ca 84 1e 66 6a bd 82 ba 36 10 92 21 18
    47 0c 9c e9 4f 83 52 c1 14 c9 1d 85 c7 5f 57 41
    04 e9 54 95 a6 f4 93 12 28 af 19 00 84 91 44 68
    5f 83 85 b8 97 07 7f 48 89 0d cc c1 01 68 5e 8f
    a8 ac 78 0c 58 44 79 90 e7 bc 4c 12 a6 cc d7 11
    43 06 46 5a 39 ec 30 c8 8a 6b 8c 15 cb 55 b4 6c
    57 73 9d f2 e1 00 8b 14 1e 1a 58 39 ed 6b 49 06
    ec 6e d5 04 3a 94 98 53 87 fa c7 8d 76 93 58 7b
    70 0a 8b 07 ff c9 14 59 fc 6a c2 f2 27 4d 1a 7b
    0c e8 31 41 db 7c 84 69 2b 8a da 96 a7 75 ba 8c
    93 b8 ca 84 18 67 61 99 29 85 1c 9b 33 c0 42 62
    25 28 d4 20 e5 d2 53 26 12 bb 45 23 75 2b b1 42
    a2 f1 1c 67 52 79 46 55 0f f2 a8 8e 85 83 4e 0d
    74 03 56 e2 c3 ba 78 4e 94 a5 01 8a 85 1e f4 98
    8d 08 d5 2a 6c f7 ae ee 2a 1c 52 bc 8e 6b 0a c4
    59 65 38 2e 15 a8 54 73 39 1d e2 70 96 30 14 04
    8b 19 4e 89 88 8e f6 cf 75 61 36 ff 15 1e 36 17
    99 51 5c cc f0 0c a3 b1 f0 55 1c f3 1e a5 a1 1c
    82 b1 36 d5 65 ab eb b6 be 08 64 9f 75 28 84 5f
    ba 5c 8e d6 b2 43 72 4d 81 f8 a3 dd 72 62 38 9b
    00 2d b4 b7 65 d3 7a 1b 99 8e e2 66 48 80 27 44
    bf c4 9c ac 1b 15 ca f7 32 6d 31 72 ec e9 5b 5a
    b0 c0 83 11 66 35 46 ca 91 a6 38 25 19 13 76 07
    52 b8 eb 67 a2 01 4e f2 32 50 d4 48 42 7a e7 31
    29 58 34 a4 25 08 46 0a 1e a6 60 b6 a0 a4 33 be
    a0 02 e5 16 32 74 d2 9c c1 e2 52 64 01 cb fb 49
    b3 19 3b 2e de 61 5f bb 90 02 91 02 c3 d0 63 b4
    97 3c 8b 75 1c 60 3e 1b 16 ef 93 7f 88 f5 56 a9
    f4 35 06 e0 10 e5 25 10 ed 96 93 c4 1a 7a ce b5
    98 64 40 9f d0 80 65 73 78 43 83 2b a3 a7 c4 57
    b5 45 a3 f7 ba 2d 38 95 34 86 b6 6e 75 5a 9b 0a
    51 3a b4 42 a3 70 f9 03 01 aa 51 16 01 47 44 ec
    08 d4 72 20 80 21 73 98 7b 98 f1 1a 85 37 9c 4c
    e4 98 cb ca b3 0b f2 ab 12 37 44 27 08 e6 af fe
    8a 98 bf 65 c0 89 83 a6 cb 79 77 b4 59 33 d8 d5
    ae ab 52 43 b4 69 44 aa 58 bb 23 16 ae d8 bb 64
    ad 63 65 f1 36 13 cd d4 75 a1 42 2c 45 54 46 73
    3b 3d 44 ca 18 8c c3 5b 64 dc 8f 9b b2 9b d3 15
    99 67 b8 b6 be 18 7c 01 9c 67 28 63 1e 3d 33 1c
    18 90 9c eb 07 a4 e3 e7 7e 93 00 35 12 2c 12 5a
    e3 a6 5b 9c a5 fb 36 3d 7c d0 51 f6 24 b2 87 0a
    03 ab 49 2d 94 9c ae e7 27 85 61 54 a9 8d 95 79
    7a e7 30 08 f8 c9 2f e3 5f 49 fb 15 78 c1 89 f2
    7b 03 dd 28 62 f1 bb 69 10 ec b6 64 57 c2 fc 50
    87 7a 03 78 40 9b 80 da 6b 92 fc 35 74 4c 3a 5a
    b6 f6 05 32 b1 5a 45 f5 a1 02 e6 c0 67 d0 6a f5
    b6 af de c2 5f 23 52 18 45 f6 43 15 e1 80 e1 37
    3a ba 5c 5a 8e e3 3a 82 f6 8e 3f 56 b6 82 37 1e
    99 b5 47 47 4b 26 eb 31 45 1b 8c 66 ad 81 a3 39
    a7 42 44 fb 46 b6 61 5b 48 26 af 52 d4 b7 ec 8c
    81 39 c9 bf 4b 13 22 61 c3 40 8c 97 8b a7 0a 3b
    dc e0 2e 8e ec a2 b9 57 54 e7 d7 57 2a a5 18 a2
    f5 26 72 f2 34 be 80 38 53 a7 33 65 75 9a 2f c8
    94 b9 62 66 05 5c 96 10 25 2e ce b7 5d 22 0a b5
    b3 69 44 06 40 6e 52 ab 4e d3 9c 5d e9 f1 02 3d
    3b ec c2 96 66 7b aa de da 76 23 c6 1d 90 1e 21
    72 1f 82 02 15 0b 71 fa 65 a4 20 0e e7 3d 27 b9
    72 d3 05 64 00 dd 7a d4 1a f7 3b 73 f1 92 03 3f
    dc c4 93 17 e5 44
<<< TLS 1.2, RecordHeader [length 0005]
    16 03 03 04 ba
<<< TLS 1.3, Handshake [length 04ba], ServerHello
    02 00 04 b6 03 03 39 e2 b1 19 11 bc b0 60 38 81
    d1 c9 49 19 6e 60 58 90 04 15 cd 93 66 89 6b f3
    9b 21 50 23 80 d5 20 24 fa 3c a7 76 37 95 60 4d
    db df db da 69 41 ff c0 77 55 1b 5e a2 e4 7f 4a
    80 5f fa 61 75 3a d0 13 02 00 04 6e 00 33 04 64
    11 ec 04 60 fb ec c5 a5 c1 b2 d9 2e 12 a0 14 5a
    0a 7f 31 9c f7 fb db 0e 9b cb 45 2c 3c c5 b0 77
    41 d7 de 96 bd ff a4 f4 07 7b 72 33 28 b0 03 56
    58 20 25 82 b2 f7 40 21 b7 e3 28 90 68 db ad 34
    20 58 55 4f a3 cc 7b 66 b0 15 d4 a4 88 30 c1 47
    3e c0 61 c1 06 6c 3a 4c f2 eb 93 bc 6e 16 8b 19
    c1 a4 f0 a5 3a c2 89 4e 0e 35 bc 28 20 28 ad 73
    80 79 23 3a b9 5c b9 12 a0 c2 4a 9a 23 22 5b 4f
    4b 06 a5 4c e0 87 de be ae 2c 1f ea cd 49 8b 9b
    4b fc da 9a b5 30 e9 86 6e e0 56 3b c6 2d 96 ad
    a8 ef 5d 50 d7 af 4b dc 15 7f d3 3a c8 b6 b6 bc
    d0 c7 c1 13 3b d0 75 b0 1d 8f b2 22 ce 79 0d 58
    c7 08 6e f0 24 5f 95 74 da 57 bf 78 49 fa 81 2c
    f0 fe 5b b9 4e 78 e0 44 19 c3 df c8 e9 8b ff a9
    49 9b b1 3f 5d bb 20 af 16 71 70 23 ea ef 34 fc
    8a 92 39 ea c4 96 90 16 f4 53 a4 f8 e8 89 f4 96
    dc 06 84 9d f7 77 8f 06 f7 13 08 47 43 1d 4c db
    18 20 e3 de 72 0c 8c 71 da 90 93 9d 49 b4 56 71
    7f e3 6b 4e 14 27 66 88 d4 52 9d bd a4 87 73 ee
    e2 15 b8 43 fd e5 08 da eb 6a 5b 41 35 65 b2 a3
    74 d7 9a 7a ba 52 93 67 ae 0f 67 e5 44 d7 ca b6
    a0 85 d7 6d 54 62 6e a6 93 c4 b2 20 ef 74 10 00
    b5 51 fa d9 37 eb 2a 4e 8b a3 52 25 de bf 0e 8f
    0f 51 ef fa de 9d 49 30 d1 a9 8f dd 93 2e d9 d3
    0e 42 fc b1 54 17 08 de d4 c9 9c 44 ba f5 b6 fe
    05 91 0e 5a aa 84 de a9 00 5d 2d 0b e1 fd 63 aa
    a1 05 b7 5c ee 77 5d 5d a9 01 0a cd 54 67 7d e5
    ff 87 c1 c7 39 81 4a 87 c3 0d 48 48 1b dd ea 0b
    c9 55 41 65 66 a1 46 0c 60 a2 32 6e e1 ec 1a fa
    89 0c 1a 6a 37 e5 ec 11 f0 6b c2 47 3a e6 6e fb
    3f 1f 16 c3 18 b3 4b 95 23 3a 39 d8 50 09 68 93
    c0 64 e9 87 7e 2e 0f 7e ed 4d bb d8 5f 5f 59 a1
    58 5b 44 f9 16 30 19 a7 3b 5d 72 d1 ae e8 43 26
    92 31 3c 02 22 20 89 74 3b 17 ea fe 3f fa 34 50
    ca 78 80 0f 9f 89 2e e4 06 b8 88 06 05 5e b7 11
    8b 9f 6e 78 d6 52 45 b5 d4 05 da 2f 83 91 a4 8d
    ab e4 28 c2 8e 02 eb c0 d7 a9 ae 75 15 7e 95 47
    06 63 61 e3 76 48 fc 8e 9b 84 85 0a 83 57 d2 84
    be 3a 7d ec c6 ab 9d a3 06 d1 42 fb 49 82 7a e8
    1a e7 6d d3 69 ff a2 cc 10 6c e7 10 0d 97 9f a3
    6f 03 24 83 2a fc 43 ff ea 4f d3 72 e1 ca 69 e0
    a8 0b a3 9a 38 02 07 69 be 78 0d e9 79 30 ed 3d
    bc f3 6c 57 f9 cc 11 2a c7 eb 8c 09 52 d8 8f 8e
    f5 9f 1d 55 73 b0 57 96 46 b5 e7 42 24 c1 6f 77
    83 49 80 3a a5 dd 72 21 88 51 29 ab e5 07 51 23
    47 69 d2 37 df ac e6 85 25 26 45 43 1f cd 45 7c
    0d 51 a6 c8 78 bb 41 e8 dd ad 35 28 78 c5 a2 95
    25 78 57 49 e2 80 53 b4 d2 d1 a8 f5 54 61 15 89
    b6 ce 6f b6 c2 68 a9 11 22 4f a2 cc ad 77 36 23
    fe b3 f1 7e 7b 3c c5 06 c9 a4 88 b0 85 b3 69 17
    d4 f0 18 24 fb 86 54 eb 31 5e b7 65 a2 6a 3d 3a
    e0 ae 2c 84 ef fa 3a 13 aa d6 46 1e 73 63 8c 20
    ab 70 82 85 4e 6f 09 7a 61 f8 ff 9d 92 9d b3 f4
    1a dd bc 23 92 00 a9 11 47 4a e4 14 02 75 fb 20
    c5 ba ed 75 96 61 ec 4c ab d3 a2 b5 5f 10 0f 4e
    f8 7f 60 ad cf 85 b9 aa c4 52 80 72 61 71 7b a4
    6d 66 49 db 60 d2 6f 28 68 bf 40 44 0c f6 95 8e
    ae 56 d1 f7 4b 89 88 4f f6 db 9b 60 64 25 95 1d
    6f 3e e0 20 41 59 89 49 1e 3c 19 75 c2 07 7b bc
    8e f7 5e 6a d0 f3 5c 16 c9 59 26 c7 30 81 e1 66
    3e b0 45 1f 09 cb 65 fa 4d 02 ef 8c 11 ad 81 94
    21 22 12 13 76 94 ce 28 47 bc 78 c4 6f 2f a2 41
    70 ea 65 bd 18 52 cb 2c 95 95 a5 a2 43 c9 7c 6b
    71 e6 9b d3 c2 1f 2e b3 12 2d 2a d4 c2 f2 cc 15
    5a 08 a9 34 85 ab c3 bf 44 38 6f 22 9e 79 28 2d
    09 55 02 00 ce cf 42 22 a7 77 5a f6 b1 f9 e4 c0
    ef 6c ad 22 fe ce da 4b a8 30 91 e3 ce 0d bc a2
    f7 e7 bd 1e 3f 49 46 00 a3 d3 99 b7 83 be 5a 01
    6a 7b fe 47 05 96 f0 30 74 ec 33 f7 cb 0e cb b3
    78 34 1e 78 3d e6 35 53 9e e1 39 7a a2 87 bc bd
    6a 81 12 54 00 2b 00 02 03 04
<<< TLS 1.2, RecordHeader [length 0005]
    14 03 03 00 01
<<< TLS 1.3, ChangeCipherSpec [length 0001]
    01
<<< TLS 1.2, RecordHeader [length 0005]
    17 03 03 04 89
<<< TLS 1.3, InnerContent [length 0001]
    16
<<< TLS 1.3, Handshake [length 0006], EncryptedExtensions
    08 00 00 02 00 00
<<< TLS 1.3, Handshake [length 0336], Certificate
    0b 00 03 32 00 00 03 2e 00 03 29 30 82 03 25 30
    82 02 0d a0 03 02 01 02 02 01 02 30 0d 06 09 2a
    86 48 86 f7 0d 01 01 0b 05 00 30 12 31 10 30 0e
    06 03 55 04 03 0c 07 52 6f 6f 74 20 43 41 30 20
    17 0d 31 36 30 31 31 34 32 32 32 39 34 36 5a 18
    0f 32 31 31 36 30 31 31 35 32 32 32 39 34 36 5a
    30 19 31 17 30 15 06 03 55 04 03 0c 0e 73 65 72
    76 65 72 2e 65 78 61 6d 70 6c 65 30 82 01 22 30
    0d 06 09 2a 86 48 86 f7 0d 01 01 01 05 00 03 82
    01 0f 00 30 82 01 0a 02 82 01 01 00 d5 5d 60 6a
    df fc 61 ee 48 aa 8c 11 48 43 a5 6d b6 52 5d aa
    98 49 b1 61 92 35 b1 fc 3a 04 25 0c 6d 79 ff b4
    d5 c9 e9 5c 1c 3b e0 ab b3 b8 7d a3 de 6d bd e0
    dd d7 5a bf 14 47 11 42 5e a6 82 d0 61 c1 7f dd
    13 46 e6 09 85 07 0e f2 d4 fc 1a 64 d2 0a ad 20
    ab 20 6b 96 f0 ad cc c4 19 53 55 dc 01 1d a4 b3
    ef 8a b4 49 53 5d 8a 05 1c f1 dc e1 44 bf c5 d7
    e2 77 19 57 5c 97 0b 75 ee 88 43 71 0f ca 6c c1
    b4 b2 50 a7 77 46 6c 58 0f 11 bf f1 76 24 5a ae
    39 42 b7 51 67 29 e1 d0 55 30 6f 17 e4 91 ea ad
    f8 28 c2 43 6f a2 64 a9 fb 9d 98 92 62 48 3e eb
    0d 4f 82 4a 8a ff 3f 72 ee 96 b5 ae a1 c1 98 ba
    ef 7d 90 75 6d ff 5a 52 9e ab f5 c0 7e d0 87 43
    db 85 07 07 0f 7d 38 7a fd d1 d3 ee 65 1d d3 ea
    39 6a 87 37 ee 4a d3 e0 0d 6e f5 70 ac c2 bd f1
    6e f3 92 95 5e a9 f0 a1 65 95 93 8d 02 03 01 00
    01 a3 7d 30 7b 30 1d 06 03 55 1d 0e 04 16 04 14
    c0 e7 84 bf e8 59 27 33 10 b0 52 4f 51 52 2f 06
    d6 c0 7a cd 30 1f 06 03 55 1d 23 04 18 30 16 80
    14 70 7f 2e ae 83 68 59 98 04 23 2a cd eb 3e 17
    cd 24 dd 01 49 30 09 06 03 55 1d 13 04 02 30 00
    30 13 06 03 55 1d 25 04 0c 30 0a 06 08 2b 06 01
    05 05 07 03 01 30 19 06 03 55 1d 11 04 12 30 10
    82 0e 73 65 72 76 65 72 2e 65 78 61 6d 70 6c 65
    30 0d 06 09 2a 86 48 86 f7 0d 01 01 0b 05 00 03
    82 01 01 00 7b d3 04 43 75 8a 0f 11 ae c4 fb d7
    a1 a2 9e fe 20 18 d5 f4 2f 31 88 46 b6 75 8c ee
    e5 9b 97 a6 b9 a3 cd 60 9a 46 c3 48 97 e5 97 68
    f7 5a 86 35 73 d9 69 9e f9 5f 74 b9 e6 94 13 01
    cb 6a dc e3 c4 04 e9 65 da 9c a4 8b 28 f3 f9 9a
    7f bf 97 1f 45 92 e5 05 b1 56 e6 0b f6 47 de 1e
    89 b6 2b e1 4d df 4a 7e 01 d3 23 dc 97 8c 47 fe
    5f c7 cc 98 46 0e c4 83 5b ca 8a f1 52 09 be 6b
    ec 3f 09 8b d0 93 02 bf e1 51 e7 d1 7e 34 56 19
    74 d0 ff 28 25 de b7 9f 56 52 91 7d 20 29 85 0a
    80 44 5f 71 32 25 71 0f c2 16 e2 5f 6b 1d 3f 32
    5b 0a 3c 74 1c b9 62 f1 ed 07 50 a3 6d b4 b4 31
    0a c0 53 44 6a 3a 88 84 8b 2d a9 b0 37 8e e6 18
    36 bd 9a 20 40 0f 01 92 8b 3d aa 61 e7 ae 2c ed
    36 cd 3a 07 86 74 3a 29 b3 d7 3a b4 00 a9 c2 f5
    92 78 0e e2 0f a3 fe bb be e0 06 53 84 59 1d 90
    69 e5 b6 f9 00 00
<<< TLS 1.3, Handshake [length 0108], CertificateVerify
    0f 00 01 04 08 04 01 00 76 d9 04 f2 be 47 9e 22
    ec c6 07 e4 23 bd c2 b5 bc 59 7b 07 67 e3 86 a8
    29 c2 76 23 60 40 e5 8d 9a e1 b6 9a cd ad 67 15
    0a c0 cb 1c 49 1a f0 69 76 ef 58 f2 ca 03 41 c8
    68 c9 70 c5 7f 99 4d 5b f3 ee 45 f8 4f 39 33 cc
    44 2b e7 77 0a 3e dc 97 50 b9 fe 78 cb a9 a3 99
    3e 4d 83 c6 ed 3a 80 45 5d 7d e1 b7 1d d2 7b 5d
    b2 6d fa ca c5 e8 2a 68 83 0c 07 ec 4d c0 d7 3e
    a4 21 3a 64 7f d4 af da 89 0d 91 f8 bc cd b0 9f
    21 66 37 18 e1 98 5c 60 e9 20 6e 71 71 76 f8 a2
    0d b1 5d f2 dd f3 9a fc 44 0f 6b eb 12 9b 53 9b
    b4 d9 d9 a4 62 b1 a4 96 58 73 1c 9a b4 33 fe c5
    78 81 45 d9 87 9a 4c 92 b1 0c fb 1b 97 0c 6d 74
    4c cc e0 27 de 7a ad 6d 40 1b 39 63 da a0 c5 4f
    3f 09 08 8d f0 5b dc 2e 97 64 ee b6 ac 31 f6 92
    07 1e f5 6c 56 97 18 6e 3b 46 55 ea c2 01 f6 14
    76 41 23 fa de 71 2a e2
<<< TLS 1.3, Handshake [length 0034], Finished
    14 00 00 30 41 ca fe 09 c5 0e bb f3 65 14 cb 56
    d5 70 b9 8e da 94 6d 7b 02 ac ad 5b 21 29 8a 6a
    26 c4 a8 ad 06 ec fb d8 7b 95 33 60 cf d1 ed 5d
    52 d2 fb 9d
>>> TLS 1.2, RecordHeader [length 0005]
    14 03 03 00 01
>>> TLS 1.3, ChangeCipherSpec [length 0001]
    01
>>> TLS 1.2, RecordHeader [length 0005]
    17 03 03 00 45
>>> TLS 1.2, InnerContent [length 0001]
    16
>>> TLS 1.3, Handshake [length 0034], Finished
    14 00 00 30 32 3a 66 9e ba 62 e4 a1 02 b0 9b 03
    ac f9 bd 03 66 e3 8d 3c 3f 91 18 10 ef 86 00 98
    b9 e1 9d 81 ae ec 38 4b d7 99 35 0e 59 fa 5b b1
    1e 96 e1 2e
---
Certificate chain
 0 s:CN=server.example
   i:CN=Root CA
   a:PKEY: RSA, 2048 (bit); sigalg: sha256WithRSAEncryption
   v:NotBefore: Jan 14 22:29:46 2016 GMT; NotAfter: Jan 15 22:29:46 2116 GMT
---
Server certificate
-----BEGIN CERTIFICATE-----
MIIDJTCCAg2gAwIBAgIBAjANBgkqhkiG9w0BAQsFADASMRAwDgYDVQQDDAdSb290
IENBMCAXDTE2MDExNDIyMjk0NloYDzIxMTYwMTE1MjIyOTQ2WjAZMRcwFQYDVQQD
DA5zZXJ2ZXIuZXhhbXBsZTCCASIwDQYJKoZIhvcNAQEBBQADggEPADCCAQoCggEB
ANVdYGrf/GHuSKqMEUhDpW22Ul2qmEmxYZI1sfw6BCUMbXn/tNXJ6VwcO+Crs7h9
o95tveDd11q/FEcRQl6mgtBhwX/dE0bmCYUHDvLU/Bpk0gqtIKsga5bwrczEGVNV
3AEdpLPvirRJU12KBRzx3OFEv8XX4ncZV1yXC3XuiENxD8pswbSyUKd3RmxYDxG/
8XYkWq45QrdRZynh0FUwbxfkkeqt+CjCQ2+iZKn7nZiSYkg+6w1PgkqK/z9y7pa1
rqHBmLrvfZB1bf9aUp6r9cB+0IdD24UHBw99OHr90dPuZR3T6jlqhzfuStPgDW71
cKzCvfFu85KVXqnwoWWVk40CAwEAAaN9MHswHQYDVR0OBBYEFMDnhL/oWSczELBS
T1FSLwbWwHrNMB8GA1UdIwQYMBaAFHB/Lq6DaFmYBCMqzes+F80k3QFJMAkGA1Ud
EwQCMAAwEwYDVR0lBAwwCgYIKwYBBQUHAwEwGQYDVR0RBBIwEIIOc2VydmVyLmV4
YW1wbGUwDQYJKoZIhvcNAQELBQADggEBAHvTBEN1ig8RrsT716Ginv4gGNX0LzGI
RrZ1jO7lm5emuaPNYJpGw0iX5Zdo91qGNXPZaZ75X3S55pQTActq3OPEBOll2pyk
iyjz+Zp/v5cfRZLlBbFW5gv2R94eibYr4U3fSn4B0yPcl4xH/l/HzJhGDsSDW8qK
8VIJvmvsPwmL0JMCv+FR59F+NFYZdND/KCXet59WUpF9ICmFCoBEX3EyJXEPwhbi
X2sdPzJbCjx0HLli8e0HUKNttLQxCsBTRGo6iISLLamwN47mGDa9miBADwGSiz2q
YeeuLO02zToHhnQ6KbPXOrQAqcL1kngO4g+j/ru+4AZThFkdkGnltvk=
-----END CERTIFICATE-----
subject=CN=server.example
issuer=CN=Root CA
---
No client certificate CA names sent
Peer signing digest: SHA256
Peer signature type: rsa_pss_rsae_sha256
Negotiated TLS1.3 group: X25519MLKEM768
---
SSL handshake has read 2387 bytes and written 1483 bytes
Verification error: unable to verify the first certificate
---
New, TLSv1.3, Cipher is TLS_AES_256_GCM_SHA384
Protocol: TLSv1.3
Server public key is 2048 bit
This TLS version forbids renegotiation.
Compression: NONE
Expansion: NONE
No ALPN negotiated
Early data was not sent
Verify return code: 21 (unable to verify the first certificate)
---
>>> TLS 1.2, RecordHeader [length 0005]
    17 03 03 00 13
>>> TLS 1.2, InnerContent [length 0001]
    15
>>> TLS 1.3, Alert [length 0002], warning close_notify
    01 00
Connecting to 127.0.0.1
SSL_connect:before SSL initialization
SSL_connect:SSLv3/TLS write client hello
SSL_connect:SSLv3/TLS write client hello
SSL_connect:SSLv3/TLS read server hello
Can't use SSL_get_servername
SSL_connect:TLSv1.3 read encrypted extensions
depth=0 CN=server.example
verify error:num=20:unable to get local issuer certificate
verify return:1
depth=0 CN=server.example
verify error:num=21:unable to verify the first certificate
verify return:1
depth=0 CN=server.example
verify return:1
SSL_connect:SSLv3/TLS read server certificate
SSL_connect:TLSv1.3 read server certificate verify
SSL_connect:SSLv3/TLS read finished
SSL_connect:SSLv3/TLS write change cipher spec
SSL_connect:SSLv3/TLS write finished
DONE
SSL3 alert write:warning:close notify
