CONNECTED(00000003)
>>> TLS 1.0, RecordHeader [length 0005]
    16 03 01 05 76
>>> TLS 1.3, Handshake [length 0576], ClientHello
    01 00 05 72 03 03 34 9b 4b a4 2b e1 49 88 2c d9
    8e c7 74 e7 21 69 dc ac 1c 73 7f 6e 9c d3 ed 55
    7a 48 d0 46 17 08 20 d5 c0 f9 2e 07 28 f2 af 24
    ea a3 fc b5 77 02 9d 53 91 d1 02 3d 88 4c 0f 8a
    3b 0f e4 84 43 1f 6f 00 06 13 02 13 03 13 01 01
    00 05 23 00 0b 00 04 03 00 01 02 00 0a 00 06 00
    04 11 ec 00 1d 00 23 00 00 00 16 00 00 00 17 00
    00 00 0d 00 2a 00 28 09 05 09 06 09 04 04 03 05
    03 06 03 08 07 08 08 08 1a 08 1b 08 1c 08 09 08
    0a 08 0b 08 04 08 05 08 06 04 01 05 01 06 01 00
    2b 00 03 02 03 04 00 2d 00 02 01 01 00 33 04 c6
    04 c4 11 ec 04 c0 f6 9c a2 81 ba c0 c5 c4 61 6c
    63 99 37 c5 c0 34 2c c7 be a2 25 62 22 bf 53 8c
    4d 63 54 4c 94 7a 48 c3 63 0a 30 f0 10 ec 86 6f
    34 f5 0e 84 7b cf 4f b9 4d fb 72 63 91 77 20 27
    25 76 97 89 3e 5a 49 2b 5f 03 54 04 51 cb f0 19
    a3 b4 57 5a 67 9b 44 64 86 cc 6f 2c 44 04 d4 4d
    07 a9 60 aa f7 55 73 34 0c c7 06 92 03 54 6f ed
    30 13 ab b1 b5 b8 00 2c c5 b0 93 13 30 79 38 63
    51 14 74 46 7b dc 39 d1 34 7c 0e dc 9d a6 cb ae
    90 e1 71 ab c2 b1 69 ab b0 8d 48 81 45 d1 6e 5a
    03 39 7b 39 c2 bc 50 2d 32 fb 75 87 36 97 00 d1
    9f 63 80 c8 09 16 24 18 07 20 4e 65 4c 42 1a 97
    c0 42 5b 77 d6 90 ab 4c 20 9d 7a 94 b7 9b 70 b1
    d6 3e 2e b1 6a 26 7a 45 ad 1c 44 78 63 6a 15 6a
    b0 d1 9c cc 98 3a 53 5c b1 ce b0 7a 4a 84 69 ba
    95 b8 8b 04 a7 45 d7 ec 5c b0 01 1c 5b 52 60 83
    1a 81 59 29 74 46 ec 5a c8 b2 0b 47 91 cc f5 6b
    59 6e 2c 60 ce 47 69 23 ab 8b 9a a8 20 ba e7 48
    ba a6 71 6d 37 b9 c6 41 29 f2 76 2f 74 c9 6a d7
    6b 8d 46 e7 0e ff f5 4d b8 55 a6 20 7c 91 63 04
    76 79 f6 8f fd ca 8b 44 50 05 33 63 a6 de 98 0b
    43 96 6c 5c 41 1c 27 45 a0 75 ea 60 16 fb 6d 5f
    f1 3e 83 5c 7c 28 8c 6d 32 93 74 26 76 31 cf 38
    2f b7 b3 3c 6d c0 33 db c8 27 2e 8c 79 40 18 59
    3d 4c 69 86 65 07 08 a2 38 db 61 83 d1 96 4e d9
    9b b0 87 fb b7 4b f7 22 df b1 3a 0d fb c5 e2 01
    74 7e 6a a0 85 aa 7a 53 22 0a 04 0c 14 bd 8a 6c
    13 d8 13 63 a1 09 14 ba 0a 65 99 a1 fc 6a 16 5b
    4b 98 1c 24 18 2d 6b 0f ec 5a 4e 5b fb c7 77 73
    9d 9b 58 bf c0 f0 50 f7 8a 1b 34 50 6d 69 c9 ba
    d2 66 84 65 71 84 36 7c 29 99 83 34 a8 a0 91 af
    57 a3 0b 74 04 ab 6a c6 e5 f0 b3 e7 87 65 ef 2c
    01 33 f5 93 d6 82 60 e2 b8 c0 06 47 72 89 5b 76
    6c c8 a1 f3 9a ad 70 22 9d ce e1 b9 1e 5a b0 79
    9a 1b 66 cb 81 fa 44 8d 25 25 8f 7d 3c 22 be 62
    36 d1 f2 1d b6 6b cf 9e 39 ad 25 5c 53 a2 b4 2f
    ca ea b0 85 0b 8b 3c 97 ac a1 70 95 1c 36 2e a0
    5a 96 a1 40 aa ea 12 a9 91 61 05 6c d3 0e 5b bc
    07 d6 20 73 10 c1 63 b9 75 79 76 e9 04 b8 33 13
    b5 91 85 bb ab ba d3 8c 91 34 a3 04 03 99 50 35
    dc 00 ba 5a 2c 20 23 57 f7 17 c6 9b 6c 37 a1 97
    c4 38 d5 b8 64 62 cc 7d 26 0e bf a6 70 ca 23 ca
    20 83 96 54 1b 5f 8b 92 ac 90 45 46 3b eb b1 d3
    00 30 c0 5a b6 12 14 88 fa 09 85 3f a9 0c 52 d5
    62 8f f1 a4 ed b5 0c 76 80 3a 19 6a 8c d0 89 97
    6e ba 7d 94 f1 a4 9d 78 99 83 9b 0b 95 69 ac 16
    fb 4d 96 30 b7 d1 68 a5 76 c2 8b dd b1 4d 6f 36
    00 9b 88 3f af c3 5f a3 c5 1c 76 f6 3c 5b e4 a3
    b9 12 5d 82 37 60 cf 2b c4 23 63 12 ba e7 54 8e
    25 42 7c 06 30 e5 77 4c 95 c4 af d1 84 af 19 f4
    67 0a d8 61 c6 42 8f b0 f3 7c 75 e9 05 aa 8b 50
    1b 3c 58 cc b2 45 89 a0 63 cc 72 b3 5d f2 6c 49
    ca 7f 58 aa 98 19 09 6b e2 fa 71 e5 80 70 6b 20
    10 78 ac a9 66 4a 9e 57 77 52 74 b8 a5 df 18 6e
    75 a5 0c bf 93 c7 32 ca 19 38 94 8d b6 63 7c 6c
    82 66 23 1c 0d 6f 76 43 31 d7 c6 59 27 04 f6 b7
    00 48 86 31 36 c4 64 9b 6c 6d 9b 37 15 bb 9a 0d
    1c 84 88 28 5c a4 7d 53 a3 1b c5 43 33 b8 cc a3
    d1 54 5b 94 bf 2c 51 93 8e 70 bc 35 3c cf d7 12
    af bc 00 d0 2e e2 1e 25 60 0f dc 14 3b ea 7b 74
    ad 02 3f f9 f0 90 97 65 af fa a5 ae f3 46 10 f4
    83 ae 23 66 1b 75 7b 90 70 f6 bf 69 12 b8 44 85
    28 1c 07 8e 01 35 8f 18 8c 29 2f 22 42 28 e5 be
    e7 70 2c 40 69 5d 6a c8 5f 47 45 bf 0b b9 8b d2
    24 95 95 e9 1a fc b9 9f 93 d8 a5 d2 0c bc 40 05
    25 08 16 83 65 9b 3e 74 d7 5a c5 f4 21 b3 75 35
    e2 09 62 23 55 3c e6 40 93 66 a1 42 5e a0 4d 83
    c8 93 c7 b5 4c cf 7a b4 32 3b a9 29 30 c5 47 fa
    0d 61 a3 42 8f 77 c3 0c 7b 8b 55 01 3a eb 59 6e
    e4 5a 10 d8 39 a6 9e 72 23 40 2a c1 53 44 4b 2f
    f1 84 2f 1c 27 23 b2 4a 17 42 55 c0 a7 35 37 5a
    b7 8c db 71 c6 eb 43 97 8b 24 e0 41 8e b5 8c 7b
    5b 9b c5 d5 c5 2e e4 db e3 1b bd 01 6d a6 be d0
    2d 85 bf eb 47 04 37 1c c4 ff 2d 53 91 6b b3 f3
    f9 8e 33 76 86 20 37 89 2d da ff 23 f4 5e e3 19
    f8 1a 02 c2 93 99 1d 50 e1 f2 54 17 6c 24 de 7e
    e5 03 2e ee f9 46
<<< TLS 1.2, RecordHeader [length 0005]
    16 03 03 04 ba
<<< TLS 1.3, Handshake [length 04ba], ServerHello
    02 00 04 b6 03 03 f6 a2 c5 5f de 9b 20 ce 43 85
    ab 54 88 66 87 1c 12 af 66 d0 33 5e 53 3e 56 c1
    1b 0a 0a 08 22 d0 20 d5 c0 f9 2e 07 28 f2 af 24
    ea a3 fc b5 77 02 9d 53 91 d1 02 3d 88 4c 0f 8a
    3b 0f e4 84 43 1f 6f 13 02 00 04 6e 00 33 04 64
    11 ec 04 60 ec 30 60 e1 e7 37 6e 33 77 b0 49 7d
    8b 89 9a df d8 6a 91 38 10 c4 72 9c 12 8e 5a 7c
    7c 7f 83 96 10 68 81 78 4e 20 58 52 93 49 1e 05
    83 eb 74 53 19 18 6a 40 2f 3c 1b 9b 03 45 fa 39
    ce f5 7e c4 6d b8 ca b0 7f 26 4f f4 94 ae 38 6c
    f2 6d 9a 53 e8 85 16 a0 e3 bc 94 e9 19 b2 c6 34
    95 a6 f5 fb 08 98 34 ab 28 e6 7e 63 34 d6 b3 fb
    21 de e2 59 df 62 2a 0c 09 f8 d9 74 17 04 8d 84
    15 db 52 35 e0 bd c1 7d 1b 45 b0 b8 d0 fc 0f 4e
    7f 38 a3 c7 35 0a cf bf 2f db c7 bd bc ec c5 09
    10 f8 b7 3d 24 23 53 11 b0 b0 32 4c 3c 34 d9 80
    53 61 5e 9c 59 93 3c fd a1 2e 94 58 2e 0b 84 68
    e7 6c e6 4f b2 b2 09 eb 24 4b 75 75 6e e7 50 f8
    d4 db ff 11 f3 a6 61 23 3a 59 85 40 50 47 52 47
    81 3c 04 e5 4e c8 49 71 50 72 d4 0e 94 d7 b4 0a
    41 9c 89 4a b4 16 2e 62 73 8c 16 33 f8 13 ea 9d
    0a 64 03 b5 bb ae 3d c5 6a 4c 88 a7 32 3e b5 c3
    f8 d0 47 ff 78 d8 80 fd 45 52 f3 9e a8 ca ca 4f
    79 44 f3 1f 52 02 b1 04 5c 5c 3a 4c 67 9b ea ae
    c6 70 dd 35 79 7e cc 6f 4d 4e 7c 5d c9 91 bd d0
    59 da c9 ca 3b 9f 1b 4c 6a 8a 44 b6 8a 8a 0e 74
    22 de 4a 92 aa 24 2b 16 83 45 fa eb b3 69 ea ec
    34 c5 0a 7d 2f de 4a e9 09 41 85 08 f6 07 f7 66
    11 2d 94 b7 2a 93 2d 59 7d 9b 0c 47 09 ae 8b 64
    b2 dd eb c4 42 43 a3 b9 21 5d 35 76 e5 9a fb 98
    ca 6a 03 9a bd df bb 84 9d 01 0d d7 82 73 79 ba
    6e 95 13 68 fb 52 4c bc 40 ce f3 83 b2 c6 2a ae
    be c7 b0 b1 c9 fb f2 b4 c1 56 a2 85 74 01 1a 8c
    4e 50 f5 a8 b2 bc 90 e4 e6 ce c1 c1 17 33 5a d5
    c8 77 37 80 18 54 68 53 4b af 68 cf 8f 4c 1d 9b
    1e 03 b4 c4 ac f2 51 bd e8 2a 26 a3 e6 94 43 2f
    91 b1 e4 76 c2 c8 e0 53 4c fd 90 e2 03 dd b6 26
    c7 c0 1e 92 6f 40 29 f2 3a 70 7a 38 ab 1f 74 d8
    fd 02 27 e7 61 56 bf d1 16 33 a2 dc a6 f9 d0 f3
    ba a4 90 9e b0 ee ae 4b c2 fb 4b 47 03 96 ca bc
    fb fe 2a dc be b6 e7 5c fb b9 00 66 7e 02 8c f4
    94 a4 fd 21 e3 3c 35 df 7f 5c 6f 7e e3 bf ef ba
    56 1c e0 cb a0 03 98 17 0e ca 99 da 46 38 35 fc
    b5 0c 09 25 85 50 7a a1 d5 11 9c 09 e2 ff 67 dc
    ca 6d 94 6b 3f 1e dc eb 3d 4b 46 e9 64 01 9e 08
    60 9d b2 5c 3b b7 3f 5e 9d 7f f3 17 3c 8d ee 27
    56 89 17 0b df cb e4 d0 1f 49 d7 a2 1b 92 f6 71
    f6 df f1 26 4a 30 ed 03 52 1d af 60 88 ed d1 a5
    7b 61 b0 84 6c 0d b8 0d e9 9b 7e 79 0f 14 05 90
    6e 84 38 02 3c dd f1 7d 7f d4 4c 46 c0 3d 31 a1
    a1 a4 ef 5f d8 45 f9 7d fe f9 ec 17 cb 5c 64 4f
    e8 7e fc 18 15 20 6a ca 51 2d 23 a2 f8 5d 83 01
    e8 ce b1 18 07 76 ae 0a d9 84 61 21 6e 86 7c 5a
    17 28 83 e5 f7 0f 58 4d d3 9b 13 97 d3 1c eb ae
    49 35 b9 e0 5f 90 8c 4b 44 de dd da a7 ac bd 81
    55 4a c6 a4 f0 9b bb 02 9f 0a 47 0b 22 5a be b7
    5f fd 85 29 35 14 8b 1c 1a 03 19 57 e1 30 75 97
    30 ff 9e f6 e2 75 34 ae 03 f9 12 16 d7 65 a1 a8
    96 5e 54 53 10 bb 9d 45 47 e0 c7 18 16 b5 f1 f7
    af e3 60 b1 97 c5 0f cd f6 d6 96 f6 26 ae 94 fe
    c6 74 bb 88 2a 12 a9 8e fd 81 32 0a d9 7b 0f 6b
    2b 46 47 8c 19 2c a3 db e8 8b 30 79 78 55 bd 17
    92 cc 71 d9 d6 90 0d 53 c2 53 96 db 71 a8 bc bb
    6a d2 be 4d cf 5e 74 35 a4 e4 ae 69 2d 2b 49 8e
    ce 22 be 9e 67 bb 03 98 42 aa f0 ad 72 97 1c 36
    85 04 07 ad 39 00 ea 15 3d a2 38 6a b6 8d 44 4f
    ca ea e4 05 b8 31 15 37 c6 7d a8 df a7 e2 55 8f
    ea f7 c3 80 2e 74 a0 73 a0 39 b1 9a 89 eb ee ea
    b9 67 e2 23 7e 1d ca 5b 9b ac a3 f2 07 3b f6 8b
    41 7a 93 92 98 6b 13 cf d0 b6 1f eb c1 36 19 0b
    1b c8 24 fa 91 7f 86 80 3c ca d0 99 15 1d da 90
    12 33 d5 67 1e 52 2e a6 bc 9a 9c ef 1b 5f 6e c9
    36 7c 57 5d a5 6b d4 b0 53 00 45 30 a7 00 39 ae
    2a d8 7a d6 67 8b 4d 96 c5 e0 8b da 69 c1 10 06
    14 9f 17 3e ad 5b d2 51 74 32 ad 28 fb 6e ac 84
    54 90 d8 53 00 2b 00 02 03 04
<<< TLS 1.2, RecordHeader [length 0005]
    14 03 03 00 01
<<< TLS 1.3, ChangeCipherSpec [length 0001]
    01
<<< TLS 1.2, RecordHeader [length 0005]
    17 03 03 04 89
<<< TLS 1.3, InnerContent [length 0001]
    16
<<< TLS 1.3, Handshake [length 0006], EncryptedExtensions
    08 00 00 02 00 00
<<< TLS 1.3, Handshake [length 0336], Certificate
    0b 00 03 32 00 00 03 2e 00 03 29 30 82 03 25 30
    82 02 0d a0 03 02 01 02 02 01 02 30 0d 06 09 2a
    86 48 86 f7 0d 01 01 0b 05 00 30 12 31 10 30 0e
    06 03 55 04 03 0c 07 52 6f 6f 74 20 43 41 30 20
    17 0d 31 36 30 31 31 34 32 32 32 39 34 36 5a 18
    0f 32 31 31 36 30 31 31 35 32 32 32 39 34 36 5a
    30 19 31 17 30 15 06 03 55 04 03 0c 0e 73 65 72
    76 65 72 2e 65 78 61 6d 70 6c 65 30 82 01 22 30
    0d 06 09 2a 86 48 86 f7 0d 01 01 01 05 00 03 82
    01 0f 00 30 82 01 0a 02 82 01 01 00 d5 5d 60 6a
    df fc 61 ee 48 aa 8c 11 48 43 a5 6d b6 52 5d aa
    98 49 b1 61 92 35 b1 fc 3a 04 25 0c 6d 79 ff b4
    d5 c9 e9 5c 1c 3b e0 ab b3 b8 7d a3 de 6d bd e0
    dd d7 5a bf 14 47 11 42 5e a6 82 d0 61 c1 7f dd
    13 46 e6 09 85 07 0e f2 d4 fc 1a 64 d2 0a ad 20
    ab 20 6b 96 f0 ad cc c4 19 53 55 dc 01 1d a4 b3
    ef 8a b4 49 53 5d 8a 05 1c f1 dc e1 44 bf c5 d7
    e2 77 19 57 5c 97 0b 75 ee 88 43 71 0f ca 6c c1
    b4 b2 50 a7 77 46 6c 58 0f 11 bf f1 76 24 5a ae
    39 42 b7 51 67 29 e1 d0 55 30 6f 17 e4 91 ea ad
    f8 28 c2 43 6f a2 64 a9 fb 9d 98 92 62 48 3e eb
    0d 4f 82 4a 8a ff 3f 72 ee 96 b5 ae a1 c1 98 ba
    ef 7d 90 75 6d ff 5a 52 9e ab f5 c0 7e d0 87 43
    db 85 07 07 0f 7d 38 7a fd d1 d3 ee 65 1d d3 ea
    39 6a 87 37 ee 4a d3 e0 0d 6e f5 70 ac c2 bd f1
    6e f3 92 95 5e a9 f0 a1 65 95 93 8d 02 03 01 00
    01 a3 7d 30 7b 30 1d 06 03 55 1d 0e 04 16 04 14
    c0 e7 84 bf e8 59 27 33 10 b0 52 4f 51 52 2f 06
    d6 c0 7a cd 30 1f 06 03 55 1d 23 04 18 30 16 80
    14 70 7f 2e ae 83 68 59 98 04 23 2a cd eb 3e 17
    cd 24 dd 01 49 30 09 06 03 55 1d 13 04 02 30 00
    30 13 06 03 55 1d 25 04 0c 30 0a 06 08 2b 06 01
    05 05 07 03 01 30 19 06 03 55 1d 11 04 12 30 10
    82 0e 73 65 72 76 65 72 2e 65 78 61 6d 70 6c 65
    30 0d 06 09 2a 86 48 86 f7 0d 01 01 0b 05 00 03
    82 01 01 00 7b d3 04 43 75 8a 0f 11 ae c4 fb d7
    a1 a2 9e fe 20 18 d5 f4 2f 31 88 46 b6 75 8c ee
    e5 9b 97 a6 b9 a3 cd 60 9a 46 c3 48 97 e5 97 68
    f7 5a 86 35 73 d9 69 9e f9 5f 74 b9 e6 94 13 01
    cb 6a dc e3 c4 04 e9 65 da 9c a4 8b 28 f3 f9 9a
    7f bf 97 1f 45 92 e5 05 b1 56 e6 0b f6 47 de 1e
    89 b6 2b e1 4d df 4a 7e 01 d3 23 dc 97 8c 47 fe
    5f c7 cc 98 46 0e c4 83 5b ca 8a f1 52 09 be 6b
    ec 3f 09 8b d0 93 02 bf e1 51 e7 d1 7e 34 56 19
    74 d0 ff 28 25 de b7 9f 56 52 91 7d 20 29 85 0a
    80 44 5f 71 32 25 71 0f c2 16 e2 5f 6b 1d 3f 32
    5b 0a 3c 74 1c b9 62 f1 ed 07 50 a3 6d b4 b4 31
    0a c0 53 44 6a 3a 88 84 8b 2d a9 b0 37 8e e6 18
    36 bd 9a 20 40 0f 01 92 8b 3d aa 61 e7 ae 2c ed
    36 cd 3a 07 86 74 3a 29 b3 d7 3a b4 00 a9 c2 f5
    92 78 0e e2 0f a3 fe bb be e0 06 53 84 59 1d 90
    69 e5 b6 f9 00 00
<<< TLS 1.3, Handshake [length 0108], CertificateVerify
    0f 00 01 04 08 04 01 00 0e 9b ca 07 c9 ed 4a fe
    0e 60 c2 eb b8 33 45 e8 fa 31 02 7a c5 6c fd bc
    92 bc 9a 73 7d 26 4e c3 5e 68 37 ec 23 37 d8 02
    d4 d5 01 d8 64 83 aa 6b c0 c0 7f 44 44 cd 2a 60
    14 bf 0d c9 96 68 9f f6 4c 72 2e 33 98 0c fd 2c
    9e bc 77 05 65 4c 92 24 8f f0 51 a3 29 f5 3b 66
    86 a8 fb 39 4f ab 18 b5 26 7c 32 44 94 22 6b 56
    43 17 98 58 6d a9 8c d5 6f 5b 5f 6e 86 02 af ce
    65 32 9f 47 8d 9d 8b 41 1e ec e9 15 2e 68 28 b9
    92 5d 09 e0 62 09 59 39 b6 e1 9b 11 77 8a 69 79
    0a b5 76 5a 76 c1 0d 61 64 ce 73 50 e2 17 f5 44
    af f4 14 65 2a 7b 60 ea c0 d6 67 de f4 40 5d b6
    51 86 53 e9 53 d8 d6 0e a1 ae 90 9a 1a 13 40 fd
    25 9a b5 dc 97 8d 37 a5 30 e6 41 91 13 bf fd d6
    07 08 27 ba a5 91 07 2a 50 26 ff 6f 0c dc 81 00
    14 50 07 a4 f0 ac 3d 46 d0 12 0e ab 35 1b 77 44
    0c 97 fb 9a e3 12 b3 86
<<< TLS 1.3, Handshake [length 0034], Finished
    14 00 00 30 8d 83 03 17 9d b6 c8 89 b4 bd 09 bd
    ca d3 d2 a9 86 ce 5a c6 1a 47 70 c0 2b 3a 1e 73
    1a 50 35 28 10 4c 46 b7 46 a5 9e aa ef 0a 9f e6
    4f e1 da 73
>>> TLS 1.2, RecordHeader [length 0005]
    14 03 03 00 01
>>> TLS 1.3, ChangeCipherSpec [length 0001]
    01
>>> TLS 1.2, RecordHeader [length 0005]
    17 03 03 00 45
>>> TLS 1.2, InnerContent [length 0001]
    16
>>> TLS 1.3, Handshake [length 0034], Finished
    14 00 00 30 aa 63 72 eb 30 d0 ea 2d 72 a5 a3 79
    cb 41 26 ea 2e 08 0c 6a 9c 3c b1 10 db 47 41 40
    59 74 5d 17 20 10 ff 85 20 7a 32 44 71 f8 38 dc
    78 f4 66 12
---
Certificate chain
 0 s:CN=server.example
   i:CN=Root CA
   a:PKEY: RSA, 2048 (bit); sigalg: sha256WithRSAEncryption
   v:NotBefore: Jan 14 22:29:46 2016 GMT; NotAfter: Jan 15 22:29:46 2116 GMT
---
Server certificate
-----BEGIN CERTIFICATE-----
MIIDJTCCAg2gAwIBAgIBAjANBgkqhkiG9w0BAQsFADASMRAwDgYDVQQDDAdSb290
IENBMCAXDTE2MDExNDIyMjk0NloYDzIxMTYwMTE1MjIyOTQ2WjAZMRcwFQYDVQQD
DA5zZXJ2ZXIuZXhhbXBsZTCCASIwDQYJKoZIhvcNAQEBBQADggEPADCCAQoCggEB
ANVdYGrf/GHuSKqMEUhDpW22Ul2qmEmxYZI1sfw6BCUMbXn/tNXJ6VwcO+Crs7h9
o95tveDd11q/FEcRQl6mgtBhwX/dE0bmCYUHDvLU/Bpk0gqtIKsga5bwrczEGVNV
3AEdpLPvirRJU12KBRzx3OFEv8XX4ncZV1yXC3XuiENxD8pswbSyUKd3RmxYDxG/
8XYkWq45QrdRZynh0FUwbxfkkeqt+CjCQ2+iZKn7nZiSYkg+6w1PgkqK/z9y7pa1
rqHBmLrvfZB1bf9aUp6r9cB+0IdD24UHBw99OHr90dPuZR3T6jlqhzfuStPgDW71
cKzCvfFu85KVXqnwoWWVk40CAwEAAaN9MHswHQYDVR0OBBYEFMDnhL/oWSczELBS
T1FSLwbWwHrNMB8GA1UdIwQYMBaAFHB/Lq6DaFmYBCMqzes+F80k3QFJMAkGA1Ud
EwQCMAAwEwYDVR0lBAwwCgYIKwYBBQUHAwEwGQYDVR0RBBIwEIIOc2VydmVyLmV4
YW1wbGUwDQYJKoZIhvcNAQELBQADggEBAHvTBEN1ig8RrsT716Ginv4gGNX0LzGI
RrZ1jO7lm5emuaPNYJpGw0iX5Zdo91qGNXPZaZ75X3S55pQTActq3OPEBOll2pyk
iyjz+Zp/v5cfRZLlBbFW5gv2R94eibYr4U3fSn4B0yPcl4xH/l/HzJhGDsSDW8qK
8VIJvmvsPwmL0JMCv+FR59F+NFYZdND/KCXet59WUpF9ICmFCoBEX3EyJXEPwhbi
X2sdPzJbCjx0HLli8e0HUKNttLQxCsBTRGo6iISLLamwN47mGDa9miBADwGSiz2q
YeeuLO02zToHhnQ6KbPXOrQAqcL1kngO4g+j/ru+4AZThFkdkGnltvk=
-----END CERTIFICATE-----
subject=CN=server.example
issuer=CN=Root CA
---
No client certificate CA names sent
Peer signing digest: SHA256
Peer signature type: rsa_pss_rsae_sha256
Negotiated TLS1.3 group: X25519MLKEM768
---
SSL handshake has read 2387 bytes and written 1483 bytes
Verification error: unable to verify the first certificate
---
New, TLSv1.3, Cipher is TLS_AES_256_GCM_SHA384
Protocol: TLSv1.3
Server public key is 2048 bit
This TLS version forbids renegotiation.
Compression: NONE
Expansion: NONE
No ALPN negotiated
Early data was not sent
Verify return code: 21 (unable to verify the first certificate)
---
>>> TLS 1.2, RecordHeader [length 0005]
    17 03 03 00 13
>>> TLS 1.2, InnerContent [length 0001]
    15
>>> TLS 1.3, Alert [length 0002], warning close_notify
    01 00
Connecting to 127.0.0.1
SSL_connect:before SSL initialization
SSL_connect:SSLv3/TLS write client hello
SSL_connect:SSLv3/TLS write client hello
SSL_connect:SSLv3/TLS read server hello
Can't use SSL_get_servername
SSL_connect:TLSv1.3 read encrypted extensions
depth=0 CN=server.example
verify error:num=20:unable to get local issuer certificate
verify return:1
depth=0 CN=server.example
verify error:num=21:unable to verify the first certificate
verify return:1
depth=0 CN=server.example
verify return:1
SSL_connect:SSLv3/TLS read server certificate
SSL_connect:TLSv1.3 read server certificate verify
SSL_connect:SSLv3/TLS read finished
SSL_connect:SSLv3/TLS write change cipher spec
SSL_connect:SSLv3/TLS write finished
DONE
SSL3 alert write:warning:close notify
