CONNECTED(00000003)
>>> TLS 1.0, RecordHeader [length 0005]
    16 03 01 00 d6
>>> TLS 1.3, Handshake [length 00d6], ClientHello
    01 00 00 d2 03 03 18 0a 64 8e 5b fb bd cd 86 95
    60 4a 95 e0 71 6f 34 9b 24 f5 7d cd c9 c4 8a 0a
    87 73 14 1f 4f 20 20 35 43 ca 55 38 ce 12 63 13
    8a f7 57 13 39 8b 70 9f c4 69 ba fd 69 c2 06 5a
    28 32 2c 14 a0 65 ed 00 06 13 02 13 03 13 01 01
    00 00 83 00 0b 00 04 03 00 01 02 00 0a 00 06 00
    04 11 ec 00 1d 00 23 00 00 00 16 00 00 00 17 00
    00 00 0d 00 2a 00 28 09 05 09 06 09 04 04 03 05
    03 06 03 08 07 08 08 08 1a 08 1b 08 1c 08 09 08
    0a 08 0b 08 04 08 05 08 06 04 01 05 01 06 01 00
    2b 00 03 02 03 04 00 2d 00 02 01 01 00 33 00 26
    00 24 00 1d 00 20 21 ce ea a8 54 01 0a 57 35 e3
    5f 24 fc 44 29 af f9 6d a5 b9 bc 05 ba a0 48 11
    1e 77 fb e9 a4 3b
<<< TLS 1.2, RecordHeader [length 0005]
    16 03 03 00 58
<<< TLS 1.3, Handshake [length 0058], ServerHello
    02 00 00 54 03 03 cf 21 ad 74 e5 9a 61 11 be 1d
    8c 02 1e 65 b8 91 c2 a2 11 16 7a bb 8c 5e 07 9e
    09 e2 c8 a8 33 9c 20 35 43 ca 55 38 ce 12 63 13
    8a f7 57 13 39 8b 70 9f c4 69 ba fd 69 c2 06 5a
    28 32 2c 14 a0 65 ed 13 02 00 00 0c 00 2b 00 02
    03 04 00 33 00 02 11 ec
>>> TLS 1.2, RecordHeader [length 0005]
    14 03 03 00 01
>>> TLS 1.3, ChangeCipherSpec [length 0001]
    01
>>> TLS 1.2, RecordHeader [length 0005]
    16 03 03 05 76
>>> TLS 1.3, Handshake [length 0576], ClientHello
    01 00 05 72 03 03 18 0a 64 8e 5b fb bd cd 86 95
    60 4a 95 e0 71 6f 34 9b 24 f5 7d cd c9 c4 8a 0a
    87 73 14 1f 4f 20 20 35 43 ca 55 38 ce 12 63 13
    8a f7 57 13 39 8b 70 9f c4 69 ba fd 69 c2 06 5a
    28 32 2c 14 a0 65 ed 00 06 13 02 13 03 13 01 01
    00 05 23 00 0b 00 04 03 00 01 02 00 0a 00 06 00
    04 11 ec 00 1d 00 23 00 00 00 16 00 00 00 17 00
    00 00 0d 00 2a 00 28 09 05 09 06 09 04 04 03 05
    03 06 03 08 07 08 08 08 1a 08 1b 08 1c 08 09 08
    0a 08 0b 08 04 08 05 08 06 04 01 05 01 06 01 00
    2b 00 03 02 03 04 00 2d 00 02 01 01 00 33 04 c6
    04 c4 11 ec 04 c0 9f a4 55 f6 71 ce f3 60 83 f9
    16 ca e3 83 03 bf c7 9c 89 91 99 94 68 53 82 0c
    85 8f 01 b1 2a 23 62 3a 13 65 63 b6 20 42 d3 27
    22 aa 05 a9 4b 43 69 15 cd 53 67 00 49 e0 63 7d
    67 4c b2 8a a4 f8 0a 0d 45 27 2f da e9 4a fe 41
    a9 9c 85 76 9f fb b6 2f d1 6c 2f 83 69 a8 1a 8a
    23 f3 0d 45 96 6c 83 9c c2 b7 38 72 68 c7 88 6d
    e6 8e b6 b5 6f c9 ba 80 4d 91 81 24 19 08 07 e5
    8f 0a f3 44 e1 15 b8 2b e7 4e 42 41 8f 2b e2 66
    4c 4c 7c 81 33 4d 0e 9c a3 f7 b9 b3 db 16 81 e5
    0a 6c ec 82 ab e5 18 95 7e 88 c4 fb 0b c6 4b 4b
    78 e1 72 64 65 61 91 a5 d6 12 c5 92 a6 6e 3b 04
    03 2c a9 d1 b3 a9 a0 2c 5d ab 57 37 58 9c 1d d5
    91 6e 5c 28 c2 db e6 a7 6c c5 67 9f e7 0a 47 74
    33 5c 7a 5e 72 50 53 e5 b2 8d d7 95 4d 34 87 a8
    58 1c b7 5c 7b 3b 90 06 0f 25 16 76 ca e6 58 cc
    04 d0 73 4c a2 42 ca 15 7f 98 95 d8 88 a9 e4 a0
    c4 c2 55 75 91 68 26 fa 49 8c ee 94 81 c3 52 6d
    6e 76 8f 8d 94 0d 5e 85 aa 87 d7 b8 5c b2 13 c3
    59 98 79 ca 08 3e 14 b9 cc 6b 15 dc 5b 74 0b c1
    66 3f cb 02 7d 81 07 fb 71 7b 81 33 59 f8 7b 42
    21 9b 11 18 2b 84 ac ba c0 97 b1 b0 c3 e7 ab 7c
    a1 03 14 7a 1f 83 c9 23 fe 47 be c0 c0 2f 43 a9
    af 92 2b 68 fd 18 85 c8 e1 5b a0 b7 71 b5 f8 0d
    ec b0 10 96 27 53 a0 11 22 de 44 4d b3 94 bc 8d
    5c 1b db d5 1d 86 65 ce 09 80 99 0a eb 05 84 fc
    91 e3 c8 90 ec 61 9d fc 15 32 08 3c 5b 45 97 49
    61 81 bb f6 82 01 e1 84 9f 98 c4 2a 22 78 70 81
    c6 50 81 da 2f 0b 38 93 98 21 6e da 12 cd 01 06
    80 63 d7 66 d7 19 2c 95 15 7b b9 26 25 84 5a bd
    79 86 20 6e e7 bf 60 41 66 dc 9c 3e 82 48 b5 90
    16 8c c5 40 24 24 5a 62 20 58 b7 03 25 a3 d3 96
    af 6b 81 39 58 a7 70 7c a8 82 01 17 89 f0 fc 05
    dc 30 52 63 5b 3f 62 6a 9a e2 d3 71 ed 36 3c f5
    c7 22 91 84 b1 63 88 52 37 03 6c 05 1a 6d 41 03
    ae 20 12 52 64 a5 66 ca d2 60 47 d4 ca b0 6b 39
    33 40 95 29 69 61 7f 66 0f cb 06 23 82 29 0d c1
    f0 66 5e 1a 4b 34 06 0b 02 57 be c7 70 70 80 28
    a0 e4 07 85 08 f2 8a 90 15 0b b5 e4 11 0e 39 8e
    30 c7 99 43 60 64 3a a1 b6 1d 6c c0 32 71 77 72
    f8 b2 db 98 2b aa d1 1e e5 e2 bc ca b1 6a e1 d5
    cc 1c bb 45 e6 ea 3b 9d e5 97 54 69 3a a0 29 c1
    29 8c 45 78 71 60 02 77 12 e4 3c a0 5e eb c3 6b
    e9 8c 09 2c ca e7 a8 79 c4 74 98 72 55 3a 3f 68
    03 1c 79 6d 96 f4 a4 59 30 cd ab 07 7f f6 41 6d
    1a 3b 6b be da 1d 5a 94 79 15 d8 86 a2 e7 2c 5a
    e7 c0 d8 7c 2e 2f ba 05 06 72 88 7d 3a 4f aa b2
    c6 2d 90 a0 86 14 7a bd c6 30 59 58 55 72 7c 22
    be d3 44 02 83 28 19 eb 7b d2 65 7d 17 d9 be d3
    bb a4 6f 0a 8f d2 a4 4d 78 73 35 77 31 1b 64 d6
    56 32 1a 0d a8 d9 a4 bd dc 52 e4 49 b2 e6 63 40
    08 1b 96 8c c6 8d 56 a4 1b 0c 18 c6 c5 b3 1b ff
    32 82 53 34 0d 41 51 2a 1f 5c 13 25 43 8a ea 43
    75 18 c7 0a bc e5 4d e7 e8 59 cb 90 11 a9 49 60
    a3 8c 32 81 cb 9b df 36 8a da 40 ad 0b f8 7c 8e
    38 59 09 35 0e 39 a8 48 b7 a0 a6 1f 0b 39 8a e7
    68 9f 05 0d ee 81 bf 2a 7c 48 d0 80 37 14 0c 70
    09 41 47 77 95 75 2a 3b 29 99 f5 81 78 79 20 b4
    c4 14 a5 d3 7b c9 c1 13 55 d0 73 a1 51 53 8a 5c
    10 7e b4 0a ae 47 45 ed 10 01 c0 ac 40 73 77 12
    9e 85 62 9c 72 97 a9 bb 7b b2 c2 b7 9f c8 b7 f1
    5b 7d 9f f2 95 59 f1 0f 6c 8b 63 fa a7 a6 b0 02
    07 d9 42 7a 2c 35 70 33 33 79 1c 19 a8 93 92 b9
    ff 24 9d d4 a5 31 ed 14 66 fb e6 b9 52 84 ad 79
    31 61 fc 1c 74 18 b2 27 ed b9 c6 a0 c0 99 30 11
    b9 1a a8 0d 6f e5 34 fd c4 27 be 63 8d 15 4c 97
    31 98 78 26 57 b1 a4 78 26 0f ab 26 2f d4 43 f6
    0c 94 e1 a3 59 20 58 27 2c 80 84 86 ac ca a6 e0
    ce 59 34 29 4b 5a b6 5b e4 af 77 05 c6 f4 fb 94
    0a 15 16 15 33 4e cc a4 a6 47 e5 76 43 35 22 bb
    5c 2f 85 a4 66 50 24 5d 13 46 67 c1 43 3a 90 a5
    7e d0 3a ce f5 56 7d e4 57 90 d1 aa 86 be 8b 75
    22 48 04 5b ca b4 e4 3a 43 12 86 fd 62 b4 0a 94
    26 a6 dc 33 f9 db 5d 0a 45 22 4a b8 05 99 61 19
    2e 22 fe 78 12 8d 35 b5 ee 2e f0 95 c3 a9 19 eb
    f8 cc cd fd 68 7f 8f c8 11 34 0f d1 1e 62 f9 a4
    8e e7 a7 03 ea 4d
<<< TLS 1.2, RecordHeader [length 0005]
    14 03 03 00 01
<<< TLS 1.3, ChangeCipherSpec [length 0001]
    01
<<< TLS 1.2, RecordHeader [length 0005]
    16 03 03 04 ba
<<< TLS 1.3, Handshake [length 04ba], ServerHello
    02 00 04 b6 03 03 ab eb 3f 43 88 6f 56 20 7d 54
    20 d1 0e 9f 62 c7 25 06 7c e7 3e 27 89 21 a1 22
    22 8a 4c be 0a 92 20 35 43 ca 55 38 ce 12 63 13
    8a f7 57 13 39 8b 70 9f c4 69 ba fd 69 c2 06 5a
    28 32 2c 14 a0 65 ed 13 02 00 04 6e 00 33 04 64
    11 ec 04 60 0f c7 cc ed b1 5b 9e 35 f1 9c cc 4a
    c4 39 63 a3 da fe 8f b9 16 95 53 74 b2 2e 85 c4
    21 ee 74 64 bb 71 e9 6a 79 4e bb 37 7a ed da 5d
    f4 43 40 ff f2 b9 37 88 62 eb 8e 79 77 ad 64 f2
    ca b7 12 5f ac c9 c9 57 b9 88 42 b8 45 4d 72 5d
    89 e5 f5 ab 21 c6 4d e8 99 44 9b 92 86 75 b1 13
    a0 41 4b 98 15 72 9f e7 37 0b e4 82 a1 54 59 d9
    69 82 93 9c b9 e1 fe 05 d0 c5 b2 d2 1e 81 a2 36
    0a 35 fc 5d 76 21 0c 6d 29 02 e6 52 93 35 ac 9e
    c2 74 d9 33 2f 31 14 84 a7 b9 a9 1a 1e 94 67 55
    b3 04 c2 f5 58 3e c8 33 74 d9 91 a3 d8 1c 55 a2
    19 99 50 aa b6 63 c5 d2 3a ac 6b d4 7f af 58 4b
    00 55 1e 92 b4 6f 23 09 a7 24 0a b4 bc 8d b0 73
    d6 3c 44 17 5f 67 19 90 e8 93 b4 19 55 30 57 49
    29 82 41 c2 14 ac 53 46 e8 f2 67 db 66 c6 9b fe
    5d e6 19 90 e3 38 ef da 21 6e cf 84 d3 23 53 7f
    59 a1 92 bd f0 2f 94 68 10 9c 66 ee eb 84 98 be
    45 54 9d 54 63 6c b3 1e 0b 0e 22 47 6f 56 ca 62
    70 b7 c0 76 31 fa c7 b3 e0 8c 8d 52 9e da cc 58
    6a eb 32 2d b1 1a c3 4f 53 ff 1d bc 78 a8 b7 52
    77 13 f4 b6 f5 d0 8b 07 b8 6f 12 f4 36 6c e5 dd
    cc df 6d bd 65 db 3b b9 4a 8f 7d 14 ec 3b f3 cb
    3b 14 f0 c1 17 af 11 57 d7 41 44 71 c3 7c 07 c3
    c3 cb e8 4e c9 2b 25 e4 73 58 26 90 e0 a7 8d ad
    84 50 8a 4a 2f cc 0a 57 7a 3d a4 41 9a 58 71 79
    68 63 ff dc 63 43 94 0f e1 be c2 2f f4 11 3e 24
    8b 67 d5 8e 9b 70 c0 3c 1a 19 8b a9 99 19 d1 c4
    a2 1f ef 1d cb df b5 13 fd 23 b1 a1 04 e4 c1 6f
    84 1f 2c c5 e6 41 3b 79 99 d9 41 96 17 e3 e9 89
    9f c9 26 d8 7f 55 e2 55 f9 45 4c 0b 52 19 54 5e
    8a f7 84 6d be 8f 5f 70 03 3e ba 11 34 55 4d 04
    77 39 79 a9 4a 1f a4 ab ed ac e4 da c1 a3 c3 61
    08 57 e0 0c ad 9d 23 02 68 d4 90 87 b6 6d 1a bf
    f5 3d 8e e9 88 e9 39 75 56 63 8e c2 eb a3 0d 95
    f6 99 f9 a1 f1 1d b5 3d 59 50 18 06 04 8d 6a d7
    fe 18 c7 7c 29 af 03 85 c0 95 7e 7f 33 d1 f9 c1
    bf 3c 93 ff b9 97 8a 10 1c 6e 48 52 f8 99 f7 5a
    a0 53 93 57 96 0c d0 4f 0a d1 55 0a 81 b4 2f b2
    8a 13 94 8b 5b af 4b db bd 08 a1 c9 bf 64 e7 83
    e3 cf 3c 8b e2 55 15 92 e4 c0 0e 86 92 c9 6f ce
    03 b8 ef ac d0 a3 48 c6 6e 9d a3 ce de 75 7d af
    84 99 f9 28 e3 c3 66 07 22 09 96 a7 7f bb a4 67
    fb f2 ef c3 22 c5 0a 47 3b 81 33 90 ec 36 73 c7
    04 45 0b 81 05 37 54 38 3a 0c 6d 46 0c 30 65 51
    3a b2 ca 76 c9 1a dd bd 20 b2 b3 40 76 65 c9 54
    dd e2 69 f3 fa ab 4a 72 b7 b9 0c b4 cc c2 21 18
    dd c2 1a a5 ab 04 f8 2b be a7 da 9e 70 03 33 28
    27 6f 44 17 db 91 59 cb c5 1c 43 27 64 67 11 a5
    a8 8a a5 ad ba 77 c9 05 b5 0a b5 e9 9c 9d e8 d6
    22 6b a6 52 b5 a2 3d a4 98 4f 2d 40 21 76 63 ff
    e0 ce 49 cb fb 4a 5e 89 e3 1c 2f 7c a2 c1 26 8a
    7b 9d 63 95 27 65 b9 ff 8a 27 5e 3b 9d c1 5b 7c
    ff d1 26 8e 5c 11 82 1e 04 67 c1 b3 61 a0 3d ee
    b8 cd 02 1b 50 fc ce 95 49 2d 2b 5e 1f 53 75 03
    83 53 49 5c f5 cf e6 6e 0d eb 2c ba e4 bc 71 07
    b7 83 4e b9 72 96 91 c0 5d fc 01 7d ae b3 6a 72
    4b d8 4e 1d 1e ff 99 be 8d 11 6a e3 6d b6 d2 bb
    9e a0 7a d9 9d 20 ed 78 6d 07 0d 7c a5 4e e8 d0
    c6 93 e1 ef c6 7f 03 01 79 e0 ad f9 9a b3 57 af
    2d 00 07 94 b2 74 03 6e 37 5f 16 f8 4f cb c7 fe
    22 92 e8 f3 35 5d 78 24 b8 e7 a9 0e a3 50 d0 c9
    fb 4e a4 40 4d 41 0b 01 78 e0 12 35 bc 99 6c b4
    93 57 0a 0e cc ab df 78 44 10 db 14 b7 2c c6 82
    7c 92 e0 c3 ff bb eb ee 95 21 3e 5f bf a5 27 06
    5e b5 68 77 6d 82 56 05 61 cc d8 67 87 f1 fc 43
    41 93 66 06 aa de 83 85 85 c6 1d 65 7d be 4b af
    1a 8a 69 73 aa 0b f7 3a 1b 26 a6 45 81 95 a9 d8
    6d f1 2a 4f 3d 66 dc 3b 1e 0f 8d f6 0a 68 94 22
    bf ea 5a 85 5f 6a 08 b8 e5 f2 6e 5a 49 c7 c5 f5
    d2 b8 57 33 a1 4a 0a 5b fc 46 73 c1 29 bc d2 69
    e7 13 92 34 00 2b 00 02 03 04
<<< TLS 1.2, RecordHeader [length 0005]
    17 03 03 04 89
<<< TLS 1.3, InnerContent [length 0001]
    16
<<< TLS 1.3, Handshake [length 0006], EncryptedExtensions
    08 00 00 02 00 00
<<< TLS 1.3, Handshake [length 0336], Certificate
    0b 00 03 32 00 00 03 2e 00 03 29 30 82 03 25 30
    82 02 0d a0 03 02 01 02 02 01 02 30 0d 06 09 2a
    86 48 86 f7 0d 01 01 0b 05 00 30 12 31 10 30 0e
    06 03 55 04 03 0c 07 52 6f 6f 74 20 43 41 30 20
    17 0d 31 36 30 31 31 34 32 32 32 39 34 36 5a 18
    0f 32 31 31 36 30 31 31 35 32 32 32 39 34 36 5a
    30 19 31 17 30 15 06 03 55 04 03 0c 0e 73 65 72
    76 65 72 2e 65 78 61 6d 70 6c 65 30 82 01 22 30
    0d 06 09 2a 86 48 86 f7 0d 01 01 01 05 00 03 82
    01 0f 00 30 82 01 0a 02 82 01 01 00 d5 5d 60 6a
    df fc 61 ee 48 aa 8c 11 48 43 a5 6d b6 52 5d aa
    98 49 b1 61 92 35 b1 fc 3a 04 25 0c 6d 79 ff b4
    d5 c9 e9 5c 1c 3b e0 ab b3 b8 7d a3 de 6d bd e0
    dd d7 5a bf 14 47 11 42 5e a6 82 d0 61 c1 7f dd
    13 46 e6 09 85 07 0e f2 d4 fc 1a 64 d2 0a ad 20
    ab 20 6b 96 f0 ad cc c4 19 53 55 dc 01 1d a4 b3
    ef 8a b4 49 53 5d 8a 05 1c f1 dc e1 44 bf c5 d7
    e2 77 19 57 5c 97 0b 75 ee 88 43 71 0f ca 6c c1
    b4 b2 50 a7 77 46 6c 58 0f 11 bf f1 76 24 5a ae
    39 42 b7 51 67 29 e1 d0 55 30 6f 17 e4 91 ea ad
    f8 28 c2 43 6f a2 64 a9 fb 9d 98 92 62 48 3e eb
    0d 4f 82 4a 8a ff 3f 72 ee 96 b5 ae a1 c1 98 ba
    ef 7d 90 75 6d ff 5a 52 9e ab f5 c0 7e d0 87 43
    db 85 07 07 0f 7d 38 7a fd d1 d3 ee 65 1d d3 ea
    39 6a 87 37 ee 4a d3 e0 0d 6e f5 70 ac c2 bd f1
    6e f3 92 95 5e a9 f0 a1 65 95 93 8d 02 03 01 00
    01 a3 7d 30 7b 30 1d 06 03 55 1d 0e 04 16 04 14
    c0 e7 84 bf e8 59 27 33 10 b0 52 4f 51 52 2f 06
    d6 c0 7a cd 30 1f 06 03 55 1d 23 04 18 30 16 80
    14 70 7f 2e ae 83 68 59 98 04 23 2a cd eb 3e 17
    cd 24 dd 01 49 30 09 06 03 55 1d 13 04 02 30 00
    30 13 06 03 55 1d 25 04 0c 30 0a 06 08 2b 06 01
    05 05 07 03 01 30 19 06 03 55 1d 11 04 12 30 10
    82 0e 73 65 72 76 65 72 2e 65 78 61 6d 70 6c 65
    30 0d 06 09 2a 86 48 86 f7 0d 01 01 0b 05 00 03
    82 01 01 00 7b d3 04 43 75 8a 0f 11 ae c4 fb d7
    a1 a2 9e fe 20 18 d5 f4 2f 31 88 46 b6 75 8c ee
    e5 9b 97 a6 b9 a3 cd 60 9a 46 c3 48 97 e5 97 68
    f7 5a 86 35 73 d9 69 9e f9 5f 74 b9 e6 94 13 01
    cb 6a dc e3 c4 04 e9 65 da 9c a4 8b 28 f3 f9 9a
    7f bf 97 1f 45 92 e5 05 b1 56 e6 0b f6 47 de 1e
    89 b6 2b e1 4d df 4a 7e 01 d3 23 dc 97 8c 47 fe
    5f c7 cc 98 46 0e c4 83 5b ca 8a f1 52 09 be 6b
    ec 3f 09 8b d0 93 02 bf e1 51 e7 d1 7e 34 56 19
    74 d0 ff 28 25 de b7 9f 56 52 91 7d 20 29 85 0a
    80 44 5f 71 32 25 71 0f c2 16 e2 5f 6b 1d 3f 32
    5b 0a 3c 74 1c b9 62 f1 ed 07 50 a3 6d b4 b4 31
    0a c0 53 44 6a 3a 88 84 8b 2d a9 b0 37 8e e6 18
    36 bd 9a 20 40 0f 01 92 8b 3d aa 61 e7 ae 2c ed
    36 cd 3a 07 86 74 3a 29 b3 d7 3a b4 00 a9 c2 f5
    92 78 0e e2 0f a3 fe bb be e0 06 53 84 59 1d 90
    69 e5 b6 f9 00 00
<<< TLS 1.3, Handshake [length 0108], CertificateVerify
    0f 00 01 04 08 04 01 00 b5 d7 b6 b3 36 0e 8c 0b
    83 c6 51 17 32 ec f6 7a 5d 7a 9a 89 91 b8 83 4e
    f3 bb 04 e0 f8 6d 10 fc 6a 3b 46 e3 b2 3e ab 58
    6b b2 19 f2 5a f3 ed 3b 2a 1c 51 5c 22 3b 96 96
    f9 1b 08 72 5d 54 d6 ad fe 80 b1 a3 af 95 5c 35
    38 57 e1 75 99 2f 76 24 e8 c5 2b 92 ef 54 d8 ec
    c6 d0 05 0b 5d 1f b9 24 19 d5 29 95 e2 f9 0d 7d
    dc 17 97 32 1c f3 59 b1 26 45 f2 f9 cf 66 5e 02
    32 6e e5 9f 4c fb 7a 7d 03 e6 78 bf 5a 11 0a 1f
    22 77 2d fb 08 0c 51 18 71 a7 b1 91 43 25 1c fa
    6a 2a 56 a3 01 64 80 97 3c a0 c4 57 0b 12 9d 89
    5a a0 49 04 8e e2 58 7a 46 14 d6 5a 98 13 c3 27
    71 9a 17 4f 8e b1 ae c9 bc b1 13 9e b3 c5 1b 2b
    cf 41 92 a0 1e 1f 5e 68 05 77 97 3a 90 27 2f 2d
    a6 84 d8 1d 79 f9 c5 6d 57 47 df 82 1a 54 70 c6
    47 ea 8c ac 8d 3d 03 fa 62 f4 8f b5 c6 3f 49 91
    b4 10 eb 04 e1 52 51 9a
<<< TLS 1.3, Handshake [length 0034], Finished
    14 00 00 30 0b 7f 48 57 28 f4 83 aa 42 54 dc 63
    11 2c 3c dd 65 3a 4a 12 81 ad 02 36 45 f1 be 25
    a8 f1 99 05 c0 4d b3 a5 77 a3 a7 98 0f 2c 39 d8
    d7 2b 53 e8
>>> TLS 1.2, RecordHeader [length 0005]
    17 03 03 00 45
>>> TLS 1.2, InnerContent [length 0001]
    16
>>> TLS 1.3, Handshake [length 0034], Finished
    14 00 00 30 b8 f0 b5 5f 3a dd 92 77 60 3a cc ca
    72 fb 99 8e 23 fb 96 c2 a6 b5 36 3a bc e7 c2 bc
    7e e9 5e 2c 14 dd f4 91 dc 12 ac b1 b8 86 b6 23
    3d 9e d6 fa
---
Certificate chain
 0 s:CN=server.example
   i:CN=Root CA
   a:PKEY: RSA, 2048 (bit); sigalg: sha256WithRSAEncryption
   v:NotBefore: Jan 14 22:29:46 2016 GMT; NotAfter: Jan 15 22:29:46 2116 GMT
---
Server certificate
-----BEGIN CERTIFICATE-----
MIIDJTCCAg2gAwIBAgIBAjANBgkqhkiG9w0BAQsFADASMRAwDgYDVQQDDAdSb290
IENBMCAXDTE2MDExNDIyMjk0NloYDzIxMTYwMTE1MjIyOTQ2WjAZMRcwFQYDVQQD
DA5zZXJ2ZXIuZXhhbXBsZTCCASIwDQYJKoZIhvcNAQEBBQADggEPADCCAQoCggEB
ANVdYGrf/GHuSKqMEUhDpW22Ul2qmEmxYZI1sfw6BCUMbXn/tNXJ6VwcO+Crs7h9
o95tveDd11q/FEcRQl6mgtBhwX/dE0bmCYUHDvLU/Bpk0gqtIKsga5bwrczEGVNV
3AEdpLPvirRJU12KBRzx3OFEv8XX4ncZV1yXC3XuiENxD8pswbSyUKd3RmxYDxG/
8XYkWq45QrdRZynh0FUwbxfkkeqt+CjCQ2+iZKn7nZiSYkg+6w1PgkqK/z9y7pa1
rqHBmLrvfZB1bf9aUp6r9cB+0IdD24UHBw99OHr90dPuZR3T6jlqhzfuStPgDW71
cKzCvfFu85KVXqnwoWWVk40CAwEAAaN9MHswHQYDVR0OBBYEFMDnhL/oWSczELBS
T1FSLwbWwHrNMB8GA1UdIwQYMBaAFHB/Lq6DaFmYBCMqzes+F80k3QFJMAkGA1Ud
EwQCMAAwEwYDVR0lBAwwCgYIKwYBBQUHAwEwGQYDVR0RBBIwEIIOc2VydmVyLmV4
YW1wbGUwDQYJKoZIhvcNAQELBQADggEBAHvTBEN1ig8RrsT716Ginv4gGNX0LzGI
RrZ1jO7lm5emuaPNYJpGw0iX5Zdo91qGNXPZaZ75X3S55pQTActq3OPEBOll2pyk
iyjz+Zp/v5cfRZLlBbFW5gv2R94eibYr4U3fSn4B0yPcl4xH/l/HzJhGDsSDW8qK
8VIJvmvsPwmL0JMCv+FR59F+NFYZdND/KCXet59WUpF9ICmFCoBEX3EyJXEPwhbi
X2sdPzJbCjx0HLli8e0HUKNttLQxCsBTRGo6iISLLamwN47mGDa9miBADwGSiz2q
YeeuLO02zToHhnQ6KbPXOrQAqcL1kngO4g+j/ru+4AZThFkdkGnltvk=
-----END CERTIFICATE-----
subject=CN=server.example
issuer=CN=Root CA
---
No client certificate CA names sent
Peer signing digest: SHA256
Peer signature type: rsa_pss_rsae_sha256
Negotiated TLS1.3 group: X25519MLKEM768
---
SSL handshake has read 2480 bytes and written 1702 bytes
Verification error: unable to verify the first certificate
---
New, TLSv1.3, Cipher is TLS_AES_256_GCM_SHA384
Protocol: TLSv1.3
Server public key is 2048 bit
This TLS version forbids renegotiation.
Compression: NONE
Expansion: NONE
No ALPN negotiated
Early data was not sent
Verify return code: 21 (unable to verify the first certificate)
---
>>> TLS 1.2, RecordHeader [length 0005]
    17 03 03 00 13
>>> TLS 1.2, InnerContent [length 0001]
    15
>>> TLS 1.3, Alert [length 0002], warning close_notify
    01 00
Connecting to 127.0.0.1
SSL_connect:before SSL initialization
SSL_connect:SSLv3/TLS write client hello
SSL_connect:SSLv3/TLS write client hello
SSL_connect:SSLv3/TLS read server hello
SSL_connect:SSLv3/TLS write change cipher spec
SSL_connect:SSLv3/TLS write client hello
SSL_connect:SSLv3/TLS write client hello
SSL_connect:SSLv3/TLS read server hello
Can't use SSL_get_servername
SSL_connect:TLSv1.3 read encrypted extensions
depth=0 CN=server.example
verify error:num=20:unable to get local issuer certificate
verify return:1
depth=0 CN=server.example
verify error:num=21:unable to verify the first certificate
verify return:1
depth=0 CN=server.example
verify return:1
SSL_connect:SSLv3/TLS read server certificate
SSL_connect:TLSv1.3 read server certificate verify
SSL_connect:SSLv3/TLS read finished
SSL_connect:SSLv3/TLS write finished
DONE
SSL3 alert write:warning:close notify
